\BOOKMARK [1][-]{section.0.1}{\376\377\000D\000e\000c\000i\000s\000i\000o\000n\000\040\000A\000c\000c\000u\000r\000a\000c\000y\000,\000\040\000T\000r\000a\000n\000s\000p\000o\000r\000t\000,\000\040\000a\000n\000d\000\040\000S\000t\000o\000p\000p\000i\000n\000g\000:\000\040\000P\000r\000o\000o\000f\000s}{}% 1
\BOOKMARK [2][-]{subsection.0.1.1}{\376\377\000P\000r\000o\000o\000f\000\040\000o\000f\000\040\000P\000r\000o\000p\000o\000s\000i\000t\000i\000o\000n\000\040\0001}{section.0.1}% 2
\BOOKMARK [2][-]{subsection.0.1.2}{\376\377\000P\000r\000o\000o\000f\000\040\000o\000f\000\040\000T\000h\000e\000o\000r\000e\000m\000\040\0002}{section.0.1}% 3
\BOOKMARK [2][-]{subsection.0.1.3}{\376\377\000P\000r\000o\000o\000f\000\040\000o\000f\000\040\000P\000r\000o\000p\000o\000s\000i\000t\000i\000o\000n\000\040\0004}{section.0.1}% 4
\BOOKMARK [2][-]{subsection.0.1.4}{\376\377\000P\000r\000o\000o\000f\000\040\000o\000f\000\040\000C\000o\000r\000o\000l\000l\000a\000r\000y\000\040\0003}{section.0.1}% 5
\BOOKMARK [2][-]{subsection.0.1.5}{\376\377\000U\000n\000i\000f\000o\000r\000m\000\040\000c\000u\000r\000v\000a\000t\000u\000r\000e\000\040\000i\000n\000\040\000t\000h\000e\000\040\000s\000t\000o\000r\000e\000d\000\040\000c\000a\000p\000i\000t\000a\000l\000\040\000e\000c\000o\000n\000o\000m\000y}{section.0.1}% 6
\BOOKMARK [2][-]{subsection.0.1.6}{\376\377\000A\000r\000i\000t\000h\000m\000e\000t\000i\000c\000\040\000e\000n\000c\000l\000o\000s\000u\000r\000e\000\040\000a\000n\000d\000\040\000i\000t\000s\000\040\000i\000m\000p\000l\000e\000m\000e\000n\000t\000a\000t\000i\000o\000n}{section.0.1}% 7
\BOOKMARK [2][-]{subsection.0.1.7}{\376\377\000C\000h\000a\000r\000g\000e\000\040\000m\000o\000n\000o\000t\000o\000n\000i\000c\000i\000t\000y\000\040\000a\000n\000d\000\040\000t\000h\000e\000\040\000e\000c\000o\000n\000o\000m\000i\000c\000\040\000t\000o\000l\000e\000r\000a\000n\000c\000e}{section.0.1}% 8
\BOOKMARK [1][-]{section.0.2}{\376\377\000F\000r\000o\000m\000\040\000C\000u\000r\000r\000e\000n\000t\000\040\000D\000e\000c\000i\000s\000i\000o\000n\000s\000\040\000t\000o\000\040\000P\000o\000l\000i\000c\000y\000\040\000A\000c\000c\000u\000r\000a\000c\000y}{}% 9
\BOOKMARK [2][-]{paragraph.0.2.0.0.1}{\376\377\000R\000e\000l\000a\000t\000i\000o\000n\000\040\000t\000o\000\040\000t\000h\000e\000\040\000c\000o\000n\000t\000i\000n\000u\000o\000u\000s\000\040\000e\000c\000o\000n\000o\000m\000y\000\040\000a\000n\000d\000\040\000s\000t\000r\000a\000t\000e\000g\000i\000c\000\040\000a\000p\000p\000l\000i\000c\000a\000t\000i\000o\000n\000s\000.}{section.0.2}% 10
\BOOKMARK [2][-]{subsection.0.2.1}{\376\377\000A\000l\000l\000o\000c\000a\000t\000i\000n\000g\000\040\000c\000o\000m\000p\000u\000t\000a\000t\000i\000o\000n\000\040\000a\000c\000r\000o\000s\000s\000\040\000d\000a\000t\000e\000s}{section.0.2}% 11
\BOOKMARK [1][-]{section.0.3}{\376\377\000P\000r\000o\000o\000f\000s\000\040\000f\000o\000r\000\040\000P\000o\000l\000i\000c\000y\000\040\000C\000o\000m\000p\000o\000s\000i\000t\000i\000o\000n\000\040\000a\000n\000d\000\040\000E\000c\000o\000n\000o\000m\000i\000c\000\040\000C\000o\000n\000t\000r\000a\000s\000t\000s}{}% 12
\BOOKMARK [2][-]{paragraph.0.3.0.0.1}{\376\377\000W\000h\000y\000\040\000c\000a\000t\000a\000l\000o\000g\000u\000e\000\040\000a\000v\000e\000r\000a\000g\000e\000s\000\040\000c\000a\000n\000n\000o\000t\000\040\000b\000e\000\040\000s\000u\000b\000s\000t\000i\000t\000u\000t\000e\000d\000.}{section.0.3}% 13
\BOOKMARK [2][-]{subsection.0.3.1}{\376\377\000O\000p\000t\000i\000m\000a\000l\000-\000a\000c\000t\000i\000o\000n\000\040\000i\000n\000t\000e\000r\000v\000a\000l\000s\000\040\000a\000n\000d\000\040\000c\000o\000m\000p\000a\000r\000a\000t\000i\000v\000e\000\040\000s\000t\000a\000t\000i\000c\000s}{section.0.3}% 14
\BOOKMARK [2][-]{subsection.0.3.2}{\376\377\000S\000o\000u\000r\000c\000e\000\040\000a\000n\000d\000\040\000a\000r\000i\000t\000h\000m\000e\000t\000i\000c\000\040\000a\000u\000d\000i\000t}{section.0.3}% 15
\BOOKMARK [1][-]{section.0.4}{\376\377\000F\000u\000l\000l\000-\000P\000o\000l\000i\000c\000y\000\040\000V\000e\000r\000i\000f\000i\000c\000a\000t\000i\000o\000n\000\040\000D\000e\000t\000a\000i\000l\000s}{}% 16
\BOOKMARK [2][-]{subsection.0.4.1}{\376\377\000T\000h\000e\000\040\000q\000u\000a\000d\000r\000a\000t\000i\000c\000\040\000l\000o\000c\000a\000l\000\040\000a\000d\000v\000a\000n\000t\000a\000g\000e}{section.0.4}% 17
\BOOKMARK [2][-]{subsection.0.4.2}{\376\377\000O\000u\000t\000w\000a\000r\000d\000\040\000m\000a\000t\000r\000i\000x\000\040\000b\000a\000l\000l\000s}{section.0.4}% 18
\BOOKMARK [2][-]{subsection.0.4.3}{\376\377\000A\000\040\000r\000o\000b\000u\000s\000t\000\040\000a\000c\000t\000i\000o\000n\000-\000i\000m\000p\000l\000e\000m\000e\000n\000t\000a\000t\000i\000o\000n\000\040\000e\000n\000v\000e\000l\000o\000p\000e}{section.0.4}% 19
\BOOKMARK [2][-]{subsection.0.4.4}{\376\377\000R\000e\000o\000p\000t\000i\000m\000i\000z\000e\000d\000\040\000c\000o\000m\000p\000a\000r\000a\000t\000i\000v\000e\000\040\000s\000t\000a\000t\000i\000c\000s}{section.0.4}% 20
\BOOKMARK [2][-]{subsection.0.4.5}{\376\377\000T\000r\000a\000i\000n\000a\000b\000l\000e\000\040\000c\000o\000n\000t\000i\000n\000u\000a\000t\000i\000o\000n\000\040\000f\000a\000c\000t\000o\000r\000s}{section.0.4}% 21
\BOOKMARK [1][-]{section.0.5}{\376\377\000R\000e\000c\000u\000r\000s\000i\000v\000e\000-\000r\000i\000s\000k\000\040\000a\000n\000d\000\040\000e\000x\000e\000c\000u\000t\000i\000o\000n\000\040\000e\000n\000v\000e\000l\000o\000p\000e\000s}{}% 22
\BOOKMARK [2][-]{paragraph.0.5.0.0.1}{\376\377\000V\000e\000r\000i\000f\000i\000e\000d\000\040\000n\000u\000m\000e\000r\000i\000c\000a\000l\000\040\000i\000n\000v\000e\000r\000s\000e\000s\000.}{section.0.5}% 23
\BOOKMARK [3][-]{paragraph.0.5.0.0.2}{\376\377\000C\000e\000r\000t\000i\000f\000i\000e\000d\000\040\000c\000u\000r\000r\000e\000n\000t\000-\000a\000c\000t\000i\000o\000n\000\040\000r\000e\000s\000p\000o\000n\000s\000e\000s\000.}{paragraph.0.5.0.0.1}% 24
\BOOKMARK [1][-]{section.0.6}{\376\377\000P\000r\000o\000o\000f\000s\000\040\000f\000o\000r\000\040\000P\000r\000i\000m\000i\000t\000i\000v\000e\000-\000B\000u\000d\000g\000e\000t\000\040\000R\000e\000c\000u\000r\000s\000i\000v\000e\000\040\000L\000e\000a\000r\000n\000i\000n\000g}{}% 25
\BOOKMARK [2][-]{subsection.0.6.1}{\376\377\000T\000h\000e\000\040\000G\000a\000u\000s\000s\000i\000a\000n\000\040\000c\000o\000n\000t\000i\000n\000u\000a\000t\000i\000o\000n\000\040\000m\000a\000p}{section.0.6}% 26
\BOOKMARK [2][-]{subsection.0.6.2}{\376\377\000P\000r\000o\000o\000f\000\040\000o\000f\000\040\000P\000r\000o\000p\000o\000s\000i\000t\000i\000o\000n\000\040\0009}{section.0.6}% 27
\BOOKMARK [2][-]{subsection.0.6.3}{\376\377\000A\000\040\000t\000r\000a\000i\000n\000a\000b\000l\000e\000-\000f\000a\000c\000t\000o\000r\000\040\000c\000o\000n\000t\000r\000a\000c\000t\000i\000o\000n}{section.0.6}% 28
\BOOKMARK [2][-]{subsection.0.6.4}{\376\377\000P\000r\000o\000o\000f\000\040\000o\000f\000\040\000T\000h\000e\000o\000r\000e\000m\000\040\0001\0000}{section.0.6}% 29
\BOOKMARK [2][-]{subsection.0.6.5}{\376\377\000N\000u\000m\000e\000r\000i\000c\000a\000l\000\040\000a\000c\000c\000e\000p\000t\000a\000n\000c\000e\000\040\000a\000n\000d\000\040\000w\000o\000r\000k}{section.0.6}% 30
\BOOKMARK [1][-]{section.0.7}{\376\377\000F\000r\000o\000m\000\040\000T\000r\000a\000i\000n\000i\000n\000g\000\040\000G\000e\000o\000m\000e\000t\000r\000y\000\040\000t\000o\000\040\000P\000o\000l\000i\000c\000y\000\040\000A\000c\000c\000u\000r\000a\000c\000y}{}% 31
\BOOKMARK [2][-]{subsection.0.7.1}{\376\377\000A\000n\000\040\000i\000n\000e\000x\000a\000c\000t\000\040\000o\000w\000n\000-\000p\000o\000l\000i\000c\000y\000\040\000t\000a\000r\000g\000e\000t}{section.0.7}% 32
\BOOKMARK [2][-]{subsection.0.7.2}{\376\377\000T\000h\000e\000\040\000t\000e\000r\000m\000i\000n\000a\000l\000\040\000b\000o\000u\000n\000d\000a\000r\000y\000\040\000a\000n\000d\000\040\000t\000h\000e\000\040\000i\000t\000e\000r\000a\000t\000i\000o\000n\000\040\000a\000c\000c\000o\000u\000n\000t}{section.0.7}% 33
\BOOKMARK [1][-]{section.0.8}{\376\377\000C\000e\000r\000t\000i\000f\000i\000e\000d\000\040\000W\000a\000r\000m\000\040\000S\000t\000a\000r\000t\000s\000\040\000u\000n\000d\000e\000r\000\040\000C\000h\000a\000n\000g\000i\000n\000g\000\040\000C\000o\000n\000t\000i\000n\000u\000a\000t\000i\000o\000n\000s}{}% 34
\BOOKMARK [2][-]{subsection.0.8.1}{\376\377\000T\000r\000a\000n\000s\000p\000o\000r\000t\000\040\000a\000n\000d\000\040\000o\000w\000n\000-\000p\000o\000l\000i\000c\000y\000\040\000e\000v\000a\000l\000u\000a\000t\000i\000o\000n}{section.0.8}% 35
\BOOKMARK [2][-]{subsection.0.8.2}{\376\377\000R\000e\000l\000i\000a\000b\000i\000l\000i\000t\000y\000\040\000a\000n\000d\000\040\000c\000o\000m\000p\000l\000e\000t\000e\000\040\000w\000o\000r\000k}{section.0.8}% 36
\BOOKMARK [1][-]{section.0.9}{\376\377\000P\000r\000o\000o\000f\000s\000\040\000f\000o\000r\000\040\000C\000e\000r\000t\000i\000f\000i\000e\000d\000\040\000W\000a\000r\000m\000\040\000S\000t\000a\000r\000t\000s}{}% 37
\BOOKMARK [2][-]{subsection.0.9.1}{\376\377\000A\000\040\000n\000o\000n\000c\000o\000m\000m\000u\000t\000i\000n\000g\000\040\000G\000r\000a\000m\000\040\000c\000o\000n\000t\000r\000a\000c\000t\000i\000o\000n}{section.0.9}% 38
\BOOKMARK [2][-]{subsection.0.9.2}{\376\377\000P\000e\000r\000t\000u\000r\000b\000a\000t\000i\000o\000n\000s\000\040\000a\000n\000d\000\040\000t\000h\000e\000\040\000f\000i\000n\000i\000t\000e\000\040\000c\000a\000p}{section.0.9}% 39
\BOOKMARK [2][-]{subsection.0.9.3}{\376\377\000T\000r\000a\000n\000s\000p\000o\000r\000t\000\040\000a\000n\000d\000\040\000e\000c\000o\000n\000o\000m\000i\000c\000\040\000r\000e\000s\000i\000d\000u\000a\000l\000s}{section.0.9}% 40
\BOOKMARK [2][-]{subsection.0.9.4}{\376\377\000N\000u\000m\000e\000r\000i\000c\000a\000l\000\040\000i\000n\000t\000e\000r\000p\000r\000e\000t\000a\000t\000i\000o\000n\000\040\000o\000f\000\040\000t\000h\000e\000\040\000e\000r\000r\000o\000r\000\040\000a\000c\000c\000o\000u\000n\000t}{section.0.9}% 41
\BOOKMARK [1][-]{section.0.10}{\376\377\000P\000r\000o\000o\000f\000s\000\040\000f\000o\000r\000\040\000B\000u\000d\000g\000e\000t\000e\000d\000\040\000W\000a\000r\000m\000-\000S\000t\000a\000r\000t\000\040\000P\000o\000l\000i\000c\000y\000\040\000C\000o\000n\000s\000t\000r\000u\000c\000t\000i\000o\000n}{}% 42
\BOOKMARK [2][-]{subsection.0.10.1}{\376\377\000T\000h\000e\000\040\000m\000i\000x\000e\000d\000-\000n\000o\000r\000m\000\040\000r\000e\000s\000i\000d\000u\000a\000l}{section.0.10}% 43
\BOOKMARK [2][-]{subsection.0.10.2}{\376\377\000A\000\040\000j\000o\000i\000n\000t\000\040\000b\000a\000c\000k\000w\000a\000r\000d\000\040\000i\000n\000d\000u\000c\000t\000i\000o\000n}{section.0.10}% 44
\BOOKMARK [2][-]{subsection.0.10.3}{\376\377\000F\000i\000n\000i\000t\000e\000\040\000a\000r\000i\000t\000h\000m\000e\000t\000i\000c\000\040\000a\000n\000d\000\040\000f\000a\000l\000l\000b\000a\000c\000k}{section.0.10}% 45
\BOOKMARK [1][-]{section.0.11}{\376\377\000P\000r\000o\000o\000f\000s\000\040\000f\000o\000r\000\040\000P\000r\000e\000c\000i\000s\000i\000o\000n\000-\000A\000d\000a\000p\000t\000i\000v\000e\000\040\000R\000e\000f\000r\000e\000s\000h}{}% 46
\BOOKMARK [1][-]{section.0.12}{\376\377\000C\000o\000m\000p\000l\000e\000t\000e\000\040\000f\000a\000c\000t\000o\000r\000i\000a\000l\000\040\000a\000n\000d\000\040\000t\000i\000m\000i\000n\000g\000\040\000l\000e\000d\000g\000e\000r}{}% 47
\BOOKMARK [2][-]{subsection.0.12.1}{\376\377\000N\000o\000n\000l\000i\000n\000e\000a\000r\000\040\000t\000i\000m\000i\000n\000g\000\040\000d\000i\000s\000p\000e\000r\000s\000i\000o\000n}{section.0.12}% 48
\BOOKMARK [1][-]{section.0.13}{\376\377\000A\000r\000i\000t\000h\000m\000e\000t\000i\000c\000,\000\040\000D\000i\000m\000e\000n\000s\000i\000o\000n\000,\000\040\000a\000n\000d\000\040\000t\000h\000e\000\040\000N\000e\000u\000r\000a\000l\000\040\000V\000e\000r\000i\000f\000i\000c\000a\000t\000i\000o\000n\000\040\000A\000c\000c\000o\000u\000n\000t}{}% 49
\BOOKMARK [2][-]{subsection.0.13.1}{\376\377\000E\000x\000a\000c\000t\000\040\000a\000c\000t\000i\000v\000a\000t\000i\000o\000n\000\040\000r\000e\000g\000i\000o\000n\000s\000\040\000a\000n\000d\000\040\000t\000h\000e\000\040\000t\000e\000r\000m\000i\000n\000a\000l\000\040\000d\000i\000s\000c\000r\000e\000p\000a\000n\000c\000y}{section.0.13}% 50
\BOOKMARK [2][-]{subsection.0.13.2}{\376\377\000R\000o\000u\000n\000d\000i\000n\000g\000\040\000t\000h\000e\000\040\000s\000p\000e\000c\000i\000f\000i\000e\000d\000\040\000e\000x\000e\000c\000u\000t\000i\000o\000n\000\040\000g\000r\000a\000p\000h}{section.0.13}% 51
\BOOKMARK [2][-]{subsection.0.13.3}{\376\377\000C\000o\000n\000t\000i\000n\000u\000o\000u\000s\000\040\000i\000n\000n\000o\000v\000a\000t\000i\000o\000n\000s\000\040\000a\000n\000d\000\040\000m\000u\000l\000t\000i\000d\000i\000m\000e\000n\000s\000i\000o\000n\000a\000l\000\040\000v\000e\000r\000i\000f\000i\000c\000a\000t\000i\000o\000n}{section.0.13}% 52
\BOOKMARK [1][-]{bibliography-section.1}{\376\377\000R\000e\000f\000e\000r\000e\000n\000c\000e\000s}{}% 53
