dpo_d10_s30223 20.038552249000006 740 None
linear_d10_s30223 20.021598049000005 1299 None
nbo_d10_s30223 20.023845507000004 460 None
dpo_d10_s30223_origin_n1024 0.0011103008871462307 0.002706076319361673
linear_d10_s30223_origin_n1024 0.0010830143999889488 0.002677331352208239
nbo_d10_s30223_origin_n1024 0.0011840467274203486 0.0027794098179356242
nbo_d10_s30223_origin_n1024__minus__dpo_d10_s30223_origin_n1024 -0.0011287328344365935 0.0012758121732846627
nbo_d10_s30223_origin_n1024__minus__linear_d10_s30223_origin_n1024 -0.001101109842968845 0.0013042206361276296
dpo_d10_s30223_population_n1024 0.0005488268345372932 0.0022266157673112323
linear_d10_s30223_population_n1024 0.0005206636623089756 0.0021994087596245143
nbo_d10_s30223_population_n1024 0.0006310717486327342 0.0023088528809080805
nbo_d10_s30223_population_n1024__minus__dpo_d10_s30223_population_n1024 -0.0011701455896325084 0.001334627617324797
nbo_d10_s30223_population_n1024__minus__linear_d10_s30223_population_n1024 -0.0011430019475238814 0.001362854155131206
dpo_d20_s30223 20.033891280999995 760 None
linear_d20_s30223 20.032147889000015 1100 None
nbo_d20_s30223 20.03734356299998 360 None
dpo_d20_s30223_origin_n1024 0.0006055296456010061 0.0023751083500540052
linear_d20_s30223_origin_n1024 0.0005800474254292469 0.0023484803193419682
nbo_d20_s30223_origin_n1024 0.0006995837989484763 0.002468450928905754
nbo_d20_s30223_origin_n1024__minus__dpo_d20_s30223_origin_n1024 -0.0012175694787633531 0.0014049662109625713
nbo_d20_s30223_origin_n1024__minus__linear_d20_s30223_origin_n1024 -0.0011917075260438285 0.0014312145091268436
dpo_d20_s30223_population_n1024 0.00033374368411095214 0.0021738956391970593
linear_d20_s30223_population_n1024 0.0003077076458479954 0.0021473015469187446
nbo_d20_s30223_population_n1024 0.00042564265021982774 0.0022652646309446246
nbo_d20_s30223_population_n1024__minus__dpo_d20_s30223_population_n1024 -0.001271370269228073 0.0014546382270845142
nbo_d20_s30223_population_n1024__minus__linear_d20_s30223_population_n1024 -0.0012455995583929955 0.0014814976467907083
dpo_d50_s30223 20.06207771100003 540 None
linear_d50_s30223 20.03499115699998 740 None
nbo_d50_s30223 20.044992665999985 360 None
dpo_d50_s30223_origin_n1024 0.000749898917774772 0.002560346388191505
linear_d50_s30223_origin_n1024 0.0006384208570985895 0.0024470423413843053
nbo_d50_s30223_origin_n1024 0.0008496213735890867 0.002660115866460757
nbo_d50_s30223_origin_n1024__minus__dpo_d50_s30223_origin_n1024 -0.0012351306672957717 0.0014346226013793387
nbo_d50_s30223_origin_n1024__minus__linear_d50_s30223_origin_n1024 -0.0011233445457078562 0.0015476185872748053
dpo_d50_s30223_population_n1024 0.0005772771123482113 0.0024650177124285115
linear_d50_s30223_population_n1024 0.0005124403047965571 0.002398771986555553
nbo_d50_s30223_population_n1024 0.0006681337371516768 0.002555883766749683
nbo_d50_s30223_population_n1024__minus__dpo_d50_s30223_population_n1024 -0.0012962329906063808 0.001477955669731018
nbo_d50_s30223_population_n1024__minus__linear_d50_s30223_population_n1024 -0.0012316763071607887 0.0015444815197100381
