BUILT 7.8071814049999375 775469952
CASE 0.0 0.4 0.85 1 full 6.889488335715122e-05 0.0023719387789694624
CASE 0.0 0.4 0.85 1 zero -0.0003694772643878519 0.0020379647225535757
CASE 0.0 0.425 0.85 1 full 0.00012647098074736185 0.002429514876359673
CASE 0.0 0.425 0.85 1 zero -0.00031050853117176036 0.0020294456636014147
CASE 0.0 0.45 0.85 1 full 0.00018404707813779453 0.0024870909737501057
CASE 0.0 0.45 0.85 1 zero -0.000252009676302567 0.002087944518470608
CASE 0.125 0.4 0.85 1 full 0.00013916458663643105 0.002442208482248742
CASE 0.125 0.4 0.85 1 zero -0.00026771047136286974 0.0020676299360152806
CASE 0.125 0.425 0.85 1 full 0.00019674068402686373 0.002499784579639175
CASE 0.125 0.425 0.85 1 zero -0.0002093269611783688 0.0021260134461997815
CASE 0.125 0.45 0.85 1 full 0.0002543167814171854 0.0025573606770294965
CASE 0.125 0.45 0.85 1 zero -0.00015170847779832908 0.002151335417813982
CASE 0.25 0.4 0.85 1 full 0.00020937745056726076 0.002512421346179461
CASE 0.25 0.4 0.85 1 zero -0.00016815344568565926 0.002134890449926652
CASE 0.25 0.425 0.85 1 full 0.00026695354795780446 0.0025699974435700046
CASE 0.25 0.425 0.85 1 zero -0.00011057734829522659 0.0021924665473170846
CASE 0.25 0.45 0.85 1 full 0.00032452964534790407 0.002627573540960104
CASE 0.25 0.45 0.85 1 zero -5.300125090501595e-05 0.002250042644707295
CASE 0.125 0.425 0.8 1 full 0.00019674068402686373 0.002499784579639175
CASE 0.125 0.425 0.8 1 zero -0.000191857347060731 -0.055161005448310485
CASE 0.0 0.4 0.8 1 full 6.889488335715122e-05 0.0023719387789694624
CASE 0.0 0.4 0.8 1 zero 0.0013923796303003666 -0.06912874876968111
CASE 0.125 0.425 0.0 8 full 0.00019674068402686373 0.002499784579639175
CASE 0.125 0.425 0.0 8 zero -0.0002093269611783688 0.0021260134461997815
DIRECTION up {'positive': {'initial': 0.0, 'max_all_states_dates': 0.2940840645227927, 'max_all_action_reachable': 0.0}, 'nonpositive': {'initial': 0.0, 'max_all_states_dates': 0.299093534369537, 'max_all_action_reachable': 0.0}}
DIRECTION down {'positive': {'initial': 0.0, 'max_all_states_dates': 0.29572313823877105, 'max_all_action_reachable': 0.0}, 'nonpositive': {'initial': 0.0, 'max_all_states_dates': 0.3010890043061313, 'max_all_action_reachable': 0.0}}
DONE 52 1.3322676295501878e-15 26.28524845100003
