dpo_d10_s52453 20.034339947000007 580 None
linear_d10_s52453 20.033774426999997 820 None
nbo_d10_s52453 20.057325633999994 280 None
dpo_d10_s52453_origin_n1024 0.0011068764495402496 0.00270249275042894
linear_d10_s52453_origin_n1024 0.0010593437381164218 0.002652946405706511
nbo_d10_s52453_origin_n1024 0.0011829819877094366 0.002778321065668216
nbo_d10_s52453_origin_n1024__minus__dpo_d10_s52453_origin_n1024 -0.001126336464997073 0.0012782703184055365
nbo_d10_s52453_origin_n1024__minus__linear_d10_s52453_origin_n1024 -0.0010784281969935467 0.0013274411065482663
dpo_d10_s52453_population_n1024 0.0005389224978573328 0.0022173602693706376
linear_d10_s52453_population_n1024 0.000516102905834865 0.002193301032555804
nbo_d10_s52453_population_n1024 0.0006294191635760565 0.0023071645865821583
nbo_d10_s52453_population_n1024__minus__dpo_d10_s52453_population_n1024 -0.0011623757705223113 0.0013426767534525557
nbo_d10_s52453_population_n1024__minus__linear_d10_s52453_population_n1024 -0.0011392783696750305 0.001366458181442576
dpo_d20_s52453 20.035272160999995 565 None
linear_d20_s52453 20.050105745999986 720 None
nbo_d20_s52453 20.07232025799999 300 None
dpo_d20_s52453_origin_n1024 0.0006152409751717514 0.0023847910768326065
linear_d20_s52453_origin_n1024 0.0005624000908133604 0.0023302205549273966
nbo_d20_s52453_origin_n1024 0.0006997112930239251 0.0024688013458639534
nbo_d20_s52453_origin_n1024__minus__dpo_d20_s52453_origin_n1024 -0.0012269268044385806 0.0013954073913221008
nbo_d20_s52453_origin_n1024__minus__linear_d20_s52453_origin_n1024 -0.001173721104035203 0.001449613097182324
dpo_d20_s52453_population_n1024 0.0003317952146857517 0.002172032880410953
linear_d20_s52453_population_n1024 0.0003050424660735139 0.002143502115633804
nbo_d20_s52453_population_n1024 0.00042449885971806083 0.002264203512618535
nbo_d20_s52453_population_n1024__minus__dpo_d20_s52453_population_n1024 -0.0012705851626748587 0.0014554594399147497
nbo_d20_s52453_population_n1024__minus__linear_d20_s52453_population_n1024 -0.0012436181650221528 0.001483775955651431
dpo_d50_s52453 20.088716961999978 424 None
linear_d50_s52453 20.043357319999984 520 None
nbo_d50_s52453 20.068909539999993 280 None
dpo_d50_s52453_origin_n1024 0.0007518472366543411 0.002562185758830563
linear_d50_s52453_origin_n1024 0.0005678870900733272 0.0023759872120281125
nbo_d50_s52453_origin_n1024 0.0008484543232720763 0.0026589768703197346
nbo_d50_s52453_origin_n1024__minus__dpo_d50_s52453_origin_n1024 -0.0012380338707088869 0.0014314320688157943
nbo_d50_s52453_origin_n1024__minus__linear_d50_s52453_origin_n1024 -0.0010539651152302633 0.0016175220067206348
dpo_d50_s52453_population_n1024 0.0005759608584030659 0.0024637906744284384
linear_d50_s52453_population_n1024 0.00047164219437552515 0.002357911830724495
nbo_d50_s52453_population_n1024 0.0006643973933755501 0.0025522392078560392
nbo_d50_s52453_population_n1024__minus__dpo_d50_s52453_population_n1024 -0.0012986084734279285 0.0014754935418280143
nbo_d50_s52453_population_n1024__minus__linear_d50_s52453_population_n1024 -0.001195224520140401 0.0015823070962719707
