linear_d10_s67307 20.010018419999938 1340 None
nbo_d10_s67307 20.023739257999978 460 None
dpo_d10_s67307 20.02192443399997 1380 None
linear_d10_s67307_origin_n1024 0.001084189197996423 0.002678520660847734
nbo_d10_s67307_origin_n1024 0.0011833833084129552 0.002778752372006264
dpo_d10_s67307_origin_n1024 0.0011075223885849623 0.0027034772237495893
nbo_d10_s67307_origin_n1024__minus__dpo_d10_s67307_origin_n1024 -0.0011266564000556557 0.0012777924681403234
nbo_d10_s67307_origin_n1024__minus__linear_d10_s67307_origin_n1024 -0.0011030033816109386 0.0013024292031860011
linear_d10_s67307_population_n1024 0.0005178078276106007 0.0021968521278306454
nbo_d10_s67307_population_n1024 0.0006285129094766906 0.002306403105574728
dpo_d10_s67307_population_n1024 0.000543610451845098 0.002221486623270897
nbo_d10_s67307_population_n1024__minus__dpo_d10_s67307_population_n1024 -0.001167502592512116 0.0013373215324475394
nbo_d10_s67307_population_n1024__minus__linear_d10_s67307_population_n1024 -0.0011429168771229668 0.0013631729367331394
linear_d20_s67307 20.014322996000033 1200 None
nbo_d20_s67307 20.01980666199995 560 None
dpo_d20_s67307 20.01572855200004 1040 None
linear_d20_s67307_origin_n1024 0.0005882801329214597 0.0023567968224244293
nbo_d20_s67307_origin_n1024 0.0007022392129560112 0.0024713310212736484
dpo_d20_s67307_origin_n1024 0.0006135276218910812 0.0023830322709925424
nbo_d20_s67307_origin_n1024__minus__dpo_d20_s67307_origin_n1024 -0.0012226789768603893 0.0013996893182064254
nbo_d20_s67307_origin_n1024__minus__linear_d20_s67307_origin_n1024 -0.0011972202032965273 0.0014257134821802978
linear_d20_s67307_population_n1024 0.0003106524092883909 0.002150389784101522
nbo_d20_s67307_population_n1024 0.00042807561746927963 0.002267768816903118
dpo_d20_s67307_population_n1024 0.0003388687615194685 0.002178686493892148
nbo_d20_s67307_population_n1024__minus__dpo_d20_s67307_population_n1024 -0.0012737504358452186 0.0014520396148059998
nbo_d20_s67307_population_n1024__minus__linear_d20_s67307_population_n1024 -0.0012462027252328983 0.0014810049662153828
linear_d50_s67307 20.01797757099996 1181 None
nbo_d50_s67307 20.029582294999955 620 None
dpo_d50_s67307 20.035989975999996 820 None
linear_d50_s67307_origin_n1024 0.0006941528546604842 0.0025033437336010062
nbo_d50_s67307_origin_n1024 0.0008528462399647892 0.002663361222190511
dpo_d50_s67307_origin_n1024 0.0007573353043649475 0.0025680737295007104
nbo_d50_s67307_origin_n1024__minus__dpo_d50_s67307_origin_n1024 -0.0012394992692755977 0.0014302976975652405
nbo_d50_s67307_origin_n1024__minus__linear_d50_s67307_origin_n1024 -0.0011759166179309164 0.0014946274918247262
linear_d50_s67307_population_n1024 0.0005430786904847847 0.002430048029435327
nbo_d50_s67307_population_n1024 0.0006699563031848313 0.002557778040937437
dpo_d50_s67307_population_n1024 0.0005770697173278196 0.00246523821315844
nbo_d50_s67307_population_n1024__minus__dpo_d50_s67307_population_n1024 -0.0012944141156931465 0.0014798405293291557
nbo_d50_s67307_population_n1024__minus__linear_d50_s67307_population_n1024 -0.0012603270431727144 0.0015149346673748708
