Source identities verified; replaying scalar stress catalogues.
Exact scalar and two-control witnesses verified; reconstructing complete services.
{"worker": 0, "services": 8, "counts": {"service_files": 100, "service_stages": 12, "cell_decisions": 1024, "stopping_looks": 32, "ci_records": 96, "distinct_models": 8, "distinct_verifiers": 6, "distinct_path_calculations": 4, "distinct_path_rows": 212992, "scalar_reference_objects": 98, "scalar_solver_records": 2408, "two_control_records": 32, "distinct_extra_witness_cell_changes": 3}}
{"worker": 0, "services": 16, "counts": {"service_files": 200, "service_stages": 24, "cell_decisions": 2048, "stopping_looks": 64, "ci_records": 192, "distinct_models": 14, "distinct_verifiers": 10, "distinct_path_calculations": 10, "distinct_path_rows": 507904, "scalar_reference_objects": 98, "scalar_solver_records": 2408, "two_control_records": 32, "distinct_extra_witness_cell_changes": 10}}
{"worker": 0, "services": 24, "counts": {"service_files": 292, "service_stages": 36, "cell_decisions": 4096, "stopping_looks": 92, "ci_records": 276, "distinct_models": 22, "distinct_verifiers": 16, "distinct_path_calculations": 16, "distinct_path_rows": 778240, "scalar_reference_objects": 98, "scalar_solver_records": 2408, "two_control_records": 32, "distinct_extra_witness_cell_changes": 12}}
{"worker": 0, "services": 32, "counts": {"service_files": 384, "service_stages": 48, "cell_decisions": 6144, "stopping_looks": 120, "ci_records": 360, "distinct_models": 28, "distinct_verifiers": 20, "distinct_path_calculations": 19, "distinct_path_rows": 913408, "scalar_reference_objects": 98, "scalar_solver_records": 2408, "two_control_records": 32, "distinct_extra_witness_cell_changes": 12}}
{"worker": 0, "services": 40, "counts": {"service_files": 476, "service_stages": 60, "cell_decisions": 9216, "stopping_looks": 148, "ci_records": 444, "distinct_models": 36, "distinct_verifiers": 26, "distinct_path_calculations": 22, "distinct_path_rows": 1011712, "scalar_reference_objects": 98, "scalar_solver_records": 2408, "two_control_records": 32, "distinct_extra_witness_cell_changes": 12}}
{"worker": 0, "services": 48, "counts": {"service_files": 568, "service_stages": 72, "cell_decisions": 12288, "stopping_looks": 176, "ci_records": 528, "distinct_models": 42, "distinct_verifiers": 30, "distinct_path_calculations": 25, "distinct_path_rows": 1110016, "scalar_reference_objects": 98, "scalar_solver_records": 2408, "two_control_records": 32, "distinct_extra_witness_cell_changes": 12}}
{"worker": 1, "services": 8, "counts": {"service_files": 668, "service_stages": 84, "cell_decisions": 13312, "stopping_looks": 208, "ci_records": 660, "distinct_models": 42, "distinct_verifiers": 30, "distinct_path_calculations": 37, "distinct_path_rows": 1896448, "scalar_reference_objects": 98, "scalar_solver_records": 2408, "two_control_records": 32, "distinct_extra_witness_cell_changes": 12}}
{"worker": 1, "services": 16, "counts": {"service_files": 768, "service_stages": 96, "cell_decisions": 14336, "stopping_looks": 240, "ci_records": 756, "distinct_models": 42, "distinct_verifiers": 30, "distinct_path_calculations": 37, "distinct_path_rows": 1896448, "scalar_reference_objects": 98, "scalar_solver_records": 2408, "two_control_records": 32, "distinct_extra_witness_cell_changes": 12}}
{"worker": 1, "services": 24, "counts": {"service_files": 860, "service_stages": 108, "cell_decisions": 16384, "stopping_looks": 268, "ci_records": 840, "distinct_models": 42, "distinct_verifiers": 30, "distinct_path_calculations": 37, "distinct_path_rows": 1896448, "scalar_reference_objects": 98, "scalar_solver_records": 2408, "two_control_records": 32, "distinct_extra_witness_cell_changes": 12}}
{"worker": 1, "services": 32, "counts": {"service_files": 952, "service_stages": 120, "cell_decisions": 18432, "stopping_looks": 296, "ci_records": 924, "distinct_models": 42, "distinct_verifiers": 30, "distinct_path_calculations": 37, "distinct_path_rows": 1896448, "scalar_reference_objects": 98, "scalar_solver_records": 2408, "two_control_records": 32, "distinct_extra_witness_cell_changes": 12}}
{"worker": 1, "services": 40, "counts": {"service_files": 1044, "service_stages": 132, "cell_decisions": 21504, "stopping_looks": 324, "ci_records": 1008, "distinct_models": 42, "distinct_verifiers": 30, "distinct_path_calculations": 37, "distinct_path_rows": 1896448, "scalar_reference_objects": 98, "scalar_solver_records": 2408, "two_control_records": 32, "distinct_extra_witness_cell_changes": 12}}
{"worker": 1, "services": 48, "counts": {"service_files": 1136, "service_stages": 144, "cell_decisions": 24576, "stopping_looks": 352, "ci_records": 1092, "distinct_models": 42, "distinct_verifiers": 30, "distinct_path_calculations": 37, "distinct_path_rows": 1896448, "scalar_reference_objects": 98, "scalar_solver_records": 2408, "two_control_records": 32, "distinct_extra_witness_cell_changes": 12}}
All original-law service and paired paths verified; reconstructing Bellman frontiers.
{
  "status": "passed",
  "source_freeze_sha256": "b019c27b127a4a2e5a6abb621a7c320f11bae52f4009325b2521969222f88d8a",
  "counts": {
    "service_files": 1136,
    "service_stages": 144,
    "cell_decisions": 24576,
    "stopping_looks": 352,
    "ci_records": 1128,
    "distinct_models": 42,
    "distinct_verifiers": 30,
    "distinct_path_calculations": 37,
    "distinct_path_rows": 1896448,
    "scalar_reference_objects": 98,
    "scalar_solver_records": 2408,
    "two_control_records": 32,
    "distinct_extra_witness_cell_changes": 12
  },
  "services": 96,
  "attained": 80,
  "budget_exhausted": 16,
  "centered_raw_sha256": "246099e876d1b23f08f55810cde97a5903892763a44af931bbb2108bbd3b0621",
  "uncentered_replay_seconds": 13.240353018000008,
  "centered_replay_seconds": 204.80954560000004,
  "protected_files_checked": 5600,
  "scientific_files_checked": 2141,
  "replay_seconds": 528.439291509,
  "new_training_services": 0,
  "new_independent_path_observations": 0,
  "original_clocks_replaced": false,
  "scope": "Every retained R60 service file, mathematical decision, exact solver record, distinct original-law endpoint calculation and Bellman bracket reconstructed. Old timers remain descriptive observed work; this replay adds no training or independent economic observations. Exact scalar witnesses are checked against Python Fraction exhaustive references; retained operand diagnostics are not a proof of the maximum of every native intermediate."
}
