\BOOKMARK [1][-]{section.0.1}{\376\377\000N\000o\000t\000a\000t\000i\000o\000n\000\040\000a\000n\000d\000\040\000e\000c\000o\000n\000o\000m\000i\000c\000\040\000d\000o\000m\000a\000i\000n\000s}{}% 1
\BOOKMARK [1][-]{section.0.2}{\376\377\000C\000e\000n\000t\000e\000r\000e\000d\000\040\000d\000e\000c\000i\000s\000i\000o\000n\000\040\000a\000n\000d\000\040\000t\000r\000a\000n\000s\000p\000o\000r\000t\000\040\000p\000r\000o\000o\000f\000s}{}% 2
\BOOKMARK [1][-]{section.0.3}{\376\377\000S\000i\000g\000n\000e\000d\000\040\000f\000u\000l\000l\000-\000p\000o\000l\000i\000c\000y\000\040\000c\000e\000r\000t\000i\000f\000i\000c\000a\000t\000e\000\040\000a\000n\000d\000\040\000r\000e\000t\000a\000i\000n\000e\000d\000\040\000a\000c\000t\000o\000r\000s}{}% 3
\BOOKMARK [1][-]{section.0.4}{\376\377\000V\000e\000r\000i\000f\000i\000c\000a\000t\000i\000o\000n\000\040\000g\000e\000o\000m\000e\000t\000r\000y\000\040\000a\000n\000d\000\040\000n\000u\000m\000e\000r\000i\000c\000a\000l\000\040\000e\000n\000c\000l\000o\000s\000u\000r\000e\000s}{}% 4
\BOOKMARK [2][-]{subsection.0.4.1}{\376\377\000T\000h\000e\000\040\000s\000c\000a\000l\000a\000r\000\040\000p\000r\000i\000m\000i\000t\000i\000v\000e\000\040\000e\000c\000o\000n\000o\000m\000y}{section.0.4}% 5
\BOOKMARK [2][-]{subsection.0.4.2}{\376\377\000T\000h\000e\000\040\000c\000o\000u\000p\000l\000e\000d\000\040\000a\000c\000t\000i\000o\000n\000\040\000a\000n\000d\000\040\000s\000t\000a\000t\000e\000\040\000c\000e\000r\000t\000i\000f\000i\000c\000a\000t\000e\000s}{section.0.4}% 6
\BOOKMARK [2][-]{subsection.0.4.3}{\376\377\000A\000r\000i\000t\000h\000m\000e\000t\000i\000c\000\040\000a\000s\000s\000u\000m\000p\000t\000i\000o\000n\000s\000\040\000a\000n\000d\000\040\000i\000m\000p\000l\000e\000m\000e\000n\000t\000a\000t\000i\000o\000n\000\040\000b\000o\000u\000n\000d\000a\000r\000y}{section.0.4}% 7
\BOOKMARK [1][-]{section.0.5}{\376\377\000P\000a\000i\000r\000e\000d\000\040\000p\000o\000l\000i\000c\000y\000\040\000c\000o\000s\000t\000s\000:\000\040\000p\000r\000o\000b\000a\000b\000i\000l\000i\000t\000y\000\040\000a\000n\000d\000\040\000n\000u\000m\000e\000r\000i\000c\000a\000l\000\040\000e\000r\000r\000o\000r}{}% 8
\BOOKMARK [2][-]{subsection.0.5.1}{\376\377\000A\000n\000\040\000u\000n\000b\000i\000a\000s\000e\000d\000\040\000s\000c\000o\000r\000e\000\040\000w\000i\000t\000h\000\040\000c\000e\000r\000t\000i\000f\000i\000c\000a\000t\000e\000-\000d\000e\000r\000i\000v\000e\000d\000\040\000r\000a\000n\000g\000e}{section.0.5}% 9
\BOOKMARK [2][-]{subsection.0.5.2}{\376\377\000C\000o\000n\000t\000i\000n\000u\000o\000u\000s\000\040\000i\000n\000n\000o\000v\000a\000t\000i\000o\000n\000s\000\040\000t\000h\000r\000o\000u\000g\000h\000\040\000u\000n\000i\000f\000o\000r\000m\000\040\000b\000i\000n\000s}{section.0.5}% 10
\BOOKMARK [2][-]{subsection.0.5.3}{\376\377\000S\000i\000m\000u\000l\000t\000a\000n\000e\000o\000u\000s\000\040\000c\000o\000v\000e\000r\000a\000g\000e}{section.0.5}% 11
\BOOKMARK [1][-]{section.0.6}{\376\377\000W\000o\000r\000k\000\040\000a\000c\000c\000o\000u\000n\000t\000s\000,\000\040\000c\000o\000m\000p\000o\000n\000e\000n\000t\000\040\000d\000i\000a\000g\000n\000o\000s\000t\000i\000c\000s\000,\000\040\000a\000n\000d\000\040\000r\000e\000p\000r\000o\000d\000u\000c\000t\000i\000o\000n}{}% 12
\BOOKMARK [1][-]{section.0.7}{\376\377\000R\000e\000l\000a\000t\000i\000o\000n\000s\000h\000i\000p\000\040\000t\000o\000\040\000t\000h\000e\000\040\000r\000e\000t\000a\000i\000n\000e\000d\000\040\000t\000h\000e\000o\000r\000y}{}% 13
\BOOKMARK [1][-]{section.0.8}{\376\377\000C\000o\000n\000s\000t\000r\000u\000c\000t\000i\000v\000e\000\040\000n\000e\000u\000r\000a\000l\000\040\000p\000o\000l\000i\000c\000i\000e\000s\000\040\000f\000r\000o\000m\000\040\000p\000r\000i\000m\000i\000t\000i\000v\000e\000\040\000m\000o\000d\000u\000l\000i}{}% 14
\BOOKMARK [2][-]{subsection.0.8.1}{\376\377\000B\000e\000l\000l\000m\000a\000n\000\040\000m\000o\000d\000u\000l\000i\000\040\000a\000n\000d\000\040\000l\000a\000b\000e\000l\000s}{section.0.8}% 15
\BOOKMARK [2][-]{subsection.0.8.2}{\376\377\000E\000n\000v\000e\000l\000o\000p\000e\000,\000\040\000r\000e\000s\000i\000d\000u\000a\000l\000,\000\040\000a\000n\000d\000\040\000s\000e\000l\000e\000c\000t\000e\000d\000\040\000a\000c\000t\000i\000o\000n}{section.0.8}% 16
\BOOKMARK [2][-]{subsection.0.8.3}{\376\377\000R\000e\000a\000l\000i\000z\000a\000t\000i\000o\000n\000\040\000a\000n\000d\000\040\000f\000i\000n\000i\000t\000e\000\040\000t\000e\000r\000m\000i\000n\000a\000t\000i\000o\000n}{section.0.8}% 17
\BOOKMARK [2][-]{subsection.0.8.4}{\376\377\000E\000x\000a\000c\000t\000\040\000s\000c\000a\000l\000a\000r\000\040\000c\000o\000m\000p\000i\000l\000a\000t\000i\000o\000n}{section.0.8}% 18
\BOOKMARK [2][-]{subsection.0.8.5}{\376\377\000M\000a\000t\000c\000h\000e\000d\000\040\000s\000p\000l\000i\000n\000e\000\040\000a\000c\000c\000o\000u\000n\000t\000\040\000a\000n\000d\000\040\000m\000e\000a\000s\000u\000r\000e\000m\000e\000n\000t\000\040\000s\000c\000o\000p\000e}{section.0.8}% 19
\BOOKMARK [1][-]{section.0.9}{\376\377\000C\000o\000m\000p\000l\000e\000t\000e\000\040\000c\000o\000n\000s\000t\000r\000u\000c\000t\000i\000v\000e\000\040\000v\000e\000r\000i\000f\000i\000c\000a\000t\000i\000o\000n\000\040\000f\000r\000o\000n\000t\000i\000e\000r\000s}{}% 20
\BOOKMARK [1][-]{section.0.10}{\376\377\000W\000i\000t\000n\000e\000s\000s\000-\000p\000r\000e\000s\000e\000r\000v\000i\000n\000g\000\040\000p\000o\000l\000i\000c\000y\000\040\000c\000o\000n\000s\000t\000r\000u\000c\000t\000i\000o\000n}{}% 21
\BOOKMARK [2][-]{subsection.0.10.1}{\376\377\000O\000r\000d\000e\000r\000\040\000c\000o\000m\000p\000a\000r\000i\000s\000o\000n\000\040\000a\000n\000d\000\040\000s\000i\000g\000n\000e\000d\000\040\000a\000c\000c\000o\000u\000n\000t\000s}{section.0.10}% 22
\BOOKMARK [2][-]{subsection.0.10.2}{\376\377\000A\000c\000t\000i\000o\000n\000\040\000t\000r\000a\000n\000s\000p\000o\000r\000t\000\040\000t\000h\000r\000o\000u\000g\000h\000\040\000t\000h\000e\000\040\000m\000i\000n\000i\000m\000u\000m\000\040\000c\000i\000r\000c\000u\000i\000t}{section.0.10}% 23
\BOOKMARK [2][-]{subsection.0.10.3}{\376\377\000A\000p\000p\000r\000o\000x\000i\000m\000a\000t\000e\000\040\000i\000n\000d\000i\000c\000e\000s\000\040\000a\000n\000d\000\040\000n\000u\000m\000e\000r\000i\000c\000a\000l\000\040\000d\000e\000p\000l\000o\000y\000m\000e\000n\000t}{section.0.10}% 24
\BOOKMARK [2][-]{subsection.0.10.4}{\376\377\000S\000c\000a\000l\000a\000r\000\040\000c\000o\000m\000p\000i\000l\000a\000t\000i\000o\000n\000\040\000w\000i\000t\000h\000\040\000o\000r\000i\000g\000i\000n\000a\000l\000\040\000w\000i\000t\000n\000e\000s\000s\000e\000s}{section.0.10}% 25
\BOOKMARK [2][-]{subsection.0.10.5}{\376\377\000A\000\040\000c\000o\000m\000m\000o\000n\000\040\000s\000t\000r\000e\000n\000g\000t\000h\000e\000n\000e\000d\000\040\000n\000e\000a\000r\000e\000s\000t\000-\000n\000o\000d\000e\000\040\000c\000e\000r\000t\000i\000f\000i\000c\000a\000t\000e}{section.0.10}% 26
\BOOKMARK [2][-]{subsection.0.10.6}{\376\377\000E\000v\000i\000d\000e\000n\000c\000e\000\040\000i\000d\000e\000n\000t\000i\000t\000i\000e\000s\000\040\000a\000n\000d\000\040\000s\000c\000o\000p\000e\000\040\000o\000f\000\040\000r\000e\000p\000r\000o\000d\000u\000c\000t\000i\000o\000n}{section.0.10}% 27
\BOOKMARK [1][-]{section.0.11}{\376\377\000F\000e\000a\000s\000i\000b\000l\000e\000\040\000t\000r\000a\000n\000s\000p\000o\000r\000t\000\040\000u\000n\000d\000e\000r\000\040\000e\000n\000d\000o\000g\000e\000n\000o\000u\000s\000\040\000c\000o\000n\000s\000t\000r\000a\000i\000n\000t\000s}{}% 28
\BOOKMARK [2][-]{subsection.0.11.1}{\376\377\000T\000h\000e\000\040\000B\000e\000l\000l\000m\000a\000n\000\040\000m\000o\000d\000u\000l\000u\000s\000\040\000a\000n\000d\000\040\000n\000o\000i\000s\000y\000\040\000f\000e\000a\000s\000i\000b\000l\000e\000\040\000l\000a\000b\000e\000l\000s}{section.0.11}% 29
\BOOKMARK [2][-]{subsection.0.11.2}{\376\377\000R\000e\000p\000a\000i\000r\000,\000\040\000s\000e\000l\000e\000c\000t\000i\000o\000n\000\040\000a\000n\000d\000\040\000t\000h\000e\000\040\000d\000y\000n\000a\000m\000i\000c\000\040\000a\000c\000c\000o\000u\000n\000t}{section.0.11}% 30
\BOOKMARK [2][-]{subsection.0.11.3}{\376\377\000A\000\040\000t\000r\000a\000n\000s\000p\000a\000r\000e\000n\000t\000\040\000e\000x\000a\000c\000t\000\040\000c\000h\000e\000c\000k}{section.0.11}% 31
\BOOKMARK [1][-]{section.0.12}{\376\377\000A\000c\000q\000u\000i\000r\000e\000d\000\040\000s\000t\000a\000t\000e\000s\000\040\000a\000n\000d\000\040\000i\000m\000p\000l\000e\000m\000e\000n\000t\000a\000b\000l\000e\000\040\000w\000i\000t\000n\000e\000s\000s\000e\000s}{}% 32
\BOOKMARK [2][-]{subsection.0.12.1}{\376\377\000C\000a\000u\000s\000a\000l\000\040\000i\000n\000f\000o\000r\000m\000a\000t\000i\000o\000n\000\040\000a\000n\000d\000\040\000t\000h\000e\000\040\000o\000n\000e\000-\000s\000i\000d\000e\000d\000\040\000c\000o\000m\000p\000a\000r\000i\000s\000o\000n}{section.0.12}% 33
\BOOKMARK [2][-]{subsection.0.12.2}{\376\377\000F\000i\000n\000i\000t\000e\000-\000p\000r\000e\000c\000i\000s\000i\000o\000n\000\040\000i\000n\000d\000i\000c\000e\000s\000\040\000a\000n\000d\000\040\000t\000h\000e\000\040\000i\000d\000e\000n\000t\000i\000c\000a\000l\000\040\000e\000n\000v\000e\000l\000o\000p\000e}{section.0.12}% 34
\BOOKMARK [1][-]{section.0.13}{\376\377\000E\000x\000p\000l\000i\000c\000i\000t\000\040\000c\000o\000n\000s\000t\000r\000a\000i\000n\000e\000d\000\040\000p\000r\000i\000m\000i\000t\000i\000v\000e\000s\000\040\000a\000n\000d\000\040\000r\000e\000s\000o\000u\000r\000c\000e\000\040\000a\000l\000l\000o\000c\000a\000t\000i\000o\000n}{}% 35
\BOOKMARK [2][-]{subsection.0.13.1}{\376\377\000T\000h\000e\000\040\000s\000t\000r\000e\000n\000g\000t\000h\000e\000n\000e\000d\000\040\000b\000i\000l\000i\000n\000e\000a\000r\000\040\000c\000o\000m\000p\000a\000r\000a\000t\000o\000r}{section.0.13}% 36
\BOOKMARK [2][-]{subsection.0.13.2}{\376\377\000S\000u\000f\000f\000i\000c\000i\000e\000n\000t\000\040\000c\000a\000p\000s\000\040\000v\000e\000r\000s\000u\000s\000\040\000e\000x\000e\000c\000u\000t\000e\000d\000\040\000c\000a\000p\000s}{section.0.13}% 37
\BOOKMARK [1][-]{section.0.14}{\376\377\000D\000i\000r\000e\000c\000t\000\040\000p\000o\000l\000i\000c\000y\000\040\000v\000a\000l\000u\000e\000s\000\040\000w\000i\000t\000h\000\040\000n\000u\000m\000e\000r\000i\000c\000a\000l\000\040\000a\000n\000d\000\040\000s\000a\000m\000p\000l\000i\000n\000g\000\040\000e\000r\000r\000o\000r}{}% 38
\BOOKMARK [2][-]{subsection.0.14.1}{\376\377\000I\000d\000e\000n\000t\000i\000t\000y\000\040\000a\000n\000d\000\040\000d\000e\000t\000e\000r\000m\000i\000n\000i\000s\000t\000i\000c\000\040\000s\000u\000p\000p\000o\000r\000t}{section.0.14}% 39
\BOOKMARK [2][-]{subsection.0.14.2}{\376\377\000B\000i\000n\000s\000,\000\040\000d\000i\000s\000c\000o\000n\000t\000i\000n\000u\000i\000t\000i\000e\000s\000,\000\040\000a\000n\000d\000\040\000e\000n\000d\000p\000o\000i\000n\000t\000\040\000s\000t\000a\000t\000i\000s\000t\000i\000c\000s}{section.0.14}% 40
\BOOKMARK [2][-]{subsection.0.14.3}{\376\377\000D\000e\000c\000i\000s\000i\000o\000n\000\040\000m\000a\000r\000g\000i\000n\000s\000\040\000a\000n\000d\000\040\000s\000e\000l\000e\000c\000t\000i\000o\000n}{section.0.14}% 41
\BOOKMARK [1][-]{section.0.15}{\376\377\000C\000o\000m\000p\000l\000e\000t\000e\000\040\000f\000r\000o\000n\000t\000i\000e\000r\000s\000\040\000a\000n\000d\000\040\000e\000x\000p\000e\000r\000i\000m\000e\000n\000t\000\040\000r\000e\000c\000o\000r\000d\000s}{}% 42
\BOOKMARK [1][-]{section.0.16}{\376\377\000C\000o\000n\000t\000i\000n\000u\000o\000u\000s\000\040\000t\000e\000n\000s\000o\000r\000\040\000c\000o\000m\000p\000i\000l\000a\000t\000i\000o\000n\000\040\000a\000n\000d\000\040\000f\000e\000a\000s\000i\000b\000l\000e\000\040\000w\000i\000t\000n\000e\000s\000s\000\040\000i\000d\000e\000n\000t\000i\000t\000y}{}% 43
\BOOKMARK [2][-]{subsection.0.16.1}{\376\377\000T\000h\000e\000\040\000l\000i\000n\000e\000\040\000t\000r\000a\000n\000s\000f\000o\000r\000m\000\040\000a\000n\000d\000\040\000i\000t\000s\000\040\000t\000i\000e\000\040\000i\000n\000v\000a\000r\000i\000a\000n\000t}{section.0.16}% 44
\BOOKMARK [2][-]{subsection.0.16.2}{\376\377\000O\000f\000f\000-\000g\000r\000i\000d\000\040\000e\000x\000t\000e\000n\000s\000i\000o\000n\000\040\000a\000n\000d\000\040\000t\000h\000e\000\040\000o\000r\000i\000g\000i\000n\000a\000l\000\040\000t\000i\000e\000\040\000r\000u\000l\000e}{section.0.16}% 45
\BOOKMARK [2][-]{subsection.0.16.3}{\376\377\000F\000i\000n\000i\000t\000e\000\040\000a\000r\000i\000t\000h\000m\000e\000t\000i\000c\000\040\000a\000n\000d\000\040\000u\000n\000c\000e\000r\000t\000a\000i\000n\000\040\000q\000u\000e\000r\000i\000e\000s}{section.0.16}% 46
\BOOKMARK [2][-]{subsection.0.16.4}{\376\377\000W\000o\000r\000k\000\040\000t\000o\000\040\000i\000m\000p\000l\000e\000m\000e\000n\000t\000e\000d\000\040\000e\000c\000o\000n\000o\000m\000i\000c\000\040\000a\000c\000c\000u\000r\000a\000c\000y}{section.0.16}% 47
\BOOKMARK [1][-]{section.0.17}{\376\377\000N\000o\000n\000u\000n\000i\000f\000o\000r\000m\000\040\000f\000i\000t\000t\000e\000d\000-\000v\000a\000l\000u\000e\000\040\000c\000o\000m\000p\000a\000r\000i\000s\000o\000n\000\040\000a\000n\000d\000\040\000m\000u\000l\000t\000i\000d\000i\000m\000e\000n\000s\000i\000o\000n\000a\000l\000\040\000p\000r\000i\000m\000i\000t\000i\000v\000e\000s}{}% 48
\BOOKMARK [2][-]{subsection.0.17.1}{\376\377\000A\000\040\000c\000o\000m\000m\000o\000n\000\040\000a\000l\000l\000-\000s\000t\000a\000t\000e\000\040\000c\000r\000i\000t\000e\000r\000i\000o\000n\000\040\000o\000n\000\040\000u\000n\000e\000q\000u\000a\000l\000\040\000c\000o\000o\000r\000d\000i\000n\000a\000t\000e\000\040\000g\000r\000i\000d\000s}{section.0.17}% 49
\BOOKMARK [2][-]{subsection.0.17.2}{\376\377\000T\000h\000e\000\040\000p\000r\000e\000s\000p\000e\000c\000i\000f\000i\000e\000d\000\040\000e\000r\000r\000o\000r\000-\000d\000r\000i\000v\000e\000n\000\040\000c\000o\000o\000r\000d\000i\000n\000a\000t\000e\000\040\000g\000r\000i\000d}{section.0.17}% 50
\BOOKMARK [2][-]{subsection.0.17.3}{\376\377\000C\000y\000c\000l\000e\000-\000c\000o\000u\000p\000l\000e\000d\000\040\000d\000i\000m\000e\000n\000s\000i\000o\000n\000s\000\040\000t\000w\000o\000\040\000t\000h\000r\000o\000u\000g\000h\000\040\000f\000o\000u\000r}{section.0.17}% 51
\BOOKMARK [1][-]{section.0.18}{\376\377\000O\000b\000s\000e\000r\000v\000a\000t\000i\000o\000n\000\040\000c\000h\000a\000r\000g\000e\000s\000\040\000a\000n\000d\000\040\000d\000i\000r\000e\000c\000t\000\040\000c\000o\000s\000t\000\040\000i\000n\000t\000e\000r\000v\000a\000l\000s}{}% 52
\BOOKMARK [2][-]{subsection.0.18.1}{\376\377\000T\000h\000e\000\040\000s\000e\000n\000s\000o\000r\000\040\000a\000c\000c\000o\000u\000n\000t\000\040\000a\000n\000d\000\040\000i\000n\000t\000e\000g\000e\000r\000\040\000c\000h\000o\000i\000c\000e}{section.0.18}% 53
\BOOKMARK [2][-]{subsection.0.18.2}{\376\377\000C\000o\000n\000t\000i\000n\000u\000o\000u\000s\000-\000l\000a\000w\000\040\000p\000a\000t\000h\000\040\000e\000n\000c\000l\000o\000s\000u\000r\000e\000s}{section.0.18}% 54
\BOOKMARK [2][-]{subsection.0.18.3}{\376\377\000M\000o\000m\000e\000n\000t\000\040\000a\000n\000d\000\040\000p\000r\000o\000b\000a\000b\000i\000l\000i\000t\000y\000\040\000a\000c\000c\000o\000u\000n\000t\000s}{section.0.18}% 55
\BOOKMARK [1][-]{section.0.19}{\376\377\000F\000u\000l\000l\000\040\000w\000o\000r\000k\000\040\000r\000e\000c\000o\000r\000d\000s\000\040\000a\000n\000d\000\040\000p\000r\000e\000s\000e\000r\000v\000a\000t\000i\000o\000n}{}% 56
\BOOKMARK [1][-]{section.0.20}{\376\377\000E\000v\000e\000r\000y\000\040\000d\000i\000r\000e\000c\000t\000\040\000c\000o\000n\000s\000t\000r\000a\000i\000n\000e\000d\000-\000p\000o\000l\000i\000c\000y\000\040\000i\000n\000t\000e\000r\000v\000a\000l}{}% 57
\BOOKMARK [1][-]{section.0.21}{\376\377\000C\000o\000m\000p\000l\000e\000t\000e\000\040\000f\000i\000r\000s\000t\000-\000c\000e\000r\000t\000i\000f\000i\000c\000a\000t\000e\000\040\000t\000i\000m\000e\000\040\000p\000a\000r\000t\000i\000t\000i\000o\000n\000s}{}% 58
\BOOKMARK [1][-]{section.0.22}{\376\377\000P\000r\000i\000m\000i\000t\000i\000v\000e\000\040\000d\000o\000m\000a\000i\000n\000\040\000a\000n\000d\000\040\000e\000x\000a\000c\000t\000\040\000m\000o\000d\000u\000l\000i}{}% 59
\BOOKMARK [1][-]{section.0.23}{\376\377\000N\000u\000m\000e\000r\000i\000c\000a\000l\000\040\000l\000a\000b\000e\000l\000s\000\040\000a\000n\000d\000\040\000t\000h\000e\000\040\000s\000e\000p\000a\000r\000a\000t\000e\000d\000\040\000a\000c\000c\000o\000u\000n\000t}{}% 60
\BOOKMARK [1][-]{section.0.24}{\376\377\000W\000h\000y\000\040\000t\000h\000e\000\040\000c\000o\000m\000p\000i\000l\000e\000d\000\040\000a\000c\000t\000o\000r\000\040\000i\000s\000\040\000t\000h\000e\000\040\000o\000r\000i\000g\000i\000n\000a\000l\000\040\000a\000c\000t\000o\000r}{}% 61
\BOOKMARK [1][-]{section.0.25}{\376\377\000A\000c\000q\000u\000i\000s\000i\000t\000i\000o\000n\000\040\000f\000o\000r\000\040\000w\000i\000t\000n\000e\000s\000s\000\040\000a\000n\000d\000\040\000c\000o\000n\000v\000e\000n\000t\000i\000o\000n\000a\000l\000\040\000p\000o\000l\000i\000c\000i\000e\000s}{}% 62
\BOOKMARK [1][-]{section.0.26}{\376\377\000C\000o\000n\000t\000i\000n\000u\000o\000u\000s\000\040\000p\000a\000t\000h\000\040\000l\000a\000w\000\040\000a\000n\000d\000\040\000s\000i\000m\000u\000l\000t\000a\000n\000e\000o\000u\000s\000\040\000i\000n\000f\000e\000r\000e\000n\000c\000e}{}% 63
\BOOKMARK [1][-]{section.0.27}{\376\377\000E\000x\000a\000c\000t\000\040\000f\000r\000o\000n\000t\000i\000e\000r\000s\000\040\000a\000n\000d\000\040\000d\000e\000c\000i\000s\000i\000o\000n\000\040\000s\000e\000m\000a\000n\000t\000i\000c\000s}{}% 64
\BOOKMARK [1][-]{section.0.28}{\376\377\000R\000e\000f\000e\000r\000e\000n\000c\000e\000\040\000e\000v\000a\000l\000u\000a\000t\000i\000o\000n\000\040\000a\000n\000d\000\040\000s\000a\000f\000e\000\040\000i\000m\000p\000r\000o\000v\000e\000m\000e\000n\000t}{}% 65
\BOOKMARK [1][-]{section.0.29}{\376\377\000E\000x\000a\000c\000t\000\040\000i\000n\000t\000e\000g\000r\000a\000t\000i\000o\000n\000\040\000a\000n\000d\000\040\000a\000c\000t\000i\000o\000n\000\040\000o\000p\000t\000i\000m\000i\000z\000a\000t\000i\000o\000n}{}% 66
\BOOKMARK [1][-]{section.0.30}{\376\377\000S\000i\000m\000u\000l\000t\000a\000n\000e\000o\000u\000s\000\040\000a\000c\000t\000u\000a\000l\000-\000c\000o\000s\000t\000\040\000i\000n\000f\000e\000r\000e\000n\000c\000e}{}% 67
\BOOKMARK [1][-]{section.0.31}{\376\377\000M\000e\000c\000h\000a\000n\000i\000s\000m\000\040\000a\000n\000d\000\040\000e\000c\000o\000n\000o\000m\000i\000c\000\040\000f\000r\000o\000n\000t\000i\000e\000r\000s}{}% 68
\BOOKMARK [1][-]{section.0.32}{\376\377\000P\000r\000o\000o\000f\000s\000\040\000f\000o\000r\000\040\000F\000i\000n\000i\000t\000e\000-\000S\000w\000e\000e\000p\000\040\000A\000c\000c\000u\000r\000a\000c\000y}{}% 69
\BOOKMARK [2][-]{section*.6}{\376\377\000C\000o\000m\000p\000u\000t\000e\000d\000\040\000v\000e\000r\000i\000f\000i\000c\000a\000t\000i\000o\000n\000\040\000a\000n\000d\000\040\000l\000o\000g\000i\000c\000a\000l\000\040\000s\000c\000o\000p\000e\000.}{section.0.32}% 70
\BOOKMARK [1][-]{section.0.33}{\376\377\000P\000r\000o\000o\000f\000s\000\040\000f\000o\000r\000\040\000p\000o\000l\000i\000c\000y\000-\000r\000e\000l\000e\000v\000a\000n\000t\000\040\000c\000o\000n\000t\000i\000n\000u\000a\000t\000i\000o\000n\000\040\000e\000r\000r\000o\000r\000s}{}% 71
\BOOKMARK [2][-]{subsection.0.33.1}{\376\377\000F\000i\000n\000i\000t\000e\000-\000s\000t\000a\000t\000e\000\040\000r\000e\000f\000e\000r\000e\000n\000c\000e\000\040\000a\000n\000d\000\040\000l\000i\000m\000i\000t\000a\000t\000i\000o\000n\000s}{section.0.33}% 72
\BOOKMARK [1][-]{section.0.34}{\376\377\000C\000o\000m\000p\000l\000e\000t\000e\000\040\000c\000o\000n\000s\000t\000r\000u\000c\000t\000i\000o\000n\000\040\000r\000e\000c\000o\000r\000d\000s}{}% 73
\BOOKMARK [1][-]{section.0.35}{\376\377\000A\000l\000l\000\040\000d\000i\000r\000e\000c\000t\000\040\000r\000e\000t\000u\000r\000n\000e\000d\000-\000p\000o\000l\000i\000c\000y\000\040\000c\000o\000m\000p\000a\000r\000i\000s\000o\000n\000s}{}% 74
\BOOKMARK [1][-]{section.0.36}{\376\377\000A\000l\000l\000\040\000s\000e\000n\000s\000o\000r\000-\000p\000o\000l\000i\000c\000y\000\040\000c\000o\000n\000t\000r\000a\000s\000t\000s}{}% 75
\BOOKMARK [1][-]{section.0.37}{\376\377\000R\000e\000c\000o\000n\000s\000t\000r\000u\000c\000t\000i\000o\000n\000\040\000a\000n\000d\000\040\000p\000r\000e\000s\000e\000r\000v\000a\000t\000i\000o\000n}{}% 76
\BOOKMARK [1][-]{section.0.38}{\376\377\000E\000v\000e\000r\000y\000\040\000R\0005\0000\000\040\000a\000c\000t\000u\000a\000l\000-\000c\000o\000s\000t\000\040\000i\000n\000t\000e\000r\000v\000a\000l\000\040\000a\000n\000d\000\040\000m\000e\000c\000h\000a\000n\000i\000s\000m\000\040\000r\000e\000c\000o\000r\000d}{}% 77
\BOOKMARK [1][-]{section.0.39}{\376\377\000N\000u\000m\000e\000r\000i\000c\000a\000l\000\040\000c\000o\000r\000r\000e\000c\000t\000i\000o\000n\000\040\000a\000n\000d\000\040\000s\000e\000q\000u\000e\000n\000t\000i\000a\000l\000\040\000c\000o\000m\000m\000o\000n\000-\000a\000c\000c\000u\000r\000a\000c\000y\000\040\000d\000e\000s\000i\000g\000n}{}% 78
\BOOKMARK [1][-]{section.0.40}{\376\377\000E\000x\000h\000a\000u\000s\000t\000i\000v\000e\000\040\000r\000o\000b\000u\000s\000t\000n\000e\000s\000s\000-\000s\000e\000r\000v\000i\000c\000e\000\040\000a\000c\000c\000o\000u\000n\000t\000i\000n\000g}{}% 79
\BOOKMARK [1][-]{section.0.41}{\376\377\000D\000i\000r\000e\000c\000t\000e\000d\000\040\000f\000u\000l\000l\000-\000s\000w\000e\000e\000p\000\040\000v\000e\000r\000i\000f\000i\000c\000a\000t\000i\000o\000n\000\040\000r\000e\000c\000o\000r\000d\000s}{}% 80
\BOOKMARK [2][-]{subsection.0.41.1}{\376\377\000W\000h\000a\000t\000\040\000t\000h\000e\000\040\000v\000e\000r\000i\000f\000i\000c\000a\000t\000i\000o\000n\000\040\000g\000a\000u\000g\000e\000\040\000c\000o\000m\000p\000u\000t\000e\000s}{section.0.41}% 81
\BOOKMARK [2][-]{subsection.0.41.2}{\376\377\000C\000o\000u\000p\000l\000i\000n\000g\000,\000\040\000i\000n\000t\000e\000g\000r\000a\000t\000i\000o\000n\000,\000\040\000a\000n\000d\000\040\000a\000r\000i\000t\000h\000m\000e\000t\000i\000c}{section.0.41}% 82
\BOOKMARK [1][-]{section.0.42}{\376\377\000C\000o\000m\000p\000l\000e\000t\000e\000\040\000w\000o\000r\000k\000\040\000a\000n\000d\000\040\000s\000t\000o\000r\000a\000g\000e\000\040\000r\000e\000c\000o\000r\000d\000s}{}% 83
\BOOKMARK [1][-]{section.0.43}{\376\377\000A\000p\000p\000r\000o\000x\000i\000m\000a\000t\000e\000l\000y\000\040\000n\000u\000l\000l\000\040\000c\000o\000e\000f\000f\000i\000c\000i\000e\000n\000t\000s\000\040\000a\000n\000d\000\040\000c\000o\000n\000t\000r\000o\000l\000l\000e\000d\000\040\000e\000r\000r\000o\000r\000s}{}% 84
\BOOKMARK [1][-]{section.0.44}{\376\377\000C\000o\000s\000t\000\040\000i\000n\000f\000e\000r\000e\000n\000c\000e\000,\000\040\000s\000e\000l\000e\000c\000t\000i\000o\000n\000,\000\040\000a\000n\000d\000\040\000r\000e\000l\000e\000a\000s\000e\000\040\000s\000c\000o\000p\000e}{}% 85
\BOOKMARK [1][-]{section.0.45}{\376\377\000E\000x\000e\000c\000u\000t\000i\000o\000n\000,\000\040\000n\000u\000m\000e\000r\000i\000c\000a\000l\000\040\000s\000e\000m\000a\000n\000t\000i\000c\000s\000\040\000a\000n\000d\000\040\000c\000o\000m\000p\000l\000e\000t\000e\000\040\000r\000e\000c\000o\000r\000d\000s}{}% 86
\BOOKMARK [2][-]{subsection.0.45.1}{\376\377\000S\000o\000u\000r\000c\000e\000\040\000a\000n\000d\000\040\000o\000u\000t\000c\000o\000m\000e\000\040\000i\000d\000e\000n\000t\000i\000t\000y}{section.0.45}% 87
\BOOKMARK [2][-]{subsection.0.45.2}{\376\377\000C\000r\000o\000s\000s\000-\000p\000l\000a\000t\000f\000o\000r\000m\000\040\000m\000o\000m\000e\000n\000t\000\040\000v\000e\000r\000i\000f\000i\000c\000a\000t\000i\000o\000n}{section.0.45}% 88
\BOOKMARK [2][-]{subsection.0.45.3}{\376\377\000R\000e\000s\000i\000d\000u\000a\000l\000\040\000c\000a\000c\000h\000e\000\040\000a\000n\000d\000\040\000s\000i\000g\000n\000e\000d\000\040\000t\000u\000b\000e\000s}{section.0.45}% 89
\BOOKMARK [2][-]{subsection.0.45.4}{\376\377\000E\000x\000a\000c\000t\000\040\000n\000e\000u\000r\000a\000l\000\040\000a\000c\000t\000i\000o\000n\000\040\000s\000e\000a\000r\000c\000h}{section.0.45}% 90
\BOOKMARK [1][-]{section.0.46}{\376\377\000C\000o\000m\000p\000l\000e\000t\000e\000\040\000p\000r\000o\000s\000p\000e\000c\000t\000i\000v\000e\000-\000s\000e\000r\000v\000i\000c\000e\000\040\000r\000e\000g\000i\000s\000t\000r\000y}{}% 91
\BOOKMARK [1][-]{section.0.47}{\376\377\000A\000l\000l\000\040\000f\000i\000n\000a\000l\000\040\000e\000c\000o\000n\000o\000m\000i\000c\000\040\000i\000n\000t\000e\000r\000v\000a\000l\000s}{}% 92
\BOOKMARK [1][-]{section.0.48}{\376\377\000A\000l\000l\000\040\000d\000a\000t\000e\000w\000i\000s\000e\000\040\000e\000r\000r\000o\000r\000\040\000a\000c\000c\000o\000u\000n\000t\000s}{}% 93
\BOOKMARK [1][-]{section.0.49}{\376\377\000R\000e\000a\000d\000i\000n\000g\000\040\000a\000n\000d\000\040\000p\000r\000e\000s\000e\000r\000v\000a\000t\000i\000o\000n\000\040\000m\000a\000p}{}% 94
\BOOKMARK [1][-]{section.0.50}{\376\377\000E\000x\000e\000c\000u\000t\000e\000d\000\040\000a\000c\000t\000i\000o\000n\000-\000s\000e\000a\000r\000c\000h\000\040\000s\000e\000r\000v\000i\000c\000e\000s\000\040\000a\000n\000d\000\040\000c\000o\000m\000p\000l\000e\000t\000e\000\040\000n\000u\000m\000e\000r\000i\000c\000a\000l\000\040\000a\000c\000c\000o\000u\000n\000t\000s}{}% 95
\BOOKMARK [2][-]{subsection.0.50.1}{\376\377\000E\000x\000a\000c\000t\000\040\000s\000e\000a\000r\000c\000h\000\040\000a\000n\000d\000\040\000p\000r\000o\000p\000o\000s\000a\000l\000\040\000i\000d\000e\000n\000t\000i\000t\000y}{section.0.50}% 96
\BOOKMARK [2][-]{subsection.0.50.2}{\376\377\000E\000v\000e\000r\000y\000\040\000t\000a\000r\000g\000e\000t\000-\000s\000e\000r\000v\000i\000c\000e\000\040\000r\000e\000t\000u\000r\000n}{section.0.50}% 97
\BOOKMARK [2][-]{subsection.0.50.3}{\376\377\000I\000n\000d\000e\000p\000e\000n\000d\000e\000n\000t\000\040\000r\000e\000t\000u\000r\000n\000e\000d\000-\000p\000o\000l\000i\000c\000y\000\040\000c\000o\000m\000p\000a\000r\000i\000s\000o\000n\000s}{section.0.50}% 98
\BOOKMARK [2][-]{subsection.0.50.4}{\376\377\000W\000o\000r\000k\000,\000\040\000s\000t\000o\000r\000a\000g\000e\000\040\000a\000n\000d\000\040\000t\000h\000e\000\040\000r\000e\000c\000o\000r\000d\000e\000d\000\040\000t\000i\000m\000i\000n\000g\000\040\000b\000o\000u\000n\000d\000a\000r\000y}{section.0.50}% 99
\BOOKMARK [2][-]{subsection.0.50.5}{\376\377\000D\000a\000t\000e\000w\000i\000s\000e\000\040\000d\000e\000c\000o\000m\000p\000o\000s\000i\000t\000i\000o\000n\000\040\000a\000n\000d\000\040\000p\000r\000e\000s\000e\000r\000v\000a\000t\000i\000o\000n}{section.0.50}% 100
\BOOKMARK [1][-]{section.0.51}{\376\377\000L\000o\000s\000s\000l\000e\000s\000s\000\040\000n\000e\000u\000r\000a\000l\000-\000s\000e\000a\000r\000c\000h\000\040\000r\000e\000c\000o\000r\000d\000s}{}% 101
\BOOKMARK [2][-]{subsection.0.51.1}{\376\377\000F\000e\000a\000t\000u\000r\000e\000\040\000r\000e\000d\000u\000c\000t\000i\000o\000n\000,\000\040\000a\000r\000i\000t\000h\000m\000e\000t\000i\000c\000\040\000a\000n\000d\000\040\000f\000a\000l\000l\000b\000a\000c\000k}{section.0.51}% 102
\BOOKMARK [1][-]{section.0.52}{\376\377\000E\000v\000e\000r\000y\000\040\000t\000i\000m\000i\000n\000g\000\040\000r\000e\000p\000e\000t\000i\000t\000i\000o\000n\000\040\000a\000n\000d\000\040\000p\000a\000i\000d\000\040\000w\000o\000r\000k\000\040\000c\000o\000m\000p\000o\000n\000e\000n\000t}{}% 103
\BOOKMARK [1][-]{section.0.53}{\376\377\000D\000a\000t\000e\000w\000i\000s\000e\000\040\000a\000c\000c\000u\000r\000a\000c\000y\000\040\000a\000n\000d\000\040\000t\000h\000e\000\040\000i\000n\000v\000a\000r\000i\000a\000n\000t\000\040\000s\000t\000o\000p\000p\000i\000n\000g\000\040\000h\000i\000s\000t\000o\000r\000y}{}% 104
\BOOKMARK [1][-]{section.0.54}{\376\377\000S\000o\000u\000r\000c\000e\000\040\000p\000r\000o\000v\000e\000n\000a\000n\000c\000e\000\040\000a\000n\000d\000\040\000t\000h\000e\000\040\000s\000c\000o\000p\000e\000\040\000o\000f\000\040\000t\000h\000e\000\040\000r\000e\000v\000i\000s\000i\000o\000n}{}% 105
\BOOKMARK [1][-]{section.0.55}{\376\377\000E\000x\000a\000c\000t\000\040\000s\000e\000a\000r\000c\000h\000\040\000a\000n\000d\000\040\000c\000o\000m\000p\000l\000e\000t\000e\000-\000s\000e\000r\000v\000i\000c\000e\000\040\000r\000e\000c\000o\000r\000d\000s}{}% 106
\BOOKMARK [2][-]{subsection.0.55.1}{\376\377\000S\000o\000u\000r\000c\000e\000\040\000a\000n\000d\000\040\000e\000x\000e\000c\000u\000t\000i\000o\000n\000\040\000i\000d\000e\000n\000t\000i\000t\000i\000e\000s}{section.0.55}% 107
\BOOKMARK [2][-]{subsection.0.55.2}{\376\377\000E\000v\000e\000r\000y\000\040\000p\000r\000o\000s\000p\000e\000c\000t\000i\000v\000e\000\040\000r\000e\000t\000u\000r\000n}{section.0.55}% 108
\BOOKMARK [2][-]{subsection.0.55.3}{\376\377\000I\000n\000f\000e\000r\000e\000n\000c\000e\000\040\000a\000n\000d\000\040\000p\000o\000l\000i\000c\000y\000\040\000i\000d\000e\000n\000t\000i\000t\000y}{section.0.55}% 109
\BOOKMARK [1][-]{section.0.56}{\376\377\000C\000o\000m\000p\000l\000e\000t\000e\000\040\000i\000m\000p\000l\000e\000m\000e\000n\000t\000a\000t\000i\000o\000n\000\040\000a\000b\000l\000a\000t\000i\000o\000n\000s}{}% 110
\BOOKMARK [1][-]{section.0.57}{\376\377\000M\000u\000l\000t\000i\000-\000a\000c\000t\000i\000o\000n\000\040\000i\000n\000t\000e\000g\000r\000a\000t\000i\000o\000n\000\040\000a\000n\000d\000\040\000c\000o\000n\000s\000t\000r\000a\000i\000n\000e\000d\000\040\000r\000e\000c\000o\000v\000e\000r\000y}{}% 111
\BOOKMARK [1][-]{section.0.58}{\376\377\000O\000r\000i\000g\000i\000n\000a\000l\000-\000o\000p\000t\000i\000m\000u\000m\000\040\000b\000r\000a\000c\000k\000e\000t\000s\000\040\000a\000n\000d\000\040\000f\000i\000x\000e\000d\000-\000p\000o\000l\000i\000c\000y\000\040\000r\000e\000v\000a\000l\000i\000d\000a\000t\000i\000o\000n}{}% 112
\BOOKMARK [1][-]{section.0.59}{\376\377\000P\000u\000b\000l\000i\000c\000a\000t\000i\000o\000n\000\040\000a\000n\000d\000\040\000p\000r\000e\000s\000e\000r\000v\000a\000t\000i\000o\000n}{}% 113
\BOOKMARK [1][-]{section.0.60}{\376\377\000O\000r\000i\000g\000i\000n\000a\000l\000-\000o\000p\000t\000i\000m\000u\000m\000\040\000v\000e\000r\000i\000f\000i\000c\000a\000t\000i\000o\000n\000:\000\040\000i\000m\000p\000l\000e\000m\000e\000n\000t\000a\000t\000i\000o\000n\000\040\000a\000n\000d\000\040\000c\000o\000m\000p\000l\000e\000t\000e\000\040\000r\000e\000c\000o\000r\000d\000s}{}% 114
\BOOKMARK [2][-]{subsection.0.60.1}{\376\377\000P\000o\000s\000i\000t\000i\000v\000e\000\040\000i\000n\000t\000e\000r\000p\000o\000l\000a\000t\000i\000o\000n\000\040\000a\000n\000d\000\040\000a\000c\000q\000u\000i\000r\000e\000d\000\040\000a\000c\000t\000i\000o\000n\000s}{section.0.60}% 115
\BOOKMARK [2][-]{subsection.0.60.2}{\376\377\000S\000e\000p\000a\000r\000a\000t\000e\000\040\000c\000o\000n\000t\000i\000n\000u\000o\000u\000s\000-\000a\000c\000t\000i\000o\000n\000\040\000a\000n\000d\000\040\000i\000n\000n\000o\000v\000a\000t\000i\000o\000n\000\040\000e\000r\000r\000o\000r\000s}{section.0.60}% 116
\BOOKMARK [1][-]{section.0.61}{\376\377\000C\000o\000m\000p\000l\000e\000t\000e\000\040\000p\000o\000l\000i\000c\000y\000\040\000c\000o\000s\000t\000s\000\040\000a\000n\000d\000\040\000f\000i\000n\000i\000t\000e\000\040\000e\000c\000o\000n\000o\000m\000i\000c\000\040\000d\000e\000c\000i\000s\000i\000o\000n\000s}{}% 117
\BOOKMARK [1][-]{section.0.62}{\376\377\000C\000o\000m\000b\000i\000n\000e\000d\000\040\000r\000e\000s\000o\000u\000r\000c\000e\000\040\000a\000n\000d\000\040\000r\000e\000l\000i\000a\000b\000i\000l\000i\000t\000y\000\040\000a\000c\000c\000o\000u\000n\000t}{}% 118
\BOOKMARK [2][-]{section*.7}{\376\377\000C\000l\000o\000s\000i\000n\000g\000\040\000t\000h\000e\000\040\000m\000e\000a\000s\000u\000r\000e\000d\000\040\000p\000r\000o\000d\000u\000c\000t\000i\000o\000n\000\040\000b\000o\000u\000n\000d\000a\000r\000y\000.}{section.0.62}% 119
\BOOKMARK [1][-]{bibliography-section.1}{\376\377\000R\000e\000f\000e\000r\000e\000n\000c\000e\000s}{}% 120
