\BOOKMARK [1][-]{section.0.1}{\376\377\000E\000x\000e\000c\000u\000t\000i\000o\000n\000,\000\040\000n\000u\000m\000e\000r\000i\000c\000a\000l\000\040\000s\000e\000m\000a\000n\000t\000i\000c\000s\000\040\000a\000n\000d\000\040\000c\000o\000m\000p\000l\000e\000t\000e\000\040\000r\000e\000c\000o\000r\000d\000s}{}% 1
\BOOKMARK [2][-]{subsection.0.1.1}{\376\377\000S\000o\000u\000r\000c\000e\000\040\000a\000n\000d\000\040\000o\000u\000t\000c\000o\000m\000e\000\040\000i\000d\000e\000n\000t\000i\000t\000y}{section.0.1}% 2
\BOOKMARK [2][-]{subsection.0.1.2}{\376\377\000C\000r\000o\000s\000s\000-\000p\000l\000a\000t\000f\000o\000r\000m\000\040\000m\000o\000m\000e\000n\000t\000\040\000v\000e\000r\000i\000f\000i\000c\000a\000t\000i\000o\000n}{section.0.1}% 3
\BOOKMARK [2][-]{subsection.0.1.3}{\376\377\000R\000e\000s\000i\000d\000u\000a\000l\000\040\000c\000a\000c\000h\000e\000\040\000a\000n\000d\000\040\000s\000i\000g\000n\000e\000d\000\040\000t\000u\000b\000e\000s}{section.0.1}% 4
\BOOKMARK [2][-]{subsection.0.1.4}{\376\377\000E\000x\000a\000c\000t\000\040\000n\000e\000u\000r\000a\000l\000\040\000a\000c\000t\000i\000o\000n\000\040\000s\000e\000a\000r\000c\000h}{section.0.1}% 5
\BOOKMARK [1][-]{section.0.2}{\376\377\000C\000o\000m\000p\000l\000e\000t\000e\000\040\000p\000r\000o\000s\000p\000e\000c\000t\000i\000v\000e\000-\000s\000e\000r\000v\000i\000c\000e\000\040\000r\000e\000g\000i\000s\000t\000r\000y}{}% 6
\BOOKMARK [1][-]{section.0.3}{\376\377\000A\000l\000l\000\040\000f\000i\000n\000a\000l\000\040\000e\000c\000o\000n\000o\000m\000i\000c\000\040\000i\000n\000t\000e\000r\000v\000a\000l\000s}{}% 7
\BOOKMARK [1][-]{section.0.4}{\376\377\000A\000l\000l\000\040\000d\000a\000t\000e\000w\000i\000s\000e\000\040\000e\000r\000r\000o\000r\000\040\000a\000c\000c\000o\000u\000n\000t\000s}{}% 8
\BOOKMARK [1][-]{section.0.5}{\376\377\000R\000e\000a\000d\000i\000n\000g\000\040\000a\000n\000d\000\040\000p\000r\000e\000s\000e\000r\000v\000a\000t\000i\000o\000n\000\040\000m\000a\000p}{}% 9
\BOOKMARK [1][-]{section.0.6}{\376\377\000E\000x\000e\000c\000u\000t\000e\000d\000\040\000a\000c\000t\000i\000o\000n\000-\000s\000e\000a\000r\000c\000h\000\040\000s\000e\000r\000v\000i\000c\000e\000s\000\040\000a\000n\000d\000\040\000c\000o\000m\000p\000l\000e\000t\000e\000\040\000n\000u\000m\000e\000r\000i\000c\000a\000l\000\040\000a\000c\000c\000o\000u\000n\000t\000s}{}% 10
\BOOKMARK [2][-]{subsection.0.6.1}{\376\377\000E\000x\000a\000c\000t\000\040\000s\000e\000a\000r\000c\000h\000\040\000a\000n\000d\000\040\000p\000r\000o\000p\000o\000s\000a\000l\000\040\000i\000d\000e\000n\000t\000i\000t\000y}{section.0.6}% 11
\BOOKMARK [2][-]{subsection.0.6.2}{\376\377\000E\000v\000e\000r\000y\000\040\000t\000a\000r\000g\000e\000t\000-\000s\000e\000r\000v\000i\000c\000e\000\040\000r\000e\000t\000u\000r\000n}{section.0.6}% 12
\BOOKMARK [2][-]{subsection.0.6.3}{\376\377\000I\000n\000d\000e\000p\000e\000n\000d\000e\000n\000t\000\040\000r\000e\000t\000u\000r\000n\000e\000d\000-\000p\000o\000l\000i\000c\000y\000\040\000c\000o\000m\000p\000a\000r\000i\000s\000o\000n\000s}{section.0.6}% 13
\BOOKMARK [2][-]{subsection.0.6.4}{\376\377\000W\000o\000r\000k\000,\000\040\000s\000t\000o\000r\000a\000g\000e\000\040\000a\000n\000d\000\040\000t\000h\000e\000\040\000r\000e\000c\000o\000r\000d\000e\000d\000\040\000t\000i\000m\000i\000n\000g\000\040\000b\000o\000u\000n\000d\000a\000r\000y}{section.0.6}% 14
\BOOKMARK [2][-]{subsection.0.6.5}{\376\377\000D\000a\000t\000e\000w\000i\000s\000e\000\040\000d\000e\000c\000o\000m\000p\000o\000s\000i\000t\000i\000o\000n\000\040\000a\000n\000d\000\040\000p\000r\000e\000s\000e\000r\000v\000a\000t\000i\000o\000n}{section.0.6}% 15
\BOOKMARK [1][-]{section.0.7}{\376\377\000L\000o\000s\000s\000l\000e\000s\000s\000\040\000n\000e\000u\000r\000a\000l\000-\000s\000e\000a\000r\000c\000h\000\040\000r\000e\000c\000o\000r\000d\000s}{}% 16
\BOOKMARK [2][-]{subsection.0.7.1}{\376\377\000F\000e\000a\000t\000u\000r\000e\000\040\000r\000e\000d\000u\000c\000t\000i\000o\000n\000,\000\040\000a\000r\000i\000t\000h\000m\000e\000t\000i\000c\000\040\000a\000n\000d\000\040\000f\000a\000l\000l\000b\000a\000c\000k}{section.0.7}% 17
\BOOKMARK [1][-]{section.0.8}{\376\377\000E\000v\000e\000r\000y\000\040\000t\000i\000m\000i\000n\000g\000\040\000r\000e\000p\000e\000t\000i\000t\000i\000o\000n\000\040\000a\000n\000d\000\040\000p\000a\000i\000d\000\040\000w\000o\000r\000k\000\040\000c\000o\000m\000p\000o\000n\000e\000n\000t}{}% 18
\BOOKMARK [1][-]{section.0.9}{\376\377\000D\000a\000t\000e\000w\000i\000s\000e\000\040\000a\000c\000c\000u\000r\000a\000c\000y\000\040\000a\000n\000d\000\040\000t\000h\000e\000\040\000i\000n\000v\000a\000r\000i\000a\000n\000t\000\040\000s\000t\000o\000p\000p\000i\000n\000g\000\040\000h\000i\000s\000t\000o\000r\000y}{}% 19
\BOOKMARK [1][-]{section.0.10}{\376\377\000S\000o\000u\000r\000c\000e\000\040\000p\000r\000o\000v\000e\000n\000a\000n\000c\000e\000\040\000a\000n\000d\000\040\000t\000h\000e\000\040\000s\000c\000o\000p\000e\000\040\000o\000f\000\040\000t\000h\000e\000\040\000r\000e\000v\000i\000s\000i\000o\000n}{}% 20
\BOOKMARK [1][-]{section.0.11}{\376\377\000E\000x\000a\000c\000t\000\040\000s\000e\000a\000r\000c\000h\000\040\000a\000n\000d\000\040\000c\000o\000m\000p\000l\000e\000t\000e\000-\000s\000e\000r\000v\000i\000c\000e\000\040\000r\000e\000c\000o\000r\000d\000s}{}% 21
\BOOKMARK [2][-]{subsection.0.11.1}{\376\377\000S\000o\000u\000r\000c\000e\000\040\000a\000n\000d\000\040\000e\000x\000e\000c\000u\000t\000i\000o\000n\000\040\000i\000d\000e\000n\000t\000i\000t\000i\000e\000s}{section.0.11}% 22
\BOOKMARK [2][-]{subsection.0.11.2}{\376\377\000E\000v\000e\000r\000y\000\040\000p\000r\000o\000s\000p\000e\000c\000t\000i\000v\000e\000\040\000r\000e\000t\000u\000r\000n}{section.0.11}% 23
\BOOKMARK [2][-]{subsection.0.11.3}{\376\377\000I\000n\000f\000e\000r\000e\000n\000c\000e\000\040\000a\000n\000d\000\040\000p\000o\000l\000i\000c\000y\000\040\000i\000d\000e\000n\000t\000i\000t\000y}{section.0.11}% 24
\BOOKMARK [1][-]{section.0.12}{\376\377\000C\000o\000m\000p\000l\000e\000t\000e\000\040\000i\000m\000p\000l\000e\000m\000e\000n\000t\000a\000t\000i\000o\000n\000\040\000a\000b\000l\000a\000t\000i\000o\000n\000s}{}% 25
\BOOKMARK [1][-]{section.0.13}{\376\377\000M\000u\000l\000t\000i\000-\000a\000c\000t\000i\000o\000n\000\040\000i\000n\000t\000e\000g\000r\000a\000t\000i\000o\000n\000\040\000a\000n\000d\000\040\000c\000o\000n\000s\000t\000r\000a\000i\000n\000e\000d\000\040\000r\000e\000c\000o\000v\000e\000r\000y}{}% 26
\BOOKMARK [1][-]{section.0.14}{\376\377\000O\000r\000i\000g\000i\000n\000a\000l\000-\000o\000p\000t\000i\000m\000u\000m\000\040\000b\000r\000a\000c\000k\000e\000t\000s\000\040\000a\000n\000d\000\040\000f\000i\000x\000e\000d\000-\000p\000o\000l\000i\000c\000y\000\040\000r\000e\000v\000a\000l\000i\000d\000a\000t\000i\000o\000n}{}% 27
\BOOKMARK [1][-]{section.0.15}{\376\377\000P\000u\000b\000l\000i\000c\000a\000t\000i\000o\000n\000\040\000a\000n\000d\000\040\000p\000r\000e\000s\000e\000r\000v\000a\000t\000i\000o\000n}{}% 28
\BOOKMARK [1][-]{section.0.16}{\376\377\000O\000r\000i\000g\000i\000n\000a\000l\000-\000o\000p\000t\000i\000m\000u\000m\000\040\000v\000e\000r\000i\000f\000i\000c\000a\000t\000i\000o\000n\000:\000\040\000i\000m\000p\000l\000e\000m\000e\000n\000t\000a\000t\000i\000o\000n\000\040\000a\000n\000d\000\040\000c\000o\000m\000p\000l\000e\000t\000e\000\040\000r\000e\000c\000o\000r\000d\000s}{}% 29
\BOOKMARK [2][-]{subsection.0.16.1}{\376\377\000P\000o\000s\000i\000t\000i\000v\000e\000\040\000i\000n\000t\000e\000r\000p\000o\000l\000a\000t\000i\000o\000n\000\040\000a\000n\000d\000\040\000a\000c\000q\000u\000i\000r\000e\000d\000\040\000a\000c\000t\000i\000o\000n\000s}{section.0.16}% 30
\BOOKMARK [2][-]{subsection.0.16.2}{\376\377\000S\000e\000p\000a\000r\000a\000t\000e\000\040\000c\000o\000n\000t\000i\000n\000u\000o\000u\000s\000-\000a\000c\000t\000i\000o\000n\000\040\000a\000n\000d\000\040\000i\000n\000n\000o\000v\000a\000t\000i\000o\000n\000\040\000e\000r\000r\000o\000r\000s}{section.0.16}% 31
\BOOKMARK [1][-]{section.0.17}{\376\377\000C\000o\000m\000p\000l\000e\000t\000e\000\040\000p\000o\000l\000i\000c\000y\000\040\000c\000o\000s\000t\000s\000\040\000a\000n\000d\000\040\000f\000i\000n\000i\000t\000e\000\040\000e\000c\000o\000n\000o\000m\000i\000c\000\040\000d\000e\000c\000i\000s\000i\000o\000n\000s}{}% 32
\BOOKMARK [1][-]{section.0.18}{\376\377\000C\000o\000m\000b\000i\000n\000e\000d\000\040\000r\000e\000s\000o\000u\000r\000c\000e\000\040\000a\000n\000d\000\040\000r\000e\000l\000i\000a\000b\000i\000l\000i\000t\000y\000\040\000a\000c\000c\000o\000u\000n\000t}{}% 33
\BOOKMARK [2][-]{section*.1}{\376\377\000C\000l\000o\000s\000i\000n\000g\000\040\000t\000h\000e\000\040\000m\000e\000a\000s\000u\000r\000e\000d\000\040\000p\000r\000o\000d\000u\000c\000t\000i\000o\000n\000\040\000b\000o\000u\000n\000d\000a\000r\000y\000.}{section.0.18}% 34
\BOOKMARK [1][-]{bibliography-section.1}{\376\377\000R\000e\000f\000e\000r\000e\000n\000c\000e\000s}{}% 35
