1/1 feasible solution given by solution candidate storage, new primal bound 3.964907e+00

presolving:
(round 1, fast)       5 del vars, 1724 del conss, 0 add conss, 18 chg bounds, 0 chg sides, 0 chg coeffs, 0 upgd conss, 0 impls, 0 clqs, 0 implints
(round 2, fast)       5 del vars, 1725 del conss, 0 add conss, 19 chg bounds, 0 chg sides, 0 chg coeffs, 0 upgd conss, 0 impls, 0 clqs, 0 implints
(round 3, exhaustive) 5 del vars, 2205 del conss, 0 add conss, 19 chg bounds, 480 chg sides, 0 chg coeffs, 0 upgd conss, 0 impls, 0 clqs, 0 implints
   (0.0s) symmetry computation started: requiring (bin +, int +, cont +), (fixed: bin -, int -, cont -)
   (0.0s) no symmetry present (symcode time: 0.00)
presolving (4 rounds: 4 fast, 2 medium, 2 exhaustive):
 5 deleted vars, 2205 deleted constraints, 0 added constraints, 19 tightened bounds, 0 added holes, 480 changed sides, 0 changed coefficients
 0 implications, 0 cliques, 0 implied integral variables (0 bin, 0 int, 0 cont)
presolved problem has 251 variables (0 bin, 0 int, 251 cont) and 355 constraints
    257 constraints of type <linear>
     98 constraints of type <nonlinear>
Presolving Time: 0.05
transformed 1/1 original solutions to the transformed problem space

 time | node  | left  |LP iter|LP it/n|mem/heur|mdpt |vars |cons |rows |cuts |sepa|confs|strbr|  dualbound   | primalbound  |  gap   | compl. 
  0.1s|     1 |     0 |  1037 |     - |    13M |   0 |1021 | 355 |1333 |   0 |  0 |   0 |   0 | 3.717237e+00 | 3.964907e+00 |   6.66%| unknown
L 0.2s|     1 |     0 |  1037 |     - |undercov|   0 |1021 | 355 |1333 |   0 |  0 |   0 |   0 | 3.717237e+00 | 3.787987e+00 |   1.90%| unknown
L 0.2s|     1 |     0 |  1037 |     - |undercov|   0 |1021 | 355 |1333 |   0 |  0 |   0 |   0 | 3.717237e+00 | 3.769185e+00 |   1.40%| unknown
  0.2s|     1 |     0 |  1383 |     - |    14M |   0 |1021 | 355 |1607 | 274 |  1 |   0 |   0 | 3.765801e+00 | 3.769185e+00 |   0.09%| unknown
  0.2s|     1 |     0 |  1417 |     - |    14M |   0 |1021 | 355 |1633 | 300 |  2 |   0 |   0 | 3.766918e+00 | 3.769185e+00 |   0.06%| unknown
  0.2s|     1 |     0 |  1420 |     - |    14M |   0 |1021 | 355 |1636 | 303 |  3 |   0 |   0 | 3.766949e+00 | 3.769185e+00 |   0.06%| unknown
  1.1s|     1 |     0 | 20121 |     - |    15M |   0 |1021 | 166 |1636 | 303 |  4 |   0 |   0 | 3.766949e+00 | 3.769185e+00 |   0.06%| unknown
  1.1s|     1 |     0 | 20206 |     - |    15M |   0 |1021 | 166 |1723 | 390 |  5 |   0 |   0 | 3.768942e+00 | 3.769185e+00 |   0.01%| unknown

SCIP Status        : solving was interrupted [gap limit reached]
Solving Time (sec) : 1.06
Solving Nodes      : 1
Primal Bound       : +3.76918527480054e+00 (3 solutions)
Dual Bound         : +3.76894225054355e+00
Gap                : 0.01 %
  [linear] <c2296>: <S_7_1>[C] (+4.50178365e-10) +256<D_7_1>[C] (-1.33826946e-11) >= 0;
;
violation: left hand side is violated by 2.9757914541884e-09
best solution is not feasible in original problem
