1/1 feasible solution given by solution candidate storage, new primal bound 5.428755e+00

presolving:
(round 1, fast)       0 del vars, 1732 del conss, 0 add conss, 33 chg bounds, 0 chg sides, 0 chg coeffs, 0 upgd conss, 0 impls, 0 clqs, 0 implints
(round 2, fast)       0 del vars, 1733 del conss, 0 add conss, 33 chg bounds, 0 chg sides, 0 chg coeffs, 0 upgd conss, 0 impls, 0 clqs, 0 implints
(round 3, exhaustive) 0 del vars, 2139 del conss, 0 add conss, 33 chg bounds, 406 chg sides, 0 chg coeffs, 0 upgd conss, 0 impls, 0 clqs, 0 implints
   (0.0s) symmetry computation started: requiring (bin +, int +, cont +), (fixed: bin -, int -, cont -)
   (0.0s) no symmetry present (symcode time: 0.00)
presolving (4 rounds: 4 fast, 2 medium, 2 exhaustive):
 0 deleted vars, 2139 deleted constraints, 0 added constraints, 33 tightened bounds, 0 added holes, 406 changed sides, 0 changed coefficients
 0 implications, 0 cliques, 0 implied integral variables (0 bin, 0 int, 0 cont)
presolved problem has 256 variables (0 bin, 0 int, 256 cont) and 421 constraints
    309 constraints of type <linear>
    112 constraints of type <nonlinear>
Presolving Time: 0.05
transformed 1/1 original solutions to the transformed problem space

 time | node  | left  |LP iter|LP it/n|mem/heur|mdpt |vars |cons |rows |cuts |sepa|confs|strbr|  dualbound   | primalbound  |  gap   | compl. 
  0.1s|     1 |     0 |  1111 |     - |    13M |   0 |1152 | 421 |1597 |   0 |  0 |   0 |   0 | 4.716939e+00 | 5.428755e+00 |  15.09%| unknown
L 0.2s|     1 |     0 |  1111 |     - |undercov|   0 |1152 | 421 |1597 |   0 |  0 |   0 |   0 | 4.716939e+00 | 4.874109e+00 |   3.33%| unknown
  0.3s|     1 |     0 |  1404 |     - |    15M |   0 |1152 | 421 |1875 | 278 |  1 |   0 |   0 | 4.802097e+00 | 4.874109e+00 |   1.50%| unknown
  0.3s|     1 |     0 |  1485 |     - |    15M |   0 |1152 | 421 |1941 | 344 |  2 |   0 |   0 | 4.846764e+00 | 4.874109e+00 |   0.56%| unknown
  0.3s|     1 |     0 |  1542 |     - |    15M |   0 |1152 | 421 |1974 | 377 |  3 |   0 |   0 | 4.860465e+00 | 4.874109e+00 |   0.28%| unknown
  0.3s|     1 |     0 |  1562 |     - |    15M |   0 |1152 | 421 |1984 | 387 |  4 |   0 |   0 | 4.861259e+00 | 4.874109e+00 |   0.26%| unknown
  0.3s|     1 |     0 |  1567 |     - |    15M |   0 |1152 | 421 |1988 | 391 |  5 |   0 |   0 | 4.861291e+00 | 4.874109e+00 |   0.26%| unknown
  1.4s|     1 |     0 | 31064 |     - |    17M |   0 |1152 | 279 |1988 | 391 |  6 |   0 |   0 | 4.861291e+00 | 4.874109e+00 |   0.26%| unknown
  1.4s|     1 |     0 | 31163 |     - |    17M |   0 |1152 | 279 |2092 | 495 |  7 |   0 |   0 | 4.870453e+00 | 4.874109e+00 |   0.08%| unknown
  1.4s|     1 |     0 | 31196 |     - |    17M |   0 |1152 | 279 |2117 | 520 |  8 |   0 |   0 | 4.871590e+00 | 4.874109e+00 |   0.05%| unknown
  1.4s|     1 |     0 | 31230 |     - |    17M |   0 |1152 | 279 |2138 | 541 |  9 |   0 |   0 | 4.872243e+00 | 4.874109e+00 |   0.04%| unknown
  1.4s|     1 |     0 | 31247 |     - |    17M |   0 |1152 | 279 |2158 | 561 | 10 |   0 |   0 | 4.872678e+00 | 4.874109e+00 |   0.03%| unknown
  1.4s|     1 |     0 | 31251 |     - |    17M |   0 |1152 | 279 |2164 | 567 | 11 |   0 |   0 | 4.872699e+00 | 4.874109e+00 |   0.03%| unknown
  3.4s|     1 |     0 | 64653 |     - |    19M |   0 |1152 | 279 |1186 | 568 | 12 |   0 |   0 | 4.872757e+00 | 4.874109e+00 |   0.03%| unknown
  3.4s|     1 |     0 | 64655 |     - |    19M |   0 |1152 | 279 |1188 | 570 | 13 |   0 |   0 | 4.872762e+00 | 4.874109e+00 |   0.03%| unknown
 time | node  | left  |LP iter|LP it/n|mem/heur|mdpt |vars |cons |rows |cuts |sepa|confs|strbr|  dualbound   | primalbound  |  gap   | compl. 
  3.4s|     1 |     2 | 65069 |     - |    19M |   0 |1152 | 279 |1188 | 570 | 14 |   0 |   0 | 4.872762e+00 | 4.874109e+00 |   0.03%| unknown

SCIP Status        : solving was interrupted [gap limit reached]
Solving Time (sec) : 3.55
Solving Nodes      : 11
Primal Bound       : +4.87410905636222e+00 (2 solutions)
Dual Bound         : +4.87327707129499e+00
Gap                : 0.02 %
