baseline 0.125 0.425 0.00019674068402686373 -0.0002093269611783688 0.00040606764520523253
baseline 0.25 0.45 0.00032452964534790407 -5.300125090501595e-05 0.00037753089625292
cardinal_tilt_-1 0.125 0.425 9.009203282062117e-05 8.700184629784058e-05 3.0901865227805914e-06
cardinal_tilt_-1 0.25 0.45 0.00014793853376171562 0.00014452303008594125 3.4155036757743673e-06
cardinal_tilt_-0.25 0.125 0.425 0.00015563807312157785 -0.0001352129698167781 0.00029085104293835595
cardinal_tilt_-0.25 0.25 0.45 0.0002589414707303561 -3.620180657248895e-06 0.000262561651387605
cardinal_tilt_0.25 0.125 0.425 0.00023858424246092635 -0.0002850105197422792 0.0005235947622032056
cardinal_tilt_0.25 0.25 0.45 0.00039146313857418846 -0.00010238232115267198 0.0004938454597268604
cardinal_tilt_1 0.125 0.425 0.0003802188268992035 -0.0005176829870084942 0.0008979018139076977
cardinal_tilt_1 0.25 0.45 0.0006070894242664604 -0.00025248542138356367 0.0008595748456500241
cardinal_tilt_2 0.125 0.425 0.0005590228956559029 -0.0008318831004432425 0.0013909059960991454
cardinal_tilt_2 0.25 0.45 0.0008538742511322583 -0.0004581206930626136 0.001311994944194872
normalization_scale_0 0.125 0.425 0.0009198080953765203 0.0009198080391304986 5.6246021729045026e-11
normalization_scale_0 0.25 0.45 0.0008043480866723463 0.0008043480276309078 5.90414384049609e-11
normalization_scale_0.5 0.125 0.425 0.001165510930791147 0.0010524252967691883 0.00011308563402195881
normalization_scale_0.5 0.25 0.45 0.001238347587873112 0.0011365026530450462 0.00010184493482806589
normalization_scale_1.5 0.125 0.425 -0.000895243114250821 -0.001582399750680974 0.0006871566364301529
normalization_scale_1.5 0.25 0.45 -0.0007206456685744378 -0.0013612162032490271 0.0006405705346745894
normalization_scale_2 0.125 0.425 -0.002023216640103742 -0.0029844187711378645 0.0009612021310341223
normalization_scale_2 0.25 0.45 -0.0018042504108755075 -0.002703939784513665 0.0008996893736381573
settlement_scale_0 0.125 0.425 -0.0020024433469181258 -0.0024772804983970165 0.0004748371514788907
settlement_scale_0 0.25 0.45 -0.0018469206705324925 -0.002285461950081169 0.0004385412795486765
settlement_scale_0.5 0.125 0.425 -0.0008366158326091888 -0.0012724006447237812 0.0004357848121145924
settlement_scale_0.5 0.25 0.45 -0.0007000847803443344 -0.001103229135622219 0.0004031443552778846
settlement_scale_2 0.125 0.425 0.0021188739147742774 0.001785474110339802 0.0003333998044344755
settlement_scale_2 0.25 0.45 0.002223453470991621 0.0019232537977575959 0.0003001996732340251
duration_or_covariance_contract 0.125 0.0 -0.0008013410167511115 -0.001228608780176721 0.00042726776342560946
duration_or_covariance_contract 0.125 0.4 0.00013916458663643105 -0.00026771047136286974 0.0004068750579993008
duration_or_covariance_contract 0.125 0.45 0.0002543167814171854 -0.00015170847779832908 0.00040602525921551447
duration_or_covariance_contract 0.125 1.0 0.0013289719339926453 0.0010387442326303398 0.0002902277013623056
duration_or_covariance_contract 0.0 0.425 0.00012647098074736185 -0.00031050853117176036 0.0004369795119191222
duration_or_covariance_contract 0.25 0.425 0.00026695354795780446 -0.00011057734829522659 0.00037753089625303105
duration_or_covariance_contract 0.5 0.425 0.00040714337722580485 8.556551760752207e-05 0.0003215778596182828
duration_or_covariance_contract 1.0 0.425 0.000686094189655484 0.0004726936631221923 0.00021340052653329167
zero_covariance_law 0.125 0.425 0.000413454572232963 9.752015131814229e-05 0.0003159344209148207
zero_covariance_law 0.25 0.45 0.00047125912065248965 0.00015532469973777996 0.0003159344209147097
