{
  "specification": {
    "nx": 145,
    "nu": 33,
    "steps": 8,
    "include_proposals": true,
    "correlation_low": -0.25,
    "correlation_high": 0.25,
    "cardinal_tilt": 0.0,
    "settlement_scale": 1.0,
    "normalization_scale": 1.0,
    "cost": 2.0
  },
  "region": [
    0.0,
    0.125,
    0.4,
    0.425
  ],
  "rows": [
    {
      "method": "chord",
      "lower_bank": "full_menu",
      "bounds": {
        "adjusted": [
          0.00021142939536356617,
          0.0003357279348212781
        ],
        "fixed": [
          -0.00021442242568258643,
          -5.740142333477436e-05
        ]
      },
      "class_gaps": {
        "adjusted": {
          "positive": 8.587046851302958e-07,
          "nonpositive": 8.419348043129602e-07
        },
        "fixed": {
          "positive": 6.509740780811455e-07,
          "nonpositive": 6.884134864324707e-07
        }
      },
      "signs_certified": true,
      "upper_seconds": 11.524013272999923,
      "certificate_seconds": 0.0012094779999642924,
      "build_seconds": 13.553974348999986,
      "anchor_seconds": 15.90555089999998,
      "evaluation_seconds": 19.022238717000164,
      "independent_validation_seconds": 0.8608577490001608,
      "total_seconds": 60.86784446600018
    },
    {
      "method": "count",
      "lower_bank": "full_menu",
      "bounds": {
        "adjusted": [
          0.00021142939536356617,
          0.0003357279348212781
        ],
        "fixed": [
          -0.00021442242568258643,
          -5.740142333477436e-05
        ]
      },
      "class_gaps": {
        "adjusted": {
          "positive": 2.3930661607309815e-07,
          "nonpositive": 2.5915676881684816e-07
        },
        "fixed": {
          "positive": 2.473469121686776e-07,
          "nonpositive": 2.675183396969814e-07
        }
      },
      "signs_certified": true,
      "upper_seconds": 43.20873975400002,
      "certificate_seconds": 0.001194193999936033,
      "build_seconds": 13.553974348999986,
      "anchor_seconds": 15.90555089999998,
      "evaluation_seconds": 19.022238717000164,
      "independent_validation_seconds": 0.8608577490001608,
      "total_seconds": 92.55255566300025
    },
    {
      "method": "chord",
      "lower_bank": "mesh_only",
      "bounds": {
        "adjusted": [
          0.0002098020619415499,
          0.0003381689491478377
        ],
        "fixed": [
          -0.0002147610713789603,
          -5.7055547096235484e-05
        ]
      },
      "signs_certified": true,
      "build_seconds": 13.553974348999986,
      "upper_anchor_seconds": 15.90555089999998,
      "lower_anchor_seconds": 18.48310475599999,
      "lower_evaluation_validation_seconds": 11.000171029000057,
      "upper_seconds": 11.524013272999923,
      "certificate_seconds": 0.001118308999934925,
      "total_seconds": 70.46793261599987
    }
  ],
  "checks": [
    {
      "adjustment": true,
      "theta": 0.0,
      "d": 0.4,
      "sign": "positive",
      "value": -0.78275248220423,
      "direct_error": 8.881784197001252e-16,
      "coefficient_error": 0.0
    },
    {
      "adjustment": true,
      "theta": 0.0,
      "d": 0.4,
      "sign": "nonpositive",
      "value": -0.7829641115995934,
      "direct_error": 8.881784197001252e-16,
      "coefficient_error": 1.1102230246251565e-16
    },
    {
      "adjustment": true,
      "theta": 0.0,
      "d": 0.425,
      "sign": "positive",
      "value": -0.760455813624638,
      "direct_error": 8.881784197001252e-16,
      "coefficient_error": 0.0
    },
    {
      "adjustment": true,
      "theta": 0.0,
      "d": 0.425,
      "sign": "nonpositive",
      "value": -0.7607214234728605,
      "direct_error": 6.661338147750939e-16,
      "coefficient_error": 1.1102230246251565e-16
    },
    {
      "adjustment": true,
      "theta": 0.125,
      "d": 0.4,
      "sign": "positive",
      "value": -0.7827496315521826,
      "direct_error": 8.881784197001252e-16,
      "coefficient_error": 1.1102230246251565e-16
    },
    {
      "adjustment": true,
      "theta": 0.125,
      "d": 0.4,
      "sign": "nonpositive",
      "value": -0.7830311988822715,
      "direct_error": 8.881784197001252e-16,
      "coefficient_error": 3.3306690738754696e-16
    },
    {
      "adjustment": true,
      "theta": 0.125,
      "d": 0.425,
      "sign": "positive",
      "value": -0.7604529236876211,
      "direct_error": 8.881784197001252e-16,
      "coefficient_error": 1.1102230246251565e-16
    },
    {
      "adjustment": true,
      "theta": 0.125,
      "d": 0.425,
      "sign": "nonpositive",
      "value": -0.7607884516224424,
      "direct_error": 8.881784197001252e-16,
      "coefficient_error": 0.0
    },
    {
      "adjustment": false,
      "theta": 0.0,
      "d": 0.4,
      "sign": "positive",
      "value": -0.8183531420982935,
      "direct_error": 8.881784197001252e-16,
      "coefficient_error": 0.0
    },
    {
      "adjustment": false,
      "theta": 0.0,
      "d": 0.4,
      "sign": "nonpositive",
      "value": -0.8181389196726109,
      "direct_error": 8.881784197001252e-16,
      "coefficient_error": 1.1102230246251565e-16
    },
    {
      "adjustment": false,
      "theta": 0.0,
      "d": 0.425,
      "sign": "positive",
      "value": -0.7960584497280233,
      "direct_error": 8.881784197001252e-16,
      "coefficient_error": 0.0
    },
    {
      "adjustment": false,
      "theta": 0.0,
      "d": 0.425,
      "sign": "nonpositive",
      "value": -0.7958990003564735,
      "direct_error": 8.881784197001252e-16,
      "coefficient_error": 1.1102230246251565e-16
    },
    {
      "adjustment": false,
      "theta": 0.125,
      "d": 0.4,
      "sign": "positive",
      "value": -0.8183454708408999,
      "direct_error": 8.881784197001252e-16,
      "coefficient_error": 1.1102230246251565e-16
    },
    {
      "adjustment": false,
      "theta": 0.125,
      "d": 0.4,
      "sign": "nonpositive",
      "value": -0.8182331330491769,
      "direct_error": 1.3322676295501878e-15,
      "coefficient_error": 2.220446049250313e-16
    },
    {
      "adjustment": false,
      "theta": 0.125,
      "d": 0.425,
      "sign": "positive",
      "value": -0.7960506777815861,
      "direct_error": 1.3322676295501878e-15,
      "coefficient_error": 2.220446049250313e-16
    },
    {
      "adjustment": false,
      "theta": 0.125,
      "d": 0.425,
      "sign": "nonpositive",
      "value": -0.7959930763582516,
      "direct_error": 1.3322676295501878e-15,
      "coefficient_error": 1.1102230246251565e-16
    }
  ],
  "mesh_checks": [
    {
      "adjustment": true,
      "theta": 0.0,
      "d": 0.4,
      "sign": "positive",
      "direct_error": 8.881784197001252e-16,
      "value": -0.7827541095376521
    },
    {
      "adjustment": true,
      "theta": 0.0,
      "d": 0.4,
      "sign": "nonpositive",
      "direct_error": 8.881784197001252e-16,
      "value": -0.7829668018499085
    },
    {
      "adjustment": true,
      "theta": 0.0,
      "d": 0.425,
      "sign": "positive",
      "direct_error": 8.881784197001252e-16,
      "value": -0.7604574274418717
    },
    {
      "adjustment": true,
      "theta": 0.0,
      "d": 0.425,
      "sign": "nonpositive",
      "direct_error": 8.881784197001252e-16,
      "value": -0.7607241003295462
    },
    {
      "adjustment": true,
      "theta": 0.125,
      "d": 0.4,
      "sign": "positive",
      "direct_error": 8.881784197001252e-16,
      "value": -0.7827512900089478
    },
    {
      "adjustment": true,
      "theta": 0.125,
      "d": 0.4,
      "sign": "nonpositive",
      "direct_error": 8.881784197001252e-16,
      "value": -0.7830336431088983
    },
    {
      "adjustment": true,
      "theta": 0.125,
      "d": 0.425,
      "sign": "positive",
      "direct_error": 8.881784197001252e-16,
      "value": -0.7604545751827894
    },
    {
      "adjustment": true,
      "theta": 0.125,
      "d": 0.425,
      "sign": "nonpositive",
      "direct_error": 8.881784197001252e-16,
      "value": -0.7607908926367688
    },
    {
      "adjustment": false,
      "theta": 0.0,
      "d": 0.4,
      "sign": "positive",
      "direct_error": 8.881784197001252e-16,
      "value": -0.8183534807439896
    },
    {
      "adjustment": false,
      "theta": 0.0,
      "d": 0.4,
      "sign": "nonpositive",
      "direct_error": 8.881784197001252e-16,
      "value": -0.8181392586217355
    },
    {
      "adjustment": false,
      "theta": 0.0,
      "d": 0.425,
      "sign": "positive",
      "direct_error": 8.881784197001252e-16,
      "value": -0.7960587751563266
    },
    {
      "adjustment": false,
      "theta": 0.0,
      "d": 0.425,
      "sign": "nonpositive",
      "direct_error": 8.881784197001252e-16,
      "value": -0.7958993262887357
    },
    {
      "adjustment": false,
      "theta": 0.125,
      "d": 0.4,
      "sign": "positive",
      "direct_error": 8.881784197001252e-16,
      "value": -0.8183458303686458
    },
    {
      "adjustment": false,
      "theta": 0.125,
      "d": 0.4,
      "sign": "nonpositive",
      "direct_error": 1.3322676295501878e-15,
      "value": -0.8182334920446999
    },
    {
      "adjustment": false,
      "theta": 0.125,
      "d": 0.425,
      "sign": "positive",
      "direct_error": 1.3322676295501878e-15,
      "value": -0.7960510239899131
    },
    {
      "adjustment": false,
      "theta": 0.125,
      "d": 0.425,
      "sign": "nonpositive",
      "direct_error": 1.3322676295501878e-15,
      "value": -0.7959934222344897
    }
  ],
  "count_chord_min_coefficient_gap": 0.0,
  "per_class_arithmetic_allowance": 1e-07,
  "arithmetic": {
    "unit_roundoff": 1.1102230246251565e-16,
    "row_mass_bound": 0.9950124791936825,
    "reward_bound": 27.213099386263075,
    "endpoint_value_bounds": [
      214.09993282120632,
      187.8236075856945,
      161.41557172185782,
      134.87516502742452,
      108.20172399084521,
      81.39458177470497,
      54.453068199052495,
      27.376509724645445,
      0.16422943611198906
    ],
    "endpoint_error_bounds": [
      1.4550004552464697e-09,
      1.107750381433308e-09,
      8.067956467874274e-10,
      5.526090888001588e-10,
      3.4566712199109797e-10,
      1.8644976188774804e-10,
      7.544064915568503e-11,
      1.3127073880153005e-11,
      0.0
    ],
    "correction_magnitude_bounds": [
      372.143100197463,
      280.09667145666174,
      200.79287600377518,
      134.3617719692481,
      80.93440115839172,
      40.64279564500705,
      13.61998440639471,
      0.0,
      0.0
    ],
    "correction_error_bounds": [
      3.2173346853108638e-09,
      2.0842242596950545e-09,
      1.252173209701611e-09,
      6.759514194000878e-10,
      3.0962578677563333e-10,
      1.0655309971716422e-10,
      1.937285216976897e-11,
      0.0,
      0.0
    ],
    "derived_per_class_bound": 7.881317053222025e-09,
    "per_class_allowance": 1e-07,
    "scope": "IEEE round-to-nearest evaluation relative to stored finite arrays; excludes kernel-construction, continuous-state and diffusion error"
  },
  "kernel_and_reward_bytes": 2847080640,
  "retained_focal_lower_coefficient_bytes": 2304,
  "retained_policy_bytes": 2449920,
  "maxrss_kib": 3994476,
  "timing_protocol": "common setup charged identically; full-menu anchors and independently replayed lower policies included; single serial pass, not independent-machine medians",
  "target": "finite eight-date lottery-settlement economy; no diffusion-error budget inferred"
}
completed grid 145
