\BOOKMARK [1][-]{section.0.1}{\376\377\000I\000n\000t\000r\000o\000d\000u\000c\000t\000i\000o\000n}{}% 1
\BOOKMARK [2][-]{subsection.0.1.1}{\376\377\000R\000e\000l\000a\000t\000i\000o\000n\000\040\000t\000o\000\040\000t\000h\000e\000\040\000l\000i\000t\000e\000r\000a\000t\000u\000r\000e}{section.0.1}% 2
\BOOKMARK [1][-]{section.0.2}{\376\377\000T\000h\000e\000\040\000C\000o\000n\000t\000r\000o\000l\000l\000e\000d\000\040\000E\000c\000o\000n\000o\000m\000y}{}% 3
\BOOKMARK [2][-]{subsection.0.2.1}{\376\377\000I\000n\000f\000i\000n\000i\000t\000e\000\040\000h\000o\000r\000i\000z\000o\000n\000\040\000a\000n\000d\000\040\000e\000c\000o\000n\000o\000m\000i\000c\000\040\000n\000o\000r\000m\000a\000l\000i\000z\000a\000t\000i\000o\000n}{section.0.2}% 4
\BOOKMARK [1][-]{section.0.3}{\376\377\000N\000e\000u\000r\000a\000l\000\040\000B\000e\000l\000l\000m\000a\000n\000\040\000O\000p\000e\000r\000a\000t\000o\000r\000s}{}% 5
\BOOKMARK [2][-]{subsection.0.3.1}{\376\377\000F\000e\000a\000s\000i\000b\000i\000l\000i\000t\000y\000\040\000a\000n\000d\000\040\000b\000o\000u\000n\000d\000a\000r\000y\000\040\000d\000a\000t\000a}{section.0.3}% 6
\BOOKMARK [2][-]{subsection.0.3.2}{\376\377\000T\000h\000e\000\040\000b\000l\000o\000c\000k\000-\000s\000p\000e\000c\000i\000f\000i\000c\000\040\000c\000o\000m\000p\000u\000t\000a\000t\000i\000o\000n\000a\000l\000\040\000g\000r\000a\000p\000h}{section.0.3}% 7
\BOOKMARK [2][-]{subsection.0.3.3}{\376\377\000C\000o\000n\000d\000i\000t\000i\000o\000n\000i\000n\000g\000\040\000a\000n\000d\000\040\000s\000t\000o\000p\000p\000i\000n\000g}{section.0.3}% 8
\BOOKMARK [2][-]{subsection.0.3.4}{\376\377\000T\000h\000e\000\040\000i\000m\000p\000l\000e\000m\000e\000n\000t\000e\000d\000\040\000m\000a\000p\000\040\000a\000n\000d\000\040\000i\000t\000s\000\040\000v\000e\000r\000i\000f\000i\000c\000a\000t\000i\000o\000n\000\040\000o\000u\000t\000p\000u\000t}{section.0.3}% 9
\BOOKMARK [2][-]{subsection.0.3.5}{\376\377\000C\000o\000n\000t\000i\000n\000u\000o\000u\000s\000-\000a\000c\000t\000i\000o\000n\000\040\000p\000r\000o\000p\000o\000s\000a\000l\000s\000\040\000a\000n\000d\000\040\000a\000\040\000b\000u\000d\000g\000e\000t\000-\000s\000a\000f\000e\000\040\000B\000e\000l\000l\000m\000a\000n\000\040\000e\000n\000c\000l\000o\000s\000u\000r\000e}{section.0.3}% 10
\BOOKMARK [1][-]{section.0.4}{\376\377\000V\000e\000r\000i\000f\000i\000c\000a\000t\000i\000o\000n\000,\000\040\000A\000p\000p\000r\000o\000x\000i\000m\000a\000t\000i\000o\000n\000,\000\040\000a\000n\000d\000\040\000V\000i\000s\000c\000o\000s\000i\000t\000y\000\040\000S\000e\000l\000e\000c\000t\000i\000o\000n}{}% 11
\BOOKMARK [2][-]{subsection.0.4.1}{\376\377\000A\000\040\000p\000o\000s\000i\000t\000i\000v\000e\000-\000w\000e\000i\000g\000h\000t\000\040\000r\000e\000c\000u\000r\000s\000i\000v\000e\000\040\000B\000e\000l\000l\000m\000a\000n\000\040\000a\000p\000p\000r\000o\000x\000i\000m\000a\000t\000i\000o\000n}{section.0.4}% 12
\BOOKMARK [2][-]{subsection.0.4.2}{\376\377\000W\000h\000y\000\040\000a\000n\000\040\000i\000n\000t\000e\000g\000r\000a\000t\000e\000d\000\040\000d\000i\000f\000f\000e\000r\000e\000n\000t\000i\000a\000l\000\040\000r\000e\000s\000i\000d\000u\000a\000l\000\040\000d\000o\000e\000s\000\040\000n\000o\000t\000\040\000s\000e\000l\000e\000c\000t\000\040\000t\000h\000e\000\040\000v\000a\000l\000u\000e}{section.0.4}% 13
\BOOKMARK [2][-]{subsection.0.4.3}{\376\377\000C\000o\000v\000e\000r\000a\000g\000e\000\040\000a\000n\000d\000\040\000i\000n\000d\000e\000p\000e\000n\000d\000e\000n\000t\000\040\000m\000a\000x\000i\000m\000i\000z\000a\000t\000i\000o\000n}{section.0.4}% 14
\BOOKMARK [2][-]{subsection.0.4.4}{\376\377\000D\000i\000f\000f\000e\000r\000e\000n\000t\000i\000a\000l\000\040\000a\000n\000d\000\040\000d\000i\000s\000c\000r\000e\000t\000e\000\040\000e\000r\000r\000o\000r\000\040\000a\000c\000c\000o\000u\000n\000t\000s}{section.0.4}% 15
\BOOKMARK [1][-]{section.0.5}{\376\377\000A\000\040\000T\000r\000a\000i\000n\000e\000d\000\040\000N\000e\000u\000r\000a\000l\000\040\000B\000o\000u\000n\000d\000a\000r\000y\000-\000V\000a\000l\000u\000e\000\040\000P\000r\000o\000b\000l\000e\000m}{}% 16
\BOOKMARK [2][-]{subsection.0.5.1}{\376\377\000C\000o\000n\000t\000r\000o\000l\000l\000e\000d\000\040\000c\000o\000m\000p\000a\000r\000i\000s\000o\000n\000\040\000a\000n\000d\000\040\000f\000a\000i\000l\000u\000r\000e\000s}{section.0.5}% 17
\BOOKMARK [1][-]{section.0.6}{\376\377\000A\000n\000a\000l\000y\000t\000i\000c\000a\000l\000\040\000a\000n\000d\000\040\000N\000o\000n\000s\000m\000o\000o\000t\000h\000\040\000B\000e\000n\000c\000h\000m\000a\000r\000k\000s}{}% 18
\BOOKMARK [2][-]{subsection.0.6.1}{\376\377\000E\000x\000e\000c\000u\000t\000e\000d\000\040\000c\000a\000l\000i\000b\000r\000a\000t\000i\000o\000n\000\040\000a\000n\000d\000\040\000i\000n\000t\000e\000r\000p\000r\000e\000t\000a\000t\000i\000o\000n}{section.0.6}% 19
\BOOKMARK [1][-]{section.0.7}{\376\377\000R\000e\000c\000u\000r\000s\000i\000v\000e\000\040\000U\000t\000i\000l\000i\000t\000y}{}% 20
\BOOKMARK [2][-]{subsection.0.7.1}{\376\377\000A\000\040\000w\000e\000l\000l\000-\000d\000e\000f\000i\000n\000e\000d\000\040\000v\000a\000l\000i\000d\000a\000t\000i\000o\000n\000\040\000p\000r\000o\000b\000l\000e\000m\000\040\000a\000t\000\040\000t\000h\000e\000\040\000r\000e\000t\000a\000i\000n\000e\000d\000\040\000p\000a\000r\000a\000m\000e\000t\000e\000r\000s}{section.0.7}% 21
\BOOKMARK [2][-]{subsection.0.7.2}{\376\377\000S\000t\000a\000b\000i\000l\000i\000t\000y\000\040\000a\000n\000d\000\040\000b\000a\000s\000e\000l\000i\000n\000e\000\040\000d\000e\000s\000i\000g\000n}{section.0.7}% 22
\BOOKMARK [1][-]{section.0.8}{\376\377\000E\000n\000d\000o\000g\000e\000n\000o\000u\000s\000\040\000P\000r\000e\000f\000e\000r\000e\000n\000c\000e\000s\000\040\000a\000n\000d\000\040\000P\000o\000r\000t\000f\000o\000l\000i\000o\000\040\000C\000h\000o\000i\000c\000e}{}% 23
\BOOKMARK [2][-]{subsection.0.8.1}{\376\377\000C\000a\000r\000d\000i\000n\000a\000l\000\040\000u\000t\000i\000l\000i\000t\000y\000\040\000a\000n\000d\000\040\000t\000h\000e\000\040\000o\000b\000j\000e\000c\000t\000i\000v\000e}{section.0.8}% 24
\BOOKMARK [2][-]{subsection.0.8.2}{\376\377\000H\000a\000m\000i\000l\000t\000o\000n\000i\000a\000n\000,\000\040\000c\000o\000n\000s\000t\000r\000a\000i\000n\000e\000d\000\040\000p\000o\000l\000i\000c\000i\000e\000s\000,\000\040\000a\000n\000d\000\040\000e\000c\000o\000n\000o\000m\000i\000c\000\040\000i\000m\000p\000l\000i\000c\000a\000t\000i\000o\000n\000s}{section.0.8}% 25
\BOOKMARK [2][-]{subsection.0.8.3}{\376\377\000I\000n\000d\000e\000p\000e\000n\000d\000e\000n\000t\000\040\000t\000w\000o\000-\000s\000t\000a\000t\000e\000\040\000r\000e\000f\000e\000r\000e\000n\000c\000e\000\040\000a\000n\000d\000\040\000i\000d\000e\000n\000t\000i\000f\000i\000c\000a\000t\000i\000o\000n}{section.0.8}% 26
\BOOKMARK [2][-]{subsection.0.8.4}{\376\377\000N\000e\000u\000r\000a\000l\000\040\000p\000r\000e\000f\000e\000r\000e\000n\000c\000e\000\040\000p\000o\000l\000i\000c\000i\000e\000s\000\040\000a\000n\000d\000\040\000t\000h\000e\000\040\000r\000o\000l\000e\000\040\000o\000f\000\040\000t\000h\000e\000\040\000a\000c\000t\000i\000o\000n\000\040\000o\000r\000a\000c\000l\000e}{section.0.8}% 27
\BOOKMARK [1][-]{section.0.9}{\376\377\000S\000o\000p\000h\000i\000s\000t\000i\000c\000a\000t\000e\000d\000\040\000T\000e\000m\000p\000o\000r\000a\000l\000\040\000S\000e\000l\000v\000e\000s}{}% 28
\BOOKMARK [2][-]{subsection.0.9.1}{\376\377\000A\000n\000\040\000e\000q\000u\000i\000l\000i\000b\000r\000i\000u\000m\000\040\000c\000a\000l\000c\000u\000l\000a\000t\000i\000o\000n\000\040\000w\000i\000t\000h\000\040\000e\000n\000d\000o\000g\000e\000n\000o\000u\000s\000\040\000c\000o\000n\000t\000i\000n\000u\000a\000t\000i\000o\000n\000\040\000v\000a\000l\000u\000e\000s}{section.0.9}% 29
\BOOKMARK [1][-]{section.0.10}{\376\377\000D\000y\000n\000a\000m\000i\000c\000\040\000G\000a\000m\000e\000s}{}% 30
\BOOKMARK [2][-]{subsection.0.10.1}{\376\377\000P\000l\000a\000y\000e\000r\000-\000s\000p\000e\000c\000i\000f\000i\000c\000\040\000d\000i\000f\000f\000e\000r\000e\000n\000t\000i\000a\000t\000i\000o\000n\000\040\000a\000n\000d\000\040\000d\000e\000v\000i\000a\000t\000i\000o\000n\000\040\000b\000o\000u\000n\000d\000s}{section.0.10}% 31
\BOOKMARK [2][-]{subsection.0.10.2}{\376\377\000S\000y\000m\000m\000e\000t\000r\000y\000\040\000a\000n\000d\000\040\000m\000a\000r\000k\000e\000t\000\040\000s\000c\000a\000l\000i\000n\000g}{section.0.10}% 32
\BOOKMARK [2][-]{subsection.0.10.3}{\376\377\000N\000e\000u\000r\000a\000l\000\040\000d\000y\000n\000a\000m\000i\000c\000\040\000c\000a\000p\000i\000t\000a\000l\000\040\000p\000o\000l\000i\000c\000i\000e\000s\000\040\000a\000n\000d\000\040\000f\000u\000l\000l\000\040\000u\000n\000i\000l\000a\000t\000e\000r\000a\000l\000\040\000d\000e\000v\000i\000a\000t\000i\000o\000n\000s}{section.0.10}% 33
\BOOKMARK [1][-]{section.0.11}{\376\377\000S\000c\000a\000l\000a\000b\000i\000l\000i\000t\000y\000\040\000a\000n\000d\000\040\000t\000h\000e\000\040\000D\000i\000f\000f\000u\000s\000i\000o\000n\000\040\000T\000r\000a\000c\000e}{}% 34
\BOOKMARK [2][-]{subsection.0.11.1}{\376\377\000T\000r\000a\000i\000n\000e\000d\000,\000\040\000c\000o\000u\000p\000l\000e\000d\000\040\000n\000o\000n\000q\000u\000a\000d\000r\000a\000t\000i\000c\000\040\000c\000a\000p\000i\000t\000a\000l\000\040\000e\000c\000o\000n\000o\000m\000i\000e\000s}{section.0.11}% 35
\BOOKMARK [2][-]{subsection.0.11.2}{\376\377\000M\000e\000t\000h\000o\000d\000-\000p\000a\000i\000r\000e\000d\000\040\000p\000a\000y\000o\000f\000f\000\040\000e\000v\000i\000d\000e\000n\000c\000e\000\040\000a\000n\000d\000\040\000a\000r\000i\000t\000h\000m\000e\000t\000i\000c\000\040\000r\000e\000p\000l\000a\000y}{section.0.11}% 36
\BOOKMARK [2][-]{subsection.0.11.3}{\376\377\000E\000x\000a\000c\000t\000\040\000a\000n\000d\000\040\000s\000t\000o\000c\000h\000a\000s\000t\000i\000c\000\040\000t\000r\000a\000c\000e\000\040\000c\000o\000m\000p\000u\000t\000a\000t\000i\000o\000n}{section.0.11}% 37
\BOOKMARK [1][-]{section.0.12}{\376\377\000V\000a\000l\000i\000d\000a\000t\000e\000d\000\040\000E\000v\000a\000l\000u\000a\000t\000i\000o\000n\000\040\000a\000n\000d\000\040\000A\000c\000t\000i\000o\000n\000\040\000I\000m\000p\000r\000o\000v\000e\000m\000e\000n\000t}{}% 38
\BOOKMARK [2][-]{subsection.0.12.1}{\376\377\000A\000n\000\040\000e\000v\000a\000l\000u\000a\000t\000i\000o\000n\000\040\000r\000u\000l\000e\000\040\000w\000i\000t\000h\000\040\000a\000\040\000p\000r\000e\000s\000c\000r\000i\000b\000e\000d\000\040\000n\000o\000d\000a\000l\000\040\000e\000r\000r\000o\000r}{section.0.12}% 39
\BOOKMARK [2][-]{subsection.0.12.2}{\376\377\000S\000i\000g\000n\000e\000d\000\040\000e\000n\000c\000l\000o\000s\000u\000r\000e\000s\000\040\000f\000o\000r\000\040\000c\000o\000n\000t\000i\000n\000u\000o\000u\000s\000\040\000a\000c\000t\000i\000o\000n\000s}{section.0.12}% 40
\BOOKMARK [1][-]{section.0.13}{\376\377\000C\000o\000s\000t\000,\000\040\000R\000e\000f\000i\000n\000e\000m\000e\000n\000t\000,\000\040\000a\000n\000d\000\040\000E\000c\000o\000n\000o\000m\000i\000c\000\040\000A\000c\000c\000u\000r\000a\000c\000y}{}% 41
\BOOKMARK [2][-]{subsection.0.13.1}{\376\377\000A\000\040\000t\000i\000g\000h\000t\000e\000r\000\040\000c\000e\000r\000t\000i\000f\000i\000c\000a\000t\000e\000\040\000f\000o\000r\000\040\000i\000d\000e\000n\000t\000i\000c\000a\000l\000\040\000f\000r\000o\000z\000e\000n\000\040\000p\000o\000l\000i\000c\000i\000e\000s}{section.0.13}% 42
\BOOKMARK [2][-]{subsection.0.13.2}{\376\377\000T\000h\000e\000\040\000w\000h\000o\000l\000e\000-\000d\000o\000m\000a\000i\000n\000\040\000r\000e\000f\000i\000n\000e\000m\000e\000n\000t\000\040\000f\000a\000i\000l\000u\000r\000e\000\040\000a\000n\000d\000\040\000i\000t\000s\000\040\000r\000e\000p\000a\000i\000r}{section.0.13}% 43
\BOOKMARK [2][-]{subsection.0.13.3}{\376\377\000A\000\040\000m\000o\000d\000e\000l\000-\000s\000p\000e\000c\000i\000f\000i\000c\000\040\000w\000e\000l\000f\000a\000r\000e\000\040\000a\000c\000c\000o\000u\000n\000t}{section.0.13}% 44
\BOOKMARK [2][-]{subsection.0.13.4}{\376\377\000A\000\040\000g\000l\000o\000b\000a\000l\000\040\000b\000e\000n\000c\000h\000m\000a\000r\000k\000\040\000f\000o\000r\000\040\000t\000h\000e\000\040\000c\000o\000u\000p\000l\000e\000d\000\040\000c\000a\000p\000i\000t\000a\000l\000\040\000e\000c\000o\000n\000o\000m\000y}{section.0.13}% 45
\BOOKMARK [1][-]{section.0.14}{\376\377\000C\000o\000n\000c\000l\000u\000s\000i\000o\000n}{}% 46
\BOOKMARK [1][-]{appendix.A}{\376\377\000A\000p\000p\000e\000n\000d\000i\000x\000\040\000A\000:\000\040\000P\000r\000o\000o\000f\000s}{}% 47
\BOOKMARK [2][-]{subsection.A.1}{\376\377\000P\000r\000o\000o\000f\000\040\000o\000f\000\040\000T\000h\000e\000o\000r\000e\000m\000\040\0002}{appendix.A}% 48
\BOOKMARK [2][-]{subsection.A.2}{\376\377\000E\000x\000a\000c\000t\000\040\000p\000o\000l\000i\000c\000y\000\040\000i\000m\000p\000r\000o\000v\000e\000m\000e\000n\000t}{appendix.A}% 49
\BOOKMARK [2][-]{subsection.A.3}{\376\377\000P\000r\000o\000o\000f\000\040\000o\000f\000\040\000T\000h\000e\000o\000r\000e\000m\000\040\0003}{appendix.A}% 50
\BOOKMARK [2][-]{subsection.A.4}{\376\377\000P\000r\000o\000o\000f\000\040\000o\000f\000\040\000T\000h\000e\000o\000r\000e\000m\000\040\0004}{appendix.A}% 51
\BOOKMARK [2][-]{subsection.A.5}{\376\377\000F\000i\000n\000i\000t\000e\000-\000h\000o\000r\000i\000z\000o\000n\000\040\000B\000e\000l\000l\000m\000a\000n\000\040\000e\000r\000r\000o\000r\000\040\000a\000c\000c\000u\000m\000u\000l\000a\000t\000i\000o\000n}{appendix.A}% 52
\BOOKMARK [2][-]{subsection.A.6}{\376\377\000D\000e\000r\000i\000v\000a\000t\000i\000o\000n\000\040\000o\000f\000\040\000t\000h\000e\000\040\000t\000e\000m\000p\000o\000r\000a\000l\000-\000s\000e\000l\000f\000\040\000c\000o\000n\000d\000i\000t\000i\000o\000n}{appendix.A}% 53
\BOOKMARK [1][-]{appendix.B}{\376\377\000A\000p\000p\000e\000n\000d\000i\000x\000\040\000B\000:\000\040\000P\000r\000o\000o\000f\000s\000\040\000f\000o\000r\000\040\000t\000h\000e\000\040\000G\000u\000a\000r\000d\000e\000d\000\040\000a\000n\000d\000\040\000S\000i\000g\000n\000e\000d\000\040\000M\000a\000p}{}% 54
\BOOKMARK [2][-]{subsection.B.1}{\376\377\000P\000r\000o\000o\000f\000\040\000o\000f\000\040\000P\000r\000o\000p\000o\000s\000i\000t\000i\000o\000n\000\040\0007}{appendix.B}% 55
\BOOKMARK [2][-]{subsection.B.2}{\376\377\000P\000r\000o\000o\000f\000\040\000o\000f\000\040\000T\000h\000e\000o\000r\000e\000m\000\040\0008}{appendix.B}% 56
\BOOKMARK [2][-]{subsection.B.3}{\376\377\000D\000e\000r\000i\000v\000a\000t\000i\000v\000e\000\040\000h\000u\000l\000l\000s\000\040\000f\000o\000r\000\040\000t\000h\000e\000\040\000p\000r\000e\000f\000e\000r\000e\000n\000c\000e\000\040\000e\000c\000o\000n\000o\000m\000y}{appendix.B}% 57
\BOOKMARK [2][-]{subsection.B.4}{\376\377\000P\000r\000o\000o\000f\000\040\000o\000f\000\040\000P\000r\000o\000p\000o\000s\000i\000t\000i\000o\000n\000\040\0009}{appendix.B}% 58
\BOOKMARK [2][-]{subsection.B.5}{\376\377\000C\000o\000m\000p\000e\000n\000s\000a\000t\000i\000o\000n\000\040\000a\000n\000d\000\040\000a\000r\000i\000t\000h\000m\000e\000t\000i\000c\000\040\000s\000c\000o\000p\000e}{appendix.B}% 59
\BOOKMARK [1][-]{appendix.C}{\376\377\000A\000p\000p\000e\000n\000d\000i\000x\000\040\000C\000:\000\040\000R\000e\000p\000l\000i\000c\000a\000t\000i\000o\000n\000\040\000a\000n\000d\000\040\000S\000c\000o\000p\000e\000\040\000o\000f\000\040\000N\000u\000m\000e\000r\000i\000c\000a\000l\000\040\000E\000v\000i\000d\000e\000n\000c\000e}{}% 60
\BOOKMARK [2][-]{paragraph.C.0.0.1}{\376\377\000C\000u\000r\000r\000e\000n\000t\000\040\000r\000e\000v\000i\000s\000i\000o\000n\000.}{appendix.C}% 61
\BOOKMARK [1][-]{bibliography-section.1}{\376\377\000R\000e\000f\000e\000r\000e\000n\000c\000e\000s}{}% 62
