This is pdfTeX, Version 3.141592653-2.6-1.40.25 (TeX Live 2023/Debian) (preloaded format=pdflatex)
 restricted \write18 enabled.
entering extended mode
(./ECTA.tex
LaTeX2e <2023-11-01> patch level 1
L3 programming layer <2024-01-22>
(./econsocart.cls
Document Class: econsocart 2022/11/21 v1.4.1, The Econometric Society Journals
(/usr/share/texlive/texmf-dist/tex/latex/etoolbox/etoolbox.sty)
(./econsocart.cfg) (/usr/share/texlive/texmf-dist/tex/latex/base/fix-cm.sty
(/usr/share/texlive/texmf-dist/tex/latex/base/ts1enc.def))
(/usr/share/texlive/texmf-dist/tex/latex/graphics/graphicx.sty
(/usr/share/texlive/texmf-dist/tex/latex/graphics/keyval.sty)
(/usr/share/texlive/texmf-dist/tex/latex/graphics/graphics.sty
(/usr/share/texlive/texmf-dist/tex/latex/graphics/trig.sty)
(/usr/share/texlive/texmf-dist/tex/latex/graphics-cfg/graphics.cfg)
(/usr/share/texlive/texmf-dist/tex/latex/graphics-def/pdftex.def)))
(/usr/share/texlive/texmf-dist/tex/latex/base/fontenc.sty)
(/usr/share/texlive/texmf-dist/tex/latex/psnfss/times.sty)
(/usr/share/texlive/texmf-dist/tex/latex/textcase/textcase.sty)
(/usr/share/texlive/texmf-dist/tex/latex/psnfss/helvet.sty)
(/usr/share/texlive/texmf-dist/tex/latex/base/textcomp.sty)
(/usr/share/texlive/texmf-dist/tex/latex/psnfss/t1ptm.fd)
(/usr/share/texlive/texmf-dist/tex/latex/amsfonts/amssymb.sty
(/usr/share/texlive/texmf-dist/tex/latex/amsfonts/amsfonts.sty))
(/usr/share/texlive/texmf-dist/tex/latex/tools/bm.sty)
(/usr/share/texlive/texmf-dist/tex/latex/url/url.sty)
(/usr/share/texlive/texmf-dist/tex/latex/amsmath/amsmath.sty
For additional information on amsmath, use the `?' option.
(/usr/share/texlive/texmf-dist/tex/latex/amsmath/amstext.sty
(/usr/share/texlive/texmf-dist/tex/latex/amsmath/amsgen.sty))
(/usr/share/texlive/texmf-dist/tex/latex/amsmath/amsbsy.sty)
(/usr/share/texlive/texmf-dist/tex/latex/amsmath/amsopn.sty))
(/usr/share/texlive/texmf-dist/tex/latex/amscls/amsthm.sty)
(/usr/share/texlive/texmf-dist/tex/latex/natbib/natbib.sty))
(/usr/share/texlive/texmf-dist/tex/latex/hyperref/hyperref.sty
(/usr/share/texlive/texmf-dist/tex/generic/iftex/iftex.sty)
(/usr/share/texlive/texmf-dist/tex/latex/kvsetkeys/kvsetkeys.sty)
(/usr/share/texlive/texmf-dist/tex/generic/kvdefinekeys/kvdefinekeys.sty)
(/usr/share/texlive/texmf-dist/tex/generic/pdfescape/pdfescape.sty
(/usr/share/texlive/texmf-dist/tex/generic/ltxcmds/ltxcmds.sty)
(/usr/share/texlive/texmf-dist/tex/generic/pdftexcmds/pdftexcmds.sty
(/usr/share/texlive/texmf-dist/tex/generic/infwarerr/infwarerr.sty)))
(/usr/share/texlive/texmf-dist/tex/latex/hycolor/hycolor.sty)
(/usr/share/texlive/texmf-dist/tex/latex/auxhook/auxhook.sty)
(/usr/share/texlive/texmf-dist/tex/latex/hyperref/nameref.sty
(/usr/share/texlive/texmf-dist/tex/latex/refcount/refcount.sty)
(/usr/share/texlive/texmf-dist/tex/generic/gettitlestring/gettitlestring.sty
(/usr/share/texlive/texmf-dist/tex/latex/kvoptions/kvoptions.sty)))
(/usr/share/texlive/texmf-dist/tex/latex/hyperref/pd1enc.def)
(/usr/share/texlive/texmf-dist/tex/generic/intcalc/intcalc.sty)
(/usr/share/texlive/texmf-dist/tex/latex/hyperref/puenc.def)
(/usr/share/texlive/texmf-dist/tex/generic/bitset/bitset.sty
(/usr/share/texlive/texmf-dist/tex/generic/bigintcalc/bigintcalc.sty))
(/usr/share/texlive/texmf-dist/tex/latex/base/atbegshi-ltx.sty))
(/usr/share/texlive/texmf-dist/tex/latex/hyperref/hpdftex.def
(/usr/share/texlive/texmf-dist/tex/latex/base/atveryend-ltx.sty)
(/usr/share/texlive/texmf-dist/tex/latex/rerunfilecheck/rerunfilecheck.sty
(/usr/share/texlive/texmf-dist/tex/generic/uniquecounter/uniquecounter.sty)))
(/usr/share/texlive/texmf-dist/tex/latex/booktabs/booktabs.sty)
(/usr/share/texlive/texmf-dist/tex/latex/tools/array.sty)
(/usr/share/texlive/texmf-dist/tex/latex/tools/longtable.sty)
(/usr/share/texlive/texmf-dist/tex/latex/algorithms/algorithm.sty
(/usr/share/texlive/texmf-dist/tex/latex/float/float.sty)
(/usr/share/texlive/texmf-dist/tex/latex/base/ifthen.sty))
(/usr/share/texlive/texmf-dist/tex/latex/algorithmicx/algpseudocode.sty
(/usr/share/texlive/texmf-dist/tex/latex/algorithmicx/algorithmicx.sty
Document Style algorithmicx 1.2 - a greatly improved `algorithmic' style
)
Document Style - pseudocode environments for use with the `algorithmicx' style
) (/usr/share/texlive/texmf-dist/tex/latex/enumitem/enumitem.sty)
(/usr/share/texlive/texmf-dist/tex/latex/base/fontenc.sty)
(/usr/share/texlive/texmf-dist/tex/latex/psnfss/mathpazo.sty)
(/usr/share/texlive/texmf-dist/tex/latex/microtype/microtype.sty
(/usr/share/texlive/texmf-dist/tex/latex/microtype/microtype-pdftex.def)
(/usr/share/texlive/texmf-dist/tex/latex/microtype/microtype.cfg))
(/usr/share/texlive/texmf-dist/tex/latex/psnfss/t1pcr.fd)
(/usr/share/texlive/texmf-dist/tex/latex/hyperref/backref.sty)
(/usr/share/texlive/texmf-dist/tex/latex/psnfss/t1ppl.fd)
(/usr/share/texlive/texmf-dist/tex/latex/l3backend/l3backend-pdftex.def)
No file ECTA.aux.
(/usr/share/texlive/texmf-dist/tex/context/base/mkii/supp-pdf.mkii
[Loading MPS to PDF converter (version 2006.09.02).]
) (/usr/share/texlive/texmf-dist/tex/latex/epstopdf-pkg/epstopdf-base.sty
(/usr/share/texlive/texmf-dist/tex/latex/latexconfig/epstopdf-sys.cfg))
(/usr/share/texlive/texmf-dist/tex/latex/graphics/color.sty
(/usr/share/texlive/texmf-dist/tex/latex/graphics-cfg/color.cfg)
(/usr/share/texlive/texmf-dist/tex/latex/graphics/mathcolor.ltx))
(/usr/share/texlive/texmf-dist/tex/latex/microtype/mt-ppl.cfg)
Underfull \vbox (badness 10000) has occurred while \output is active [1
Non-PDF special ignored!
<special> papersize=614.295pt,794.96999pt
{/var/lib/texmf/fonts/map/pdftex/updmap/pdftex.map}{/usr/share/texlive/texmf-di
st/fonts/enc/dvips/base/8r.enc}]

Package natbib Warning: Citation `qi2025' on page 2 undefined on input line 51.



Underfull \vbox (badness 10000) has occurred while \output is active

LaTeX Font Warning: Font shape `T1/ppl/m/uc' undefined
(Font)              using `T1/ppl/m/n' instead on input line 55.


LaTeX Font Warning: Font shape `T1/ppl/m/up' undefined
(Font)              using `T1/ppl/m/n' instead on input line 55.

[2]

Package natbib Warning: Citation `judd1998' on page 3 undefined on input line 5
8.


Package natbib Warning: Citation `hornik1990' on page 3 undefined on input line
 58.


Package natbib Warning: Citation `sirignano2018' on page 3 undefined on input l
ine 60.


Package natbib Warning: Citation `han2018' on page 3 undefined on input line 60
.


Underfull \vbox (badness 3930) has occurred while \output is active [3]

Package natbib Warning: Citation `epsteinzin1989' on page 4 undefined on input 
line 62.


Package natbib Warning: Citation `duffieepstein1992' on page 4 undefined on inp
ut line 62.


Package natbib Warning: Citation `herdegen2021' on page 4 undefined on input li
ne 62.


Package natbib Warning: Citation `bjork2016' on page 4 undefined on input line 
62.


Package natbib Warning: Citation `borkar2024' on page 4 undefined on input line
 62.


LaTeX Warning: Reference `sec:model' on page 4 undefined on input line 64.


LaTeX Warning: Reference `sec:method' on page 4 undefined on input line 64.


LaTeX Warning: Reference `sec:theory' on page 4 undefined on input line 64.


LaTeX Warning: Reference `sec:nonquadratic' on page 4 undefined on input line 6
4.

(/usr/share/texlive/texmf-dist/tex/latex/psnfss/ot1ppl.fd)
(/usr/share/texlive/texmf-dist/tex/latex/psnfss/omlzplm.fd)
(/usr/share/texlive/texmf-dist/tex/latex/psnfss/omszplm.fd)
(/usr/share/texlive/texmf-dist/tex/latex/psnfss/omxzplm.fd)
(/usr/share/texlive/texmf-dist/tex/latex/microtype/mt-msa.cfg)
(/usr/share/texlive/texmf-dist/tex/latex/microtype/mt-msb.cfg)
(/usr/share/texlive/texmf-dist/tex/latex/microtype/mt-cmr.cfg)
(/usr/share/texlive/texmf-dist/tex/latex/psnfss/ot1zplm.fd) [4]
Underfull \hbox (badness 816) in paragraph at lines 78--80
\T1/ppl/m/up/12 (+20) Adjustment costs are in-cluded in $\OML/zplm/m/it/12 f$\T
1/ppl/m/up/12 (+20) . For ex-am-ple, time-additive util-ity has
[5]

LaTeX Warning: Reference `eq:generator' on page 6 undefined on input line 95.


LaTeX Warning: Reference `eq:state' on page 6 undefined on input line 95.

(/usr/share/texlive/texmf-dist/tex/latex/psnfss/ufplmbb.fd)

LaTeX Warning: Reference `sec:ndu' on page 6 undefined on input line 100.

[6]
Underfull \vbox (badness 1117) has occurred while \output is active [7]

LaTeX Warning: Reference `eq:actorloss' on page 8 undefined on input line 142.


LaTeX Warning: Reference `eq:criticloss' on page 8 undefined on input line 150.



LaTeX Warning: Reference `eq:actorloss' on page 8 undefined on input line 151.

[8]

Package natbib Warning: Citation `borkar2024' on page 9 undefined on input line
 167.


Underfull \vbox (badness 4303) has occurred while \output is active [9]
(./revisions/2026-09-29-r6/manuscript/operator.tex

Package natbib Warning: Citation `scherrer2015' on page 10 undefined on input l
ine 10.


LaTeX Warning: Reference `sec:nonquadratic' on page 10 undefined on input line 
10.


LaTeX Warning: Reference `sec:ndu-neural' on page 10 undefined on input line 10
.

) (./revisions/2026-10-03-r8/manuscript/method.tex
Underfull \vbox (badness 2932) has occurred while \output is active [10]
[11]) [12]

LaTeX Warning: Reference `ass:model' on page 13 undefined on input line 181.


LaTeX Warning: Reference `sec:coverage' on page 13 undefined on input line 190.


[13]

LaTeX Warning: Reference `ass:model' on page 14 undefined on input line 200.


LaTeX Warning: Reference `eq:implicit' on page 14 undefined on input line 203.

[14]

LaTeX Warning: Reference `thm:discrete' on page 15 undefined on input line 220.



Underfull \vbox (badness 1590) has occurred while \output is active [15]
Underfull \vbox (badness 1342) has occurred while \output is active [16]
(./revisions/2026-09-29-r6/manuscript/bridge.tex [17]

LaTeX Warning: Reference `thm:viscosity' on page 18 undefined on input line 30.


) (./revisions/2026-09-29-r6/manuscript/consumption.tex [18]

LaTeX Warning: Reference `eq:exact-action-r6' on page 19 undefined on input lin
e 36.

[19] (./revisions/2026-09-29-r6/manuscript/table_consumption.tex)) [20]
Underfull \vbox (badness 10000) has occurred while \output is active [21
pdfTeX warning (ext4): destination with the same identifier (name{table.0.1}) h
as been already used, duplicate ignored
<argument> ...shipout:D \box_use:N \l_shipout_box 
                                                  \__shipout_drop_firstpage_...
l.269 \]
        ]

LaTeX Warning: Reference `sec:theory' on page 22 undefined on input line 276.

[22]

LaTeX Warning: Reference `tab:portfolio' on page 23 undefined on input line 296
.


Package natbib Warning: Citation `herdegen2021' on page 23 undefined on input l
ine 307.

[23
pdfTeX warning (ext4): destination with the same identifier (name{table.0.2}) h
as been already used, duplicate ignored
<argument> ...shipout:D \box_use:N \l_shipout_box 
                                                  \__shipout_drop_firstpage_...
l.313 \end{equation}
                    ]

LaTeX Warning: Reference `eq:ezcandidate' on page 24 undefined on input line 32
3.


LaTeX Warning: Reference `thm:verification' on page 24 undefined on input line 
325.


Package natbib Warning: Citation `herdegen2021' on page 24 undefined on input l
ine 327.

[24]

LaTeX Warning: Reference `tab:portfolio' on page 25 undefined on input line 332
.


Underfull \vbox (badness 3396) has occurred while \output is active [25]
[26]

LaTeX Warning: Reference `eq:ndutheta' on page 27 undefined on input line 387.


LaTeX Warning: Reference `eq:ndupi' on page 27 undefined on input line 391.

[27]

LaTeX Warning: Reference `sec:ndu-neural' on page 28 undefined on input line 39
6.


LaTeX Warning: Reference `sec:r9results' on page 28 undefined on input line 400
.

(./revisions/2026-10-03-r8/manuscript/ndu.tex [28]
(./revisions/2026-10-03-r8/manuscript/table_r7_ndu.tex)
Underfull \vbox (badness 10000) has occurred while \output is active [29]
(./revisions/2026-10-03-r8/manuscript/table_continuous.tex)

LaTeX Warning: Reference `prop:r8-envelope' on page 30 undefined on input line 
20.

(./revisions/2026-10-03-r8/manuscript/table_action_bounds.tex) [30
pdfTeX warning (ext4): destination with the same identifier (name{table.0.3}) h
as been already used, duplicate ignored
<argument> ...shipout:D \box_use:N \l_shipout_box 
                                                  \__shipout_drop_firstpage_...
l.23 
     ]

Package natbib Warning: Citation `sirignano2018' on page 31 undefined on input 
line 25.

[31
pdfTeX warning (ext4): destination with the same identifier (name{table.0.4}) h
as been already used, duplicate ignored
<argument> ...shipout:D \box_use:N \l_shipout_box 
                                                  \__shipout_drop_firstpage_...
l.26 
     ]) [32
pdfTeX warning (ext4): destination with the same identifier (name{table.0.5}) h
as been already used, duplicate ignored
<argument> ...shipout:D \box_use:N \l_shipout_box 
                                                  \__shipout_drop_firstpage_...
l.402 
      ]

LaTeX Warning: Reference `eq:spike' on page 33 undefined on input line 425.


LaTeX Warning: Reference `eq:extended' on page 33 undefined on input line 427.


LaTeX Warning: Reference `eq:spike' on page 33 undefined on input line 427.

[33]
Underfull \vbox (badness 6995) has occurred while \output is active [34]

LaTeX Warning: Reference `thm:verification' on page 35 undefined on input line 
465.


LaTeX Warning: Reference `thm:discrete' on page 35 undefined on input line 465.


[35]

LaTeX Warning: Reference `sec:dynamic-computation' on page 36 undefined on inpu
t line 472.

(./revisions/2026-10-03-r8/manuscript/games.tex [36]
(./revisions/2026-10-03-r8/manuscript/table_r7_games.tex) [37
pdfTeX warning (ext4): destination with the same identifier (name{table.0.6}) h
as been already used, duplicate ignored
<argument> ...shipout:D \box_use:N \l_shipout_box 
                                                  \__shipout_drop_firstpage_...
l.9 
    ] (./revisions/2026-10-03-r8/manuscript/table_game_comparisons.tex))
[38
pdfTeX warning (ext4): destination with the same identifier (name{table.0.7}) h
as been already used, duplicate ignored
<argument> ...shipout:D \box_use:N \l_shipout_box 
                                                  \__shipout_drop_firstpage_...
l.475 
      ] [39] (./revisions/2026-09-29-r6/manuscript/coupled.tex
(./revisions/2026-09-29-r6/manuscript/table_coupled.tex))
(./revisions/2026-10-03-r8/manuscript/coverage.tex [40]
(./revisions/2026-10-03-r8/manuscript/table_paired_summary.tex)
Underfull \vbox (badness 10000) has occurred while \output is active [41
pdfTeX warning (ext4): destination with the same identifier (name{table.0.8}) h
as been already used, duplicate ignored
<argument> ...shipout:D \box_use:N \l_shipout_box 
                                                  \__shipout_drop_firstpage_...
l.5 
    ] [42
pdfTeX warning (ext4): destination with the same identifier (name{table.0.9}) h
as been already used, duplicate ignored
<argument> ...shipout:D \box_use:N \l_shipout_box 
                                                  \__shipout_drop_firstpage_...
l.5 
    ]) [43] (./revisions/2026-09-29-r6/manuscript/trace.tex)
(./revisions/2026-10-03-r9/manuscript/method.tex
Underfull \vbox (badness 10000) has occurred while \output is active [44]
[45] [46]) (./revisions/2026-10-03-r9/manuscript/results.tex
Underfull \vbox (badness 2951) has occurred while \output is active [47]
(./revisions/2026-10-03-r9/manuscript/table_common.tex)

LaTeX Warning: Reference `tab:r9common' on page 48 undefined on input line 9.

[48
pdfTeX warning (ext4): destination with the same identifier (name{table.0.10}) 
has been already used, duplicate ignored
<argument> ...shipout:D \box_use:N \l_shipout_box 
                                                  \__shipout_drop_firstpage_...
l.10 
     ]

LaTeX Warning: Reference `tab:r9matched' on page 49 undefined on input line 11.


(./revisions/2026-10-03-r9/manuscript/table_matched.tex) [49
pdfTeX warning (ext4): destination with the same identifier (name{table.0.11}) 
has been already used, duplicate ignored
<argument> ...shipout:D \box_use:N \l_shipout_box 
                                                  \__shipout_drop_firstpage_...
l.16 
     ]

LaTeX Warning: Reference `eq:r9guard' on page 50 undefined on input line 17.

(./revisions/2026-10-03-r9/manuscript/table_nested.tex) [50
pdfTeX warning (ext4): destination with the same identifier (name{table.0.12}) 
has been already used, duplicate ignored
<argument> ...shipout:D \box_use:N \l_shipout_box 
                                                  \__shipout_drop_firstpage_...
l.22 
     ]

LaTeX Warning: Reference `tab:r9welfare' on page 51 undefined on input line 26.


(./revisions/2026-10-03-r9/manuscript/table_welfare.tex)
(./revisions/2026-10-03-r9/manuscript/capital.tex
Underfull \vbox (badness 3907) has occurred while \output is active [51]
[52
pdfTeX warning (ext4): destination with the same identifier (name{table.0.13}) 
has been already used, duplicate ignored
<argument> ...shipout:D \box_use:N \l_shipout_box 
                                                  \__shipout_drop_firstpage_...
l.20 \]
       ]

LaTeX Warning: Reference `tab:r9capital' on page 53 undefined on input line 31.


(./revisions/2026-10-03-r9/manuscript/table_capital.tex))) [53
pdfTeX warning (ext4): destination with the same identifier (name{table.0.14}) 
has been already used, duplicate ignored
<argument> ...shipout:D \box_use:N \l_shipout_box 
                                                  \__shipout_drop_firstpage_...
l.522 \section
              {Conclusion}\label{sec:conclusion}]

LaTeX Font Warning: Font shape `T1/ppl/m/scit' undefined
(Font)              using `T1/ppl/m/sc' instead on input line 531.


LaTeX Warning: Reference `thm:verification' on page 54 undefined on input line 
531.

[54]

LaTeX Warning: Reference `eq:valuebound' on page 55 undefined on input line 537
.


LaTeX Warning: Reference `eq:policybound' on page 55 undefined on input line 53
9.


LaTeX Warning: Reference `eq:regret' on page 55 undefined on input line 539.


LaTeX Font Warning: Font shape `T1/ppl/m/scit' undefined
(Font)              using `T1/ppl/m/sc' instead on input line 541.


LaTeX Font Warning: Font shape `T1/ppl/m/scit' undefined
(Font)              using `T1/ppl/m/sc' instead on input line 544.


LaTeX Warning: Reference `thm:discrete' on page 55 undefined on input line 544.



LaTeX Warning: Reference `eq:implicit' on page 55 undefined on input line 545.

[55]

LaTeX Font Warning: Font shape `T1/ppl/m/scit' undefined
(Font)              using `T1/ppl/m/sc' instead on input line 554.


LaTeX Warning: Reference `thm:viscosity' on page 56 undefined on input line 554
.


LaTeX Warning: Reference `eq:discretebound' on page 56 undefined on input line 
555.


Package natbib Warning: Citation `barles1991' on page 56 undefined on input lin
e 560.


Package natbib Warning: Citation `crandall1992' on page 56 undefined on input l
ine 560.


LaTeX Font Warning: Font shape `T1/ppl/m/scit' undefined
(Font)              using `T1/ppl/m/sc' instead on input line 562.


Underfull \vbox (badness 10000) has occurred while \output is active [56]

LaTeX Font Warning: Font shape `T1/ppl/m/scit' undefined
(Font)              using `T1/ppl/m/sc' instead on input line 570.


LaTeX Warning: Reference `eq:spike' on page 57 undefined on input line 580.

(./revisions/2026-10-03-r9/manuscript/proofs.tex

LaTeX Font Warning: Font shape `T1/ppl/m/scit' undefined
(Font)              using `T1/ppl/m/sc' instead on input line 2.


LaTeX Warning: Reference `prop:r9guard' on page 57 undefined on input line 2.


Underfull \vbox (badness 1406) has occurred while \output is active [57]

LaTeX Font Warning: Font shape `T1/ppl/m/scit' undefined
(Font)              using `T1/ppl/m/sc' instead on input line 5.


LaTeX Warning: Reference `thm:r9cover' on page 58 undefined on input line 5.


LaTeX Warning: Reference `eq:r9mean' on page 58 undefined on input line 10.


LaTeX Warning: Reference `eq:r9coverbound' on page 58 undefined on input line 1
2.

[58]

LaTeX Font Warning: Font shape `T1/ppl/m/scit' undefined
(Font)              using `T1/ppl/m/sc' instead on input line 16.


LaTeX Font Warning: Font shape `T1/ppl/m/scit' undefined
(Font)              using `T1/ppl/m/sc' instead on input line 33.


LaTeX Warning: Reference `prop:r9capital' on page 59 undefined on input line 33
.

[59]

LaTeX Font Warning: Font shape `T1/ppl/m/scit' undefined
(Font)              using `T1/ppl/m/sc' instead on input line 43.

[60]) [61]

Package hyperref Warning: Difference (3) between bookmark levels is greater 
(hyperref)                than one, level fixed on input line 601.


Underfull \vbox (badness 1178) has occurred while \output is active [62]
No file ECTA.bbl.

Package natbib Warning: There were undefined citations.

[63] (revisions/2026-10-03-r9/build/ECTA.aux)

LaTeX Font Warning: Some font shapes were not available, defaults substituted.


LaTeX Warning: There were undefined references.


LaTeX Warning: Label(s) may have changed. Rerun to get cross-references right.


Package rerunfilecheck Warning: File `ECTA.out' has changed.
(rerunfilecheck)                Rerun to get outlines right
(rerunfilecheck)                or use package `bookmark'.

 )
(see the transcript file for additional information)</usr/share/texlive/texmf-d
ist/fonts/type1/public/amsfonts/cm/cmbx12.pfb></usr/share/texlive/texmf-dist/fo
nts/type1/public/amsfonts/cm/cmex10.pfb></usr/share/texlive/texmf-dist/fonts/ty
pe1/public/amsfonts/cm/cmmi10.pfb></usr/share/texlive/texmf-dist/fonts/type1/pu
blic/amsfonts/cm/cmr10.pfb></usr/share/texlive/texmf-dist/fonts/type1/public/am
sfonts/cm/cmsy10.pfb></usr/share/texlive/texmf-dist/fonts/type1/public/mathpazo
/fplmbb.pfb></usr/share/texlive/texmf-dist/fonts/type1/public/mathpazo/fplmr.pf
b></usr/share/texlive/texmf-dist/fonts/type1/public/mathpazo/fplmri.pfb></usr/s
hare/texlive/texmf-dist/fonts/type1/public/amsfonts/symbols/msam10.pfb></usr/sh
are/texlive/texmf-dist/fonts/type1/urw/courier/ucrr8a.pfb></usr/share/texlive/t
exmf-dist/fonts/type1/urw/palatino/uplb8a.pfb></usr/share/texlive/texmf-dist/fo
nts/type1/urw/palatino/uplr8a.pfb></usr/share/texlive/texmf-dist/fonts/type1/ur
w/palatino/uplri8a.pfb>
Output written on revisions/2026-10-03-r9/build/ECTA.pdf (63 pages, 348720 byte
s).
Transcript written on revisions/2026-10-03-r9/build/ECTA.log.
