{
  "status": "passed",
  "role": "manufactured arithmetic, binding and API checks; not economic evidence",
  "arithmetic": [
    {
      "dimension": 1,
      "jet_absolute_errors": [
        0.0,
        2.220446049250313e-16,
        0.0,
        2.5370330836160804e-17
      ],
      "deployment_first_jet_absolute_errors": [
        0.0,
        2.220446049250313e-16,
        0.0
      ],
      "weight_gradient_absolute_error": 7.105427357601002e-15,
      "optimized_root_max_error_against_50_bisections": 1.454392162258955e-14,
      "root_work": {
        "newton_batches": 5,
        "fallback_bisection_batches": 0,
        "scalar_row_iterations": 10240,
        "maximum_fixed_point_residual": 1.9645396420742145e-13
      },
      "median_exact_training_batch_seconds": 0.0028479600000537175,
      "trace_mode": "exact architecture-specific analytic propagation",
      "payoff_evaluations": 0
    },
    {
      "dimension": 10,
      "jet_absolute_errors": [
        0.0,
        1.249000902703301e-16,
        5.551115123125783e-17,
        2.7755575615628914e-17
      ],
      "deployment_first_jet_absolute_errors": [
        0.0,
        1.249000902703301e-16,
        5.551115123125783e-17
      ],
      "weight_gradient_absolute_error": 8.881784197001252e-16,
      "optimized_root_max_error_against_50_bisections": 3.708144902248023e-14,
      "root_work": {
        "newton_batches": 5,
        "fallback_bisection_batches": 0,
        "scalar_row_iterations": 10240,
        "maximum_fixed_point_residual": 1.9806378759312793e-13
      },
      "median_exact_training_batch_seconds": 0.003699464999954216,
      "trace_mode": "exact architecture-specific analytic propagation",
      "payoff_evaluations": 0
    },
    {
      "dimension": 50,
      "jet_absolute_errors": [
        0.0,
        5.551115123125783e-17,
        6.938893903907228e-18,
        4.163336342344337e-17
      ],
      "deployment_first_jet_absolute_errors": [
        0.0,
        5.551115123125783e-17,
        6.938893903907228e-18
      ],
      "weight_gradient_absolute_error": 1.7763568394002505e-15,
      "optimized_root_max_error_against_50_bisections": 3.6193270602780103e-14,
      "root_work": {
        "newton_batches": 4,
        "fallback_bisection_batches": 0,
        "scalar_row_iterations": 8192,
        "maximum_fixed_point_residual": 1.992850329202156e-13
      },
      "median_exact_training_batch_seconds": 0.009281295000164391,
      "trace_mode": "exact architecture-specific analytic propagation",
      "payoff_evaluations": 0
    }
  ],
  "capital_binding": [
    {
      "status": "passed",
      "horizon": 1.0,
      "CHI": 0.03,
      "aliases": 9,
      "defining_functions": 19,
      "matched_occupation_bitwise": true,
      "exact_zero_method_identity_checks": 5
    },
    {
      "status": "passed",
      "horizon": 2.0,
      "CHI": 0.1,
      "aliases": 9,
      "defining_functions": 19,
      "matched_occupation_bitwise": true,
      "exact_zero_method_identity_checks": 5
    }
  ],
  "family_api": {
    "status": "passed",
    "candidates": 4,
    "persisted_deployments": 2,
    "payoff_evaluations": 0,
    "selection_uses_payoff": false
  }
}
