{
  "ECTA": {
    "pdf_sha256": "a6d4a70c9a6a883211280695bdbcfda5c90bbb3956b2dafeda879191446d5e34",
    "pages": 51,
    "undefined": false,
    "overfull_hbox_pt": []
  },
  "supp": {
    "pdf_sha256": "e9db4cb4d71c70863d89f3c465e50d42b0f678b344136dc2e2c33f0116dea286",
    "pages": 30,
    "undefined": false,
    "overfull_hbox_pt": []
  },
  "response": {
    "pdf_sha256": "ffc697457d818398a99028c62592087e8986f7c09cd39797e565dcd1a0cad1f0",
    "pages": 7,
    "undefined": false,
    "overfull_hbox_pt": []
  }
}
