test_budget_monotone_in_precision (test_entropic_budget.EntropicBudgetTests.test_budget_monotone_in_precision) ... ok
test_cap_contraction (test_entropic_budget.EntropicBudgetTests.test_cap_contraction) ... ok
test_domain_failure_is_explicit (test_entropic_budget.EntropicBudgetTests.test_domain_failure_is_explicit) ... ok
test_execution_contract_is_separate (test_entropic_budget.EntropicBudgetTests.test_execution_contract_is_separate) ... ok
test_independent_full_policy_certificate (test_entropic_budget.EntropicBudgetTests.test_independent_full_policy_certificate) ... ok
test_initial_state_radius_only_changes_allocation (test_entropic_budget.EntropicBudgetTests.test_initial_state_radius_only_changes_allocation) ... ok
test_invalid_risk (test_entropic_budget.EntropicBudgetTests.test_invalid_risk) ... ok
test_invalid_tolerance_or_slack (test_entropic_budget.EntropicBudgetTests.test_invalid_tolerance_or_slack) ... ok
test_isotropic_scale_inside_all_targets (test_entropic_budget.EntropicBudgetTests.test_isotropic_scale_inside_all_targets) ... ok
test_noncoercive_cost_rejected (test_entropic_budget.EntropicBudgetTests.test_noncoercive_cost_rejected) ... ok
test_optimum_is_only_a_test_comparator (test_entropic_budget.EntropicBudgetTests.test_optimum_is_only_a_test_comparator) ... ok
test_own_values_below_primitive_reference_envelope (test_entropic_budget.EntropicBudgetTests.test_own_values_below_primitive_reference_envelope) ... ok
test_primitive_domains_are_positive (test_entropic_budget.EntropicBudgetTests.test_primitive_domains_are_positive) ... ok
test_primitive_plan_does_not_evaluate_a_target (test_entropic_budget.EntropicBudgetTests.test_primitive_plan_does_not_evaluate_a_target) ... ok
test_primitives_not_mutated (test_entropic_budget.EntropicBudgetTests.test_primitives_not_mutated) ... ok
test_reference_shape_rejected (test_entropic_budget.EntropicBudgetTests.test_reference_shape_rejected) ... ok
test_risk_neutral_limit (test_entropic_budget.EntropicBudgetTests.test_risk_neutral_limit) ... ok
test_signed_permutation_randomness_preserves_success (test_entropic_budget.EntropicBudgetTests.test_signed_permutation_randomness_preserves_success) ... ok
test_single_date_needs_no_fit (test_entropic_budget.EntropicBudgetTests.test_single_date_needs_no_fit) ... ok
test_target_spectra_in_primitive_envelope (test_entropic_budget.EntropicBudgetTests.test_target_spectra_in_primitive_envelope) ... ok
test_targets_use_returned_future (test_entropic_budget.EntropicBudgetTests.test_targets_use_returned_future) ... ok
test_thresholds_and_hard_caps (test_entropic_budget.EntropicBudgetTests.test_thresholds_and_hard_caps) ... ok
test_tube_accepts_inaccurate_symmetric_centers (test_entropic_budget.EntropicBudgetTests.test_tube_accepts_inaccurate_symmetric_centers) ... ok
test_tube_rejects_wrong_terminal (test_entropic_budget.EntropicBudgetTests.test_tube_rejects_wrong_terminal) ... ok

----------------------------------------------------------------------
Ran 24 tests in 0.541s

OK
