dpo_d10_s37633 20.053545055 640 None
linear_d10_s37633 20.021717273000007 860 None
nbo_d10_s37633 20.035305001999973 400 None
dpo_d10_s37633_origin_n1024 0.0011128587630125036 0.002708473013334965
linear_d10_s37633_origin_n1024 0.0010640796231509298 0.0026577430206611075
nbo_d10_s37633_origin_n1024 0.001184634469197818 0.0027799396113903376
nbo_d10_s37633_origin_n1024__minus__dpo_d10_s37633_origin_n1024 -0.001130575980794955 0.0012738182850356424
nbo_d10_s37633_origin_n1024__minus__linear_d10_s37633_origin_n1024 -0.0010815362096242506 0.0013242876464003694
dpo_d10_s37633_population_n1024 0.000543704479005706 0.0022222357513504835
linear_d10_s37633_population_n1024 0.0005153115888999106 0.002192893268850332
nbo_d10_s37633_population_n1024 0.0006301091836345277 0.002307954272481688
nbo_d10_s37633_population_n1024__minus__dpo_d10_s37633_population_n1024 -0.0011664756298732633 0.0013385988556332891
nbo_d10_s37633_population_n1024__minus__linear_d10_s37633_population_n1024 -0.0011379934972248697 0.0013678520955908424
dpo_d20_s37633 20.05893286700001 580 None
linear_d20_s37633 20.045094559000006 770 None
nbo_d20_s37633 20.04930805800001 400 None
dpo_d20_s37633_origin_n1024 0.0006061029224766668 0.0023754162257265564
linear_d20_s37633_origin_n1024 0.000559281010611522 0.002327373360160475
nbo_d20_s37633_origin_n1024 0.0007013766839559416 0.002470611288563496
nbo_d20_s37633_origin_n1024__minus__dpo_d20_s37633_origin_n1024 -0.0012159601678429538 0.0014064289921591686
nbo_d20_s37633_origin_n1024__minus__linear_d20_s37633_origin_n1024 -0.0011689537810144089 0.001454287382761849
dpo_d20_s37633_population_n1024 0.000331488960908271 0.002171449790772368
linear_d20_s37633_population_n1024 0.00030163422633963454 0.002141064234157803
nbo_d20_s37633_population_n1024 0.00042444061951788897 0.002264317638428036
nbo_d20_s37633_population_n1024__minus__dpo_d20_s37633_population_n1024 -0.001270090190044806 0.0014559096963100927
nbo_d20_s37633_population_n1024__minus__linear_d20_s37633_population_n1024 -0.0012404856340068034 0.001486545431455291
dpo_d50_s37633 20.085741404000032 454 None
linear_d50_s37633 20.064386444000093 555 None
nbo_d50_s37633 20.08148802200003 320 None
dpo_d50_s37633_origin_n1024 0.000751372837597038 0.0025617778212744828
linear_d50_s37633_origin_n1024 0.0005824628471776827 0.0023906986496849427
nbo_d50_s37633_origin_n1024 0.0008498352933149197 0.0026603651249523953
nbo_d50_s37633_origin_n1024__minus__dpo_d50_s37633_origin_n1024 -0.0012361975092293072 0.0014332472686251017
nbo_d50_s37633_origin_n1024__minus__linear_d50_s37633_origin_n1024 -0.0010671660404335498 0.0016042049618382396
dpo_d50_s37633_population_n1024 0.0005724937212708549 0.002460592685319623
linear_d50_s37633_population_n1024 0.0004780139874929244 0.0023643098581476747
nbo_d50_s37633_population_n1024 0.0006662258776232588 0.0025539663608444307
nbo_d50_s37633_population_n1024__minus__dpo_d50_s37633_population_n1024 -0.0012935377880556168 0.0014806436199328288
nbo_d50_s37633_population_n1024__minus__linear_d50_s37633_population_n1024 -0.001199613310399548 0.0015774817032266387
