4 defer 1/100 4.617418901151903 4.730105048894075 0.00421462256963423 True 0.6756826099999955
4 defer 1/20 3.664041626637635 3.8901196147944574 0.005891942893867963 True 0.666474234000006
4 neural31001 1/100 0.08158258504959416 0.08927719237453857 0.0017071139482141007 True 0.5628383869999993
4 neural31001 1/20 0.025557191396331 0.030154512011904444 0.0010512347389521892 True 0.5516925000000015
4 neural31002 1/100 0.11652422895014239 0.12516817214418552 0.0017939726831173175 True 0.554912606000002
4 neural31002 1/20 0.046104541011404127 0.05402576803044212 0.0012669107163674198 True 0.55436598
4 neural31003 1/100 0.09087322594392382 0.09908518585689308 0.001725429706311843 True 0.5611800229999915
4 neural31003 1/20 0.031119425572731493 0.037226698676931846 0.0011506039127198164 True 0.553373176000008
4 occupancy_stress 1/100 3.8891865279882305 4.020718467045299 0.007352564481152513 True 0.6678342289999932
4 occupancy_stress 1/20 3.017302712848743 3.2480423734295982 0.007743010931335448 True 0.670617551999996
4 spline129 1/100 0.0 0.0 0.0 False 0.5492354800000072
4 spline129 1/20 0.0 0.0 0.0 False 0.5451023769999921
4 spline33 1/100 0.0 0.0 0.0 False 0.5532933509999935
4 spline33 1/20 0.0 0.0 0.0 False 0.5519253490000011
8 defer 1/100 10.503550859244722 10.637939627966261 0.014170971382554853 True 1.472295791999997
8 defer 1/20 9.449119553943815 9.85439359544398 0.017999933706050797 True 1.4880911850000018
8 neural31001 1/100 0.32451670666604393 0.4023122133075958 0.02750657644810417 True 1.1956347160000007
8 neural31001 1/20 0.10248383987774426 0.14045849289232137 0.012941485269948316 False 1.1984223799999967
8 neural31002 1/100 0.2119315539193246 0.2777156860156538 0.026124707579583628 True 1.1847111310000003
8 neural31002 1/20 0.040296334232102646 0.05951055949572037 0.01011020216265024 False 1.2222190969999929
8 neural31003 1/100 0.4832529317323399 0.6539020551526846 0.037573105581031996 True 1.1962851790000002
8 neural31003 1/20 0.06823349486745028 0.10043865837724297 0.007828176842849643 True 1.1820974209999946
8 occupancy_stress 1/100 9.1706231565494 9.365725819936415 0.039721615828966605 True 1.5149970460000048
8 occupancy_stress 1/20 7.9737280524457725 8.565982087958218 0.04692704237822909 True 1.5158359250000046
8 spline129 1/100 0.0 0.0 0.0 False 1.157412767000011
8 spline129 1/20 0.0 0.0 0.0 False 1.1467297890000054
8 spline33 1/100 0.0 0.0 0.0 False 1.152242955999995
8 spline33 1/20 0.0 0.0 0.0 False 1.1576384410000031
12 defer 1/100 15.317223960649331 15.466905067787593 0.022172230764226697 True 2.7284600759999904
12 defer 1/20 14.14203720121025 14.724121806872972 0.027281614695311873 True 2.763215955000007
12 neural31001 1/100 2.711965713771589 3.3601499332617095 0.116833289654096 True 2.1159252089999967
12 neural31001 1/20 1.5667051481793117 2.0235319750099734 0.05377789113208564 True 2.0579691939999947
12 neural31002 1/100 2.0204379903330247 2.38504612413999 0.09830922909350193 True 2.1423882779999985
12 neural31002 1/20 1.1376979584596845 1.4551449424161547 0.061933363894240756 True 2.0783283499999925
12 neural31003 1/100 0.7426367364581573 1.0102761393809487 0.13325132800036954 True 2.1375122399999924
12 neural31003 1/20 0.07751191666516784 0.14210742281011335 0.03418578357559454 False 2.042569389999997
12 occupancy_stress 1/100 13.41790477655571 13.655059129408983 0.07037881635460508 True 2.8351982240000098
12 occupancy_stress 1/20 12.145631444965469 12.877516710471355 0.08426552526907471 True 2.8652070179999924
12 spline129 1/100 0.0 0.0 0.0 False 1.970285693000008
12 spline129 1/20 0.0 0.0 0.0 False 1.9710916260000033
12 spline33 1/100 0.0 0.0 0.0 False 1.9968860339999992
12 spline33 1/20 0.0 0.0 0.0 False 1.967817058999998
