(4, 'defer', '1/100') 4.617418901151903 4.730105048894075 0.0 0.7682901960000095
(4, 'defer', '1/20') 3.664041626637635 3.8901196147944574 0.0 0.7589995410000085
(4, 'neural31001', '1/100') 0.08510222584391158 0.08927719237453857 0.0035196407943174244 0.7722636030000132
(4, 'neural31001', '1/20') 0.02622262397017039 0.030154512011904444 0.0006654325738393882 0.7593500710000001
(4, 'neural31002', '1/100') 0.12047966194222681 0.12516817214418552 0.003955432992084424 0.7655535460000067
(4, 'neural31002', '1/20') 0.04796412993709964 0.05402576803044212 0.001859588925695518 0.7602442619999863
(4, 'neural31003', '1/100') 0.09478633981416351 0.09908518585689308 0.0039131138702397025 0.7651504319999987
(4, 'neural31003', '1/20') 0.03178717115770269 0.037226698676931846 0.0006677455849711941 0.7653545659999992
(4, 'occupancy_stress', '1/100') 3.9069109598094656 4.020718467045299 0.01772443182123519 0.7645282040000012
(4, 'occupancy_stress', '1/20') 3.02022106133154 3.2480423734295982 0.0029183484827970106 0.7733015419999845
(4, 'spline129', '1/100') 0.0 0.0 0.0 0.7609604269999863
(4, 'spline129', '1/20') 0.0 0.0 0.0 0.7649256489999914
(4, 'spline33', '1/100') 0.0 0.0 0.0 0.7673433129999978
(4, 'spline33', '1/20') 0.0 0.0 0.0 0.7622604309999872
(8, 'defer', '1/100') 10.503550859244722 10.637939627966261 0.0 1.647363399999989
(8, 'defer', '1/20') 9.449119553943815 9.85439359544398 0.0 1.6612712640000211
(8, 'neural31001', '1/100') 0.3434451497414557 0.4023122133075958 0.018928443075411742 1.6719468420000112
(8, 'neural31001', '1/20') 0.10408846350856038 0.14045849289232137 0.0016046236308161195 1.6498763150000002
(8, 'neural31002', '1/100') 0.22548861588802538 0.2777156860156538 0.013557061968700757 1.667224678999986
(8, 'neural31002', '1/20') 0.040296334232102646 0.05951055949572037 0.0 1.631076357000012
(8, 'neural31003', '1/100') 0.5528278588417379 0.6539020551526846 0.069574927109398 1.6660333690000186
(8, 'neural31003', '1/20') 0.08634753121805261 0.10043865837724297 0.018114036350602325 1.633291574999987
(8, 'occupancy_stress', '1/100') 9.173627130344357 9.365725819936415 0.003003973794956758 1.714251020000006
(8, 'occupancy_stress', '1/20') 7.983805244236464 8.565982087958218 0.01007719179069185 1.7302651459999936
(8, 'spline129', '1/100') 0.0 0.0 0.0 1.6398865460000138
(8, 'spline129', '1/20') 0.0 0.0 0.0 1.648529945000007
(8, 'spline33', '1/100') 0.0 0.0 0.0 1.6387272480000092
(8, 'spline33', '1/20') 0.0 0.0 0.0 1.6437517079999964
(12, 'defer', '1/100') 15.317223960649331 15.466905067787593 0.0 2.9389913610000065
(12, 'defer', '1/20') 14.14203720121025 14.724121806872972 0.0 2.95859553599999
(12, 'neural31001', '1/100') 2.7709564930573833 3.3601499332617095 0.05899077928579425 2.9053186509999875
(12, 'neural31001', '1/20') 1.584778226864728 2.0235319750099734 0.018073078685416143 2.849710934000001
(12, 'neural31002', '1/100') 2.0517343347009955 2.38504612413999 0.03129634436797073 2.8947640889999775
(12, 'neural31002', '1/20') 1.1957313513767076 1.4551449424161547 0.058033392917023245 2.7982677889999934
(12, 'neural31003', '1/100') 0.7724823555809053 1.0102761393809487 0.029845619122748007 2.9443639760000053
(12, 'neural31003', '1/20') 0.09346386082233948 0.14210742281011335 0.01595194415717164 2.805354331000018
(12, 'occupancy_stress', '1/100') 13.420033280862299 13.655059129408983 0.0021285043065891115 3.222205349999996
(12, 'occupancy_stress', '1/20') 12.158413265112358 12.877516710471355 0.01278182014688993 3.259398095999984
(12, 'spline129', '1/100') 0.0 0.0 0.0 2.7665231569999946
(12, 'spline129', '1/20') 0.0 0.0 0.0 2.7940330049999886
(12, 'spline33', '1/100') 0.0 0.0 0.0 2.790119274999995
(12, 'spline33', '1/20') 0.0 0.0 0.0 2.8009975199999815
