This is pdfTeX, Version 3.141592653-2.6-1.40.25 (TeX Live 2023/Debian) (preloaded format=pdflatex)
entering extended mode
(./ECTA.tex
LaTeX2e <2023-11-01> patch level 1
L3 programming layer <2024-01-22>
(./econsocart.cls
Document Class: econsocart 2022/11/21 v1.4.1, The Econometric Society Journals
(/usr/share/texlive/texmf-dist/tex/latex/etoolbox/etoolbox.sty)
(./econsocart.cfg) (/usr/share/texlive/texmf-dist/tex/latex/base/fix-cm.sty
(/usr/share/texlive/texmf-dist/tex/latex/base/ts1enc.def))
(/usr/share/texlive/texmf-dist/tex/latex/graphics/graphicx.sty
(/usr/share/texlive/texmf-dist/tex/latex/graphics/keyval.sty)
(/usr/share/texlive/texmf-dist/tex/latex/graphics/graphics.sty
(/usr/share/texlive/texmf-dist/tex/latex/graphics/trig.sty)
(/usr/share/texlive/texmf-dist/tex/latex/graphics-cfg/graphics.cfg)
(/usr/share/texlive/texmf-dist/tex/latex/graphics-def/pdftex.def)))
(/usr/share/texlive/texmf-dist/tex/latex/base/fontenc.sty)
(/usr/share/texlive/texmf-dist/tex/latex/psnfss/times.sty)
(/usr/share/texlive/texmf-dist/tex/latex/textcase/textcase.sty)
(/usr/share/texlive/texmf-dist/tex/latex/psnfss/helvet.sty)
(/usr/share/texlive/texmf-dist/tex/latex/base/textcomp.sty)
(/usr/share/texlive/texmf-dist/tex/latex/psnfss/t1ptm.fd)
(/usr/share/texlive/texmf-dist/tex/latex/amsfonts/amssymb.sty
(/usr/share/texlive/texmf-dist/tex/latex/amsfonts/amsfonts.sty))
(/usr/share/texlive/texmf-dist/tex/latex/tools/bm.sty)
(/usr/share/texlive/texmf-dist/tex/latex/url/url.sty)
(/usr/share/texlive/texmf-dist/tex/latex/amsmath/amsmath.sty
For additional information on amsmath, use the `?' option.
(/usr/share/texlive/texmf-dist/tex/latex/amsmath/amstext.sty
(/usr/share/texlive/texmf-dist/tex/latex/amsmath/amsgen.sty))
(/usr/share/texlive/texmf-dist/tex/latex/amsmath/amsbsy.sty)
(/usr/share/texlive/texmf-dist/tex/latex/amsmath/amsopn.sty))
(/usr/share/texlive/texmf-dist/tex/latex/amscls/amsthm.sty)
(/usr/share/texlive/texmf-dist/tex/latex/natbib/natbib.sty))
(/usr/share/texlive/texmf-dist/tex/latex/hyperref/xr-hyper.sty)
(/usr/share/texlive/texmf-dist/tex/latex/booktabs/booktabs.sty)
(/usr/share/texlive/texmf-dist/tex/latex/tools/array.sty)
(/usr/share/texlive/texmf-dist/tex/latex/tools/longtable.sty)
(/usr/share/texlive/texmf-dist/tex/latex/algorithms/algorithm.sty
(/usr/share/texlive/texmf-dist/tex/latex/float/float.sty)
(/usr/share/texlive/texmf-dist/tex/latex/base/ifthen.sty))
(/usr/share/texlive/texmf-dist/tex/latex/algorithmicx/algpseudocode.sty
(/usr/share/texlive/texmf-dist/tex/latex/algorithmicx/algorithmicx.sty
Document Style algorithmicx 1.2 - a greatly improved `algorithmic' style
)
Document Style - pseudocode environments for use with the `algorithmicx' style
) (/usr/share/texlive/texmf-dist/tex/latex/enumitem/enumitem.sty)
(/usr/share/texlive/texmf-dist/tex/latex/base/fontenc.sty)
(/usr/share/texlive/texmf-dist/tex/latex/psnfss/mathpazo.sty)
(/usr/share/texlive/texmf-dist/tex/latex/microtype/microtype.sty
(/usr/share/texlive/texmf-dist/tex/latex/microtype/microtype-pdftex.def)
(/usr/share/texlive/texmf-dist/tex/latex/microtype/microtype.cfg))
(/usr/share/texlive/texmf-dist/tex/latex/needspace/needspace.sty)
(/usr/share/texlive/texmf-dist/tex/latex/hyperref/hyperref.sty
(/usr/share/texlive/texmf-dist/tex/generic/iftex/iftex.sty)
(/usr/share/texlive/texmf-dist/tex/latex/kvsetkeys/kvsetkeys.sty)
(/usr/share/texlive/texmf-dist/tex/generic/kvdefinekeys/kvdefinekeys.sty)
(/usr/share/texlive/texmf-dist/tex/generic/pdfescape/pdfescape.sty
(/usr/share/texlive/texmf-dist/tex/generic/ltxcmds/ltxcmds.sty)
(/usr/share/texlive/texmf-dist/tex/generic/pdftexcmds/pdftexcmds.sty
(/usr/share/texlive/texmf-dist/tex/generic/infwarerr/infwarerr.sty)))
(/usr/share/texlive/texmf-dist/tex/latex/hycolor/hycolor.sty)
(/usr/share/texlive/texmf-dist/tex/latex/auxhook/auxhook.sty)
(/usr/share/texlive/texmf-dist/tex/latex/hyperref/nameref.sty
(/usr/share/texlive/texmf-dist/tex/latex/refcount/refcount.sty)
(/usr/share/texlive/texmf-dist/tex/generic/gettitlestring/gettitlestring.sty
(/usr/share/texlive/texmf-dist/tex/latex/kvoptions/kvoptions.sty)))
(/usr/share/texlive/texmf-dist/tex/latex/hyperref/pd1enc.def)
(/usr/share/texlive/texmf-dist/tex/generic/intcalc/intcalc.sty)
(/usr/share/texlive/texmf-dist/tex/latex/hyperref/puenc.def)
(/usr/share/texlive/texmf-dist/tex/generic/bitset/bitset.sty
(/usr/share/texlive/texmf-dist/tex/generic/bigintcalc/bigintcalc.sty))
(/usr/share/texlive/texmf-dist/tex/latex/base/atbegshi-ltx.sty))
(/usr/share/texlive/texmf-dist/tex/latex/hyperref/hpdftex.def
(/usr/share/texlive/texmf-dist/tex/latex/base/atveryend-ltx.sty)
(/usr/share/texlive/texmf-dist/tex/latex/rerunfilecheck/rerunfilecheck.sty
(/usr/share/texlive/texmf-dist/tex/generic/uniquecounter/uniquecounter.sty)))

Package xr Warning: 
No file revisions/2026-10-04-r15/build/supp_refs.aux
LABELS NOT IMPORTED.
 on input line 32.

(/usr/share/texlive/texmf-dist/tex/latex/psnfss/t1pcr.fd)
(/usr/share/texlive/texmf-dist/tex/latex/hyperref/backref.sty)
(/usr/share/texlive/texmf-dist/tex/latex/psnfss/t1ppl.fd)
(/usr/share/texlive/texmf-dist/tex/latex/l3backend/l3backend-pdftex.def)

LaTeX Warning: Unused global option(s):
    [nameyear].

No file ECTA.aux.
(/usr/share/texlive/texmf-dist/tex/context/base/mkii/supp-pdf.mkii
[Loading MPS to PDF converter (version 2006.09.02).]
) (/usr/share/texlive/texmf-dist/tex/latex/microtype/mt-ppl.cfg)
(/usr/share/texlive/texmf-dist/tex/latex/graphics/color.sty
(/usr/share/texlive/texmf-dist/tex/latex/graphics-cfg/color.cfg)
(/usr/share/texlive/texmf-dist/tex/latex/graphics/mathcolor.ltx))
(./revisions/2026-10-04-r15/manuscript/introduction.tex

Package natbib Warning: Citation `qi2025' on page 1 undefined on input line 2.

[1
Non-PDF special ignored!
<special> papersize=614.295pt,794.96999pt
{/var/lib/texmf/fonts/map/pdftex/updmap/pdftex.map}{/usr/share/texlive/texmf-di
st/fonts/enc/dvips/base/8r.enc}]
Underfull \vbox (badness 10000) has occurred while \output is active

LaTeX Font Warning: Font shape `T1/ppl/m/uc' undefined
(Font)              using `T1/ppl/m/n' instead on input line 11.


LaTeX Font Warning: Font shape `T1/ppl/m/up' undefined
(Font)              using `T1/ppl/m/n' instead on input line 11.

[2] (/usr/share/texlive/texmf-dist/tex/latex/psnfss/ot1ppl.fd)
(/usr/share/texlive/texmf-dist/tex/latex/psnfss/omlzplm.fd)
(/usr/share/texlive/texmf-dist/tex/latex/psnfss/omszplm.fd)
(/usr/share/texlive/texmf-dist/tex/latex/psnfss/omxzplm.fd)
(/usr/share/texlive/texmf-dist/tex/latex/microtype/mt-msa.cfg)
(/usr/share/texlive/texmf-dist/tex/latex/microtype/mt-msb.cfg)
(/usr/share/texlive/texmf-dist/tex/latex/microtype/mt-cmr.cfg)
(/usr/share/texlive/texmf-dist/tex/latex/psnfss/ot1zplm.fd)
Underfull \vbox (badness 10000) has occurred while \output is active [3])
(./revisions/2026-10-04-r15/manuscript/literature.tex

Package natbib Warning: Citation `judd1998' on page 4 undefined on input line 4
.


Package natbib Warning: Citation `hornik1990' on page 4 undefined on input line
 4.


Underfull \vbox (badness 10000) has occurred while \output is active [4]

Package natbib Warning: Citation `sirignano2018' on page 5 undefined on input l
ine 6.


Package natbib Warning: Citation `han2018' on page 5 undefined on input line 6.



Package natbib Warning: Citation `epsteinzin1989' on page 5 undefined on input 
line 8.


Package natbib Warning: Citation `duffieepstein1992' on page 5 undefined on inp
ut line 8.


Package natbib Warning: Citation `herdegen2021' on page 5 undefined on input li
ne 8.


Package natbib Warning: Citation `bjork2016' on page 5 undefined on input line 
8.


Package natbib Warning: Citation `borkar2024' on page 5 undefined on input line
 8.


LaTeX Warning: Reference `sec:theory' on page 5 undefined on input line 11.


LaTeX Warning: Reference `sec:r10continuous' on page 5 undefined on input line 
12.


LaTeX Warning: Reference `sec:r15mechanism' on page 5 undefined on input line 1
2.


LaTeX Warning: Reference `sec:economic-scope' on page 5 undefined on input line
 13.

) (./revisions/2026-10-04-r15/manuscript/model.tex
Underfull \vbox (badness 10000) has occurred while \output is active [5]
Underfull \hbox (badness 816) in paragraph at lines 15--17
\T1/ppl/m/up/12 (+20) Adjustment costs are in-cluded in $\OML/zplm/m/it/12 f$\T
1/ppl/m/up/12 (+20) . For ex-am-ple, time-additive util-ity has
[6]

LaTeX Warning: Reference `eq:generator' on page 7 undefined on input line 32.


LaTeX Warning: Reference `eq:state' on page 7 undefined on input line 32.

(/usr/share/texlive/texmf-dist/tex/latex/psnfss/ufplmbb.fd) [7]

LaTeX Warning: Reference `sec:ndu' on page 8 undefined on input line 37.

) (./revisions/2026-10-04-r15/manuscript/method.tex [8]

LaTeX Warning: Reference `app:r15evaluation' on page 9 undefined on input line 
31.

[9] [10]

Package natbib Warning: Citation `scherrer2015' on page 11 undefined on input l
ine 69.


LaTeX Warning: Reference `sec:nonquadratic' on page 11 undefined on input line 
69.


LaTeX Warning: Reference `sec:ndu-neural' on page 11 undefined on input line 69
.

) (./revisions/2026-10-04-r15/manuscript/algorithm.tex)
(./revisions/2026-10-04-r15/manuscript/general_theory.tex

LaTeX Warning: Reference `ass:model' on page 11 undefined on input line 12.

[11] [12]

LaTeX Warning: Reference `sec:coverage' on page 13 undefined on input line 21.


LaTeX Warning: Reference `ass:model' on page 13 undefined on input line 31.


LaTeX Warning: Reference `eq:implicit' on page 13 undefined on input line 34.

[13]

LaTeX Warning: Reference `thm:discrete' on page 14 undefined on input line 51.

[14]

LaTeX Warning: Reference `app:r15evaluation' on page 15 undefined on input line
 62.


LaTeX Warning: Reference `app:proofs' on page 15 undefined on input line 64.

) (./revisions/2026-10-04-r15/manuscript/capital.tex [15]

LaTeX Warning: Reference `eq:r10anchorbound' on page 16 undefined on input line
 31.


LaTeX Warning: Reference `app:r15capitalaccounts' on page 16 undefined on input
 line 31.


LaTeX Warning: Reference `thm:r10tube' on page 16 undefined on input line 32.

[16]

LaTeX Warning: Reference `thm:r10tube' on page 17 undefined on input line 54.


LaTeX Warning: Reference `eq:r10state' on page 17 undefined on input line 54.


LaTeX Warning: Reference `eq:r10payoff' on page 17 undefined on input line 54.

[17]

LaTeX Warning: Reference `thm:r10tube' on page 18 undefined on input line 78.


LaTeX Warning: Reference `eq:r11gain' on page 18 undefined on input line 97.

[18]

LaTeX Warning: Reference `eq:r11implementation' on page 19 undefined on input l
ine 102.


LaTeX Warning: Reference `prop:r11transfer' on page 19 undefined on input line 
103.


LaTeX Warning: Reference `app:r15capitalaccounts' on page 19 undefined on input
 line 104.


LaTeX Warning: Reference `eq:r11bias' on page 19 undefined on input line 108.


LaTeX Warning: Reference `app:r15capitaltail' on page 19 undefined on input lin
e 117.

[19]

Package natbib Warning: Citation `maurer2009' on page 20 undefined on input lin
e 143.


LaTeX Warning: Reference `eq:r11lower' on page 20 undefined on input line 143.


LaTeX Warning: Reference `prop:r11transfer' on page 20 undefined on input line 
143.


LaTeX Warning: Reference `eq:r11regret' on page 20 undefined on input line 143.



LaTeX Warning: Reference `eq:r10anchorbound' on page 20 undefined on input line
 143.


Package natbib Warning: Citation `kakade2002' on page 20 undefined on input lin
e 146.


Package natbib Warning: Citation `pirotta2013' on page 20 undefined on input li
ne 146.


Package natbib Warning: Citation `scherrer2015' on page 20 undefined on input l
ine 146.


LaTeX Warning: Reference `eq:r11gain' on page 20 undefined on input line 146.


LaTeX Warning: Reference `eq:r11bias' on page 20 undefined on input line 146.

) (./revisions/2026-10-04-r15/manuscript/mechanism.tex
Underfull \vbox (badness 3942) has occurred while \output is active [20]

LaTeX Warning: Reference `eq:r12actionloss' on page 21 undefined on input line 
28.


LaTeX Warning: Reference `eq:r12projection' on page 21 undefined on input line 
28.

[21]

LaTeX Warning: Reference `prop:r14economiccostate' on page 22 undefined on inpu
t line 31.

[22]

LaTeX Warning: Reference `thm:r11certificate' on page 23 undefined on input lin
e 51.


LaTeX Warning: Reference `eq:r11lower' on page 23 undefined on input line 51.

) (./revisions/2026-10-04-r15/manuscript/new_theory.tex [23] [24]

LaTeX Warning: Reference `eq:r15actorgap' on page 25 undefined on input line 11
2.

[25] [26]

LaTeX Warning: Reference `prop:r11transfer' on page 27 undefined on input line 
176.


LaTeX Warning: Reference `prop:r15actorgap' on page 27 undefined on input line 
185.

) (./revisions/2026-10-04-r15/manuscript/implementation_summary.tex

LaTeX Warning: Reference `prop:r12observation' on page 27 undefined on input li
ne 4.


LaTeX Warning: Reference `prop:r14randomization' on page 27 undefined on input 
line 4.

[27]

LaTeX Warning: Reference `prop:r14sensor' on page 28 undefined on input line 6.



LaTeX Warning: Reference `app:r15observationtheory' on page 28 undefined on inp
ut line 6.

) (./revisions/2026-10-04-r15/manuscript/fees.tex)
(./revisions/2026-10-04-r15/manuscript/economic_scope.tex [28] [29]

LaTeX Warning: Reference `sec:ndu' on page 30 undefined on input line 35.


LaTeX Warning: Reference `sec:ndu-neural' on page 30 undefined on input line 35
.


LaTeX Warning: Reference `sec:r9results' on page 30 undefined on input line 35.



LaTeX Warning: Reference `sec:recursive' on page 30 undefined on input line 42.


[30]

LaTeX Warning: Reference `sec:temporal' on page 31 undefined on input line 49.


LaTeX Warning: Reference `sec:games' on page 31 undefined on input line 59.


LaTeX Warning: Reference `sec:dynamic-computation' on page 31 undefined on inpu
t line 59.

[31]) (./revisions/2026-10-04-r15/manuscript/evidence_baseline.tex

LaTeX Warning: Reference `tab:r15referenceevidence' on page 32 undefined on inp
ut line 7.

[32] [33]

LaTeX Warning: Reference `app:r15diagnostics' on page 34 undefined on input lin
e 32.


LaTeX Warning: Reference `eq:r12fee' on page 34 undefined on input line 34.

) (./revisions/2026-10-04-r15/manuscript/new_evidence.tex
Underfull \vbox (badness 10000) has occurred while \output is active [34]
(./revisions/2026-10-04-r15/manuscript/experiment_design.tex

LaTeX Warning: Reference `eq:r10state' on page 35 undefined on input line 4.


LaTeX Warning: Reference `eq:r10payoff' on page 35 undefined on input line 4.

[35]) (./revisions/2026-10-04-r15/manuscript/baseline_design.tex
Underfull \vbox (badness 3930) has occurred while \output is active [36]
[37]) (./revisions/2026-10-04-r15/manuscript/method_inference.tex
Underfull \vbox (badness 7944) has occurred while \output is active [38]
[39] [40]) (./revisions/2026-10-04-r15/manuscript/method_evidence.tex

LaTeX Warning: Reference `tab:r15methodmeans' on page 41 undefined on input lin
e 6.


LaTeX Warning: Reference `tab:r15methodcontrasts' on page 41 undefined on input
 line 6.


LaTeX Warning: Reference `sec:r15methoddistribution' on page 41 undefined on in
put line 6.


LaTeX Warning: Reference `tab:r15methodwork' on page 41 undefined on input line
 8.


LaTeX Warning: Reference `tab:r15methodoperations' on page 41 undefined on inpu
t line 8.


LaTeX Warning: Reference `tab:r15methoddecomposition' on page 41 undefined on i
nput line 8.


(./revisions/2026-10-04-r15/results/publication_tables/table_method_summary.tex
)
(./revisions/2026-10-04-r15/results/publication_tables/table_method_comparisons
.tex (/usr/share/texlive/texmf-dist/tex/latex/psnfss/ts1ppl.fd))
(./revisions/2026-10-04-r15/results/experiment/report/table_method_work.tex)
(./revisions/2026-10-04-r15/results/experiment/report/table_method_operations.t
ex)
(./revisions/2026-10-04-r15/results/experiment/report/table_method_decompositio
n.tex)) (./revisions/2026-10-04-r15/manuscript/primary_interpretation.tex
[41] [42] [43] [44])
(./revisions/2026-10-04-r15/manuscript/paired_comparison.tex

LaTeX Warning: Reference `prop:r15pairedtransfer' on page 45 undefined on input
 line 5.

(./revisions/2026-10-04-r15/results/paired_transfer/paired_transfer_main.tex

LaTeX Warning: Reference `app:r15pairedtransfer' on page 45 undefined on input 
line 17.

) (./revisions/2026-10-04-r15/manuscript/paired_interpretation.tex))
(./revisions/2026-10-04-r15/results/economic_bounds/economic_bounds.tex
[45]

LaTeX Warning: Reference `eq:r10anchorbound' on page 46 undefined on input line
 5.

[46]
(./revisions/2026-10-04-r15/results/economic_bounds/table_economic_bounds.tex)

LaTeX Warning: Reference `tab:r15absolute' on page 47 undefined on input line 1
9.


LaTeX Warning: Reference `eq:r15methodregret' on page 47 undefined on input lin
e 19.

) (./revisions/2026-10-04-r15/manuscript/mechanism_evidence.tex
(./revisions/2026-10-04-r15/results/mechanism/report/mechanism_evidence.tex
[47]

LaTeX Warning: Reference `tab:r15mechanismevaluation' on page 48 undefined on i
nput line 9.


LaTeX Warning: Reference `tab:r15mechanismwelfare' on page 48 undefined on inpu
t line 18.


LaTeX Warning: Reference `thm:r15mechanism' on page 48 undefined on input line 
20.


LaTeX Warning: Reference `tab:r15mechanismfull' on page 48 undefined on input l
ine 29.


LaTeX Warning: Reference `tab:r15mechanismwork' on page 48 undefined on input l
ine 29.

)
(./revisions/2026-10-04-r15/results/mechanism/report/table_mechanism_evaluation
.tex)
(./revisions/2026-10-04-r15/results/mechanism/report/table_mechanism_welfare.te
x)) (./revisions/2026-10-04-r15/results/scalar_report/scalar_evidence.tex
Underfull \vbox (badness 3930) has occurred while \output is active [48]
[49]
(./revisions/2026-10-04-r15/results/scalar_report/table_scalar_training.tex

LaTeX Warning: Reference `prop:r15scalarresidual' on page 50 undefined on input
 line 19.

) (./revisions/2026-10-04-r15/results/scalar_report/table_scalar_deployment.tex
) [50]
Underfull \vbox (badness 5288) has occurred while \output is active [51]

LaTeX Warning: Reference `cor:r15scalartube' on page 52 undefined on input line
 17.

) (./revisions/2026-10-04-r15/manuscript/observation_evidence.tex

LaTeX Warning: Reference `prop:r14sensor' on page 52 undefined on input line 8.



Underfull \vbox (badness 10000) has occurred while \output is active [52]

LaTeX Warning: Reference `tab:r15observation' on page 53 undefined on input lin
e 14.


LaTeX Warning: Reference `tab:r15observationfull' on page 53 undefined on input
 line 28.


LaTeX Warning: Reference `tab:r15observationwork' on page 53 undefined on input
 line 29.

(./revisions/2026-10-04-r15/manuscript/table_observation_main.tex)))
(./revisions/2026-10-04-r15/manuscript/conclusion.tex [53])
No file ECTA.bbl.

Underfull \vbox (badness 10000) has occurred while \output is active [54]

Package natbib Warning: There were undefined citations.

[55] (revisions/2026-10-04-r15/build/ECTA.aux)

LaTeX Font Warning: Some font shapes were not available, defaults substituted.


LaTeX Warning: There were undefined references.


LaTeX Warning: Label(s) may have changed. Rerun to get cross-references right.


Package rerunfilecheck Warning: File `ECTA.out' has changed.
(rerunfilecheck)                Rerun to get outlines right
(rerunfilecheck)                or use package `bookmark'.

 )
(see the transcript file for additional information)</usr/share/texlive/texmf-d
ist/fonts/type1/public/amsfonts/cm/cmbx12.pfb></usr/share/texlive/texmf-dist/fo
nts/type1/public/amsfonts/cm/cmex10.pfb></usr/share/texlive/texmf-dist/fonts/ty
pe1/public/amsfonts/cm/cmmi10.pfb></usr/share/texlive/texmf-dist/fonts/type1/pu
blic/amsfonts/cm/cmr10.pfb></usr/share/texlive/texmf-dist/fonts/type1/public/am
sfonts/cm/cmsy10.pfb></usr/share/texlive/texmf-dist/fonts/type1/public/mathpazo
/fplmbb.pfb></usr/share/texlive/texmf-dist/fonts/type1/public/mathpazo/fplmr.pf
b></usr/share/texlive/texmf-dist/fonts/type1/public/mathpazo/fplmri.pfb></usr/s
hare/texlive/texmf-dist/fonts/type1/urw/courier/ucrr8a.pfb></usr/share/texlive/
texmf-dist/fonts/type1/urw/palatino/uplb8a.pfb></usr/share/texlive/texmf-dist/f
onts/type1/urw/palatino/uplr8a.pfb></usr/share/texlive/texmf-dist/fonts/type1/u
rw/palatino/uplri8a.pfb>
Output written on revisions/2026-10-04-r15/build/ECTA.pdf (55 pages, 309380 byt
es).
Transcript written on revisions/2026-10-04-r15/build/ECTA.log.
