\BOOKMARK [1][-]{appendix.A}{\376\377\000A\000p\000p\000e\000n\000d\000i\000x\000\040\000A\000:\000\040\000P\000o\000l\000i\000c\000y\000\040\000E\000v\000a\000l\000u\000a\000t\000i\000o\000n\000,\000\040\000A\000p\000p\000r\000o\000x\000i\000m\000a\000t\000i\000o\000n\000,\000\040\000a\000n\000d\000\040\000C\000o\000m\000p\000l\000e\000t\000e\000\040\000A\000c\000t\000i\000o\000n\000\040\000C\000o\000v\000e\000r\000a\000g\000e}{}% 1
\BOOKMARK [2][-]{subsubsection.A.0.1}{\376\377\000C\000o\000n\000d\000i\000t\000i\000o\000n\000i\000n\000g\000\040\000a\000n\000d\000\040\000s\000t\000o\000p\000p\000i\000n\000g}{appendix.A}% 2
\BOOKMARK [2][-]{subsection.A.1}{\376\377\000P\000o\000l\000i\000c\000y\000\040\000E\000v\000a\000l\000u\000a\000t\000i\000o\000n\000\040\000a\000n\000d\000\040\000t\000h\000e\000\040\000R\000e\000c\000u\000r\000s\000i\000v\000e\000\040\000P\000o\000l\000i\000c\000y\000\040\000G\000r\000a\000d\000i\000e\000n\000t}{appendix.A}% 3
\BOOKMARK [2][-]{subsection.A.2}{\376\377\000R\000e\000p\000r\000e\000s\000e\000n\000t\000a\000t\000i\000o\000n\000,\000\040\000B\000o\000u\000n\000d\000a\000r\000y\000\040\000C\000o\000n\000d\000i\000t\000i\000o\000n\000s\000,\000\040\000a\000n\000d\000\040\000E\000r\000r\000o\000r\000\040\000M\000e\000a\000s\000u\000r\000e\000m\000e\000n\000t}{appendix.A}% 4
\BOOKMARK [3][-]{subsubsection.A.2.1}{\376\377\000S\000m\000o\000o\000t\000h\000\040\000a\000p\000p\000r\000o\000x\000i\000m\000a\000t\000i\000o\000n\000\040\000a\000n\000d\000\040\000w\000h\000a\000t\000\040\000i\000t\000\040\000e\000s\000t\000a\000b\000l\000i\000s\000h\000e\000s}{subsection.A.2}% 5
\BOOKMARK [3][-]{subsubsection.A.2.2}{\376\377\000F\000r\000o\000m\000\040\000r\000e\000s\000i\000d\000u\000a\000l\000\040\000s\000a\000m\000p\000l\000e\000s\000\040\000t\000o\000\040\000a\000\040\000u\000n\000i\000f\000o\000r\000m\000\040\000b\000o\000u\000n\000d}{subsection.A.2}% 6
\BOOKMARK [3][-]{subsubsection.A.2.3}{\376\377\000W\000h\000y\000\040\000a\000n\000\040\000i\000n\000t\000e\000g\000r\000a\000t\000e\000d\000\040\000d\000i\000f\000f\000e\000r\000e\000n\000t\000i\000a\000l\000\040\000r\000e\000s\000i\000d\000u\000a\000l\000\040\000d\000o\000e\000s\000\040\000n\000o\000t\000\040\000s\000e\000l\000e\000c\000t\000\040\000t\000h\000e\000\040\000v\000a\000l\000u\000e}{subsection.A.2}% 7
\BOOKMARK [3][-]{subsubsection.A.2.4}{\376\377\000C\000o\000v\000e\000r\000a\000g\000e\000\040\000a\000n\000d\000\040\000i\000n\000d\000e\000p\000e\000n\000d\000e\000n\000t\000\040\000m\000a\000x\000i\000m\000i\000z\000a\000t\000i\000o\000n}{subsection.A.2}% 8
\BOOKMARK [3][-]{subsubsection.A.2.5}{\376\377\000D\000i\000f\000f\000e\000r\000e\000n\000t\000i\000a\000l\000\040\000a\000n\000d\000\040\000d\000i\000s\000c\000r\000e\000t\000e\000\040\000e\000r\000r\000o\000r\000\040\000a\000c\000c\000o\000u\000n\000t\000s}{subsection.A.2}% 9
\BOOKMARK [3][-]{subsubsection.A.2.6}{\376\377\000C\000o\000n\000t\000i\000n\000u\000o\000u\000s\000-\000a\000c\000t\000i\000o\000n\000\040\000p\000r\000o\000p\000o\000s\000a\000l\000s\000\040\000a\000n\000d\000\040\000a\000\040\000b\000u\000d\000g\000e\000t\000-\000s\000a\000f\000e\000\040\000B\000e\000l\000l\000m\000a\000n\000\040\000e\000n\000c\000l\000o\000s\000u\000r\000e}{subsection.A.2}% 10
\BOOKMARK [1][-]{appendix.B}{\376\377\000A\000p\000p\000e\000n\000d\000i\000x\000\040\000B\000:\000\040\000P\000r\000o\000o\000f\000s}{}% 11
\BOOKMARK [2][-]{subsubsection.B.0.1}{\376\377\000P\000r\000o\000o\000f\000\040\000o\000f\000\040\000T\000h\000e\000o\000r\000e\000m\000\040\0001}{appendix.B}% 12
\BOOKMARK [3][-]{subsubsection.B.0.2}{\376\377\000E\000x\000a\000c\000t\000\040\000p\000o\000l\000i\000c\000y\000\040\000i\000m\000p\000r\000o\000v\000e\000m\000e\000n\000t}{subsubsection.B.0.1}% 13
\BOOKMARK [3][-]{subsubsection.B.0.3}{\376\377\000P\000r\000o\000o\000f\000\040\000o\000f\000\040\000T\000h\000e\000o\000r\000e\000m\000\040\0002}{subsubsection.B.0.1}% 14
\BOOKMARK [3][-]{subsubsection.B.0.4}{\376\377\000P\000r\000o\000o\000f\000\040\000o\000f\000\040\000T\000h\000e\000o\000r\000e\000m\000\040\0003}{subsubsection.B.0.1}% 15
\BOOKMARK [3][-]{subsubsection.B.0.5}{\376\377\000F\000i\000n\000i\000t\000e\000-\000h\000o\000r\000i\000z\000o\000n\000\040\000B\000e\000l\000l\000m\000a\000n\000\040\000e\000r\000r\000o\000r\000\040\000a\000c\000c\000u\000m\000u\000l\000a\000t\000i\000o\000n}{subsubsection.B.0.1}% 16
\BOOKMARK [3][-]{subsubsection.B.0.6}{\376\377\000D\000e\000r\000i\000v\000a\000t\000i\000o\000n\000\040\000o\000f\000\040\000t\000h\000e\000\040\000t\000e\000m\000p\000o\000r\000a\000l\000-\000s\000e\000l\000f\000\040\000c\000o\000n\000d\000i\000t\000i\000o\000n}{subsubsection.B.0.1}% 17
\BOOKMARK [2][-]{subsection.B.1}{\376\377\000P\000r\000o\000o\000f\000s\000\040\000f\000o\000r\000\040\000t\000h\000e\000\040\000G\000u\000a\000r\000d\000e\000d\000\040\000a\000n\000d\000\040\000S\000i\000g\000n\000e\000d\000\040\000M\000a\000p}{appendix.B}% 18
\BOOKMARK [3][-]{subsubsection.B.1.1}{\376\377\000P\000r\000o\000o\000f\000\040\000o\000f\000\040\000P\000r\000o\000p\000o\000s\000i\000t\000i\000o\000n\000\040\000S\000.\0007}{subsection.B.1}% 19
\BOOKMARK [3][-]{subsubsection.B.1.2}{\376\377\000P\000r\000o\000o\000f\000\040\000o\000f\000\040\000T\000h\000e\000o\000r\000e\000m\000\040\000S\000.\0008}{subsection.B.1}% 20
\BOOKMARK [3][-]{subsubsection.B.1.3}{\376\377\000D\000e\000r\000i\000v\000a\000t\000i\000v\000e\000\040\000h\000u\000l\000l\000s\000\040\000f\000o\000r\000\040\000t\000h\000e\000\040\000p\000r\000e\000f\000e\000r\000e\000n\000c\000e\000\040\000e\000c\000o\000n\000o\000m\000y}{subsection.B.1}% 21
\BOOKMARK [3][-]{subsubsection.B.1.4}{\376\377\000P\000r\000o\000o\000f\000\040\000o\000f\000\040\000P\000r\000o\000p\000o\000s\000i\000t\000i\000o\000n\000\040\000S\000.\0009}{subsection.B.1}% 22
\BOOKMARK [3][-]{subsubsection.B.1.5}{\376\377\000C\000o\000m\000p\000e\000n\000s\000a\000t\000i\000o\000n\000\040\000a\000n\000d\000\040\000a\000r\000i\000t\000h\000m\000e\000t\000i\000c\000\040\000s\000c\000o\000p\000e}{subsection.B.1}% 23
\BOOKMARK [2][-]{subsection.B.2}{\376\377\000A\000d\000d\000i\000t\000i\000o\000n\000a\000l\000\040\000P\000r\000o\000o\000f\000s\000\040\000a\000n\000d\000\040\000N\000u\000m\000e\000r\000i\000c\000a\000l\000\040\000C\000o\000n\000t\000r\000a\000c\000t\000s}{appendix.B}% 24
\BOOKMARK [3][-]{subsubsection.B.2.1}{\376\377\000C\000o\000s\000t\000a\000t\000e\000\040\000e\000r\000r\000o\000r\000\040\000a\000n\000d\000\040\000a\000c\000t\000i\000o\000n\000\040\000q\000u\000a\000l\000i\000t\000y}{subsection.B.2}% 25
\BOOKMARK [3][-]{subsubsection.B.2.2}{\376\377\000C\000a\000n\000c\000e\000l\000l\000a\000t\000i\000o\000n\000,\000\040\000c\000l\000i\000p\000p\000i\000n\000g\000\040\000a\000n\000d\000\040\000f\000i\000n\000i\000t\000e\000-\000p\000o\000p\000u\000l\000a\000t\000i\000o\000n\000\040\000i\000n\000f\000e\000r\000e\000n\000c\000e}{subsection.B.2}% 26
\BOOKMARK [3][-]{subsubsection.B.2.3}{\376\377\000O\000b\000s\000e\000r\000v\000e\000d\000-\000h\000i\000s\000t\000o\000r\000y\000\040\000i\000m\000p\000l\000e\000m\000e\000n\000t\000a\000t\000i\000o\000n}{subsection.B.2}% 27
\BOOKMARK [3][-]{subsubsection.B.2.4}{\376\377\000I\000n\000d\000e\000p\000e\000n\000d\000e\000n\000t\000\040\000s\000c\000a\000l\000a\000r\000\040\000H\000J\000B\000\040\000a\000p\000p\000r\000o\000x\000i\000m\000a\000t\000i\000o\000n}{subsection.B.2}% 28
\BOOKMARK [3][-]{subsubsection.B.2.5}{\376\377\000F\000r\000o\000m\000\040\000e\000v\000a\000l\000u\000a\000t\000i\000o\000n\000\040\000e\000r\000r\000o\000r\000\040\000t\000o\000\040\000e\000c\000o\000n\000o\000m\000i\000c\000\040\000i\000m\000p\000r\000o\000v\000e\000m\000e\000n\000t}{subsection.B.2}% 29
\BOOKMARK [1][-]{appendix.C}{\376\377\000A\000p\000p\000e\000n\000d\000i\000x\000\040\000C\000:\000\040\000C\000a\000p\000i\000t\000a\000l\000\040\000E\000r\000r\000o\000r\000\040\000B\000o\000u\000n\000d\000s\000\040\000a\000n\000d\000\040\000N\000u\000m\000e\000r\000i\000c\000a\000l\000\040\000A\000c\000c\000o\000u\000n\000t\000s}{}% 30
\BOOKMARK [2][-]{subsection.C.1}{\376\377\000T\000h\000e\000\040\000a\000n\000a\000l\000y\000t\000i\000c\000a\000l\000\040\000a\000n\000c\000h\000o\000r\000\040\000a\000n\000d\000\040\000t\000u\000b\000e\000\040\000b\000o\000u\000n\000d}{appendix.C}% 31
\BOOKMARK [3][-]{subsubsection.C.1.1}{\376\377\000C\000o\000m\000p\000u\000t\000a\000b\000l\000e\000\040\000s\000c\000o\000p\000e\000\040\000a\000n\000d\000\040\000c\000o\000s\000t}{subsection.C.1}% 32
\BOOKMARK [2][-]{subsection.C.2}{\376\377\000P\000r\000o\000o\000f\000\040\000o\000f\000\040\000t\000h\000e\000\040\000C\000o\000n\000t\000i\000n\000u\000o\000u\000s\000-\000C\000a\000p\000i\000t\000a\000l\000\040\000G\000u\000a\000r\000a\000n\000t\000e\000e}{appendix.C}% 33
\BOOKMARK [3][-]{subsubsection.C.2.1}{\376\377\000L\000o\000g\000a\000r\000i\000t\000h\000m\000i\000c\000\040\000t\000a\000n\000g\000e\000n\000t\000\040\000r\000e\000m\000a\000i\000n\000d\000e\000r}{subsection.C.2}% 34
\BOOKMARK [3][-]{subsubsection.C.2.2}{\376\377\000S\000y\000n\000c\000h\000r\000o\000n\000o\000u\000s\000\040\000c\000o\000m\000p\000a\000r\000i\000s\000o\000n\000\040\000a\000n\000d\000\040\000b\000a\000s\000e\000l\000i\000n\000e\000\040\000m\000o\000m\000e\000n\000t\000s}{subsection.C.2}% 35
\BOOKMARK [3][-]{subsubsection.C.2.3}{\376\377\000A\000n\000\040\000e\000x\000a\000c\000t\000\040\000p\000a\000y\000o\000f\000f\000-\000d\000i\000f\000f\000e\000r\000e\000n\000c\000e\000\040\000i\000d\000e\000n\000t\000i\000t\000y}{subsection.C.2}% 36
\BOOKMARK [3][-]{subsubsection.C.2.4}{\376\377\000I\000n\000t\000e\000r\000v\000a\000l\000\040\000s\000p\000e\000c\000t\000r\000a\000l\000\040\000a\000n\000d\000\040\000d\000e\000p\000l\000o\000y\000m\000e\000n\000t\000\040\000c\000h\000e\000c\000k\000s}{subsection.C.2}% 37
\BOOKMARK [2][-]{subsection.C.3}{\376\377\000A\000\040\000n\000e\000t\000w\000o\000r\000k\000-\000i\000n\000d\000e\000p\000e\000n\000d\000e\000n\000t\000\040\000d\000i\000f\000f\000u\000s\000i\000o\000n\000-\000t\000r\000a\000n\000s\000f\000e\000r\000\040\000b\000o\000u\000n\000d}{appendix.C}% 38
\BOOKMARK [2][-]{subsection.C.4}{\376\377\000T\000h\000e\000\040\000d\000e\000t\000e\000r\000m\000i\000n\000i\000s\000t\000i\000c\000\040\000c\000l\000i\000p\000p\000i\000n\000g\000\040\000a\000n\000d\000\040\000t\000a\000i\000l\000\040\000a\000c\000c\000o\000u\000n\000t}{appendix.C}% 39
\BOOKMARK [2][-]{subsection.C.5}{\376\377\000P\000r\000o\000o\000f\000s\000\040\000f\000o\000r\000\040\000P\000o\000l\000i\000c\000y\000-\000S\000p\000e\000c\000i\000f\000i\000c\000\040\000V\000e\000r\000i\000f\000i\000c\000a\000t\000i\000o\000n}{appendix.C}% 40
\BOOKMARK [3][-]{subsubsection.C.5.1}{\376\377\000G\000e\000n\000e\000r\000a\000t\000o\000r\000\040\000a\000n\000d\000\040\000s\000t\000o\000c\000h\000a\000s\000t\000i\000c\000\040\000l\000o\000c\000a\000l\000-\000e\000r\000r\000o\000r\000\040\000b\000o\000u\000n\000d\000s}{subsection.C.5}% 41
\BOOKMARK [3][-]{subsubsection.C.5.2}{\376\377\000C\000l\000i\000p\000p\000e\000d\000\040\000i\000n\000n\000o\000v\000a\000t\000i\000o\000n\000s\000\040\000a\000n\000d\000\040\000n\000u\000m\000e\000r\000i\000c\000a\000l\000\040\000i\000n\000t\000e\000g\000r\000a\000t\000i\000o\000n}{subsection.C.5}% 42
\BOOKMARK [3][-]{subsubsection.C.5.3}{\376\377\000A\000r\000i\000t\000h\000m\000e\000t\000i\000c\000\040\000c\000o\000n\000t\000r\000a\000c\000t\000\040\000a\000n\000d\000\040\000f\000o\000r\000w\000a\000r\000d\000-\000e\000r\000r\000o\000r\000\040\000b\000u\000d\000g\000e\000t}{subsection.C.5}% 43
\BOOKMARK [3][-]{subsubsection.C.5.4}{\376\377\000A\000\040\000g\000l\000o\000b\000a\000l\000\040\000c\000l\000i\000p\000p\000i\000n\000g\000\040\000e\000n\000v\000e\000l\000o\000p\000e}{subsection.C.5}% 44
\BOOKMARK [3][-]{subsubsection.C.5.5}{\376\377\000F\000i\000n\000i\000t\000e\000\040\000f\000a\000m\000i\000l\000i\000e\000s\000,\000\040\000s\000e\000l\000e\000c\000t\000i\000o\000n\000,\000\040\000a\000n\000d\000\040\000i\000n\000t\000e\000r\000p\000r\000e\000t\000a\000t\000i\000o\000n}{subsection.C.5}% 45
\BOOKMARK [1][-]{appendix.D}{\376\377\000A\000p\000p\000e\000n\000d\000i\000x\000\040\000D\000:\000\040\000P\000r\000o\000o\000f\000s\000\040\000a\000n\000d\000\040\000C\000o\000m\000p\000u\000t\000a\000b\000l\000e\000\040\000A\000c\000c\000o\000u\000n\000t\000s\000\040\000f\000o\000r\000\040\000t\000h\000e\000\040\000B\000e\000l\000l\000m\000a\000n\000\040\000B\000r\000i\000d\000g\000e}{}% 46
\BOOKMARK [2][-]{subsection.D.1}{\376\377\000F\000i\000n\000i\000t\000e\000\040\000p\000e\000r\000f\000o\000r\000m\000a\000n\000c\000e\000\040\000d\000i\000f\000f\000e\000r\000e\000n\000c\000e\000\040\000a\000n\000d\000\040\000t\000h\000e\000\040\000a\000c\000t\000i\000o\000n\000\040\000b\000r\000i\000d\000g\000e}{appendix.D}% 47
\BOOKMARK [2][-]{subsection.D.2}{\376\377\000A\000\040\000c\000o\000m\000p\000u\000t\000a\000b\000l\000e\000\040\000a\000c\000t\000i\000o\000n\000\040\000g\000a\000p}{appendix.D}% 48
\BOOKMARK [2][-]{subsection.D.3}{\376\377\000C\000o\000n\000t\000i\000n\000u\000a\000t\000i\000o\000n\000\040\000t\000a\000r\000g\000e\000t\000s\000\040\000o\000n\000\040\000o\000n\000e\000\040\000g\000l\000o\000b\000a\000l\000\040\000g\000r\000i\000d}{appendix.D}% 49
\BOOKMARK [2][-]{subsection.D.4}{\376\377\000A\000n\000t\000i\000t\000h\000e\000t\000i\000c\000\040\000c\000a\000n\000c\000e\000l\000l\000a\000t\000i\000o\000n\000\040\000a\000n\000d\000\040\000n\000o\000n\000a\000s\000y\000m\000p\000t\000o\000t\000i\000c\000\040\000r\000a\000n\000g\000e\000s}{appendix.D}% 50
\BOOKMARK [2][-]{subsection.D.5}{\376\377\000S\000t\000a\000t\000i\000s\000t\000i\000c\000s\000,\000\040\000a\000r\000i\000t\000h\000m\000e\000t\000i\000c\000,\000\040\000a\000n\000d\000\040\000p\000a\000y\000o\000f\000f\000\040\000t\000r\000a\000n\000s\000f\000e\000r}{appendix.D}% 51
\BOOKMARK [1][-]{appendix.E}{\376\377\000A\000p\000p\000e\000n\000d\000i\000x\000\040\000E\000:\000\040\000A\000\040\000P\000a\000i\000r\000e\000d\000\040\000T\000r\000a\000n\000s\000f\000e\000r\000\040\000t\000o\000\040\000C\000o\000n\000t\000i\000n\000u\000o\000u\000s\000-\000T\000i\000m\000e\000\040\000W\000e\000l\000f\000a\000r\000e}{}% 52
\BOOKMARK [2][-]{subsection.E.1}{\376\377\000T\000h\000e\000\040\000c\000o\000m\000p\000a\000r\000e\000d\000\040\000p\000o\000l\000i\000c\000i\000e\000s\000\040\000a\000n\000d\000\040\000t\000h\000e\000\040\000e\000x\000a\000c\000t\000\040\000f\000i\000n\000i\000t\000e\000\040\000s\000t\000a\000t\000i\000s\000t\000i\000c}{appendix.E}% 53
\BOOKMARK [2][-]{subsection.E.2}{\376\377\000C\000o\000m\000p\000u\000t\000a\000b\000l\000e\000\040\000g\000l\000o\000b\000a\000l\000\040\000c\000o\000e\000f\000f\000i\000c\000i\000e\000n\000t\000s}{appendix.E}% 54
\BOOKMARK [2][-]{subsection.E.3}{\376\377\000P\000r\000o\000o\000f\000\040\000o\000f\000\040\000P\000r\000o\000p\000o\000s\000i\000t\000i\000o\000n\000\040\000S\000.\0006}{appendix.E}% 55
\BOOKMARK [2][-]{subsection.E.4}{\376\377\000O\000u\000t\000w\000a\000r\000d\000\040\000e\000v\000a\000l\000u\000a\000t\000i\000o\000n\000\040\000a\000n\000d\000\040\000r\000e\000u\000s\000e\000\040\000o\000f\000\040\000t\000h\000e\000\040\000o\000r\000i\000g\000i\000n\000a\000l\000\040\000c\000o\000n\000f\000i\000d\000e\000n\000c\000e\000\040\000e\000v\000e\000n\000t}{appendix.E}% 56
\BOOKMARK [2][-]{subsection.E.5}{\376\377\000P\000r\000o\000o\000f\000\040\000o\000f\000\040\000P\000r\000o\000p\000o\000s\000i\000t\000i\000o\000n\000\040\0001\0000}{appendix.E}% 57
\BOOKMARK [1][-]{appendix.F}{\376\377\000A\000p\000p\000e\000n\000d\000i\000x\000\040\000F\000:\000\040\000C\000o\000m\000p\000l\000e\000t\000e\000\040\000E\000c\000o\000n\000o\000m\000i\000c\000\040\000A\000p\000p\000l\000i\000c\000a\000t\000i\000o\000n\000s}{}% 58
\BOOKMARK [2][-]{subsection.F.1}{\376\377\000A\000n\000a\000l\000y\000t\000i\000c\000a\000l\000\040\000a\000n\000d\000\040\000N\000o\000n\000s\000m\000o\000o\000t\000h\000\040\000B\000e\000n\000c\000h\000m\000a\000r\000k\000s}{appendix.F}% 59
\BOOKMARK [3][-]{subsubsection.F.1.1}{\376\377\000E\000x\000e\000c\000u\000t\000e\000d\000\040\000c\000a\000l\000i\000b\000r\000a\000t\000i\000o\000n\000\040\000a\000n\000d\000\040\000i\000n\000t\000e\000r\000p\000r\000e\000t\000a\000t\000i\000o\000n}{subsection.F.1}% 60
\BOOKMARK [2][-]{subsection.F.2}{\376\377\000R\000e\000c\000u\000r\000s\000i\000v\000e\000\040\000U\000t\000i\000l\000i\000t\000y}{appendix.F}% 61
\BOOKMARK [3][-]{subsubsection.F.2.1}{\376\377\000A\000\040\000w\000e\000l\000l\000-\000d\000e\000f\000i\000n\000e\000d\000\040\000v\000a\000l\000i\000d\000a\000t\000i\000o\000n\000\040\000p\000r\000o\000b\000l\000e\000m\000\040\000a\000t\000\040\000t\000h\000e\000\040\000r\000e\000t\000a\000i\000n\000e\000d\000\040\000p\000a\000r\000a\000m\000e\000t\000e\000r\000s}{subsection.F.2}% 62
\BOOKMARK [3][-]{subsubsection.F.2.2}{\376\377\000S\000t\000a\000b\000i\000l\000i\000t\000y\000\040\000a\000n\000d\000\040\000b\000a\000s\000e\000l\000i\000n\000e\000\040\000d\000e\000s\000i\000g\000n}{subsection.F.2}% 63
\BOOKMARK [2][-]{subsection.F.3}{\376\377\000E\000n\000d\000o\000g\000e\000n\000o\000u\000s\000\040\000P\000r\000e\000f\000e\000r\000e\000n\000c\000e\000s\000\040\000a\000n\000d\000\040\000P\000o\000r\000t\000f\000o\000l\000i\000o\000\040\000C\000h\000o\000i\000c\000e}{appendix.F}% 64
\BOOKMARK [3][-]{subsubsection.F.3.1}{\376\377\000C\000a\000r\000d\000i\000n\000a\000l\000\040\000u\000t\000i\000l\000i\000t\000y\000\040\000a\000n\000d\000\040\000t\000h\000e\000\040\000o\000b\000j\000e\000c\000t\000i\000v\000e}{subsection.F.3}% 65
\BOOKMARK [3][-]{subsubsection.F.3.2}{\376\377\000H\000a\000m\000i\000l\000t\000o\000n\000i\000a\000n\000,\000\040\000c\000o\000n\000s\000t\000r\000a\000i\000n\000e\000d\000\040\000p\000o\000l\000i\000c\000i\000e\000s\000,\000\040\000a\000n\000d\000\040\000e\000c\000o\000n\000o\000m\000i\000c\000\040\000i\000m\000p\000l\000i\000c\000a\000t\000i\000o\000n\000s}{subsection.F.3}% 66
\BOOKMARK [3][-]{subsubsection.F.3.3}{\376\377\000I\000n\000d\000e\000p\000e\000n\000d\000e\000n\000t\000\040\000t\000w\000o\000-\000s\000t\000a\000t\000e\000\040\000r\000e\000f\000e\000r\000e\000n\000c\000e\000\040\000a\000n\000d\000\040\000i\000d\000e\000n\000t\000i\000f\000i\000c\000a\000t\000i\000o\000n}{subsection.F.3}% 67
\BOOKMARK [3][-]{subsubsection.F.3.4}{\376\377\000N\000e\000u\000r\000a\000l\000\040\000p\000r\000e\000f\000e\000r\000e\000n\000c\000e\000\040\000p\000o\000l\000i\000c\000i\000e\000s\000\040\000a\000n\000d\000\040\000t\000h\000e\000\040\000r\000o\000l\000e\000\040\000o\000f\000\040\000t\000h\000e\000\040\000a\000c\000t\000i\000o\000n\000\040\000o\000r\000a\000c\000l\000e}{subsection.F.3}% 68
\BOOKMARK [2][-]{subsection.F.4}{\376\377\000S\000o\000p\000h\000i\000s\000t\000i\000c\000a\000t\000e\000d\000\040\000T\000e\000m\000p\000o\000r\000a\000l\000\040\000S\000e\000l\000v\000e\000s}{appendix.F}% 69
\BOOKMARK [3][-]{subsubsection.F.4.1}{\376\377\000A\000n\000\040\000e\000q\000u\000i\000l\000i\000b\000r\000i\000u\000m\000\040\000c\000a\000l\000c\000u\000l\000a\000t\000i\000o\000n\000\040\000w\000i\000t\000h\000\040\000e\000n\000d\000o\000g\000e\000n\000o\000u\000s\000\040\000c\000o\000n\000t\000i\000n\000u\000a\000t\000i\000o\000n\000\040\000v\000a\000l\000u\000e\000s}{subsection.F.4}% 70
\BOOKMARK [2][-]{subsection.F.5}{\376\377\000D\000y\000n\000a\000m\000i\000c\000\040\000G\000a\000m\000e\000s}{appendix.F}% 71
\BOOKMARK [3][-]{subsubsection.F.5.1}{\376\377\000P\000l\000a\000y\000e\000r\000-\000s\000p\000e\000c\000i\000f\000i\000c\000\040\000d\000i\000f\000f\000e\000r\000e\000n\000t\000i\000a\000t\000i\000o\000n\000\040\000a\000n\000d\000\040\000d\000e\000v\000i\000a\000t\000i\000o\000n\000\040\000b\000o\000u\000n\000d\000s}{subsection.F.5}% 72
\BOOKMARK [3][-]{subsubsection.F.5.2}{\376\377\000S\000y\000m\000m\000e\000t\000r\000y\000\040\000a\000n\000d\000\040\000m\000a\000r\000k\000e\000t\000\040\000s\000c\000a\000l\000i\000n\000g}{subsection.F.5}% 73
\BOOKMARK [3][-]{subsubsection.F.5.3}{\376\377\000N\000e\000u\000r\000a\000l\000\040\000d\000y\000n\000a\000m\000i\000c\000\040\000c\000a\000p\000i\000t\000a\000l\000\040\000p\000o\000l\000i\000c\000i\000e\000s\000\040\000a\000n\000d\000\040\000f\000u\000l\000l\000\040\000u\000n\000i\000l\000a\000t\000e\000r\000a\000l\000\040\000d\000e\000v\000i\000a\000t\000i\000o\000n\000s}{subsection.F.5}% 74
\BOOKMARK [2][-]{subsection.F.6}{\376\377\000S\000c\000a\000l\000a\000b\000i\000l\000i\000t\000y\000\040\000a\000n\000d\000\040\000t\000h\000e\000\040\000D\000i\000f\000f\000u\000s\000i\000o\000n\000\040\000T\000r\000a\000c\000e}{appendix.F}% 75
\BOOKMARK [3][-]{subsubsection.F.6.1}{\376\377\000T\000r\000a\000i\000n\000e\000d\000,\000\040\000c\000o\000u\000p\000l\000e\000d\000\040\000n\000o\000n\000q\000u\000a\000d\000r\000a\000t\000i\000c\000\040\000c\000a\000p\000i\000t\000a\000l\000\040\000e\000c\000o\000n\000o\000m\000i\000e\000s}{subsection.F.6}% 76
\BOOKMARK [3][-]{subsubsection.F.6.2}{\376\377\000M\000e\000t\000h\000o\000d\000-\000p\000a\000i\000r\000e\000d\000\040\000p\000a\000y\000o\000f\000f\000\040\000e\000v\000i\000d\000e\000n\000c\000e\000\040\000a\000n\000d\000\040\000a\000r\000i\000t\000h\000m\000e\000t\000i\000c\000\040\000r\000e\000p\000l\000a\000y}{subsection.F.6}% 77
\BOOKMARK [3][-]{subsubsection.F.6.3}{\376\377\000E\000x\000a\000c\000t\000\040\000a\000n\000d\000\040\000s\000t\000o\000c\000h\000a\000s\000t\000i\000c\000\040\000t\000r\000a\000c\000e\000\040\000c\000o\000m\000p\000u\000t\000a\000t\000i\000o\000n}{subsection.F.6}% 78
\BOOKMARK [2][-]{subsection.F.7}{\376\377\000V\000a\000l\000i\000d\000a\000t\000e\000d\000\040\000E\000v\000a\000l\000u\000a\000t\000i\000o\000n\000\040\000a\000n\000d\000\040\000A\000c\000t\000i\000o\000n\000\040\000I\000m\000p\000r\000o\000v\000e\000m\000e\000n\000t}{appendix.F}% 79
\BOOKMARK [3][-]{subsubsection.F.7.1}{\376\377\000A\000n\000\040\000e\000v\000a\000l\000u\000a\000t\000i\000o\000n\000\040\000r\000u\000l\000e\000\040\000w\000i\000t\000h\000\040\000a\000\040\000p\000r\000e\000s\000c\000r\000i\000b\000e\000d\000\040\000n\000o\000d\000a\000l\000\040\000e\000r\000r\000o\000r}{subsection.F.7}% 80
\BOOKMARK [3][-]{subsubsection.F.7.2}{\376\377\000S\000i\000g\000n\000e\000d\000\040\000e\000n\000c\000l\000o\000s\000u\000r\000e\000s\000\040\000f\000o\000r\000\040\000c\000o\000n\000t\000i\000n\000u\000o\000u\000s\000\040\000a\000c\000t\000i\000o\000n\000s}{subsection.F.7}% 81
\BOOKMARK [2][-]{subsection.F.8}{\376\377\000C\000o\000s\000t\000,\000\040\000R\000e\000f\000i\000n\000e\000m\000e\000n\000t\000,\000\040\000a\000n\000d\000\040\000E\000c\000o\000n\000o\000m\000i\000c\000\040\000A\000c\000c\000u\000r\000a\000c\000y}{appendix.F}% 82
\BOOKMARK [3][-]{subsubsection.F.8.1}{\376\377\000A\000\040\000t\000i\000g\000h\000t\000e\000r\000\040\000c\000e\000r\000t\000i\000f\000i\000c\000a\000t\000e\000\040\000f\000o\000r\000\040\000i\000d\000e\000n\000t\000i\000c\000a\000l\000\040\000f\000r\000o\000z\000e\000n\000\040\000p\000o\000l\000i\000c\000i\000e\000s}{subsection.F.8}% 83
\BOOKMARK [3][-]{subsubsection.F.8.2}{\376\377\000T\000h\000e\000\040\000w\000h\000o\000l\000e\000-\000d\000o\000m\000a\000i\000n\000\040\000r\000e\000f\000i\000n\000e\000m\000e\000n\000t\000\040\000f\000a\000i\000l\000u\000r\000e\000\040\000a\000n\000d\000\040\000i\000t\000s\000\040\000r\000e\000p\000a\000i\000r}{subsection.F.8}% 84
\BOOKMARK [3][-]{subsubsection.F.8.3}{\376\377\000A\000\040\000m\000o\000d\000e\000l\000-\000s\000p\000e\000c\000i\000f\000i\000c\000\040\000w\000e\000l\000f\000a\000r\000e\000\040\000a\000c\000c\000o\000u\000n\000t}{subsection.F.8}% 85
\BOOKMARK [3][-]{subsubsection.F.8.4}{\376\377\000A\000\040\000g\000l\000o\000b\000a\000l\000\040\000b\000e\000n\000c\000h\000m\000a\000r\000k\000\040\000f\000o\000r\000\040\000t\000h\000e\000\040\000c\000o\000u\000p\000l\000e\000d\000\040\000c\000a\000p\000i\000t\000a\000l\000\040\000e\000c\000o\000n\000o\000m\000y}{subsection.F.8}% 86
\BOOKMARK [2][-]{subsection.F.9}{\376\377\000B\000e\000n\000c\000h\000m\000a\000r\000k\000\040\000D\000e\000r\000i\000v\000a\000t\000i\000o\000n\000s}{appendix.F}% 87
\BOOKMARK [3][-]{subsubsection.F.9.1}{\376\377\000M\000e\000r\000t\000o\000n\000\040\000c\000o\000n\000s\000u\000m\000p\000t\000i\000o\000n\000\040\000a\000n\000d\000\040\000t\000r\000a\000n\000s\000v\000e\000r\000s\000a\000l\000i\000t\000y}{subsection.F.9}% 88
\BOOKMARK [3][-]{subsubsection.F.9.2}{\376\377\000R\000e\000c\000u\000r\000s\000i\000v\000e\000\040\000c\000o\000e\000f\000f\000i\000c\000i\000e\000n\000t\000\040\000a\000n\000d\000\040\000t\000h\000e\000\040\000u\000t\000i\000l\000i\000t\000y\000\040\000i\000n\000t\000e\000r\000v\000a\000l}{subsection.F.9}% 89
\BOOKMARK [2][-]{subsection.F.10}{\376\377\000E\000n\000d\000o\000g\000e\000n\000o\000u\000s\000-\000P\000r\000e\000f\000e\000r\000e\000n\000c\000e\000\040\000D\000e\000t\000a\000i\000l\000s}{appendix.F}% 90
\BOOKMARK [3][-]{subsubsection.F.10.1}{\376\377\000S\000t\000a\000t\000e\000\040\000r\000e\000s\000t\000r\000i\000c\000t\000i\000o\000n\000s\000\040\000a\000n\000d\000\040\000t\000h\000e\000\040\000r\000e\000f\000e\000r\000e\000n\000c\000e\000\040\000e\000x\000p\000e\000r\000i\000m\000e\000n\000t}{subsection.F.10}% 91
\BOOKMARK [3][-]{subsubsection.F.10.2}{\376\377\000P\000o\000l\000i\000c\000y\000\040\000c\000o\000n\000d\000i\000t\000i\000o\000n\000s\000\040\000a\000n\000d\000\040\000c\000o\000m\000p\000a\000r\000a\000t\000i\000v\000e\000\040\000s\000t\000a\000t\000i\000c\000s}{subsection.F.10}% 92
\BOOKMARK [2][-]{subsection.F.11}{\376\377\000T\000e\000m\000p\000o\000r\000a\000l\000-\000S\000e\000l\000f\000\040\000D\000e\000v\000i\000a\000t\000i\000o\000n\000s}{appendix.F}% 93
\BOOKMARK [2][-]{subsection.F.12}{\376\377\000G\000a\000m\000e\000s\000\040\000a\000n\000d\000\040\000I\000n\000d\000e\000p\000e\000n\000d\000e\000n\000t\000\040\000B\000e\000s\000t\000\040\000R\000e\000s\000p\000o\000n\000s\000e\000s}{appendix.F}% 94
\BOOKMARK [2][-]{subsection.F.13}{\376\377\000P\000r\000o\000o\000f\000\040\000a\000n\000d\000\040\000I\000m\000p\000l\000e\000m\000e\000n\000t\000a\000t\000i\000o\000n\000\040\000o\000f\000\040\000t\000h\000e\000\040\000C\000o\000n\000t\000i\000n\000u\000o\000u\000s\000-\000A\000c\000t\000i\000o\000n\000\040\000E\000n\000v\000e\000l\000o\000p\000e}{appendix.F}% 95
\BOOKMARK [3][-]{subsubsection.F.13.1}{\376\377\000C\000o\000m\000p\000l\000e\000t\000e\000-\000c\000o\000v\000e\000r\000\040\000i\000n\000v\000a\000r\000i\000a\000n\000t\000\040\000a\000n\000d\000\040\000b\000a\000c\000k\000w\000a\000r\000d\000\040\000p\000r\000o\000o\000f}{subsection.F.13}% 96
\BOOKMARK [3][-]{subsubsection.F.13.2}{\376\377\000I\000n\000t\000e\000r\000p\000o\000l\000a\000t\000i\000o\000n\000,\000\040\000r\000e\000f\000l\000e\000c\000t\000i\000o\000n\000,\000\040\000s\000t\000o\000p\000p\000i\000n\000g\000,\000\040\000a\000n\000d\000\040\000a\000r\000i\000t\000h\000m\000e\000t\000i\000c}{subsection.F.13}% 97
\BOOKMARK [3][-]{subsubsection.F.13.3}{\376\377\000A\000\040\000c\000o\000m\000m\000o\000n\000\040\000u\000p\000p\000e\000r\000\040\000e\000n\000v\000e\000l\000o\000p\000e\000\040\000f\000o\000r\000\040\000m\000u\000l\000t\000i\000p\000l\000e\000\040\000p\000o\000l\000i\000c\000i\000e\000s}{subsection.F.13}% 98
\BOOKMARK [2][-]{subsection.F.14}{\376\377\000S\000e\000p\000a\000r\000a\000t\000i\000n\000g\000\040\000N\000u\000m\000e\000r\000i\000c\000a\000l\000\040\000a\000n\000d\000\040\000C\000o\000n\000t\000i\000n\000u\000o\000u\000s\000-\000E\000c\000o\000n\000o\000m\000y\000\040\000E\000r\000r\000o\000r}{appendix.F}% 99
\BOOKMARK [2][-]{subsection.F.15}{\376\377\000S\000t\000r\000a\000t\000e\000g\000i\000c\000\040\000D\000e\000v\000i\000a\000t\000i\000o\000n\000s\000\040\000a\000n\000d\000\040\000M\000i\000s\000s\000i\000n\000g\000\040\000P\000u\000r\000e\000\040\000S\000t\000a\000g\000e\000s}{appendix.F}% 100
\BOOKMARK [2][-]{subsection.F.16}{\376\377\000P\000a\000i\000r\000e\000d\000\040\000P\000a\000y\000o\000f\000f\000s\000,\000\040\000C\000o\000s\000t\000s\000,\000\040\000a\000n\000d\000\040\000E\000c\000o\000n\000o\000m\000i\000c\000\040\000S\000c\000a\000l\000i\000n\000g}{appendix.F}% 101
\BOOKMARK [3][-]{subsubsection.F.16.1}{\376\377\000C\000o\000m\000p\000l\000e\000t\000e\000\040\000c\000o\000n\000f\000i\000g\000u\000r\000a\000t\000i\000o\000n\000\040\000r\000e\000c\000o\000r\000d\000s}{subsection.F.16}% 102
\BOOKMARK [1][-]{appendix.G}{\376\377\000A\000p\000p\000e\000n\000d\000i\000x\000\040\000G\000:\000\040\000S\000t\000o\000c\000h\000a\000s\000t\000i\000c\000\040\000H\000e\000s\000s\000i\000a\000n\000\040\000O\000b\000j\000e\000c\000t\000i\000v\000e\000s\000\040\000a\000n\000d\000\040\000C\000o\000m\000p\000l\000e\000x\000i\000t\000y}{}% 103
\BOOKMARK [2][-]{subsection.G.1}{\376\377\000I\000m\000p\000l\000e\000m\000e\000n\000t\000e\000d\000\040\000E\000r\000r\000o\000r\000\040\000A\000c\000c\000o\000u\000n\000t\000s\000\040\000a\000n\000d\000\040\000A\000r\000i\000t\000h\000m\000e\000t\000i\000c}{appendix.G}% 104
\BOOKMARK [3][-]{subsubsection.G.1.1}{\376\377\000F\000u\000l\000l\000-\000d\000o\000m\000a\000i\000n\000\040\000i\000n\000t\000e\000r\000v\000a\000l\000\040\000i\000m\000p\000l\000e\000m\000e\000n\000t\000a\000t\000i\000o\000n}{subsection.G.1}% 105
\BOOKMARK [3][-]{subsubsection.G.1.2}{\376\377\000A\000p\000p\000l\000i\000c\000a\000t\000i\000o\000n\000-\000s\000p\000e\000c\000i\000f\000i\000c\000\040\000h\000y\000p\000o\000t\000h\000e\000s\000e\000s}{subsection.G.1}% 106
\BOOKMARK [1][-]{appendix.H}{\376\377\000A\000p\000p\000e\000n\000d\000i\000x\000\040\000H\000:\000\040\000O\000b\000s\000e\000r\000v\000a\000t\000i\000o\000n\000\040\000a\000n\000d\000\040\000I\000m\000p\000l\000e\000m\000e\000n\000t\000a\000t\000i\000o\000n}{}% 107
\BOOKMARK [2][-]{subsection.H.1}{\376\377\000O\000b\000s\000e\000r\000v\000a\000t\000i\000o\000n\000\040\000a\000n\000d\000\040\000t\000h\000e\000\040\000E\000c\000o\000n\000o\000m\000i\000c\000\040\000I\000m\000p\000l\000e\000m\000e\000n\000t\000a\000t\000i\000o\000n}{appendix.H}% 108
\BOOKMARK [3][-]{subsubsection.H.1.1}{\376\377\000I\000n\000f\000o\000r\000m\000a\000t\000i\000o\000n\000\040\000a\000n\000d\000\040\000t\000h\000e\000\040\000c\000o\000m\000p\000a\000r\000i\000s\000o\000n\000\040\000c\000l\000a\000s\000s}{subsection.H.1}% 109
\BOOKMARK [3][-]{subsubsection.H.1.2}{\376\377\000F\000i\000n\000i\000t\000e\000\040\000o\000b\000s\000e\000r\000v\000a\000t\000i\000o\000n\000s\000\040\000w\000i\000t\000h\000\040\000a\000\040\000c\000o\000n\000t\000i\000n\000u\000o\000u\000s\000-\000e\000c\000o\000n\000o\000m\000y\000\040\000t\000r\000a\000n\000s\000f\000e\000r}{subsection.H.1}% 110
\BOOKMARK [2][-]{subsection.H.2}{\376\377\000F\000i\000n\000i\000t\000e\000-\000O\000b\000s\000e\000r\000v\000a\000t\000i\000o\000n\000\040\000T\000r\000a\000n\000s\000f\000e\000r\000\040\000P\000r\000o\000o\000f}{appendix.H}% 111
\BOOKMARK [3][-]{subsubsection.H.2.1}{\376\377\000P\000r\000o\000o\000f\000\040\000o\000f\000\040\000P\000r\000o\000p\000o\000s\000i\000t\000i\000o\000n\000\040\000S\000.\0001\0003}{subsection.H.2}% 112
\BOOKMARK [1][-]{appendix.I}{\376\377\000A\000p\000p\000e\000n\000d\000i\000x\000\040\000I\000:\000\040\000I\000n\000d\000e\000p\000e\000n\000d\000e\000n\000t\000\040\000N\000u\000m\000e\000r\000i\000c\000a\000l\000\040\000D\000i\000a\000g\000n\000o\000s\000t\000i\000c\000s}{}% 113
\BOOKMARK [2][-]{subsection.I.1}{\376\377\000A\000\040\000T\000r\000a\000i\000n\000e\000d\000\040\000N\000e\000u\000r\000a\000l\000\040\000B\000o\000u\000n\000d\000a\000r\000y\000-\000V\000a\000l\000u\000e\000\040\000P\000r\000o\000b\000l\000e\000m}{appendix.I}% 114
\BOOKMARK [3][-]{subsubsection.I.1.1}{\376\377\000C\000o\000n\000t\000r\000o\000l\000l\000e\000d\000\040\000c\000o\000m\000p\000a\000r\000i\000s\000o\000n\000\040\000a\000n\000d\000\040\000f\000a\000i\000l\000u\000r\000e\000s}{subsection.I.1}% 115
\BOOKMARK [2][-]{subsection.I.2}{\376\377\000I\000n\000d\000e\000p\000e\000n\000d\000e\000n\000t\000\040\000S\000c\000a\000l\000a\000r\000\040\000R\000e\000f\000e\000r\000e\000n\000c\000e\000:\000\040\000E\000q\000u\000a\000t\000i\000o\000n\000s\000\040\000a\000n\000d\000\040\000C\000o\000m\000p\000l\000e\000t\000e\000\040\000D\000i\000a\000g\000n\000o\000s\000t\000i\000c\000s}{appendix.I}% 116
\BOOKMARK [3][-]{subsubsection.I.2.1}{\376\377\000T\000h\000e\000\040\000s\000c\000a\000l\000a\000r\000\040\000r\000e\000f\000e\000r\000e\000n\000c\000e\000\040\000a\000n\000d\000\040\000i\000t\000s\000\040\000r\000e\000s\000i\000d\000u\000a\000l\000\040\000a\000c\000c\000o\000u\000n\000t}{subsection.I.2}% 117
\BOOKMARK [2][-]{subsection.I.3}{\376\377\000F\000i\000n\000i\000t\000e\000-\000O\000b\000s\000e\000r\000v\000a\000t\000i\000o\000n\000\040\000D\000i\000a\000g\000n\000o\000s\000t\000i\000c\000\040\000A\000c\000c\000o\000u\000n\000t\000s}{appendix.I}% 118
\BOOKMARK [1][-]{appendix.J}{\376\377\000A\000p\000p\000e\000n\000d\000i\000x\000\040\000J\000:\000\040\000C\000o\000m\000p\000l\000e\000t\000e\000\040\000C\000o\000m\000p\000u\000t\000a\000t\000i\000o\000n\000a\000l\000\040\000O\000u\000t\000c\000o\000m\000e\000s}{}% 119
\BOOKMARK [1][-]{appendix.K}{\376\377\000A\000p\000p\000e\000n\000d\000i\000x\000\040\000K\000:\000\040\000C\000o\000m\000p\000l\000e\000t\000e\000\040\000M\000e\000c\000h\000a\000n\000i\000s\000m\000\040\000A\000s\000s\000e\000s\000s\000m\000e\000n\000t}{}% 120
\BOOKMARK [1][-]{appendix.L}{\376\377\000A\000p\000p\000e\000n\000d\000i\000x\000\040\000L\000:\000\040\000A\000n\000\040\000O\000u\000t\000w\000a\000r\000d\000\040\000A\000l\000g\000e\000b\000r\000a\000i\000c\000\040\000E\000r\000r\000o\000r\000\040\000A\000c\000c\000o\000u\000n\000t\000\040\000f\000o\000r\000\040\000t\000h\000e\000\040\000S\000c\000a\000l\000a\000r\000\040\000C\000o\000m\000p\000a\000r\000a\000t\000o\000r}{}% 121
\BOOKMARK [1][-]{appendix.M}{\376\377\000A\000p\000p\000e\000n\000d\000i\000x\000\040\000M\000:\000\040\000C\000o\000m\000p\000l\000e\000t\000e\000\040\000S\000c\000a\000l\000a\000r\000\040\000C\000o\000m\000p\000a\000r\000i\000s\000o\000n\000\040\000T\000a\000b\000l\000e\000s}{}% 122
\BOOKMARK [2][-]{subsection.M.1}{\376\377\000C\000o\000m\000p\000l\000e\000t\000e\000\040\000p\000r\000o\000t\000e\000c\000t\000e\000d\000-\000p\000a\000r\000e\000n\000t\000\040\000a\000n\000d\000\040\000f\000i\000n\000i\000t\000e\000-\000o\000b\000s\000e\000r\000v\000a\000t\000i\000o\000n\000\040\000r\000e\000s\000u\000l\000t\000s}{appendix.M}% 123
\BOOKMARK [1][-]{appendix.N}{\376\377\000A\000p\000p\000e\000n\000d\000i\000x\000\040\000N\000:\000\040\000S\000o\000u\000r\000c\000e\000\040\000a\000n\000d\000\040\000E\000v\000i\000d\000e\000n\000c\000e\000\040\000I\000n\000d\000e\000x}{}% 124
\BOOKMARK [1][-]{bibliography-section.1}{\376\377\000R\000e\000f\000e\000r\000e\000n\000c\000e\000s}{}% 125
