This is pdfTeX, Version 3.141592653-2.6-1.40.25 (TeX Live 2023/Debian) (preloaded format=pdflatex)
entering extended mode
(./supp.tex
LaTeX2e <2023-11-01> patch level 1
L3 programming layer <2024-01-22>
(./econsocart.cls
Document Class: econsocart 2022/11/21 v1.4.1, The Econometric Society Journals
(/usr/share/texlive/texmf-dist/tex/latex/etoolbox/etoolbox.sty)
(./econsocart.cfg) (/usr/share/texlive/texmf-dist/tex/latex/base/fix-cm.sty
(/usr/share/texlive/texmf-dist/tex/latex/base/ts1enc.def))
(/usr/share/texlive/texmf-dist/tex/latex/graphics/graphicx.sty
(/usr/share/texlive/texmf-dist/tex/latex/graphics/keyval.sty)
(/usr/share/texlive/texmf-dist/tex/latex/graphics/graphics.sty
(/usr/share/texlive/texmf-dist/tex/latex/graphics/trig.sty)
(/usr/share/texlive/texmf-dist/tex/latex/graphics-cfg/graphics.cfg)
(/usr/share/texlive/texmf-dist/tex/latex/graphics-def/pdftex.def)))
(/usr/share/texlive/texmf-dist/tex/latex/base/fontenc.sty)
(/usr/share/texlive/texmf-dist/tex/latex/psnfss/times.sty)
(/usr/share/texlive/texmf-dist/tex/latex/textcase/textcase.sty)
(/usr/share/texlive/texmf-dist/tex/latex/psnfss/helvet.sty)
(/usr/share/texlive/texmf-dist/tex/latex/base/textcomp.sty)
(/usr/share/texlive/texmf-dist/tex/latex/psnfss/t1ptm.fd)
(/usr/share/texlive/texmf-dist/tex/latex/amsfonts/amssymb.sty
(/usr/share/texlive/texmf-dist/tex/latex/amsfonts/amsfonts.sty))
(/usr/share/texlive/texmf-dist/tex/latex/tools/bm.sty)
(/usr/share/texlive/texmf-dist/tex/latex/url/url.sty)
(/usr/share/texlive/texmf-dist/tex/latex/amsmath/amsmath.sty
For additional information on amsmath, use the `?' option.
(/usr/share/texlive/texmf-dist/tex/latex/amsmath/amstext.sty
(/usr/share/texlive/texmf-dist/tex/latex/amsmath/amsgen.sty))
(/usr/share/texlive/texmf-dist/tex/latex/amsmath/amsbsy.sty)
(/usr/share/texlive/texmf-dist/tex/latex/amsmath/amsopn.sty))
(/usr/share/texlive/texmf-dist/tex/latex/amscls/amsthm.sty)
(/usr/share/texlive/texmf-dist/tex/latex/natbib/natbib.sty))
(/usr/share/texlive/texmf-dist/tex/latex/hyperref/xr-hyper.sty)
(/usr/share/texlive/texmf-dist/tex/latex/booktabs/booktabs.sty)
(/usr/share/texlive/texmf-dist/tex/latex/tools/array.sty)
(/usr/share/texlive/texmf-dist/tex/latex/tools/longtable.sty)
(/usr/share/texlive/texmf-dist/tex/latex/algorithms/algorithm.sty
(/usr/share/texlive/texmf-dist/tex/latex/float/float.sty)
(/usr/share/texlive/texmf-dist/tex/latex/base/ifthen.sty))
(/usr/share/texlive/texmf-dist/tex/latex/algorithmicx/algpseudocode.sty
(/usr/share/texlive/texmf-dist/tex/latex/algorithmicx/algorithmicx.sty
Document Style algorithmicx 1.2 - a greatly improved `algorithmic' style
)
Document Style - pseudocode environments for use with the `algorithmicx' style
) (/usr/share/texlive/texmf-dist/tex/latex/enumitem/enumitem.sty)
(/usr/share/texlive/texmf-dist/tex/latex/base/fontenc.sty)
(/usr/share/texlive/texmf-dist/tex/latex/psnfss/mathpazo.sty)
(/usr/share/texlive/texmf-dist/tex/latex/microtype/microtype.sty
(/usr/share/texlive/texmf-dist/tex/latex/microtype/microtype-pdftex.def)
(/usr/share/texlive/texmf-dist/tex/latex/microtype/microtype.cfg))
(/usr/share/texlive/texmf-dist/tex/latex/needspace/needspace.sty)
(/usr/share/texlive/texmf-dist/tex/latex/hyperref/hyperref.sty
(/usr/share/texlive/texmf-dist/tex/generic/iftex/iftex.sty)
(/usr/share/texlive/texmf-dist/tex/latex/kvsetkeys/kvsetkeys.sty)
(/usr/share/texlive/texmf-dist/tex/generic/kvdefinekeys/kvdefinekeys.sty)
(/usr/share/texlive/texmf-dist/tex/generic/pdfescape/pdfescape.sty
(/usr/share/texlive/texmf-dist/tex/generic/ltxcmds/ltxcmds.sty)
(/usr/share/texlive/texmf-dist/tex/generic/pdftexcmds/pdftexcmds.sty
(/usr/share/texlive/texmf-dist/tex/generic/infwarerr/infwarerr.sty)))
(/usr/share/texlive/texmf-dist/tex/latex/hycolor/hycolor.sty)
(/usr/share/texlive/texmf-dist/tex/latex/auxhook/auxhook.sty)
(/usr/share/texlive/texmf-dist/tex/latex/hyperref/nameref.sty
(/usr/share/texlive/texmf-dist/tex/latex/refcount/refcount.sty)
(/usr/share/texlive/texmf-dist/tex/generic/gettitlestring/gettitlestring.sty
(/usr/share/texlive/texmf-dist/tex/latex/kvoptions/kvoptions.sty)))
(/usr/share/texlive/texmf-dist/tex/latex/hyperref/pd1enc.def)
(/usr/share/texlive/texmf-dist/tex/generic/intcalc/intcalc.sty)
(/usr/share/texlive/texmf-dist/tex/latex/hyperref/puenc.def)
(/usr/share/texlive/texmf-dist/tex/generic/bitset/bitset.sty
(/usr/share/texlive/texmf-dist/tex/generic/bigintcalc/bigintcalc.sty))
(/usr/share/texlive/texmf-dist/tex/latex/base/atbegshi-ltx.sty))
(/usr/share/texlive/texmf-dist/tex/latex/hyperref/hpdftex.def
(/usr/share/texlive/texmf-dist/tex/latex/base/atveryend-ltx.sty)
(/usr/share/texlive/texmf-dist/tex/latex/rerunfilecheck/rerunfilecheck.sty
(/usr/share/texlive/texmf-dist/tex/generic/uniquecounter/uniquecounter.sty)))
(/usr/share/texlive/texmf-dist/tex/latex/psnfss/t1pcr.fd)
(/usr/share/texlive/texmf-dist/tex/latex/hyperref/backref.sty)
(/usr/share/texlive/texmf-dist/tex/latex/psnfss/t1ppl.fd)
(/usr/share/texlive/texmf-dist/tex/latex/l3backend/l3backend-pdftex.def)

LaTeX Warning: Unused global option(s):
    [nameyear].

(revisions/2026-10-04-r15/build/supp.aux)
(/usr/share/texlive/texmf-dist/tex/context/base/mkii/supp-pdf.mkii
[Loading MPS to PDF converter (version 2006.09.02).]
) (/usr/share/texlive/texmf-dist/tex/latex/microtype/mt-ppl.cfg)
(/usr/share/texlive/texmf-dist/tex/latex/graphics/color.sty
(/usr/share/texlive/texmf-dist/tex/latex/graphics-cfg/color.cfg)
(/usr/share/texlive/texmf-dist/tex/latex/graphics/mathcolor.ltx))
(revisions/2026-10-04-r15/build/supp.out)
(revisions/2026-10-04-r15/build/supp.out)
(./revisions/2026-10-04-r15/manuscript/appendix_evaluation.tex
(/usr/share/texlive/texmf-dist/tex/latex/psnfss/ot1ppl.fd)
(/usr/share/texlive/texmf-dist/tex/latex/psnfss/omlzplm.fd)
(/usr/share/texlive/texmf-dist/tex/latex/psnfss/omszplm.fd)
(/usr/share/texlive/texmf-dist/tex/latex/psnfss/omxzplm.fd)
(/usr/share/texlive/texmf-dist/tex/latex/microtype/mt-msa.cfg)
(/usr/share/texlive/texmf-dist/tex/latex/microtype/mt-msb.cfg)
(/usr/share/texlive/texmf-dist/tex/latex/microtype/mt-cmr.cfg)
(/usr/share/texlive/texmf-dist/tex/latex/psnfss/ot1zplm.fd)
(/usr/share/texlive/texmf-dist/tex/latex/psnfss/ufplmbb.fd) [1
Non-PDF special ignored!
<special> papersize=614.295pt,794.96999pt
{/var/lib/texmf/fonts/map/pdftex/updmap/pdftex.map}{/usr/share/texlive/texmf-di
st/fonts/enc/dvips/base/8r.enc}]

LaTeX Font Warning: Font shape `T1/ppl/m/scit' undefined
(Font)              using `T1/ppl/m/sc' instead on input line 20.


Package hyperref Warning: Difference (2) between bookmark levels is greater 
(hyperref)                than one, level fixed on input line 20.


LaTeX Font Warning: Font shape `T1/ppl/m/scit' undefined
(Font)              using `T1/ppl/m/sc' instead on input line 28.


LaTeX Font Warning: Font shape `T1/ppl/m/uc' undefined
(Font)              using `T1/ppl/m/n' instead on input line 30.


LaTeX Font Warning: Font shape `T1/ppl/m/up' undefined
(Font)              using `T1/ppl/m/n' instead on input line 30.

[2]

LaTeX Font Warning: Font shape `T1/ppl/m/scit' undefined
(Font)              using `T1/ppl/m/sc' instead on input line 48.


LaTeX Font Warning: Font shape `T1/ppl/m/scit' undefined
(Font)              using `T1/ppl/m/sc' instead on input line 49.

[3]

LaTeX Font Warning: Font shape `T1/ppl/m/scit' undefined
(Font)              using `T1/ppl/m/sc' instead on input line 60.

[4]

LaTeX Font Warning: Font shape `T1/ppl/m/scit' undefined
(Font)              using `T1/ppl/m/sc' instead on input line 73.

[5]

LaTeX Font Warning: Font shape `T1/ppl/m/scit' undefined
(Font)              using `T1/ppl/m/sc' instead on input line 88.


LaTeX Font Warning: Font shape `T1/ppl/m/scit' undefined
(Font)              using `T1/ppl/m/sc' instead on input line 98.

[6]

LaTeX Font Warning: Font shape `T1/ppl/m/scit' undefined
(Font)              using `T1/ppl/m/sc' instead on input line 129.

[7] [8]) (./revisions/2026-10-04-r15/manuscript/appendix_proofs.tex [9]

LaTeX Font Warning: Font shape `T1/ppl/m/scit' undefined
(Font)              using `T1/ppl/m/sc' instead on input line 4.


Package hyperref Warning: Difference (2) between bookmark levels is greater 
(hyperref)                than one, level fixed on input line 4.


LaTeX Font Warning: Font shape `T1/ppl/m/scit' undefined
(Font)              using `T1/ppl/m/sc' instead on input line 14.

[10]

LaTeX Font Warning: Font shape `T1/ppl/m/scit' undefined
(Font)              using `T1/ppl/m/sc' instead on input line 17.


LaTeX Font Warning: Font shape `T1/ppl/m/scit' undefined
(Font)              using `T1/ppl/m/sc' instead on input line 27.

[11]

LaTeX Font Warning: Font shape `T1/ppl/m/scit' undefined
(Font)              using `T1/ppl/m/sc' instead on input line 35.


LaTeX Font Warning: Font shape `T1/ppl/m/scit' undefined
(Font)              using `T1/ppl/m/sc' instead on input line 43.

[12]

LaTeX Font Warning: Font shape `T1/ppl/m/scit' undefined
(Font)              using `T1/ppl/m/sc' instead on input line 56.


LaTeX Font Warning: Font shape `T1/ppl/m/scit' undefined
(Font)              using `T1/ppl/m/sc' instead on input line 57.


LaTeX Font Warning: Font shape `T1/ppl/m/scit' undefined
(Font)              using `T1/ppl/m/sc' instead on input line 60.

[13]

LaTeX Font Warning: Font shape `T1/ppl/m/scit' undefined
(Font)              using `T1/ppl/m/sc' instead on input line 71.

[14]

LaTeX Font Warning: Font shape `T1/ppl/m/scit' undefined
(Font)              using `T1/ppl/m/sc' instead on input line 88.


LaTeX Font Warning: Font shape `T1/ppl/m/scit' undefined
(Font)              using `T1/ppl/m/sc' instead on input line 98.

[15]

LaTeX Font Warning: Font shape `T1/ppl/m/scit' undefined
(Font)              using `T1/ppl/m/sc' instead on input line 103.


LaTeX Font Warning: Font shape `T1/ppl/m/scit' undefined
(Font)              using `T1/ppl/m/sc' instead on input line 104.

[16]

LaTeX Font Warning: Font shape `T1/ppl/m/scit' undefined
(Font)              using `T1/ppl/m/sc' instead on input line 122.


Underfull \vbox (badness 10000) has occurred while \output is active [17]

LaTeX Font Warning: Font shape `T1/ppl/m/scit' undefined
(Font)              using `T1/ppl/m/sc' instead on input line 141.

[18]

LaTeX Font Warning: Font shape `T1/ppl/m/scit' undefined
(Font)              using `T1/ppl/m/sc' instead on input line 151.

[19]

LaTeX Font Warning: Font shape `T1/ppl/m/scit' undefined
(Font)              using `T1/ppl/m/sc' instead on input line 168.

[20] [21]) (./revisions/2026-10-04-r15/manuscript/appendix_capital_accounts.tex
[22]

LaTeX Font Warning: Font shape `T1/ppl/m/scit' undefined
(Font)              using `T1/ppl/m/sc' instead on input line 12.

[23]

LaTeX Font Warning: Font shape `T1/ppl/m/scit' undefined
(Font)              using `T1/ppl/m/sc' instead on input line 49.

[24]

LaTeX Font Warning: Font shape `T1/ppl/m/scit' undefined
(Font)              using `T1/ppl/m/sc' instead on input line 54.


LaTeX Font Warning: Font shape `T1/ppl/m/scit' undefined
(Font)              using `T1/ppl/m/sc' instead on input line 57.


LaTeX Font Warning: Font shape `T1/ppl/m/scit' undefined
(Font)              using `T1/ppl/m/sc' instead on input line 77.

[25]

LaTeX Font Warning: Font shape `T1/ppl/m/scit' undefined
(Font)              using `T1/ppl/m/sc' instead on input line 98.

[26]

LaTeX Font Warning: Font shape `T1/ppl/m/scit' undefined
(Font)              using `T1/ppl/m/sc' instead on input line 134.


LaTeX Font Warning: Font shape `T1/ppl/m/scit' undefined
(Font)              using `T1/ppl/m/sc' instead on input line 142.

[27] [28]

LaTeX Font Warning: Font shape `T1/ppl/m/scit' undefined
(Font)              using `T1/ppl/m/sc' instead on input line 182.


LaTeX Font Warning: Font shape `T1/ppl/m/scit' undefined
(Font)              using `T1/ppl/m/sc' instead on input line 197.


LaTeX Font Warning: Font shape `T1/ppl/m/scit' undefined
(Font)              using `T1/ppl/m/sc' instead on input line 200.

[29] [30]

LaTeX Font Warning: Font shape `T1/ppl/m/scit' undefined
(Font)              using `T1/ppl/m/sc' instead on input line 259.

[31]

LaTeX Font Warning: Font shape `T1/ppl/m/scit' undefined
(Font)              using `T1/ppl/m/sc' instead on input line 274.


Underfull \vbox (badness 1297) has occurred while \output is active [32]
Underfull \hbox (badness 922) in paragraph at lines 294--295
[]\T1/ppl/m/up/12 (+20) The sam-pling con-tract is ideal in-de-pen-dent standar
d-normal in-no-va-tions

LaTeX Font Warning: Font shape `T1/ppl/m/scit' undefined
(Font)              using `T1/ppl/m/sc' instead on input line 296.

[33]

LaTeX Font Warning: Font shape `T1/ppl/m/scit' undefined
(Font)              using `T1/ppl/m/sc' instead on input line 331.


Underfull \vbox (badness 1688) has occurred while \output is active [34])
(./revisions/2026-10-04-r15/manuscript/new_proofs.tex

LaTeX Font Warning: Font shape `T1/ppl/m/scit' undefined
(Font)              using `T1/ppl/m/sc' instead on input line 9.

[35]

LaTeX Font Warning: Font shape `T1/ppl/m/scit' undefined
(Font)              using `T1/ppl/m/sc' instead on input line 45.


Underfull \vbox (badness 2478) has occurred while \output is active [36]

LaTeX Font Warning: Font shape `T1/ppl/m/scit' undefined
(Font)              using `T1/ppl/m/sc' instead on input line 84.

[37]

LaTeX Font Warning: Font shape `T1/ppl/m/scit' undefined
(Font)              using `T1/ppl/m/sc' instead on input line 145.

[38] [39]

LaTeX Font Warning: Font shape `T1/ppl/m/scit' undefined
(Font)              using `T1/ppl/m/sc' instead on input line 264.

[40] [41] [42] [43]) (./revisions/2026-10-04-r15/manuscript/paired_transfer.tex

LaTeX Font Warning: Font shape `T1/ppl/m/scit' undefined
(Font)              using `T1/ppl/m/sc' instead on input line 12.

[44] [45]

LaTeX Font Warning: Font shape `T1/ppl/m/scit' undefined
(Font)              using `T1/ppl/m/sc' instead on input line 90.

[46] (/usr/share/texlive/texmf-dist/tex/latex/microtype/mt-euf.cfg) [47]

LaTeX Font Warning: Font shape `T1/ppl/m/scit' undefined
(Font)              using `T1/ppl/m/sc' instead on input line 224.

[48] [49] [50] [51]

LaTeX Font Warning: Font shape `T1/ppl/m/scit' undefined
(Font)              using `T1/ppl/m/sc' instead on input line 455.


Underfull \vbox (badness 10000) has occurred while \output is active [52]
[53]) (./revisions/2026-10-04-r15/manuscript/method_inference_proof.tex

LaTeX Font Warning: Font shape `T1/ppl/m/scit' undefined
(Font)              using `T1/ppl/m/sc' instead on input line 1.

) (./revisions/2026-10-04-r15/manuscript/appendix_applications.tex [54]

LaTeX Font Warning: Font shape `T1/ppl/m/scit' undefined
(Font)              using `T1/ppl/m/sc' instead on input line 4.

[55]

LaTeX Font Warning: Font shape `T1/ppl/m/scit' undefined
(Font)              using `T1/ppl/m/sc' instead on input line 23.

[56]

LaTeX Font Warning: Font shape `T1/ppl/m/scit' undefined
(Font)              using `T1/ppl/m/sc' instead on input line 43.


LaTeX Font Warning: Font shape `T1/ppl/m/scit' undefined
(Font)              using `T1/ppl/m/sc' instead on input line 67.

[57]

LaTeX Font Warning: Font shape `T1/ppl/m/scit' undefined
(Font)              using `T1/ppl/m/sc' instead on input line 76.


Underfull \vbox (badness 10000) has occurred while \output is active [58]

LaTeX Font Warning: Font shape `T1/ppl/m/scit' undefined
(Font)              using `T1/ppl/m/sc' instead on input line 79.


LaTeX Font Warning: Font shape `T1/ppl/m/scit' undefined
(Font)              using `T1/ppl/m/sc' instead on input line 88.

[59]

LaTeX Font Warning: Font shape `T1/ppl/m/scit' undefined
(Font)              using `T1/ppl/m/sc' instead on input line 113.

[60]

LaTeX Font Warning: Font shape `T1/ppl/m/scit' undefined
(Font)              using `T1/ppl/m/sc' instead on input line 138.

[61]

LaTeX Font Warning: Font shape `T1/ppl/m/scit' undefined
(Font)              using `T1/ppl/m/sc' instead on input line 148.

[62] [63] [64]
Underfull \vbox (badness 4366) has occurred while \output is active [65]

LaTeX Font Warning: Font shape `T1/ppl/m/scit' undefined
(Font)              using `T1/ppl/m/sc' instead on input line 241.


Underfull \vbox (badness 10000) has occurred while \output is active [66]

LaTeX Font Warning: Font shape `T1/ppl/m/scit' undefined
(Font)              using `T1/ppl/m/sc' instead on input line 267.

[67]

LaTeX Font Warning: Font shape `T1/ppl/m/scit' undefined
(Font)              using `T1/ppl/m/sc' instead on input line 277.

[68]

LaTeX Font Warning: Font shape `T1/ppl/m/scit' undefined
(Font)              using `T1/ppl/m/sc' instead on input line 295.


LaTeX Font Warning: Font shape `T1/ppl/m/scit' undefined
(Font)              using `T1/ppl/m/sc' instead on input line 307.

[69]

LaTeX Font Warning: Font shape `T1/ppl/m/scit' undefined
(Font)              using `T1/ppl/m/sc' instead on input line 314.


Underfull \vbox (badness 2012) has occurred while \output is active [70]
[71]

LaTeX Font Warning: Font shape `T1/ppl/m/scit' undefined
(Font)              using `T1/ppl/m/sc' instead on input line 367.

[72]

LaTeX Font Warning: Font shape `T1/ppl/m/scit' undefined
(Font)              using `T1/ppl/m/sc' instead on input line 388.

[73] [74]

LaTeX Font Warning: Font shape `T1/ppl/m/scit' undefined
(Font)              using `T1/ppl/m/sc' instead on input line 430.


Underfull \vbox (badness 1199) has occurred while \output is active [75]
[76]

LaTeX Font Warning: Font shape `T1/ppl/m/scit' undefined
(Font)              using `T1/ppl/m/sc' instead on input line 463.

[77]

LaTeX Font Warning: Font shape `T1/ppl/m/scit' undefined
(Font)              using `T1/ppl/m/sc' instead on input line 491.


LaTeX Font Warning: Font shape `T1/ppl/m/scit' undefined
(Font)              using `T1/ppl/m/sc' instead on input line 494.

[78]

LaTeX Font Warning: Font shape `T1/ppl/m/scit' undefined
(Font)              using `T1/ppl/m/sc' instead on input line 516.

[79]
Underfull \vbox (badness 10000) has occurred while \output is active [80]

LaTeX Font Warning: Font shape `T1/ppl/m/scit' undefined
(Font)              using `T1/ppl/m/sc' instead on input line 543.


LaTeX Font Warning: Font shape `T1/ppl/m/scit' undefined
(Font)              using `T1/ppl/m/sc' instead on input line 546.

[81] [82]

LaTeX Font Warning: Font shape `T1/ppl/m/scit' undefined
(Font)              using `T1/ppl/m/sc' instead on input line 599.

[83] [84]

LaTeX Font Warning: Font shape `T1/ppl/m/scit' undefined
(Font)              using `T1/ppl/m/sc' instead on input line 626.


LaTeX Font Warning: Font shape `T1/ppl/m/scit' undefined
(Font)              using `T1/ppl/m/sc' instead on input line 656.


Underfull \vbox (badness 10000) has occurred while \output is active [85]
[86]

LaTeX Font Warning: Font shape `T1/ppl/m/scit' undefined
(Font)              using `T1/ppl/m/sc' instead on input line 711.


LaTeX Font Warning: Font shape `T1/ppl/m/scit' undefined
(Font)              using `T1/ppl/m/sc' instead on input line 712.

[87]

LaTeX Font Warning: Font shape `T1/ppl/m/scit' undefined
(Font)              using `T1/ppl/m/sc' instead on input line 721.

[88]

LaTeX Font Warning: Font shape `T1/ppl/m/scit' undefined
(Font)              using `T1/ppl/m/sc' instead on input line 730.


LaTeX Font Warning: Font shape `T1/ppl/m/scit' undefined
(Font)              using `T1/ppl/m/sc' instead on input line 731.


LaTeX Font Warning: Font shape `T1/ppl/m/scit' undefined
(Font)              using `T1/ppl/m/sc' instead on input line 742.


Underfull \vbox (badness 10000) has occurred while \output is active [89]

LaTeX Font Warning: Font shape `T1/ppl/m/scit' undefined
(Font)              using `T1/ppl/m/sc' instead on input line 749.

[90]

LaTeX Font Warning: Font shape `T1/ppl/m/scit' undefined
(Font)              using `T1/ppl/m/sc' instead on input line 762.


Underfull \vbox (badness 3930) has occurred while \output is active [91]

LaTeX Font Warning: Font shape `T1/ppl/m/scit' undefined
(Font)              using `T1/ppl/m/sc' instead on input line 770.


LaTeX Font Warning: Font shape `T1/ppl/m/scit' undefined
(Font)              using `T1/ppl/m/sc' instead on input line 773.

[92]

LaTeX Font Warning: Font shape `T1/ppl/m/scit' undefined
(Font)              using `T1/ppl/m/sc' instead on input line 782.

[93]

LaTeX Font Warning: Font shape `T1/ppl/m/scit' undefined
(Font)              using `T1/ppl/m/sc' instead on input line 796.


LaTeX Font Warning: Font shape `T1/ppl/m/scit' undefined
(Font)              using `T1/ppl/m/sc' instead on input line 799.

[94] [95]

LaTeX Font Warning: Font shape `T1/ppl/m/scit' undefined
(Font)              using `T1/ppl/m/sc' instead on input line 853.

[96]

LaTeX Font Warning: Font shape `T1/ppl/m/scit' undefined
(Font)              using `T1/ppl/m/sc' instead on input line 877.

[97] [98] [99]

LaTeX Font Warning: Font shape `T1/ppl/m/scit' undefined
(Font)              using `T1/ppl/m/sc' instead on input line 971.

) (./revisions/2026-10-04-r15/manuscript/appendix_implementation.tex [100]

LaTeX Font Warning: Font shape `T1/ppl/m/scit' undefined
(Font)              using `T1/ppl/m/sc' instead on input line 16.


Underfull \vbox (badness 10000) has occurred while \output is active [101]

LaTeX Font Warning: Font shape `T1/ppl/m/scit' undefined
(Font)              using `T1/ppl/m/sc' instead on input line 27.


Underfull \vbox (badness 10000) has occurred while \output is active [102]

LaTeX Font Warning: Font shape `T1/ppl/m/scit' undefined
(Font)              using `T1/ppl/m/sc' instead on input line 50.

[103]) (./revisions/2026-10-04-r15/manuscript/appendix_observation.tex

LaTeX Font Warning: Font shape `T1/ppl/m/scit' undefined
(Font)              using `T1/ppl/m/sc' instead on input line 4.

[104]

LaTeX Font Warning: Font shape `T1/ppl/m/scit' undefined
(Font)              using `T1/ppl/m/sc' instead on input line 25.

[105] [106]

LaTeX Font Warning: Font shape `T1/ppl/m/scit' undefined
(Font)              using `T1/ppl/m/sc' instead on input line 108.

[107] [108] [109]

LaTeX Font Warning: Font shape `T1/ppl/m/scit' undefined
(Font)              using `T1/ppl/m/sc' instead on input line 216.


LaTeX Font Warning: Font shape `T1/ppl/m/scit' undefined
(Font)              using `T1/ppl/m/sc' instead on input line 217.


Underfull \vbox (badness 1675) has occurred while \output is active [110]
[111]) (./revisions/2026-10-04-r15/manuscript/appendix_diagnostics.tex

LaTeX Font Warning: Font shape `T1/ppl/m/scit' undefined
(Font)              using `T1/ppl/m/sc' instead on input line 4.

[112] [113]

LaTeX Font Warning: Font shape `T1/ppl/m/scit' undefined
(Font)              using `T1/ppl/m/sc' instead on input line 48.

[114]

LaTeX Font Warning: Font shape `T1/ppl/m/scit' undefined
(Font)              using `T1/ppl/m/sc' instead on input line 75.


LaTeX Font Warning: Font shape `T1/ppl/m/scit' undefined
(Font)              using `T1/ppl/m/sc' instead on input line 78.

[115] [116] [117] [118] [119] [120]

LaTeX Font Warning: Font shape `T1/ppl/m/scit' undefined
(Font)              using `T1/ppl/m/sc' instead on input line 298.

) (./revisions/2026-10-04-r15/manuscript/experiment_supplement.tex
(./revisions/2026-10-04-r15/results/publication_tables/table_method_seed_endpoi
nts.tex [121] [122] [123] [124] [125] [126] [127])
(./revisions/2026-10-04-r15/results/experiment/report/table_method_checkpoint_p
rogress.tex
Underfull \hbox (badness 10000) in paragraph at lines 238--2


Underfull \vbox (badness 10000) has occurred while \output is active [128]))
(./revisions/2026-10-04-r15/manuscript/mechanism_supplement.tex
Underfull \vbox (badness 10000) has occurred while \output is active [129]
(./revisions/2026-10-04-r15/results/mechanism/report/table_mechanism_full.tex)
(./revisions/2026-10-04-r15/results/mechanism/report/table_mechanism_work.tex))
(./revisions/2026-10-04-r15/manuscript/scalar_algebraic_enclosure.tex
Underfull \vbox (badness 10000) has occurred while \output is active [130]
[131] [132] [133]) (./revisions/2026-10-04-r15/manuscript/scalar_supplement.tex
(./revisions/2026-10-04-r15/results/scalar_report/scalar_complete_tables.tex
(./revisions/2026-10-04-r15/results/scalar_report/table_scalar_all_meshes.tex
[134])
(./revisions/2026-10-04-r15/results/scalar_report/table_scalar_refinement.tex)
(./revisions/2026-10-04-r15/results/scalar_report/table_scalar_time_refinement.
tex)
(./revisions/2026-10-04-r15/results/scalar_report/table_scalar_all_pairs.tex
[135] [136] [137] [138])))
(./revisions/2026-10-04-r15/manuscript/observation_supplement.tex
Underfull \vbox (badness 10000) has occurred while \output is active [139]

LaTeX Font Warning: Font shape `T1/ppl/m/scit' undefined
(Font)              using `T1/ppl/m/sc' instead on input line 1.

(./revisions/2026-10-04-r15/manuscript/table_observation_full.tex)
(./revisions/2026-10-04-r15/manuscript/table_observation_work.tex))
(./revisions/2026-10-04-r15/manuscript/paired_comparison_supplement.tex
(./revisions/2026-10-04-r15/results/paired_transfer/paired_transfer_supplement.
tex [140] [141] [142] [143]))
(./revisions/2026-10-04-r15/manuscript/archive_index.tex)
(revisions/2026-10-04-r15/build/supp.bbl
(revisions/2026-10-04-r15/build/supp.brf) [144]) [145]
(revisions/2026-10-04-r15/build/supp.aux)

LaTeX Font Warning: Some font shapes were not available, defaults substituted.

 )
(see the transcript file for additional information)</usr/share/texlive/texmf-d
ist/fonts/type1/public/amsfonts/cm/cmbx12.pfb></usr/share/texlive/texmf-dist/fo
nts/type1/public/amsfonts/cm/cmex10.pfb></usr/share/texlive/texmf-dist/fonts/ty
pe1/public/amsfonts/cm/cmmi10.pfb></usr/share/texlive/texmf-dist/fonts/type1/pu
blic/amsfonts/cm/cmr10.pfb></usr/share/texlive/texmf-dist/fonts/type1/public/am
sfonts/cm/cmsy10.pfb></usr/share/texlive/texmf-dist/fonts/type1/public/amsfonts
/euler/eufm10.pfb></usr/share/texlive/texmf-dist/fonts/type1/public/mathpazo/fp
lmbb.pfb></usr/share/texlive/texmf-dist/fonts/type1/public/mathpazo/fplmr.pfb><
/usr/share/texlive/texmf-dist/fonts/type1/public/mathpazo/fplmri.pfb></usr/shar
e/texlive/texmf-dist/fonts/type1/public/amsfonts/symbols/msam10.pfb></usr/share
/texlive/texmf-dist/fonts/type1/urw/courier/ucrr8a.pfb></usr/share/texlive/texm
f-dist/fonts/type1/urw/palatino/uplb8a.pfb></usr/share/texlive/texmf-dist/fonts
/type1/urw/palatino/uplr8a.pfb></usr/share/texlive/texmf-dist/fonts/type1/urw/p
alatino/uplri8a.pfb>
Output written on revisions/2026-10-04-r15/build/supp.pdf (145 pages, 620174 by
tes).
Transcript written on revisions/2026-10-04-r15/build/supp.log.
