This is pdfTeX, Version 3.141592653-2.6-1.40.25 (TeX Live 2023/Debian) (preloaded format=pdflatex)
entering extended mode
(./supp.tex
LaTeX2e <2023-11-01> patch level 1
L3 programming layer <2024-01-22>
(./econsocart.cls
Document Class: econsocart 2022/11/21 v1.4.1, The Econometric Society Journals
(/usr/share/texlive/texmf-dist/tex/latex/etoolbox/etoolbox.sty)
(./econsocart.cfg) (/usr/share/texlive/texmf-dist/tex/latex/base/fix-cm.sty
(/usr/share/texlive/texmf-dist/tex/latex/base/ts1enc.def))
(/usr/share/texlive/texmf-dist/tex/latex/graphics/graphicx.sty
(/usr/share/texlive/texmf-dist/tex/latex/graphics/keyval.sty)
(/usr/share/texlive/texmf-dist/tex/latex/graphics/graphics.sty
(/usr/share/texlive/texmf-dist/tex/latex/graphics/trig.sty)
(/usr/share/texlive/texmf-dist/tex/latex/graphics-cfg/graphics.cfg)
(/usr/share/texlive/texmf-dist/tex/latex/graphics-def/pdftex.def)))
(/usr/share/texlive/texmf-dist/tex/latex/base/fontenc.sty)
(/usr/share/texlive/texmf-dist/tex/latex/psnfss/times.sty)
(/usr/share/texlive/texmf-dist/tex/latex/textcase/textcase.sty)
(/usr/share/texlive/texmf-dist/tex/latex/psnfss/helvet.sty)
(/usr/share/texlive/texmf-dist/tex/latex/base/textcomp.sty)
(/usr/share/texlive/texmf-dist/tex/latex/psnfss/t1ptm.fd)
(/usr/share/texlive/texmf-dist/tex/latex/amsfonts/amssymb.sty
(/usr/share/texlive/texmf-dist/tex/latex/amsfonts/amsfonts.sty))
(/usr/share/texlive/texmf-dist/tex/latex/tools/bm.sty)
(/usr/share/texlive/texmf-dist/tex/latex/url/url.sty)
(/usr/share/texlive/texmf-dist/tex/latex/amsmath/amsmath.sty
For additional information on amsmath, use the `?' option.
(/usr/share/texlive/texmf-dist/tex/latex/amsmath/amstext.sty
(/usr/share/texlive/texmf-dist/tex/latex/amsmath/amsgen.sty))
(/usr/share/texlive/texmf-dist/tex/latex/amsmath/amsbsy.sty)
(/usr/share/texlive/texmf-dist/tex/latex/amsmath/amsopn.sty))
(/usr/share/texlive/texmf-dist/tex/latex/amscls/amsthm.sty)
(/usr/share/texlive/texmf-dist/tex/latex/natbib/natbib.sty))
(/usr/share/texlive/texmf-dist/tex/latex/hyperref/xr-hyper.sty)
(/usr/share/texlive/texmf-dist/tex/latex/booktabs/booktabs.sty)
(/usr/share/texlive/texmf-dist/tex/latex/tools/array.sty)
(/usr/share/texlive/texmf-dist/tex/latex/tools/longtable.sty)
(/usr/share/texlive/texmf-dist/tex/latex/algorithms/algorithm.sty
(/usr/share/texlive/texmf-dist/tex/latex/float/float.sty)
(/usr/share/texlive/texmf-dist/tex/latex/base/ifthen.sty))
(/usr/share/texlive/texmf-dist/tex/latex/algorithmicx/algpseudocode.sty
(/usr/share/texlive/texmf-dist/tex/latex/algorithmicx/algorithmicx.sty
Document Style algorithmicx 1.2 - a greatly improved `algorithmic' style
)
Document Style - pseudocode environments for use with the `algorithmicx' style
) (/usr/share/texlive/texmf-dist/tex/latex/enumitem/enumitem.sty)
(/usr/share/texlive/texmf-dist/tex/latex/base/fontenc.sty)
(/usr/share/texlive/texmf-dist/tex/latex/psnfss/mathpazo.sty)
(/usr/share/texlive/texmf-dist/tex/latex/microtype/microtype.sty
(/usr/share/texlive/texmf-dist/tex/latex/microtype/microtype-pdftex.def)
(/usr/share/texlive/texmf-dist/tex/latex/microtype/microtype.cfg))
(/usr/share/texlive/texmf-dist/tex/latex/needspace/needspace.sty)
(/usr/share/texlive/texmf-dist/tex/latex/hyperref/hyperref.sty
(/usr/share/texlive/texmf-dist/tex/generic/iftex/iftex.sty)
(/usr/share/texlive/texmf-dist/tex/latex/kvsetkeys/kvsetkeys.sty)
(/usr/share/texlive/texmf-dist/tex/generic/kvdefinekeys/kvdefinekeys.sty)
(/usr/share/texlive/texmf-dist/tex/generic/pdfescape/pdfescape.sty
(/usr/share/texlive/texmf-dist/tex/generic/ltxcmds/ltxcmds.sty)
(/usr/share/texlive/texmf-dist/tex/generic/pdftexcmds/pdftexcmds.sty
(/usr/share/texlive/texmf-dist/tex/generic/infwarerr/infwarerr.sty)))
(/usr/share/texlive/texmf-dist/tex/latex/hycolor/hycolor.sty)
(/usr/share/texlive/texmf-dist/tex/latex/auxhook/auxhook.sty)
(/usr/share/texlive/texmf-dist/tex/latex/hyperref/nameref.sty
(/usr/share/texlive/texmf-dist/tex/latex/refcount/refcount.sty)
(/usr/share/texlive/texmf-dist/tex/generic/gettitlestring/gettitlestring.sty
(/usr/share/texlive/texmf-dist/tex/latex/kvoptions/kvoptions.sty)))
(/usr/share/texlive/texmf-dist/tex/latex/hyperref/pd1enc.def)
(/usr/share/texlive/texmf-dist/tex/generic/intcalc/intcalc.sty)
(/usr/share/texlive/texmf-dist/tex/latex/hyperref/puenc.def)
(/usr/share/texlive/texmf-dist/tex/generic/bitset/bitset.sty
(/usr/share/texlive/texmf-dist/tex/generic/bigintcalc/bigintcalc.sty))
(/usr/share/texlive/texmf-dist/tex/latex/base/atbegshi-ltx.sty))
(/usr/share/texlive/texmf-dist/tex/latex/hyperref/hpdftex.def
(/usr/share/texlive/texmf-dist/tex/latex/base/atveryend-ltx.sty)
(/usr/share/texlive/texmf-dist/tex/latex/rerunfilecheck/rerunfilecheck.sty
(/usr/share/texlive/texmf-dist/tex/generic/uniquecounter/uniquecounter.sty)))
(/usr/share/texlive/texmf-dist/tex/latex/psnfss/t1pcr.fd)
(/usr/share/texlive/texmf-dist/tex/latex/hyperref/backref.sty)
(/usr/share/texlive/texmf-dist/tex/latex/psnfss/t1ppl.fd)
(/usr/share/texlive/texmf-dist/tex/latex/l3backend/l3backend-pdftex.def)

LaTeX Warning: Unused global option(s):
    [nameyear].

No file supp.aux.
(/usr/share/texlive/texmf-dist/tex/context/base/mkii/supp-pdf.mkii
[Loading MPS to PDF converter (version 2006.09.02).]
) (/usr/share/texlive/texmf-dist/tex/latex/microtype/mt-ppl.cfg)
(/usr/share/texlive/texmf-dist/tex/latex/graphics/color.sty
(/usr/share/texlive/texmf-dist/tex/latex/graphics-cfg/color.cfg)
(/usr/share/texlive/texmf-dist/tex/latex/graphics/mathcolor.ltx))
(./revisions/2026-10-04-r15/manuscript/appendix_evaluation.tex
(/usr/share/texlive/texmf-dist/tex/latex/psnfss/ot1ppl.fd)
(/usr/share/texlive/texmf-dist/tex/latex/psnfss/omlzplm.fd)
(/usr/share/texlive/texmf-dist/tex/latex/psnfss/omszplm.fd)
(/usr/share/texlive/texmf-dist/tex/latex/psnfss/omxzplm.fd)
(/usr/share/texlive/texmf-dist/tex/latex/microtype/mt-msa.cfg)
(/usr/share/texlive/texmf-dist/tex/latex/microtype/mt-msb.cfg)
(/usr/share/texlive/texmf-dist/tex/latex/microtype/mt-cmr.cfg)
(/usr/share/texlive/texmf-dist/tex/latex/psnfss/ot1zplm.fd)
(/usr/share/texlive/texmf-dist/tex/latex/psnfss/ufplmbb.fd) [1
Non-PDF special ignored!
<special> papersize=614.295pt,794.96999pt
{/var/lib/texmf/fonts/map/pdftex/updmap/pdftex.map}{/usr/share/texlive/texmf-di
st/fonts/enc/dvips/base/8r.enc}]

LaTeX Font Warning: Font shape `T1/ppl/m/scit' undefined
(Font)              using `T1/ppl/m/sc' instead on input line 20.


Package hyperref Warning: Difference (2) between bookmark levels is greater 
(hyperref)                than one, level fixed on input line 20.


Package natbib Warning: Citation `borkar2024' on page 2 undefined on input line
 25.


LaTeX Font Warning: Font shape `T1/ppl/m/scit' undefined
(Font)              using `T1/ppl/m/sc' instead on input line 28.


LaTeX Font Warning: Font shape `T1/ppl/m/uc' undefined
(Font)              using `T1/ppl/m/n' instead on input line 31.


LaTeX Font Warning: Font shape `T1/ppl/m/up' undefined
(Font)              using `T1/ppl/m/n' instead on input line 31.

[2]

LaTeX Font Warning: Font shape `T1/ppl/m/scit' undefined
(Font)              using `T1/ppl/m/sc' instead on input line 48.


LaTeX Font Warning: Font shape `T1/ppl/m/scit' undefined
(Font)              using `T1/ppl/m/sc' instead on input line 49.

[3]

LaTeX Font Warning: Font shape `T1/ppl/m/scit' undefined
(Font)              using `T1/ppl/m/sc' instead on input line 60.


Underfull \vbox (badness 5345) has occurred while \output is active [4]

LaTeX Font Warning: Font shape `T1/ppl/m/scit' undefined
(Font)              using `T1/ppl/m/sc' instead on input line 73.

[5]

LaTeX Font Warning: Font shape `T1/ppl/m/scit' undefined
(Font)              using `T1/ppl/m/sc' instead on input line 88.


LaTeX Font Warning: Font shape `T1/ppl/m/scit' undefined
(Font)              using `T1/ppl/m/sc' instead on input line 98.

[6]

LaTeX Font Warning: Font shape `T1/ppl/m/scit' undefined
(Font)              using `T1/ppl/m/sc' instead on input line 129.

[7] [8]) (./revisions/2026-10-04-r15/manuscript/appendix_proofs.tex [9]

LaTeX Font Warning: Font shape `T1/ppl/m/scit' undefined
(Font)              using `T1/ppl/m/sc' instead on input line 4.


Package hyperref Warning: Difference (2) between bookmark levels is greater 
(hyperref)                than one, level fixed on input line 4.


LaTeX Font Warning: Font shape `T1/ppl/m/scit' undefined
(Font)              using `T1/ppl/m/sc' instead on input line 14.

[10]

LaTeX Font Warning: Font shape `T1/ppl/m/scit' undefined
(Font)              using `T1/ppl/m/sc' instead on input line 17.


LaTeX Font Warning: Font shape `T1/ppl/m/scit' undefined
(Font)              using `T1/ppl/m/sc' instead on input line 27.


Package natbib Warning: Citation `barles1991' on page 11 undefined on input lin
e 33.


Package natbib Warning: Citation `crandall1992' on page 11 undefined on input l
ine 33.

[11]

LaTeX Font Warning: Font shape `T1/ppl/m/scit' undefined
(Font)              using `T1/ppl/m/sc' instead on input line 35.


LaTeX Font Warning: Font shape `T1/ppl/m/scit' undefined
(Font)              using `T1/ppl/m/sc' instead on input line 43.


LaTeX Warning: Reference `eq:spike' on page 12 undefined on input line 53.

[12]

LaTeX Font Warning: Font shape `T1/ppl/m/scit' undefined
(Font)              using `T1/ppl/m/sc' instead on input line 56.


LaTeX Font Warning: Font shape `T1/ppl/m/scit' undefined
(Font)              using `T1/ppl/m/sc' instead on input line 57.


LaTeX Warning: Reference `prop:r9guard' on page 13 undefined on input line 57.


LaTeX Font Warning: Font shape `T1/ppl/m/scit' undefined
(Font)              using `T1/ppl/m/sc' instead on input line 60.


LaTeX Warning: Reference `thm:r9cover' on page 13 undefined on input line 60.


LaTeX Warning: Reference `eq:r9mean' on page 13 undefined on input line 65.


LaTeX Warning: Reference `eq:r9coverbound' on page 13 undefined on input line 6
7.

[13]

LaTeX Font Warning: Font shape `T1/ppl/m/scit' undefined
(Font)              using `T1/ppl/m/sc' instead on input line 71.

[14]

LaTeX Font Warning: Font shape `T1/ppl/m/scit' undefined
(Font)              using `T1/ppl/m/sc' instead on input line 88.


LaTeX Warning: Reference `prop:r9capital' on page 15 undefined on input line 88
.


LaTeX Font Warning: Font shape `T1/ppl/m/scit' undefined
(Font)              using `T1/ppl/m/sc' instead on input line 98.

[15]

LaTeX Font Warning: Font shape `T1/ppl/m/scit' undefined
(Font)              using `T1/ppl/m/sc' instead on input line 103.


LaTeX Font Warning: Font shape `T1/ppl/m/scit' undefined
(Font)              using `T1/ppl/m/sc' instead on input line 104.

[16]

LaTeX Font Warning: Font shape `T1/ppl/m/scit' undefined
(Font)              using `T1/ppl/m/sc' instead on input line 122.


LaTeX Warning: Reference `prop:r11transfer' on page 17 undefined on input line 
123.


Underfull \vbox (badness 10000) has occurred while \output is active [17]

LaTeX Font Warning: Font shape `T1/ppl/m/scit' undefined
(Font)              using `T1/ppl/m/sc' instead on input line 141.

[18]

LaTeX Font Warning: Font shape `T1/ppl/m/scit' undefined
(Font)              using `T1/ppl/m/sc' instead on input line 151.

[19]

LaTeX Font Warning: Font shape `T1/ppl/m/scit' undefined
(Font)              using `T1/ppl/m/sc' instead on input line 168.

[20] [21]

LaTeX Warning: Reference `eq:r14economiccostate' on page 22 undefined on input 
line 265.


LaTeX Warning: Reference `eq:r14costateresidual' on page 22 undefined on input 
line 295.

) (./revisions/2026-10-04-r15/manuscript/appendix_capital_accounts.tex [22]

LaTeX Font Warning: Font shape `T1/ppl/m/scit' undefined
(Font)              using `T1/ppl/m/sc' instead on input line 12.

[23]

LaTeX Warning: Reference `app:r10proof' on page 24 undefined on input line 46.


LaTeX Font Warning: Font shape `T1/ppl/m/scit' undefined
(Font)              using `T1/ppl/m/sc' instead on input line 49.

[24]

LaTeX Font Warning: Font shape `T1/ppl/m/scit' undefined
(Font)              using `T1/ppl/m/sc' instead on input line 54.


LaTeX Font Warning: Font shape `T1/ppl/m/scit' undefined
(Font)              using `T1/ppl/m/sc' instead on input line 57.


LaTeX Font Warning: Font shape `T1/ppl/m/scit' undefined
(Font)              using `T1/ppl/m/sc' instead on input line 77.

[25]

LaTeX Font Warning: Font shape `T1/ppl/m/scit' undefined
(Font)              using `T1/ppl/m/sc' instead on input line 98.


LaTeX Warning: Reference `eq:r10loglemma' on page 26 undefined on input line 11
2.


LaTeX Warning: Reference `eq:r10stability' on page 26 undefined on input line 1
15.


LaTeX Warning: Reference `eq:r10moment' on page 26 undefined on input line 115.



LaTeX Warning: Reference `eq:r10anchorbound' on page 26 undefined on input line
 122.

[26]

LaTeX Warning: Reference `eq:r10identity' on page 27 undefined on input line 12
4.


LaTeX Warning: Reference `eq:r10logupper' on page 27 undefined on input line 12
4.


LaTeX Warning: Reference `eq:r10stability' on page 27 undefined on input line 1
32.


LaTeX Warning: Reference `eq:r10anchorbound' on page 27 undefined on input line
 132.


LaTeX Warning: Reference `eq:r10neuralbound' on page 27 undefined on input line
 132.


LaTeX Font Warning: Font shape `T1/ppl/m/scit' undefined
(Font)              using `T1/ppl/m/sc' instead on input line 134.


LaTeX Font Warning: Font shape `T1/ppl/m/scit' undefined
(Font)              using `T1/ppl/m/sc' instead on input line 142.

[27]

LaTeX Warning: Reference `eq:r10Q' on page 28 undefined on input line 150.


LaTeX Warning: Reference `app:r11proofs' on page 28 undefined on input line 180
.

[28]

LaTeX Font Warning: Font shape `T1/ppl/m/scit' undefined
(Font)              using `T1/ppl/m/sc' instead on input line 182.


LaTeX Font Warning: Font shape `T1/ppl/m/scit' undefined
(Font)              using `T1/ppl/m/sc' instead on input line 197.


LaTeX Font Warning: Font shape `T1/ppl/m/scit' undefined
(Font)              using `T1/ppl/m/sc' instead on input line 200.

[29]

LaTeX Warning: Reference `eq:r11strong' on page 30 undefined on input line 235.


[30]

LaTeX Warning: Reference `eq:r11bias' on page 31 undefined on input line 257.


LaTeX Warning: Reference `prop:r11transfer' on page 31 undefined on input line 
257.


LaTeX Font Warning: Font shape `T1/ppl/m/scit' undefined
(Font)              using `T1/ppl/m/sc' instead on input line 259.

[31]

LaTeX Font Warning: Font shape `T1/ppl/m/scit' undefined
(Font)              using `T1/ppl/m/sc' instead on input line 274.


Underfull \vbox (badness 1297) has occurred while \output is active [32]
Underfull \hbox (badness 922) in paragraph at lines 294--295
[]\T1/ppl/m/up/12 (+20) The sam-pling con-tract is ideal in-de-pen-dent standar
d-normal in-no-va-tions

LaTeX Font Warning: Font shape `T1/ppl/m/scit' undefined
(Font)              using `T1/ppl/m/sc' instead on input line 296.

[33]

LaTeX Font Warning: Font shape `T1/ppl/m/scit' undefined
(Font)              using `T1/ppl/m/sc' instead on input line 331.


Package natbib Warning: Citation `maurer2009' on page 34 undefined on input lin
e 332.


Underfull \vbox (badness 1688) has occurred while \output is active [34])
(./revisions/2026-10-04-r15/manuscript/new_proofs.tex

LaTeX Font Warning: Font shape `T1/ppl/m/scit' undefined
(Font)              using `T1/ppl/m/sc' instead on input line 9.

[35]

LaTeX Font Warning: Font shape `T1/ppl/m/scit' undefined
(Font)              using `T1/ppl/m/sc' instead on input line 45.

[36]

LaTeX Font Warning: Font shape `T1/ppl/m/scit' undefined
(Font)              using `T1/ppl/m/sc' instead on input line 84.


LaTeX Warning: Reference `eq:r15adjoint' on page 37 undefined on input line 104
.

[37]

LaTeX Font Warning: Font shape `T1/ppl/m/scit' undefined
(Font)              using `T1/ppl/m/sc' instead on input line 145.

[38]

LaTeX Warning: Reference `eq:r15costaterange' on page 39 undefined on input lin
e 187.


LaTeX Warning: Reference `eq:r15eclip' on page 39 undefined on input line 188.


LaTeX Warning: Reference `eq:r15etail' on page 39 undefined on input line 227.


LaTeX Warning: Reference `eq:r15eclip' on page 39 undefined on input line 229.

[39]

LaTeX Font Warning: Font shape `T1/ppl/m/scit' undefined
(Font)              using `T1/ppl/m/sc' instead on input line 264.


Package natbib Warning: Citation `maurer2009' on page 40 undefined on input lin
e 279.

[40]

LaTeX Warning: Reference `eq:r15costaterange' on page 41 undefined on input lin
e 302.

[41]

LaTeX Warning: Reference `eq:r15adjointarithmetic' on page 42 undefined on inpu
t line 374.

[42] [43]

LaTeX Warning: Reference `prop:r11transfer' on page 44 undefined on input line 
437.

) (./revisions/2026-10-04-r15/manuscript/paired_transfer.tex

LaTeX Font Warning: Font shape `T1/ppl/m/scit' undefined
(Font)              using `T1/ppl/m/sc' instead on input line 12.

[44]

LaTeX Warning: Reference `eq:r15pairedidealstatistic' on page 45 undefined on i
nput line 82.


LaTeX Warning: Reference `eq:r15pairedidealstatistic' on page 45 undefined on i
nput line 86.


LaTeX Font Warning: Font shape `T1/ppl/m/scit' undefined
(Font)              using `T1/ppl/m/sc' instead on input line 90.

[45]

LaTeX Warning: Reference `eq:r15pairedscalargradient' on page 46 undefined on i
nput line 123.

[46]

LaTeX Warning: Reference `eq:r15pairedtube' on page 47 undefined on input line 
182.

(/usr/share/texlive/texmf-dist/tex/latex/microtype/mt-euf.cfg) [47]

LaTeX Font Warning: Font shape `T1/ppl/m/scit' undefined
(Font)              using `T1/ppl/m/sc' instead on input line 224.


LaTeX Warning: Reference `prop:r15pairedtransfer' on page 48 undefined on input
 line 224.

[48]

LaTeX Warning: Reference `eq:r15pairedcoefficients' on page 49 undefined on inp
ut line 283.

[49]

LaTeX Warning: Reference `eq:r15pairedgeneratorbounds' on page 50 undefined on 
input line 339.


LaTeX Warning: Reference `eq:r15pairedhsmatrix' on page 50 undefined on input l
ine 340.

[50]

LaTeX Warning: Reference `eq:r15paireddistance' on page 51 undefined on input l
ine 369.


LaTeX Warning: Reference `eq:r15pairedsingleerror' on page 51 undefined on inpu
t line 370.


LaTeX Warning: Reference `eq:r15pairedidealbound' on page 51 undefined on input
 line 386.


LaTeX Warning: Reference `eq:r15pairedidealbound' on page 51 undefined on input
 line 401.

[51]

LaTeX Warning: Reference `eq:r15pairedidealbound' on page 52 undefined on input
 line 427.


LaTeX Warning: Reference `eq:r15pairedidealclaim' on page 52 undefined on input
 line 428.


LaTeX Warning: Reference `eq:r15pairedimplementedbound' on page 52 undefined on
 input line 445.


LaTeX Warning: Reference `eq:r15pairedimplementedclaim' on page 52 undefined on
 input line 453.


LaTeX Font Warning: Font shape `T1/ppl/m/scit' undefined
(Font)              using `T1/ppl/m/sc' instead on input line 455.

[52]

LaTeX Warning: Reference `eq:r15pairedrecursion' on page 53 undefined on input 
line 485.

[53]

LaTeX Warning: Reference `eq:r15pairedimplementedclaim' on page 54 undefined on
 input line 506.

) (./revisions/2026-10-04-r15/manuscript/method_inference_proof.tex

LaTeX Font Warning: Font shape `T1/ppl/m/scit' undefined
(Font)              using `T1/ppl/m/sc' instead on input line 1.


Package natbib Warning: Citation `maurer2009' on page 54 undefined on input lin
e 9.

) (./revisions/2026-10-04-r15/manuscript/appendix_applications.tex [54]

LaTeX Font Warning: Font shape `T1/ppl/m/scit' undefined
(Font)              using `T1/ppl/m/sc' instead on input line 4.


LaTeX Font Warning: Font shape `T1/ppl/m/scit' undefined
(Font)              using `T1/ppl/m/sc' instead on input line 23.

[55]

LaTeX Warning: Reference `tab:portfolio' on page 56 undefined on input line 41.



LaTeX Font Warning: Font shape `T1/ppl/m/scit' undefined
(Font)              using `T1/ppl/m/sc' instead on input line 43.


Underfull \vbox (badness 10000) has occurred while \output is active [56]

Package natbib Warning: Citation `herdegen2021' on page 57 undefined on input l
ine 52.


LaTeX Font Warning: Font shape `T1/ppl/m/scit' undefined
(Font)              using `T1/ppl/m/sc' instead on input line 67.


LaTeX Warning: Reference `eq:ezcandidate' on page 57 undefined on input line 68
.

[57]

Package natbib Warning: Citation `herdegen2021' on page 58 undefined on input l
ine 72.


LaTeX Font Warning: Font shape `T1/ppl/m/scit' undefined
(Font)              using `T1/ppl/m/sc' instead on input line 76.


LaTeX Warning: Reference `tab:portfolio' on page 58 undefined on input line 77.



LaTeX Font Warning: Font shape `T1/ppl/m/scit' undefined
(Font)              using `T1/ppl/m/sc' instead on input line 79.

[58]

LaTeX Font Warning: Font shape `T1/ppl/m/scit' undefined
(Font)              using `T1/ppl/m/sc' instead on input line 88.

[59]

LaTeX Font Warning: Font shape `T1/ppl/m/scit' undefined
(Font)              using `T1/ppl/m/sc' instead on input line 113.


LaTeX Warning: Reference `eq:ndutheta' on page 60 undefined on input line 132.

[60]

LaTeX Warning: Reference `eq:ndupi' on page 61 undefined on input line 136.


LaTeX Font Warning: Font shape `T1/ppl/m/scit' undefined
(Font)              using `T1/ppl/m/sc' instead on input line 138.


LaTeX Warning: Reference `sec:ndu-neural' on page 61 undefined on input line 14
1.

[61]

LaTeX Warning: Reference `sec:r9results' on page 62 undefined on input line 145
.


LaTeX Font Warning: Font shape `T1/ppl/m/scit' undefined
(Font)              using `T1/ppl/m/sc' instead on input line 148.

[62] [63]

LaTeX Warning: Reference `prop:r8-envelope' on page 64 undefined on input line 
206.

[64]

Package natbib Warning: Citation `sirignano2018' on page 65 undefined on input 
line 232.

[65]

LaTeX Font Warning: Font shape `T1/ppl/m/scit' undefined
(Font)              using `T1/ppl/m/sc' instead on input line 241.

[66]

LaTeX Warning: Reference `eq:spike' on page 67 undefined on input line 263.


LaTeX Warning: Reference `eq:extended' on page 67 undefined on input line 265.


LaTeX Warning: Reference `eq:spike' on page 67 undefined on input line 265.


LaTeX Font Warning: Font shape `T1/ppl/m/scit' undefined
(Font)              using `T1/ppl/m/sc' instead on input line 267.

[67]

LaTeX Font Warning: Font shape `T1/ppl/m/scit' undefined
(Font)              using `T1/ppl/m/sc' instead on input line 277.


LaTeX Font Warning: Font shape `T1/ppl/m/scit' undefined
(Font)              using `T1/ppl/m/sc' instead on input line 295.

[68]

LaTeX Font Warning: Font shape `T1/ppl/m/scit' undefined
(Font)              using `T1/ppl/m/sc' instead on input line 307.


LaTeX Warning: Reference `sec:dynamic-computation' on page 69 undefined on inpu
t line 310.

[69]

LaTeX Font Warning: Font shape `T1/ppl/m/scit' undefined
(Font)              using `T1/ppl/m/sc' instead on input line 314.

[70]

LaTeX Font Warning: Font shape `T1/ppl/m/scit' undefined
(Font)              using `T1/ppl/m/sc' instead on input line 367.


Underfull \vbox (badness 1406) has occurred while \output is active [71]
[72]

LaTeX Font Warning: Font shape `T1/ppl/m/scit' undefined
(Font)              using `T1/ppl/m/sc' instead on input line 388.

[73]

LaTeX Font Warning: Font shape `T1/ppl/m/scit' undefined
(Font)              using `T1/ppl/m/sc' instead on input line 430.

[74] [75]

LaTeX Font Warning: Font shape `T1/ppl/m/scit' undefined
(Font)              using `T1/ppl/m/sc' instead on input line 463.

[76]
Underfull \vbox (badness 2134) has occurred while \output is active [77]

LaTeX Font Warning: Font shape `T1/ppl/m/scit' undefined
(Font)              using `T1/ppl/m/sc' instead on input line 491.


LaTeX Font Warning: Font shape `T1/ppl/m/scit' undefined
(Font)              using `T1/ppl/m/sc' instead on input line 494.

[78]

LaTeX Font Warning: Font shape `T1/ppl/m/scit' undefined
(Font)              using `T1/ppl/m/sc' instead on input line 516.


Underfull \vbox (badness 10000) has occurred while \output is active [79]
[80]

LaTeX Font Warning: Font shape `T1/ppl/m/scit' undefined
(Font)              using `T1/ppl/m/sc' instead on input line 543.


LaTeX Font Warning: Font shape `T1/ppl/m/scit' undefined
(Font)              using `T1/ppl/m/sc' instead on input line 546.


LaTeX Warning: Reference `tab:r9common' on page 81 undefined on input line 574.


[81]

LaTeX Warning: Reference `tab:r9matched' on page 82 undefined on input line 576
.


LaTeX Font Warning: Font shape `T1/ppl/m/scit' undefined
(Font)              using `T1/ppl/m/sc' instead on input line 599.


LaTeX Warning: Reference `app:r15index' on page 82 undefined on input line 600.


[82]

LaTeX Warning: Reference `eq:r9guard' on page 83 undefined on input line 602.


Underfull \vbox (badness 1067) has occurred while \output is active [83]

LaTeX Font Warning: Font shape `T1/ppl/m/scit' undefined
(Font)              using `T1/ppl/m/sc' instead on input line 626.


LaTeX Warning: Reference `tab:r9welfare' on page 84 undefined on input line 629
.

[84]

LaTeX Font Warning: Font shape `T1/ppl/m/scit' undefined
(Font)              using `T1/ppl/m/sc' instead on input line 656.

[85]

LaTeX Warning: Reference `tab:r9capital' on page 86 undefined on input line 686
.


LaTeX Font Warning: Font shape `T1/ppl/m/scit' undefined
(Font)              using `T1/ppl/m/sc' instead on input line 711.


LaTeX Font Warning: Font shape `T1/ppl/m/scit' undefined
(Font)              using `T1/ppl/m/sc' instead on input line 712.

[86]

LaTeX Font Warning: Font shape `T1/ppl/m/scit' undefined
(Font)              using `T1/ppl/m/sc' instead on input line 721.


Underfull \vbox (badness 4967) has occurred while \output is active [87]

LaTeX Font Warning: Font shape `T1/ppl/m/scit' undefined
(Font)              using `T1/ppl/m/sc' instead on input line 730.


LaTeX Font Warning: Font shape `T1/ppl/m/scit' undefined
(Font)              using `T1/ppl/m/sc' instead on input line 731.

[88]

LaTeX Font Warning: Font shape `T1/ppl/m/scit' undefined
(Font)              using `T1/ppl/m/sc' instead on input line 742.

[89]

LaTeX Font Warning: Font shape `T1/ppl/m/scit' undefined
(Font)              using `T1/ppl/m/sc' instead on input line 749.


LaTeX Font Warning: Font shape `T1/ppl/m/scit' undefined
(Font)              using `T1/ppl/m/sc' instead on input line 762.

[90]

LaTeX Font Warning: Font shape `T1/ppl/m/scit' undefined
(Font)              using `T1/ppl/m/sc' instead on input line 770.


LaTeX Font Warning: Font shape `T1/ppl/m/scit' undefined
(Font)              using `T1/ppl/m/sc' instead on input line 773.

[91]

LaTeX Font Warning: Font shape `T1/ppl/m/scit' undefined
(Font)              using `T1/ppl/m/sc' instead on input line 782.

[92]

LaTeX Font Warning: Font shape `T1/ppl/m/scit' undefined
(Font)              using `T1/ppl/m/sc' instead on input line 796.


LaTeX Font Warning: Font shape `T1/ppl/m/scit' undefined
(Font)              using `T1/ppl/m/sc' instead on input line 799.


Underfull \vbox (badness 10000) has occurred while \output is active [93]
[94]

Package longtable Warning: Column widths have changed
(longtable)                in table F.XIV on input line 848.


LaTeX Font Warning: Font shape `T1/ppl/m/scit' undefined
(Font)              using `T1/ppl/m/sc' instead on input line 853.


Underfull \vbox (badness 10000) has occurred while \output is active [95]
[96]

LaTeX Font Warning: Font shape `T1/ppl/m/scit' undefined
(Font)              using `T1/ppl/m/sc' instead on input line 877.


Package longtable Warning: Column widths have changed
(longtable)                in table F.XVI on input line 926.

[97]
Underfull \vbox (badness 7433) has occurred while \output is active [98]

LaTeX Font Warning: Font shape `T1/ppl/m/scit' undefined
(Font)              using `T1/ppl/m/sc' instead on input line 971.


LaTeX Warning: Reference `app:r15index' on page 99 undefined on input line 977.


) (./revisions/2026-10-04-r15/manuscript/appendix_implementation.tex [99]
[100]

LaTeX Font Warning: Font shape `T1/ppl/m/scit' undefined
(Font)              using `T1/ppl/m/sc' instead on input line 16.


Underfull \vbox (badness 2932) has occurred while \output is active [101]

LaTeX Font Warning: Font shape `T1/ppl/m/scit' undefined
(Font)              using `T1/ppl/m/sc' instead on input line 27.

[102]

LaTeX Font Warning: Font shape `T1/ppl/m/scit' undefined
(Font)              using `T1/ppl/m/sc' instead on input line 50.

) (./revisions/2026-10-04-r15/manuscript/appendix_observation.tex [103]

LaTeX Font Warning: Font shape `T1/ppl/m/scit' undefined
(Font)              using `T1/ppl/m/sc' instead on input line 4.


LaTeX Warning: Reference `eq:r12recovery' on page 104 undefined on input line 2
1.

[104]

LaTeX Font Warning: Font shape `T1/ppl/m/scit' undefined
(Font)              using `T1/ppl/m/sc' instead on input line 25.


LaTeX Warning: Reference `thm:r10tube' on page 105 undefined on input line 38.

[105]

LaTeX Warning: Reference `prop:r12observation' on page 106 undefined on input l
ine 73.

[106]

LaTeX Font Warning: Font shape `T1/ppl/m/scit' undefined
(Font)              using `T1/ppl/m/sc' instead on input line 108.


Underfull \vbox (badness 4108) has occurred while \output is active [107]
[108]

LaTeX Font Warning: Font shape `T1/ppl/m/scit' undefined
(Font)              using `T1/ppl/m/sc' instead on input line 216.


LaTeX Font Warning: Font shape `T1/ppl/m/scit' undefined
(Font)              using `T1/ppl/m/sc' instead on input line 217.


LaTeX Warning: Reference `prop:r14sensor' on page 109 undefined on input line 2
17.

[109]

LaTeX Warning: Reference `eq:r14sensorrecursion' on page 110 undefined on input
 line 266.

[110]

LaTeX Warning: Reference `eq:r14sensorpayoff' on page 111 undefined on input li
ne 310.

) (./revisions/2026-10-04-r15/manuscript/appendix_diagnostics.tex

LaTeX Font Warning: Font shape `T1/ppl/m/scit' undefined
(Font)              using `T1/ppl/m/sc' instead on input line 4.


Underfull \vbox (badness 5231) has occurred while \output is active [111]
[112]

LaTeX Warning: Reference `eq:exact-action-r6' on page 113 undefined on input li
ne 39.


LaTeX Font Warning: Font shape `T1/ppl/m/scit' undefined
(Font)              using `T1/ppl/m/sc' instead on input line 48.

[113]
Underfull \vbox (badness 4048) has occurred while \output is active [114]

LaTeX Font Warning: Font shape `T1/ppl/m/scit' undefined
(Font)              using `T1/ppl/m/sc' instead on input line 75.


LaTeX Font Warning: Font shape `T1/ppl/m/scit' undefined
(Font)              using `T1/ppl/m/sc' instead on input line 78.

[115] [116] [117] [118] [119] [120]

LaTeX Font Warning: Font shape `T1/ppl/m/scit' undefined
(Font)              using `T1/ppl/m/sc' instead on input line 298.


Package longtable Warning: Column widths have changed
(longtable)                in table I.IV on input line 330.

) (./revisions/2026-10-04-r15/manuscript/experiment_supplement.tex
(./revisions/2026-10-04-r15/results/publication_tables/table_method_seed_endpoi
nts.tex [121] [122] [123] [124] [125] [126] [127]

Package longtable Warning: Column widths have changed
(longtable)                in table J.I on input line 237.

)
(./revisions/2026-10-04-r15/results/experiment/report/table_method_checkpoint_p
rogress.tex
Underfull \hbox (badness 10000) in paragraph at lines 238--2


Underfull \vbox (badness 10000) has occurred while \output is active [128]

Package longtable Warning: Column widths have changed
(longtable)                in table J.II on input line 37.

)) (./revisions/2026-10-04-r15/manuscript/mechanism_supplement.tex
Underfull \vbox (badness 10000) has occurred while \output is active [129]
(./revisions/2026-10-04-r15/results/mechanism/report/table_mechanism_full.tex)
(./revisions/2026-10-04-r15/results/mechanism/report/table_mechanism_work.tex))
(./revisions/2026-10-04-r15/manuscript/scalar_algebraic_enclosure.tex
Underfull \vbox (badness 10000) has occurred while \output is active [130]
[131]

LaTeX Warning: Reference `eq:r15-scalar-discrete-residual' on page 132 undefine
d on input line 57.

[132]

LaTeX Warning: Reference `eq:r15-scalar-algebraic-bound' on page 133 undefined 
on input line 115.


LaTeX Warning: Reference `prop:r15scalarresidual' on page 133 undefined on inpu
t line 126.

[133]) (./revisions/2026-10-04-r15/manuscript/scalar_supplement.tex
(./revisions/2026-10-04-r15/results/scalar_report/scalar_complete_tables.tex
(./revisions/2026-10-04-r15/results/scalar_report/table_scalar_all_meshes.tex

Package longtable Warning: Column widths have changed
(longtable)                in table M.I on input line 35.

[134])
(./revisions/2026-10-04-r15/results/scalar_report/table_scalar_refinement.tex)
(./revisions/2026-10-04-r15/results/scalar_report/table_scalar_time_refinement.
tex)
(./revisions/2026-10-04-r15/results/scalar_report/table_scalar_all_pairs.tex
[135]

Package longtable Warning: Column widths have changed
(longtable)                in table M.IV on input line 123.

[136] [137] [138])))
(./revisions/2026-10-04-r15/manuscript/observation_supplement.tex
Underfull \vbox (badness 10000) has occurred while \output is active [139]

LaTeX Font Warning: Font shape `T1/ppl/m/scit' undefined
(Font)              using `T1/ppl/m/sc' instead on input line 1.

(./revisions/2026-10-04-r15/manuscript/table_observation_full.tex)
(./revisions/2026-10-04-r15/manuscript/table_observation_work.tex))
(./revisions/2026-10-04-r15/manuscript/paired_comparison_supplement.tex
(./revisions/2026-10-04-r15/results/paired_transfer/paired_transfer_supplement.
tex [140]

Package longtable Warning: Column widths have changed
(longtable)                in table M.VII on input line 109.

[141] [142] [143])) (./revisions/2026-10-04-r15/manuscript/archive_index.tex)
No file supp.bbl.
[144]

Package natbib Warning: There were undefined citations.


Package longtable Warning: Table widths have changed. Rerun LaTeX.

[145] (revisions/2026-10-04-r15/build/supp.aux)

LaTeX Font Warning: Some font shapes were not available, defaults substituted.


LaTeX Warning: There were undefined references.


LaTeX Warning: Label(s) may have changed. Rerun to get cross-references right.


Package rerunfilecheck Warning: File `supp.out' has changed.
(rerunfilecheck)                Rerun to get outlines right
(rerunfilecheck)                or use package `bookmark'.

 )
(see the transcript file for additional information)</usr/share/texlive/texmf-d
ist/fonts/type1/public/amsfonts/cm/cmbx12.pfb></usr/share/texlive/texmf-dist/fo
nts/type1/public/amsfonts/cm/cmex10.pfb></usr/share/texlive/texmf-dist/fonts/ty
pe1/public/amsfonts/cm/cmmi10.pfb></usr/share/texlive/texmf-dist/fonts/type1/pu
blic/amsfonts/cm/cmr10.pfb></usr/share/texlive/texmf-dist/fonts/type1/public/am
sfonts/cm/cmsy10.pfb></usr/share/texlive/texmf-dist/fonts/type1/public/amsfonts
/euler/eufm10.pfb></usr/share/texlive/texmf-dist/fonts/type1/public/mathpazo/fp
lmbb.pfb></usr/share/texlive/texmf-dist/fonts/type1/public/mathpazo/fplmr.pfb><
/usr/share/texlive/texmf-dist/fonts/type1/public/mathpazo/fplmri.pfb></usr/shar
e/texlive/texmf-dist/fonts/type1/public/amsfonts/symbols/msam10.pfb></usr/share
/texlive/texmf-dist/fonts/type1/urw/courier/ucrr8a.pfb></usr/share/texlive/texm
f-dist/fonts/type1/urw/palatino/uplb8a.pfb></usr/share/texlive/texmf-dist/fonts
/type1/urw/palatino/uplr8a.pfb></usr/share/texlive/texmf-dist/fonts/type1/urw/p
alatino/uplri8a.pfb>
Output written on revisions/2026-10-04-r15/build/supp.pdf (145 pages, 602703 by
tes).
Transcript written on revisions/2026-10-04-r15/build/supp.log.
