primitive_d10_anchor_risk0_NBO-primitive certified 0.4347207879999999
primitive_d10_anchor_risk0_structural certified 0.16649751100000287
primitive_d10_technology_risk0_NBO-primitive certified 0.4610204779999947
primitive_d10_technology_risk0_structural certified 0.16525041399999907
primitive_d10_valuation_risk0_NBO-primitive certified 0.4463008049999999
primitive_d10_valuation_risk0_structural certified 0.16689171299999828
primitive_d50_anchor_risk0_NBO-primitive certified 1.0929206039999997
primitive_d50_anchor_risk0_structural certified 0.380816523
primitive_d50_technology_risk0_NBO-primitive certified 1.1417722270000041
primitive_d50_technology_risk0_structural certified 0.3786441770000053
primitive_d50_valuation_risk0_NBO-primitive certified 1.1029652969999972
primitive_d50_valuation_risk0_structural certified 0.3739622419999975
entropic_d10_anchor_risk0_NBO certified 0.23920119400000317
entropic_d10_anchor_risk0_structural certified 0.12074906800000207
entropic_d10_anchor_risk2_NBO certified 0.2902795729999994
entropic_d10_anchor_risk2_structural certified 0.19511702799999853
entropic_d10_anchor_risk4_NBO certified 0.31559504599999855
entropic_d10_anchor_risk4_structural certified 0.15624012199999981
entropic_d10_technology_risk0_NBO certified 0.25585134899999673
entropic_d10_technology_risk0_structural certified 0.298407785000002
entropic_d10_technology_risk2_NBO certified 0.7330928179999958
entropic_d10_technology_risk2_structural certified 0.15697061699999892
entropic_d10_technology_risk4_NBO certified 0.29108374500000167
entropic_d10_technology_risk4_structural certified 0.15525960700000496
entropic_d10_valuation_risk0_NBO certified 0.23022942899999777
entropic_d10_valuation_risk0_structural certified 0.11413391800000028
entropic_d10_valuation_risk2_NBO certified 0.2811361439999942
entropic_d10_valuation_risk2_structural certified 0.1560050400000037
entropic_d10_valuation_risk4_NBO certified 0.29304435499999926
entropic_d10_valuation_risk4_structural certified 0.15634343400000006
entropic_d50_anchor_risk0_NBO certified 0.5356675120000034
entropic_d50_anchor_risk0_structural certified 0.25984791099999427
entropic_d50_anchor_risk2_NBO certified 0.6217489530000009
entropic_d50_anchor_risk2_structural certified 0.326722929000006
entropic_d50_anchor_risk4_NBO failed 0.5711924330000002
entropic_d50_anchor_risk4_structural failed 0.2690032969999976
entropic_d50_technology_risk0_NBO certified 0.535793175000002
entropic_d50_technology_risk0_structural certified 0.26276367699999525
entropic_d50_technology_risk2_NBO certified 0.6255166830000007
entropic_d50_technology_risk2_structural certified 0.32513717299999456
entropic_d50_technology_risk4_NBO failed 0.5572394870000039
entropic_d50_technology_risk4_structural failed 0.25196593600000483
entropic_d50_valuation_risk0_NBO certified 0.5214358150000038
entropic_d50_valuation_risk0_structural certified 0.2535728309999996
entropic_d50_valuation_risk2_NBO certified 0.6185694740000045
entropic_d50_valuation_risk2_structural certified 0.3285518910000036
entropic_d50_valuation_risk4_NBO failed 0.5521310009999993
entropic_d50_valuation_risk4_structural failed 0.2538149350000012
{
  "services": 48,
  "certified": 42,
  "failed": 6,
  "uncertified": 0,
  "service_seconds_sum": 18.42117816400001,
  "execution_loop_seconds": 18.463079273000005,
  "provenance": {
    "python": "3.12.14",
    "numpy": "2.3.5",
    "platform": "Linux-6.8.0-1064-azure-x86_64-with-glibc2.35",
    "threads": 1,
    "protocol_sha256": "c47389f51276269586d41c316be525cc498a781e3009d2c4cd51323a788c81b9",
    "frozen_source_commit": "dafda38bc1d06b589e1b3614a2b14b5cf7eabf78",
    "run_id": "37415691774",
    "started_ns": 1791262636628961604
  },
  "scope": "Deterministic success and operation/check counts over the entire declared catalogue, together with an explicit real-arithmetic primitive-only upper work account. Measured clocks describe these executions, not population expected runtimes."
}
