Rc files read:
  /etc/LatexMk
Latexmk: This is Latexmk, John Collins, 31 Jan. 2024. Version 4.83.
No existing .aux file, so I'll make a simple one, and require run of *latex.
Latexmk: applying rule 'pdflatex'...
Rule 'pdflatex':  Reasons for rerun
Category 'other':
  Rerun of 'pdflatex' forced or previously required:
    Reason or flag: 'Initial setup'

------------
Run number 1 of rule 'pdflatex'
------------
------------
Running 'pdflatex  -interaction=nonstopmode -halt-on-error -recorder -output-directory="revisions/2026-09-23-r26/build"  "SUPP_R26.tex"'
------------
This is pdfTeX, Version 3.141592653-2.6-1.40.25 (TeX Live 2023/Debian) (preloaded format=pdflatex)
 restricted \write18 enabled.
entering extended mode
(./SUPP_R26.tex
LaTeX2e <2023-11-01> patch level 1
L3 programming layer <2024-01-22>
(./revisions/2026-09-23-r26/paper/preamble.tex (./econsocart.cls
Document Class: econsocart 2022/11/21 v1.4.1, The Econometric Society Journals
(/usr/share/texlive/texmf-dist/tex/latex/etoolbox/etoolbox.sty)
(./econsocart.cfg) (/usr/share/texlive/texmf-dist/tex/latex/base/fix-cm.sty
(/usr/share/texlive/texmf-dist/tex/latex/base/ts1enc.def))
(/usr/share/texlive/texmf-dist/tex/latex/graphics/graphicx.sty
(/usr/share/texlive/texmf-dist/tex/latex/graphics/keyval.sty)
(/usr/share/texlive/texmf-dist/tex/latex/graphics/graphics.sty
(/usr/share/texlive/texmf-dist/tex/latex/graphics/trig.sty)
(/usr/share/texlive/texmf-dist/tex/latex/graphics-cfg/graphics.cfg)
(/usr/share/texlive/texmf-dist/tex/latex/graphics-def/pdftex.def)))
(/usr/share/texlive/texmf-dist/tex/latex/base/fontenc.sty)
(/usr/share/texlive/texmf-dist/tex/latex/psnfss/times.sty)
(/usr/share/texlive/texmf-dist/tex/latex/textcase/textcase.sty)
(/usr/share/texlive/texmf-dist/tex/latex/psnfss/helvet.sty)
(/usr/share/texlive/texmf-dist/tex/latex/base/textcomp.sty)
(/usr/share/texlive/texmf-dist/tex/latex/psnfss/t1ptm.fd)
(/usr/share/texlive/texmf-dist/tex/latex/amsfonts/amssymb.sty
(/usr/share/texlive/texmf-dist/tex/latex/amsfonts/amsfonts.sty))
(/usr/share/texlive/texmf-dist/tex/latex/tools/bm.sty)
(/usr/share/texlive/texmf-dist/tex/latex/url/url.sty)
(/usr/share/texlive/texmf-dist/tex/latex/amsmath/amsmath.sty
For additional information on amsmath, use the `?' option.
(/usr/share/texlive/texmf-dist/tex/latex/amsmath/amstext.sty
(/usr/share/texlive/texmf-dist/tex/latex/amsmath/amsgen.sty))
(/usr/share/texlive/texmf-dist/tex/latex/amsmath/amsbsy.sty)
(/usr/share/texlive/texmf-dist/tex/latex/amsmath/amsopn.sty))
(/usr/share/texlive/texmf-dist/tex/latex/amscls/amsthm.sty)
(/usr/share/texlive/texmf-dist/tex/latex/natbib/natbib.sty))
(/usr/share/texlive/texmf-dist/tex/latex/booktabs/booktabs.sty)
(/usr/share/texlive/texmf-dist/tex/latex/tools/tabularx.sty
(/usr/share/texlive/texmf-dist/tex/latex/tools/array.sty))
(/usr/share/texlive/texmf-dist/tex/latex/microtype/microtype.sty
(/usr/share/texlive/texmf-dist/tex/latex/microtype/microtype-pdftex.def)
(/usr/share/texlive/texmf-dist/tex/latex/microtype/microtype.cfg))
(/usr/share/texlive/texmf-dist/tex/latex/tools/longtable.sty)
(/usr/share/texlive/texmf-dist/tex/latex/hyperref/hyperref.sty
(/usr/share/texlive/texmf-dist/tex/generic/iftex/iftex.sty)
(/usr/share/texlive/texmf-dist/tex/latex/kvsetkeys/kvsetkeys.sty)
(/usr/share/texlive/texmf-dist/tex/generic/kvdefinekeys/kvdefinekeys.sty)
(/usr/share/texlive/texmf-dist/tex/generic/pdfescape/pdfescape.sty
(/usr/share/texlive/texmf-dist/tex/generic/ltxcmds/ltxcmds.sty)
(/usr/share/texlive/texmf-dist/tex/generic/pdftexcmds/pdftexcmds.sty
(/usr/share/texlive/texmf-dist/tex/generic/infwarerr/infwarerr.sty)))
(/usr/share/texlive/texmf-dist/tex/latex/hycolor/hycolor.sty)
(/usr/share/texlive/texmf-dist/tex/latex/auxhook/auxhook.sty)
(/usr/share/texlive/texmf-dist/tex/latex/hyperref/nameref.sty
(/usr/share/texlive/texmf-dist/tex/latex/refcount/refcount.sty)
(/usr/share/texlive/texmf-dist/tex/generic/gettitlestring/gettitlestring.sty
(/usr/share/texlive/texmf-dist/tex/latex/kvoptions/kvoptions.sty)))
(/usr/share/texlive/texmf-dist/tex/latex/hyperref/pd1enc.def)
(/usr/share/texlive/texmf-dist/tex/generic/intcalc/intcalc.sty)
(/usr/share/texlive/texmf-dist/tex/latex/hyperref/puenc.def)
(/usr/share/texlive/texmf-dist/tex/generic/bitset/bitset.sty
(/usr/share/texlive/texmf-dist/tex/generic/bigintcalc/bigintcalc.sty))
(/usr/share/texlive/texmf-dist/tex/latex/base/atbegshi-ltx.sty))
(/usr/share/texlive/texmf-dist/tex/latex/hyperref/hpdftex.def
(/usr/share/texlive/texmf-dist/tex/latex/base/atveryend-ltx.sty)
(/usr/share/texlive/texmf-dist/tex/latex/rerunfilecheck/rerunfilecheck.sty
(/usr/share/texlive/texmf-dist/tex/generic/uniquecounter/uniquecounter.sty)))
(/usr/share/texlive/texmf-dist/tex/latex/xurl/xurl.sty))
(/usr/share/texlive/texmf-dist/tex/latex/pdfpages/pdfpages.sty
(/usr/share/texlive/texmf-dist/tex/latex/base/ifthen.sty)
(/usr/share/texlive/texmf-dist/tex/latex/tools/calc.sty)
(/usr/share/texlive/texmf-dist/tex/latex/eso-pic/eso-pic.sty
(/usr/share/texlive/texmf-dist/tex/latex/xcolor/xcolor.sty
(/usr/share/texlive/texmf-dist/tex/latex/graphics-cfg/color.cfg)
(/usr/share/texlive/texmf-dist/tex/latex/graphics/mathcolor.ltx)))
(/usr/share/texlive/texmf-dist/tex/latex/pdfpages/pppdftex.def))
(/usr/share/texlive/texmf-dist/tex/latex/hyperref/backref.sty)
(/usr/share/texlive/texmf-dist/tex/latex/l3backend/l3backend-pdftex.def)
(revisions/2026-09-23-r26/build/SUPP_R26.aux)
(/usr/share/texlive/texmf-dist/tex/context/base/mkii/supp-pdf.mkii
[Loading MPS to PDF converter (version 2006.09.02).]
) (/usr/share/texlive/texmf-dist/tex/latex/epstopdf-pkg/epstopdf-base.sty
(/usr/share/texlive/texmf-dist/tex/latex/latexconfig/epstopdf-sys.cfg))
(/usr/share/texlive/texmf-dist/tex/latex/microtype/mt-ptm.cfg)
(/usr/share/texlive/texmf-dist/tex/latex/pdflscape/pdflscape.sty
(/usr/share/texlive/texmf-dist/tex/latex/pdflscape/pdflscape-nometadata.sty
(/usr/share/texlive/texmf-dist/tex/latex/graphics/lscape.sty)))
(./revisions/2026-09-23-r26/paper/supplement.tex
(/usr/share/texlive/texmf-dist/tex/latex/microtype/mt-cmr.cfg)
(/usr/share/texlive/texmf-dist/tex/latex/amsfonts/umsa.fd)
(/usr/share/texlive/texmf-dist/tex/latex/microtype/mt-msa.cfg)
(/usr/share/texlive/texmf-dist/tex/latex/amsfonts/umsb.fd)
(/usr/share/texlive/texmf-dist/tex/latex/microtype/mt-msb.cfg)
(/usr/share/texlive/texmf-dist/tex/latex/psnfss/t1pcr.fd)
Underfull \hbox (badness 2334) in paragraph at lines 4--5
\T1/ptm/m/n/10.5 (+20) Dur-ing this re-vi-sion we found the com-pleted R25 sci-
en-tific ex-per-i-ment, frozen at

Underfull \hbox (badness 2261) in paragraph at lines 4--5
\T1/pcr/m/n/10.5 c78d934c0b3b8d346a40c7ddcaf415e167462265\T1/ptm/m/n/10.5 (+20)
 . Its re-sults are im-ported and

LaTeX Warning: Reference `stab:tuning' on page 1 undefined on input line 7.

(./revisions/2026-09-23-r26/paper/tuning_table.tex)

Package longtable Warning: Column widths have changed
(longtable)                in table I on input line 16.

[1
Non-PDF special ignored!
<special> papersize=487.8225pt,704.63249pt
{/var/lib/texmf/fonts/map/pdftex/updmap/pdftex.map}{/usr/share/texlive/texmf-di
st/fonts/enc/dvips/base/8r.enc}]
(./revisions/2026-09-23-r26/paper/heldout_12_24.tex)

LaTeX Warning: `h' float specifier changed to `ht'.


Underfull \vbox (badness 10000) has occurred while \output is active [2]
(./revisions/2026-09-23-r26/paper/checkpoint_table.tex)

Package longtable Warning: Column widths have changed
(longtable)                in table III on input line 42.

[3] (./revisions/2026-09-23-r26/paper/restart_table.tex)

Package amsmath Warning: Foreign command \atopwithdelims;
(amsmath)                \frac or \genfrac should be used instead
(amsmath)                 on input line 65.

[4] [5]) [6]
Underfull \hbox (badness 1748) in paragraph at lines 13--14
[]\T1/ptm/m/n/10.5 (+20) The fol-low-ing 93 pages are the com-plete ar-ti-cle a
t re-viewed manuscript com-mit

Underfull \hbox (badness 1303) in paragraph at lines 13--14
\T1/pcr/m/n/10.5 14ce582e188f437cc8d99f310edd4f06515936a4\T1/ptm/m/n/10.5 (+20)
 . They are in-cluded as his-tor-i-
[7] [8 <./revisions/2026-09-23-r26/history/ECTA_R24_as_reviewed.pdf>] [9 <./rev
isions/2026-09-23-r26/history/ECTA_R24_as_reviewed.pdf>] [10 <./revisions/2026-
09-23-r26/history/ECTA_R24_as_reviewed.pdf>] [11 <./revisions/2026-09-23-r26/hi
story/ECTA_R24_as_reviewed.pdf>] [12 <./revisions/2026-09-23-r26/history/ECTA_R
24_as_reviewed.pdf>] [13 <./revisions/2026-09-23-r26/history/ECTA_R24_as_review
ed.pdf>] [14 <./revisions/2026-09-23-r26/history/ECTA_R24_as_reviewed.pdf>]
[15 <./revisions/2026-09-23-r26/history/ECTA_R24_as_reviewed.pdf>] [16 <./revis
ions/2026-09-23-r26/history/ECTA_R24_as_reviewed.pdf>] [17 <./revisions/2026-09
-23-r26/history/ECTA_R24_as_reviewed.pdf>] [18 <./revisions/2026-09-23-r26/hist
ory/ECTA_R24_as_reviewed.pdf>] [19 <./revisions/2026-09-23-r26/history/ECTA_R24
_as_reviewed.pdf>] [20 <./revisions/2026-09-23-r26/history/ECTA_R24_as_reviewed
.pdf>] [21 <./revisions/2026-09-23-r26/history/ECTA_R24_as_reviewed.pdf>]
[22 <./revisions/2026-09-23-r26/history/ECTA_R24_as_reviewed.pdf>] [23 <./revis
ions/2026-09-23-r26/history/ECTA_R24_as_reviewed.pdf>] [24 <./revisions/2026-09
-23-r26/history/ECTA_R24_as_reviewed.pdf>] [25 <./revisions/2026-09-23-r26/hist
ory/ECTA_R24_as_reviewed.pdf>] [26 <./revisions/2026-09-23-r26/history/ECTA_R24
_as_reviewed.pdf>] [27 <./revisions/2026-09-23-r26/history/ECTA_R24_as_reviewed
.pdf>] [28 <./revisions/2026-09-23-r26/history/ECTA_R24_as_reviewed.pdf>]
[29 <./revisions/2026-09-23-r26/history/ECTA_R24_as_reviewed.pdf>] [30 <./revis
ions/2026-09-23-r26/history/ECTA_R24_as_reviewed.pdf>] [31 <./revisions/2026-09
-23-r26/history/ECTA_R24_as_reviewed.pdf>] [32 <./revisions/2026-09-23-r26/hist
ory/ECTA_R24_as_reviewed.pdf>] [33 <./revisions/2026-09-23-r26/history/ECTA_R24
_as_reviewed.pdf>] [34 <./revisions/2026-09-23-r26/history/ECTA_R24_as_reviewed
.pdf>] [35 <./revisions/2026-09-23-r26/history/ECTA_R24_as_reviewed.pdf>]
[36 <./revisions/2026-09-23-r26/history/ECTA_R24_as_reviewed.pdf>] [37 <./revis
ions/2026-09-23-r26/history/ECTA_R24_as_reviewed.pdf>] [38 <./revisions/2026-09
-23-r26/history/ECTA_R24_as_reviewed.pdf>] [39 <./revisions/2026-09-23-r26/hist
ory/ECTA_R24_as_reviewed.pdf>] [40 <./revisions/2026-09-23-r26/history/ECTA_R24
_as_reviewed.pdf>] [41 <./revisions/2026-09-23-r26/history/ECTA_R24_as_reviewed
.pdf>] [42 <./revisions/2026-09-23-r26/history/ECTA_R24_as_reviewed.pdf>]
[43 <./revisions/2026-09-23-r26/history/ECTA_R24_as_reviewed.pdf>] [44 <./revis
ions/2026-09-23-r26/history/ECTA_R24_as_reviewed.pdf>] [45 <./revisions/2026-09
-23-r26/history/ECTA_R24_as_reviewed.pdf>] [46 <./revisions/2026-09-23-r26/hist
ory/ECTA_R24_as_reviewed.pdf>] [47 <./revisions/2026-09-23-r26/history/ECTA_R24
_as_reviewed.pdf>] [48 <./revisions/2026-09-23-r26/history/ECTA_R24_as_reviewed
.pdf>] [49 <./revisions/2026-09-23-r26/history/ECTA_R24_as_reviewed.pdf>]
[50 <./revisions/2026-09-23-r26/history/ECTA_R24_as_reviewed.pdf>] [51 <./revis
ions/2026-09-23-r26/history/ECTA_R24_as_reviewed.pdf>] [52 <./revisions/2026-09
-23-r26/history/ECTA_R24_as_reviewed.pdf>] [53 <./revisions/2026-09-23-r26/hist
ory/ECTA_R24_as_reviewed.pdf>] [54 <./revisions/2026-09-23-r26/history/ECTA_R24
_as_reviewed.pdf>] [55 <./revisions/2026-09-23-r26/history/ECTA_R24_as_reviewed
.pdf>] [56 <./revisions/2026-09-23-r26/history/ECTA_R24_as_reviewed.pdf>]
[57 <./revisions/2026-09-23-r26/history/ECTA_R24_as_reviewed.pdf>] [58 <./revis
ions/2026-09-23-r26/history/ECTA_R24_as_reviewed.pdf>] [59 <./revisions/2026-09
-23-r26/history/ECTA_R24_as_reviewed.pdf>] [60 <./revisions/2026-09-23-r26/hist
ory/ECTA_R24_as_reviewed.pdf>] [61 <./revisions/2026-09-23-r26/history/ECTA_R24
_as_reviewed.pdf>] [62 <./revisions/2026-09-23-r26/history/ECTA_R24_as_reviewed
.pdf>] [63 <./revisions/2026-09-23-r26/history/ECTA_R24_as_reviewed.pdf>]
[64 <./revisions/2026-09-23-r26/history/ECTA_R24_as_reviewed.pdf>] [65 <./revis
ions/2026-09-23-r26/history/ECTA_R24_as_reviewed.pdf>] [66 <./revisions/2026-09
-23-r26/history/ECTA_R24_as_reviewed.pdf>] [67 <./revisions/2026-09-23-r26/hist
ory/ECTA_R24_as_reviewed.pdf>] [68 <./revisions/2026-09-23-r26/history/ECTA_R24
_as_reviewed.pdf>] [69 <./revisions/2026-09-23-r26/history/ECTA_R24_as_reviewed
.pdf>] [70 <./revisions/2026-09-23-r26/history/ECTA_R24_as_reviewed.pdf>]
[71 <./revisions/2026-09-23-r26/history/ECTA_R24_as_reviewed.pdf>] [72 <./revis
ions/2026-09-23-r26/history/ECTA_R24_as_reviewed.pdf>] [73 <./revisions/2026-09
-23-r26/history/ECTA_R24_as_reviewed.pdf>] [74 <./revisions/2026-09-23-r26/hist
ory/ECTA_R24_as_reviewed.pdf>] [75 <./revisions/2026-09-23-r26/history/ECTA_R24
_as_reviewed.pdf>] [76 <./revisions/2026-09-23-r26/history/ECTA_R24_as_reviewed
.pdf>] [77 <./revisions/2026-09-23-r26/history/ECTA_R24_as_reviewed.pdf>]
[78 <./revisions/2026-09-23-r26/history/ECTA_R24_as_reviewed.pdf>] [79 <./revis
ions/2026-09-23-r26/history/ECTA_R24_as_reviewed.pdf>] [80 <./revisions/2026-09
-23-r26/history/ECTA_R24_as_reviewed.pdf>] [81 <./revisions/2026-09-23-r26/hist
ory/ECTA_R24_as_reviewed.pdf>] [82 <./revisions/2026-09-23-r26/history/ECTA_R24
_as_reviewed.pdf>] [83 <./revisions/2026-09-23-r26/history/ECTA_R24_as_reviewed
.pdf>] [84 <./revisions/2026-09-23-r26/history/ECTA_R24_as_reviewed.pdf>]
[85 <./revisions/2026-09-23-r26/history/ECTA_R24_as_reviewed.pdf>] [86 <./revis
ions/2026-09-23-r26/history/ECTA_R24_as_reviewed.pdf>] [87 <./revisions/2026-09
-23-r26/history/ECTA_R24_as_reviewed.pdf>] [88 <./revisions/2026-09-23-r26/hist
ory/ECTA_R24_as_reviewed.pdf>] [89 <./revisions/2026-09-23-r26/history/ECTA_R24
_as_reviewed.pdf>] [90 <./revisions/2026-09-23-r26/history/ECTA_R24_as_reviewed
.pdf>] [91 <./revisions/2026-09-23-r26/history/ECTA_R24_as_reviewed.pdf>]
[92 <./revisions/2026-09-23-r26/history/ECTA_R24_as_reviewed.pdf>] [93 <./revis
ions/2026-09-23-r26/history/ECTA_R24_as_reviewed.pdf>] [94 <./revisions/2026-09
-23-r26/history/ECTA_R24_as_reviewed.pdf>] [95 <./revisions/2026-09-23-r26/hist
ory/ECTA_R24_as_reviewed.pdf>] [96 <./revisions/2026-09-23-r26/history/ECTA_R24
_as_reviewed.pdf>] [97 <./revisions/2026-09-23-r26/history/ECTA_R24_as_reviewed
.pdf>] [98 <./revisions/2026-09-23-r26/history/ECTA_R24_as_reviewed.pdf>]
[99 <./revisions/2026-09-23-r26/history/ECTA_R24_as_reviewed.pdf>] [100 <./revi
sions/2026-09-23-r26/history/ECTA_R24_as_reviewed.pdf>] [101] [102 <./revisions
/2026-09-23-r26/history/SUPP_R24_as_reviewed.pdf>] [103 <./revisions/2026-09-23
-r26/history/SUPP_R24_as_reviewed.pdf>] [104 <./revisions/2026-09-23-r26/histor
y/SUPP_R24_as_reviewed.pdf>] [105 <./revisions/2026-09-23-r26/history/SUPP_R24_
as_reviewed.pdf>] [106 <./revisions/2026-09-23-r26/history/SUPP_R24_as_reviewed
.pdf>] [107 <./revisions/2026-09-23-r26/history/SUPP_R24_as_reviewed.pdf>]
[108 <./revisions/2026-09-23-r26/history/SUPP_R24_as_reviewed.pdf>] [109 <./rev
isions/2026-09-23-r26/history/SUPP_R24_as_reviewed.pdf>] [110 <./revisions/2026
-09-23-r26/history/SUPP_R24_as_reviewed.pdf>] [111 <./revisions/2026-09-23-r26/
history/SUPP_R24_as_reviewed.pdf>] [112 <./revisions/2026-09-23-r26/history/SUP
P_R24_as_reviewed.pdf>] [113 <./revisions/2026-09-23-r26/history/SUPP_R24_as_re
viewed.pdf>] [114 <./revisions/2026-09-23-r26/history/SUPP_R24_as_reviewed.pdf>
] [115 <./revisions/2026-09-23-r26/history/SUPP_R24_as_reviewed.pdf>] [116 <./r
evisions/2026-09-23-r26/history/SUPP_R24_as_reviewed.pdf>] [117 <./revisions/20
26-09-23-r26/history/SUPP_R24_as_reviewed.pdf>] [118 <./revisions/2026-09-23-r2
6/history/SUPP_R24_as_reviewed.pdf>] [119 <./revisions/2026-09-23-r26/history/S
UPP_R24_as_reviewed.pdf>] [120 <./revisions/2026-09-23-r26/history/SUPP_R24_as_
reviewed.pdf>] [121 <./revisions/2026-09-23-r26/history/SUPP_R24_as_reviewed.pd
f>] [122 <./revisions/2026-09-23-r26/history/SUPP_R24_as_reviewed.pdf>]
[123 <./revisions/2026-09-23-r26/history/SUPP_R24_as_reviewed.pdf>] [124 <./rev
isions/2026-09-23-r26/history/SUPP_R24_as_reviewed.pdf>] [125 <./revisions/2026
-09-23-r26/history/SUPP_R24_as_reviewed.pdf>] [126 <./revisions/2026-09-23-r26/
history/SUPP_R24_as_reviewed.pdf>] [127 <./revisions/2026-09-23-r26/history/SUP
P_R24_as_reviewed.pdf>] [128 <./revisions/2026-09-23-r26/history/SUPP_R24_as_re
viewed.pdf>] [129 <./revisions/2026-09-23-r26/history/SUPP_R24_as_reviewed.pdf>
] [130 <./revisions/2026-09-23-r26/history/SUPP_R24_as_reviewed.pdf>] [131 <./r
evisions/2026-09-23-r26/history/SUPP_R24_as_reviewed.pdf>] [132 <./revisions/20
26-09-23-r26/history/SUPP_R24_as_reviewed.pdf>] [133 <./revisions/2026-09-23-r2
6/history/SUPP_R24_as_reviewed.pdf>] [134 <./revisions/2026-09-23-r26/history/S
UPP_R24_as_reviewed.pdf>] [135 <./revisions/2026-09-23-r26/history/SUPP_R24_as_
reviewed.pdf>] [136 <./revisions/2026-09-23-r26/history/SUPP_R24_as_reviewed.pd
f>] [137 <./revisions/2026-09-23-r26/history/SUPP_R24_as_reviewed.pdf>]
[138 <./revisions/2026-09-23-r26/history/SUPP_R24_as_reviewed.pdf>] [139 <./rev
isions/2026-09-23-r26/history/SUPP_R24_as_reviewed.pdf>] [140 <./revisions/2026
-09-23-r26/history/SUPP_R24_as_reviewed.pdf>] [141 <./revisions/2026-09-23-r26/
history/SUPP_R24_as_reviewed.pdf>] [142 <./revisions/2026-09-23-r26/history/SUP
P_R24_as_reviewed.pdf>] [143 <./revisions/2026-09-23-r26/history/SUPP_R24_as_re
viewed.pdf>] [144 <./revisions/2026-09-23-r26/history/SUPP_R24_as_reviewed.pdf>
] [145 <./revisions/2026-09-23-r26/history/SUPP_R24_as_reviewed.pdf>] [146 <./r
evisions/2026-09-23-r26/history/SUPP_R24_as_reviewed.pdf>] [147 <./revisions/20
26-09-23-r26/history/SUPP_R24_as_reviewed.pdf>] [148 <./revisions/2026-09-23-r2
6/history/SUPP_R24_as_reviewed.pdf>] [149 <./revisions/2026-09-23-r26/history/S
UPP_R24_as_reviewed.pdf>] [150 <./revisions/2026-09-23-r26/history/SUPP_R24_as_
reviewed.pdf>] [151 <./revisions/2026-09-23-r26/history/SUPP_R24_as_reviewed.pd
f>] [152 <./revisions/2026-09-23-r26/history/SUPP_R24_as_reviewed.pdf>]
[153 <./revisions/2026-09-23-r26/history/SUPP_R24_as_reviewed.pdf>] [154 <./rev
isions/2026-09-23-r26/history/SUPP_R24_as_reviewed.pdf>] [155 <./revisions/2026
-09-23-r26/history/SUPP_R24_as_reviewed.pdf>] [156 <./revisions/2026-09-23-r26/
history/SUPP_R24_as_reviewed.pdf>] [157 <./revisions/2026-09-23-r26/history/SUP
P_R24_as_reviewed.pdf>] [158 <./revisions/2026-09-23-r26/history/SUPP_R24_as_re
viewed.pdf>] [159 <./revisions/2026-09-23-r26/history/SUPP_R24_as_reviewed.pdf>
]

Package longtable Warning: Table widths have changed. Rerun LaTeX.

(revisions/2026-09-23-r26/build/SUPP_R26.aux)

LaTeX Warning: There were undefined references.


LaTeX Warning: Label(s) may have changed. Rerun to get cross-references right.


Package rerunfilecheck Warning: File `SUPP_R26.out' has changed.
(rerunfilecheck)                Rerun to get outlines right
(rerunfilecheck)                or use package `bookmark'.

 )
(see the transcript file for additional information)</usr/share/texlive/texmf-d
ist/fonts/type1/public/amsfonts/cm/cmbx10.pfb></usr/share/texlive/texmf-dist/fo
nts/type1/public/amsfonts/cm/cmex10.pfb></usr/share/texlive/texmf-dist/fonts/ty
pe1/public/amsfonts/cm/cmmi10.pfb></usr/share/texlive/texmf-dist/fonts/type1/pu
blic/amsfonts/cm/cmmi5.pfb></usr/share/texlive/texmf-dist/fonts/type1/public/am
sfonts/cm/cmmi6.pfb></usr/share/texlive/texmf-dist/fonts/type1/public/amsfonts/
cm/cmmi8.pfb></usr/share/texlive/texmf-dist/fonts/type1/public/amsfonts/cm/cmmi
9.pfb></usr/share/texlive/texmf-dist/fonts/type1/public/amsfonts/cm/cmr10.pfb><
/usr/share/texlive/texmf-dist/fonts/type1/public/amsfonts/cm/cmr5.pfb></usr/sha
re/texlive/texmf-dist/fonts/type1/public/amsfonts/cm/cmr6.pfb></usr/share/texli
ve/texmf-dist/fonts/type1/public/amsfonts/cm/cmr8.pfb></usr/share/texlive/texmf
-dist/fonts/type1/public/amsfonts/cm/cmr9.pfb></usr/share/texlive/texmf-dist/fo
nts/type1/public/amsfonts/cm/cmsy10.pfb></usr/share/texlive/texmf-dist/fonts/ty
pe1/public/amsfonts/cm/cmsy5.pfb></usr/share/texlive/texmf-dist/fonts/type1/pub
lic/amsfonts/cm/cmsy6.pfb></usr/share/texlive/texmf-dist/fonts/type1/public/ams
fonts/cm/cmsy8.pfb></usr/share/texlive/texmf-dist/fonts/type1/public/amsfonts/c
m/cmsy9.pfb></usr/share/texlive/texmf-dist/fonts/type1/public/amsfonts/symbols/
msam10.pfb></usr/share/texlive/texmf-dist/fonts/type1/public/amsfonts/symbols/m
sbm10.pfb></usr/share/texlive/texmf-dist/fonts/type1/public/amsfonts/symbols/ms
bm7.pfb></usr/share/texlive/texmf-dist/fonts/type1/urw/courier/ucrr8a.pfb></usr
/share/texlive/texmf-dist/fonts/type1/urw/times/utmb8a.pfb></usr/share/texlive/
texmf-dist/fonts/type1/urw/times/utmr8a.pfb></usr/share/texlive/texmf-dist/font
s/type1/urw/times/utmri8a.pfb>
Output written on revisions/2026-09-23-r26/build/SUPP_R26.pdf (159 pages, 98443
4 bytes).
Transcript written on revisions/2026-09-23-r26/build/SUPP_R26.log.
Latexmk: Getting log file 'revisions/2026-09-23-r26/build/SUPP_R26.log'
Latexmk: Examining 'revisions/2026-09-23-r26/build/SUPP_R26.fls'
Latexmk: Examining 'revisions/2026-09-23-r26/build/SUPP_R26.log'
Latexmk: References changed.
Latexmk: References changed.
Latexmk: Log file says output to 'revisions/2026-09-23-r26/build/SUPP_R26.pdf'
Latexmk: Log file says output to 'revisions/2026-09-23-r26/build/SUPP_R26.pdf'
Latexmk: applying rule 'pdflatex'...
Rule 'pdflatex':  Reasons for rerun
Changed files or newly in use/created:
  revisions/2026-09-23-r26/build/SUPP_R26.aux
  revisions/2026-09-23-r26/build/SUPP_R26.out

------------
Run number 2 of rule 'pdflatex'
------------
------------
Running 'pdflatex  -interaction=nonstopmode -halt-on-error -recorder -output-directory="revisions/2026-09-23-r26/build"  "SUPP_R26.tex"'
------------
This is pdfTeX, Version 3.141592653-2.6-1.40.25 (TeX Live 2023/Debian) (preloaded format=pdflatex)
 restricted \write18 enabled.
entering extended mode
(./SUPP_R26.tex
LaTeX2e <2023-11-01> patch level 1
L3 programming layer <2024-01-22>
(./revisions/2026-09-23-r26/paper/preamble.tex (./econsocart.cls
Document Class: econsocart 2022/11/21 v1.4.1, The Econometric Society Journals
(/usr/share/texlive/texmf-dist/tex/latex/etoolbox/etoolbox.sty)
(./econsocart.cfg) (/usr/share/texlive/texmf-dist/tex/latex/base/fix-cm.sty
(/usr/share/texlive/texmf-dist/tex/latex/base/ts1enc.def))
(/usr/share/texlive/texmf-dist/tex/latex/graphics/graphicx.sty
(/usr/share/texlive/texmf-dist/tex/latex/graphics/keyval.sty)
(/usr/share/texlive/texmf-dist/tex/latex/graphics/graphics.sty
(/usr/share/texlive/texmf-dist/tex/latex/graphics/trig.sty)
(/usr/share/texlive/texmf-dist/tex/latex/graphics-cfg/graphics.cfg)
(/usr/share/texlive/texmf-dist/tex/latex/graphics-def/pdftex.def)))
(/usr/share/texlive/texmf-dist/tex/latex/base/fontenc.sty)
(/usr/share/texlive/texmf-dist/tex/latex/psnfss/times.sty)
(/usr/share/texlive/texmf-dist/tex/latex/textcase/textcase.sty)
(/usr/share/texlive/texmf-dist/tex/latex/psnfss/helvet.sty)
(/usr/share/texlive/texmf-dist/tex/latex/base/textcomp.sty)
(/usr/share/texlive/texmf-dist/tex/latex/psnfss/t1ptm.fd)
(/usr/share/texlive/texmf-dist/tex/latex/amsfonts/amssymb.sty
(/usr/share/texlive/texmf-dist/tex/latex/amsfonts/amsfonts.sty))
(/usr/share/texlive/texmf-dist/tex/latex/tools/bm.sty)
(/usr/share/texlive/texmf-dist/tex/latex/url/url.sty)
(/usr/share/texlive/texmf-dist/tex/latex/amsmath/amsmath.sty
For additional information on amsmath, use the `?' option.
(/usr/share/texlive/texmf-dist/tex/latex/amsmath/amstext.sty
(/usr/share/texlive/texmf-dist/tex/latex/amsmath/amsgen.sty))
(/usr/share/texlive/texmf-dist/tex/latex/amsmath/amsbsy.sty)
(/usr/share/texlive/texmf-dist/tex/latex/amsmath/amsopn.sty))
(/usr/share/texlive/texmf-dist/tex/latex/amscls/amsthm.sty)
(/usr/share/texlive/texmf-dist/tex/latex/natbib/natbib.sty))
(/usr/share/texlive/texmf-dist/tex/latex/booktabs/booktabs.sty)
(/usr/share/texlive/texmf-dist/tex/latex/tools/tabularx.sty
(/usr/share/texlive/texmf-dist/tex/latex/tools/array.sty))
(/usr/share/texlive/texmf-dist/tex/latex/microtype/microtype.sty
(/usr/share/texlive/texmf-dist/tex/latex/microtype/microtype-pdftex.def)
(/usr/share/texlive/texmf-dist/tex/latex/microtype/microtype.cfg))
(/usr/share/texlive/texmf-dist/tex/latex/tools/longtable.sty)
(/usr/share/texlive/texmf-dist/tex/latex/hyperref/hyperref.sty
(/usr/share/texlive/texmf-dist/tex/generic/iftex/iftex.sty)
(/usr/share/texlive/texmf-dist/tex/latex/kvsetkeys/kvsetkeys.sty)
(/usr/share/texlive/texmf-dist/tex/generic/kvdefinekeys/kvdefinekeys.sty)
(/usr/share/texlive/texmf-dist/tex/generic/pdfescape/pdfescape.sty
(/usr/share/texlive/texmf-dist/tex/generic/ltxcmds/ltxcmds.sty)
(/usr/share/texlive/texmf-dist/tex/generic/pdftexcmds/pdftexcmds.sty
(/usr/share/texlive/texmf-dist/tex/generic/infwarerr/infwarerr.sty)))
(/usr/share/texlive/texmf-dist/tex/latex/hycolor/hycolor.sty)
(/usr/share/texlive/texmf-dist/tex/latex/auxhook/auxhook.sty)
(/usr/share/texlive/texmf-dist/tex/latex/hyperref/nameref.sty
(/usr/share/texlive/texmf-dist/tex/latex/refcount/refcount.sty)
(/usr/share/texlive/texmf-dist/tex/generic/gettitlestring/gettitlestring.sty
(/usr/share/texlive/texmf-dist/tex/latex/kvoptions/kvoptions.sty)))
(/usr/share/texlive/texmf-dist/tex/latex/hyperref/pd1enc.def)
(/usr/share/texlive/texmf-dist/tex/generic/intcalc/intcalc.sty)
(/usr/share/texlive/texmf-dist/tex/latex/hyperref/puenc.def)
(/usr/share/texlive/texmf-dist/tex/generic/bitset/bitset.sty
(/usr/share/texlive/texmf-dist/tex/generic/bigintcalc/bigintcalc.sty))
(/usr/share/texlive/texmf-dist/tex/latex/base/atbegshi-ltx.sty))
(/usr/share/texlive/texmf-dist/tex/latex/hyperref/hpdftex.def
(/usr/share/texlive/texmf-dist/tex/latex/base/atveryend-ltx.sty)
(/usr/share/texlive/texmf-dist/tex/latex/rerunfilecheck/rerunfilecheck.sty
(/usr/share/texlive/texmf-dist/tex/generic/uniquecounter/uniquecounter.sty)))
(/usr/share/texlive/texmf-dist/tex/latex/xurl/xurl.sty))
(/usr/share/texlive/texmf-dist/tex/latex/pdfpages/pdfpages.sty
(/usr/share/texlive/texmf-dist/tex/latex/base/ifthen.sty)
(/usr/share/texlive/texmf-dist/tex/latex/tools/calc.sty)
(/usr/share/texlive/texmf-dist/tex/latex/eso-pic/eso-pic.sty
(/usr/share/texlive/texmf-dist/tex/latex/xcolor/xcolor.sty
(/usr/share/texlive/texmf-dist/tex/latex/graphics-cfg/color.cfg)
(/usr/share/texlive/texmf-dist/tex/latex/graphics/mathcolor.ltx)))
(/usr/share/texlive/texmf-dist/tex/latex/pdfpages/pppdftex.def))
(/usr/share/texlive/texmf-dist/tex/latex/hyperref/backref.sty)
(/usr/share/texlive/texmf-dist/tex/latex/l3backend/l3backend-pdftex.def)
(revisions/2026-09-23-r26/build/SUPP_R26.aux)
(/usr/share/texlive/texmf-dist/tex/context/base/mkii/supp-pdf.mkii
[Loading MPS to PDF converter (version 2006.09.02).]
) (/usr/share/texlive/texmf-dist/tex/latex/epstopdf-pkg/epstopdf-base.sty
(/usr/share/texlive/texmf-dist/tex/latex/latexconfig/epstopdf-sys.cfg))
(/usr/share/texlive/texmf-dist/tex/latex/microtype/mt-ptm.cfg)
(revisions/2026-09-23-r26/build/SUPP_R26.out)
(revisions/2026-09-23-r26/build/SUPP_R26.out)
(/usr/share/texlive/texmf-dist/tex/latex/pdflscape/pdflscape.sty
(/usr/share/texlive/texmf-dist/tex/latex/pdflscape/pdflscape-nometadata.sty
(/usr/share/texlive/texmf-dist/tex/latex/graphics/lscape.sty)))
(/usr/share/texlive/texmf-dist/tex/latex/microtype/mt-cmr.cfg)
(/usr/share/texlive/texmf-dist/tex/latex/amsfonts/umsa.fd)
(/usr/share/texlive/texmf-dist/tex/latex/microtype/mt-msa.cfg)
(/usr/share/texlive/texmf-dist/tex/latex/amsfonts/umsb.fd)
(/usr/share/texlive/texmf-dist/tex/latex/microtype/mt-msb.cfg)

Package hyperref Warning: Ignoring empty anchor on input line 8.

(./revisions/2026-09-23-r26/paper/supplement.tex
(/usr/share/texlive/texmf-dist/tex/latex/psnfss/t1pcr.fd)
Underfull \hbox (badness 2334) in paragraph at lines 4--5
\T1/ptm/m/n/10.5 (+20) Dur-ing this re-vi-sion we found the com-pleted R25 sci-
en-tific ex-per-i-ment, frozen at

Underfull \hbox (badness 2261) in paragraph at lines 4--5
\T1/pcr/m/n/10.5 c78d934c0b3b8d346a40c7ddcaf415e167462265\T1/ptm/m/n/10.5 (+20)
 . Its re-sults are im-ported and
(./revisions/2026-09-23-r26/paper/tuning_table.tex) [1
Non-PDF special ignored!
<special> papersize=487.8225pt,704.63249pt
{/var/lib/texmf/fonts/map/pdftex/updmap/pdftex.map}{/usr/share/texlive/texmf-di
st/fonts/enc/dvips/base/8r.enc}]
(./revisions/2026-09-23-r26/paper/heldout_12_24.tex)

LaTeX Warning: `h' float specifier changed to `ht'.


Underfull \vbox (badness 1755) has occurred while \output is active [2]
(./revisions/2026-09-23-r26/paper/checkpoint_table.tex) [3]
(./revisions/2026-09-23-r26/paper/restart_table.tex)

Package amsmath Warning: Foreign command \atopwithdelims;
(amsmath)                \frac or \genfrac should be used instead
(amsmath)                 on input line 65.

[4] [5]) [6]
Underfull \hbox (badness 1748) in paragraph at lines 13--14
[]\T1/ptm/m/n/10.5 (+20) The fol-low-ing 93 pages are the com-plete ar-ti-cle a
t re-viewed manuscript com-mit

Underfull \hbox (badness 1303) in paragraph at lines 13--14
\T1/pcr/m/n/10.5 14ce582e188f437cc8d99f310edd4f06515936a4\T1/ptm/m/n/10.5 (+20)
 . They are in-cluded as his-tor-i-
[7] [8 <./revisions/2026-09-23-r26/history/ECTA_R24_as_reviewed.pdf>] [9 <./rev
isions/2026-09-23-r26/history/ECTA_R24_as_reviewed.pdf>] [10 <./revisions/2026-
09-23-r26/history/ECTA_R24_as_reviewed.pdf>] [11 <./revisions/2026-09-23-r26/hi
story/ECTA_R24_as_reviewed.pdf>] [12 <./revisions/2026-09-23-r26/history/ECTA_R
24_as_reviewed.pdf>] [13 <./revisions/2026-09-23-r26/history/ECTA_R24_as_review
ed.pdf>] [14 <./revisions/2026-09-23-r26/history/ECTA_R24_as_reviewed.pdf>]
[15 <./revisions/2026-09-23-r26/history/ECTA_R24_as_reviewed.pdf>] [16 <./revis
ions/2026-09-23-r26/history/ECTA_R24_as_reviewed.pdf>] [17 <./revisions/2026-09
-23-r26/history/ECTA_R24_as_reviewed.pdf>] [18 <./revisions/2026-09-23-r26/hist
ory/ECTA_R24_as_reviewed.pdf>] [19 <./revisions/2026-09-23-r26/history/ECTA_R24
_as_reviewed.pdf>] [20 <./revisions/2026-09-23-r26/history/ECTA_R24_as_reviewed
.pdf>] [21 <./revisions/2026-09-23-r26/history/ECTA_R24_as_reviewed.pdf>]
[22 <./revisions/2026-09-23-r26/history/ECTA_R24_as_reviewed.pdf>] [23 <./revis
ions/2026-09-23-r26/history/ECTA_R24_as_reviewed.pdf>] [24 <./revisions/2026-09
-23-r26/history/ECTA_R24_as_reviewed.pdf>] [25 <./revisions/2026-09-23-r26/hist
ory/ECTA_R24_as_reviewed.pdf>] [26 <./revisions/2026-09-23-r26/history/ECTA_R24
_as_reviewed.pdf>] [27 <./revisions/2026-09-23-r26/history/ECTA_R24_as_reviewed
.pdf>] [28 <./revisions/2026-09-23-r26/history/ECTA_R24_as_reviewed.pdf>]
[29 <./revisions/2026-09-23-r26/history/ECTA_R24_as_reviewed.pdf>] [30 <./revis
ions/2026-09-23-r26/history/ECTA_R24_as_reviewed.pdf>] [31 <./revisions/2026-09
-23-r26/history/ECTA_R24_as_reviewed.pdf>] [32 <./revisions/2026-09-23-r26/hist
ory/ECTA_R24_as_reviewed.pdf>] [33 <./revisions/2026-09-23-r26/history/ECTA_R24
_as_reviewed.pdf>] [34 <./revisions/2026-09-23-r26/history/ECTA_R24_as_reviewed
.pdf>] [35 <./revisions/2026-09-23-r26/history/ECTA_R24_as_reviewed.pdf>]
[36 <./revisions/2026-09-23-r26/history/ECTA_R24_as_reviewed.pdf>] [37 <./revis
ions/2026-09-23-r26/history/ECTA_R24_as_reviewed.pdf>] [38 <./revisions/2026-09
-23-r26/history/ECTA_R24_as_reviewed.pdf>] [39 <./revisions/2026-09-23-r26/hist
ory/ECTA_R24_as_reviewed.pdf>] [40 <./revisions/2026-09-23-r26/history/ECTA_R24
_as_reviewed.pdf>] [41 <./revisions/2026-09-23-r26/history/ECTA_R24_as_reviewed
.pdf>] [42 <./revisions/2026-09-23-r26/history/ECTA_R24_as_reviewed.pdf>]
[43 <./revisions/2026-09-23-r26/history/ECTA_R24_as_reviewed.pdf>] [44 <./revis
ions/2026-09-23-r26/history/ECTA_R24_as_reviewed.pdf>] [45 <./revisions/2026-09
-23-r26/history/ECTA_R24_as_reviewed.pdf>] [46 <./revisions/2026-09-23-r26/hist
ory/ECTA_R24_as_reviewed.pdf>] [47 <./revisions/2026-09-23-r26/history/ECTA_R24
_as_reviewed.pdf>] [48 <./revisions/2026-09-23-r26/history/ECTA_R24_as_reviewed
.pdf>] [49 <./revisions/2026-09-23-r26/history/ECTA_R24_as_reviewed.pdf>]
[50 <./revisions/2026-09-23-r26/history/ECTA_R24_as_reviewed.pdf>] [51 <./revis
ions/2026-09-23-r26/history/ECTA_R24_as_reviewed.pdf>] [52 <./revisions/2026-09
-23-r26/history/ECTA_R24_as_reviewed.pdf>] [53 <./revisions/2026-09-23-r26/hist
ory/ECTA_R24_as_reviewed.pdf>] [54 <./revisions/2026-09-23-r26/history/ECTA_R24
_as_reviewed.pdf>] [55 <./revisions/2026-09-23-r26/history/ECTA_R24_as_reviewed
.pdf>] [56 <./revisions/2026-09-23-r26/history/ECTA_R24_as_reviewed.pdf>]
[57 <./revisions/2026-09-23-r26/history/ECTA_R24_as_reviewed.pdf>] [58 <./revis
ions/2026-09-23-r26/history/ECTA_R24_as_reviewed.pdf>] [59 <./revisions/2026-09
-23-r26/history/ECTA_R24_as_reviewed.pdf>] [60 <./revisions/2026-09-23-r26/hist
ory/ECTA_R24_as_reviewed.pdf>] [61 <./revisions/2026-09-23-r26/history/ECTA_R24
_as_reviewed.pdf>] [62 <./revisions/2026-09-23-r26/history/ECTA_R24_as_reviewed
.pdf>] [63 <./revisions/2026-09-23-r26/history/ECTA_R24_as_reviewed.pdf>]
[64 <./revisions/2026-09-23-r26/history/ECTA_R24_as_reviewed.pdf>] [65 <./revis
ions/2026-09-23-r26/history/ECTA_R24_as_reviewed.pdf>] [66 <./revisions/2026-09
-23-r26/history/ECTA_R24_as_reviewed.pdf>] [67 <./revisions/2026-09-23-r26/hist
ory/ECTA_R24_as_reviewed.pdf>] [68 <./revisions/2026-09-23-r26/history/ECTA_R24
_as_reviewed.pdf>] [69 <./revisions/2026-09-23-r26/history/ECTA_R24_as_reviewed
.pdf>] [70 <./revisions/2026-09-23-r26/history/ECTA_R24_as_reviewed.pdf>]
[71 <./revisions/2026-09-23-r26/history/ECTA_R24_as_reviewed.pdf>] [72 <./revis
ions/2026-09-23-r26/history/ECTA_R24_as_reviewed.pdf>] [73 <./revisions/2026-09
-23-r26/history/ECTA_R24_as_reviewed.pdf>] [74 <./revisions/2026-09-23-r26/hist
ory/ECTA_R24_as_reviewed.pdf>] [75 <./revisions/2026-09-23-r26/history/ECTA_R24
_as_reviewed.pdf>] [76 <./revisions/2026-09-23-r26/history/ECTA_R24_as_reviewed
.pdf>] [77 <./revisions/2026-09-23-r26/history/ECTA_R24_as_reviewed.pdf>]
[78 <./revisions/2026-09-23-r26/history/ECTA_R24_as_reviewed.pdf>] [79 <./revis
ions/2026-09-23-r26/history/ECTA_R24_as_reviewed.pdf>] [80 <./revisions/2026-09
-23-r26/history/ECTA_R24_as_reviewed.pdf>] [81 <./revisions/2026-09-23-r26/hist
ory/ECTA_R24_as_reviewed.pdf>] [82 <./revisions/2026-09-23-r26/history/ECTA_R24
_as_reviewed.pdf>] [83 <./revisions/2026-09-23-r26/history/ECTA_R24_as_reviewed
.pdf>] [84 <./revisions/2026-09-23-r26/history/ECTA_R24_as_reviewed.pdf>]
[85 <./revisions/2026-09-23-r26/history/ECTA_R24_as_reviewed.pdf>] [86 <./revis
ions/2026-09-23-r26/history/ECTA_R24_as_reviewed.pdf>] [87 <./revisions/2026-09
-23-r26/history/ECTA_R24_as_reviewed.pdf>] [88 <./revisions/2026-09-23-r26/hist
ory/ECTA_R24_as_reviewed.pdf>] [89 <./revisions/2026-09-23-r26/history/ECTA_R24
_as_reviewed.pdf>] [90 <./revisions/2026-09-23-r26/history/ECTA_R24_as_reviewed
.pdf>] [91 <./revisions/2026-09-23-r26/history/ECTA_R24_as_reviewed.pdf>]
[92 <./revisions/2026-09-23-r26/history/ECTA_R24_as_reviewed.pdf>] [93 <./revis
ions/2026-09-23-r26/history/ECTA_R24_as_reviewed.pdf>] [94 <./revisions/2026-09
-23-r26/history/ECTA_R24_as_reviewed.pdf>] [95 <./revisions/2026-09-23-r26/hist
ory/ECTA_R24_as_reviewed.pdf>] [96 <./revisions/2026-09-23-r26/history/ECTA_R24
_as_reviewed.pdf>] [97 <./revisions/2026-09-23-r26/history/ECTA_R24_as_reviewed
.pdf>] [98 <./revisions/2026-09-23-r26/history/ECTA_R24_as_reviewed.pdf>]
[99 <./revisions/2026-09-23-r26/history/ECTA_R24_as_reviewed.pdf>] [100 <./revi
sions/2026-09-23-r26/history/ECTA_R24_as_reviewed.pdf>] [101] [102 <./revisions
/2026-09-23-r26/history/SUPP_R24_as_reviewed.pdf>] [103 <./revisions/2026-09-23
-r26/history/SUPP_R24_as_reviewed.pdf>] [104 <./revisions/2026-09-23-r26/histor
y/SUPP_R24_as_reviewed.pdf>] [105 <./revisions/2026-09-23-r26/history/SUPP_R24_
as_reviewed.pdf>] [106 <./revisions/2026-09-23-r26/history/SUPP_R24_as_reviewed
.pdf>] [107 <./revisions/2026-09-23-r26/history/SUPP_R24_as_reviewed.pdf>]
[108 <./revisions/2026-09-23-r26/history/SUPP_R24_as_reviewed.pdf>] [109 <./rev
isions/2026-09-23-r26/history/SUPP_R24_as_reviewed.pdf>] [110 <./revisions/2026
-09-23-r26/history/SUPP_R24_as_reviewed.pdf>] [111 <./revisions/2026-09-23-r26/
history/SUPP_R24_as_reviewed.pdf>] [112 <./revisions/2026-09-23-r26/history/SUP
P_R24_as_reviewed.pdf>] [113 <./revisions/2026-09-23-r26/history/SUPP_R24_as_re
viewed.pdf>] [114 <./revisions/2026-09-23-r26/history/SUPP_R24_as_reviewed.pdf>
] [115 <./revisions/2026-09-23-r26/history/SUPP_R24_as_reviewed.pdf>] [116 <./r
evisions/2026-09-23-r26/history/SUPP_R24_as_reviewed.pdf>] [117 <./revisions/20
26-09-23-r26/history/SUPP_R24_as_reviewed.pdf>] [118 <./revisions/2026-09-23-r2
6/history/SUPP_R24_as_reviewed.pdf>] [119 <./revisions/2026-09-23-r26/history/S
UPP_R24_as_reviewed.pdf>] [120 <./revisions/2026-09-23-r26/history/SUPP_R24_as_
reviewed.pdf>] [121 <./revisions/2026-09-23-r26/history/SUPP_R24_as_reviewed.pd
f>] [122 <./revisions/2026-09-23-r26/history/SUPP_R24_as_reviewed.pdf>]
[123 <./revisions/2026-09-23-r26/history/SUPP_R24_as_reviewed.pdf>] [124 <./rev
isions/2026-09-23-r26/history/SUPP_R24_as_reviewed.pdf>] [125 <./revisions/2026
-09-23-r26/history/SUPP_R24_as_reviewed.pdf>] [126 <./revisions/2026-09-23-r26/
history/SUPP_R24_as_reviewed.pdf>] [127 <./revisions/2026-09-23-r26/history/SUP
P_R24_as_reviewed.pdf>] [128 <./revisions/2026-09-23-r26/history/SUPP_R24_as_re
viewed.pdf>] [129 <./revisions/2026-09-23-r26/history/SUPP_R24_as_reviewed.pdf>
] [130 <./revisions/2026-09-23-r26/history/SUPP_R24_as_reviewed.pdf>] [131 <./r
evisions/2026-09-23-r26/history/SUPP_R24_as_reviewed.pdf>] [132 <./revisions/20
26-09-23-r26/history/SUPP_R24_as_reviewed.pdf>] [133 <./revisions/2026-09-23-r2
6/history/SUPP_R24_as_reviewed.pdf>] [134 <./revisions/2026-09-23-r26/history/S
UPP_R24_as_reviewed.pdf>] [135 <./revisions/2026-09-23-r26/history/SUPP_R24_as_
reviewed.pdf>] [136 <./revisions/2026-09-23-r26/history/SUPP_R24_as_reviewed.pd
f>] [137 <./revisions/2026-09-23-r26/history/SUPP_R24_as_reviewed.pdf>]
[138 <./revisions/2026-09-23-r26/history/SUPP_R24_as_reviewed.pdf>] [139 <./rev
isions/2026-09-23-r26/history/SUPP_R24_as_reviewed.pdf>] [140 <./revisions/2026
-09-23-r26/history/SUPP_R24_as_reviewed.pdf>] [141 <./revisions/2026-09-23-r26/
history/SUPP_R24_as_reviewed.pdf>] [142 <./revisions/2026-09-23-r26/history/SUP
P_R24_as_reviewed.pdf>] [143 <./revisions/2026-09-23-r26/history/SUPP_R24_as_re
viewed.pdf>] [144 <./revisions/2026-09-23-r26/history/SUPP_R24_as_reviewed.pdf>
] [145 <./revisions/2026-09-23-r26/history/SUPP_R24_as_reviewed.pdf>] [146 <./r
evisions/2026-09-23-r26/history/SUPP_R24_as_reviewed.pdf>] [147 <./revisions/20
26-09-23-r26/history/SUPP_R24_as_reviewed.pdf>] [148 <./revisions/2026-09-23-r2
6/history/SUPP_R24_as_reviewed.pdf>] [149 <./revisions/2026-09-23-r26/history/S
UPP_R24_as_reviewed.pdf>] [150 <./revisions/2026-09-23-r26/history/SUPP_R24_as_
reviewed.pdf>] [151 <./revisions/2026-09-23-r26/history/SUPP_R24_as_reviewed.pd
f>] [152 <./revisions/2026-09-23-r26/history/SUPP_R24_as_reviewed.pdf>]
[153 <./revisions/2026-09-23-r26/history/SUPP_R24_as_reviewed.pdf>] [154 <./rev
isions/2026-09-23-r26/history/SUPP_R24_as_reviewed.pdf>] [155 <./revisions/2026
-09-23-r26/history/SUPP_R24_as_reviewed.pdf>] [156 <./revisions/2026-09-23-r26/
history/SUPP_R24_as_reviewed.pdf>] [157 <./revisions/2026-09-23-r26/history/SUP
P_R24_as_reviewed.pdf>] [158 <./revisions/2026-09-23-r26/history/SUPP_R24_as_re
viewed.pdf>] [159 <./revisions/2026-09-23-r26/history/SUPP_R24_as_reviewed.pdf>
] (revisions/2026-09-23-r26/build/SUPP_R26.aux) )
(see the transcript file for additional information)</usr/share/texlive/texmf-d
ist/fonts/type1/public/amsfonts/cm/cmbx10.pfb></usr/share/texlive/texmf-dist/fo
nts/type1/public/amsfonts/cm/cmex10.pfb></usr/share/texlive/texmf-dist/fonts/ty
pe1/public/amsfonts/cm/cmmi10.pfb></usr/share/texlive/texmf-dist/fonts/type1/pu
blic/amsfonts/cm/cmmi5.pfb></usr/share/texlive/texmf-dist/fonts/type1/public/am
sfonts/cm/cmmi6.pfb></usr/share/texlive/texmf-dist/fonts/type1/public/amsfonts/
cm/cmmi8.pfb></usr/share/texlive/texmf-dist/fonts/type1/public/amsfonts/cm/cmmi
9.pfb></usr/share/texlive/texmf-dist/fonts/type1/public/amsfonts/cm/cmr10.pfb><
/usr/share/texlive/texmf-dist/fonts/type1/public/amsfonts/cm/cmr5.pfb></usr/sha
re/texlive/texmf-dist/fonts/type1/public/amsfonts/cm/cmr6.pfb></usr/share/texli
ve/texmf-dist/fonts/type1/public/amsfonts/cm/cmr8.pfb></usr/share/texlive/texmf
-dist/fonts/type1/public/amsfonts/cm/cmr9.pfb></usr/share/texlive/texmf-dist/fo
nts/type1/public/amsfonts/cm/cmsy10.pfb></usr/share/texlive/texmf-dist/fonts/ty
pe1/public/amsfonts/cm/cmsy5.pfb></usr/share/texlive/texmf-dist/fonts/type1/pub
lic/amsfonts/cm/cmsy6.pfb></usr/share/texlive/texmf-dist/fonts/type1/public/ams
fonts/cm/cmsy8.pfb></usr/share/texlive/texmf-dist/fonts/type1/public/amsfonts/c
m/cmsy9.pfb></usr/share/texlive/texmf-dist/fonts/type1/public/amsfonts/symbols/
msam10.pfb></usr/share/texlive/texmf-dist/fonts/type1/public/amsfonts/symbols/m
sbm10.pfb></usr/share/texlive/texmf-dist/fonts/type1/public/amsfonts/symbols/ms
bm7.pfb></usr/share/texlive/texmf-dist/fonts/type1/urw/courier/ucrr8a.pfb></usr
/share/texlive/texmf-dist/fonts/type1/urw/times/utmr8a.pfb></usr/share/texlive/
texmf-dist/fonts/type1/urw/times/utmri8a.pfb>
Output written on revisions/2026-09-23-r26/build/SUPP_R26.pdf (159 pages, 97812
8 bytes).
Transcript written on revisions/2026-09-23-r26/build/SUPP_R26.log.
Latexmk: Getting log file 'revisions/2026-09-23-r26/build/SUPP_R26.log'
Latexmk: Examining 'revisions/2026-09-23-r26/build/SUPP_R26.fls'
Latexmk: Examining 'revisions/2026-09-23-r26/build/SUPP_R26.log'
Latexmk: Log file says output to 'revisions/2026-09-23-r26/build/SUPP_R26.pdf'
Latexmk: Log file says output to 'revisions/2026-09-23-r26/build/SUPP_R26.pdf'
Latexmk: applying rule 'pdflatex'...
Rule 'pdflatex':  Reasons for rerun
Changed files or newly in use/created:
  revisions/2026-09-23-r26/build/SUPP_R26.aux

------------
Run number 3 of rule 'pdflatex'
------------
------------
Running 'pdflatex  -interaction=nonstopmode -halt-on-error -recorder -output-directory="revisions/2026-09-23-r26/build"  "SUPP_R26.tex"'
------------
This is pdfTeX, Version 3.141592653-2.6-1.40.25 (TeX Live 2023/Debian) (preloaded format=pdflatex)
 restricted \write18 enabled.
entering extended mode
(./SUPP_R26.tex
LaTeX2e <2023-11-01> patch level 1
L3 programming layer <2024-01-22>
(./revisions/2026-09-23-r26/paper/preamble.tex (./econsocart.cls
Document Class: econsocart 2022/11/21 v1.4.1, The Econometric Society Journals
(/usr/share/texlive/texmf-dist/tex/latex/etoolbox/etoolbox.sty)
(./econsocart.cfg) (/usr/share/texlive/texmf-dist/tex/latex/base/fix-cm.sty
(/usr/share/texlive/texmf-dist/tex/latex/base/ts1enc.def))
(/usr/share/texlive/texmf-dist/tex/latex/graphics/graphicx.sty
(/usr/share/texlive/texmf-dist/tex/latex/graphics/keyval.sty)
(/usr/share/texlive/texmf-dist/tex/latex/graphics/graphics.sty
(/usr/share/texlive/texmf-dist/tex/latex/graphics/trig.sty)
(/usr/share/texlive/texmf-dist/tex/latex/graphics-cfg/graphics.cfg)
(/usr/share/texlive/texmf-dist/tex/latex/graphics-def/pdftex.def)))
(/usr/share/texlive/texmf-dist/tex/latex/base/fontenc.sty)
(/usr/share/texlive/texmf-dist/tex/latex/psnfss/times.sty)
(/usr/share/texlive/texmf-dist/tex/latex/textcase/textcase.sty)
(/usr/share/texlive/texmf-dist/tex/latex/psnfss/helvet.sty)
(/usr/share/texlive/texmf-dist/tex/latex/base/textcomp.sty)
(/usr/share/texlive/texmf-dist/tex/latex/psnfss/t1ptm.fd)
(/usr/share/texlive/texmf-dist/tex/latex/amsfonts/amssymb.sty
(/usr/share/texlive/texmf-dist/tex/latex/amsfonts/amsfonts.sty))
(/usr/share/texlive/texmf-dist/tex/latex/tools/bm.sty)
(/usr/share/texlive/texmf-dist/tex/latex/url/url.sty)
(/usr/share/texlive/texmf-dist/tex/latex/amsmath/amsmath.sty
For additional information on amsmath, use the `?' option.
(/usr/share/texlive/texmf-dist/tex/latex/amsmath/amstext.sty
(/usr/share/texlive/texmf-dist/tex/latex/amsmath/amsgen.sty))
(/usr/share/texlive/texmf-dist/tex/latex/amsmath/amsbsy.sty)
(/usr/share/texlive/texmf-dist/tex/latex/amsmath/amsopn.sty))
(/usr/share/texlive/texmf-dist/tex/latex/amscls/amsthm.sty)
(/usr/share/texlive/texmf-dist/tex/latex/natbib/natbib.sty))
(/usr/share/texlive/texmf-dist/tex/latex/booktabs/booktabs.sty)
(/usr/share/texlive/texmf-dist/tex/latex/tools/tabularx.sty
(/usr/share/texlive/texmf-dist/tex/latex/tools/array.sty))
(/usr/share/texlive/texmf-dist/tex/latex/microtype/microtype.sty
(/usr/share/texlive/texmf-dist/tex/latex/microtype/microtype-pdftex.def)
(/usr/share/texlive/texmf-dist/tex/latex/microtype/microtype.cfg))
(/usr/share/texlive/texmf-dist/tex/latex/tools/longtable.sty)
(/usr/share/texlive/texmf-dist/tex/latex/hyperref/hyperref.sty
(/usr/share/texlive/texmf-dist/tex/generic/iftex/iftex.sty)
(/usr/share/texlive/texmf-dist/tex/latex/kvsetkeys/kvsetkeys.sty)
(/usr/share/texlive/texmf-dist/tex/generic/kvdefinekeys/kvdefinekeys.sty)
(/usr/share/texlive/texmf-dist/tex/generic/pdfescape/pdfescape.sty
(/usr/share/texlive/texmf-dist/tex/generic/ltxcmds/ltxcmds.sty)
(/usr/share/texlive/texmf-dist/tex/generic/pdftexcmds/pdftexcmds.sty
(/usr/share/texlive/texmf-dist/tex/generic/infwarerr/infwarerr.sty)))
(/usr/share/texlive/texmf-dist/tex/latex/hycolor/hycolor.sty)
(/usr/share/texlive/texmf-dist/tex/latex/auxhook/auxhook.sty)
(/usr/share/texlive/texmf-dist/tex/latex/hyperref/nameref.sty
(/usr/share/texlive/texmf-dist/tex/latex/refcount/refcount.sty)
(/usr/share/texlive/texmf-dist/tex/generic/gettitlestring/gettitlestring.sty
(/usr/share/texlive/texmf-dist/tex/latex/kvoptions/kvoptions.sty)))
(/usr/share/texlive/texmf-dist/tex/latex/hyperref/pd1enc.def)
(/usr/share/texlive/texmf-dist/tex/generic/intcalc/intcalc.sty)
(/usr/share/texlive/texmf-dist/tex/latex/hyperref/puenc.def)
(/usr/share/texlive/texmf-dist/tex/generic/bitset/bitset.sty
(/usr/share/texlive/texmf-dist/tex/generic/bigintcalc/bigintcalc.sty))
(/usr/share/texlive/texmf-dist/tex/latex/base/atbegshi-ltx.sty))
(/usr/share/texlive/texmf-dist/tex/latex/hyperref/hpdftex.def
(/usr/share/texlive/texmf-dist/tex/latex/base/atveryend-ltx.sty)
(/usr/share/texlive/texmf-dist/tex/latex/rerunfilecheck/rerunfilecheck.sty
(/usr/share/texlive/texmf-dist/tex/generic/uniquecounter/uniquecounter.sty)))
(/usr/share/texlive/texmf-dist/tex/latex/xurl/xurl.sty))
(/usr/share/texlive/texmf-dist/tex/latex/pdfpages/pdfpages.sty
(/usr/share/texlive/texmf-dist/tex/latex/base/ifthen.sty)
(/usr/share/texlive/texmf-dist/tex/latex/tools/calc.sty)
(/usr/share/texlive/texmf-dist/tex/latex/eso-pic/eso-pic.sty
(/usr/share/texlive/texmf-dist/tex/latex/xcolor/xcolor.sty
(/usr/share/texlive/texmf-dist/tex/latex/graphics-cfg/color.cfg)
(/usr/share/texlive/texmf-dist/tex/latex/graphics/mathcolor.ltx)))
(/usr/share/texlive/texmf-dist/tex/latex/pdfpages/pppdftex.def))
(/usr/share/texlive/texmf-dist/tex/latex/hyperref/backref.sty)
(/usr/share/texlive/texmf-dist/tex/latex/l3backend/l3backend-pdftex.def)
(revisions/2026-09-23-r26/build/SUPP_R26.aux)
(/usr/share/texlive/texmf-dist/tex/context/base/mkii/supp-pdf.mkii
[Loading MPS to PDF converter (version 2006.09.02).]
) (/usr/share/texlive/texmf-dist/tex/latex/epstopdf-pkg/epstopdf-base.sty
(/usr/share/texlive/texmf-dist/tex/latex/latexconfig/epstopdf-sys.cfg))
(/usr/share/texlive/texmf-dist/tex/latex/microtype/mt-ptm.cfg)
(revisions/2026-09-23-r26/build/SUPP_R26.out)
(revisions/2026-09-23-r26/build/SUPP_R26.out)
(/usr/share/texlive/texmf-dist/tex/latex/pdflscape/pdflscape.sty
(/usr/share/texlive/texmf-dist/tex/latex/pdflscape/pdflscape-nometadata.sty
(/usr/share/texlive/texmf-dist/tex/latex/graphics/lscape.sty)))
(/usr/share/texlive/texmf-dist/tex/latex/microtype/mt-cmr.cfg)
(/usr/share/texlive/texmf-dist/tex/latex/amsfonts/umsa.fd)
(/usr/share/texlive/texmf-dist/tex/latex/microtype/mt-msa.cfg)
(/usr/share/texlive/texmf-dist/tex/latex/amsfonts/umsb.fd)
(/usr/share/texlive/texmf-dist/tex/latex/microtype/mt-msb.cfg)

Package hyperref Warning: Ignoring empty anchor on input line 8.

(./revisions/2026-09-23-r26/paper/supplement.tex
(/usr/share/texlive/texmf-dist/tex/latex/psnfss/t1pcr.fd)
Underfull \hbox (badness 2334) in paragraph at lines 4--5
\T1/ptm/m/n/10.5 (+20) Dur-ing this re-vi-sion we found the com-pleted R25 sci-
en-tific ex-per-i-ment, frozen at

Underfull \hbox (badness 2261) in paragraph at lines 4--5
\T1/pcr/m/n/10.5 c78d934c0b3b8d346a40c7ddcaf415e167462265\T1/ptm/m/n/10.5 (+20)
 . Its re-sults are im-ported and
(./revisions/2026-09-23-r26/paper/tuning_table.tex) [1
Non-PDF special ignored!
<special> papersize=487.8225pt,704.63249pt
{/var/lib/texmf/fonts/map/pdftex/updmap/pdftex.map}{/usr/share/texlive/texmf-di
st/fonts/enc/dvips/base/8r.enc}]
(./revisions/2026-09-23-r26/paper/heldout_12_24.tex)

LaTeX Warning: `h' float specifier changed to `ht'.


Underfull \vbox (badness 1755) has occurred while \output is active [2]
(./revisions/2026-09-23-r26/paper/checkpoint_table.tex) [3]
(./revisions/2026-09-23-r26/paper/restart_table.tex)

Package amsmath Warning: Foreign command \atopwithdelims;
(amsmath)                \frac or \genfrac should be used instead
(amsmath)                 on input line 65.

[4] [5]) [6]
Underfull \hbox (badness 1748) in paragraph at lines 13--14
[]\T1/ptm/m/n/10.5 (+20) The fol-low-ing 93 pages are the com-plete ar-ti-cle a
t re-viewed manuscript com-mit

Underfull \hbox (badness 1303) in paragraph at lines 13--14
\T1/pcr/m/n/10.5 14ce582e188f437cc8d99f310edd4f06515936a4\T1/ptm/m/n/10.5 (+20)
 . They are in-cluded as his-tor-i-
[7] [8 <./revisions/2026-09-23-r26/history/ECTA_R24_as_reviewed.pdf>] [9 <./rev
isions/2026-09-23-r26/history/ECTA_R24_as_reviewed.pdf>] [10 <./revisions/2026-
09-23-r26/history/ECTA_R24_as_reviewed.pdf>] [11 <./revisions/2026-09-23-r26/hi
story/ECTA_R24_as_reviewed.pdf>] [12 <./revisions/2026-09-23-r26/history/ECTA_R
24_as_reviewed.pdf>] [13 <./revisions/2026-09-23-r26/history/ECTA_R24_as_review
ed.pdf>] [14 <./revisions/2026-09-23-r26/history/ECTA_R24_as_reviewed.pdf>]
[15 <./revisions/2026-09-23-r26/history/ECTA_R24_as_reviewed.pdf>] [16 <./revis
ions/2026-09-23-r26/history/ECTA_R24_as_reviewed.pdf>] [17 <./revisions/2026-09
-23-r26/history/ECTA_R24_as_reviewed.pdf>] [18 <./revisions/2026-09-23-r26/hist
ory/ECTA_R24_as_reviewed.pdf>] [19 <./revisions/2026-09-23-r26/history/ECTA_R24
_as_reviewed.pdf>] [20 <./revisions/2026-09-23-r26/history/ECTA_R24_as_reviewed
.pdf>] [21 <./revisions/2026-09-23-r26/history/ECTA_R24_as_reviewed.pdf>]
[22 <./revisions/2026-09-23-r26/history/ECTA_R24_as_reviewed.pdf>] [23 <./revis
ions/2026-09-23-r26/history/ECTA_R24_as_reviewed.pdf>] [24 <./revisions/2026-09
-23-r26/history/ECTA_R24_as_reviewed.pdf>] [25 <./revisions/2026-09-23-r26/hist
ory/ECTA_R24_as_reviewed.pdf>] [26 <./revisions/2026-09-23-r26/history/ECTA_R24
_as_reviewed.pdf>] [27 <./revisions/2026-09-23-r26/history/ECTA_R24_as_reviewed
.pdf>] [28 <./revisions/2026-09-23-r26/history/ECTA_R24_as_reviewed.pdf>]
[29 <./revisions/2026-09-23-r26/history/ECTA_R24_as_reviewed.pdf>] [30 <./revis
ions/2026-09-23-r26/history/ECTA_R24_as_reviewed.pdf>] [31 <./revisions/2026-09
-23-r26/history/ECTA_R24_as_reviewed.pdf>] [32 <./revisions/2026-09-23-r26/hist
ory/ECTA_R24_as_reviewed.pdf>] [33 <./revisions/2026-09-23-r26/history/ECTA_R24
_as_reviewed.pdf>] [34 <./revisions/2026-09-23-r26/history/ECTA_R24_as_reviewed
.pdf>] [35 <./revisions/2026-09-23-r26/history/ECTA_R24_as_reviewed.pdf>]
[36 <./revisions/2026-09-23-r26/history/ECTA_R24_as_reviewed.pdf>] [37 <./revis
ions/2026-09-23-r26/history/ECTA_R24_as_reviewed.pdf>] [38 <./revisions/2026-09
-23-r26/history/ECTA_R24_as_reviewed.pdf>] [39 <./revisions/2026-09-23-r26/hist
ory/ECTA_R24_as_reviewed.pdf>] [40 <./revisions/2026-09-23-r26/history/ECTA_R24
_as_reviewed.pdf>] [41 <./revisions/2026-09-23-r26/history/ECTA_R24_as_reviewed
.pdf>] [42 <./revisions/2026-09-23-r26/history/ECTA_R24_as_reviewed.pdf>]
[43 <./revisions/2026-09-23-r26/history/ECTA_R24_as_reviewed.pdf>] [44 <./revis
ions/2026-09-23-r26/history/ECTA_R24_as_reviewed.pdf>] [45 <./revisions/2026-09
-23-r26/history/ECTA_R24_as_reviewed.pdf>] [46 <./revisions/2026-09-23-r26/hist
ory/ECTA_R24_as_reviewed.pdf>] [47 <./revisions/2026-09-23-r26/history/ECTA_R24
_as_reviewed.pdf>] [48 <./revisions/2026-09-23-r26/history/ECTA_R24_as_reviewed
.pdf>] [49 <./revisions/2026-09-23-r26/history/ECTA_R24_as_reviewed.pdf>]
[50 <./revisions/2026-09-23-r26/history/ECTA_R24_as_reviewed.pdf>] [51 <./revis
ions/2026-09-23-r26/history/ECTA_R24_as_reviewed.pdf>] [52 <./revisions/2026-09
-23-r26/history/ECTA_R24_as_reviewed.pdf>] [53 <./revisions/2026-09-23-r26/hist
ory/ECTA_R24_as_reviewed.pdf>] [54 <./revisions/2026-09-23-r26/history/ECTA_R24
_as_reviewed.pdf>] [55 <./revisions/2026-09-23-r26/history/ECTA_R24_as_reviewed
.pdf>] [56 <./revisions/2026-09-23-r26/history/ECTA_R24_as_reviewed.pdf>]
[57 <./revisions/2026-09-23-r26/history/ECTA_R24_as_reviewed.pdf>] [58 <./revis
ions/2026-09-23-r26/history/ECTA_R24_as_reviewed.pdf>] [59 <./revisions/2026-09
-23-r26/history/ECTA_R24_as_reviewed.pdf>] [60 <./revisions/2026-09-23-r26/hist
ory/ECTA_R24_as_reviewed.pdf>] [61 <./revisions/2026-09-23-r26/history/ECTA_R24
_as_reviewed.pdf>] [62 <./revisions/2026-09-23-r26/history/ECTA_R24_as_reviewed
.pdf>] [63 <./revisions/2026-09-23-r26/history/ECTA_R24_as_reviewed.pdf>]
[64 <./revisions/2026-09-23-r26/history/ECTA_R24_as_reviewed.pdf>] [65 <./revis
ions/2026-09-23-r26/history/ECTA_R24_as_reviewed.pdf>] [66 <./revisions/2026-09
-23-r26/history/ECTA_R24_as_reviewed.pdf>] [67 <./revisions/2026-09-23-r26/hist
ory/ECTA_R24_as_reviewed.pdf>] [68 <./revisions/2026-09-23-r26/history/ECTA_R24
_as_reviewed.pdf>] [69 <./revisions/2026-09-23-r26/history/ECTA_R24_as_reviewed
.pdf>] [70 <./revisions/2026-09-23-r26/history/ECTA_R24_as_reviewed.pdf>]
[71 <./revisions/2026-09-23-r26/history/ECTA_R24_as_reviewed.pdf>] [72 <./revis
ions/2026-09-23-r26/history/ECTA_R24_as_reviewed.pdf>] [73 <./revisions/2026-09
-23-r26/history/ECTA_R24_as_reviewed.pdf>] [74 <./revisions/2026-09-23-r26/hist
ory/ECTA_R24_as_reviewed.pdf>] [75 <./revisions/2026-09-23-r26/history/ECTA_R24
_as_reviewed.pdf>] [76 <./revisions/2026-09-23-r26/history/ECTA_R24_as_reviewed
.pdf>] [77 <./revisions/2026-09-23-r26/history/ECTA_R24_as_reviewed.pdf>]
[78 <./revisions/2026-09-23-r26/history/ECTA_R24_as_reviewed.pdf>] [79 <./revis
ions/2026-09-23-r26/history/ECTA_R24_as_reviewed.pdf>] [80 <./revisions/2026-09
-23-r26/history/ECTA_R24_as_reviewed.pdf>] [81 <./revisions/2026-09-23-r26/hist
ory/ECTA_R24_as_reviewed.pdf>] [82 <./revisions/2026-09-23-r26/history/ECTA_R24
_as_reviewed.pdf>] [83 <./revisions/2026-09-23-r26/history/ECTA_R24_as_reviewed
.pdf>] [84 <./revisions/2026-09-23-r26/history/ECTA_R24_as_reviewed.pdf>]
[85 <./revisions/2026-09-23-r26/history/ECTA_R24_as_reviewed.pdf>] [86 <./revis
ions/2026-09-23-r26/history/ECTA_R24_as_reviewed.pdf>] [87 <./revisions/2026-09
-23-r26/history/ECTA_R24_as_reviewed.pdf>] [88 <./revisions/2026-09-23-r26/hist
ory/ECTA_R24_as_reviewed.pdf>] [89 <./revisions/2026-09-23-r26/history/ECTA_R24
_as_reviewed.pdf>] [90 <./revisions/2026-09-23-r26/history/ECTA_R24_as_reviewed
.pdf>] [91 <./revisions/2026-09-23-r26/history/ECTA_R24_as_reviewed.pdf>]
[92 <./revisions/2026-09-23-r26/history/ECTA_R24_as_reviewed.pdf>] [93 <./revis
ions/2026-09-23-r26/history/ECTA_R24_as_reviewed.pdf>] [94 <./revisions/2026-09
-23-r26/history/ECTA_R24_as_reviewed.pdf>] [95 <./revisions/2026-09-23-r26/hist
ory/ECTA_R24_as_reviewed.pdf>] [96 <./revisions/2026-09-23-r26/history/ECTA_R24
_as_reviewed.pdf>] [97 <./revisions/2026-09-23-r26/history/ECTA_R24_as_reviewed
.pdf>] [98 <./revisions/2026-09-23-r26/history/ECTA_R24_as_reviewed.pdf>]
[99 <./revisions/2026-09-23-r26/history/ECTA_R24_as_reviewed.pdf>] [100 <./revi
sions/2026-09-23-r26/history/ECTA_R24_as_reviewed.pdf>] [101] [102 <./revisions
/2026-09-23-r26/history/SUPP_R24_as_reviewed.pdf>] [103 <./revisions/2026-09-23
-r26/history/SUPP_R24_as_reviewed.pdf>] [104 <./revisions/2026-09-23-r26/histor
y/SUPP_R24_as_reviewed.pdf>] [105 <./revisions/2026-09-23-r26/history/SUPP_R24_
as_reviewed.pdf>] [106 <./revisions/2026-09-23-r26/history/SUPP_R24_as_reviewed
.pdf>] [107 <./revisions/2026-09-23-r26/history/SUPP_R24_as_reviewed.pdf>]
[108 <./revisions/2026-09-23-r26/history/SUPP_R24_as_reviewed.pdf>] [109 <./rev
isions/2026-09-23-r26/history/SUPP_R24_as_reviewed.pdf>] [110 <./revisions/2026
-09-23-r26/history/SUPP_R24_as_reviewed.pdf>] [111 <./revisions/2026-09-23-r26/
history/SUPP_R24_as_reviewed.pdf>] [112 <./revisions/2026-09-23-r26/history/SUP
P_R24_as_reviewed.pdf>] [113 <./revisions/2026-09-23-r26/history/SUPP_R24_as_re
viewed.pdf>] [114 <./revisions/2026-09-23-r26/history/SUPP_R24_as_reviewed.pdf>
] [115 <./revisions/2026-09-23-r26/history/SUPP_R24_as_reviewed.pdf>] [116 <./r
evisions/2026-09-23-r26/history/SUPP_R24_as_reviewed.pdf>] [117 <./revisions/20
26-09-23-r26/history/SUPP_R24_as_reviewed.pdf>] [118 <./revisions/2026-09-23-r2
6/history/SUPP_R24_as_reviewed.pdf>] [119 <./revisions/2026-09-23-r26/history/S
UPP_R24_as_reviewed.pdf>] [120 <./revisions/2026-09-23-r26/history/SUPP_R24_as_
reviewed.pdf>] [121 <./revisions/2026-09-23-r26/history/SUPP_R24_as_reviewed.pd
f>] [122 <./revisions/2026-09-23-r26/history/SUPP_R24_as_reviewed.pdf>]
[123 <./revisions/2026-09-23-r26/history/SUPP_R24_as_reviewed.pdf>] [124 <./rev
isions/2026-09-23-r26/history/SUPP_R24_as_reviewed.pdf>] [125 <./revisions/2026
-09-23-r26/history/SUPP_R24_as_reviewed.pdf>] [126 <./revisions/2026-09-23-r26/
history/SUPP_R24_as_reviewed.pdf>] [127 <./revisions/2026-09-23-r26/history/SUP
P_R24_as_reviewed.pdf>] [128 <./revisions/2026-09-23-r26/history/SUPP_R24_as_re
viewed.pdf>] [129 <./revisions/2026-09-23-r26/history/SUPP_R24_as_reviewed.pdf>
] [130 <./revisions/2026-09-23-r26/history/SUPP_R24_as_reviewed.pdf>] [131 <./r
evisions/2026-09-23-r26/history/SUPP_R24_as_reviewed.pdf>] [132 <./revisions/20
26-09-23-r26/history/SUPP_R24_as_reviewed.pdf>] [133 <./revisions/2026-09-23-r2
6/history/SUPP_R24_as_reviewed.pdf>] [134 <./revisions/2026-09-23-r26/history/S
UPP_R24_as_reviewed.pdf>] [135 <./revisions/2026-09-23-r26/history/SUPP_R24_as_
reviewed.pdf>] [136 <./revisions/2026-09-23-r26/history/SUPP_R24_as_reviewed.pd
f>] [137 <./revisions/2026-09-23-r26/history/SUPP_R24_as_reviewed.pdf>]
[138 <./revisions/2026-09-23-r26/history/SUPP_R24_as_reviewed.pdf>] [139 <./rev
isions/2026-09-23-r26/history/SUPP_R24_as_reviewed.pdf>] [140 <./revisions/2026
-09-23-r26/history/SUPP_R24_as_reviewed.pdf>] [141 <./revisions/2026-09-23-r26/
history/SUPP_R24_as_reviewed.pdf>] [142 <./revisions/2026-09-23-r26/history/SUP
P_R24_as_reviewed.pdf>] [143 <./revisions/2026-09-23-r26/history/SUPP_R24_as_re
viewed.pdf>] [144 <./revisions/2026-09-23-r26/history/SUPP_R24_as_reviewed.pdf>
] [145 <./revisions/2026-09-23-r26/history/SUPP_R24_as_reviewed.pdf>] [146 <./r
evisions/2026-09-23-r26/history/SUPP_R24_as_reviewed.pdf>] [147 <./revisions/20
26-09-23-r26/history/SUPP_R24_as_reviewed.pdf>] [148 <./revisions/2026-09-23-r2
6/history/SUPP_R24_as_reviewed.pdf>] [149 <./revisions/2026-09-23-r26/history/S
UPP_R24_as_reviewed.pdf>] [150 <./revisions/2026-09-23-r26/history/SUPP_R24_as_
reviewed.pdf>] [151 <./revisions/2026-09-23-r26/history/SUPP_R24_as_reviewed.pd
f>] [152 <./revisions/2026-09-23-r26/history/SUPP_R24_as_reviewed.pdf>]
[153 <./revisions/2026-09-23-r26/history/SUPP_R24_as_reviewed.pdf>] [154 <./rev
isions/2026-09-23-r26/history/SUPP_R24_as_reviewed.pdf>] [155 <./revisions/2026
-09-23-r26/history/SUPP_R24_as_reviewed.pdf>] [156 <./revisions/2026-09-23-r26/
history/SUPP_R24_as_reviewed.pdf>] [157 <./revisions/2026-09-23-r26/history/SUP
P_R24_as_reviewed.pdf>] [158 <./revisions/2026-09-23-r26/history/SUPP_R24_as_re
viewed.pdf>] [159 <./revisions/2026-09-23-r26/history/SUPP_R24_as_reviewed.pdf>
] (revisions/2026-09-23-r26/build/SUPP_R26.aux) )
(see the transcript file for additional information)</usr/share/texlive/texmf-d
ist/fonts/type1/public/amsfonts/cm/cmbx10.pfb></usr/share/texlive/texmf-dist/fo
nts/type1/public/amsfonts/cm/cmex10.pfb></usr/share/texlive/texmf-dist/fonts/ty
pe1/public/amsfonts/cm/cmmi10.pfb></usr/share/texlive/texmf-dist/fonts/type1/pu
blic/amsfonts/cm/cmmi5.pfb></usr/share/texlive/texmf-dist/fonts/type1/public/am
sfonts/cm/cmmi6.pfb></usr/share/texlive/texmf-dist/fonts/type1/public/amsfonts/
cm/cmmi8.pfb></usr/share/texlive/texmf-dist/fonts/type1/public/amsfonts/cm/cmmi
9.pfb></usr/share/texlive/texmf-dist/fonts/type1/public/amsfonts/cm/cmr10.pfb><
/usr/share/texlive/texmf-dist/fonts/type1/public/amsfonts/cm/cmr5.pfb></usr/sha
re/texlive/texmf-dist/fonts/type1/public/amsfonts/cm/cmr6.pfb></usr/share/texli
ve/texmf-dist/fonts/type1/public/amsfonts/cm/cmr8.pfb></usr/share/texlive/texmf
-dist/fonts/type1/public/amsfonts/cm/cmr9.pfb></usr/share/texlive/texmf-dist/fo
nts/type1/public/amsfonts/cm/cmsy10.pfb></usr/share/texlive/texmf-dist/fonts/ty
pe1/public/amsfonts/cm/cmsy5.pfb></usr/share/texlive/texmf-dist/fonts/type1/pub
lic/amsfonts/cm/cmsy6.pfb></usr/share/texlive/texmf-dist/fonts/type1/public/ams
fonts/cm/cmsy8.pfb></usr/share/texlive/texmf-dist/fonts/type1/public/amsfonts/c
m/cmsy9.pfb></usr/share/texlive/texmf-dist/fonts/type1/public/amsfonts/symbols/
msam10.pfb></usr/share/texlive/texmf-dist/fonts/type1/public/amsfonts/symbols/m
sbm10.pfb></usr/share/texlive/texmf-dist/fonts/type1/public/amsfonts/symbols/ms
bm7.pfb></usr/share/texlive/texmf-dist/fonts/type1/urw/courier/ucrr8a.pfb></usr
/share/texlive/texmf-dist/fonts/type1/urw/times/utmr8a.pfb></usr/share/texlive/
texmf-dist/fonts/type1/urw/times/utmri8a.pfb>
Output written on revisions/2026-09-23-r26/build/SUPP_R26.pdf (159 pages, 97812
8 bytes).
Transcript written on revisions/2026-09-23-r26/build/SUPP_R26.log.
Latexmk: Getting log file 'revisions/2026-09-23-r26/build/SUPP_R26.log'
Latexmk: Examining 'revisions/2026-09-23-r26/build/SUPP_R26.fls'
Latexmk: Examining 'revisions/2026-09-23-r26/build/SUPP_R26.log'
Latexmk: Log file says output to 'revisions/2026-09-23-r26/build/SUPP_R26.pdf'
Latexmk: Log file says output to 'revisions/2026-09-23-r26/build/SUPP_R26.pdf'
Latexmk: All targets (revisions/2026-09-23-r26/build/SUPP_R26.pdf) are up-to-date

