linear_d10_s59879 20.026135664999998 801 None
nbo_d10_s59879 20.04340678199999 320 None
dpo_d10_s59879 20.051258630999996 560 None
linear_d10_s59879_origin_n1024 0.0010585710450478375 0.0026521533992542546
nbo_d10_s59879_origin_n1024 0.0011831803098995358 0.002778401695079032
dpo_d10_s59879_origin_n1024 0.0011054540695569152 0.002701067871482689
nbo_d10_s59879_origin_n1024__minus__dpo_d10_s59879_origin_n1024 -0.0011247444891055274 0.00127980455304449
nbo_d10_s59879_origin_n1024__minus__linear_d10_s59879_origin_n1024 -0.001077475053035279 0.0013283326137117542
linear_d10_s59879_population_n1024 0.0005107088528896519 0.0021882750316548284
nbo_d10_s59879_population_n1024 0.00062929756526285 0.0023071423433683826
dpo_d10_s59879_population_n1024 0.0005363410800164682 0.0022148087410229157
nbo_d10_s59879_population_n1024__minus__dpo_d10_s59879_population_n1024 -0.0011598823148621853 0.0013451724024540338
nbo_d10_s59879_population_n1024__minus__linear_d10_s59879_population_n1024 -0.0011342358665269797 0.0013716918906137314
linear_d20_s59879 20.004663755999985 700 None
nbo_d20_s59879 20.040003551999973 320 None
dpo_d20_s59879 20.055131783000036 540 None
linear_d20_s59879_origin_n1024 0.0005610828248085721 0.002328916948613487
nbo_d20_s59879_origin_n1024 0.0006999367981740207 0.0024690107362419006
dpo_d20_s59879_origin_n1024 0.0006098357628401447 0.0023792716850564786
nbo_d20_s59879_origin_n1024__minus__dpo_d20_s59879_origin_n1024 -0.0012212259138969905 0.0014010660004162875
nbo_d20_s59879_origin_n1024__minus__linear_d20_s59879_origin_n1024 -0.0011721704356229576 0.001451118196616819
linear_d20_s59879_population_n1024 0.0003042228082394428 0.0021425045010385335
nbo_d20_s59879_population_n1024 0.00042421142289366076 0.00226390750409794
dpo_d20_s59879_population_n1024 0.00032811720517992817 0.002168368248942988
nbo_d20_s59879_population_n1024__minus__dpo_d20_s59879_population_n1024 -0.001267259812745484 0.0014588932856141688
nbo_d20_s59879_population_n1024__minus__linear_d20_s59879_population_n1024 -0.001243072704656093 0.0014844643223697177
linear_d50_s59879 20.072580378999987 532 None
nbo_d50_s59879 20.049487629999987 320 None
dpo_d50_s59879 20.07615138099999 436 None
linear_d50_s59879_origin_n1024 0.000577765884479091 0.0023858084879704376
nbo_d50_s59879_origin_n1024 0.0008500364294520445 0.0026605472162929715
dpo_d50_s59879_origin_n1024 0.000761836323515063 0.00257203052765802
nbo_d50_s59879_origin_n1024__minus__dpo_d50_s59879_origin_n1024 -0.00124627875418296 0.0014229955487548925
nbo_d50_s59879_origin_n1024__minus__linear_d50_s59879_origin_n1024 -0.0010622602326418886 0.0016092695059373755
linear_d50_s59879_population_n1024 0.0004829690553329209 0.002368776410673843
nbo_d50_s59879_population_n1024 0.0006667965165442 0.002554587028321943
dpo_d50_s59879_population_n1024 0.0005836034164358211 0.0024714750126149563
nbo_d50_s59879_population_n1024__minus__dpo_d50_s59879_population_n1024 -0.001303779230706056 0.0014700843465214213
nbo_d50_s59879_population_n1024__minus__linear_d50_s59879_population_n1024 -0.0012040671316203844 0.0015737052104797633
