1/1 feasible solution given by solution candidate storage, new primal bound 3.726545e+00

presolving:
(round 1, fast)       1 del vars, 322 del conss, 0 add conss, 1 chg bounds, 0 chg sides, 0 chg coeffs, 0 upgd conss, 0 impls, 0 clqs, 0 implints
(round 2, exhaustive) 1 del vars, 386 del conss, 0 add conss, 1 chg bounds, 64 chg sides, 0 chg coeffs, 0 upgd conss, 0 impls, 0 clqs, 0 implints
   (0.0s) symmetry computation started: requiring (bin +, int +, cont +), (fixed: bin -, int -, cont -)
   (0.0s) no symmetry present (symcode time: 0.00)
presolving (3 rounds: 3 fast, 2 medium, 2 exhaustive):
 1 deleted vars, 386 deleted constraints, 0 added constraints, 1 tightened bounds, 0 added holes, 64 changed sides, 0 changed coefficients
 0 implications, 0 cliques, 0 implied integral variables (0 bin, 0 int, 0 cont)
presolved problem has 47 variables (0 bin, 0 int, 47 cont) and 94 constraints
     76 constraints of type <linear>
     18 constraints of type <nonlinear>
Presolving Time: 0.01
transformed 1/1 original solutions to the transformed problem space

 time | node  | left  |LP iter|LP it/n|mem/heur|mdpt |vars |cons |rows |cuts |sepa|confs|strbr|  dualbound   | primalbound  |  gap   | compl. 
  0.0s|     1 |     0 |   113 |     - |  2673k |   0 | 161 |  94 | 234 |   0 |  0 |   0 |   0 | 2.633311e+00 | 3.726545e+00 |  41.52%| unknown
L 0.0s|     1 |     0 |   113 |     - |undercov|   0 | 161 |  94 | 234 |   0 |  0 |   0 |   0 | 2.633311e+00 | 2.826526e+00 |   7.34%| unknown
L 0.0s|     1 |     0 |   113 |     - |undercov|   0 | 161 |  94 | 234 |   0 |  0 |   0 |   0 | 2.633311e+00 | 2.761546e+00 |   4.87%| unknown
L 0.0s|     1 |     0 |   113 |     - |  subnlp|   0 | 161 |  94 | 234 |   0 |  0 |   0 |   0 | 2.633311e+00 | 2.761546e+00 |   4.87%| unknown
  0.0s|     1 |     0 |   175 |     - |  3090k |   0 | 161 |  94 | 261 |  27 |  1 |   0 |   0 | 2.722919e+00 | 2.761546e+00 |   1.42%| unknown
  0.0s|     1 |     0 |   175 |     - |  3090k |   0 | 161 |  94 | 255 |  27 |  1 |   0 |   0 | 2.722919e+00 | 2.761546e+00 |   1.42%| unknown
  0.0s|     1 |     0 |   187 |     - |  3090k |   0 | 161 |  94 | 266 |  38 |  2 |   0 |   0 | 2.757238e+00 | 2.761546e+00 |   0.16%| unknown
  0.0s|     1 |     0 |   188 |     - |  3090k |   0 | 161 |  94 | 267 |  39 |  3 |   0 |   0 | 2.757827e+00 | 2.761546e+00 |   0.13%| unknown
  0.1s|     1 |     0 |  5519 |     - |  3153k |   0 | 161 |  39 | 267 |  39 |  4 |   0 |   0 | 2.757827e+00 | 2.761546e+00 |   0.13%| unknown
  0.1s|     1 |     0 |  5527 |     - |  3153k |   0 | 161 |  39 | 275 |  47 |  5 |   0 |   0 | 2.761114e+00 | 2.761546e+00 |   0.02%| unknown

SCIP Status        : solving was interrupted [gap limit reached]
Solving Time (sec) : 0.12
Solving Nodes      : 1
Primal Bound       : +2.76154560271635e+00 (4 solutions)
Dual Bound         : +2.76111446315719e+00
Gap                : 0.02 %
