4 16 0.0 0.0 2.497439978070588 0.030274786999996195
4 32 0.0005995700103085255 0.0005995700103085255 2.121879398834892 0.05123060900000098
4 64 0.011824486113923172 0.011824486113923172 1.7190966854617926 0.14921257499999996
4 128 0.033255872532869546 0.03340832061575938 1.350229446266198 0.6391041080000051
4 256 0.05544868349678289 0.05564289001522571 0.9991084945542106 2.3400536410000043
8 16 0.0 0.0 None 0.048113301000000774
8 32 0.2521733542217248 0.26309007778115756 5.126295099286551 0.0959158910000042
8 64 0.9214999279436 0.9438333725700545 3.934763107365413 0.3061737570000105
8 128 1.295617391930577 1.310840913953914 3.615123009767771 1.1911501719999933
8 256 1.4773633950214062 1.4895687080555708 3.0417453629310014 4.486541388000006
16 16 0.01685068950155255 0.01698620088836833 None 0.09380852300000697
16 32 1.780022119890873 1.8264133782302565 None 0.19222434499999963
16 64 3.1646396351028443 3.189898114923821 8.755514388074872 0.6179093159999951
16 128 4.160960889591561 4.190829323789419 7.66433355264688 2.4210583889999953
16 256 4.693248416367411 4.71741808022769 7.3117758726646676 9.115833013999989
32 16 0.4443250844126396 0.5535473261302286 None 0.1859822610000066
32 32 3.475543512016145 3.5226536688290366 None 0.38512691199998983
32 64 6.493200383837774 6.538906178510317 16.788333337154654 1.2364085769999917
32 128 8.096123740739419 8.126444210584236 12.5225016591965 4.954730429999998
32 256 8.847612078414274 8.871898863543475 11.849172963567433 18.309716975
