{
  "arithmetic": "exact fractions; rational Taylor and Riemann bounds",
  "certified": true,
  "dynkin_integrand_lower": "342357/140000",
  "gaussian_lower_bounds": {
    "Phi_minus_14_5": "2872295256420348145/1157533190625274363904",
    "Phi_minus_2": "12975896629366540281/578766595312637181952",
    "Phi_minus_4_5": "243192238280489622519/1157533190625274363904",
    "Phi_plus_6_5": "4090207893693426491839/4630132762501097455616"
  },
  "inherited_optimal_payoff_enclosure": [
    "-3.7609",
    "-3.7607"
  ],
  "opposite_boundary_score_error_upper": "313855086769334038191789471160383320805117772223201725644801/615656346818663737691860001564743965704370926101022604186692084441339402679643915803347910232576806887603562348544",
  "payoff_provenance": {
    "blob": "a840cb904798a5f911ed576dc160b7157e46596d",
    "path": "revisions/2026-09-24-r30/paper/generated/stopping.tex",
    "recomputed": false,
    "ref": "6ea1e2fd8ab1928ded4ea98dc74ba6e1e72cf9d0"
  },
  "scope": "one original-model restart, k=2,c=3/4,p=0,constant theta in [-1/5,1/5]",
  "seconds": 0.24471271400000205,
  "state_derivative_lower": "28901/253125",
  "theta_subintervals": [
    [
      "-1/5",
      "0"
    ],
    [
      "0",
      "1/5"
    ]
  ],
  "uniform_derivative_lower_bounds": [
    "8163/125000",
    "47251/125000"
  ],
  "unique_global_maximizer": "1/5",
  "wealth_lower": "25/49"
}
