SUPPORT 12 defer 0 regret 4.755807114476233 cost 0.0
SUPPORT 12 defer 1 regret 2.7274988211967783 cost 1.07277675135541
SUPPORT 12 defer 4 regret 1.5969666638362063 cost 3.152927089438138
SUPPORT 12 defer 16 regret 0.2262191058776364 cost 12.79257561064794
SUPPORT 12 defer 64 regret 0.0036773036395161053 cost 15.63725094171898
SUPPORT 12 defer 256 regret 0.0009109650307510805 cost 15.641015032476446
SUPPORT 12 defer 1024 regret 0.00022723744566653957 cost 15.641831182348271
SUPPORT 12 defer 4096 regret 5.679076147560757e-05 cost 15.642022769307635
SUMMARY 12 defer 1/100 cost 15.63725094171898 lower 15.001166943701316 gap 0.6360839980176642 saved 0.001873261318515849 selected 64
SUMMARY 12 defer 1/20 cost 15.627450577919488 lower 14.118947876415296 gap 1.5085027015041923 saved 0.0 selected inherited_class
SUPPORT 12 occupancy_stress 0 regret 4.755807114476233 cost 0.0
SUPPORT 12 occupancy_stress 1 regret 2.7274988211967783 cost 1.0121137066225219
SUPPORT 12 occupancy_stress 4 regret 0.9271703359174338 cost 3.9739209678344523
SUPPORT 12 occupancy_stress 16 regret 0.30700883559374775 cost 9.347103296420773
SUPPORT 12 occupancy_stress 64 regret 0.014017990055549845 cost 13.741126085005243
SUPPORT 12 occupancy_stress 256 regret 0.003471639010371221 cost 13.797365196614425
SUPPORT 12 occupancy_stress 1024 regret 0.0008659332401766016 cost 13.814341873748084
SUPPORT 12 occupancy_stress 4096 regret 0.00021641319831811517 cost 13.817584465029377
SUMMARY 12 occupancy_stress 1/100 cost 13.797365196614425 lower 13.140504011645262 gap 0.6568611849691638 saved 0.009865510743094046 selected 256
SUMMARY 12 occupancy_stress 1/20 cost 13.741126085005243 lower 11.957375946388495 gap 1.7837501386167476 saved 0.016972868054436947 selected 64
SUPPORT 12 spline33 0 regret 0.005758121238524299 cost 0.0
SUPPORT 12 spline33 1 regret 0.005758121238524299 cost 0.0
SUPPORT 12 spline33 4 regret 0.005758121238524299 cost 0.0
SUPPORT 12 spline33 16 regret 0.005758121238524299 cost 0.0
SUPPORT 12 spline33 64 regret 0.005758121238524299 cost 0.0
SUPPORT 12 spline33 256 regret 0.005758121238524299 cost 0.0
SUPPORT 12 spline33 1024 regret 0.0017723703221877677 cost 0.021331977703159602
SUPPORT 12 spline33 4096 regret 0.00044337844882685835 cost 0.05069663947570726
SUMMARY 12 spline33 1/100 cost 0.0 lower 0.0 gap 0.0 saved 0.029366382197199795 selected 0
SUMMARY 12 spline33 1/20 cost 0.0 lower 0.0 gap 0.0 saved 0.0008800534327965671 selected 0
SUPPORT 12 spline129 0 regret 0.0004115646401123646 cost 0.0
SUPPORT 12 spline129 1 regret 0.0004115646401123646 cost 0.0
SUPPORT 12 spline129 4 regret 0.0004115646401123646 cost 0.0
SUPPORT 12 spline129 16 regret 0.0004115646401123646 cost 0.0
SUPPORT 12 spline129 64 regret 0.0004115646401123646 cost 0.0
SUPPORT 12 spline129 256 regret 0.0004115646401123646 cost 0.0
SUPPORT 12 spline129 1024 regret 0.0004115646401123646 cost 0.0
SUPPORT 12 spline129 4096 regret 0.0004115646401123646 cost 0.0
SUMMARY 12 spline129 1/100 cost 0.0 lower 0.0 gap 0.0 saved 0.0 selected 0
SUMMARY 12 spline129 1/20 cost 0.0 lower 0.0 gap 0.0 saved 0.0 selected 0
SUPPORT 12 neural31001 0 regret 0.6451698899331638 cost 0.0
SUPPORT 12 neural31001 1 regret 0.6451698899331638 cost 0.0
SUPPORT 12 neural31001 4 regret 0.6451698899331638 cost 0.0
SUPPORT 12 neural31001 16 regret 0.12889257130229134 cost 1.6841928523714051
SUPPORT 12 neural31001 64 regret 0.05809174596492287 cost 2.7346257703711876
SUPPORT 12 neural31001 256 regret 0.014570463248123656 cost 3.5201921604781248
SUPPORT 12 neural31001 1024 regret 0.0030482439483835067 cost 3.894877334188354
SUPPORT 12 neural31001 4096 regret 0.0007613472959423355 cost 3.986942628206674
SUMMARY 12 neural31001 1/100 cost 3.894877334188354 lower 2.62083558164617 gap 1.274041752542184 saved 0.06558836535863952 selected 1024
SUMMARY 12 neural31001 1/20 cost 3.5201921604781248 lower 1.5242654845391177 gap 1.995926675939007 saved 0.21431504239251062 selected 256
SUPPORT 12 neural31002 0 regret 0.6115125161354096 cost 0.0
SUPPORT 12 neural31002 1 regret 0.6115125161354096 cost 0.0
SUPPORT 12 neural31002 4 regret 0.6115125161354096 cost 0.0
SUPPORT 12 neural31002 16 regret 0.15571669341420252 cost 1.2615675391510794
SUPPORT 12 neural31002 64 regret 0.03802198520262493 cost 2.262772839225427
SUPPORT 12 neural31002 256 regret 0.008556883762763805 cost 2.651883937103669
SUPPORT 12 neural31002 1024 regret 0.003154740344544511 cost 2.8781539030379855
SUPPORT 12 neural31002 4096 regret 0.000787964650524172 cost 2.9515916688617976
SUMMARY 12 neural31002 1/100 cost 2.651883937103669 lower 1.8808946544078533 gap 0.7709892826958158 saved 0.2729474567236833 selected 256
SUMMARY 12 neural31002 1/20 cost 2.262772839225427 lower 1.03323726951287 gap 1.2295355697125567 saved 0.4523437120681267 selected 64
SUPPORT 12 neural31003 0 regret 0.22424558641522974 cost 0.0
SUPPORT 12 neural31003 1 regret 0.22424558641522974 cost 0.0
SUPPORT 12 neural31003 4 regret 0.22424558641522974 cost 0.0
SUPPORT 12 neural31003 16 regret 0.12408003091699919 cost 0.014469638155471164
SUPPORT 12 neural31003 64 regret 0.03784708835225933 cost 0.6744839859040395
SUPPORT 12 neural31003 256 regret 0.011129290867455694 cost 1.3377084847787273
SUPPORT 12 neural31003 1024 regret 0.002774480783265453 cost 1.5149820890260053
SUPPORT 12 neural31003 4096 regret 0.0006931898814039161 cost 1.5434134553197962
SUMMARY 12 neural31003 1/100 cost 1.5149820890260053 lower 0.4809526886027924 gap 1.034029400423213 saved 0.008744199062780126 selected 1024
SUMMARY 12 neural31003 1/20 cost 0.6744839859040395 lower 0.041222220454764945 gap 0.6332617654492745 saved 0.7302122430490282 selected 64
