SUPPORT 4 defer 0 regret 1.6189395356902312 cost 0.0
SUPPORT 4 defer 1 regret 1.3992997149542625 cost 0.16234978885617046
SUPPORT 4 defer 4 regret 0.5815805455760454 cost 0.9134785691337826
SUPPORT 4 defer 16 regret 0.20620424055534053 cost 3.2066830907387596
SUPPORT 4 defer 64 regret 0.003180894920872055 cost 4.937420710280679
SUPPORT 4 defer 256 regret 0.0007889510615315579 cost 4.93767359788967
SUPPORT 4 defer 1024 regret 0.00019685074639713937 cost 4.937735888246084
SUPPORT 4 defer 4096 regret 4.9189720983398613e-05 cost 4.9377514034145475
SUMMARY 4 defer 1/100 cost 4.937420710280679 lower 4.312942574989146 gap 0.6244781352915338 saved 5.147900722663965e-05 selected 64
SUMMARY 4 defer 1/20 cost 4.936309229406193 lower 3.6640408782469103 gap 1.2722683511592827 saved 0.0 selected inherited_class
SUPPORT 4 occupancy_stress 0 regret 1.6189395356902312 cost 0.0
SUPPORT 4 occupancy_stress 1 regret 1.3992997149542625 cost 0.16234978885617046
SUPPORT 4 occupancy_stress 4 regret 0.5352854486068205 cost 0.9784928766049705
SUPPORT 4 occupancy_stress 16 regret 0.19297257175948682 cost 2.6867214107174227
SUPPORT 4 occupancy_stress 64 regret 0.012793102382226779 cost 4.205610854583988
SUPPORT 4 occupancy_stress 256 regret 0.003172085892208284 cost 4.209701159351606
SUPPORT 4 occupancy_stress 1024 regret 0.000791430158902702 cost 4.210708080979231
SUPPORT 4 occupancy_stress 4096 regret 0.0001977871243038587 cost 4.210958846961141
SUMMARY 4 occupancy_stress 1/100 cost 4.209701159351606 lower 3.628916666702646 gap 0.5807844926489598 saved 0.00020173737247060667 selected 256
SUMMARY 4 occupancy_stress 1/20 cost 4.20531858603332 lower 3.0006662514284526 gap 1.204652334604867 saved 0.0 selected inherited_class
SUPPORT 4 spline33 0 regret 4.093532982641767e-08 cost 0.0
SUPPORT 4 spline33 1 regret 4.093532982641767e-08 cost 0.0
SUPPORT 4 spline33 4 regret 4.093532982641767e-08 cost 0.0
SUPPORT 4 spline33 16 regret 4.093532982641767e-08 cost 0.0
SUPPORT 4 spline33 64 regret 4.093532982641767e-08 cost 0.0
SUPPORT 4 spline33 256 regret 4.093532982641767e-08 cost 0.0
SUPPORT 4 spline33 1024 regret 4.093532982641767e-08 cost 0.0
SUPPORT 4 spline33 4096 regret 4.093532982641767e-08 cost 0.0
SUMMARY 4 spline33 1/100 cost 0.0 lower 0.0 gap 0.0 saved 0.0 selected 0
SUMMARY 4 spline33 1/20 cost 0.0 lower 0.0 gap 0.0 saved 0.0 selected 0
SUPPORT 4 spline129 0 regret 4.093532939543612e-08 cost 0.0
SUPPORT 4 spline129 1 regret 4.093532939543612e-08 cost 0.0
SUPPORT 4 spline129 4 regret 4.093532939543612e-08 cost 0.0
SUPPORT 4 spline129 16 regret 4.093532939543612e-08 cost 0.0
SUPPORT 4 spline129 64 regret 4.093532939543612e-08 cost 0.0
SUPPORT 4 spline129 256 regret 4.093532939543612e-08 cost 0.0
SUPPORT 4 spline129 1024 regret 4.093532939543612e-08 cost 0.0
SUPPORT 4 spline129 4096 regret 4.093532939543612e-08 cost 0.0
SUMMARY 4 spline129 1/100 cost 0.0 lower 0.0 gap 0.0 saved 0.0 selected 0
SUMMARY 4 spline129 1/20 cost 0.0 lower 0.0 gap 0.0 saved 0.0 selected 0
SUPPORT 4 neural31001 0 regret 0.12459346828494759 cost 0.0
SUPPORT 4 neural31001 1 regret 0.12459346828494759 cost 0.0
SUPPORT 4 neural31001 4 regret 0.12459346828494759 cost 0.0
SUPPORT 4 neural31001 16 regret 0.1078752468221533 cost 0.01500713833915928
SUPPORT 4 neural31001 64 regret 0.027622610665056613 cost 0.09488997097353699
SUPPORT 4 neural31001 256 regret 0.006947762084219428 cost 0.1140049200779146
SUPPORT 4 neural31001 1024 regret 0.0017395936131050654 cost 0.11883845979663207
SUPPORT 4 neural31001 4096 regret 0.0004350657013435221 cost 0.1200503065294696
SUMMARY 4 neural31001 1/100 cost 0.1140049200779146 lower 0.07464116828457804 gap 0.039363751793336565 saved 0.003945829319429165 selected 256
SUMMARY 4 neural31001 1/20 cost 0.09488997097353699 lower 0.025367796849639943 gap 0.06952217412389705 saved 0.013065277052822911 selected 64
SUPPORT 4 neural31002 0 regret 0.14355976038110824 cost 0.0
SUPPORT 4 neural31002 1 regret 0.14355976038110824 cost 0.0
SUPPORT 4 neural31002 4 regret 0.14355976038110824 cost 0.0
SUPPORT 4 neural31002 16 regret 0.1078752468221533 cost 0.060075022714490875
SUPPORT 4 neural31002 64 regret 0.027622610665056613 cost 0.13317171853021495
SUPPORT 4 neural31002 256 regret 0.006947762084219428 cost 0.15228666763459256
SUPPORT 4 neural31002 1024 regret 0.0017395936131050654 cost 0.15712020735331003
SUPPORT 4 neural31002 4096 regret 0.0004350657013435221 cost 0.15833205408614756
SUMMARY 4 neural31002 1/100 cost 0.15228666763459256 lower 0.10958279375034621 gap 0.042703873884246346 saved 0.003945829319429165 selected 256
SUMMARY 4 neural31002 1/20 cost 0.13317171853021495 lower 0.045915128029933014 gap 0.08725659050028194 saved 0.013065277052822911 selected 64
SUPPORT 4 neural31003 0 regret 0.14335451616141237 cost 0.0
SUPPORT 4 neural31003 1 regret 0.14335451616141237 cost 0.0
SUPPORT 4 neural31003 4 regret 0.14335451616141237 cost 0.0
SUPPORT 4 neural31003 16 regret 0.1078752468221533 cost 0.03175754781638581
SUPPORT 4 neural31003 64 regret 0.027622610665056613 cost 0.10485424363210989
SUPPORT 4 neural31003 256 regret 0.006947762084219428 cost 0.12396919273648749
SUPPORT 4 neural31003 1024 regret 0.0017395936131050654 cost 0.12880273245520496
SUPPORT 4 neural31003 4096 regret 0.0004350657013435221 cost 0.1300145791880425
SUMMARY 4 neural31003 1/100 cost 0.12396919273648749 lower 0.08393180440303113 gap 0.04003738833345636 saved 0.003945829319429165 selected 256
SUMMARY 4 neural31003 1/20 cost 0.10485424363210989 lower 0.03093002625016388 gap 0.07392421738194602 saved 0.013065277052822911 selected 64
