SUPPORT 8 defer 0 regret 3.356214854787955 cost 0.0
SUPPORT 8 defer 1 regret 2.287376646984043 cost 0.4912164326222239
SUPPORT 8 defer 4 regret 1.2017902394845137 cost 2.13550978322774
SUPPORT 8 defer 16 regret 0.20620424055534053 cost 8.583611264823436
SUPPORT 8 defer 64 regret 0.0036773036395161053 cost 10.823575280557375
SUPPORT 8 defer 256 regret 0.0009109650307510805 cost 10.826291172370805
SUPPORT 8 defer 1024 regret 0.00022723744566653957 cost 10.826957648444035
SUPPORT 8 defer 4096 regret 5.679076147560757e-05 cost 10.827123499913192
SUMMARY 8 defer 1/100 cost 10.823575280557375 lower 10.203909693449694 gap 0.6196655871076805 saved 0.0014573536071133453 selected 64
SUMMARY 8 defer 1/20 cost 10.815918285660779 lower 9.445139656107543 gap 1.3707786295532365 saved 0.0 selected inherited_class
SUPPORT 8 occupancy_stress 0 regret 3.356214854787955 cost 0.0
SUPPORT 8 occupancy_stress 1 regret 2.287376646984043 cost 0.4912164326222239
SUPPORT 8 occupancy_stress 4 regret 0.7504207027475157 cost 2.4970922858329203
SUPPORT 8 occupancy_stress 16 regret 0.23739550378925128 cost 6.422796893421338
SUPPORT 8 occupancy_stress 64 regret 0.014017990055549845 cost 9.491693927245786
SUPPORT 8 occupancy_stress 256 regret 0.003471639010371221 cost 9.535806635385583
SUPPORT 8 occupancy_stress 1024 regret 0.0008659332401766016 cost 9.546624741410229
SUPPORT 8 occupancy_stress 4096 regret 0.00021641319831811517 cost 9.549316373283492
SUMMARY 8 occupancy_stress 1/100 cost 9.535806635385583 lower 8.887171775543289 gap 0.648634859842296 saved 0.005662524771217572 selected 256
SUMMARY 8 occupancy_stress 1/20 cost 9.491693927245786 lower 7.942793927363778 gap 1.5488999998820072 saved 0.014596960585563937 selected 64
SUPPORT 8 spline33 0 regret 0.005758121238524299 cost 0.0
SUPPORT 8 spline33 1 regret 0.005758121238524299 cost 0.0
SUPPORT 8 spline33 4 regret 0.005758121238524299 cost 0.0
SUPPORT 8 spline33 16 regret 0.005758121238524299 cost 0.0
SUPPORT 8 spline33 64 regret 0.005758121238524299 cost 0.0
SUPPORT 8 spline33 256 regret 0.005758121238524299 cost 0.0
SUPPORT 8 spline33 1024 regret 0.0017723703221877677 cost 0.026246990516837314
SUPPORT 8 spline33 4096 regret 0.00044337844882685835 cost 0.043079634169364736
SUMMARY 8 spline33 1/100 cost 0.0 lower 0.0 gap 0.0 saved 0.029665726800523526 selected 0
SUMMARY 8 spline33 1/20 cost 0.0 lower 0.0 gap 0.0 saved 0.0 selected 0
SUPPORT 8 spline129 0 regret 0.0004115646401123646 cost 0.0
SUPPORT 8 spline129 1 regret 0.0004115646401123646 cost 0.0
SUPPORT 8 spline129 4 regret 0.0004115646401123646 cost 0.0
SUPPORT 8 spline129 16 regret 0.0004115646401123646 cost 0.0
SUPPORT 8 spline129 64 regret 0.0004115646401123646 cost 0.0
SUPPORT 8 spline129 256 regret 0.0004115646401123646 cost 0.0
SUPPORT 8 spline129 1024 regret 0.0004115646401123646 cost 0.0
SUPPORT 8 spline129 4096 regret 0.0004115646401123646 cost 0.0
SUMMARY 8 spline129 1/100 cost 0.0 lower 0.0 gap 0.0 saved 0.0 selected 0
SUMMARY 8 spline129 1/20 cost 0.0 lower 0.0 gap 0.0 saved 0.0 selected 0
SUPPORT 8 neural31001 0 regret 0.2348312089779615 cost 0.0
SUPPORT 8 neural31001 1 regret 0.2348312089779615 cost 0.0
SUPPORT 8 neural31001 4 regret 0.2348312089779615 cost 0.0
SUPPORT 8 neural31001 16 regret 0.11104625102785647 cost 0.09118288172891793
SUPPORT 8 neural31001 64 regret 0.028025056314390506 cost 0.41598144757520006
SUPPORT 8 neural31001 256 regret 0.007042524663938441 cost 0.5336811973964438
SUPPORT 8 neural31001 1024 regret 0.0017629249183427364 cost 0.5676419242235532
SUPPORT 8 neural31001 4096 regret 0.0004408876163795176 cost 0.5761508672485898
SUMMARY 8 neural31001 1/100 cost 0.5336811973964438 lower 0.20570085256494444 gap 0.3279803448314994 saved 0.030524413074415595 selected 256
SUMMARY 8 neural31001 1/20 cost 0.41598144757520006 lower 0.06020759950353519 gap 0.3557738480716649 saved 0.08715157608976153 selected 64
SUPPORT 8 neural31002 0 regret 0.2962820045583683 cost 0.0
SUPPORT 8 neural31002 1 regret 0.2962820045583683 cost 0.0
SUPPORT 8 neural31002 4 regret 0.2962820045583683 cost 0.0
SUPPORT 8 neural31002 16 regret 0.11104625102785647 cost 0.0
SUPPORT 8 neural31002 64 regret 0.028025056314390506 cost 0.282891213582118
SUPPORT 8 neural31002 256 regret 0.007042524663938441 cost 0.3975321258717576
SUPPORT 8 neural31002 1024 regret 0.003154740344544511 cost 0.4403192173585576
SUPPORT 8 neural31002 4096 regret 0.000787964650524172 cost 0.455059366068711
SUMMARY 8 neural31002 1/100 cost 0.3975321258717576 lower 0.09567531212227709 gap 0.30185681374948053 saved 0.04417775836784022 selected 256
SUMMARY 8 neural31002 1/20 cost 0.282891213582118 lower 0.00035973218486909554 gap 0.2825314813972489 saved 0.0867456798378459 selected 64
SUPPORT 8 neural31003 0 regret 0.22424558641522974 cost 0.0
SUPPORT 8 neural31003 1 regret 0.22424558641522974 cost 0.0
SUPPORT 8 neural31003 4 regret 0.22424558641522974 cost 0.0
SUPPORT 8 neural31003 16 regret 0.11104625102785647 cost 0.0219621371307037
SUPPORT 8 neural31003 64 regret 0.03784708835225933 cost 0.4776179755465763
SUPPORT 8 neural31003 256 regret 0.011129290867455694 cost 0.8912065888464378
SUPPORT 8 neural31003 1024 regret 0.002774480783265453 cost 1.017216888140193
SUPPORT 8 neural31003 4096 regret 0.0006931898814039161 cost 1.0486038881645057
SUMMARY 8 neural31003 1/100 cost 1.017216888140193 lower 0.35231384165699914 gap 0.6649030464831939 saved 0.014022955583562672 selected 1024
SUMMARY 8 neural31003 1/20 cost 0.4776179755465763 lower 0.04534379043918467 gap 0.4322741851073917 saved 0.44232053782280806 selected 64
