{
  "passed": true,
  "support_count": 168,
  "primal_dual_count": 42,
  "fresh_class_count": 42,
  "total_certificates": 252,
  "optimizer_disabled": true,
  "summary_mutations_rejected": [
    "lower_point_inflated",
    "false_integrated_gap",
    "support_hash_changed",
    "missing_summary_date",
    "missing_interval",
    "false_feasibility_upper",
    "nonintegral_lower_selector",
    "wrong_terminal_cost"
  ],
  "sufficient_price_bounds": [
    {
      "T": 4,
      "regret_bound": "150443/81920000",
      "below_1_100": true
    },
    {
      "T": 8,
      "regret_bound": "8681972959/2621440000000",
      "below_1_100": true
    },
    {
      "T": 12,
      "regret_bound": "1893170840933839/419430400000000000",
      "below_1_100": true
    }
  ],
  "whole_audit_seconds": 64.36149315399999
}
