{
  "cases": 42,
  "support_solves": 168,
  "new_class_baselines": 42,
  "independent_certificates": 252,
  "passed": 42,
  "preservation_passed": 42,
  "neural_cases": 18,
  "neural_strictly_lower_than_class": 18,
  "all_cases_strictly_lower_than_class": 29,
  "zero_global_gap": 12,
  "neural_saving_min": 0.003945829319429165,
  "neural_saving_max": 0.7302122430490282,
  "neural_saving_percent_min": 0.573869410217238,
  "neural_saving_percent_max": 51.98364087538427,
  "unique_measured_construction_and_internal_check_seconds": 119.45673108199978,
  "diagnostic_exact_operating_dp_seconds": 0.1376307080000032,
  "additional_independent_audit_seconds": 64.36149315399999,
  "failures": [],
  "scope": "Fixed installed proposals; no newly measured fitting time. Global gaps concern the unrestricted all-restart feasible set.",
  "max_stored_support_or_value_pieces": 361,
  "max_support_integer_bits": 251,
  "compressed_certificate_bytes": 7356067,
  "source_result_sha256": {
    "H4.json": "fb69e1c1fec1531b352bcd18dbdd92bb77aedadcdb46e96c73fc0d43d13d45a2",
    "H8.json": "338d433c0eccdffe15673096b2d940252230a8957cfb1a1303f80bd56765fde4",
    "H12.json": "77927b6d89b041619c1f956cd028e59585b8ff64e468023bbf014b50675a1ea2"
  }
}
