CLOSURE 4 defer 1/100 improvement 0.0 gap 0.6244781352915338
CLOSURE 4 defer 1/20 improvement 0.0 gap 1.2722683511592827
CLOSURE 4 occupancy_stress 1/100 improvement 0.0070910837847422085 gap 0.5736934088642176
CLOSURE 4 occupancy_stress 1/20 improvement 0.016636461420290648 gap 1.1880158731845762
CLOSURE 4 spline33 1/100 improvement 0.0 gap 0.0
CLOSURE 4 spline33 1/20 improvement 0.0 gap 0.0
CLOSURE 4 spline129 1/100 improvement 0.0 gap 0.0
CLOSURE 4 spline129 1/20 improvement 0.0 gap 0.0
CLOSURE 4 neural31001 1/100 improvement 0.0015609122110859929 gap 0.03780283958225057
CLOSURE 4 neural31001 1/20 improvement 0.0 gap 0.06952217412389705
CLOSURE 4 neural31002 1/100 improvement 0.0015609122110859929 gap 0.04114296167316035
CLOSURE 4 neural31002 1/20 improvement 0.0 gap 0.08725659050028194
CLOSURE 4 neural31003 1/100 improvement 0.0015609122110859929 gap 0.038476476122370366
CLOSURE 4 neural31003 1/20 improvement 0.0 gap 0.07392421738194602
CLOSURE 8 defer 1/100 improvement 1.431997634114229e-05 gap 0.6196512671313394
CLOSURE 8 defer 1/20 improvement 0.0 gap 1.3707786295532365
CLOSURE 8 occupancy_stress 1/100 improvement 0.006494989342742844 gap 0.6421398704995531
CLOSURE 8 occupancy_stress 1/20 improvement 0.011664680951214616 gap 1.5372353189307928
CLOSURE 8 spline33 1/100 improvement 0.0 gap 0.0
CLOSURE 8 spline33 1/20 improvement 0.0 gap 0.0
CLOSURE 8 spline129 1/100 improvement 0.0 gap 0.0
CLOSURE 8 spline129 1/20 improvement 0.0 gap 0.0
CLOSURE 8 neural31001 1/100 improvement 0.11881585410109947 gap 0.20916449073039992
CLOSURE 8 neural31001 1/20 improvement 0.042276240374209066 gap 0.3134976076974558
CLOSURE 8 neural31002 1/100 improvement 0.11625624179704752 gap 0.185600571952433
CLOSURE 8 neural31002 1/20 improvement 0.03993660204723355 gap 0.24259487935001534
CLOSURE 8 neural31003 1/100 improvement 0.13093909007534074 gap 0.5339639564078532
CLOSURE 8 neural31003 1/20 improvement 0.02288970442826561 gap 0.40938448067912603
CLOSURE 12 defer 1/100 improvement 0.0 gap 0.6360839980176642
CLOSURE 12 defer 1/20 improvement 0.0 gap 1.5085027015041923
CLOSURE 12 occupancy_stress 1/100 improvement 0.00886580227206771 gap 0.6479953826970961
CLOSURE 12 occupancy_stress 1/20 improvement 0.01024529678161008 gap 1.7735048418351376
CLOSURE 12 spline33 1/100 improvement 0.0 gap 0.0
CLOSURE 12 spline33 1/20 improvement 0.0 gap 0.0
CLOSURE 12 spline129 1/100 improvement 0.0 gap 0.0
CLOSURE 12 spline129 1/20 improvement 0.0 gap 0.0
CLOSURE 12 neural31001 1/100 improvement 0.09113013212541919 gap 1.182911620416765
CLOSURE 12 neural31001 1/20 improvement 0.04243966364019414 gap 1.9534870122988128
CLOSURE 12 neural31002 1/100 improvement 0.13954333592517143 gap 0.6314459467706444
CLOSURE 12 neural31002 1/20 improvement 0.10446068894681436 gap 1.1250748807657425
CLOSURE 12 neural31003 1/100 improvement 0.2616840478553649 gap 0.7723453525678481
CLOSURE 12 neural31003 1/20 improvement 0.0362896962104029 gap 0.5969720692388716
