d10_anchor_rho0_seed29011_NBO-primitive-risk certified 0.2857628409999933
d10_anchor_rho0_seed29011_structural certified 0.09959927100000243
d10_anchor_rho0_seed29029_structural certified 0.09905993699999982
d10_anchor_rho0_seed29029_NBO-primitive-risk certified 0.2646709739999977
d10_anchor_rho2_seed29011_NBO-primitive-risk certified 0.322199396000002
d10_anchor_rho2_seed29011_structural certified 0.128412234999999
d10_anchor_rho2_seed29029_structural certified 0.13178478999999754
d10_anchor_rho2_seed29029_NBO-primitive-risk certified 0.3129114010000009
d10_anchor_rho4_seed29011_NBO-primitive-risk certified 0.3437379919999941
d10_anchor_rho4_seed29011_structural certified 0.12867688300000424
d10_anchor_rho4_seed29029_structural certified 0.12836142500000136
d10_anchor_rho4_seed29029_NBO-primitive-risk certified 0.3443982289999994
d10_technology_rho0_seed29011_NBO-primitive-risk certified 0.2714815690000023
d10_technology_rho0_seed29011_structural certified 0.10042617799999931
d10_technology_rho0_seed29029_structural certified 0.10026007900000167
d10_technology_rho0_seed29029_NBO-primitive-risk certified 0.2746667620000025
d10_technology_rho2_seed29011_NBO-primitive-risk certified 0.31912302900000356
d10_technology_rho2_seed29011_structural certified 0.13343902100000093
d10_technology_rho2_seed29029_structural certified 0.12861701899999645
d10_technology_rho2_seed29029_NBO-primitive-risk certified 0.3170362839999967
d10_technology_rho4_seed29011_NBO-primitive-risk certified 0.3466212979999952
d10_technology_rho4_seed29011_structural certified 0.12868126000000046
d10_technology_rho4_seed29029_structural certified 0.12874627200000077
d10_technology_rho4_seed29029_NBO-primitive-risk certified 0.34902503599999335
d10_valuation_rho0_seed29011_NBO-primitive-risk certified 0.2630199279999985
d10_valuation_rho0_seed29011_structural certified 0.09948726900000082
d10_valuation_rho0_seed29029_structural certified 0.09916505399999664
d10_valuation_rho0_seed29029_NBO-primitive-risk certified 0.2625621789999997
d10_valuation_rho2_seed29011_NBO-primitive-risk certified 0.31475954499999403
d10_valuation_rho2_seed29011_structural certified 0.12807920999999567
d10_valuation_rho2_seed29029_structural certified 0.12900361399999838
d10_valuation_rho2_seed29029_NBO-primitive-risk certified 0.34310167099999944
d10_valuation_rho4_seed29011_NBO-primitive-risk certified 0.34433863900000006
d10_valuation_rho4_seed29011_structural certified 0.12919371100000632
d10_valuation_rho4_seed29029_structural certified 0.12956270299999773
d10_valuation_rho4_seed29029_NBO-primitive-risk certified 0.3475169079999958
d50_anchor_rho0_seed29011_NBO-primitive-risk certified 0.5999291159999984
d50_anchor_rho0_seed29011_structural certified 0.22470338099999765
d50_anchor_rho0_seed29029_structural certified 0.2336168839999999
d50_anchor_rho0_seed29029_NBO-primitive-risk certified 0.6056551409999997
d50_anchor_rho2_seed29011_NBO-primitive-risk certified 0.6983028630000021
d50_anchor_rho2_seed29011_structural certified 0.2781227899999976
d50_anchor_rho2_seed29029_structural certified 0.2782897220000038
d50_anchor_rho2_seed29029_NBO-primitive-risk certified 0.6976683139999977
d50_anchor_rho4_seed29011_NBO-primitive-risk certified 1.5447746990000013
d50_anchor_rho4_seed29011_structural certified 0.27308173300000504
d50_anchor_rho4_seed29029_structural certified 0.2732618000000002
d50_anchor_rho4_seed29029_NBO-primitive-risk certified 0.7478015290000002
d50_technology_rho0_seed29011_NBO-primitive-risk certified 0.588934836
d50_technology_rho0_seed29011_structural certified 0.22263110299999767
d50_technology_rho0_seed29029_structural certified 0.22410418499999452
d50_technology_rho0_seed29029_NBO-primitive-risk certified 0.5910345939999999
d50_technology_rho2_seed29011_NBO-primitive-risk certified 0.6839576840000063
d50_technology_rho2_seed29011_structural certified 0.27456133800000515
d50_technology_rho2_seed29029_structural certified 0.27469538899999435
d50_technology_rho2_seed29029_NBO-primitive-risk certified 0.6873705369999996
d50_technology_rho4_seed29011_NBO-primitive-risk certified 0.7550124329999974
d50_technology_rho4_seed29011_structural certified 0.2758139580000005
d50_technology_rho4_seed29029_structural certified 0.2726556659999986
d50_technology_rho4_seed29029_NBO-primitive-risk certified 0.7547101689999991
d50_valuation_rho0_seed29011_NBO-primitive-risk certified 0.5694525880000043
d50_valuation_rho0_seed29011_structural certified 0.21921782599999773
d50_valuation_rho0_seed29029_structural certified 0.2220301580000026
d50_valuation_rho0_seed29029_NBO-primitive-risk certified 0.5771447730000006
d50_valuation_rho2_seed29011_NBO-primitive-risk certified 0.6801661949999982
d50_valuation_rho2_seed29011_structural certified 0.27508973800000547
d50_valuation_rho2_seed29029_structural certified 0.27418680499999937
d50_valuation_rho2_seed29029_NBO-primitive-risk certified 0.6904093570000001
d50_valuation_rho4_seed29011_NBO-primitive-risk certified 0.7661976330000044
d50_valuation_rho4_seed29011_structural certified 0.2761546040000056
d50_valuation_rho4_seed29029_structural certified 0.2742249369999996
d50_valuation_rho4_seed29029_NBO-primitive-risk certified 0.7613782540000003
{
  "services": 72,
  "certified": 72,
  "failed": 0,
  "uncertified": 0,
  "complete_service_seconds_sum": 25.423832343999983,
  "closing_ledger_seconds": 0.18292213000000146,
  "execution_loop_seconds": 25.608435876,
  "process_maxrss_kib": 95144,
  "memory_scope": "Process high-water mark; not a method-specific peak-memory comparison",
  "identity": {
    "source_commit": "01d627862b2c6fbc00c49c0c61968fc8a76e3363",
    "inherited_design_commit": "8b36866d1f2a21c2a3c97df964d2e48e02e1ca1d",
    "source_manifest_sha256": "84fad121c8d7f340e13f189b8856713a31c08d0faccb7fb44fd4e22ab9836caa",
    "protocol_sha256": "d39676e104124a720fd6bc9f3b465feee5c2a3990b9c120f444935161fdb4140",
    "python": "3.12.3",
    "numpy": "2.3.5",
    "platform": "Linux-6.17.0-1022-azure-x86_64-with-glibc2.39",
    "machine": "x86_64",
    "execution_location": "local research container",
    "started_ns": 1791278392655307752,
    "requested_threads": {
      "OPENBLAS_NUM_THREADS": "1",
      "OMP_NUM_THREADS": "1",
      "MKL_NUM_THREADS": "1"
    }
  }
}
