This is pdfTeX, Version 3.141592653-2.6-1.40.25 (TeX Live 2023/Debian) (preloaded format=pdflatex)
 restricted \write18 enabled.
entering extended mode
(./ECTA.tex
LaTeX2e <2023-11-01> patch level 1
L3 programming layer <2024-01-22>
(./econsocart.cls
Document Class: econsocart 2022/11/21 v1.4.1, The Econometric Society Journals
(/usr/share/texlive/texmf-dist/tex/latex/etoolbox/etoolbox.sty)
(./econsocart.cfg) (/usr/share/texlive/texmf-dist/tex/latex/base/fix-cm.sty
(/usr/share/texlive/texmf-dist/tex/latex/base/ts1enc.def))
(/usr/share/texlive/texmf-dist/tex/latex/graphics/graphicx.sty
(/usr/share/texlive/texmf-dist/tex/latex/graphics/keyval.sty)
(/usr/share/texlive/texmf-dist/tex/latex/graphics/graphics.sty
(/usr/share/texlive/texmf-dist/tex/latex/graphics/trig.sty)
(/usr/share/texlive/texmf-dist/tex/latex/graphics-cfg/graphics.cfg)
(/usr/share/texlive/texmf-dist/tex/latex/graphics-def/pdftex.def)))
(/usr/share/texlive/texmf-dist/tex/latex/base/fontenc.sty)
(/usr/share/texlive/texmf-dist/tex/latex/psnfss/times.sty)
(/usr/share/texlive/texmf-dist/tex/latex/textcase/textcase.sty)
(/usr/share/texlive/texmf-dist/tex/latex/psnfss/helvet.sty)
(/usr/share/texlive/texmf-dist/tex/latex/base/textcomp.sty)
(/usr/share/texlive/texmf-dist/tex/latex/psnfss/t1ptm.fd)
(/usr/share/texlive/texmf-dist/tex/latex/amsfonts/amssymb.sty
(/usr/share/texlive/texmf-dist/tex/latex/amsfonts/amsfonts.sty))
(/usr/share/texlive/texmf-dist/tex/latex/tools/bm.sty)
(/usr/share/texlive/texmf-dist/tex/latex/url/url.sty)
(/usr/share/texlive/texmf-dist/tex/latex/amsmath/amsmath.sty
For additional information on amsmath, use the `?' option.
(/usr/share/texlive/texmf-dist/tex/latex/amsmath/amstext.sty
(/usr/share/texlive/texmf-dist/tex/latex/amsmath/amsgen.sty))
(/usr/share/texlive/texmf-dist/tex/latex/amsmath/amsbsy.sty)
(/usr/share/texlive/texmf-dist/tex/latex/amsmath/amsopn.sty))
(/usr/share/texlive/texmf-dist/tex/latex/amscls/amsthm.sty)
(/usr/share/texlive/texmf-dist/tex/latex/natbib/natbib.sty)) (./preamble.tex
(/usr/share/texlive/texmf-dist/tex/latex/booktabs/booktabs.sty)
(/usr/share/texlive/texmf-dist/tex/latex/tools/array.sty)
(/usr/share/texlive/texmf-dist/tex/latex/tools/longtable.sty)
(/usr/share/texlive/texmf-dist/tex/latex/base/fontenc.sty)
(/usr/share/texlive/texmf-dist/tex/latex/psnfss/mathpazo.sty)
(/usr/share/texlive/texmf-dist/tex/latex/microtype/microtype.sty
(/usr/share/texlive/texmf-dist/tex/latex/microtype/microtype-pdftex.def)
(/usr/share/texlive/texmf-dist/tex/latex/microtype/microtype.cfg))
(/usr/share/texlive/texmf-dist/tex/latex/needspace/needspace.sty)
(/usr/share/texlive/texmf-dist/tex/latex/xurl/xurl.sty)
(/usr/share/texlive/texmf-dist/tex/latex/hyperref/hyperref.sty
(/usr/share/texlive/texmf-dist/tex/generic/iftex/iftex.sty)
(/usr/share/texlive/texmf-dist/tex/latex/kvsetkeys/kvsetkeys.sty)
(/usr/share/texlive/texmf-dist/tex/generic/kvdefinekeys/kvdefinekeys.sty)
(/usr/share/texlive/texmf-dist/tex/generic/pdfescape/pdfescape.sty
(/usr/share/texlive/texmf-dist/tex/generic/ltxcmds/ltxcmds.sty)
(/usr/share/texlive/texmf-dist/tex/generic/pdftexcmds/pdftexcmds.sty
(/usr/share/texlive/texmf-dist/tex/generic/infwarerr/infwarerr.sty)))
(/usr/share/texlive/texmf-dist/tex/latex/hycolor/hycolor.sty)
(/usr/share/texlive/texmf-dist/tex/latex/auxhook/auxhook.sty)
(/usr/share/texlive/texmf-dist/tex/latex/hyperref/nameref.sty
(/usr/share/texlive/texmf-dist/tex/latex/refcount/refcount.sty)
(/usr/share/texlive/texmf-dist/tex/generic/gettitlestring/gettitlestring.sty
(/usr/share/texlive/texmf-dist/tex/latex/kvoptions/kvoptions.sty)))
(/usr/share/texlive/texmf-dist/tex/latex/hyperref/pd1enc.def)
(/usr/share/texlive/texmf-dist/tex/generic/intcalc/intcalc.sty)
(/usr/share/texlive/texmf-dist/tex/latex/hyperref/puenc.def)
(/usr/share/texlive/texmf-dist/tex/generic/bitset/bitset.sty
(/usr/share/texlive/texmf-dist/tex/generic/bigintcalc/bigintcalc.sty))
(/usr/share/texlive/texmf-dist/tex/latex/base/atbegshi-ltx.sty))
(/usr/share/texlive/texmf-dist/tex/latex/hyperref/hpdftex.def
(/usr/share/texlive/texmf-dist/tex/latex/base/atveryend-ltx.sty)
(/usr/share/texlive/texmf-dist/tex/latex/rerunfilecheck/rerunfilecheck.sty
(/usr/share/texlive/texmf-dist/tex/generic/uniquecounter/uniquecounter.sty))))
(/usr/share/texlive/texmf-dist/tex/latex/psnfss/t1pcr.fd)
(/usr/share/texlive/texmf-dist/tex/latex/hyperref/backref.sty)
(/usr/share/texlive/texmf-dist/tex/latex/psnfss/t1ppl.fd)
(/usr/share/texlive/texmf-dist/tex/latex/l3backend/l3backend-pdftex.def)

LaTeX Warning: Unused global option(s):
    [nameyear].

No file ECTA.aux.
(/usr/share/texlive/texmf-dist/tex/context/base/mkii/supp-pdf.mkii
[Loading MPS to PDF converter (version 2006.09.02).]
) (/usr/share/texlive/texmf-dist/tex/latex/epstopdf-pkg/epstopdf-base.sty
(/usr/share/texlive/texmf-dist/tex/latex/latexconfig/epstopdf-sys.cfg))
(/usr/share/texlive/texmf-dist/tex/latex/microtype/mt-ppl.cfg)
(/usr/share/texlive/texmf-dist/tex/latex/graphics/color.sty
(/usr/share/texlive/texmf-dist/tex/latex/graphics-cfg/color.cfg)
(/usr/share/texlive/texmf-dist/tex/latex/graphics/mathcolor.ltx)) [1
Non-PDF special ignored!
<special> papersize=614.295pt,794.96999pt
{/var/lib/texmf/fonts/map/pdftex/updmap/pdftex.map}{/usr/share/texlive/texmf-di
st/fonts/enc/dvips/base/8r.enc}]
Underfull \vbox (badness 10000) has occurred while \output is active

LaTeX Font Warning: Font shape `T1/ppl/m/uc' undefined
(Font)              using `T1/ppl/m/n' instead on input line 31.


LaTeX Font Warning: Font shape `T1/ppl/m/up' undefined
(Font)              using `T1/ppl/m/n' instead on input line 31.

[2]

Package hyperref Warning: Difference (3) between bookmark levels is greater 
(hyperref)                than one, level fixed on input line 33.


Package natbib Warning: Citation `mcshane1934' on page 3 undefined on input lin
e 33.


Package natbib Warning: Citation `felzenszwalb2012' on page 3 undefined on inpu
t line 33.


Package natbib Warning: Citation `lakshminarayanan2014' on page 3 undefined on 
input line 33.


Package natbib Warning: Citation `wang2015' on page 3 undefined on input line 3
3.


Package natbib Warning: Citation `maurer2009' on page 3 undefined on input line
 33.


Underfull \vbox (badness 10000) has occurred while \output is active [3]
(./sections/core49.tex
(/usr/share/texlive/texmf-dist/tex/latex/psnfss/ot1ppl.fd)
(/usr/share/texlive/texmf-dist/tex/latex/psnfss/omlzplm.fd)
(/usr/share/texlive/texmf-dist/tex/latex/psnfss/omszplm.fd)
(/usr/share/texlive/texmf-dist/tex/latex/psnfss/omxzplm.fd)
(/usr/share/texlive/texmf-dist/tex/latex/microtype/mt-msa.cfg)
(/usr/share/texlive/texmf-dist/tex/latex/microtype/mt-msb.cfg)
(/usr/share/texlive/texmf-dist/tex/latex/microtype/mt-cmr.cfg)
(/usr/share/texlive/texmf-dist/tex/latex/psnfss/ot1zplm.fd)
(/usr/share/texlive/texmf-dist/tex/latex/psnfss/ufplmbb.fd)

LaTeX Warning: Reference `sec:decisions49' on page 4 undefined on input line 9.



LaTeX Warning: Reference `eq:operator49' on page 4 undefined on input line 11.

[4] [5]

LaTeX Warning: Reference `eq:sandwich49' on page 6 undefined on input line 42.


LaTeX Warning: Reference `eq:sandwich49' on page 6 undefined on input line 45.

[6]

LaTeX Warning: Reference `eq:cone49' on page 7 undefined on input line 67.


LaTeX Warning: Reference `eq:repair49' on page 7 undefined on input line 81.


LaTeX Warning: Reference `eq:enclosures49' on page 7 undefined on input line 86
.


LaTeX Warning: Reference `prop:sandwich49' on page 7 undefined on input line 86
.


Package natbib Warning: Citation `mcshane1934' on page 7 undefined on input lin
e 89.


LaTeX Warning: Reference `thm:construct49' on page 7 undefined on input line 89
.

[7] [8]

Package natbib Warning: Citation `felzenszwalb2012' on page 9 undefined on inpu
t line 111.


LaTeX Warning: Reference `eq:fvisensor49' on page 9 undefined on input line 124
.

) (./sections/improvement50.tex [9]

LaTeX Warning: Reference `sec:core49' on page 10 undefined on input line 4.


LaTeX Warning: Reference `eq:evalbands50' on page 10 undefined on input line 17
.

[10]

LaTeX Warning: Reference `eq:gate50' on page 11 undefined on input line 38.


LaTeX Warning: Reference `prop:advantage50' on page 11 undefined on input line 
48.

[11]

Package natbib Warning: Citation `metelli2021' on page 12 undefined on input li
ne 50.


LaTeX Warning: Reference `sec:study49' on page 12 undefined on input line 53.

[12]) (./sections/finite_sweeps51.tex [13]
Underfull \hbox (badness 4341) in paragraph at lines 33--38
\T1/ppl/m/up/12 (+20) For its cen-tered com-par-i-son with the ex-act in-cum-be
nt, de-fine $\OML/zplm/m/it/12 d[]\OT1/zplm/m/n/12 (\OML/zplm/m/it/12 x\OT1/zpl
m/m/n/12 ) =

Underfull \hbox (badness 3189) in paragraph at lines 33--38
\OML/zplm/m/it/12 Q[]\OT1/zplm/m/n/12 (\OML/zplm/m/it/12 h[]\OT1/ppl/m/n/12 (+2
0) ; \OML/zplm/m/it/12 x\OT1/ppl/m/n/12 (+20) , \OML/zplm/m/it/12 v[]\OT1/zplm/
m/n/12 (\OML/zplm/m/it/12 x\OT1/zplm/m/n/12 )) \OMS/zplm/m/n/12 ^^@ \OML/zplm/m
/it/12 Q[]\OT1/zplm/m/n/12 (\OML/zplm/m/it/12 h[]\OT1/ppl/m/n/12 (+20) ; \OML/z
plm/m/it/12 x\OT1/ppl/m/n/12 (+20) , \OML/zplm/m/it/12 ^^Y[]\OT1/zplm/m/n/12 (\
OML/zplm/m/it/12 x\OT1/zplm/m/n/12 ))$\T1/ppl/m/up/12 (+20) . A quan-ti-ta-tive
 up-per en-clo-sure sat-is-

LaTeX Warning: Reference `eq:sweep-greedy51' on page 14 undefined on input line
 47.


LaTeX Warning: Reference `eq:sweep-enclosure51' on page 14 undefined on input l
ine 47.


LaTeX Warning: Reference `eq:sweep-bands51' on page 14 undefined on input line 
52.


LaTeX Warning: Reference `eq:sweep-enclosure51' on page 14 undefined on input l
ine 52.

[14]

LaTeX Warning: Reference `eq:sweep-greedy51' on page 15 undefined on input line
 98.

[15]

LaTeX Warning: Reference `eq:sweep-recursion51' on page 16 undefined on input l
ine 111.

) (./sections/resources49.tex

LaTeX Warning: Reference `sec:study49' on page 16 undefined on input line 5.


Underfull \vbox (badness 1028) has occurred while \output is active [16]
[17]

LaTeX Warning: Reference `eq:query49' on page 18 undefined on input line 32.


LaTeX Warning: Reference `eq:coefficients49' on page 18 undefined on input line
 32.


LaTeX Warning: Reference `eq:separated49' on page 18 undefined on input line 38
.


Underfull \vbox (badness 1077) has occurred while \output is active [18]

LaTeX Warning: Reference `eq:clipped49' on page 19 undefined on input line 57.


LaTeX Warning: Reference `eq:shares49' on page 19 undefined on input line 57.

[19]

LaTeX Warning: Reference `eq:frontier49' on page 20 undefined on input line 70.


) (./sections/decisions49.tex [20]

Package natbib Warning: Citation `maurer2009' on page 21 undefined on input lin
e 24.

[21]

LaTeX Warning: Reference `eq:absolute49' on page 22 undefined on input line 40.


[22]

LaTeX Warning: Reference `eq:netregret49' on page 23 undefined on input line 67
.

[23]

LaTeX Warning: Reference `eq:fvisensor49' on page 24 undefined on input line 73
.

) (./sections/frontier50.tex [24]

LaTeX Warning: Reference `cor:terminal50' on page 25 undefined on input line 24
.

[25]

LaTeX Warning: Reference `thm:net49' on page 26 undefined on input line 33.


LaTeX Warning: Reference `prop:joint50' on page 26 undefined on input line 33.


LaTeX Warning: Reference `eq:technology50' on page 26 undefined on input line 3
3.

) (./sections/study49.tex [26] [27] (./tables/attainment49.tex [28]

Package longtable Warning: Column widths have changed
(longtable)                in table I on input line 18.

) (./tables/frontier49.tex

Package longtable Warning: Column widths have changed
(longtable)                in table II on input line 67.

[29] [30]) (./tables/dimension49.tex

Package longtable Warning: Column widths have changed
(longtable)                in table III on input line 21.

) (./results-discussion49.tex

LaTeX Warning: Reference `tab:frontier49' on page 31 undefined on input line 1.



Underfull \vbox (badness 2012) has occurred while \output is active [31])
Underfull \vbox (badness 3930) has occurred while \output is active [32]
(./tables/direct49.tex

Package longtable Warning: Column widths have changed
(longtable)                in table IV on input line 23.

)

LaTeX Warning: Reference `thm:net49' on page 33 undefined on input line 52.


Underfull \vbox (badness 10000) has occurred while \output is active [33]
(./tables/sensor49.tex

Package longtable Warning: Column widths have changed
(longtable)                in table V on input line 23.

)
Underfull \vbox (badness 10000) has occurred while \output is active [34])
(./sections/study51.tex

LaTeX Warning: Reference `sec:study49' on page 35 undefined on input line 2.


Underfull \vbox (badness 2376) has occurred while \output is active [35]
Underfull \vbox (badness 10000) has occurred while \output is active [36]
(./tables/services50.tex

Package longtable Warning: Column widths have changed
(longtable)                in table VI on input line 32.

) (./tables/primary-discussion50.tex
Underfull \vbox (badness 1057) has occurred while \output is active [37])
(./tables/common50.tex

Package longtable Warning: Column widths have changed
(longtable)                in table VII on input line 21.


Underfull \vbox (badness 10000) has occurred while \output is active [38])
(./tables/policy50.tex [39]

Package longtable Warning: Column widths have changed
(longtable)                in table VIII on input line 43.


Underfull \vbox (badness 10000) has occurred while \output is active [40])
(./tables/policy-discussion50.tex) [41] (./tables/joint50.tex

Package longtable Warning: Column widths have changed
(longtable)                in table IX on input line 39.

[42]

LaTeX Warning: Reference `prop:joint50' on page 43 undefined on input line 41.

)

LaTeX Warning: Reference `eq:technology50' on page 43 undefined on input line 4
2.


LaTeX Warning: Reference `tab:direct49' on page 43 undefined on input line 45.


Underfull \vbox (badness 10000) has occurred while \output is active [43])
[44]
No file ECTA.bbl.

Package natbib Warning: There were undefined citations.


Package longtable Warning: Table widths have changed. Rerun LaTeX.

[45] (build/ECTA.aux)

LaTeX Font Warning: Some font shapes were not available, defaults substituted.


LaTeX Warning: There were undefined references.


LaTeX Warning: Label(s) may have changed. Rerun to get cross-references right.


Package rerunfilecheck Warning: File `ECTA.out' has changed.
(rerunfilecheck)                Rerun to get outlines right
(rerunfilecheck)                or use package `bookmark'.

 )
(see the transcript file for additional information)</usr/share/texlive/texmf-d
ist/fonts/type1/public/amsfonts/cm/cmex10.pfb></usr/share/texlive/texmf-dist/fo
nts/type1/public/amsfonts/cm/cmmi10.pfb></usr/share/texlive/texmf-dist/fonts/ty
pe1/public/amsfonts/cm/cmr10.pfb></usr/share/texlive/texmf-dist/fonts/type1/pub
lic/amsfonts/cm/cmsy10.pfb></usr/share/texlive/texmf-dist/fonts/type1/public/ma
thpazo/fplmbb.pfb></usr/share/texlive/texmf-dist/fonts/type1/public/mathpazo/fp
lmr.pfb></usr/share/texlive/texmf-dist/fonts/type1/public/mathpazo/fplmri.pfb><
/usr/share/texlive/texmf-dist/fonts/type1/urw/courier/ucrr8a.pfb></usr/share/te
xlive/texmf-dist/fonts/type1/urw/palatino/uplb8a.pfb></usr/share/texlive/texmf-
dist/fonts/type1/urw/palatino/uplr8a.pfb></usr/share/texlive/texmf-dist/fonts/t
ype1/urw/palatino/uplri8a.pfb>
Output written on build/ECTA.pdf (45 pages, 255589 bytes).
Transcript written on build/ECTA.log.
