{"document": "ECTA", "status": "passed", "pages": 106}
{"document": "supp", "status": "passed", "pages": 69}
{"document": "development", "status": "passed", "pages": 67}
{"document": "development-supp", "status": "passed", "pages": 46}
{"document": "complete", "status": "passed", "pages": 216}
{"document": "complete-supp", "status": "passed", "pages": 175}
{"document": "response", "status": "passed", "pages": 10}
{
  "status": "passed",
  "tests": 224,
  "new_tests": 20,
  "documents": [
    {
      "name": "ECTA",
      "pages": 106
    },
    {
      "name": "supp",
      "pages": 69
    },
    {
      "name": "development",
      "pages": 67
    },
    {
      "name": "development-supp",
      "pages": 46
    },
    {
      "name": "complete",
      "pages": 216
    },
    {
      "name": "complete-supp",
      "pages": 175
    },
    {
      "name": "response",
      "pages": 10
    }
  ],
  "checked_nodes": 18806777,
  "checked_intervals": 295,
  "seconds": 102.00630368700001
}
