This is pdfTeX, Version 3.141592653-2.6-1.40.25 (TeX Live 2023/Debian) (preloaded format=pdflatex)
 restricted \write18 enabled.
entering extended mode
(./ECTA.tex
LaTeX2e <2023-11-01> patch level 1
L3 programming layer <2024-01-22>
(./econsocart.cls
Document Class: econsocart 2022/11/21 v1.4.1, The Econometric Society Journals
(/usr/share/texlive/texmf-dist/tex/latex/etoolbox/etoolbox.sty)
(./econsocart.cfg) (/usr/share/texlive/texmf-dist/tex/latex/base/fix-cm.sty
(/usr/share/texlive/texmf-dist/tex/latex/base/ts1enc.def))
(/usr/share/texlive/texmf-dist/tex/latex/graphics/graphicx.sty
(/usr/share/texlive/texmf-dist/tex/latex/graphics/keyval.sty)
(/usr/share/texlive/texmf-dist/tex/latex/graphics/graphics.sty
(/usr/share/texlive/texmf-dist/tex/latex/graphics/trig.sty)
(/usr/share/texlive/texmf-dist/tex/latex/graphics-cfg/graphics.cfg)
(/usr/share/texlive/texmf-dist/tex/latex/graphics-def/pdftex.def)))
(/usr/share/texlive/texmf-dist/tex/latex/base/fontenc.sty)
(/usr/share/texlive/texmf-dist/tex/latex/psnfss/times.sty)
(/usr/share/texlive/texmf-dist/tex/latex/textcase/textcase.sty)
(/usr/share/texlive/texmf-dist/tex/latex/psnfss/helvet.sty)
(/usr/share/texlive/texmf-dist/tex/latex/base/textcomp.sty)
(/usr/share/texlive/texmf-dist/tex/latex/psnfss/t1ptm.fd)
(/usr/share/texlive/texmf-dist/tex/latex/amsfonts/amssymb.sty
(/usr/share/texlive/texmf-dist/tex/latex/amsfonts/amsfonts.sty))
(/usr/share/texlive/texmf-dist/tex/latex/tools/bm.sty)
(/usr/share/texlive/texmf-dist/tex/latex/url/url.sty)
(/usr/share/texlive/texmf-dist/tex/latex/amsmath/amsmath.sty
For additional information on amsmath, use the `?' option.
(/usr/share/texlive/texmf-dist/tex/latex/amsmath/amstext.sty
(/usr/share/texlive/texmf-dist/tex/latex/amsmath/amsgen.sty))
(/usr/share/texlive/texmf-dist/tex/latex/amsmath/amsbsy.sty)
(/usr/share/texlive/texmf-dist/tex/latex/amsmath/amsopn.sty))
(/usr/share/texlive/texmf-dist/tex/latex/amscls/amsthm.sty)
(/usr/share/texlive/texmf-dist/tex/latex/natbib/natbib.sty)) (./preamble.tex
(/usr/share/texlive/texmf-dist/tex/latex/booktabs/booktabs.sty)
(/usr/share/texlive/texmf-dist/tex/latex/tools/array.sty)
(/usr/share/texlive/texmf-dist/tex/latex/tools/longtable.sty)
(/usr/share/texlive/texmf-dist/tex/latex/base/fontenc.sty)
(/usr/share/texlive/texmf-dist/tex/latex/psnfss/mathpazo.sty)
(/usr/share/texlive/texmf-dist/tex/latex/microtype/microtype.sty
(/usr/share/texlive/texmf-dist/tex/latex/microtype/microtype-pdftex.def)
(/usr/share/texlive/texmf-dist/tex/latex/microtype/microtype.cfg))
(/usr/share/texlive/texmf-dist/tex/latex/needspace/needspace.sty)
(/usr/share/texlive/texmf-dist/tex/latex/xurl/xurl.sty)
(/usr/share/texlive/texmf-dist/tex/latex/hyperref/hyperref.sty
(/usr/share/texlive/texmf-dist/tex/generic/iftex/iftex.sty)
(/usr/share/texlive/texmf-dist/tex/latex/kvsetkeys/kvsetkeys.sty)
(/usr/share/texlive/texmf-dist/tex/generic/kvdefinekeys/kvdefinekeys.sty)
(/usr/share/texlive/texmf-dist/tex/generic/pdfescape/pdfescape.sty
(/usr/share/texlive/texmf-dist/tex/generic/ltxcmds/ltxcmds.sty)
(/usr/share/texlive/texmf-dist/tex/generic/pdftexcmds/pdftexcmds.sty
(/usr/share/texlive/texmf-dist/tex/generic/infwarerr/infwarerr.sty)))
(/usr/share/texlive/texmf-dist/tex/latex/hycolor/hycolor.sty)
(/usr/share/texlive/texmf-dist/tex/latex/auxhook/auxhook.sty)
(/usr/share/texlive/texmf-dist/tex/latex/hyperref/nameref.sty
(/usr/share/texlive/texmf-dist/tex/latex/refcount/refcount.sty)
(/usr/share/texlive/texmf-dist/tex/generic/gettitlestring/gettitlestring.sty
(/usr/share/texlive/texmf-dist/tex/latex/kvoptions/kvoptions.sty)))
(/usr/share/texlive/texmf-dist/tex/latex/hyperref/pd1enc.def)
(/usr/share/texlive/texmf-dist/tex/generic/intcalc/intcalc.sty)
(/usr/share/texlive/texmf-dist/tex/latex/hyperref/puenc.def)
(/usr/share/texlive/texmf-dist/tex/generic/bitset/bitset.sty
(/usr/share/texlive/texmf-dist/tex/generic/bigintcalc/bigintcalc.sty))
(/usr/share/texlive/texmf-dist/tex/latex/base/atbegshi-ltx.sty))
(/usr/share/texlive/texmf-dist/tex/latex/hyperref/hpdftex.def
(/usr/share/texlive/texmf-dist/tex/latex/base/atveryend-ltx.sty)
(/usr/share/texlive/texmf-dist/tex/latex/rerunfilecheck/rerunfilecheck.sty
(/usr/share/texlive/texmf-dist/tex/generic/uniquecounter/uniquecounter.sty))))
(./tables/facts61.tex) (/usr/share/texlive/texmf-dist/tex/latex/psnfss/t1pcr.fd
) (/usr/share/texlive/texmf-dist/tex/latex/hyperref/backref.sty)
(/usr/share/texlive/texmf-dist/tex/latex/psnfss/t1ppl.fd)
(/usr/share/texlive/texmf-dist/tex/latex/l3backend/l3backend-pdftex.def)

LaTeX Warning: Unused global option(s):
    [nameyear].

No file ECTA.aux.
(/usr/share/texlive/texmf-dist/tex/context/base/mkii/supp-pdf.mkii
[Loading MPS to PDF converter (version 2006.09.02).]
) (/usr/share/texlive/texmf-dist/tex/latex/epstopdf-pkg/epstopdf-base.sty
(/usr/share/texlive/texmf-dist/tex/latex/latexconfig/epstopdf-sys.cfg))
(/usr/share/texlive/texmf-dist/tex/latex/microtype/mt-ppl.cfg)
(/usr/share/texlive/texmf-dist/tex/latex/graphics/color.sty
(/usr/share/texlive/texmf-dist/tex/latex/graphics-cfg/color.cfg)
(/usr/share/texlive/texmf-dist/tex/latex/graphics/mathcolor.ltx))
(./sections/intro61.tex

LaTeX Warning: Reference `thm:construct49' on page 1 undefined on input line 4.



LaTeX Warning: Reference `thm:compile49' on page 1 undefined on input line 4.


Underfull \vbox (badness 3769) has occurred while \output is active [1
Non-PDF special ignored!
<special> papersize=614.295pt,794.96999pt
{/var/lib/texmf/fonts/map/pdftex/updmap/pdftex.map}{/usr/share/texlive/texmf-di
st/fonts/enc/dvips/base/8r.enc}]

LaTeX Warning: Reference `sec:search60' on page 2 undefined on input line 8.


Underfull \vbox (badness 10000) has occurred while \output is active

LaTeX Font Warning: Font shape `T1/ppl/m/uc' undefined
(Font)              using `T1/ppl/m/n' instead on input line 12.


LaTeX Font Warning: Font shape `T1/ppl/m/up' undefined
(Font)              using `T1/ppl/m/n' instead on input line 12.

[2]
Underfull \vbox (badness 10000) has occurred while \output is active [3]

Package hyperref Warning: Difference (3) between bookmark levels is greater 
(hyperref)                than one, level fixed on input line 21.


Package natbib Warning: Citation `munos2003' on page 4 undefined on input line 
21.


Package natbib Warning: Citation `munos2008' on page 4 undefined on input line 
21.


Package natbib Warning: Citation `scherrer2015' on page 4 undefined on input li
ne 21.


Package natbib Warning: Citation `kakade2002' on page 4 undefined on input line
 21.


Package natbib Warning: Citation `pirotta2013' on page 4 undefined on input lin
e 21.


Package natbib Warning: Citation `metelli2021' on page 4 undefined on input lin
e 21.


Package natbib Warning: Citation `ernst2005' on page 4 undefined on input line 
21.


Package natbib Warning: Citation `ferns2004' on page 4 undefined on input line 
21.


Package natbib Warning: Citation `ng1999' on page 4 undefined on input line 21.



Package natbib Warning: Citation `grimm2020' on page 4 undefined on input line 
21.


Package natbib Warning: Citation `moore2009' on page 4 undefined on input line 
23.


Package natbib Warning: Citation `murota2003' on page 4 undefined on input line
 23.

)
Underfull \vbox (badness 1178) has occurred while \output is active [4]

Package hyperref Warning: Difference (2) between bookmark levels is greater 
(hyperref)                than one, level fixed on input line 23.


LaTeX Warning: Reference `sec:accuracy62' on page 5 undefined on input line 23.



LaTeX Warning: Reference `sec:study62' on page 5 undefined on input line 25.


Package natbib Warning: Citation `yang2020convex' on page 5 undefined on input 
line 28.

(./sections/core49.tex
(/usr/share/texlive/texmf-dist/tex/latex/psnfss/ot1ppl.fd)
(/usr/share/texlive/texmf-dist/tex/latex/psnfss/omlzplm.fd)
(/usr/share/texlive/texmf-dist/tex/latex/psnfss/omszplm.fd)
(/usr/share/texlive/texmf-dist/tex/latex/psnfss/omxzplm.fd)
(/usr/share/texlive/texmf-dist/tex/latex/microtype/mt-msa.cfg)
(/usr/share/texlive/texmf-dist/tex/latex/microtype/mt-msb.cfg)
(/usr/share/texlive/texmf-dist/tex/latex/microtype/mt-cmr.cfg)
(/usr/share/texlive/texmf-dist/tex/latex/psnfss/ot1zplm.fd)
(/usr/share/texlive/texmf-dist/tex/latex/psnfss/ufplmbb.fd)
Underfull \vbox (badness 10000) has occurred while \output is active [5]

LaTeX Warning: Reference `sec:decisions49' on page 6 undefined on input line 9.



LaTeX Warning: Reference `eq:operator49' on page 6 undefined on input line 11.

[6]

LaTeX Warning: Reference `eq:sandwich49' on page 7 undefined on input line 42.


LaTeX Warning: Reference `eq:sandwich49' on page 7 undefined on input line 45.

[7]

LaTeX Warning: Reference `eq:cone49' on page 8 undefined on input line 67.

[8]

LaTeX Warning: Reference `eq:repair49' on page 9 undefined on input line 81.


LaTeX Warning: Reference `eq:enclosures49' on page 9 undefined on input line 86
.


LaTeX Warning: Reference `prop:sandwich49' on page 9 undefined on input line 86
.


Package natbib Warning: Citation `mcshane1934' on page 9 undefined on input lin
e 89.


LaTeX Warning: Reference `thm:construct49' on page 9 undefined on input line 89
.

[9]

Package natbib Warning: Citation `felzenszwalb2012' on page 10 undefined on inp
ut line 111.

[10]

LaTeX Warning: Reference `eq:fvisensor49' on page 11 undefined on input line 12
4.

) (./sections/resources56.tex

LaTeX Warning: Reference `sec:legacy56' on page 11 undefined on input line 5.

[11] [12]

LaTeX Warning: Reference `eq:query49' on page 13 undefined on input line 32.


LaTeX Warning: Reference `eq:coefficients49' on page 13 undefined on input line
 32.


LaTeX Warning: Reference `eq:separated49' on page 13 undefined on input line 38
.


Underfull \vbox (badness 1077) has occurred while \output is active [13]

LaTeX Warning: Reference `eq:clipped49' on page 14 undefined on input line 57.


LaTeX Warning: Reference `eq:shares49' on page 14 undefined on input line 57.

[14]

LaTeX Warning: Reference `eq:frontier49' on page 15 undefined on input line 70.


) (./sections/primitives56.tex [15]) (./sections/learned57.tex

LaTeX Warning: Reference `thm:construct49' on page 16 undefined on input line 2
.


Underfull \vbox (badness 1895) has occurred while \output is active [16]

LaTeX Warning: Reference `eq:integrated56' on page 17 undefined on input line 3
2.


Package natbib Warning: Citation `munos2008' on page 17 undefined on input line
 37.


Package natbib Warning: Citation `ernst2005' on page 17 undefined on input line
 37.

[17]

LaTeX Warning: Reference `eq:trained56' on page 18 undefined on input line 45.


LaTeX Warning: Reference `lem:integrated56' on page 18 undefined on input line 
52.

[18]

LaTeX Warning: Reference `sec:study57' on page 19 undefined on input line 61.

) (./sections/certificates56.tex
Underfull \vbox (badness 1178) has occurred while \output is active [19]
[20]

LaTeX Warning: Reference `eq:safety56' on page 21 undefined on input line 32.


LaTeX Warning: Reference `eq:recursion56' on page 21 undefined on input line 37
.


LaTeX Warning: Reference `thm:directed56' on page 21 undefined on input line 40
.


Underfull \vbox (badness 10000) has occurred while \output is active [21]
(/usr/share/texlive/texmf-dist/tex/latex/microtype/mt-euf.cfg)

LaTeX Warning: Reference `eq:cache56' on page 22 undefined on input line 65.

[22]

LaTeX Warning: Reference `sec:economy56' on page 23 undefined on input line 71.



LaTeX Warning: Reference `prop:cache56' on page 23 undefined on input line 84.


LaTeX Warning: Reference `eq:tube56' on page 23 undefined on input line 87.

[23]

LaTeX Warning: Reference `eq:advantage-tube56' on page 24 undefined on input li
ne 92.


LaTeX Warning: Reference `eq:stability56' on page 24 undefined on input line 11
6.

[24] [25]

LaTeX Warning: Reference `eq:decompose56' on page 26 undefined on input line 13
5.

) (./sections/action_transfer57.tex

LaTeX Warning: Reference `thm:algebraic56' on page 26 undefined on input line 1
3.

[26]

LaTeX Warning: Reference `thm:directed56' on page 27 undefined on input line 29
.


LaTeX Warning: Reference `eq:optimization-loss57' on page 27 undefined on input
 line 32.


LaTeX Warning: Reference `eq:robust-cover57' on page 27 undefined on input line
 32.


LaTeX Warning: Reference `eq:optimization-loss57' on page 27 undefined on input
 line 46.


LaTeX Warning: Reference `eq:evaluation-contrast57' on page 27 undefined on inp
ut line 46.


LaTeX Warning: Reference `eq:robust-cover57' on page 27 undefined on input line
 51.

[27]

LaTeX Warning: Reference `eq:transfer-safety57' on page 28 undefined on input l
ine 57.


LaTeX Warning: Reference `thm:directed56' on page 28 undefined on input line 57
.


LaTeX Warning: Reference `eq:spatial-contrast57' on page 28 undefined on input 
line 62.


LaTeX Warning: Reference `eq:evaluation-contrast57' on page 28 undefined on inp
ut line 62.


Underfull \vbox (badness 1584) has occurred while \output is active [28]

LaTeX Warning: Reference `eq:lattice-cover57' on page 29 undefined on input lin
e 79.


LaTeX Warning: Reference `prop:work56' on page 29 undefined on input line 79.


LaTeX Warning: Reference `eq:primitive-action-lipschitz57' on page 29 undefined
 on input line 79.

[29]

LaTeX Warning: Reference `thm:directed56' on page 30 undefined on input line 95
.

) (./sections/moduli57.tex [30]

LaTeX Warning: Reference `lem:integrated56' on page 31 undefined on input line 
6.


LaTeX Warning: Reference `eq:spatial-contrast57' on page 31 undefined on input 
line 23.

[31]

LaTeX Warning: Reference `eq:neural-eta57' on page 32 undefined on input line 3
5.


LaTeX Warning: Reference `eq:neural-chi57' on page 32 undefined on input line 3
7.

) (./sections/lossless59.tex
Underfull \vbox (badness 3942) has occurred while \output is active [32]
[33]

LaTeX Warning: Reference `eq:screen59' on page 34 undefined on input line 36.

[34]

LaTeX Warning: Reference `eq:survivor-gap59' on page 35 undefined on input line
 65.


Underfull \vbox (badness 1590) has occurred while \output is active [35]
Underfull \vbox (badness 1997) has occurred while \output is active [36]

LaTeX Warning: Reference `thm:lossless59' on page 37 undefined on input line 90
.

) (./sections/search60.tex [37] [38]

LaTeX Warning: Reference `eq:second-difference60' on page 39 undefined on input
 line 27.


LaTeX Warning: Reference `eq:objective60' on page 39 undefined on input line 31
.


LaTeX Warning: Reference `lem:piece60' on page 39 undefined on input line 31.


LaTeX Warning: Reference `eq:operations60' on page 39 undefined on input line 3
7.

[39]

Package natbib Warning: Citation `murota2003' on page 40 undefined on input lin
e 48.


Package natbib Warning: Citation `moore2009' on page 40 undefined on input line
 48.

[40]

LaTeX Warning: Reference `eq:box-shock60' on page 41 undefined on input line 65
.

[41]
Underfull \vbox (badness 1163) has occurred while \output is active [42]
[43]

LaTeX Warning: Reference `eq:bellman-bracket60' on page 44 undefined on input l
ine 108.

[44]) (./sections/centered60.tex
Underfull \vbox (badness 1067) has occurred while \output is active [45]

LaTeX Warning: Reference `thm:bellman-bracket60' on page 46 undefined on input 
line 19.


LaTeX Warning: Reference `thm:bellman-bracket60' on page 46 undefined on input 
line 29.

[46]) (./sections/stability61.tex [47]

LaTeX Warning: Reference `eq:endpoint-stability61' on page 48 undefined on inpu
t line 17.


LaTeX Warning: Reference `thm:bellman-bracket60' on page 48 undefined on input 
line 20.

[48]

LaTeX Warning: Reference `eq:endpoint-stability61' on page 49 undefined on inpu
t line 27.


LaTeX Warning: Reference `eq:fixed-excess61' on page 49 undefined on input line
 44.

[49]

LaTeX Warning: Reference `eq:monotone-intersection61' on page 50 undefined on i
nput line 64.

) (./sections/accuracy62-print.tex [50]

Package hyperref Warning: Difference (3) between bookmark levels is greater 
(hyperref)                than one, level fixed on input line 5.


Underfull \vbox (badness 2020) has occurred while \output is active [51]
Overfull \hbox (3.20483pt too wide) detected at line 31
\OML/zplm/m/it/12 Q[]\OT1/zplm/m/n/12 (\OML/zplm/m/it/12 x\OT1/ppl/m/n/12 , \OM
L/zplm/m/it/12 a\OT1/zplm/m/n/12 ) = \OML/zplm/m/it/12 S\OT1/zplm/m/n/12 (\OML/
zplm/m/it/12 x\OT1/zplm/m/n/12 ) + \OML/zplm/m/it/12 R\OT1/zplm/m/n/12 (\OML/zp
lm/m/it/12 a\OT1/zplm/m/n/12 ) + \OML/zplm/m/it/12 ^^L\U/fplmbb/m/n/12 E\OML/zp
lm/m/it/12 V[]\OT1/zplm/m/n/12 (\OML/zplm/m/it/12 F\OT1/zplm/m/n/12 (\OML/zplm/
m/it/12 x\OT1/ppl/m/n/12 , \OML/zplm/m/it/12 a\OT1/ppl/m/n/12 , \OML/zplm/m/it/
12 Z\OT1/zplm/m/n/12 ))\OT1/ppl/m/n/12 ,  \OML/zplm/m/it/12 V[]\OT1/zplm/m/n/12
 (\OML/zplm/m/it/12 x\OT1/zplm/m/n/12 ) = [] \OML/zplm/m/it/12 Q[]\OT1/zplm/m/n
/12 (\OML/zplm/m/it/12 x\OT1/ppl/m/n/12 , \OML/zplm/m/it/12 a\OT1/zplm/m/n/12 )
\OT1/ppl/m/n/12 ,  \OML/zplm/m/it/12 V[] \OT1/zplm/m/n/12 = \OML/zplm/m/it/12 g
\OT1/ppl/m/n/12 .
[52] [53]

LaTeX Warning: Reference `eq:interpolation62' on page 54 undefined on input lin
e 71.


LaTeX Warning: Reference `eq:interpolation62' on page 54 undefined on input lin
e 77.


Underfull \vbox (badness 2460) has occurred while \output is active [54]

LaTeX Warning: Reference `eq:interpolation62' on page 55 undefined on input lin
e 105.


LaTeX Warning: Reference `eq:action-cover62' on page 55 undefined on input line
 105.

[55] [56]) [57] (./sections/decisions49.tex [58]

Package natbib Warning: Citation `maurer2009' on page 59 undefined on input lin
e 24.


Underfull \vbox (badness 10000) has occurred while \output is active [59]

LaTeX Warning: Reference `eq:absolute49' on page 60 undefined on input line 40.


[60]

LaTeX Warning: Reference `eq:netregret49' on page 61 undefined on input line 67
.

[61]

LaTeX Warning: Reference `eq:fvisensor49' on page 62 undefined on input line 73
.

) (./sections/prospective56.tex

LaTeX Warning: Reference `thm:directed56' on page 62 undefined on input line 12
.


LaTeX Warning: Reference `eq:target56' on page 62 undefined on input line 12.

[62]

LaTeX Warning: Reference `eq:target56' on page 63 undefined on input line 15.


LaTeX Warning: Reference `thm:conditional49' on page 63 undefined on input line
 20.

[63] [64]

LaTeX Warning: Reference `eq:null56' on page 65 undefined on input line 50.


Package natbib Warning: Citation `hoeffding1963' on page 65 undefined on input 
line 53.


LaTeX Warning: Reference `eq:confidencebox56' on page 65 undefined on input lin
e 53.


LaTeX Warning: Reference `eq:null56' on page 65 undefined on input line 53.


LaTeX Warning: Reference `eq:null56' on page 65 undefined on input line 56.

) (./sections/study56.tex [65]

LaTeX Warning: Reference `sec:learned56' on page 66 undefined on input line 5.


LaTeX Warning: Reference `prop:tube56' on page 66 undefined on input line 10.


Underfull \vbox (badness 2376) has occurred while \output is active [66]
(./tables/stopping56.tex) (./tables/economic56.tex)

LaTeX Warning: Reference `cor:adoption56' on page 67 undefined on input line 17
.

[67] (./tables/mechanism56.tex) (./tables/timing56.tex
Underfull \vbox (badness 10000) has occurred while \output is active [68])
[69] (./tables/algebraic56.tex) [70] (./tables/learned-null56.tex) [71])
(./sections/study57.tex

LaTeX Warning: Reference `thm:algebraic56' on page 72 undefined on input line 2
.

[72]

LaTeX Warning: Reference `prop:tube56' on page 73 undefined on input line 7.


LaTeX Warning: Reference `cor:nested57' on page 73 undefined on input line 7.


Underfull \vbox (badness 3907) has occurred while \output is active [73]

LaTeX Warning: Reference `thm:stop56' on page 74 undefined on input line 24.

(./tables/outcomes57.tex) (./tables/target20-57.tex)
Underfull \vbox (badness 10000) has occurred while \output is active [74]
[75]

LaTeX Warning: Reference `tab:attribution57' on page 76 undefined on input line
 30.

(./tables/attribution57.tex) (./tables/paired-summary57.tex)

LaTeX Warning: Reference `tab:paired-summary57' on page 76 undefined on input l
ine 35.

[76]
Underfull \vbox (badness 10000) has occurred while \output is active [77]

LaTeX Warning: Reference `eq:incremental-adoption57' on page 78 undefined on in
put line 46.

) (./sections/study59.tex
Underfull \vbox (badness 10000) has occurred while \output is active [78]
Underfull \vbox (badness 10000) has occurred while \output is active [79]
(./tables/matched-work59.tex) (./tables/matched-cost59.tex) [80]

LaTeX Warning: Reference `thm:transcript59' on page 81 undefined on input line 
29.


LaTeX Warning: Reference `sec:study57' on page 81 undefined on input line 29.

[81] (./tables/search-operations59.tex) [82]
Underfull \vbox (badness 3930) has occurred while \output is active [83]

LaTeX Warning: Reference `cor:price59' on page 84 undefined on input line 46.

) (./sections/study61.tex [84]

LaTeX Warning: Reference `tab:services61' on page 85 undefined on input line 12
.

(./tables/services61.tex
Underfull \vbox (badness 3930) has occurred while \output is active [85])
(./tables/matched61.tex)

LaTeX Warning: Reference `tab:cost61' on page 86 undefined on input line 19.

(./tables/cost61.tex)
Underfull \vbox (badness 10000) has occurred while \output is active [86]
[87] [88] (./tables/native-factorial61.tex)
Underfull \vbox (badness 2547) has occurred while \output is active [89]
[90] (./tables/multi61.tex) [91] (./tables/bellman61.tex)
Underfull \vbox (badness 5817) has occurred while \output is active [92]

LaTeX Warning: Reference `prop:fixed-policy61' on page 93 undefined on input li
ne 54.

(./tables/fixed-policy61.tex)
Underfull \vbox (badness 10000) has occurred while \output is active [93])
(./sections/study62.tex [94]

LaTeX Warning: Reference `sec:accuracy62' on page 95 undefined on input line 5.


[95]

LaTeX Warning: Reference `thm:policy62' on page 96 undefined on input line 14.

(./tables/accuracy62.tex)
Underfull \vbox (badness 10000) has occurred while \output is active [96]
(./tables/comparisons62.tex) [97] [98] (./tables/release-work62.tex)
Underfull \vbox (badness 3930) has occurred while \output is active [99])
[100] [101]
Underfull \vbox (badness 10000) has occurred while \output is active [102]
No file ECTA.bbl.

Package natbib Warning: There were undefined citations.

[103] (build/ECTA.aux)

LaTeX Font Warning: Some font shapes were not available, defaults substituted.


LaTeX Warning: There were undefined references.


LaTeX Warning: Label(s) may have changed. Rerun to get cross-references right.


Package rerunfilecheck Warning: File `ECTA.out' has changed.
(rerunfilecheck)                Rerun to get outlines right
(rerunfilecheck)                or use package `bookmark'.

 )
(see the transcript file for additional information)</usr/share/texlive/texmf-d
ist/fonts/type1/public/amsfonts/cm/cmex10.pfb></usr/share/texlive/texmf-dist/fo
nts/type1/public/amsfonts/cm/cmmi10.pfb></usr/share/texlive/texmf-dist/fonts/ty
pe1/public/amsfonts/cm/cmr10.pfb></usr/share/texlive/texmf-dist/fonts/type1/pub
lic/amsfonts/cm/cmsy10.pfb></usr/share/texlive/texmf-dist/fonts/type1/public/am
sfonts/euler/eufm10.pfb></usr/share/texlive/texmf-dist/fonts/type1/public/mathp
azo/fplmbb.pfb></usr/share/texlive/texmf-dist/fonts/type1/public/mathpazo/fplmr
.pfb></usr/share/texlive/texmf-dist/fonts/type1/public/mathpazo/fplmri.pfb></us
r/share/texlive/texmf-dist/fonts/type1/urw/courier/ucrr8a.pfb></usr/share/texli
ve/texmf-dist/fonts/type1/urw/palatino/uplb8a.pfb></usr/share/texlive/texmf-dis
t/fonts/type1/urw/palatino/uplr8a.pfb></usr/share/texlive/texmf-dist/fonts/type
1/urw/palatino/uplri8a.pfb>
Output written on build/ECTA.pdf (103 pages, 444696 bytes).
Transcript written on build/ECTA.log.
