test_actual_one_date_policy_bound_off_grid (__main__.R62Tests.test_actual_one_date_policy_bound_off_grid) ... ok
test_barycentric_actor_acquisition_and_simplex_feasibility (__main__.R62Tests.test_barycentric_actor_acquisition_and_simplex_feasibility) ... ok
test_coarse_actor_transfer_is_feasible (__main__.R62Tests.test_coarse_actor_transfer_is_feasible) ... ok
test_family_union_bound_is_conservative (__main__.R62Tests.test_family_union_bound_is_conservative) ... ok
test_known_cost_support (__main__.R62Tests.test_known_cost_support) ... ok
test_native_boundary_and_constant (__main__.R62Tests.test_native_boundary_and_constant) ... ok
test_native_box_contains_corner_values (__main__.R62Tests.test_native_box_contains_corner_values) ... ok
test_native_rejects_domain_violation (__main__.R62Tests.test_native_rejects_domain_violation) ... ok
test_native_signed_interpolation_exact_rationals (__main__.R62Tests.test_native_signed_interpolation_exact_rationals) ... ok
test_one_date_reference_contains_optimized_original_value (__main__.R62Tests.test_one_date_reference_contains_optimized_original_value) ... FAIL
test_policy_error_is_not_just_node_bracket_width (__main__.R62Tests.test_policy_error_is_not_just_node_bracket_width) ... ok
test_primitive_joint_convexity_margin (__main__.R62Tests.test_primitive_joint_convexity_margin) ... ok
test_primitive_state_domain (__main__.R62Tests.test_primitive_state_domain) ... ok
test_quadrature_allowance_for_exact_quadratic (__main__.R62Tests.test_quadrature_allowance_for_exact_quadratic) ... ok
test_scalar_action_cover_constant (__main__.R62Tests.test_scalar_action_cover_constant) ... ok
test_second_order_convex_interpolation (__main__.R62Tests.test_second_order_convex_interpolation) ... ok
test_simplex_action_cover_interior_and_face (__main__.R62Tests.test_simplex_action_cover_interior_and_face) ... ok
test_two_control_full_reference_and_policy_shape (__main__.R62Tests.test_two_control_full_reference_and_policy_shape) ... ok
test_uniform_regularities (__main__.R62Tests.test_uniform_regularities) ... ok
test_zero_actor_original_path_enclosure (__main__.R62Tests.test_zero_actor_original_path_enclosure) ... ok

======================================================================
FAIL: test_one_date_reference_contains_optimized_original_value (__main__.R62Tests.test_one_date_reference_contains_optimized_original_value)
----------------------------------------------------------------------
Traceback (most recent call last):
  File "/home/runner/work/NBO/NBO/revisions/2026-10-10-r62/code/tests62.py", line 91, in test_one_date_reference_contains_optimized_original_value
    self.assertLessEqual(arr['lower'][0,first+j],value+1e-10);self.assertGreaterEqual(arr['upper'][0,first+j],value-1e-10)
                                                              ^^^^^^^^^^^^^^^^^^^^^^^^^^^^^^^^^^^^^^^^^^^^^^^^^^^^^^^^^^^^
AssertionError: 2.2167358398437553 not greater than or equal to 2.4458465575171875

----------------------------------------------------------------------
Ran 20 tests in 1.677s

FAILED (failures=1)
