{
  "status": "passed",
  "tables": 7,
  "source_replay_sha256": "b309eb9635d9a3254e3afbb4c56ad9fd63a62020f20bb3cf9cdd9d057b613ac6",
  "frontiers": [
    {
      "task": "d2-m1-T2",
      "tolerance": "1/2",
      "eligible": [
        "common",
        "quadratic-6201-guarded",
        "quadratic-6201-pure",
        "quadratic-6202-guarded",
        "quadratic-6202-pure",
        "quadratic-6203-guarded",
        "quadratic-6203-pure",
        "quadratic-6204-guarded",
        "quadratic-6204-pure",
        "relu-6201-guarded",
        "relu-6201-pure",
        "relu-6202-guarded",
        "relu-6202-pure",
        "relu-6203-guarded",
        "relu-6203-pure",
        "relu-6204-guarded",
        "relu-6204-pure"
      ],
      "least_recorded_complete_release_method": "common"
    },
    {
      "task": "d2-m1-T2",
      "tolerance": "1/4",
      "eligible": [
        "common",
        "quadratic-6201-guarded",
        "quadratic-6201-pure",
        "quadratic-6202-guarded",
        "quadratic-6202-pure",
        "quadratic-6203-guarded",
        "quadratic-6203-pure",
        "quadratic-6204-guarded",
        "quadratic-6204-pure",
        "relu-6201-guarded",
        "relu-6201-pure",
        "relu-6202-guarded",
        "relu-6202-pure",
        "relu-6203-guarded",
        "relu-6203-pure",
        "relu-6204-guarded",
        "relu-6204-pure"
      ],
      "least_recorded_complete_release_method": "common"
    },
    {
      "task": "d2-m1-T2",
      "tolerance": "1/8",
      "eligible": [
        "common",
        "quadratic-6201-guarded",
        "quadratic-6201-pure",
        "quadratic-6202-guarded",
        "quadratic-6202-pure",
        "quadratic-6203-guarded",
        "quadratic-6203-pure",
        "quadratic-6204-guarded",
        "quadratic-6204-pure",
        "relu-6201-guarded",
        "relu-6201-pure",
        "relu-6202-guarded",
        "relu-6202-pure",
        "relu-6203-guarded",
        "relu-6203-pure",
        "relu-6204-guarded",
        "relu-6204-pure"
      ],
      "least_recorded_complete_release_method": "common"
    },
    {
      "task": "d2-m1-T2",
      "tolerance": "1/16",
      "eligible": [
        "common",
        "quadratic-6201-guarded",
        "quadratic-6201-pure",
        "quadratic-6202-guarded",
        "quadratic-6202-pure",
        "quadratic-6203-guarded",
        "quadratic-6203-pure",
        "quadratic-6204-guarded",
        "quadratic-6204-pure",
        "relu-6201-guarded",
        "relu-6201-pure",
        "relu-6202-guarded",
        "relu-6203-guarded",
        "relu-6203-pure",
        "relu-6204-guarded",
        "relu-6204-pure"
      ],
      "least_recorded_complete_release_method": "common"
    },
    {
      "task": "d2-m1-T2",
      "tolerance": "1/32",
      "eligible": [
        "common",
        "quadratic-6201-guarded",
        "quadratic-6202-guarded",
        "quadratic-6203-guarded",
        "quadratic-6204-guarded",
        "relu-6201-guarded",
        "relu-6202-guarded",
        "relu-6203-guarded",
        "relu-6204-guarded"
      ],
      "least_recorded_complete_release_method": "common"
    },
    {
      "task": "d2-m1-T3",
      "tolerance": "1/2",
      "eligible": [
        "common",
        "quadratic-6201-guarded",
        "quadratic-6201-pure",
        "quadratic-6202-guarded",
        "quadratic-6202-pure",
        "quadratic-6203-guarded",
        "quadratic-6203-pure",
        "quadratic-6204-guarded",
        "quadratic-6204-pure",
        "relu-6201-guarded",
        "relu-6201-pure",
        "relu-6202-guarded",
        "relu-6202-pure",
        "relu-6203-guarded",
        "relu-6203-pure",
        "relu-6204-guarded",
        "relu-6204-pure"
      ],
      "least_recorded_complete_release_method": "common"
    },
    {
      "task": "d2-m1-T3",
      "tolerance": "1/4",
      "eligible": [
        "common",
        "quadratic-6201-guarded",
        "quadratic-6201-pure",
        "quadratic-6202-guarded",
        "quadratic-6202-pure",
        "quadratic-6203-guarded",
        "quadratic-6203-pure",
        "quadratic-6204-guarded",
        "quadratic-6204-pure",
        "relu-6201-guarded",
        "relu-6201-pure",
        "relu-6202-guarded",
        "relu-6202-pure",
        "relu-6203-guarded",
        "relu-6203-pure",
        "relu-6204-guarded",
        "relu-6204-pure"
      ],
      "least_recorded_complete_release_method": "common"
    },
    {
      "task": "d2-m1-T3",
      "tolerance": "1/8",
      "eligible": [
        "common",
        "quadratic-6201-guarded",
        "quadratic-6201-pure",
        "quadratic-6202-guarded",
        "quadratic-6202-pure",
        "quadratic-6203-guarded",
        "quadratic-6203-pure",
        "quadratic-6204-guarded",
        "quadratic-6204-pure",
        "relu-6201-guarded",
        "relu-6201-pure",
        "relu-6202-guarded",
        "relu-6202-pure",
        "relu-6203-guarded",
        "relu-6203-pure",
        "relu-6204-guarded",
        "relu-6204-pure"
      ],
      "least_recorded_complete_release_method": "common"
    },
    {
      "task": "d2-m1-T3",
      "tolerance": "1/16",
      "eligible": [
        "common",
        "quadratic-6201-guarded",
        "quadratic-6202-guarded",
        "quadratic-6203-guarded",
        "quadratic-6204-guarded",
        "relu-6201-guarded",
        "relu-6202-guarded",
        "relu-6203-guarded",
        "relu-6204-guarded"
      ],
      "least_recorded_complete_release_method": "common"
    },
    {
      "task": "d2-m1-T3",
      "tolerance": "1/32",
      "eligible": [
        "common",
        "quadratic-6201-guarded",
        "quadratic-6202-guarded",
        "quadratic-6203-guarded",
        "quadratic-6204-guarded",
        "relu-6201-guarded",
        "relu-6202-guarded",
        "relu-6203-guarded",
        "relu-6204-guarded"
      ],
      "least_recorded_complete_release_method": "common"
    },
    {
      "task": "d4-m1-T3",
      "tolerance": "1/2",
      "eligible": [
        "common",
        "quadratic-6201-guarded",
        "quadratic-6201-pure",
        "quadratic-6202-guarded",
        "quadratic-6202-pure",
        "quadratic-6203-guarded",
        "quadratic-6203-pure",
        "quadratic-6204-guarded",
        "quadratic-6204-pure",
        "relu-6201-guarded",
        "relu-6201-pure",
        "relu-6202-guarded",
        "relu-6202-pure",
        "relu-6203-guarded",
        "relu-6203-pure",
        "relu-6204-guarded",
        "relu-6204-pure"
      ],
      "least_recorded_complete_release_method": "common"
    },
    {
      "task": "d4-m1-T3",
      "tolerance": "1/4",
      "eligible": [
        "common",
        "quadratic-6201-guarded",
        "quadratic-6201-pure",
        "quadratic-6202-guarded",
        "quadratic-6202-pure",
        "quadratic-6203-guarded",
        "quadratic-6203-pure",
        "quadratic-6204-guarded",
        "quadratic-6204-pure",
        "relu-6201-guarded",
        "relu-6201-pure",
        "relu-6202-guarded",
        "relu-6202-pure",
        "relu-6203-guarded",
        "relu-6203-pure",
        "relu-6204-guarded",
        "relu-6204-pure"
      ],
      "least_recorded_complete_release_method": "common"
    },
    {
      "task": "d4-m1-T3",
      "tolerance": "1/8",
      "eligible": [
        "common",
        "quadratic-6201-guarded",
        "quadratic-6202-guarded",
        "quadratic-6203-guarded",
        "quadratic-6204-guarded",
        "relu-6201-guarded",
        "relu-6202-guarded",
        "relu-6203-guarded",
        "relu-6204-guarded"
      ],
      "least_recorded_complete_release_method": "common"
    },
    {
      "task": "d4-m1-T3",
      "tolerance": "1/16",
      "eligible": [
        "common",
        "quadratic-6201-guarded",
        "quadratic-6202-guarded",
        "quadratic-6203-guarded",
        "quadratic-6204-guarded",
        "relu-6201-guarded",
        "relu-6202-guarded",
        "relu-6203-guarded",
        "relu-6204-guarded"
      ],
      "least_recorded_complete_release_method": "common"
    },
    {
      "task": "d4-m1-T3",
      "tolerance": "1/32",
      "eligible": [],
      "least_recorded_complete_release_method": null
    },
    {
      "task": "d8-m1-T2",
      "tolerance": "1/2",
      "eligible": [
        "common",
        "quadratic-6201-guarded",
        "quadratic-6202-guarded",
        "quadratic-6203-guarded",
        "quadratic-6204-guarded",
        "relu-6201-guarded",
        "relu-6202-guarded",
        "relu-6203-guarded",
        "relu-6204-guarded"
      ],
      "least_recorded_complete_release_method": "common"
    },
    {
      "task": "d8-m1-T2",
      "tolerance": "1/4",
      "eligible": [],
      "least_recorded_complete_release_method": null
    },
    {
      "task": "d8-m1-T2",
      "tolerance": "1/8",
      "eligible": [],
      "least_recorded_complete_release_method": null
    },
    {
      "task": "d8-m1-T2",
      "tolerance": "1/16",
      "eligible": [],
      "least_recorded_complete_release_method": null
    },
    {
      "task": "d8-m1-T2",
      "tolerance": "1/32",
      "eligible": [],
      "least_recorded_complete_release_method": null
    },
    {
      "task": "d2-m2-T2",
      "tolerance": "1/2",
      "eligible": [
        "common",
        "quadratic-6201-guarded",
        "quadratic-6201-pure",
        "quadratic-6202-guarded",
        "quadratic-6202-pure",
        "quadratic-6203-guarded",
        "quadratic-6203-pure",
        "quadratic-6204-guarded",
        "quadratic-6204-pure",
        "relu-6201-guarded",
        "relu-6201-pure",
        "relu-6202-guarded",
        "relu-6202-pure",
        "relu-6203-guarded",
        "relu-6203-pure",
        "relu-6204-guarded",
        "relu-6204-pure"
      ],
      "least_recorded_complete_release_method": "common"
    },
    {
      "task": "d2-m2-T2",
      "tolerance": "1/4",
      "eligible": [
        "common",
        "quadratic-6201-guarded",
        "quadratic-6201-pure",
        "quadratic-6202-guarded",
        "quadratic-6202-pure",
        "quadratic-6203-guarded",
        "quadratic-6203-pure",
        "quadratic-6204-guarded",
        "quadratic-6204-pure",
        "relu-6201-guarded",
        "relu-6201-pure",
        "relu-6202-guarded",
        "relu-6202-pure",
        "relu-6203-guarded",
        "relu-6203-pure",
        "relu-6204-guarded",
        "relu-6204-pure"
      ],
      "least_recorded_complete_release_method": "common"
    },
    {
      "task": "d2-m2-T2",
      "tolerance": "1/8",
      "eligible": [
        "common",
        "quadratic-6201-guarded",
        "quadratic-6201-pure",
        "quadratic-6202-guarded",
        "quadratic-6202-pure",
        "quadratic-6203-guarded",
        "quadratic-6203-pure",
        "quadratic-6204-guarded",
        "quadratic-6204-pure",
        "relu-6201-guarded",
        "relu-6201-pure",
        "relu-6202-guarded",
        "relu-6202-pure",
        "relu-6203-guarded",
        "relu-6203-pure",
        "relu-6204-guarded",
        "relu-6204-pure"
      ],
      "least_recorded_complete_release_method": "common"
    },
    {
      "task": "d2-m2-T2",
      "tolerance": "1/16",
      "eligible": [
        "common",
        "quadratic-6201-guarded",
        "quadratic-6201-pure",
        "quadratic-6202-guarded",
        "quadratic-6202-pure",
        "quadratic-6203-guarded",
        "quadratic-6203-pure",
        "quadratic-6204-guarded",
        "quadratic-6204-pure",
        "relu-6201-guarded",
        "relu-6202-guarded",
        "relu-6203-guarded",
        "relu-6203-pure",
        "relu-6204-guarded"
      ],
      "least_recorded_complete_release_method": "common"
    },
    {
      "task": "d2-m2-T2",
      "tolerance": "1/32",
      "eligible": [
        "common",
        "quadratic-6201-guarded",
        "quadratic-6202-guarded",
        "quadratic-6203-guarded",
        "quadratic-6204-guarded",
        "relu-6201-guarded",
        "relu-6202-guarded",
        "relu-6203-guarded",
        "relu-6204-guarded"
      ],
      "least_recorded_complete_release_method": "common"
    }
  ],
  "task_facts": [
    {
      "task": "d2-m1-T2",
      "final_n": 64,
      "common_bound": 0.003739512747235294,
      "final_bounds": {
        "quadratic-6201-guarded": 0.003739512747235294,
        "quadratic-6201-pure": 0.049236732786652096,
        "quadratic-6202-guarded": 0.003739512747235294,
        "quadratic-6202-pure": 0.04923673278501015,
        "quadratic-6203-guarded": 0.003739512747235294,
        "quadratic-6203-pure": 0.04923673278552866,
        "quadratic-6204-guarded": 0.003739512747429735,
        "quadratic-6204-pure": 0.0492367327852694,
        "relu-6201-guarded": 0.003739512747235294,
        "relu-6201-pure": 0.05771329664936766,
        "relu-6202-guarded": 0.003739512747235294,
        "relu-6202-pure": 0.08354044169846125,
        "relu-6203-guarded": 0.003739512747235294,
        "relu-6203-pure": 0.04923673279814484,
        "relu-6204-guarded": 0.003739512747235294,
        "relu-6204-pure": 0.05401385944246821
      },
      "cost_classifications": {
        "quadratic-guarded": {
          "negative": 0,
          "positive": 0,
          "unresolved": 4,
          "zero": 0
        },
        "quadratic-pure": {
          "negative": 0,
          "positive": 0,
          "unresolved": 4,
          "zero": 0
        },
        "relu-guarded": {
          "negative": 0,
          "positive": 0,
          "unresolved": 4,
          "zero": 0
        },
        "relu-pure": {
          "negative": 0,
          "positive": 4,
          "unresolved": 0,
          "zero": 0
        }
      }
    },
    {
      "task": "d2-m1-T3",
      "final_n": 64,
      "common_bound": 0.007584798985235619,
      "final_bounds": {
        "quadratic-6201-guarded": 0.007584798985235619,
        "quadratic-6201-pure": 0.07608468247973549,
        "quadratic-6202-guarded": 0.007584798985235619,
        "quadratic-6202-pure": 0.07608468247767797,
        "quadratic-6203-guarded": 0.007584798985235619,
        "quadratic-6203-pure": 0.07608468247878546,
        "quadratic-6204-guarded": 0.007584798985417907,
        "quadratic-6204-pure": 0.07608468247781731,
        "relu-6201-guarded": 0.007584798985235619,
        "relu-6201-pure": 0.12292067896846628,
        "relu-6202-guarded": 0.0075847989853368904,
        "relu-6202-pure": 0.10003279657384094,
        "relu-6203-guarded": 0.007584798985235619,
        "relu-6203-pure": 0.09533377204349253,
        "relu-6204-guarded": 0.007584798985235619,
        "relu-6204-pure": 0.10513954883599161
      },
      "cost_classifications": {
        "quadratic-guarded": {
          "negative": 0,
          "positive": 0,
          "unresolved": 4,
          "zero": 0
        },
        "quadratic-pure": {
          "negative": 0,
          "positive": 4,
          "unresolved": 0,
          "zero": 0
        },
        "relu-guarded": {
          "negative": 0,
          "positive": 0,
          "unresolved": 4,
          "zero": 0
        },
        "relu-pure": {
          "negative": 0,
          "positive": 4,
          "unresolved": 0,
          "zero": 0
        }
      }
    },
    {
      "task": "d4-m1-T3",
      "final_n": 16,
      "common_bound": 0.05711692181116911,
      "final_bounds": {
        "quadratic-6201-guarded": 0.057116921812927636,
        "quadratic-6201-pure": 0.2014544523368638,
        "quadratic-6202-guarded": 0.05711692181304812,
        "quadratic-6202-pure": 0.20145445233651857,
        "quadratic-6203-guarded": 0.05711692181313916,
        "quadratic-6203-pure": 0.20145445233696704,
        "quadratic-6204-guarded": 0.0571169218128224,
        "quadratic-6204-pure": 0.2014544523356587,
        "relu-6201-guarded": 0.05711692181352128,
        "relu-6201-pure": 0.22836539739920442,
        "relu-6202-guarded": 0.05711692181308507,
        "relu-6202-pure": 0.21537847326217338,
        "relu-6203-guarded": 0.05711692181329325,
        "relu-6203-pure": 0.20914322534369936,
        "relu-6204-guarded": 0.057116921813833654,
        "relu-6204-pure": 0.2293084557751565
      },
      "cost_classifications": {
        "quadratic-guarded": {
          "negative": 0,
          "positive": 0,
          "unresolved": 4,
          "zero": 0
        },
        "quadratic-pure": {
          "negative": 0,
          "positive": 4,
          "unresolved": 0,
          "zero": 0
        },
        "relu-guarded": {
          "negative": 0,
          "positive": 0,
          "unresolved": 4,
          "zero": 0
        },
        "relu-pure": {
          "negative": 0,
          "positive": 4,
          "unresolved": 0,
          "zero": 0
        }
      }
    },
    {
      "task": "d8-m1-T2",
      "final_n": 4,
      "common_bound": 0.37960924403668245,
      "final_bounds": {
        "quadratic-6201-guarded": 0.3796092440371258,
        "quadratic-6201-pure": 0.5156086893393718,
        "quadratic-6202-guarded": 0.3796092440371258,
        "quadratic-6202-pure": 0.5156086893393501,
        "quadratic-6203-guarded": 0.37960924403711505,
        "quadratic-6203-pure": 0.5156086893393987,
        "quadratic-6204-guarded": 0.3796092440371258,
        "quadratic-6204-pure": 0.5156086893393718,
        "relu-6201-guarded": 0.37960924403713664,
        "relu-6201-pure": 0.5192205792912098,
        "relu-6202-guarded": 0.37960924403719065,
        "relu-6202-pure": 0.5156086893426503,
        "relu-6203-guarded": 0.37960924403722307,
        "relu-6203-pure": 0.5156086893433793,
        "relu-6204-guarded": 0.37960924403711505,
        "relu-6204-pure": 0.5156086893413281
      },
      "cost_classifications": {
        "quadratic-guarded": {
          "negative": 0,
          "positive": 0,
          "unresolved": 4,
          "zero": 0
        },
        "quadratic-pure": {
          "negative": 0,
          "positive": 4,
          "unresolved": 0,
          "zero": 0
        },
        "relu-guarded": {
          "negative": 0,
          "positive": 0,
          "unresolved": 4,
          "zero": 0
        },
        "relu-pure": {
          "negative": 0,
          "positive": 4,
          "unresolved": 0,
          "zero": 0
        }
      }
    },
    {
      "task": "d2-m2-T2",
      "final_n": 64,
      "common_bound": 0.005410422185228798,
      "final_bounds": {
        "quadratic-6201-guarded": 0.0054104221852504025,
        "quadratic-6201-pure": 0.05652927575900546,
        "quadratic-6202-guarded": 0.00541042218533682,
        "quadratic-6202-pure": 0.05645687233162675,
        "quadratic-6203-guarded": 0.005410422185423238,
        "quadratic-6203-pure": 0.05581962212497261,
        "quadratic-6204-guarded": 0.005410422185423238,
        "quadratic-6204-pure": 0.05647935926016725,
        "relu-6201-guarded": 0.005410422185228798,
        "relu-6201-pure": 0.08375362867538835,
        "relu-6202-guarded": 0.005410422185228798,
        "relu-6202-pure": 0.08939566413095551,
        "relu-6203-guarded": 0.005410422185228798,
        "relu-6203-pure": 0.05709402815246865,
        "relu-6204-guarded": 0.005410422185228798,
        "relu-6204-pure": 0.06522599260407855
      },
      "cost_classifications": {
        "quadratic-guarded": {
          "negative": 0,
          "positive": 0,
          "unresolved": 4,
          "zero": 0
        },
        "quadratic-pure": {
          "negative": 0,
          "positive": 4,
          "unresolved": 0,
          "zero": 0
        },
        "relu-guarded": {
          "negative": 0,
          "positive": 0,
          "unresolved": 4,
          "zero": 0
        },
        "relu-pure": {
          "negative": 0,
          "positive": 4,
          "unresolved": 0,
          "zero": 0
        }
      }
    }
  ],
  "checked_nodal_action_records": 18806777,
  "checked_interval_records": 295,
  "fitting_services": 40,
  "new_production_path_rows": 327680
}
