{
  "artifact_digests": {
    "graded": "280f32e6cc66344e31c5e04487cd813bdaf21908f6860d1449b2c297f4268517",
    "study": "d367b908c754dfa66efd5b6ed40fd6ce46a6e6606cde959811afb850b4b3c601"
  },
  "direct_policy_cost": {
    "r49_interval_width": {
      "max": 0.003582796116749165,
      "median": 0.002917233457537671,
      "min": 0.0023934959149692816
    },
    "r49_midpoint": {
      "max": 0.1031007402854131,
      "median": 0.011984590151149792,
      "min": -0.0003683674490116671
    },
    "r49_policy_pairs": 96,
    "r49_signs": {
      "left-higher": 93,
      "unresolved": 3
    },
    "r49_signs_by_target": {
      "1": {
        "left-higher": 32
      },
      "2": {
        "left-higher": 32
      },
      "4": {
        "left-higher": 29,
        "unresolved": 3
      }
    },
    "retained_r48_pairs": 8,
    "retained_r48_signs": {
      "unresolved": 8
    },
    "sensor_contrasts": 104,
    "sensor_signs": {
      "left-higher": 3,
      "unresolved": 101
    }
  },
  "graded_block": {
    "attainment": {
      "compiled-witness": {
        "1": 12,
        "1/2": 6,
        "2": 12,
        "4": 12,
        "5": 12
      },
      "graded-fvi": {
        "1": 12,
        "1/2": 0,
        "2": 12,
        "4": 12,
        "5": 12
      },
      "tensor-fvi": {
        "1": 12,
        "1/2": 3,
        "2": 12,
        "4": 12,
        "5": 12
      }
    },
    "graded_slower_pairs": 12,
    "graded_to_uniform_final_bound_ratio": {
      "max": 1.339120616527784,
      "median": 1.3262055185300545,
      "min": 1.3215748848619535
    },
    "graded_to_uniform_final_prefix_time_ratio": {
      "max": 1.0313450823997607,
      "median": 1.0195928847799198,
      "min": 1.0067812499019206
    },
    "graded_worse_final_bound_pairs": 12,
    "nonuniform_date_models": 252,
    "rungs": 216,
    "services": 36
  },
  "manifest_checks": {
    "graded": {
      "inherited_source_hashes_not_materialized_in_artifact": 0,
      "jobs": 36,
      "result_hashes_verified": 288,
      "source_hashes_verified_from_artifact": 10
    },
    "study": {
      "inherited_source_hashes_not_materialized_in_artifact": 0,
      "jobs": 268,
      "result_hashes_verified": 836,
      "source_hashes_verified_from_artifact": 11
    }
  },
  "reviewed_snapshot": {
    "branch": "revision/econometrica-nbo-r49-source-2026-10-08",
    "commit": "4ede6077aa3d78aa36ec9b9471e5338a636a49f4",
    "tree": "98098e476c1f8d690e12ae8dc95c976264740693"
  },
  "scope": [
    "Frozen records and arithmetic are audited; construction, simulation, LaTeX and clocks are not rerun.",
    "Timing repetitions share deterministic checkpoints and are not independent trained policies.",
    "Single-runner clocks are descriptive and do not establish hardware-general performance.",
    "The source branch is not a canonical review-ready publication; the main evidence push failed after science completed."
  ],
  "status": "passed",
  "study": {
    "attainment_by_dimension": {
      "2": {
        "compiled-witness": {
          "1": 12,
          "1/2": 6,
          "2": 12,
          "4": 12,
          "5": 12
        },
        "curvature-fvi": {
          "1": 12,
          "1/2": 3,
          "2": 12,
          "4": 12,
          "5": 12
        },
        "tensor-fvi": {
          "1": 12,
          "1/2": 3,
          "2": 12,
          "4": 12,
          "5": 12
        }
      },
      "3": {
        "compiled-witness": {
          "1": 0,
          "1/2": 0,
          "2": 3,
          "4": 6,
          "5": 6
        },
        "tensor-fvi": {
          "1": 0,
          "1/2": 0,
          "2": 3,
          "4": 6,
          "5": 6
        }
      },
      "4": {
        "compiled-witness": {
          "1": 0,
          "1/2": 0,
          "2": 0,
          "4": 6,
          "5": 6
        },
        "tensor-fvi": {
          "1": 0,
          "1/2": 0,
          "2": 0,
          "4": 3,
          "5": 6
        }
      }
    },
    "checkpoint_repetitions": {
      "checkpoint_identical_groups": 20,
      "multi_repeat_groups": 20
    },
    "dimension_counts": {
      "2": 36,
      "3": 12,
      "4": 12
    },
    "method_counts": {
      "compiled-witness": 24,
      "curvature-fvi": 12,
      "tensor-fvi": 24
    },
    "original_curvature_control": {
      "checkpoint_pairs": 72,
      "final_prefix_time_ratio_curvature_over_tensor": {
        "max": 1.17305870155905,
        "median": 1.1512182294864997,
        "min": 1.1380797496807724
      },
      "nonuniform_date_models": 0,
      "services": 12,
      "substantively_identical_checkpoint_pairs": 72
    },
    "rungs": 300,
    "services": 60
  }
}
