dpo_d10_s22807 20.05312712 630 None
linear_d10_s22807 20.028753471000016 858 None
nbo_d10_s22807 20.063882885000055 400 None
dpo_d10_s22807_origin_n1024 0.0011000057028432095 0.002695653121994799
linear_d10_s22807_origin_n1024 0.0010670490637157786 0.0026607310791655387
nbo_d10_s22807_origin_n1024 0.0011845918982007042 0.002779929651182899
nbo_d10_s22807_origin_n1024__minus__dpo_d10_s22807_origin_n1024 -0.0011177804833526533 0.0012866432078982482
nbo_d10_s22807_origin_n1024__minus__linear_d10_s22807_origin_n1024 -0.0010845312422648197 0.0013212726487671056
dpo_d10_s22807_population_n1024 0.0005342530312753382 0.0022130134039444176
linear_d10_s22807_population_n1024 0.0005174577810299998 0.0021951156975970553
nbo_d10_s22807_population_n1024 0.0006312545560517805 0.0023091118330732887
nbo_d10_s22807_population_n1024__minus__dpo_d10_s22807_population_n1024 -0.0011560925069354895 0.001349192460840803
nbo_d10_s22807_population_n1024__minus__linear_d10_s22807_population_n1024 -0.0011389890931090554 0.0013667820036070697
dpo_d20_s22807 20.059013273999994 573 None
linear_d20_s22807 20.025715639999987 740 None
nbo_d20_s22807 20.009164562000024 380 None
dpo_d20_s22807_origin_n1024 0.0005971992313700856 0.0023667652472776682
linear_d20_s22807_origin_n1024 0.0005680138693393172 0.0023358322934346693
nbo_d20_s22807_origin_n1024 0.0007000562173979785 0.0024691391497782774
nbo_d20_s22807_origin_n1024__minus__dpo_d20_s22807_origin_n1024 -0.0012085924939191435 0.0014138233824476459
nbo_d20_s22807_origin_n1024__minus__linear_d20_s22807_origin_n1024 -0.0011789719745950804 0.00144432117899735
dpo_d20_s22807_population_n1024 0.00032621148549307643 0.002166424207883324
linear_d20_s22807_population_n1024 0.00031056651624325064 0.002148323668172624
nbo_d20_s22807_population_n1024 0.00042543174929572794 0.0022651575393905867
nbo_d20_s22807_population_n1024__minus__dpo_d20_s22807_population_n1024 -0.001264043261697755 0.001461996857007669
nbo_d20_s22807_population_n1024__minus__linear_d20_s22807_population_n1024 -0.001248062149083197 0.0014797612533536367
dpo_d50_s22807 20.054228165999916 443 None
linear_d50_s22807 20.051060113000062 550 None
nbo_d50_s22807 20.096335255999975 280 None
dpo_d50_s22807_origin_n1024 0.0007444746790472785 0.002554790854301278
linear_d50_s22807_origin_n1024 0.0005806556298054132 0.002388802937810119
nbo_d50_s22807_origin_n1024 0.0008496299613438679 0.0026601880036767984
nbo_d50_s22807_origin_n1024__minus__dpo_d50_s22807_origin_n1024 -0.0012294622751425832 0.0014400147068146928
nbo_d50_s22807_origin_n1024__minus__linear_d50_s22807_origin_n1024 -0.0010655519299759757 0.0016059113273811088
dpo_d50_s22807_population_n1024 0.0005685117708412371 0.002456061121736716
linear_d50_s22807_population_n1024 0.0004799678168728926 0.002366023350199648
nbo_d50_s22807_population_n1024 0.0006645966671613039 0.0025524002433150554
nbo_d50_s22807_population_n1024__minus__dpo_d50_s22807_population_n1024 -0.0012908359267473997 0.0014832599446458056
nbo_d50_s22807_population_n1024__minus__linear_d50_s22807_population_n1024 -0.0012032008990112248 0.0015742066424150427
