results/tuning/seed25001/neural/rate0.005 200 0.0022071268540495574 call_cap
results/tuning/seed25001/neural/rate0.02 200 0.0019642443828835625 call_cap
results/tuning/seed25001/neural/rate0.08 200 0.0019267756443559494 call_cap
results/tuning/seed25001/neural/rate0.32 200 0.009608629572342544 call_cap
results/tuning/seed25001/neural/rate1.28 200 0.00964114870257138 call_cap
results/tuning/seed25001/neural/rate5.12 200 0.010102358210202668 call_cap
results/tuning/seed25001/neural/rate20.48 200 0.017171800493373194 call_cap
results/tuning/seed25001/direct/rate0.005 200 0.01916090232226453 call_cap
results/tuning/seed25001/direct/rate0.02 200 0.00472671873401609 call_cap
results/tuning/seed25001/direct/rate0.08 200 0.0022253604465598546 call_cap
results/tuning/seed25001/direct/rate0.32 200 0.0019536962376158766 call_cap
results/tuning/seed25001/direct/rate1.28 200 0.002006707994483881 call_cap
results/tuning/seed25001/direct/rate5.12 200 0.0044338452792069835 call_cap
results/tuning/seed25001/direct/rate20.48 200 0.013005557550931803 call_cap
results/tuning/seed25001/diagonal/rate0.005 200 0.01690659045797616 call_cap
results/tuning/seed25001/diagonal/rate0.02 200 0.004002101453012497 call_cap
results/tuning/seed25001/diagonal/rate0.08 200 0.0021502449772188297 call_cap
results/tuning/seed25001/diagonal/rate0.32 200 0.001944581436674753 call_cap
results/tuning/seed25001/diagonal/rate1.28 200 0.001991347967332136 call_cap
results/tuning/seed25001/diagonal/rate5.12 200 0.0056189319702422144 call_cap
results/tuning/seed25001/diagonal/rate20.48 200 0.006065450950187624 call_cap
results/tuning/seed25001/tangent/rate0.005 200 0.008148472645555406 call_cap
results/tuning/seed25001/tangent/rate0.02 200 0.002877676500425475 call_cap
results/tuning/seed25001/tangent/rate0.08 200 0.0020550601920863447 call_cap
results/tuning/seed25001/tangent/rate0.32 200 0.00202459916991038 call_cap
results/tuning/seed25001/tangent/rate1.28 200 0.009609578782534546 call_cap
results/tuning/seed25001/tangent/rate5.12 200 0.009609259277201467 call_cap
results/tuning/seed25001/tangent/rate20.48 200 0.009765934169853276 call_cap
results/tuning/seed25001/white/rate0.005 200 0.030935318203664467 call_cap
results/tuning/seed25001/white/rate0.02 200 0.022016543817410254 call_cap
results/tuning/seed25001/white/rate0.08 200 0.020274771309208187 call_cap
results/tuning/seed25001/white/rate0.32 200 0.022624280679272916 call_cap
results/tuning/seed25001/white/rate1.28 200 0.02301278113107497 call_cap
results/tuning/seed25001/white/rate5.12 200 0.02771950677678881 call_cap
results/tuning/seed25001/white/rate20.48 200 0.044096918823977045 call_cap
results/tuning/seed25001/moving/rate0.005 200 0.0022118770327328456 call_cap
results/tuning/seed25001/moving/rate0.02 200 0.0019969703428976975 call_cap
results/tuning/seed25001/moving/rate0.08 200 0.0019488238723157638 call_cap
results/tuning/seed25001/moving/rate0.32 200 0.0019369292039757016 call_cap
results/tuning/seed25001/moving/rate1.28 200 0.0019377084296960947 call_cap
results/tuning/seed25001/moving/rate5.12 200 0.0019377084296960947 call_cap
results/tuning/seed25001/moving/rate20.48 200 0.0019377084296960947 call_cap
results/tuning/seed25002/neural/rate0.005 200 0.0022164089549858716 call_cap
results/tuning/seed25002/neural/rate0.02 200 0.0019656041284996655 call_cap
results/tuning/seed25002/neural/rate0.08 200 0.0019366811237124806 call_cap
results/tuning/seed25002/neural/rate0.32 200 0.002327794124381555 call_cap
results/tuning/seed25002/neural/rate1.28 200 0.009641163824285261 call_cap
results/tuning/seed25002/neural/rate5.12 200 0.00964114870257138 call_cap
results/tuning/seed25002/neural/rate20.48 200 0.00964114870257138 call_cap
results/tuning/seed25002/direct/rate0.005 200 0.019067585293457427 call_cap
results/tuning/seed25002/direct/rate0.02 200 0.004715880020477626 call_cap
results/tuning/seed25002/direct/rate0.08 200 0.0022246940596282187 call_cap
results/tuning/seed25002/direct/rate0.32 200 0.0019536565250699582 call_cap
results/tuning/seed25002/direct/rate1.28 200 0.0020067027525123575 call_cap
results/tuning/seed25002/direct/rate5.12 200 0.004433845262731496 call_cap
results/tuning/seed25002/direct/rate20.48 200 0.013005176979277168 call_cap
results/tuning/seed25002/diagonal/rate0.005 200 0.017592362000334875 call_cap
results/tuning/seed25002/diagonal/rate0.02 200 0.004251984592578363 call_cap
results/tuning/seed25002/diagonal/rate0.08 200 0.0021764651784152993 call_cap
results/tuning/seed25002/diagonal/rate0.32 200 0.0019478123112093295 call_cap
results/tuning/seed25002/diagonal/rate1.28 200 0.001991373538601016 call_cap
results/tuning/seed25002/diagonal/rate5.12 200 0.00561893852410389 call_cap
results/tuning/seed25002/diagonal/rate20.48 200 0.006065473998718708 call_cap
results/tuning/seed25002/tangent/rate0.005 200 0.008029672755953678 call_cap
results/tuning/seed25002/tangent/rate0.02 200 0.0027119294479576177 call_cap
results/tuning/seed25002/tangent/rate0.08 200 0.002072876622337905 call_cap
results/tuning/seed25002/tangent/rate0.32 200 0.00204852917508247 call_cap
results/tuning/seed25002/tangent/rate1.28 200 0.009610362493531978 call_cap
results/tuning/seed25002/tangent/rate5.12 200 0.009609380440101402 call_cap
results/tuning/seed25002/tangent/rate20.48 200 0.009610342320363287 call_cap
results/tuning/seed25002/white/rate0.005 200 0.030315396029427347 call_cap
results/tuning/seed25002/white/rate0.02 200 0.022092467560538512 call_cap
results/tuning/seed25002/white/rate0.08 200 0.02014989897338926 call_cap
results/tuning/seed25002/white/rate0.32 200 0.019807464043350546 call_cap
results/tuning/seed25002/white/rate1.28 200 0.019135832730138972 call_cap
results/tuning/seed25002/white/rate5.12 200 0.018956332121227607 call_cap
results/tuning/seed25002/white/rate20.48 200 0.034092511843447866 call_cap
results/tuning/seed25002/moving/rate0.005 200 0.002220726396771511 call_cap
results/tuning/seed25002/moving/rate0.02 200 0.001993932307156499 call_cap
results/tuning/seed25002/moving/rate0.08 200 0.0019516055755619546 call_cap
results/tuning/seed25002/moving/rate0.32 200 0.0019382626204098587 call_cap
results/tuning/seed25002/moving/rate1.28 200 0.0019415084728531264 call_cap
results/tuning/seed25002/moving/rate5.12 200 0.0019415084728531264 call_cap
results/tuning/seed25002/moving/rate20.48 200 0.0019415084728531264 call_cap
SELECTION {"neural": {"selected_rate": 0.08, "selected_score": -1.2872281400851397, "interior_with_larger_deterioration": true, "censored_at_upper_endpoint": false, "trials": [{"learning_rate": 0.005, "mean_certified_lower": -1.2875081796056231, "all_feasible": true}, {"learning_rate": 0.02, "mean_certified_lower": -1.287261335956797, "all_feasible": true}, {"learning_rate": 0.08, "mean_certified_lower": -1.2872281400851397, "all_feasible": true}, {"learning_rate": 0.32, "mean_certified_lower": -1.2912646235494676, "all_feasible": true}, {"learning_rate": 1.28, "mean_certified_lower": -1.2949375679645336, "all_feasible": true}, {"learning_rate": 5.12, "mean_certified_lower": -1.2951681651574924, "all_feasible": true}, {"learning_rate": 20.48, "mean_certified_lower": -1.2987028862990777, "all_feasible": true}]}, "direct": {"selected_rate": 0.32, "selected_score": -1.2872500880824482, "interior_with_larger_deterioration": true, "censored_at_upper_endpoint": false, "trials": [{"learning_rate": 0.005, "mean_certified_lower": -1.3044106555089665, "all_feasible": true}, {"learning_rate": 0.02, "mean_certified_lower": -1.2900177110783524, "all_feasible": true}, {"learning_rate": 0.08, "mean_certified_lower": -1.2875214389541996, "all_feasible": true}, {"learning_rate": 0.32, "mean_certified_lower": -1.2872500880824482, "all_feasible": true}, {"learning_rate": 1.28, "mean_certified_lower": -1.2873031170746034, "all_feasible": true}, {"learning_rate": 5.12, "mean_certified_lower": -1.2897302569720748, "all_feasible": true}, {"learning_rate": 20.48, "mean_certified_lower": -1.29830177896621, "all_feasible": true}]}, "diagonal": {"selected_rate": 0.32, "selected_score": -1.2872426085750475, "interior_with_larger_deterioration": true, "censored_at_upper_endpoint": false, "trials": [{"learning_rate": 0.005, "mean_certified_lower": -1.302545887930261, "all_feasible": true}, {"learning_rate": 0.02, "mean_certified_lower": -1.289423454723901, "all_feasible": true}, {"learning_rate": 0.08, "mean_certified_lower": -1.2874597667789225, "all_feasible": true}, {"learning_rate": 0.32, "mean_certified_lower": -1.2872426085750475, "all_feasible": true}, {"learning_rate": 1.28, "mean_certified_lower": -1.2872877724540719, "all_feasible": true}, {"learning_rate": 5.12, "mean_certified_lower": -1.2909153469482786, "all_feasible": true}, {"learning_rate": 20.48, "mean_certified_lower": -1.2913618741755586, "all_feasible": true}]}, "tangent": {"selected_rate": 0.32, "selected_score": -1.2873329758736018, "interior_with_larger_deterioration": true, "censored_at_upper_endpoint": false, "trials": [{"learning_rate": 0.005, "mean_certified_lower": -1.29338548440186, "all_feasible": true}, {"learning_rate": 0.02, "mean_certified_lower": -1.288091214675297, "all_feasible": true}, {"learning_rate": 0.08, "mean_certified_lower": -1.2873603801083175, "all_feasible": true}, {"learning_rate": 0.32, "mean_certified_lower": -1.2873329758736018, "all_feasible": true}, {"learning_rate": 1.28, "mean_certified_lower": -1.2949063823391387, "all_feasible": true}, {"learning_rate": 5.12, "mean_certified_lower": -1.2949057315597567, "all_feasible": true}, {"learning_rate": 20.48, "mean_certified_lower": -1.2949845499462138, "all_feasible": true}]}, "white": {"selected_rate": 0.08, "selected_score": -1.305508746842404, "interior_with_larger_deterioration": true, "censored_at_upper_endpoint": false, "trials": [{"learning_rate": 0.005, "mean_certified_lower": -1.3159217688176512, "all_feasible": true}, {"learning_rate": 0.02, "mean_certified_lower": -1.30735091739008, "all_feasible": true}, {"learning_rate": 0.08, "mean_certified_lower": -1.305508746842404, "all_feasible": true}, {"learning_rate": 0.32, "mean_certified_lower": -1.3065122840624173, "all_feasible": true}, {"learning_rate": 1.28, "mean_certified_lower": -1.3063707186317124, "all_feasible": true}, {"learning_rate": 5.12, "mean_certified_lower": -1.3086343311501136, "all_feasible": true}, {"learning_rate": 20.48, "mean_certified_lower": -1.3243911270348179, "all_feasible": true}]}, "moving": {"selected_rate": 0.32, "selected_score": -1.2872340076132982, "interior_with_larger_deterioration": true, "censored_at_upper_endpoint": false, "trials": [{"learning_rate": 0.005, "mean_certified_lower": -1.2875127134158575, "all_feasible": true}, {"learning_rate": 0.02, "mean_certified_lower": -1.2872918630261325, "all_feasible": true}, {"learning_rate": 0.08, "mean_certified_lower": -1.2872466264250444, "all_feasible": true}, {"learning_rate": 0.32, "mean_certified_lower": -1.2872340076132982, "all_feasible": true}, {"learning_rate": 1.28, "mean_certified_lower": -1.28723602015238, "all_feasible": true}, {"learning_rate": 5.12, "mean_certified_lower": -1.28723602015238, "all_feasible": true}, {"learning_rate": 20.48, "mean_certified_lower": -1.28723602015238, "all_feasible": true}]}}
results/heldout/seed25101/q8_16/neural_adam 400 0.0019254731820297357 call_cap
results/heldout/seed25101/q8_16/direct_adam 400 0.0019366788309334029 call_cap
results/heldout/seed25101/q8_16/diagonal_adam 400 0.001932295751729374 call_cap
results/heldout/seed25101/q8_16/tangent_adam 400 0.00207469019912665 call_cap
results/heldout/seed25101/q8_16/white_adam 400 0.013333696478847969 call_cap
results/heldout/seed25101/q8_16/moving_adam 400 0.0019255854234412342 call_cap
results/heldout/seed25101/q8_16/neural_lbfgsb 400 0.0019233071371960178 call_cap_last_accepted_iterate
results/heldout/seed25101/q8_16/direct_lbfgsb 120 0.0019232954160124385 CONVERGENCE: NORM OF PROJECTED GRADIENT <= PGTOL
results/heldout/seed25101/q12_24/neural_adam 400 0.0019254715375118805 call_cap
results/heldout/seed25101/q12_24/direct_adam 400 0.0019366656864365785 call_cap
results/heldout/seed25101/q12_24/diagonal_adam 400 0.0019322827786791843 call_cap
results/heldout/seed25101/q12_24/tangent_adam 400 0.002074681123960254 call_cap
results/heldout/seed25101/q12_24/white_adam 400 0.013334017879142348 call_cap
results/heldout/seed25101/q12_24/moving_adam 400 0.0019255754501275037 call_cap
results/heldout/seed25101/q12_24/neural_lbfgsb 400 0.0019233054540601648 call_cap_last_accepted_iterate
results/heldout/seed25101/q12_24/direct_lbfgsb 107 0.001923287072166158 CONVERGENCE: NORM OF PROJECTED GRADIENT <= PGTOL
results/heldout/seed25102/q8_16/neural_adam 400 0.0019263760056307257 call_cap
results/heldout/seed25102/q8_16/direct_adam 400 0.0019366958268032255 call_cap
results/heldout/seed25102/q8_16/diagonal_adam 400 0.0019328550403634461 call_cap
results/heldout/seed25102/q8_16/tangent_adam 400 0.002083476936147966 call_cap
results/heldout/seed25102/q8_16/white_adam 400 0.01790960998946956 call_cap
results/heldout/seed25102/q8_16/moving_adam 400 0.0019275377940664031 call_cap
results/heldout/seed25102/q8_16/neural_lbfgsb 86 0.009608290835698254 CONVERGENCE: NORM OF PROJECTED GRADIENT <= PGTOL
results/heldout/seed25102/q8_16/direct_lbfgsb 126 0.0019232953695689228 CONVERGENCE: NORM OF PROJECTED GRADIENT <= PGTOL
results/heldout/seed25102/q12_24/neural_adam 400 0.0019263690401938318 call_cap
results/heldout/seed25102/q12_24/direct_adam 400 0.0019366826823781216 call_cap
results/heldout/seed25102/q12_24/diagonal_adam 400 0.0019328429277243322 call_cap
results/heldout/seed25102/q12_24/tangent_adam 400 0.002083479498727226 call_cap
results/heldout/seed25102/q12_24/white_adam 400 0.01791001779343571 call_cap
results/heldout/seed25102/q12_24/moving_adam 400 0.0019278023381228417 call_cap
results/heldout/seed25102/q12_24/neural_lbfgsb 84 0.009608169223354947 CONVERGENCE: NORM OF PROJECTED GRADIENT <= PGTOL
results/heldout/seed25102/q12_24/direct_lbfgsb 101 0.0019232870896157552 CONVERGENCE: NORM OF PROJECTED GRADIENT <= PGTOL
ONLINE 25101 neural 1 True 0.001931411997065702
ONLINE 25101 neural 2 True 0.0019273399669685889
ONLINE 25101 neural 3 True 0.001926180870051031
ONLINE 25101 neural 4 True 0.0019254731820297357
ONLINE 25101 direct 1 True 0.0019846016258988635
ONLINE 25101 direct 2 True 0.00195371050385651
ONLINE 25101 direct 3 True 0.0019425287904388802
ONLINE 25101 direct 4 True 0.0019366788309334029
ONLINE 25101 moving 1 True 0.00199703252457395
ONLINE 25101 moving 2 True 0.0019383875630303307
ONLINE 25101 moving 3 True 0.0019270466745766603
ONLINE 25101 moving 4 True 0.0019255854234412342
ONLINE 25102 neural 1 True 0.0019459685172478205
ONLINE 25102 neural 2 True 0.0019317964766507603
ONLINE 25102 neural 3 True 0.0019281831419541986
ONLINE 25102 neural 4 True 0.0019263760056307257
ONLINE 25102 direct 1 True 0.0019847739161549254
ONLINE 25102 direct 2 True 0.00195374403442572
ONLINE 25102 direct 3 True 0.0019425526647418592
ONLINE 25102 direct 4 True 0.0019366958268032255
ONLINE 25102 moving 1 True 0.0020009019101046026
ONLINE 25102 moving 2 True 0.0019408240585834238
ONLINE 25102 moving 3 True 0.001931766607181862
ONLINE 25102 moving 4 True 0.0019275377940664031
