case00 unscaled gap=0.09082066455952803 relative=0.033403420459653256 lp_seconds=0.005634082999989687
case00 scaled gap=0.05914264497342374 relative=0.021806677569139163 lp_seconds=0.004485764000008885
case01 unscaled gap=0.33592978053540395 relative=0.06357491276537164 lp_seconds=0.04978493300001219
case01 scaled gap=0.06836180498514426 relative=0.013056188333918613 lp_seconds=0.07199724899999183
case02 unscaled gap=0.5289188439946719 relative=0.09815683606459422 lp_seconds=0.3403604140000027
case02 scaled gap=0.5289188440101333 relative=0.09815683606746355 lp_seconds=0.36735325300000454
case03 unscaled gap=1.8086860221816907 relative=0.09167034037351059 lp_seconds=9.07746493099998
case03 scaled gap=0.899950141528932 relative=0.0463489163902637 lp_seconds=27.514365450000014
case04 unscaled gap=0.13114168962734507 relative=0.023861812661719335 lp_seconds=2.1815882939999938
case04 scaled gap=0.10136384946639515 relative=0.01847751094176756 lp_seconds=2.0319644340000025
case05 unscaled gap=0.30390046988156194 relative=0.018669081118928524 lp_seconds=2.327646133000002
case05 scaled gap=0.04521053353014713 relative=0.0027807162051452206 lp_seconds=1.9353439150000042
case06 unscaled gap=28.61383518139356 relative=1.0 lp_seconds=30.052125700999994
case06 scaled gap=28.61383518139356 relative=1.0 lp_seconds=30.051845442999962
case07 unscaled gap=15.797289054789292 relative=1.0 lp_seconds=30.077507305999973
case07 scaled gap=15.797289054789292 relative=1.0 lp_seconds=30.077392661999966
scale_p1 unscaled gap=2.181082556573117 relative=0.36526390083965526 lp_seconds=0.013885016000017458
scale_p1 scaled gap=2.1813300505337083 relative=0.36526002704003535 lp_seconds=0.014976679999961107
scale_p01 unscaled gap=0.19463716979543022 relative=0.022338724551908117 lp_seconds=0.010854293000022608
scale_p01 scaled gap=0.17492507272746324 relative=0.020074301402136237 lp_seconds=0.010097423000047456
scale_p001 unscaled gap=0.030918108979644 relative=0.003368110878797542 lp_seconds=0.01086018200004446
scale_p001 scaled gap=0.0043971634672987136 relative=0.00047928614657336265 lp_seconds=0.00909879899995758
scale_p0001 unscaled gap=0.009521685456598969 relative=0.0010319570534969046 lp_seconds=0.010287629999993442
scale_p0001 scaled gap=8.656286254726403e-06 relative=9.384980990812011e-07 lp_seconds=0.00808683499997187
fiber_00 scaled gap=0.11708573213524177 relative=0.014852783847280586 lp_seconds=0.024705988000050638
fiber_01 scaled gap=0.10712830557471534 relative=0.013509541308294178 lp_seconds=0.027236097000013615
fiber_02 scaled gap=0.09836458134441019 relative=0.01233988058881463 lp_seconds=0.027711423000027935
fiber_03 scaled gap=0.08971717051201507 relative=0.011203834119596176 lp_seconds=0.02353979200000822
fiber_04 scaled gap=0.08222342886605889 relative=0.01022606988082694 lp_seconds=0.027968981000014992
fiber_05 scaled gap=0.07570328034199818 relative=0.009380404730862595 lp_seconds=0.025051256999972793
fiber_06 scaled gap=0.06997617040978421 relative=0.008641706595123571 lp_seconds=0.024518765999971492
fiber_07 scaled gap=0.06481782753479362 relative=0.007980236980710959 lp_seconds=0.026792921000037495
fiber_08 scaled gap=0.060203700191383144 relative=0.007391473228719021 lp_seconds=0.02601547000000437
fiber_09 scaled gap=0.05597550847066557 relative=0.006854831140532236 lp_seconds=0.02529328200000691
fiber_10 scaled gap=0.052162254123848895 relative=0.006372852358079715 lp_seconds=0.02422532399998545
fiber_11 scaled gap=0.04790867470126232 relative=0.005841052301027111 lp_seconds=0.025449005999973906
fiber_12 scaled gap=0.04488238720037841 relative=0.005461016187702177 lp_seconds=0.024847131000001355
fiber_13 scaled gap=0.042144622408796684 relative=0.005118247855706248 lp_seconds=0.023874425999963478
fiber_14 scaled gap=0.039466644485386636 relative=0.004784682548623191 lp_seconds=0.0237389210000174
fiber_15 scaled gap=0.035578104403457274 relative=0.004306990873299595 lp_seconds=0.026065995999999814
fiber_16 scaled gap=0.033531009176989354 relative=0.004052898724777391 lp_seconds=0.025520013999994262
{
  "finite_rows": 16,
  "finite_verified": 16,
  "scaling_rows": 8,
  "scaling_verified": 8,
  "fiber_rows": 17,
  "fiber_verified": 17,
  "all_failures": []
}
