{
  "total_tests": 44,
  "documents": [
    {
      "document": "ECTA",
      "pages": 46,
      "sha256": "3a65292518b2030ebad4c3eb423d9c92188b8731963f9c27bc3f8d3de93caa06",
      "undefined_references": [],
      "duplicate_labels": [],
      "overfull_boxes": [],
      "missing_characters": [],
      "fatal_errors": [],
      "font_substitution_warnings": [
        "Font shape `T1/ppl/m/uc' undefined",
        "Font shape `T1/ppl/m/up' undefined"
      ],
      "bibliography_engine": "audited retained author-year entries; full BibTeX source preserved"
    },
    {
      "document": "supp",
      "pages": 36,
      "sha256": "0d5b6fb7dee1622c6674ee5efc5ae8042db8dc4909607f8e78c014c8ba19488e",
      "undefined_references": [],
      "duplicate_labels": [],
      "overfull_boxes": [],
      "missing_characters": [],
      "fatal_errors": [],
      "font_substitution_warnings": [
        "Font shape `T1/ppl/m/uc' undefined",
        "Font shape `T1/ppl/m/up' undefined"
      ],
      "bibliography_engine": "audited retained author-year entries; full BibTeX source preserved"
    },
    {
      "document": "complete",
      "pages": 112,
      "sha256": "835162be16488c4e25cf543080f9a57683f353e149014fadbd2658570b997de9",
      "undefined_references": [],
      "duplicate_labels": [],
      "overfull_boxes": [],
      "missing_characters": [],
      "fatal_errors": [],
      "font_substitution_warnings": [
        "Font shape `T1/ppl/m/uc' undefined",
        "Font shape `T1/ppl/m/up' undefined",
        "Font shape `T1/ppl/m/scit' undefined",
        "Font shape `T1/ppl/m/scit' undefined",
        "Font shape `T1/ppl/m/scit' undefined",
        "Font shape `T1/ppl/m/scit' undefined",
        "Font shape `T1/ppl/m/scit' undefined",
        "Font shape `T1/ppl/m/scit' undefined",
        "Font shape `T1/ppl/m/scit' undefined",
        "Font shape `T1/ppl/m/scit' undefined",
        "Font shape `T1/ppl/m/scit' undefined",
        "Font shape `T1/ppl/m/scit' undefined",
        "Font shape `T1/ppl/m/scit' undefined",
        "Font shape `T1/ppl/m/scit' undefined",
        "Font shape `T1/ppl/m/scit' undefined",
        "Font shape `T1/ppl/m/scit' undefined",
        "Font shape `T1/ppl/m/scit' undefined",
        "Font shape `T1/ppl/m/scit' undefined",
        "Font shape `T1/ppl/m/scit' undefined",
        "Font shape `T1/ppl/m/scit' undefined",
        "Font shape `T1/ppl/m/scit' undefined",
        "Font shape `T1/ppl/m/scit' undefined",
        "Font shape `T1/ppl/m/scit' undefined",
        "Font shape `T1/ppl/m/scit' undefined"
      ],
      "bibliography_engine": "audited retained author-year entries; full BibTeX source preserved"
    },
    {
      "document": "complete-supp",
      "pages": 98,
      "sha256": "227927ab598586647cb1c1a62a78c25769c11e78744879eacd263018ccd96351",
      "undefined_references": [],
      "duplicate_labels": [],
      "overfull_boxes": [],
      "missing_characters": [],
      "fatal_errors": [],
      "font_substitution_warnings": [
        "Font shape `T1/ppl/m/uc' undefined",
        "Font shape `T1/ppl/m/up' undefined"
      ],
      "bibliography_engine": "audited retained author-year entries; full BibTeX source preserved"
    },
    {
      "document": "response",
      "pages": 8,
      "sha256": "3a724969f318e56a6f722dffc54d310af3040ec253bed4af676bdbb7dd192e9a",
      "undefined_references": [],
      "duplicate_labels": [],
      "overfull_boxes": [],
      "missing_characters": [],
      "fatal_errors": [],
      "font_substitution_warnings": [
        "Font shape `T1/ppl/m/uc' undefined",
        "Font shape `T1/ppl/m/up' undefined"
      ],
      "bibliography_engine": "audited retained author-year entries; full BibTeX source preserved"
    }
  ]
}
