{
  "class_name": "econsocart",
  "options": "ecta,nameyear,draft",
  "cycles": 4,
  "documents": [
    {
      "document": "ECTA",
      "source": "ECTA.tex",
      "pages": 51,
      "pdf_sha256": "037e2ea238c35a8392656f5e7e3a6730ef0c7be826a8127326c3969a8626b516",
      "undefined": false,
      "multiply_defined": false,
      "duplicate_destination": false,
      "missing_character": false,
      "overfull_hbox": [],
      "overfull_vbox": []
    },
    {
      "document": "supp",
      "source": "supp.tex",
      "pages": 232,
      "pdf_sha256": "abfc363ec697a025e80cf102601b70c6d5b28beae341e51ecef6e755aae0213f",
      "undefined": false,
      "multiply_defined": false,
      "duplicate_destination": false,
      "missing_character": false,
      "overfull_hbox": [],
      "overfull_vbox": [
        0.6878
      ]
    },
    {
      "document": "applications",
      "source": "revisions/2026-10-05-r21/applications.tex",
      "pages": 48,
      "pdf_sha256": "b91ec2c77fecfd3fa2ac1086981a14d667d88b36e2a3188a0c04507550a48c21",
      "undefined": false,
      "multiply_defined": false,
      "duplicate_destination": false,
      "missing_character": false,
      "overfull_hbox": [],
      "overfull_vbox": []
    },
    {
      "document": "response",
      "source": "revisions/2026-10-05-r21/response.tex",
      "pages": 8,
      "pdf_sha256": "8cdb4f20b9332078aa9e10e8457a64442f324b5ce27edfd65f41089f2672b054",
      "undefined": false,
      "multiply_defined": false,
      "duplicate_destination": false,
      "missing_character": false,
      "overfull_hbox": [],
      "overfull_vbox": []
    }
  ],
  "visual_inspection": "Recorded separately against these PDF hashes."
}
