verified 10 1 200501 NBO-reuse
verified 10 1 200501 NBO-adaptive
verified 10 1 200501 NBO-refit
verified 10 1 200501 quadratic-adaptive
verified 10 1 200501 rbf-adaptive
verified 10 1 200501 SAA
verified 10 1 200501 enumerated
verified 10 1 200502 NBO-reuse
verified 10 1 200502 NBO-adaptive
verified 10 1 200502 NBO-refit
verified 10 1 200502 quadratic-adaptive
verified 10 1 200502 rbf-adaptive
verified 10 1 200502 SAA
verified 10 1 200502 enumerated
verified 10 1 200503 NBO-reuse
verified 10 1 200503 NBO-adaptive
verified 10 1 200503 NBO-refit
verified 10 1 200503 quadratic-adaptive
verified 10 1 200503 rbf-adaptive
verified 10 1 200503 SAA
verified 10 1 200503 enumerated
verified 10 16 200501 NBO-reuse
verified 10 16 200501 NBO-adaptive
verified 10 16 200501 NBO-refit
verified 10 16 200501 quadratic-adaptive
verified 10 16 200501 rbf-adaptive
verified 10 16 200501 SAA
verified 10 16 200501 enumerated
verified 10 16 200502 NBO-reuse
verified 10 16 200502 NBO-adaptive
verified 10 16 200502 NBO-refit
verified 10 16 200502 quadratic-adaptive
verified 10 16 200502 rbf-adaptive
verified 10 16 200502 SAA
verified 10 16 200502 enumerated
verified 10 16 200503 NBO-reuse
verified 10 16 200503 NBO-adaptive
verified 10 16 200503 NBO-refit
verified 10 16 200503 quadratic-adaptive
verified 10 16 200503 rbf-adaptive
verified 10 16 200503 SAA
verified 10 16 200503 enumerated
verified 10 256 200501 NBO-reuse
verified 10 256 200501 NBO-adaptive
verified 10 256 200501 NBO-refit
verified 10 256 200501 quadratic-adaptive
verified 10 256 200501 rbf-adaptive
verified 10 256 200501 SAA
verified 10 256 200501 enumerated
verified 10 256 200502 NBO-reuse
verified 10 256 200502 NBO-adaptive
verified 10 256 200502 NBO-refit
verified 10 256 200502 quadratic-adaptive
verified 10 256 200502 rbf-adaptive
verified 10 256 200502 SAA
verified 10 256 200502 enumerated
verified 10 256 200503 NBO-reuse
verified 10 256 200503 NBO-adaptive
verified 10 256 200503 NBO-refit
verified 10 256 200503 quadratic-adaptive
verified 10 256 200503 rbf-adaptive
verified 10 256 200503 SAA
verified 10 256 200503 enumerated
verified 10 1024 200501 NBO-reuse
verified 10 1024 200501 NBO-adaptive
verified 10 1024 200501 NBO-refit
verified 10 1024 200501 quadratic-adaptive
verified 10 1024 200501 rbf-adaptive
verified 10 1024 200501 SAA
verified 10 1024 200501 enumerated
verified 10 1024 200502 NBO-reuse
verified 10 1024 200502 NBO-adaptive
verified 10 1024 200502 NBO-refit
verified 10 1024 200502 quadratic-adaptive
verified 10 1024 200502 rbf-adaptive
verified 10 1024 200502 SAA
verified 10 1024 200502 enumerated
verified 10 1024 200503 NBO-reuse
verified 10 1024 200503 NBO-adaptive
verified 10 1024 200503 NBO-refit
verified 10 1024 200503 quadratic-adaptive
verified 10 1024 200503 rbf-adaptive
verified 10 1024 200503 SAA
verified 10 1024 200503 enumerated
verified 50 1 200501 NBO-reuse
verified 50 1 200501 NBO-adaptive
verified 50 1 200501 NBO-refit
verified 50 1 200501 quadratic-adaptive
verified 50 1 200501 rbf-adaptive
verified 50 1 200501 SAA
verified 50 1 200501 enumerated
verified 50 1 200502 NBO-reuse
verified 50 1 200502 NBO-adaptive
verified 50 1 200502 NBO-refit
verified 50 1 200502 quadratic-adaptive
verified 50 1 200502 rbf-adaptive
verified 50 1 200502 SAA
verified 50 1 200502 enumerated
verified 50 1 200503 NBO-reuse
verified 50 1 200503 NBO-adaptive
verified 50 1 200503 NBO-refit
verified 50 1 200503 quadratic-adaptive
verified 50 1 200503 rbf-adaptive
verified 50 1 200503 SAA
verified 50 1 200503 enumerated
verified 50 16 200501 NBO-reuse
verified 50 16 200501 NBO-adaptive
verified 50 16 200501 NBO-refit
verified 50 16 200501 quadratic-adaptive
verified 50 16 200501 rbf-adaptive
verified 50 16 200501 SAA
verified 50 16 200501 enumerated
verified 50 16 200502 NBO-reuse
verified 50 16 200502 NBO-adaptive
verified 50 16 200502 NBO-refit
verified 50 16 200502 quadratic-adaptive
verified 50 16 200502 rbf-adaptive
verified 50 16 200502 SAA
verified 50 16 200502 enumerated
verified 50 16 200503 NBO-reuse
verified 50 16 200503 NBO-adaptive
verified 50 16 200503 NBO-refit
verified 50 16 200503 quadratic-adaptive
verified 50 16 200503 rbf-adaptive
verified 50 16 200503 SAA
verified 50 16 200503 enumerated
verified 50 256 200501 NBO-reuse
verified 50 256 200501 NBO-adaptive
verified 50 256 200501 NBO-refit
verified 50 256 200501 quadratic-adaptive
verified 50 256 200501 rbf-adaptive
verified 50 256 200501 SAA
verified 50 256 200501 enumerated
verified 50 256 200502 NBO-reuse
verified 50 256 200502 NBO-adaptive
verified 50 256 200502 NBO-refit
verified 50 256 200502 quadratic-adaptive
verified 50 256 200502 rbf-adaptive
verified 50 256 200502 SAA
verified 50 256 200502 enumerated
verified 50 256 200503 NBO-reuse
verified 50 256 200503 NBO-adaptive
verified 50 256 200503 NBO-refit
verified 50 256 200503 quadratic-adaptive
verified 50 256 200503 rbf-adaptive
verified 50 256 200503 SAA
verified 50 256 200503 enumerated
verified 50 1024 200501 NBO-reuse
verified 50 1024 200501 NBO-adaptive
verified 50 1024 200501 NBO-refit
verified 50 1024 200501 quadratic-adaptive
verified 50 1024 200501 rbf-adaptive
verified 50 1024 200501 SAA
verified 50 1024 200501 enumerated
verified 50 1024 200502 NBO-reuse
verified 50 1024 200502 NBO-adaptive
verified 50 1024 200502 NBO-refit
verified 50 1024 200502 quadratic-adaptive
verified 50 1024 200502 rbf-adaptive
verified 50 1024 200502 SAA
verified 50 1024 200502 enumerated
verified 50 1024 200503 NBO-reuse
verified 50 1024 200503 NBO-adaptive
verified 50 1024 200503 NBO-refit
verified 50 1024 200503 quadratic-adaptive
verified 50 1024 200503 rbf-adaptive
verified 50 1024 200503 SAA
verified 50 1024 200503 enumerated
{
  "services": 168,
  "regime_outcomes": 840,
  "attempt_certificates": 984,
  "task_certificates": 319062,
  "economic_counterfactual_certificates": 120,
  "all_recorded_certificate_fields_replayed_exactly": true,
  "evidence_file_hashes_verified": 168,
  "frozen_source_sha256": "a642666a914941dac06941a961bf493585e28724d5a834e983611ddc6da2df76",
  "exact_binary_scaling": {
    "calls": 8832,
    "arguments": 1052437680,
    "largest_argument": 4.885670409914517
  },
  "audit_seconds": 1292.113649504,
  "scope": "Deterministic post-execution audit; no new fitting streams, scientific observations, or replacement clocks."
}
