{
  "base_commit": "76b633dbf10b00861b7f06dba8d632dd25c96d61",
  "reviewed_commit": "20afc6c1c4828e3c469e7906366bcc8730cc04d0",
  "tests": {
    "UNIT_TESTS": 22,
    "INHERITED_TESTS": 34
  },
  "inherited_components": 129,
  "inherited_labels": 408,
  "publication_labels": 428,
  "frozen_services": 168,
  "frozen_future_outcomes": 840,
  "attempt_certificates_replayed": 984,
  "task_certificates_replayed": 319062,
  "additional_zero_charge_certificates_replayed": 120,
  "documents": [
    {
      "document": "ECTA",
      "source": "ECTA.tex",
      "pages": 51,
      "pdf_sha256": "85204e1e106271db37c23d54fb7861866ac25cd000770e943c16e00a6945572d",
      "undefined": false,
      "multiply_defined": false,
      "duplicate_destination": false,
      "missing_character": false,
      "overfull_hbox": [],
      "overfull_vbox": []
    },
    {
      "document": "supp",
      "source": "supp.tex",
      "pages": 232,
      "pdf_sha256": "1a9521a35b1d9b5af24c8ba2ebd95fb0ab7bf2b8aef07d73f420cfd8a862d0e8",
      "undefined": false,
      "multiply_defined": false,
      "duplicate_destination": false,
      "missing_character": false,
      "overfull_hbox": [],
      "overfull_vbox": [
        0.6878
      ]
    },
    {
      "document": "applications",
      "source": "revisions/2026-10-05-r21/applications.tex",
      "pages": 48,
      "pdf_sha256": "298890f34e00bebc7670e295ef800ce65cd172aa021010069c44f0a9b2c86408",
      "undefined": false,
      "multiply_defined": false,
      "duplicate_destination": false,
      "missing_character": false,
      "overfull_hbox": [],
      "overfull_vbox": []
    },
    {
      "document": "response",
      "source": "revisions/2026-10-05-r21/response.tex",
      "pages": 8,
      "pdf_sha256": "c90f63ccfa63c2449f13d69d74edd7268da3707b432b5b2b19e04f436d105dfe",
      "undefined": false,
      "multiply_defined": false,
      "duplicate_destination": false,
      "missing_character": false,
      "overfull_hbox": [],
      "overfull_vbox": []
    }
  ],
  "response_items": 18,
  "chronology": "R19/R20 are inherited frozen executions. R21 theorem checks, certificate replay, reorganization and economic bands introduce no new fitting observations or replacement scientific clocks.",
  "scope": "Finite-law economic certificates are distinct from the uniform assumptions and transfer allowances of the policy-composition theorem."
}
