{
  "service_seconds": 1633.4778182929995,
  "diagnostics": 256.9964406139993,
  "complete": 1897.3258882549999,
  "nbo_contrasts": [
    {
      "dimension": 10,
      "future": "future_production",
      "envelope_over_three_NBO_streams": [
        -0.03535728833964035,
        -0.027942184525688144
      ]
    },
    {
      "dimension": 10,
      "future": "future_utility",
      "envelope_over_three_NBO_streams": [
        -0.018300889520882057,
        -0.013184971701829118
      ]
    },
    {
      "dimension": 50,
      "future": "future_production",
      "envelope_over_three_NBO_streams": [
        -0.03711876787614216,
        -0.026553783949061383
      ]
    },
    {
      "dimension": 50,
      "future": "future_utility",
      "envelope_over_three_NBO_streams": [
        -0.01970745446195506,
        -0.012126471192704541
      ]
    }
  ]
}
