{
  "status": "PASS",
  "nodes": 16,
  "matrix_rank": 16,
  "hidden_layers": [
    16,
    16
  ],
  "first_layer_scale": 80,
  "second_layer_scale": "1/4",
  "nodes_formula": "(2*j+1)/16-1, j=0,...,15",
  "thresholds_formula": "2*j/16-1, j=0,...,15",
  "determinant_interval": [
    5.485465682329582e-06,
    5.485465682441778e-06
  ],
  "arithmetic": "MPFR 128-bit operations with outward binary64 endpoints",
  "seconds": 0.3444227880000028,
  "scope": "fixed rational-parameter feature matrix; exact real nonsingularity and existence of a final affine layer interpolating any finite raw-output array; not finite-precision optimizer convergence or general state-function approximation"
}
