23000 0 neural adam grads 400 accepted True regret 0.002694091105203134
23000 0 neural lbfgsb grads 400 accepted True regret 0.002587153929735076
23000 0 direct adam grads 400 accepted True regret 0.011557781241213096
23000 0 direct lbfgsb grads 75 accepted True regret 0.0025871387779030646
23000 0 quotient adam grads 400 accepted True regret 0.011554398391517841
23000 0 quotient lbfgsb grads 143 accepted True regret 0.002587136875682017
23000 1 neural adam grads 400 accepted True regret 0.0030211179998034248
23000 1 neural lbfgsb grads 400 accepted True regret 0.0028388906099117155
23000 1 direct adam grads 400 accepted True regret 0.012067212928399408
23000 1 direct lbfgsb grads 161 accepted True regret 0.0028387082159135883
23000 1 quotient adam grads 400 accepted True regret 0.012089480257881704
23000 1 quotient lbfgsb grads 178 accepted True regret 0.0028387104397444855
23000 2 neural adam grads 400 accepted True regret 0.002779314206584394
23000 2 neural lbfgsb grads 400 accepted True regret 0.0026646696182570655
23000 2 direct adam grads 400 accepted True regret 0.010299599037528086
23000 2 direct lbfgsb grads 83 accepted True regret 0.0026646455553913655
23000 2 quotient adam grads 400 accepted True regret 0.010296094359192322
23000 2 quotient lbfgsb grads 60 accepted True regret 0.00266464549123624
23000 3 neural adam grads 400 accepted True regret 0.002716955825904144
23000 3 neural lbfgsb grads 400 accepted True regret 0.00255443724490001
23000 3 direct adam grads 400 accepted True regret 0.010327071738204465
23000 3 direct lbfgsb grads 86 accepted True regret 0.002554418492610955
23000 3 quotient adam grads 400 accepted True regret 0.010348828873901763
23000 3 quotient lbfgsb grads 115 accepted True regret 0.0025544186989356903
23100 0 neural adam grads 400 accepted True regret 0.002707567357468577
23100 0 neural lbfgsb grads 400 accepted True regret 0.002587159093694114
23100 0 direct adam grads 400 accepted True regret 0.011526141861563534
23100 0 direct lbfgsb grads 103 accepted True regret 0.0025871369000720628
23100 0 quotient adam grads 400 accepted True regret 0.011522805758487078
23100 0 quotient lbfgsb grads 128 accepted True regret 0.0025871369915975166
23100 1 neural adam grads 400 accepted True regret 0.00300569774576287
23100 1 neural lbfgsb grads 400 accepted True regret 0.0028387267549312427
23100 1 direct adam grads 400 accepted True regret 0.011960189415584079
23100 1 direct lbfgsb grads 155 accepted True regret 0.002838712343380401
23100 1 quotient adam grads 400 accepted True regret 0.011982220394386013
23100 1 quotient lbfgsb grads 122 accepted True regret 0.002838708203551255
23100 2 neural adam grads 400 accepted True regret 0.0027597060868238548
23100 2 neural lbfgsb grads 400 accepted True regret 0.0026646970326915658
23100 2 direct adam grads 400 accepted True regret 0.010243769517712666
23100 2 direct lbfgsb grads 73 accepted True regret 0.0026646455165986187
23100 2 quotient adam grads 400 accepted True regret 0.010240294346828051
23100 2 quotient lbfgsb grads 55 accepted True regret 0.002664647177515578
23100 3 neural adam grads 400 accepted True regret 0.002699630189088254
23100 3 neural lbfgsb grads 400 accepted True regret 0.00255446850219232
23100 3 direct adam grads 400 accepted True regret 0.010391846252500338
23100 3 direct lbfgsb grads 121 accepted True regret 0.002554418437543671
23100 3 quotient adam grads 400 accepted True regret 0.010413160638616416
23100 3 quotient lbfgsb grads 123 accepted True regret 0.002554418557856986
23200 0 neural adam grads 400 accepted True regret 0.002701482986392945
23200 0 neural lbfgsb grads 400 accepted True regret 0.0025871464834232864
23200 0 direct adam grads 400 accepted True regret 0.011592241222929902
23200 0 direct lbfgsb grads 78 accepted True regret 0.0025871369056522657
23200 0 quotient adam grads 400 accepted True regret 0.01158891454356237
23200 0 quotient lbfgsb grads 134 accepted True regret 0.002587137037068255
23200 1 neural adam grads 400 accepted True regret 0.003015986394005133
23200 1 neural lbfgsb grads 400 accepted True regret 0.0028387447704909534
23200 1 direct adam grads 400 accepted True regret 0.012155040491992565
23200 1 direct lbfgsb grads 124 accepted True regret 0.002838708183122263
23200 1 quotient adam grads 400 accepted True regret 0.012177178895844023
23200 1 quotient lbfgsb grads 191 accepted True regret 0.0028387089742414333
23200 2 neural adam grads 400 accepted True regret 0.002771086168442905
23200 2 neural lbfgsb grads 400 accepted True regret 0.0026649606563620147
23200 2 direct adam grads 400 accepted True regret 0.010210300541489305
23200 2 direct lbfgsb grads 62 accepted True regret 0.0026646455172982812
23200 2 quotient adam grads 400 accepted True regret 0.010206874507533882
23200 2 quotient lbfgsb grads 62 accepted True regret 0.0026646455574819154
23200 3 neural adam grads 400 accepted True regret 0.0027070531862107843
23200 3 neural lbfgsb grads 100 accepted True regret 0.010503067047042515
23200 3 direct adam grads 400 accepted True regret 0.010329050194542557
23200 3 direct lbfgsb grads 98 accepted True regret 0.002554418449250973
23200 3 quotient adam grads 400 accepted True regret 0.010350712519929807
23200 3 quotient lbfgsb grads 111 accepted True regret 0.0025544199862561627
