BANK {'anchors': 2, 'gap': 0.09255938051220558, 'query': 0.7565236929819452}
BANK {'anchors': 3, 'gap': 0.04645244626350076, 'query': 0.4560160688496158}
BANK {'anchors': 4, 'gap': 0.04601312974761024, 'query': 0.9028416065984153}
BANK {'anchors': 5, 'gap': 0.020473047011979828, 'query': 0.2953821642665579}
BANK {'anchors': 6, 'gap': 0.014153833967960772, 'query': 0.5966417528733994}
BANK {'anchors': 7, 'gap': 0.012369685342581815, 'query': 0.9437997830446555}
BANK {'anchors': 8, 'gap': 0.010849411144512544, 'query': 0.15034850812461634}
BANK {'anchors': 9, 'gap': 0.009083450587113795, 'query': 0.8645890598174474}
BANK {'anchors': 10, 'gap': 0.005952235507624248, 'query': 0.5399965210230223}
BANK {'anchors': 11, 'gap': 0.0059213039604264495, 'query': 0.36101794261747294}
BANK {'anchors': 12, 'gap': 0.005193595331296319, 'query': 0.7054985914283491}
BANK {'anchors': 13, 'gap': 0.005070870537342564, 'query': 0.07685391582081064}
BANK {'anchors': 14, 'gap': 0.00506366943870562, 'query': 0.2271847757725258}
BANK {'anchors': 15, 'gap': 0.0038179279915950826, 'query': 0.6509812050259168}
BANK {'anchors': 16, 'gap': 0.003784854146261396, 'query': 0.9671008960259051}
BANK {'anchors': 17, 'gap': 0.003572555348029638, 'query': 0.8300775037354603}
BANK {'anchors': 18, 'gap': 0.003470157266449281, 'query': 0.5052835577963376}
BANK {'anchors': 19, 'gap': 0.003430662161192921, 'query': 0.9230712019141109}
BANK {'anchors': 20, 'gap': 0.0032911546027595273, 'query': 0.40912484618487255}
BANK {'anchors': 21, 'gap': 0.0025231793599145846, 'query': 0.8914984003651087}
BANK {'anchors': 22, 'gap': 0.0024642013594688983, 'query': 0.5631191468631388}
BANK {'anchors': 23, 'gap': 0.0024171894800835148, 'query': 0.03211408497700146}
BANK {'anchors': 24, 'gap': 0.0022792342557471645, 'query': 0.7791236817702207}
BANK {'anchors': 25, 'gap': 0.0020888327404948726, 'query': 0.19105758359545705}
BANK {'anchors': 26, 'gap': 0.002015666486124057, 'query': 0.26000617368235873}
BANK {'anchors': 27, 'gap': 0.0020081923899633036, 'query': 0.332078723915671}
BANK {'anchors': 28, 'gap': 0.0019600274332739476, 'query': 0.12735413456092423}
BANK {'anchors': 29, 'gap': 0.0019036667762594162, 'query': 0.9889070990014076}
BANK {'anchors': 30, 'gap': 0.0016717695591003112, 'query': 0.682112393772629}
BANK {'anchors': 31, 'gap': 0.0015573965949509105, 'query': 0.47154557163109106}
BANK {'anchors': 32, 'gap': 0.0015534953642593607, 'query': 0.619423793783581}
BANK {'anchors': 33, 'gap': 0.0015487073656219597, 'query': 0.582123943050387}
BANK {'anchors': 34, 'gap': 0.001392918670977572, 'query': 0.09138797918224854}
BANK {'anchors': 35, 'gap': 0.001358778044586284, 'query': 0.04914981510372711}
BANK {'anchors': 36, 'gap': 0.0013044833502700581, 'query': 0.8494194072015433}
BANK {'anchors': 37, 'gap': 0.0012769168085131621, 'query': 0.9526899568107188}
BANK {'anchors': 38, 'gap': 0.001275385913574012, 'query': 0.4323447055502616}
BANK {'anchors': 39, 'gap': 0.001249351058157766, 'query': 0.8066660266651292}
BANK {'anchors': 40, 'gap': 0.001226440250296612, 'query': 0.7391883525648372}
BANK {'anchors': 41, 'gap': 0.001156504553259885, 'query': 0.9092574091383575}
BANK {'anchors': 42, 'gap': 0.0011536722743126226, 'query': 0.9354785541942016}
BANK {'anchors': 43, 'gap': 0.0011276509907268695, 'query': 0.8783066133917542}
BANK {'anchors': 44, 'gap': 0.0011021300939639822, 'query': 0.3736538321392164}
BANK {'anchors': 45, 'gap': 0.001022622451076094, 'query': 0.16394013648408295}
BANK {'anchors': 46, 'gap': 0.0010089259053649435, 'query': 0.01625335466560599}
BANK {'anchors': 47, 'gap': 0.0009306975603620149, 'query': 0.3970052549283952}
{
  "target": "33x49 interpolation-defined killed chain; eight dates; union of 9x9x13 reference and 7x7x11 diagnostic meshes plus three frozen R4 proposals per node",
  "common_action_count": 1565,
  "total_action_count": 1568,
  "parameters": {
    "k": 2.0,
    "d_interval": [
      0.0,
      1.0
    ],
    "rho": 0.04
  },
  "epsilon": 0.001,
  "anchors": [
    0.0,
    0.01625335466560599,
    0.03211408497700146,
    0.04914981510372711,
    0.07685391582081064,
    0.09138797918224854,
    0.12735413456092423,
    0.15034850812461634,
    0.16394013648408295,
    0.19105758359545705,
    0.2271847757725258,
    0.26000617368235873,
    0.2953821642665579,
    0.332078723915671,
    0.36101794261747294,
    0.3736538321392164,
    0.40912484618487255,
    0.4323447055502616,
    0.4560160688496158,
    0.47154557163109106,
    0.5052835577963376,
    0.5399965210230223,
    0.5631191468631388,
    0.582123943050387,
    0.5966417528733994,
    0.619423793783581,
    0.6509812050259168,
    0.682112393772629,
    0.7054985914283491,
    0.7391883525648372,
    0.7565236929819452,
    0.7791236817702207,
    0.8066660266651292,
    0.8300775037354603,
    0.8494194072015433,
    0.8645890598174474,
    0.8783066133917542,
    0.8914984003651087,
    0.9028416065984153,
    0.9092574091383575,
    0.9230712019141109,
    0.9354785541942016,
    0.9437997830446555,
    0.9526899568107188,
    0.9671008960259051,
    0.9889070990014076,
    1.0
  ],
  "uniform_certificate": 0.0009306975603620149,
  "history": [
    {
      "anchors": 2,
      "gap": 0.09255938051220558,
      "query": 0.7565236929819452
    },
    {
      "anchors": 3,
      "gap": 0.04645244626350076,
      "query": 0.4560160688496158
    },
    {
      "anchors": 4,
      "gap": 0.04601312974761024,
      "query": 0.9028416065984153
    },
    {
      "anchors": 5,
      "gap": 0.020473047011979828,
      "query": 0.2953821642665579
    },
    {
      "anchors": 6,
      "gap": 0.014153833967960772,
      "query": 0.5966417528733994
    },
    {
      "anchors": 7,
      "gap": 0.012369685342581815,
      "query": 0.9437997830446555
    },
    {
      "anchors": 8,
      "gap": 0.010849411144512544,
      "query": 0.15034850812461634
    },
    {
      "anchors": 9,
      "gap": 0.009083450587113795,
      "query": 0.8645890598174474
    },
    {
      "anchors": 10,
      "gap": 0.005952235507624248,
      "query": 0.5399965210230223
    },
    {
      "anchors": 11,
      "gap": 0.0059213039604264495,
      "query": 0.36101794261747294
    },
    {
      "anchors": 12,
      "gap": 0.005193595331296319,
      "query": 0.7054985914283491
    },
    {
      "anchors": 13,
      "gap": 0.005070870537342564,
      "query": 0.07685391582081064
    },
    {
      "anchors": 14,
      "gap": 0.00506366943870562,
      "query": 0.2271847757725258
    },
    {
      "anchors": 15,
      "gap": 0.0038179279915950826,
      "query": 0.6509812050259168
    },
    {
      "anchors": 16,
      "gap": 0.003784854146261396,
      "query": 0.9671008960259051
    },
    {
      "anchors": 17,
      "gap": 0.003572555348029638,
      "query": 0.8300775037354603
    },
    {
      "anchors": 18,
      "gap": 0.003470157266449281,
      "query": 0.5052835577963376
    },
    {
      "anchors": 19,
      "gap": 0.003430662161192921,
      "query": 0.9230712019141109
    },
    {
      "anchors": 20,
      "gap": 0.0032911546027595273,
      "query": 0.40912484618487255
    },
    {
      "anchors": 21,
      "gap": 0.0025231793599145846,
      "query": 0.8914984003651087
    },
    {
      "anchors": 22,
      "gap": 0.0024642013594688983,
      "query": 0.5631191468631388
    },
    {
      "anchors": 23,
      "gap": 0.0024171894800835148,
      "query": 0.03211408497700146
    },
    {
      "anchors": 24,
      "gap": 0.0022792342557471645,
      "query": 0.7791236817702207
    },
    {
      "anchors": 25,
      "gap": 0.0020888327404948726,
      "query": 0.19105758359545705
    },
    {
      "anchors": 26,
      "gap": 0.002015666486124057,
      "query": 0.26000617368235873
    },
    {
      "anchors": 27,
      "gap": 0.0020081923899633036,
      "query": 0.332078723915671
    },
    {
      "anchors": 28,
      "gap": 0.0019600274332739476,
      "query": 0.12735413456092423
    },
    {
      "anchors": 29,
      "gap": 0.0019036667762594162,
      "query": 0.9889070990014076
    },
    {
      "anchors": 30,
      "gap": 0.0016717695591003112,
      "query": 0.682112393772629
    },
    {
      "anchors": 31,
      "gap": 0.0015573965949509105,
      "query": 0.47154557163109106
    },
    {
      "anchors": 32,
      "gap": 0.0015534953642593607,
      "query": 0.619423793783581
    },
    {
      "anchors": 33,
      "gap": 0.0015487073656219597,
      "query": 0.582123943050387
    },
    {
      "anchors": 34,
      "gap": 0.001392918670977572,
      "query": 0.09138797918224854
    },
    {
      "anchors": 35,
      "gap": 0.001358778044586284,
      "query": 0.04914981510372711
    },
    {
      "anchors": 36,
      "gap": 0.0013044833502700581,
      "query": 0.8494194072015433
    },
    {
      "anchors": 37,
      "gap": 0.0012769168085131621,
      "query": 0.9526899568107188
    },
    {
      "anchors": 38,
      "gap": 0.001275385913574012,
      "query": 0.4323447055502616
    },
    {
      "anchors": 39,
      "gap": 0.001249351058157766,
      "query": 0.8066660266651292
    },
    {
      "anchors": 40,
      "gap": 0.001226440250296612,
      "query": 0.7391883525648372
    },
    {
      "anchors": 41,
      "gap": 0.001156504553259885,
      "query": 0.9092574091383575
    },
    {
      "anchors": 42,
      "gap": 0.0011536722743126226,
      "query": 0.9354785541942016
    },
    {
      "anchors": 43,
      "gap": 0.0011276509907268695,
      "query": 0.8783066133917542
    },
    {
      "anchors": 44,
      "gap": 0.0011021300939639822,
      "query": 0.3736538321392164
    },
    {
      "anchors": 45,
      "gap": 0.001022622451076094,
      "query": 0.16394013648408295
    },
    {
      "anchors": 46,
      "gap": 0.0010089259053649435,
      "query": 0.01625335466560599
    },
    {
      "anchors": 47,
      "gap": 0.0009306975603620149,
      "query": 0.3970052549283952
    }
  ],
  "baseline": [
    {
      "seed": 101,
      "feasible_gain_max": 0.2283183647196374,
      "gain_location": {
        "date": 0,
        "state": [
          1.3499999999999999,
          1.875
        ]
      },
      "loss_focal": 0.0010577945500336305,
      "loss_population": 0.0007302296561100838,
      "loss_all_dates_states": 0.23612167246169324,
      "occupied_gain_sum_population": 0.0007433111862367539,
      "occupied_gain_sum_focal": 0.001072561468591364,
      "focal_mass_at_gain_location": 0.0,
      "population_mass_at_gain_location": 0.0,
      "exit_probability": 0.6472626072334862,
      "survival_probability": 0.3527373927665139
    },
    {
      "seed": 202,
      "feasible_gain_max": 0.21507120410149572,
      "gain_location": {
        "date": 3,
        "state": [
          1.3,
          1.875
        ]
      },
      "loss_focal": 0.001405695264693918,
      "loss_population": 0.0007828378589594592,
      "loss_all_dates_states": 0.24581536456688502,
      "occupied_gain_sum_population": 0.000790464520333569,
      "occupied_gain_sum_focal": 0.0014534697435547774,
      "focal_mass_at_gain_location": 0.0,
      "population_mass_at_gain_location": 0.0,
      "exit_probability": 0.6449256281332354,
      "survival_probability": 0.35507437186676455
    },
    {
      "seed": 303,
      "feasible_gain_max": 0.22856768985373765,
      "gain_location": {
        "date": 0,
        "state": [
          1.3499999999999999,
          1.875
        ]
      },
      "loss_focal": 0.0012173306796052774,
      "loss_population": 0.0008002929987481477,
      "loss_all_dates_states": 0.23610935223722507,
      "occupied_gain_sum_population": 0.0008262249418004666,
      "occupied_gain_sum_focal": 0.0012778517872702399,
      "focal_mass_at_gain_location": 0.0,
      "population_mass_at_gain_location": 0.0,
      "exit_probability": 0.6499598197864009,
      "survival_probability": 0.3500401802135991
    }
  ],
  "repaired_max_gain": 4.440892098500626e-16,
  "initial_population": "uniform over grid nodes in [1.6,2.4] x [0.8,1.6]",
  "roots": [
    {
      "d": 0.0,
      "value": -1.136506887466219,
      "duration": 0.8878258341690395,
      "controls": [
        0.8,
        0.2,
        -0.5
      ],
      "positive_minus_nonpositive": -0.0008759049770930005,
      "seconds": 1.7573840290000362
    },
    {
      "d": 0.25,
      "value": -0.9145479117033322,
      "duration": 0.8879302322603686,
      "controls": [
        0.8,
        0.2,
        -0.5
      ],
      "positive_minus_nonpositive": -0.0002765617009846677,
      "seconds": 1.7639319769999702
    },
    {
      "d": 0.5,
      "value": -0.6922661543653215,
      "duration": 0.890233276155981,
      "controls": [
        0.8,
        0.2,
        0.8
      ],
      "positive_minus_nonpositive": 0.00029919927291843784,
      "seconds": 1.7710104669999964
    },
    {
      "d": 0.75,
      "value": -0.4697032261332295,
      "duration": 0.8905358372288286,
      "controls": [
        0.8,
        0.2,
        0.8
      ],
      "positive_minus_nonpositive": 0.0008694806236803077,
      "seconds": 1.7618722580000394
    },
    {
      "d": 1.0,
      "value": -0.24668171801224634,
      "duration": 0.8941750282519167,
      "controls": [
        0.8,
        0.2,
        0.8
      ],
      "positive_minus_nonpositive": 0.001281255928291869,
      "seconds": 1.7598760880000555
    }
  ],
  "normalization_max_error": 1.7763568394002505e-15,
  "timing": {
    "kernel_build_seconds": 2.4164779440000075,
    "anchor_solve_seconds": 84.25180488899997,
    "bank_seconds_including_certification": 85.05834473499993,
    "preparation_seconds": 87.47482267899994,
    "queries": 101,
    "reuse_with_full_policy_evaluation_seconds": 1.520625938999956,
    "mean_direct_solve_seconds": 1.7628149638000195
  },
  "certificate_scope": "All dates and grid states, all d in [0,1], fixed finite action menu; double precision, not interval arithmetic or a diffusion bound.",
  "source_sha256": "1022a289339e7916d9072e3a5806fac8661a76e58abdca97f56346f38d5d07e3"
}
