CASE 4 101
DONE 4 101 zero 0.00064463196774325 quadratic 0.0022033919561498774
CASE 4 202
DONE 4 202 zero 0.0004884474223306128 quadratic 0.002065237241016012
CASE 4 303
DONE 4 303 zero 0.0005232813055194809 quadratic 0.0032025903774991647
CASE 8 101
DONE 8 101 zero 0.0004288913334873055 quadratic 0.0066917370423773105
CASE 8 202
DONE 8 202 zero 0.0004606825450129903 quadratic 0.002926743855892027
CASE 8 303
DONE 8 303 zero 0.00020265810368857998 quadratic 0.0016678121561771232
CASE 16 101
DONE 16 101 zero 0.0005409896053838974 quadratic 0.00620477366663532
CASE 16 202
DONE 16 202 zero 0.0005665162682652261 quadratic 0.006776941513422315
CASE 16 303
DONE 16 303 zero 0.0005235453947718294 quadratic 0.005444148983634656
WORKLOAD 32 0.000602443905458038 0.17800198472332662
WORKLOAD 128 0.0006573724459755165 0.45141183780761
WORKLOAD 512 0.0006573724458800408 1.0461085747546521
WORKLOAD 2048 0.0006753994886683711 1.673195822261991
