\BOOKMARK [1][-]{section.0.1}{\376\377\000I\000n\000t\000r\000o\000d\000u\000c\000t\000i\000o\000n}{}% 1
\BOOKMARK [2][-]{section*.1}{\376\377\000R\000e\000l\000a\000t\000e\000d\000\040\000m\000e\000t\000h\000o\000d\000s\000.}{section.0.1}% 2
\BOOKMARK [3][-]{section*.2}{\376\377\000O\000r\000i\000g\000i\000n\000a\000l\000-\000o\000p\000t\000i\000m\000u\000m\000\040\000a\000c\000c\000u\000r\000a\000c\000y\000\040\000o\000f\000\040\000t\000h\000e\000\040\000i\000m\000p\000l\000e\000m\000e\000n\000t\000e\000d\000\040\000p\000o\000l\000i\000c\000y\000.}{section*.1}% 3
\BOOKMARK [4][-]{section*.3}{\376\377\000C\000o\000n\000v\000e\000x\000\040\000d\000y\000n\000a\000m\000i\000c\000\040\000p\000r\000o\000g\000r\000a\000m\000m\000i\000n\000g\000\040\000a\000n\000d\000\040\000t\000h\000e\000\040\000a\000d\000d\000i\000t\000i\000o\000n\000a\000l\000\040\000p\000r\000i\000m\000i\000t\000i\000v\000e\000\040\000a\000r\000g\000u\000m\000e\000n\000t\000.}{section*.2}% 4
\BOOKMARK [1][-]{section.0.2}{\376\377\000T\000h\000e\000\040\000e\000c\000o\000n\000o\000m\000i\000c\000\040\000o\000p\000e\000r\000a\000t\000o\000r\000\040\000a\000n\000d\000\040\000i\000t\000s\000\040\000p\000o\000l\000i\000c\000y\000\040\000a\000c\000c\000o\000u\000n\000t}{}% 5
\BOOKMARK [2][-]{subsection.0.2.1}{\376\377\000A\000c\000t\000i\000o\000n\000-\000d\000e\000p\000e\000n\000d\000e\000n\000t\000\040\000e\000r\000r\000o\000r\000s\000\040\000a\000n\000d\000\040\000c\000o\000m\000p\000l\000e\000t\000e\000-\000p\000o\000l\000i\000c\000y\000\040\000l\000o\000s\000s}{section.0.2}% 6
\BOOKMARK [1][-]{section.0.3}{\376\377\000C\000o\000n\000s\000t\000r\000u\000c\000t\000i\000n\000g\000\040\000a\000n\000d\000\040\000c\000o\000m\000p\000i\000l\000i\000n\000g\000\040\000a\000\040\000f\000e\000a\000s\000i\000b\000l\000e\000\040\000n\000e\000u\000r\000a\000l\000\040\000p\000o\000l\000i\000c\000y}{}% 7
\BOOKMARK [2][-]{subsection.0.3.1}{\376\377\000O\000r\000i\000g\000i\000n\000a\000l\000-\000o\000w\000n\000e\000r\000\040\000c\000o\000m\000p\000i\000l\000a\000t\000i\000o\000n\000\040\000o\000n\000\040\000a\000\040\000t\000e\000n\000s\000o\000r\000\040\000c\000o\000v\000e\000r}{section.0.3}% 8
\BOOKMARK [2][-]{subsection.0.3.2}{\376\377\000A\000c\000q\000u\000i\000r\000e\000d\000\040\000s\000t\000a\000t\000e\000s\000\040\000a\000n\000d\000\040\000c\000o\000n\000v\000e\000n\000t\000i\000o\000n\000a\000l\000\040\000a\000c\000t\000o\000r\000s}{section.0.3}% 9
\BOOKMARK [1][-]{section.0.4}{\376\377\000A\000l\000l\000o\000c\000a\000t\000i\000n\000g\000\040\000r\000e\000s\000o\000u\000r\000c\000e\000s\000\040\000t\000o\000\040\000a\000n\000\040\000e\000c\000o\000n\000o\000m\000i\000c\000\040\000t\000o\000l\000e\000r\000a\000n\000c\000e}{}% 10
\BOOKMARK [2][-]{subsection.0.4.1}{\376\377\000A\000\040\000s\000e\000p\000a\000r\000a\000t\000e\000d\000\040\000p\000r\000i\000m\000i\000t\000i\000v\000e\000\040\000b\000u\000d\000g\000e\000t}{section.0.4}% 11
\BOOKMARK [2][-]{subsection.0.4.2}{\376\377\000T\000h\000e\000\040\000o\000p\000t\000i\000m\000a\000l\000\040\000c\000o\000n\000t\000i\000n\000u\000o\000u\000s\000\040\000a\000l\000l\000o\000c\000a\000t\000i\000o\000n\000\040\000a\000n\000d\000\040\000i\000t\000s\000\040\000b\000o\000u\000n\000d\000a\000r\000y\000\040\000c\000a\000s\000e\000s}{section.0.4}% 12
\BOOKMARK [2][-]{subsection.0.4.3}{\376\377\000A\000\040\000c\000o\000m\000p\000l\000e\000t\000e\000\040\000t\000o\000l\000e\000r\000a\000n\000c\000e\000\040\000f\000r\000o\000n\000t\000i\000e\000r}{section.0.4}% 13
\BOOKMARK [1][-]{section.0.5}{\376\377\000T\000h\000e\000\040\000n\000o\000n\000l\000i\000n\000e\000a\000r\000\040\000i\000n\000v\000e\000s\000t\000m\000e\000n\000t\000\040\000f\000a\000m\000i\000l\000y}{}% 14
\BOOKMARK [1][-]{section.0.6}{\376\377\000T\000r\000a\000i\000n\000e\000d\000\040\000n\000e\000u\000r\000a\000l\000\040\000c\000o\000n\000t\000i\000n\000u\000a\000t\000i\000o\000n\000s\000\040\000a\000n\000d\000\040\000e\000x\000a\000c\000t\000\040\000i\000n\000n\000o\000v\000a\000t\000i\000o\000n\000\040\000i\000n\000t\000e\000g\000r\000a\000t\000i\000o\000n}{}% 15
\BOOKMARK [2][-]{subsection.0.6.1}{\376\377\000C\000e\000r\000t\000i\000f\000i\000e\000d\000\040\000a\000c\000t\000i\000o\000n\000\040\000s\000e\000a\000r\000c\000h\000\040\000f\000o\000r\000\040\000t\000h\000e\000\040\000f\000i\000t\000t\000e\000d\000\040\000n\000e\000u\000r\000a\000l\000\040\000c\000o\000n\000t\000i\000n\000u\000a\000t\000i\000o\000n}{section.0.6}% 16
\BOOKMARK [1][-]{section.0.7}{\376\377\000A\000\040\000c\000o\000m\000p\000l\000e\000t\000e\000-\000p\000o\000l\000i\000c\000y\000\040\000c\000e\000r\000t\000i\000f\000i\000c\000a\000t\000e\000\040\000o\000n\000\040\000n\000o\000n\000-\000t\000e\000n\000s\000o\000r\000\040\000a\000c\000q\000u\000i\000r\000e\000d\000\040\000s\000t\000a\000t\000e\000s}{}% 17
\BOOKMARK [2][-]{subsection.0.7.1}{\376\377\000A\000\040\000o\000n\000e\000-\000s\000t\000a\000t\000e\000\040\000r\000e\000s\000i\000d\000u\000a\000l\000\040\000a\000n\000d\000\040\000v\000a\000l\000u\000e\000\040\000c\000a\000c\000h\000e}{section.0.7}% 18
\BOOKMARK [2][-]{subsection.0.7.2}{\376\377\000S\000i\000g\000n\000e\000d\000\040\000s\000e\000n\000s\000i\000t\000i\000v\000i\000t\000y\000\040\000o\000f\000\040\000t\000h\000e\000\040\000i\000n\000s\000t\000a\000l\000l\000e\000d\000\040\000r\000e\000f\000e\000r\000e\000n\000c\000e}{section.0.7}% 19
\BOOKMARK [2][-]{subsection.0.7.3}{\376\377\000W\000h\000a\000t\000\040\000a\000\040\000t\000i\000g\000h\000t\000e\000r\000\040\000i\000n\000t\000e\000r\000v\000a\000l\000\040\000e\000s\000t\000a\000b\000l\000i\000s\000h\000e\000s}{section.0.7}% 20
\BOOKMARK [1][-]{section.0.8}{\376\377\000F\000r\000o\000m\000\040\000f\000i\000t\000t\000e\000d\000\040\000a\000c\000t\000i\000o\000n\000\040\000w\000i\000t\000n\000e\000s\000s\000e\000s\000\040\000t\000o\000\040\000e\000c\000o\000n\000o\000m\000i\000c\000\040\000p\000o\000l\000i\000c\000y\000\040\000a\000c\000c\000u\000r\000a\000c\000y}{}% 21
\BOOKMARK [2][-]{subsection.0.8.1}{\376\377\000A\000\040\000p\000r\000i\000m\000i\000t\000i\000v\000e\000\040\000c\000o\000n\000t\000i\000n\000u\000o\000u\000s\000-\000a\000c\000t\000i\000o\000n\000\040\000a\000l\000l\000o\000w\000a\000n\000c\000e}{section.0.8}% 22
\BOOKMARK [2][-]{subsection.0.8.2}{\376\377\000N\000e\000s\000t\000e\000d\000\040\000p\000r\000o\000p\000o\000s\000a\000l\000s\000\040\000a\000n\000d\000\040\000i\000d\000e\000n\000t\000i\000f\000i\000a\000b\000l\000e\000\040\000v\000e\000r\000i\000f\000i\000c\000a\000t\000i\000o\000n\000\040\000g\000a\000i\000n\000s}{section.0.8}% 23
\BOOKMARK [2][-]{subsection.0.8.3}{\376\377\000A\000\040\000p\000a\000i\000d\000\040\000d\000e\000c\000i\000s\000i\000o\000n\000\040\000b\000e\000t\000w\000e\000e\000n\000\040\000r\000e\000t\000u\000r\000n\000e\000d\000\040\000p\000o\000l\000i\000c\000i\000e\000s}{section.0.8}% 24
\BOOKMARK [2][-]{subsection.0.8.4}{\376\377\000E\000x\000p\000l\000i\000c\000i\000t\000\040\000m\000o\000d\000u\000l\000i\000\040\000f\000o\000r\000\040\000t\000h\000e\000\040\000t\000r\000a\000i\000n\000e\000d\000\040\000n\000e\000u\000r\000a\000l\000\040\000r\000e\000p\000r\000e\000s\000e\000n\000t\000a\000t\000i\000o\000n}{section.0.8}% 25
\BOOKMARK [1][-]{section.0.9}{\376\377\000L\000o\000s\000s\000l\000e\000s\000s\000\040\000s\000e\000a\000r\000c\000h\000\040\000f\000o\000r\000\040\000t\000r\000a\000i\000n\000e\000d\000\040\000n\000e\000u\000r\000a\000l\000\040\000a\000c\000t\000i\000o\000n\000\040\000w\000i\000t\000n\000e\000s\000s\000e\000s}{}% 26
\BOOKMARK [2][-]{subsection.0.9.1}{\376\377\000E\000x\000a\000c\000t\000\040\000r\000e\000d\000u\000c\000t\000i\000o\000n\000\040\000o\000f\000\040\000i\000n\000t\000e\000g\000r\000a\000t\000e\000d\000\040\000n\000e\000u\000r\000a\000l\000\040\000f\000e\000a\000t\000u\000r\000e\000s}{section.0.9}% 27
\BOOKMARK [2][-]{subsection.0.9.2}{\376\377\000A\000n\000\040\000i\000n\000t\000e\000r\000v\000a\000l\000\040\000s\000c\000r\000e\000e\000n\000\040\000w\000i\000t\000h\000\040\000a\000n\000\040\000e\000x\000a\000c\000t\000\040\000r\000e\000t\000u\000r\000n}{section.0.9}% 28
\BOOKMARK [2][-]{subsection.0.9.3}{\376\377\000P\000r\000e\000s\000e\000r\000v\000a\000t\000i\000o\000n\000\040\000o\000f\000\040\000a\000\040\000p\000r\000o\000s\000p\000e\000c\000t\000i\000v\000e\000\040\000e\000c\000o\000n\000o\000m\000i\000c\000\040\000r\000e\000t\000u\000r\000n}{section.0.9}% 29
\BOOKMARK [1][-]{section.0.10}{\376\377\000E\000x\000a\000c\000t\000\040\000a\000c\000t\000i\000o\000n\000\040\000r\000e\000c\000o\000v\000e\000r\000y\000\040\000a\000n\000d\000\040\000t\000h\000e\000\040\000B\000e\000l\000l\000m\000a\000n\000\040\000a\000c\000c\000u\000r\000a\000c\000y\000\040\000c\000o\000n\000t\000r\000a\000c\000t}{}% 30
\BOOKMARK [2][-]{subsection.0.10.1}{\376\377\000F\000i\000n\000i\000t\000e\000\040\000d\000i\000f\000f\000e\000r\000e\000n\000c\000e\000s\000\040\000i\000n\000s\000t\000e\000a\000d\000\040\000o\000f\000\040\000r\000o\000o\000t\000\040\000i\000s\000o\000l\000a\000t\000i\000o\000n}{section.0.10}% 31
\BOOKMARK [2][-]{subsection.0.10.2}{\376\377\000S\000e\000v\000e\000r\000a\000l\000\040\000c\000o\000n\000t\000r\000o\000l\000s\000\040\000a\000n\000d\000\040\000u\000n\000i\000f\000o\000r\000m\000-\000b\000o\000x\000\040\000s\000h\000o\000c\000k\000s}{section.0.10}% 32
\BOOKMARK [2][-]{subsection.0.10.3}{\376\377\000A\000\040\000d\000i\000r\000e\000c\000t\000\040\000c\000e\000r\000t\000i\000f\000i\000c\000a\000t\000e\000\040\000a\000g\000a\000i\000n\000s\000t\000\040\000t\000h\000e\000\040\000o\000r\000i\000g\000i\000n\000a\000l\000\040\000B\000e\000l\000l\000m\000a\000n\000\040\000o\000p\000t\000i\000m\000u\000m}{section.0.10}% 33
\BOOKMARK [2][-]{subsection.0.10.4}{\376\377\000T\000h\000e\000\040\000e\000c\000o\000n\000o\000m\000i\000c\000\040\000v\000a\000l\000u\000e\000\040\000o\000f\000\040\000a\000n\000\040\000e\000x\000a\000c\000t\000\040\000i\000m\000p\000l\000e\000m\000e\000n\000t\000a\000t\000i\000o\000n\000\040\000c\000h\000a\000n\000g\000e}{section.0.10}% 34
\BOOKMARK [2][-]{subsection.0.10.5}{\376\377\000C\000o\000m\000m\000o\000n\000-\000r\000e\000f\000e\000r\000e\000n\000c\000e\000\040\000c\000a\000n\000c\000e\000l\000l\000a\000t\000i\000o\000n\000\040\000a\000t\000\040\000t\000h\000e\000\040\000o\000r\000i\000g\000i\000n\000a\000l\000\040\000o\000p\000t\000i\000m\000u\000m}{section.0.10}% 35
\BOOKMARK [1][-]{section.0.11}{\376\377\000S\000t\000a\000b\000l\000e\000\040\000e\000n\000c\000l\000o\000s\000u\000r\000e\000s\000\040\000a\000n\000d\000\040\000c\000e\000r\000t\000i\000f\000i\000c\000a\000t\000i\000o\000n\000\040\000o\000f\000\040\000a\000\040\000r\000e\000t\000u\000r\000n\000e\000d\000\040\000p\000o\000l\000i\000c\000y}{}% 36
\BOOKMARK [2][-]{subsection.0.11.1}{\376\377\000F\000i\000x\000e\000d\000-\000c\000o\000v\000e\000r\000\040\000s\000t\000a\000b\000i\000l\000i\000t\000y}{section.0.11}% 37
\BOOKMARK [2][-]{subsection.0.11.2}{\376\377\000T\000h\000e\000\040\000o\000r\000i\000g\000i\000n\000a\000l\000\040\000o\000p\000t\000i\000m\000u\000m\000\040\000a\000n\000d\000\040\000t\000h\000e\000\040\000a\000c\000t\000u\000a\000l\000\040\000r\000e\000t\000u\000r\000n\000e\000d\000\040\000a\000c\000t\000o\000r}{section.0.11}% 38
\BOOKMARK [1][-]{section.0.12}{\376\377\000O\000r\000i\000g\000i\000n\000a\000l\000-\000o\000p\000t\000i\000m\000u\000m\000\040\000a\000c\000c\000u\000r\000a\000c\000y\000\040\000i\000n\000\040\000t\000h\000e\000\040\000i\000n\000v\000e\000s\000t\000m\000e\000n\000t\000\040\000e\000c\000o\000n\000o\000m\000y}{}% 39
\BOOKMARK [2][-]{section*.4}{\376\377\000R\000e\000l\000a\000t\000i\000o\000n\000\040\000t\000o\000\040\000t\000h\000e\000\040\000p\000r\000e\000c\000e\000d\000i\000n\000g\000\040\000t\000w\000o\000-\000c\000o\000n\000t\000r\000o\000l\000\040\000q\000u\000e\000r\000y\000.}{section.0.12}% 40
\BOOKMARK [2][-]{subsection.0.12.1}{\376\377\000P\000r\000i\000m\000i\000t\000i\000v\000e\000s\000\040\000a\000n\000d\000\040\000B\000e\000l\000l\000m\000a\000n\000\040\000r\000e\000g\000u\000l\000a\000r\000i\000t\000y}{section.0.12}% 41
\BOOKMARK [2][-]{subsection.0.12.2}{\376\377\000C\000e\000r\000t\000i\000f\000i\000e\000d\000\040\000n\000o\000d\000a\000l\000\040\000B\000e\000l\000l\000m\000a\000n\000\040\000b\000o\000u\000n\000d\000s}{section.0.12}% 42
\BOOKMARK [2][-]{subsection.0.12.3}{\376\377\000F\000r\000o\000m\000\040\000a\000\040\000f\000i\000t\000t\000e\000d\000\040\000w\000i\000t\000n\000e\000s\000s\000\040\000t\000o\000\040\000t\000h\000e\000\040\000c\000o\000m\000p\000l\000e\000t\000e\000\040\000i\000m\000p\000l\000e\000m\000e\000n\000t\000e\000d\000\040\000p\000o\000l\000i\000c\000y}{section.0.12}% 43
\BOOKMARK [2][-]{subsection.0.12.4}{\376\377\000A\000r\000i\000t\000h\000m\000e\000t\000i\000c\000,\000\040\000w\000o\000r\000k\000,\000\040\000a\000n\000d\000\040\000s\000c\000o\000p\000e}{section.0.12}% 44
\BOOKMARK [1][-]{section.0.13}{\376\377\000F\000r\000o\000m\000\040\000r\000e\000t\000u\000r\000n\000e\000d\000\040\000p\000o\000l\000i\000c\000i\000e\000s\000\040\000t\000o\000\040\000e\000c\000o\000n\000o\000m\000i\000c\000\040\000r\000e\000s\000o\000u\000r\000c\000e\000\040\000d\000e\000c\000i\000s\000i\000o\000n\000s}{}% 45
\BOOKMARK [2][-]{subsection.0.13.1}{\376\377\000S\000i\000m\000u\000l\000t\000a\000n\000e\000o\000u\000s\000\040\000i\000n\000f\000e\000r\000e\000n\000c\000e\000\040\000a\000f\000t\000e\000r\000\040\000c\000o\000n\000s\000t\000r\000u\000c\000t\000i\000o\000n}{section.0.13}% 46
\BOOKMARK [2][-]{subsection.0.13.2}{\376\377\000R\000e\000p\000l\000a\000c\000e\000m\000e\000n\000t\000-\000f\000e\000e\000\040\000i\000d\000e\000n\000t\000i\000f\000i\000c\000a\000t\000i\000o\000n}{section.0.13}% 47
\BOOKMARK [2][-]{subsection.0.13.3}{\376\377\000O\000b\000s\000e\000r\000v\000a\000t\000i\000o\000n\000\040\000c\000o\000s\000t\000s\000\040\000o\000n\000\040\000t\000h\000e\000\040\000s\000a\000m\000e\000\040\000b\000i\000t\000\040\000g\000r\000i\000d}{section.0.13}% 48
\BOOKMARK [1][-]{section.0.14}{\376\377\000P\000r\000o\000s\000p\000e\000c\000t\000i\000v\000e\000\040\000e\000c\000o\000n\000o\000m\000i\000c\000\040\000s\000t\000o\000p\000p\000i\000n\000g\000\040\000a\000n\000d\000\040\000l\000e\000a\000r\000n\000e\000d\000\040\000s\000t\000r\000u\000c\000t\000u\000r\000e}{}% 49
\BOOKMARK [2][-]{subsection.0.14.1}{\376\377\000A\000\040\000f\000i\000r\000s\000t\000-\000a\000t\000t\000a\000i\000n\000m\000e\000n\000t\000\040\000s\000e\000r\000v\000i\000c\000e}{section.0.14}% 50
\BOOKMARK [2][-]{subsection.0.14.2}{\376\377\000L\000e\000a\000r\000n\000i\000n\000g\000\040\000a\000n\000\040\000a\000p\000p\000r\000o\000x\000i\000m\000a\000t\000e\000l\000y\000\040\000n\000u\000l\000l\000\040\000d\000i\000r\000e\000c\000t\000i\000o\000n}{section.0.14}% 51
\BOOKMARK [1][-]{section.0.15}{\376\377\000P\000r\000o\000s\000p\000e\000c\000t\000i\000v\000e\000\040\000r\000e\000t\000u\000r\000n\000s\000\040\000i\000n\000\040\000t\000h\000e\000\040\000n\000o\000n\000l\000i\000n\000e\000a\000r\000\040\000i\000n\000v\000e\000s\000t\000m\000e\000n\000t\000\040\000e\000c\000o\000n\000o\000m\000y}{}% 52
\BOOKMARK [2][-]{subsection.0.15.1}{\376\377\000D\000e\000s\000i\000g\000n}{section.0.15}% 53
\BOOKMARK [2][-]{subsection.0.15.2}{\376\377\000T\000h\000e\000\040\000r\000e\000f\000i\000n\000e\000m\000e\000n\000t\000\040\000a\000n\000d\000\040\000t\000h\000e\000\040\000c\000o\000m\000p\000l\000e\000t\000e\000\040\000r\000e\000t\000u\000r\000n\000e\000d\000\040\000p\000o\000l\000i\000c\000i\000e\000s}{section.0.15}% 54
\BOOKMARK [2][-]{subsection.0.15.3}{\376\377\000M\000e\000t\000h\000o\000d\000\040\000c\000o\000m\000p\000a\000r\000i\000s\000o\000n\000s\000\040\000a\000n\000d\000\040\000c\000o\000m\000p\000l\000e\000t\000e\000\040\000w\000o\000r\000k}{section.0.15}% 55
\BOOKMARK [2][-]{subsection.0.15.4}{\376\377\000N\000e\000u\000r\000a\000l\000\040\000a\000c\000t\000i\000o\000n\000\040\000w\000i\000t\000n\000e\000s\000s\000e\000s\000\040\000a\000n\000d\000\040\000l\000e\000a\000r\000n\000e\000d\000\040\000n\000u\000l\000l\000\040\000d\000i\000r\000e\000c\000t\000i\000o\000n\000s}{section.0.15}% 56
\BOOKMARK [2][-]{subsection.0.15.5}{\376\377\000R\000e\000l\000a\000t\000i\000o\000n\000\040\000t\000o\000\040\000t\000h\000e\000\040\000o\000r\000i\000g\000i\000n\000a\000l\000\040\000e\000v\000i\000d\000e\000n\000c\000e}{section.0.15}% 57
\BOOKMARK [1][-]{section.0.16}{\376\377\000E\000x\000e\000c\000u\000t\000i\000n\000g\000\040\000f\000i\000t\000t\000e\000d\000\040\000n\000e\000u\000r\000a\000l\000\040\000a\000c\000t\000i\000o\000n\000\040\000w\000i\000t\000n\000e\000s\000s\000e\000s}{}% 58
\BOOKMARK [2][-]{subsection.0.16.1}{\376\377\000A\000\040\000c\000o\000n\000t\000r\000o\000l\000l\000e\000d\000\040\000a\000c\000t\000i\000o\000n\000-\000s\000e\000a\000r\000c\000h\000\040\000c\000o\000m\000p\000a\000r\000i\000s\000o\000n}{section.0.16}% 59
\BOOKMARK [2][-]{subsection.0.16.2}{\376\377\000P\000r\000o\000s\000p\000e\000c\000t\000i\000v\000e\000\040\000e\000c\000o\000n\000o\000m\000i\000c\000\040\000t\000a\000r\000g\000e\000t\000s}{section.0.16}% 60
\BOOKMARK [2][-]{subsection.0.16.3}{\376\377\000W\000h\000a\000t\000\040\000t\000h\000e\000\040\000n\000e\000u\000r\000a\000l\000\040\000a\000c\000t\000i\000o\000n\000\040\000c\000o\000m\000p\000u\000t\000a\000t\000i\000o\000n\000\040\000c\000h\000a\000n\000g\000e\000s}{section.0.16}% 61
\BOOKMARK [2][-]{subsection.0.16.4}{\376\377\000W\000o\000r\000k\000,\000\040\000u\000n\000i\000f\000o\000r\000m\000\040\000a\000c\000c\000u\000r\000a\000c\000y\000\040\000a\000n\000d\000\040\000a\000d\000o\000p\000t\000i\000o\000n}{section.0.16}% 62
\BOOKMARK [1][-]{section.0.17}{\376\377\000E\000q\000u\000a\000l\000-\000p\000o\000l\000i\000c\000y\000\040\000w\000o\000r\000k\000\040\000a\000t\000\040\000p\000r\000o\000s\000p\000e\000c\000t\000i\000v\000e\000\040\000e\000c\000o\000n\000o\000m\000i\000c\000\040\000t\000a\000r\000g\000e\000t\000s}{}% 63
\BOOKMARK [2][-]{subsection.0.17.1}{\376\377\000A\000\040\000m\000a\000t\000c\000h\000e\000d\000\040\000i\000n\000t\000e\000r\000v\000e\000n\000t\000i\000o\000n\000\040\000w\000i\000t\000h\000i\000n\000\040\000N\000e\000u\000r\000a\000l\000\040\000B\000e\000l\000l\000m\000a\000n\000\040\000O\000p\000e\000r\000a\000t\000o\000r\000s}{section.0.17}% 64
\BOOKMARK [2][-]{subsection.0.17.2}{\376\377\000F\000i\000r\000s\000t\000\040\000a\000t\000t\000a\000i\000n\000m\000e\000n\000t\000,\000\040\000i\000n\000c\000l\000u\000d\000i\000n\000g\000\040\000n\000o\000n\000a\000t\000t\000a\000i\000n\000m\000e\000n\000t}{section.0.17}% 65
\BOOKMARK [2][-]{subsection.0.17.3}{\376\377\000W\000h\000a\000t\000\040\000t\000h\000e\000\040\000c\000o\000m\000p\000u\000t\000a\000t\000i\000o\000n\000a\000l\000\040\000i\000n\000t\000e\000r\000v\000e\000n\000t\000i\000o\000n\000\040\000r\000e\000m\000o\000v\000e\000s}{section.0.17}% 66
\BOOKMARK [2][-]{subsection.0.17.4}{\376\377\000C\000o\000m\000p\000l\000e\000t\000e\000\040\000w\000o\000r\000k\000\040\000a\000n\000d\000\040\000t\000h\000e\000\040\000e\000c\000o\000n\000o\000m\000i\000c\000\040\000d\000e\000c\000i\000s\000i\000o\000n}{section.0.17}% 67
\BOOKMARK [1][-]{section.0.18}{\376\377\000E\000x\000a\000c\000t\000\040\000c\000o\000m\000p\000u\000t\000a\000t\000i\000o\000n\000\040\000a\000n\000d\000\040\000t\000h\000e\000\040\000e\000c\000o\000n\000o\000m\000i\000c\000\040\000a\000c\000c\000u\000r\000a\000c\000y\000\040\000c\000o\000n\000t\000r\000a\000c\000t}{}% 68
\BOOKMARK [2][-]{subsection.0.18.1}{\376\377\000D\000e\000s\000i\000g\000n\000,\000\040\000i\000n\000f\000o\000r\000m\000a\000t\000i\000o\000n\000\040\000s\000e\000t\000s\000,\000\040\000a\000n\000d\000\040\000a\000c\000c\000o\000u\000n\000t\000i\000n\000g}{section.0.18}% 69
\BOOKMARK [2][-]{subsection.0.18.2}{\376\377\000C\000o\000m\000p\000l\000e\000t\000e\000\040\000s\000e\000r\000v\000i\000c\000e\000s\000\040\000a\000n\000d\000\040\000a\000c\000t\000u\000a\000l\000\040\000p\000o\000l\000i\000c\000y\000\040\000c\000o\000s\000t\000s}{section.0.18}% 70
\BOOKMARK [2][-]{subsection.0.18.3}{\376\377\000A\000\040\000l\000a\000n\000g\000u\000a\000g\000e\000-\000\040\000a\000n\000d\000\040\000r\000e\000p\000r\000e\000s\000e\000n\000t\000a\000t\000i\000o\000n\000-\000m\000a\000t\000c\000h\000e\000d\000\040\000a\000c\000t\000i\000o\000n\000-\000s\000e\000a\000r\000c\000h\000\040\000e\000x\000p\000e\000r\000i\000m\000e\000n\000t}{section.0.18}% 71
\BOOKMARK [2][-]{subsection.0.18.4}{\376\377\000T\000w\000o\000\040\000c\000o\000n\000t\000r\000o\000l\000s\000\040\000a\000n\000d\000\040\000a\000n\000\040\000a\000d\000d\000i\000t\000i\000o\000n\000a\000l\000\040\000i\000n\000n\000o\000v\000a\000t\000i\000o\000n}{section.0.18}% 72
\BOOKMARK [2][-]{subsection.0.18.5}{\376\377\000A\000t\000t\000a\000i\000n\000i\000n\000g\000\040\000a\000n\000\040\000o\000r\000i\000g\000i\000n\000a\000l\000\040\000B\000e\000l\000l\000m\000a\000n\000-\000a\000c\000c\000u\000r\000a\000c\000y\000\040\000t\000a\000r\000g\000e\000t}{section.0.18}% 73
\BOOKMARK [2][-]{subsection.0.18.6}{\376\377\000E\000c\000o\000n\000o\000m\000i\000c\000\040\000i\000n\000t\000e\000r\000p\000r\000e\000t\000a\000t\000i\000o\000n\000\040\000a\000n\000d\000\040\000c\000o\000m\000p\000u\000t\000a\000t\000i\000o\000n\000a\000l\000\040\000s\000c\000o\000p\000e}{section.0.18}% 74
\BOOKMARK [1][-]{section.0.19}{\376\377\000P\000r\000o\000s\000p\000e\000c\000t\000i\000v\000e\000\040\000a\000c\000c\000u\000r\000a\000c\000y\000\040\000a\000n\000d\000\040\000c\000o\000m\000p\000l\000e\000t\000e\000\040\000e\000c\000o\000n\000o\000m\000i\000c\000\040\000p\000o\000l\000i\000c\000i\000e\000s}{}% 75
\BOOKMARK [2][-]{subsection.0.19.1}{\376\377\000D\000e\000s\000i\000g\000n\000\040\000a\000n\000d\000\040\000a\000c\000t\000u\000a\000l\000\040\000r\000e\000t\000u\000r\000n\000e\000d\000\040\000o\000b\000j\000e\000c\000t\000s}{section.0.19}% 76
\BOOKMARK [2][-]{subsection.0.19.2}{\376\377\000M\000a\000t\000c\000h\000e\000d\000\040\000a\000l\000l\000-\000s\000t\000a\000t\000e\000\040\000a\000c\000c\000u\000r\000a\000c\000y}{section.0.19}% 77
\BOOKMARK [2][-]{subsection.0.19.3}{\376\377\000D\000i\000r\000e\000c\000t\000\040\000p\000o\000l\000i\000c\000y\000\040\000c\000o\000s\000t\000s\000\040\000a\000n\000d\000\040\000t\000h\000e\000\040\000a\000d\000o\000p\000t\000i\000o\000n\000\040\000d\000e\000c\000i\000s\000i\000o\000n}{section.0.19}% 78
\BOOKMARK [2][-]{subsection.0.19.4}{\376\377\000C\000o\000m\000p\000l\000e\000t\000e\000\040\000w\000o\000r\000k\000\040\000a\000t\000\040\000a\000\040\000c\000o\000m\000m\000o\000n\000\040\000e\000c\000o\000n\000o\000m\000i\000c\000\040\000c\000o\000n\000t\000r\000a\000c\000t}{section.0.19}% 79
\BOOKMARK [3][-]{section*.5}{\376\377\000C\000l\000o\000s\000i\000n\000g\000\040\000t\000h\000e\000\040\000m\000e\000a\000s\000u\000r\000e\000d\000\040\000p\000r\000o\000d\000u\000c\000t\000i\000o\000n\000\040\000b\000o\000u\000n\000d\000a\000r\000y\000.}{subsection.0.19.4}% 80
\BOOKMARK [2][-]{subsection.0.19.5}{\376\377\000R\000e\000l\000i\000a\000b\000i\000l\000i\000t\000y\000\040\000a\000n\000d\000\040\000i\000n\000t\000e\000r\000p\000r\000e\000t\000a\000t\000i\000o\000n}{section.0.19}% 81
\BOOKMARK [1][-]{section.0.20}{\376\377\000C\000o\000n\000c\000l\000u\000s\000i\000o\000n}{}% 82
\BOOKMARK [1][-]{appendix.A}{\376\377\000A\000p\000p\000e\000n\000d\000i\000x\000\040\000A\000:\000\040\000D\000e\000v\000e\000l\000o\000p\000m\000e\000n\000t\000\040\000a\000n\000d\000\040\000r\000e\000p\000r\000o\000d\000u\000c\000i\000b\000i\000l\000i\000t\000y\000\040\000m\000a\000p}{}% 83
\BOOKMARK [1][-]{bibliography-section.1}{\376\377\000R\000e\000f\000e\000r\000e\000n\000c\000e\000s}{}% 84
