This is pdfTeX, Version 3.141592653-2.6-1.40.25 (TeX Live 2023/Debian) (preloaded format=pdflatex)
 restricted \write18 enabled.
entering extended mode
(./ECTA.tex
LaTeX2e <2023-11-01> patch level 1
L3 programming layer <2024-01-22>
(./econsocart.cls
Document Class: econsocart 2022/11/21 v1.4.1, The Econometric Society Journals
(/usr/share/texlive/texmf-dist/tex/latex/etoolbox/etoolbox.sty)
(./econsocart.cfg) (/usr/share/texlive/texmf-dist/tex/latex/base/fix-cm.sty
(/usr/share/texlive/texmf-dist/tex/latex/base/ts1enc.def))
(/usr/share/texlive/texmf-dist/tex/latex/graphics/graphicx.sty
(/usr/share/texlive/texmf-dist/tex/latex/graphics/keyval.sty)
(/usr/share/texlive/texmf-dist/tex/latex/graphics/graphics.sty
(/usr/share/texlive/texmf-dist/tex/latex/graphics/trig.sty)
(/usr/share/texlive/texmf-dist/tex/latex/graphics-cfg/graphics.cfg)
(/usr/share/texlive/texmf-dist/tex/latex/graphics-def/pdftex.def)))
(/usr/share/texlive/texmf-dist/tex/latex/base/fontenc.sty)
(/usr/share/texlive/texmf-dist/tex/latex/psnfss/times.sty)
(/usr/share/texlive/texmf-dist/tex/latex/textcase/textcase.sty)
(/usr/share/texlive/texmf-dist/tex/latex/psnfss/helvet.sty)
(/usr/share/texlive/texmf-dist/tex/latex/base/textcomp.sty)
(/usr/share/texlive/texmf-dist/tex/latex/psnfss/t1ptm.fd)
(/usr/share/texlive/texmf-dist/tex/latex/amsfonts/amssymb.sty
(/usr/share/texlive/texmf-dist/tex/latex/amsfonts/amsfonts.sty))
(/usr/share/texlive/texmf-dist/tex/latex/tools/bm.sty)
(/usr/share/texlive/texmf-dist/tex/latex/url/url.sty)
(/usr/share/texlive/texmf-dist/tex/latex/amsmath/amsmath.sty
For additional information on amsmath, use the `?' option.
(/usr/share/texlive/texmf-dist/tex/latex/amsmath/amstext.sty
(/usr/share/texlive/texmf-dist/tex/latex/amsmath/amsgen.sty))
(/usr/share/texlive/texmf-dist/tex/latex/amsmath/amsbsy.sty)
(/usr/share/texlive/texmf-dist/tex/latex/amsmath/amsopn.sty))
(/usr/share/texlive/texmf-dist/tex/latex/amscls/amsthm.sty)
(/usr/share/texlive/texmf-dist/tex/latex/natbib/natbib.sty)) (./preamble.tex
(/usr/share/texlive/texmf-dist/tex/latex/booktabs/booktabs.sty)
(/usr/share/texlive/texmf-dist/tex/latex/tools/array.sty)
(/usr/share/texlive/texmf-dist/tex/latex/tools/longtable.sty)
(/usr/share/texlive/texmf-dist/tex/latex/base/fontenc.sty)
(/usr/share/texlive/texmf-dist/tex/latex/psnfss/mathpazo.sty)
(/usr/share/texlive/texmf-dist/tex/latex/microtype/microtype.sty
(/usr/share/texlive/texmf-dist/tex/latex/microtype/microtype-pdftex.def)
(/usr/share/texlive/texmf-dist/tex/latex/microtype/microtype.cfg))
(/usr/share/texlive/texmf-dist/tex/latex/needspace/needspace.sty)
(/usr/share/texlive/texmf-dist/tex/latex/xurl/xurl.sty)
(/usr/share/texlive/texmf-dist/tex/latex/hyperref/hyperref.sty
(/usr/share/texlive/texmf-dist/tex/generic/iftex/iftex.sty)
(/usr/share/texlive/texmf-dist/tex/latex/kvsetkeys/kvsetkeys.sty)
(/usr/share/texlive/texmf-dist/tex/generic/kvdefinekeys/kvdefinekeys.sty)
(/usr/share/texlive/texmf-dist/tex/generic/pdfescape/pdfescape.sty
(/usr/share/texlive/texmf-dist/tex/generic/ltxcmds/ltxcmds.sty)
(/usr/share/texlive/texmf-dist/tex/generic/pdftexcmds/pdftexcmds.sty
(/usr/share/texlive/texmf-dist/tex/generic/infwarerr/infwarerr.sty)))
(/usr/share/texlive/texmf-dist/tex/latex/hycolor/hycolor.sty)
(/usr/share/texlive/texmf-dist/tex/latex/auxhook/auxhook.sty)
(/usr/share/texlive/texmf-dist/tex/latex/hyperref/nameref.sty
(/usr/share/texlive/texmf-dist/tex/latex/refcount/refcount.sty)
(/usr/share/texlive/texmf-dist/tex/generic/gettitlestring/gettitlestring.sty
(/usr/share/texlive/texmf-dist/tex/latex/kvoptions/kvoptions.sty)))
(/usr/share/texlive/texmf-dist/tex/latex/hyperref/pd1enc.def)
(/usr/share/texlive/texmf-dist/tex/generic/intcalc/intcalc.sty)
(/usr/share/texlive/texmf-dist/tex/latex/hyperref/puenc.def)
(/usr/share/texlive/texmf-dist/tex/generic/bitset/bitset.sty
(/usr/share/texlive/texmf-dist/tex/generic/bigintcalc/bigintcalc.sty))
(/usr/share/texlive/texmf-dist/tex/latex/base/atbegshi-ltx.sty))
(/usr/share/texlive/texmf-dist/tex/latex/hyperref/hpdftex.def
(/usr/share/texlive/texmf-dist/tex/latex/base/atveryend-ltx.sty)
(/usr/share/texlive/texmf-dist/tex/latex/rerunfilecheck/rerunfilecheck.sty
(/usr/share/texlive/texmf-dist/tex/generic/uniquecounter/uniquecounter.sty))))
(/usr/share/texlive/texmf-dist/tex/latex/psnfss/t1pcr.fd)
(/usr/share/texlive/texmf-dist/tex/latex/hyperref/backref.sty)
(/usr/share/texlive/texmf-dist/tex/latex/psnfss/t1ppl.fd)
(/usr/share/texlive/texmf-dist/tex/latex/l3backend/l3backend-pdftex.def)

LaTeX Warning: Unused global option(s):
    [nameyear].

No file ECTA.aux.
(/usr/share/texlive/texmf-dist/tex/context/base/mkii/supp-pdf.mkii
[Loading MPS to PDF converter (version 2006.09.02).]
) (/usr/share/texlive/texmf-dist/tex/latex/epstopdf-pkg/epstopdf-base.sty
(/usr/share/texlive/texmf-dist/tex/latex/latexconfig/epstopdf-sys.cfg))
(/usr/share/texlive/texmf-dist/tex/latex/microtype/mt-ppl.cfg)
(/usr/share/texlive/texmf-dist/tex/latex/graphics/color.sty
(/usr/share/texlive/texmf-dist/tex/latex/graphics-cfg/color.cfg)
(/usr/share/texlive/texmf-dist/tex/latex/graphics/mathcolor.ltx))
(./sections/intro56.tex

LaTeX Warning: Reference `thm:construct49' on page 1 undefined on input line 4.



LaTeX Warning: Reference `thm:compile49' on page 1 undefined on input line 4.


Underfull \vbox (badness 10000) has occurred while \output is active [1
Non-PDF special ignored!
<special> papersize=614.295pt,794.96999pt
{/var/lib/texmf/fonts/map/pdftex/updmap/pdftex.map}{/usr/share/texlive/texmf-di
st/fonts/enc/dvips/base/8r.enc}]
Underfull \vbox (badness 10000) has occurred while \output is active

LaTeX Font Warning: Font shape `T1/ppl/m/uc' undefined
(Font)              using `T1/ppl/m/n' instead on input line 11.


LaTeX Font Warning: Font shape `T1/ppl/m/up' undefined
(Font)              using `T1/ppl/m/n' instead on input line 11.

[2]

Package hyperref Warning: Difference (3) between bookmark levels is greater 
(hyperref)                than one, level fixed on input line 15.


Package natbib Warning: Citation `munos2003' on page 3 undefined on input line 
15.


Package natbib Warning: Citation `munos2008' on page 3 undefined on input line 
15.


Package natbib Warning: Citation `scherrer2015' on page 3 undefined on input li
ne 15.


Package natbib Warning: Citation `kakade2002' on page 3 undefined on input line
 15.


Package natbib Warning: Citation `pirotta2013' on page 3 undefined on input lin
e 15.


Package natbib Warning: Citation `metelli2021' on page 3 undefined on input lin
e 15.


Package natbib Warning: Citation `ernst2005' on page 3 undefined on input line 
15.


Package natbib Warning: Citation `ferns2004' on page 3 undefined on input line 
15.


Package natbib Warning: Citation `ng1999' on page 3 undefined on input line 15.



Package natbib Warning: Citation `grimm2020' on page 3 undefined on input line 
15.

) (./sections/core49.tex
(/usr/share/texlive/texmf-dist/tex/latex/psnfss/ot1ppl.fd)
(/usr/share/texlive/texmf-dist/tex/latex/psnfss/omlzplm.fd)
(/usr/share/texlive/texmf-dist/tex/latex/psnfss/omszplm.fd)
(/usr/share/texlive/texmf-dist/tex/latex/psnfss/omxzplm.fd)
(/usr/share/texlive/texmf-dist/tex/latex/microtype/mt-msa.cfg)
(/usr/share/texlive/texmf-dist/tex/latex/microtype/mt-msb.cfg)
(/usr/share/texlive/texmf-dist/tex/latex/microtype/mt-cmr.cfg)
(/usr/share/texlive/texmf-dist/tex/latex/psnfss/ot1zplm.fd)
(/usr/share/texlive/texmf-dist/tex/latex/psnfss/ufplmbb.fd)
Underfull \vbox (badness 10000) has occurred while \output is active [3]

LaTeX Warning: Reference `sec:decisions49' on page 4 undefined on input line 9.



LaTeX Warning: Reference `eq:operator49' on page 4 undefined on input line 11.

[4]

LaTeX Warning: Reference `eq:sandwich49' on page 5 undefined on input line 42.


LaTeX Warning: Reference `eq:sandwich49' on page 5 undefined on input line 45.

[5]

LaTeX Warning: Reference `eq:cone49' on page 6 undefined on input line 67.

[6]

LaTeX Warning: Reference `eq:repair49' on page 7 undefined on input line 81.


LaTeX Warning: Reference `eq:enclosures49' on page 7 undefined on input line 86
.


LaTeX Warning: Reference `prop:sandwich49' on page 7 undefined on input line 86
.


Package natbib Warning: Citation `mcshane1934' on page 7 undefined on input lin
e 89.


LaTeX Warning: Reference `thm:construct49' on page 7 undefined on input line 89
.

[7]

Package natbib Warning: Citation `felzenszwalb2012' on page 8 undefined on inpu
t line 111.

[8]

LaTeX Warning: Reference `eq:fvisensor49' on page 9 undefined on input line 124
.

) (./sections/resources56.tex

LaTeX Warning: Reference `sec:legacy56' on page 9 undefined on input line 5.

[9] [10]

LaTeX Warning: Reference `eq:query49' on page 11 undefined on input line 32.


LaTeX Warning: Reference `eq:coefficients49' on page 11 undefined on input line
 32.


LaTeX Warning: Reference `eq:separated49' on page 11 undefined on input line 38
.


Underfull \vbox (badness 1077) has occurred while \output is active [11]

LaTeX Warning: Reference `eq:clipped49' on page 12 undefined on input line 57.


LaTeX Warning: Reference `eq:shares49' on page 12 undefined on input line 57.

[12]

LaTeX Warning: Reference `eq:frontier49' on page 13 undefined on input line 70.


) (./sections/primitives56.tex [13]) (./sections/learned56.tex

LaTeX Warning: Reference `thm:construct49' on page 14 undefined on input line 2
.


Underfull \vbox (badness 1895) has occurred while \output is active [14]

LaTeX Warning: Reference `eq:integrated56' on page 15 undefined on input line 3
2.


Package natbib Warning: Citation `munos2008' on page 15 undefined on input line
 37.


Package natbib Warning: Citation `ernst2005' on page 15 undefined on input line
 37.

[15]

LaTeX Warning: Reference `eq:trained56' on page 16 undefined on input line 45.


LaTeX Warning: Reference `lem:integrated56' on page 16 undefined on input line 
52.

[16]) (./sections/certificates56.tex
Underfull \vbox (badness 1178) has occurred while \output is active [17]
[18]

LaTeX Warning: Reference `eq:safety56' on page 19 undefined on input line 32.


LaTeX Warning: Reference `eq:recursion56' on page 19 undefined on input line 37
.


LaTeX Warning: Reference `thm:directed56' on page 19 undefined on input line 40
.

(/usr/share/texlive/texmf-dist/tex/latex/microtype/mt-euf.cfg) [19]

LaTeX Warning: Reference `eq:cache56' on page 20 undefined on input line 65.

[20]

LaTeX Warning: Reference `sec:economy56' on page 21 undefined on input line 71.



LaTeX Warning: Reference `prop:cache56' on page 21 undefined on input line 84.


LaTeX Warning: Reference `eq:tube56' on page 21 undefined on input line 87.


LaTeX Warning: Reference `eq:advantage-tube56' on page 21 undefined on input li
ne 92.

[21]

LaTeX Warning: Reference `eq:stability56' on page 22 undefined on input line 11
6.

[22]

LaTeX Warning: Reference `eq:decompose56' on page 23 undefined on input line 13
5.

) (./sections/decisions49.tex [23] [24]

Package natbib Warning: Citation `maurer2009' on page 25 undefined on input lin
e 24.

[25]

LaTeX Warning: Reference `eq:absolute49' on page 26 undefined on input line 40.


[26]

LaTeX Warning: Reference `eq:netregret49' on page 27 undefined on input line 67
.


LaTeX Warning: Reference `eq:fvisensor49' on page 27 undefined on input line 73
.

) (./sections/prospective56.tex [27]

LaTeX Warning: Reference `thm:directed56' on page 28 undefined on input line 12
.


LaTeX Warning: Reference `eq:target56' on page 28 undefined on input line 12.

[28]

LaTeX Warning: Reference `eq:target56' on page 29 undefined on input line 15.


LaTeX Warning: Reference `thm:conditional49' on page 29 undefined on input line
 20.

[29] [30]

LaTeX Warning: Reference `eq:null56' on page 31 undefined on input line 50.


Package natbib Warning: Citation `hoeffding1963' on page 31 undefined on input 
line 53.


LaTeX Warning: Reference `eq:confidencebox56' on page 31 undefined on input lin
e 53.


LaTeX Warning: Reference `eq:null56' on page 31 undefined on input line 53.


LaTeX Warning: Reference `eq:null56' on page 31 undefined on input line 56.

) (./sections/study56.tex
Underfull \vbox (badness 10000) has occurred while \output is active [31]

LaTeX Warning: Reference `sec:learned56' on page 32 undefined on input line 5.


LaTeX Warning: Reference `prop:tube56' on page 32 undefined on input line 10.


Underfull \vbox (badness 10000) has occurred while \output is active [32]
(./tables/stopping56.tex) (./tables/economic56.tex)

LaTeX Warning: Reference `cor:adoption56' on page 33 undefined on input line 17
.

[33] (./tables/mechanism56.tex) (./tables/timing56.tex
Underfull \vbox (badness 10000) has occurred while \output is active [34])
[35] (./tables/algebraic56.tex) [36] (./tables/learned-null56.tex) [37])
[38]
No file ECTA.bbl.

Package natbib Warning: There were undefined citations.

[39] (build/ECTA.aux)

LaTeX Font Warning: Some font shapes were not available, defaults substituted.


LaTeX Warning: There were undefined references.


LaTeX Warning: Label(s) may have changed. Rerun to get cross-references right.


Package rerunfilecheck Warning: File `ECTA.out' has changed.
(rerunfilecheck)                Rerun to get outlines right
(rerunfilecheck)                or use package `bookmark'.

 )
(see the transcript file for additional information)</usr/share/texlive/texmf-d
ist/fonts/type1/public/amsfonts/cm/cmex10.pfb></usr/share/texlive/texmf-dist/fo
nts/type1/public/amsfonts/cm/cmmi10.pfb></usr/share/texlive/texmf-dist/fonts/ty
pe1/public/amsfonts/cm/cmr10.pfb></usr/share/texlive/texmf-dist/fonts/type1/pub
lic/amsfonts/cm/cmsy10.pfb></usr/share/texlive/texmf-dist/fonts/type1/public/am
sfonts/euler/eufm10.pfb></usr/share/texlive/texmf-dist/fonts/type1/public/mathp
azo/fplmbb.pfb></usr/share/texlive/texmf-dist/fonts/type1/public/mathpazo/fplmr
.pfb></usr/share/texlive/texmf-dist/fonts/type1/public/mathpazo/fplmri.pfb></us
r/share/texlive/texmf-dist/fonts/type1/urw/courier/ucrr8a.pfb></usr/share/texli
ve/texmf-dist/fonts/type1/urw/palatino/uplb8a.pfb></usr/share/texlive/texmf-dis
t/fonts/type1/urw/palatino/uplr8a.pfb></usr/share/texlive/texmf-dist/fonts/type
1/urw/palatino/uplri8a.pfb>
Output written on build/ECTA.pdf (39 pages, 250074 bytes).
Transcript written on build/ECTA.log.
