[
  {
    "method": "linear-warm",
    "regime": "anchor",
    "certified": true,
    "total_hidden_updates": 102,
    "training_target_inverse_builds": 0,
    "training_target_inverse_applications": 0,
    "fractional_bits_sum": 4080,
    "fractional_bits_max": 40,
    "noncommuting_fits": 3,
    "actor_solves": 4,
    "stage_own_policy_evaluations": 4,
    "independent_subsolution_checks": 4,
    "simulation_transitions": 0,
    "policy_gap_upper": 1.8291336015381553e-14,
    "complete_service_seconds": 0.2807994869999959,
    "record": "linear-warm-anchor.json",
    "record_sha256": "3e8ac2c71f5f682b18e2a1e34c22969f0e11fe074de91c891cfc2d2eb74b695f"
  },
  {
    "method": "linear-warm",
    "regime": "changed-valuation",
    "certified": true,
    "total_hidden_updates": 66,
    "training_target_inverse_builds": 0,
    "training_target_inverse_applications": 0,
    "fractional_bits_sum": 2640,
    "fractional_bits_max": 40,
    "noncommuting_fits": 3,
    "actor_solves": 4,
    "stage_own_policy_evaluations": 4,
    "independent_subsolution_checks": 4,
    "simulation_transitions": 0,
    "policy_gap_upper": 1.8818632035481865e-14,
    "complete_service_seconds": 0.23585190800000078,
    "record": "linear-warm-changed-valuation.json",
    "record_sha256": "dd237e9aa18e54b5903911df69f7555b91e0c09b64f08e7a44e864ed421e54e8"
  },
  {
    "method": "quadratic-refresh",
    "regime": "anchor",
    "certified": true,
    "total_hidden_updates": 6,
    "training_target_inverse_builds": 6,
    "training_target_inverse_applications": 6,
    "fractional_bits_sum": 240,
    "fractional_bits_max": 40,
    "noncommuting_fits": 3,
    "actor_solves": 4,
    "stage_own_policy_evaluations": 4,
    "independent_subsolution_checks": 4,
    "simulation_transitions": 0,
    "policy_gap_upper": 1.5347333839629147e-12,
    "complete_service_seconds": 0.2223936079999973,
    "record": "quadratic-refresh-anchor.json",
    "record_sha256": "bc597544efa890880759520d203fd8964bcfc009e66f708eadebe8efb1f88551"
  },
  {
    "method": "quadratic-refresh",
    "regime": "changed-valuation",
    "certified": true,
    "total_hidden_updates": 3,
    "training_target_inverse_builds": 3,
    "training_target_inverse_applications": 3,
    "fractional_bits_sum": 120,
    "fractional_bits_max": 40,
    "noncommuting_fits": 3,
    "actor_solves": 4,
    "stage_own_policy_evaluations": 4,
    "independent_subsolution_checks": 4,
    "simulation_transitions": 0,
    "policy_gap_upper": 1.0118069137824371e-09,
    "complete_service_seconds": 0.22501596899999754,
    "record": "quadratic-refresh-changed-valuation.json",
    "record_sha256": "a3bcdb41cccbcea820b931623b3c68cccd8844a1b5803a972b47e8ef835549ae"
  },
  {
    "method": "adaptive-cached",
    "regime": "anchor",
    "certified": true,
    "total_hidden_updates": 6,
    "training_target_inverse_builds": 3,
    "training_target_inverse_applications": 6,
    "fractional_bits_sum": 102,
    "fractional_bits_max": 21,
    "noncommuting_fits": 3,
    "actor_solves": 4,
    "stage_own_policy_evaluations": 4,
    "independent_subsolution_checks": 4,
    "simulation_transitions": 0,
    "policy_gap_upper": 1.891278201144856e-12,
    "complete_service_seconds": 0.20055103300000354,
    "record": "adaptive-cached-anchor.json",
    "record_sha256": "2f810bad212320509f382f3631c1e7b1d5675474918c4e7d3d1d27505abfdb0e"
  },
  {
    "method": "adaptive-cached",
    "regime": "changed-valuation",
    "certified": true,
    "total_hidden_updates": 3,
    "training_target_inverse_builds": 3,
    "training_target_inverse_applications": 3,
    "fractional_bits_sum": 54,
    "fractional_bits_max": 18,
    "noncommuting_fits": 3,
    "actor_solves": 4,
    "stage_own_policy_evaluations": 4,
    "independent_subsolution_checks": 4,
    "simulation_transitions": 0,
    "policy_gap_upper": 9.902363245186602e-10,
    "complete_service_seconds": 0.1971491189999952,
    "record": "adaptive-cached-changed-valuation.json",
    "record_sha256": "62949831290d73a62599862df64576ba40bcea3f3579697d736a3fd54b587cbd"
  },
  {
    "method": "structural",
    "regime": "anchor",
    "certified": true,
    "total_hidden_updates": 0,
    "training_target_inverse_builds": 0,
    "training_target_inverse_applications": 0,
    "fractional_bits_sum": 0,
    "fractional_bits_max": 0,
    "noncommuting_fits": 0,
    "actor_solves": 4,
    "stage_own_policy_evaluations": 4,
    "independent_subsolution_checks": 4,
    "simulation_transitions": 0,
    "policy_gap_upper": 0.0,
    "complete_service_seconds": 0.0395649700000007,
    "record": "structural-anchor.json",
    "record_sha256": "0d620bb80cf14b04d6d3d7a8b69a1ce4c5a66d001b6208b7bf5ac3740318636e"
  },
  {
    "method": "structural",
    "regime": "changed-valuation",
    "certified": true,
    "total_hidden_updates": 0,
    "training_target_inverse_builds": 0,
    "training_target_inverse_applications": 0,
    "fractional_bits_sum": 0,
    "fractional_bits_max": 0,
    "noncommuting_fits": 0,
    "actor_solves": 4,
    "stage_own_policy_evaluations": 4,
    "independent_subsolution_checks": 4,
    "simulation_transitions": 0,
    "policy_gap_upper": 0.0,
    "complete_service_seconds": 0.009607705999997052,
    "record": "structural-changed-valuation.json",
    "record_sha256": "14a5ba20f4daf6a4fae8aa72a5bb9139a7ae073fb8827037a13dd17fb1ea7457"
  }
]
