This is pdfTeX, Version 3.141592653-2.6-1.40.25 (TeX Live 2023/Debian) (preloaded format=pdflatex)
 restricted \write18 enabled.
entering extended mode
(/tmp/nbo-r37-publication/revisions/2026-10-07-r37/ECTA.tex
LaTeX2e <2023-11-01> patch level 1
L3 programming layer <2024-01-22>
(./econsocart.cls
Document Class: econsocart 2022/11/21 v1.4.1, The Econometric Society Journals
(/usr/share/texlive/texmf-dist/tex/latex/etoolbox/etoolbox.sty)
(./econsocart.cfg) (/usr/share/texlive/texmf-dist/tex/latex/base/fix-cm.sty
(/usr/share/texlive/texmf-dist/tex/latex/base/ts1enc.def))
(/usr/share/texlive/texmf-dist/tex/latex/graphics/graphicx.sty
(/usr/share/texlive/texmf-dist/tex/latex/graphics/keyval.sty)
(/usr/share/texlive/texmf-dist/tex/latex/graphics/graphics.sty
(/usr/share/texlive/texmf-dist/tex/latex/graphics/trig.sty)
(/usr/share/texlive/texmf-dist/tex/latex/graphics-cfg/graphics.cfg)
(/usr/share/texlive/texmf-dist/tex/latex/graphics-def/pdftex.def)))
(/usr/share/texlive/texmf-dist/tex/latex/base/fontenc.sty)
(/usr/share/texlive/texmf-dist/tex/latex/psnfss/times.sty)
(/usr/share/texlive/texmf-dist/tex/latex/textcase/textcase.sty)
(/usr/share/texlive/texmf-dist/tex/latex/psnfss/helvet.sty)
(/usr/share/texlive/texmf-dist/tex/latex/base/textcomp.sty)
(/usr/share/texlive/texmf-dist/tex/latex/psnfss/t1ptm.fd)
(/usr/share/texlive/texmf-dist/tex/latex/amsfonts/amssymb.sty
(/usr/share/texlive/texmf-dist/tex/latex/amsfonts/amsfonts.sty))
(/usr/share/texlive/texmf-dist/tex/latex/tools/bm.sty)
(/usr/share/texlive/texmf-dist/tex/latex/url/url.sty)
(/usr/share/texlive/texmf-dist/tex/latex/amsmath/amsmath.sty
For additional information on amsmath, use the `?' option.
(/usr/share/texlive/texmf-dist/tex/latex/amsmath/amstext.sty
(/usr/share/texlive/texmf-dist/tex/latex/amsmath/amsgen.sty))
(/usr/share/texlive/texmf-dist/tex/latex/amsmath/amsbsy.sty)
(/usr/share/texlive/texmf-dist/tex/latex/amsmath/amsopn.sty))
(/usr/share/texlive/texmf-dist/tex/latex/amscls/amsthm.sty)
(/usr/share/texlive/texmf-dist/tex/latex/natbib/natbib.sty))
(/usr/share/texlive/texmf-dist/tex/latex/hyperref/xr-hyper.sty)
(/usr/share/texlive/texmf-dist/tex/latex/booktabs/booktabs.sty)
(/usr/share/texlive/texmf-dist/tex/latex/tools/array.sty)
(/usr/share/texlive/texmf-dist/tex/latex/tools/longtable.sty)
(/usr/share/texlive/texmf-dist/tex/latex/algorithms/algorithm.sty
(/usr/share/texlive/texmf-dist/tex/latex/float/float.sty)
(/usr/share/texlive/texmf-dist/tex/latex/base/ifthen.sty))
(/usr/share/texlive/texmf-dist/tex/latex/algorithmicx/algpseudocode.sty
(/usr/share/texlive/texmf-dist/tex/latex/algorithmicx/algorithmicx.sty
Document Style algorithmicx 1.2 - a greatly improved `algorithmic' style
)
Document Style - pseudocode environments for use with the `algorithmicx' style
) (/usr/share/texlive/texmf-dist/tex/latex/enumitem/enumitem.sty)
(/usr/share/texlive/texmf-dist/tex/latex/base/fontenc.sty)
(/usr/share/texlive/texmf-dist/tex/latex/psnfss/mathpazo.sty)
(/usr/share/texlive/texmf-dist/tex/latex/microtype/microtype.sty
(/usr/share/texlive/texmf-dist/tex/latex/microtype/microtype-pdftex.def)
(/usr/share/texlive/texmf-dist/tex/latex/microtype/microtype.cfg))
(/usr/share/texlive/texmf-dist/tex/latex/needspace/needspace.sty)
(/usr/share/texlive/texmf-dist/tex/latex/hyperref/hyperref.sty
(/usr/share/texlive/texmf-dist/tex/generic/iftex/iftex.sty)
(/usr/share/texlive/texmf-dist/tex/latex/kvsetkeys/kvsetkeys.sty)
(/usr/share/texlive/texmf-dist/tex/generic/kvdefinekeys/kvdefinekeys.sty)
(/usr/share/texlive/texmf-dist/tex/generic/pdfescape/pdfescape.sty
(/usr/share/texlive/texmf-dist/tex/generic/ltxcmds/ltxcmds.sty)
(/usr/share/texlive/texmf-dist/tex/generic/pdftexcmds/pdftexcmds.sty
(/usr/share/texlive/texmf-dist/tex/generic/infwarerr/infwarerr.sty)))
(/usr/share/texlive/texmf-dist/tex/latex/hycolor/hycolor.sty)
(/usr/share/texlive/texmf-dist/tex/latex/auxhook/auxhook.sty)
(/usr/share/texlive/texmf-dist/tex/latex/hyperref/nameref.sty
(/usr/share/texlive/texmf-dist/tex/latex/refcount/refcount.sty)
(/usr/share/texlive/texmf-dist/tex/generic/gettitlestring/gettitlestring.sty
(/usr/share/texlive/texmf-dist/tex/latex/kvoptions/kvoptions.sty)))
(/usr/share/texlive/texmf-dist/tex/latex/hyperref/pd1enc.def)
(/usr/share/texlive/texmf-dist/tex/generic/intcalc/intcalc.sty)
(/usr/share/texlive/texmf-dist/tex/latex/hyperref/puenc.def)
(/usr/share/texlive/texmf-dist/tex/generic/bitset/bitset.sty
(/usr/share/texlive/texmf-dist/tex/generic/bigintcalc/bigintcalc.sty))
(/usr/share/texlive/texmf-dist/tex/latex/base/atbegshi-ltx.sty))
(/usr/share/texlive/texmf-dist/tex/latex/hyperref/hpdftex.def
(/usr/share/texlive/texmf-dist/tex/latex/base/atveryend-ltx.sty)
(/usr/share/texlive/texmf-dist/tex/latex/rerunfilecheck/rerunfilecheck.sty
(/usr/share/texlive/texmf-dist/tex/generic/uniquecounter/uniquecounter.sty)))
(/usr/share/texlive/texmf-dist/tex/latex/psnfss/t1pcr.fd)
(/usr/share/texlive/texmf-dist/tex/latex/hyperref/backref.sty)
(/usr/share/texlive/texmf-dist/tex/latex/psnfss/t1ppl.fd)
(/usr/share/texlive/texmf-dist/tex/latex/l3backend/l3backend-pdftex.def)

LaTeX Warning: Unused global option(s):
    [nameyear].

No file ECTA.aux.
(/usr/share/texlive/texmf-dist/tex/context/base/mkii/supp-pdf.mkii
[Loading MPS to PDF converter (version 2006.09.02).]
) (/usr/share/texlive/texmf-dist/tex/latex/epstopdf-pkg/epstopdf-base.sty
(/usr/share/texlive/texmf-dist/tex/latex/latexconfig/epstopdf-sys.cfg))
(/usr/share/texlive/texmf-dist/tex/latex/microtype/mt-ppl.cfg)
(/usr/share/texlive/texmf-dist/tex/latex/graphics/color.sty
(/usr/share/texlive/texmf-dist/tex/latex/graphics-cfg/color.cfg)
(/usr/share/texlive/texmf-dist/tex/latex/graphics/mathcolor.ltx))
(./revisions/2026-10-07-r37/manuscript/introduction.tex [1
Non-PDF special ignored!
<special> papersize=614.295pt,794.96999pt
{/var/lib/texmf/fonts/map/pdftex/updmap/pdftex.map}{/usr/share/texlive/texmf-di
st/fonts/enc/dvips/base/8r.enc}]
(/usr/share/texlive/texmf-dist/tex/latex/psnfss/ot1ppl.fd)
(/usr/share/texlive/texmf-dist/tex/latex/psnfss/omlzplm.fd)
(/usr/share/texlive/texmf-dist/tex/latex/psnfss/omszplm.fd)
(/usr/share/texlive/texmf-dist/tex/latex/psnfss/omxzplm.fd)
(/usr/share/texlive/texmf-dist/tex/latex/microtype/mt-msa.cfg)
(/usr/share/texlive/texmf-dist/tex/latex/microtype/mt-msb.cfg)
(/usr/share/texlive/texmf-dist/tex/latex/microtype/mt-cmr.cfg)
(/usr/share/texlive/texmf-dist/tex/latex/psnfss/ot1zplm.fd)
Underfull \vbox (badness 10000) has occurred while \output is active

LaTeX Font Warning: Font shape `T1/ppl/m/uc' undefined
(Font)              using `T1/ppl/m/n' instead on input line 62.


LaTeX Font Warning: Font shape `T1/ppl/m/up' undefined
(Font)              using `T1/ppl/m/n' instead on input line 62.

[2]
Underfull \vbox (badness 10000) has occurred while \output is active [3])
(./revisions/2026-10-04-r16/manuscript/literature.tex

Package natbib Warning: Citation `judd1998' on page 4 undefined on input line 2
.


Package natbib Warning: Citation `hornik1990' on page 4 undefined on input line
 2.


Package natbib Warning: Citation `sirignano2018' on page 4 undefined on input l
ine 4.


Package natbib Warning: Citation `han2018' on page 4 undefined on input line 4.



Underfull \vbox (badness 3930) has occurred while \output is active [4]

Package natbib Warning: Citation `epsteinzin1989' on page 5 undefined on input 
line 6.


Package natbib Warning: Citation `duffieepstein1992' on page 5 undefined on inp
ut line 6.


Package natbib Warning: Citation `herdegen2021' on page 5 undefined on input li
ne 6.


Package natbib Warning: Citation `bjork2016' on page 5 undefined on input line 
6.


Package natbib Warning: Citation `borkar2024' on page 5 undefined on input line
 6.


LaTeX Warning: Reference `sec:model' on page 5 undefined on input line 8.


LaTeX Warning: Reference `sec:r10continuous' on page 5 undefined on input line 
8.


LaTeX Warning: Reference `sec:r15mechanism' on page 5 undefined on input line 8
.


LaTeX Warning: Reference `sec:r16design' on page 5 undefined on input line 8.


LaTeX Warning: Reference `sec:economic-scope' on page 5 undefined on input line
 8.


LaTeX Warning: Reference `sec:theory' on page 5 undefined on input line 8.

) (./revisions/2026-10-05-r19-integrated/manuscript/literature_addition.tex

Package natbib Warning: Citation `powell2011' on page 5 undefined on input line
 5.


Package natbib Warning: Citation `longstaff2001' on page 5 undefined on input l
ine 6.


Package natbib Warning: Citation `ernst2005' on page 5 undefined on input line 
8.


Package natbib Warning: Citation `scherrer2015' on page 5 undefined on input li
ne 10.


Package natbib Warning: Citation `konda1999' on page 5 undefined on input line 
16.


Underfull \vbox (badness 10000) has occurred while \output is active [5]

Package natbib Warning: Citation `howard2021' on page 6 undefined on input line
 42.

) (./revisions/2026-10-04-r16/retained/manuscript/model.tex
Underfull \vbox (badness 10000) has occurred while \output is active [6]
Underfull \hbox (badness 816) in paragraph at lines 17--19
\T1/ppl/m/up/12 (+20) Adjustment costs are in-cluded in $\OML/zplm/m/it/12 f$\T
1/ppl/m/up/12 (+20) . For ex-am-ple, time-additive util-ity has
[7]

LaTeX Warning: Reference `eq:generator' on page 8 undefined on input line 34.


LaTeX Warning: Reference `eq:state' on page 8 undefined on input line 34.

(/usr/share/texlive/texmf-dist/tex/latex/psnfss/ufplmbb.fd) [8]

LaTeX Warning: Reference `sec:ndu' on page 9 undefined on input line 39.

) (./revisions/2026-10-04-r16/retained/manuscript/method.tex [9]

LaTeX Warning: Reference `app:r15evaluation' on page 10 undefined on input line
 33.

[10] [11]

Package natbib Warning: Citation `scherrer2015' on page 12 undefined on input l
ine 71.


LaTeX Warning: Reference `sec:nonquadratic' on page 12 undefined on input line 
71.


LaTeX Warning: Reference `sec:ndu-neural' on page 12 undefined on input line 71
.

) (./revisions/2026-10-04-r16/retained/manuscript/algorithm.tex)
(./revisions/2026-10-05-r19-integrated/manuscript/targets.tex
Underfull \hbox (badness 10000) in paragraph at lines 25--25
[]|\T1/ppl/m/n/10.8 (+20) Best of six-teen his-tor-i-cal
) (./revisions/2026-10-05-r19-integrated/manuscript/decision_main.tex [12]
Underfull \vbox (badness 10000) has occurred while \output is active [13]

LaTeX Warning: Reference `eq:r19objective' on page 14 undefined on input line 1
8.


LaTeX Warning: Reference `eq:r19greedy' on page 14 undefined on input line 19.

[14]

LaTeX Warning: Reference `app:r19proofs' on page 15 undefined on input line 43.



LaTeX Warning: Reference `eq:r19riskloss' on page 15 undefined on input line 49
.

[15]

LaTeX Warning: Reference `eq:r19transportassumptions' on page 16 undefined on i
nput line 78.


LaTeX Warning: Reference `eq:r19osc' on page 16 undefined on input line 87.


LaTeX Warning: Reference `eq:r19riskloss' on page 16 undefined on input line 88
.

[16] [17]

LaTeX Warning: Reference `eq:r19learnbudget' on page 18 undefined on input line
 172.

[18]) (./revisions/2026-10-05-r23/manuscript/full_policy.tex [19]

LaTeX Warning: Reference `eq:r23coercivity' on page 20 undefined on input line 
47.


LaTeX Warning: Reference `eq:r23coercivity' on page 20 undefined on input line 
63.

[20] [21]

LaTeX Warning: Reference `eq:r23relative' on page 22 undefined on input line 10
9.


LaTeX Warning: Reference `thm:r23coercive' on page 22 undefined on input line 1
24.


LaTeX Warning: Reference `eq:r23evaluation' on page 22 undefined on input line 
138.


LaTeX Warning: Reference `eq:r23ball' on page 22 undefined on input line 138.

[22]

LaTeX Warning: Reference `eq:r23eta' on page 23 undefined on input line 185.


LaTeX Warning: Reference `eq:r23factor' on page 23 undefined on input line 194.


) (./revisions/2026-10-07-r37/manuscript/entropic_main.tex [23]

LaTeX Warning: Reference `eq:r23dynamics' on page 24 undefined on input line 6.



Package natbib Warning: Citation `r27jacobson1973' on page 24 undefined on inpu
t line 16.


Package natbib Warning: Citation `r27cui2023' on page 24 undefined on input lin
e 16.

[24]

LaTeX Warning: Reference `sec:r27riskproof' on page 25 undefined on input line 
67.

) (./revisions/2026-10-07-r37/manuscript/constructive_risk.tex

LaTeX Warning: Reference `sec:r27entropic' on page 25 undefined on input line 6
.

[25]

LaTeX Warning: Reference `eq:r31tube' on page 26 undefined on input line 29.


LaTeX Warning: Reference `thm:r27entropic' on page 26 undefined on input line 3
9.

[26] [27]

LaTeX Warning: Reference `eq:r32terminal' on page 28 undefined on input line 11
3.


LaTeX Warning: Reference `eq:r31primitive' on page 28 undefined on input line 1
18.


LaTeX Warning: Reference `eq:r31constructivegap' on page 28 undefined on input 
line 137.


LaTeX Warning: Reference `sec:r31proofs' on page 28 undefined on input line 141
.

[28]

LaTeX Warning: Reference `prop:r31tube' on page 29 undefined on input line 153.


) (./revisions/2026-10-06-r34/manuscript/robust_policy.tex

LaTeX Warning: Reference `sec:r27entropic' on page 29 undefined on input line 1
0.

[29]

LaTeX Warning: Reference `eq:r31primitive' on page 30 undefined on input line 4
3.

[30]

LaTeX Warning: Reference `eq:r34allocation' on page 31 undefined on input line 
88.


LaTeX Warning: Reference `eq:r34localdata' on page 31 undefined on input line 9
0.


LaTeX Warning: Reference `eq:r34accept' on page 31 undefined on input line 90.


LaTeX Warning: Reference `thm:r33warm' on page 31 undefined on input line 102.


LaTeX Warning: Reference `eq:r33cap' on page 31 undefined on input line 103.


LaTeX Warning: Reference `eq:r34accept' on page 31 undefined on input line 104.



LaTeX Warning: Reference `sec:r34proof' on page 31 undefined on input line 108.



LaTeX Warning: Reference `eq:r34f' on page 31 undefined on input line 109.


LaTeX Warning: Reference `eq:r34accept' on page 31 undefined on input line 124.


[31]

LaTeX Warning: Reference `eq:r34policybound' on page 32 undefined on input line
 136.

) (./revisions/2026-10-07-r37/manuscript/precision_refresh.tex

LaTeX Warning: Reference `thm:r34robust' on page 32 undefined on input line 9.

[32]

Package natbib Warning: Citation `r37higham2008' on page 33 undefined on input 
line 27.

[33]

LaTeX Warning: Reference `sec:r37proof' on page 34 undefined on input line 74.


LaTeX Warning: Reference `eq:r37bits' on page 34 undefined on input line 81.


LaTeX Warning: Reference `thm:r37precision' on page 34 undefined on input line 
94.

[34]

LaTeX Warning: Reference `thm:r34robust' on page 35 undefined on input line 102
.


LaTeX Warning: Reference `eq:r37cap' on page 35 undefined on input line 109.


LaTeX Warning: Reference `eq:r37bits' on page 35 undefined on input line 109.


LaTeX Warning: Reference `eq:r34accept' on page 35 undefined on input line 110.


) (./revisions/2026-10-07-r37/manuscript/evidence.tex [35]
Underfull \vbox (badness 10000) has occurred while \output is active [36]
Underfull \hbox (badness 7362) in paragraph at lines 56--63
\T1/ppl/m/up/12 (+20) The an-chor state cost is $\OML/zplm/m/it/12 Q \OT1/zplm/
m/n/12 = \OML/zplm/m/it/12 I$\T1/ppl/m/up/12 (+20) ; the changed-valuation stat
e cost is

LaTeX Warning: Reference `eq:r37bits' on page 37 undefined on input line 68.

[37] (./revisions/2026-10-07-r37/results/construction_table.tex) [38]

LaTeX Warning: Reference `cor:r37policy' on page 39 undefined on input line 119
.

) (./revisions/2026-10-07-r37/manuscript/economic_scope.tex [39] [40]

LaTeX Warning: Reference `sec:ndu' on page 41 undefined on input line 37.


LaTeX Warning: Reference `sec:ndu-neural' on page 41 undefined on input line 37
.


LaTeX Warning: Reference `sec:r9results' on page 41 undefined on input line 37.



LaTeX Warning: Reference `sec:recursive' on page 41 undefined on input line 44.



LaTeX Warning: Reference `sec:temporal' on page 41 undefined on input line 51.

[41]

LaTeX Warning: Reference `sec:games' on page 42 undefined on input line 61.


LaTeX Warning: Reference `sec:dynamic-computation' on page 42 undefined on inpu
t line 61.

) (./revisions/2026-10-07-r37/manuscript/conclusion.tex [42])
No file ECTA.bbl.

Package natbib Warning: There were undefined citations.

[43] (/tmp/nbo-r37-publication/revisions/2026-10-07-r37/build/ECTA.aux)

LaTeX Font Warning: Some font shapes were not available, defaults substituted.


LaTeX Warning: There were undefined references.


LaTeX Warning: Label(s) may have changed. Rerun to get cross-references right.


Package rerunfilecheck Warning: File `ECTA.out' has changed.
(rerunfilecheck)                Rerun to get outlines right
(rerunfilecheck)                or use package `bookmark'.

 )
(see the transcript file for additional information)</usr/share/texlive/texmf-d
ist/fonts/type1/public/amsfonts/cm/cmex10.pfb></usr/share/texlive/texmf-dist/fo
nts/type1/public/amsfonts/cm/cmmi10.pfb></usr/share/texlive/texmf-dist/fonts/ty
pe1/public/amsfonts/cm/cmr10.pfb></usr/share/texlive/texmf-dist/fonts/type1/pub
lic/amsfonts/cm/cmss9.pfb></usr/share/texlive/texmf-dist/fonts/type1/public/ams
fonts/cm/cmsy10.pfb></usr/share/texlive/texmf-dist/fonts/type1/public/mathpazo/
fplmbb.pfb></usr/share/texlive/texmf-dist/fonts/type1/public/mathpazo/fplmr.pfb
></usr/share/texlive/texmf-dist/fonts/type1/public/mathpazo/fplmri.pfb></usr/sh
are/texlive/texmf-dist/fonts/type1/urw/courier/ucrr8a.pfb></usr/share/texlive/t
exmf-dist/fonts/type1/urw/palatino/uplb8a.pfb></usr/share/texlive/texmf-dist/fo
nts/type1/urw/palatino/uplr8a.pfb></usr/share/texlive/texmf-dist/fonts/type1/ur
w/palatino/uplri8a.pfb>
Output written on /tmp/nbo-r37-publication/revisions/2026-10-07-r37/build/ECTA.
pdf (43 pages, 279075 bytes).
Transcript written on /tmp/nbo-r37-publication/revisions/2026-10-07-r37/build/E
CTA.log.
