This is pdfTeX, Version 3.141592653-2.6-1.40.25 (TeX Live 2023/Debian) (preloaded format=pdflatex)
 restricted \write18 enabled.
entering extended mode
(/tmp/nbo-r37-publication/revisions/2026-10-07-r37/ECTA.tex
LaTeX2e <2023-11-01> patch level 1
L3 programming layer <2024-01-22>
(./econsocart.cls
Document Class: econsocart 2022/11/21 v1.4.1, The Econometric Society Journals
(/usr/share/texlive/texmf-dist/tex/latex/etoolbox/etoolbox.sty)
(./econsocart.cfg) (/usr/share/texlive/texmf-dist/tex/latex/base/fix-cm.sty
(/usr/share/texlive/texmf-dist/tex/latex/base/ts1enc.def))
(/usr/share/texlive/texmf-dist/tex/latex/graphics/graphicx.sty
(/usr/share/texlive/texmf-dist/tex/latex/graphics/keyval.sty)
(/usr/share/texlive/texmf-dist/tex/latex/graphics/graphics.sty
(/usr/share/texlive/texmf-dist/tex/latex/graphics/trig.sty)
(/usr/share/texlive/texmf-dist/tex/latex/graphics-cfg/graphics.cfg)
(/usr/share/texlive/texmf-dist/tex/latex/graphics-def/pdftex.def)))
(/usr/share/texlive/texmf-dist/tex/latex/base/fontenc.sty)
(/usr/share/texlive/texmf-dist/tex/latex/psnfss/times.sty)
(/usr/share/texlive/texmf-dist/tex/latex/textcase/textcase.sty)
(/usr/share/texlive/texmf-dist/tex/latex/psnfss/helvet.sty)
(/usr/share/texlive/texmf-dist/tex/latex/base/textcomp.sty)
(/usr/share/texlive/texmf-dist/tex/latex/psnfss/t1ptm.fd)
(/usr/share/texlive/texmf-dist/tex/latex/amsfonts/amssymb.sty
(/usr/share/texlive/texmf-dist/tex/latex/amsfonts/amsfonts.sty))
(/usr/share/texlive/texmf-dist/tex/latex/tools/bm.sty)
(/usr/share/texlive/texmf-dist/tex/latex/url/url.sty)
(/usr/share/texlive/texmf-dist/tex/latex/amsmath/amsmath.sty
For additional information on amsmath, use the `?' option.
(/usr/share/texlive/texmf-dist/tex/latex/amsmath/amstext.sty
(/usr/share/texlive/texmf-dist/tex/latex/amsmath/amsgen.sty))
(/usr/share/texlive/texmf-dist/tex/latex/amsmath/amsbsy.sty)
(/usr/share/texlive/texmf-dist/tex/latex/amsmath/amsopn.sty))
(/usr/share/texlive/texmf-dist/tex/latex/amscls/amsthm.sty)
(/usr/share/texlive/texmf-dist/tex/latex/natbib/natbib.sty))
(/usr/share/texlive/texmf-dist/tex/latex/hyperref/xr-hyper.sty)
(/usr/share/texlive/texmf-dist/tex/latex/booktabs/booktabs.sty)
(/usr/share/texlive/texmf-dist/tex/latex/tools/array.sty)
(/usr/share/texlive/texmf-dist/tex/latex/tools/longtable.sty)
(/usr/share/texlive/texmf-dist/tex/latex/algorithms/algorithm.sty
(/usr/share/texlive/texmf-dist/tex/latex/float/float.sty)
(/usr/share/texlive/texmf-dist/tex/latex/base/ifthen.sty))
(/usr/share/texlive/texmf-dist/tex/latex/algorithmicx/algpseudocode.sty
(/usr/share/texlive/texmf-dist/tex/latex/algorithmicx/algorithmicx.sty
Document Style algorithmicx 1.2 - a greatly improved `algorithmic' style
)
Document Style - pseudocode environments for use with the `algorithmicx' style
) (/usr/share/texlive/texmf-dist/tex/latex/enumitem/enumitem.sty)
(/usr/share/texlive/texmf-dist/tex/latex/base/fontenc.sty)
(/usr/share/texlive/texmf-dist/tex/latex/psnfss/mathpazo.sty)
(/usr/share/texlive/texmf-dist/tex/latex/microtype/microtype.sty
(/usr/share/texlive/texmf-dist/tex/latex/microtype/microtype-pdftex.def)
(/usr/share/texlive/texmf-dist/tex/latex/microtype/microtype.cfg))
(/usr/share/texlive/texmf-dist/tex/latex/needspace/needspace.sty)
(/usr/share/texlive/texmf-dist/tex/latex/hyperref/hyperref.sty
(/usr/share/texlive/texmf-dist/tex/generic/iftex/iftex.sty)
(/usr/share/texlive/texmf-dist/tex/latex/kvsetkeys/kvsetkeys.sty)
(/usr/share/texlive/texmf-dist/tex/generic/kvdefinekeys/kvdefinekeys.sty)
(/usr/share/texlive/texmf-dist/tex/generic/pdfescape/pdfescape.sty
(/usr/share/texlive/texmf-dist/tex/generic/ltxcmds/ltxcmds.sty)
(/usr/share/texlive/texmf-dist/tex/generic/pdftexcmds/pdftexcmds.sty
(/usr/share/texlive/texmf-dist/tex/generic/infwarerr/infwarerr.sty)))
(/usr/share/texlive/texmf-dist/tex/latex/hycolor/hycolor.sty)
(/usr/share/texlive/texmf-dist/tex/latex/auxhook/auxhook.sty)
(/usr/share/texlive/texmf-dist/tex/latex/hyperref/nameref.sty
(/usr/share/texlive/texmf-dist/tex/latex/refcount/refcount.sty)
(/usr/share/texlive/texmf-dist/tex/generic/gettitlestring/gettitlestring.sty
(/usr/share/texlive/texmf-dist/tex/latex/kvoptions/kvoptions.sty)))
(/usr/share/texlive/texmf-dist/tex/latex/hyperref/pd1enc.def)
(/usr/share/texlive/texmf-dist/tex/generic/intcalc/intcalc.sty)
(/usr/share/texlive/texmf-dist/tex/latex/hyperref/puenc.def)
(/usr/share/texlive/texmf-dist/tex/generic/bitset/bitset.sty
(/usr/share/texlive/texmf-dist/tex/generic/bigintcalc/bigintcalc.sty))
(/usr/share/texlive/texmf-dist/tex/latex/base/atbegshi-ltx.sty))
(/usr/share/texlive/texmf-dist/tex/latex/hyperref/hpdftex.def
(/usr/share/texlive/texmf-dist/tex/latex/base/atveryend-ltx.sty)
(/usr/share/texlive/texmf-dist/tex/latex/rerunfilecheck/rerunfilecheck.sty
(/usr/share/texlive/texmf-dist/tex/generic/uniquecounter/uniquecounter.sty)))
(/usr/share/texlive/texmf-dist/tex/latex/psnfss/t1pcr.fd)
(/usr/share/texlive/texmf-dist/tex/latex/hyperref/backref.sty)
(/usr/share/texlive/texmf-dist/tex/latex/psnfss/t1ppl.fd)
(/usr/share/texlive/texmf-dist/tex/latex/l3backend/l3backend-pdftex.def)

LaTeX Warning: Unused global option(s):
    [nameyear].

(/tmp/nbo-r37-publication/revisions/2026-10-07-r37/build/ECTA.aux)
(/usr/share/texlive/texmf-dist/tex/context/base/mkii/supp-pdf.mkii
[Loading MPS to PDF converter (version 2006.09.02).]
) (/usr/share/texlive/texmf-dist/tex/latex/epstopdf-pkg/epstopdf-base.sty
(/usr/share/texlive/texmf-dist/tex/latex/latexconfig/epstopdf-sys.cfg))
(/usr/share/texlive/texmf-dist/tex/latex/microtype/mt-ppl.cfg)
(/usr/share/texlive/texmf-dist/tex/latex/graphics/color.sty
(/usr/share/texlive/texmf-dist/tex/latex/graphics-cfg/color.cfg)
(/usr/share/texlive/texmf-dist/tex/latex/graphics/mathcolor.ltx))
(/tmp/nbo-r37-publication/revisions/2026-10-07-r37/build/ECTA.out)
(/tmp/nbo-r37-publication/revisions/2026-10-07-r37/build/ECTA.out)
(/usr/share/texlive/texmf-dist/tex/latex/psnfss/ot1ppl.fd)
(/usr/share/texlive/texmf-dist/tex/latex/psnfss/omlzplm.fd)
(/usr/share/texlive/texmf-dist/tex/latex/psnfss/omszplm.fd)
(/usr/share/texlive/texmf-dist/tex/latex/psnfss/omxzplm.fd)
(/usr/share/texlive/texmf-dist/tex/latex/microtype/mt-msa.cfg)
(/usr/share/texlive/texmf-dist/tex/latex/microtype/mt-msb.cfg)
(/usr/share/texlive/texmf-dist/tex/latex/microtype/mt-cmr.cfg)
(/usr/share/texlive/texmf-dist/tex/latex/psnfss/ot1zplm.fd)

Package hyperref Warning: Ignoring empty anchor on input line 53.

(./revisions/2026-10-07-r37/manuscript/introduction.tex
Underfull \vbox (badness 2547) has occurred while \output is active [1
Non-PDF special ignored!
<special> papersize=614.295pt,794.96999pt
{/var/lib/texmf/fonts/map/pdftex/updmap/pdftex.map}{/usr/share/texlive/texmf-di
st/fonts/enc/dvips/base/8r.enc}]
Underfull \vbox (badness 10000) has occurred while \output is active

LaTeX Font Warning: Font shape `T1/ppl/m/uc' undefined
(Font)              using `T1/ppl/m/n' instead on input line 48.


LaTeX Font Warning: Font shape `T1/ppl/m/up' undefined
(Font)              using `T1/ppl/m/n' instead on input line 48.

[2]
Underfull \vbox (badness 10000) has occurred while \output is active [3])
(./revisions/2026-10-04-r16/manuscript/literature.tex

Package natbib Warning: Citation `judd1998' on page 4 undefined on input line 2
.


Package natbib Warning: Citation `hornik1990' on page 4 undefined on input line
 2.


Package natbib Warning: Citation `sirignano2018' on page 4 undefined on input l
ine 4.


Package natbib Warning: Citation `han2018' on page 4 undefined on input line 4.



Underfull \vbox (badness 3930) has occurred while \output is active [4]

Package natbib Warning: Citation `epsteinzin1989' on page 5 undefined on input 
line 6.


Package natbib Warning: Citation `duffieepstein1992' on page 5 undefined on inp
ut line 6.


Package natbib Warning: Citation `herdegen2021' on page 5 undefined on input li
ne 6.


Package natbib Warning: Citation `bjork2016' on page 5 undefined on input line 
6.


Package natbib Warning: Citation `borkar2024' on page 5 undefined on input line
 6.

) (./revisions/2026-10-05-r19-integrated/manuscript/literature_addition.tex

Package natbib Warning: Citation `powell2011' on page 5 undefined on input line
 5.


Package natbib Warning: Citation `longstaff2001' on page 5 undefined on input l
ine 6.


Package natbib Warning: Citation `ernst2005' on page 5 undefined on input line 
8.


Package natbib Warning: Citation `scherrer2015' on page 5 undefined on input li
ne 10.


Underfull \vbox (badness 3930) has occurred while \output is active [5]

Package natbib Warning: Citation `konda1999' on page 6 undefined on input line 
16.


Package natbib Warning: Citation `howard2021' on page 6 undefined on input line
 42.

) (./revisions/2026-10-04-r16/retained/manuscript/model.tex
Underfull \vbox (badness 10000) has occurred while \output is active [6]
Underfull \hbox (badness 816) in paragraph at lines 17--19
\T1/ppl/m/up/12 (+20) Adjustment costs are in-cluded in $\OML/zplm/m/it/12 f$\T
1/ppl/m/up/12 (+20) . For ex-am-ple, time-additive util-ity has
[7] (/usr/share/texlive/texmf-dist/tex/latex/psnfss/ufplmbb.fd) [8])
(./revisions/2026-10-04-r16/retained/manuscript/method.tex [9]
Underfull \vbox (badness 7522) has occurred while \output is active [10]
[11]

Package natbib Warning: Citation `scherrer2015' on page 12 undefined on input l
ine 71.

) (./revisions/2026-10-04-r16/retained/manuscript/algorithm.tex)
(./revisions/2026-10-05-r19-integrated/manuscript/targets.tex [12]
Underfull \hbox (badness 10000) in paragraph at lines 25--25
[]|\T1/ppl/m/n/10.8 (+20) Best of six-teen his-tor-i-cal
) (./revisions/2026-10-05-r19-integrated/manuscript/decision_main.tex
Underfull \vbox (badness 6510) has occurred while \output is active [13]
[14]
Underfull \vbox (badness 1117) has occurred while \output is active [15]
[16] [17] [18]) (./revisions/2026-10-05-r23/manuscript/full_policy.tex [19]
[20] [21] [22]) (./revisions/2026-10-07-r37/manuscript/entropic_main.tex
[23]

Package natbib Warning: Citation `r27jacobson1973' on page 24 undefined on inpu
t line 16.


Package natbib Warning: Citation `r27cui2023' on page 24 undefined on input lin
e 16.

[24]) (./revisions/2026-10-07-r37/manuscript/constructive_risk.tex [25]
[26] [27] [28]) (./revisions/2026-10-06-r34/manuscript/robust_policy.tex
[29] [30] [31]) (./revisions/2026-10-07-r37/manuscript/precision_refresh.tex
[32]

Package natbib Warning: Citation `r37higham2008' on page 33 undefined on input 
line 27.

[33] [34]) (./revisions/2026-10-07-r37/manuscript/evidence.tex [35]
Underfull \vbox (badness 10000) has occurred while \output is active [36]
Underfull \hbox (badness 7362) in paragraph at lines 56--63
\T1/ppl/m/up/12 (+20) The an-chor state cost is $\OML/zplm/m/it/12 Q \OT1/zplm/
m/n/12 = \OML/zplm/m/it/12 I$\T1/ppl/m/up/12 (+20) ; the changed-valuation stat
e cost is
[37] (./revisions/2026-10-07-r37/results/construction_table.tex) [38])
(./revisions/2026-10-07-r37/manuscript/economic_scope.tex [39] [40] [41])
(./revisions/2026-10-07-r37/manuscript/conclusion.tex [42])
(/tmp/nbo-r37-publication/revisions/2026-10-07-r37/build/ECTA.bbl
No file ECTA.brf.

Underfull \vbox (badness 10000) has occurred while \output is active [43]
Underfull \hbox (badness 1460) in paragraph at lines 101--101
[]\T1/ppl/m/sc/9.6 (+20) Scherrer, Bruno, Mo-ham-mad Ghavamzadeh, Vic-tor Gabil
-lon, Boris Lesner, and
[44])

Package natbib Warning: There were undefined citations.

[45] (/tmp/nbo-r37-publication/revisions/2026-10-07-r37/build/ECTA.aux

Package natbib Warning: Citation(s) may have changed.
(natbib)                Rerun to get citations correct.

)

LaTeX Font Warning: Some font shapes were not available, defaults substituted.


LaTeX Warning: Label(s) may have changed. Rerun to get cross-references right.


Package rerunfilecheck Warning: File `ECTA.out' has changed.
(rerunfilecheck)                Rerun to get outlines right
(rerunfilecheck)                or use package `bookmark'.


Package rerunfilecheck Warning: File `ECTA.brf' has changed.
(rerunfilecheck)                Rerun to get bibliographical references right.

 )
(see the transcript file for additional information)</usr/share/texlive/texmf-d
ist/fonts/type1/public/amsfonts/cm/cmex10.pfb></usr/share/texlive/texmf-dist/fo
nts/type1/public/amsfonts/cm/cmmi10.pfb></usr/share/texlive/texmf-dist/fonts/ty
pe1/public/amsfonts/cm/cmr10.pfb></usr/share/texlive/texmf-dist/fonts/type1/pub
lic/amsfonts/cm/cmss9.pfb></usr/share/texlive/texmf-dist/fonts/type1/public/ams
fonts/cm/cmsy10.pfb></usr/share/texlive/texmf-dist/fonts/type1/public/mathpazo/
fplmbb.pfb></usr/share/texlive/texmf-dist/fonts/type1/public/mathpazo/fplmr.pfb
></usr/share/texlive/texmf-dist/fonts/type1/public/mathpazo/fplmri.pfb></usr/sh
are/texlive/texmf-dist/fonts/type1/urw/courier/ucrr8a.pfb></usr/share/texlive/t
exmf-dist/fonts/type1/urw/palatino/uplb8a.pfb></usr/share/texlive/texmf-dist/fo
nts/type1/urw/palatino/uplr8a.pfb></usr/share/texlive/texmf-dist/fonts/type1/ur
w/palatino/uplri8a.pfb>
Output written on /tmp/nbo-r37-publication/revisions/2026-10-07-r37/build/ECTA.
pdf (45 pages, 294345 bytes).
Transcript written on /tmp/nbo-r37-publication/revisions/2026-10-07-r37/build/E
CTA.log.
