This is pdfTeX, Version 3.141592653-2.6-1.40.25 (TeX Live 2023/Debian) (preloaded format=pdflatex)
 restricted \write18 enabled.
entering extended mode
(/tmp/nbo-r37-publication/revisions/2026-10-07-r37/supp.tex
LaTeX2e <2023-11-01> patch level 1
L3 programming layer <2024-01-22>
(./econsocart.cls
Document Class: econsocart 2022/11/21 v1.4.1, The Econometric Society Journals
(/usr/share/texlive/texmf-dist/tex/latex/etoolbox/etoolbox.sty)
(./econsocart.cfg) (/usr/share/texlive/texmf-dist/tex/latex/base/fix-cm.sty
(/usr/share/texlive/texmf-dist/tex/latex/base/ts1enc.def))
(/usr/share/texlive/texmf-dist/tex/latex/graphics/graphicx.sty
(/usr/share/texlive/texmf-dist/tex/latex/graphics/keyval.sty)
(/usr/share/texlive/texmf-dist/tex/latex/graphics/graphics.sty
(/usr/share/texlive/texmf-dist/tex/latex/graphics/trig.sty)
(/usr/share/texlive/texmf-dist/tex/latex/graphics-cfg/graphics.cfg)
(/usr/share/texlive/texmf-dist/tex/latex/graphics-def/pdftex.def)))
(/usr/share/texlive/texmf-dist/tex/latex/base/fontenc.sty)
(/usr/share/texlive/texmf-dist/tex/latex/psnfss/times.sty)
(/usr/share/texlive/texmf-dist/tex/latex/textcase/textcase.sty)
(/usr/share/texlive/texmf-dist/tex/latex/psnfss/helvet.sty)
(/usr/share/texlive/texmf-dist/tex/latex/base/textcomp.sty)
(/usr/share/texlive/texmf-dist/tex/latex/psnfss/t1ptm.fd)
(/usr/share/texlive/texmf-dist/tex/latex/amsfonts/amssymb.sty
(/usr/share/texlive/texmf-dist/tex/latex/amsfonts/amsfonts.sty))
(/usr/share/texlive/texmf-dist/tex/latex/tools/bm.sty)
(/usr/share/texlive/texmf-dist/tex/latex/url/url.sty)
(/usr/share/texlive/texmf-dist/tex/latex/amsmath/amsmath.sty
For additional information on amsmath, use the `?' option.
(/usr/share/texlive/texmf-dist/tex/latex/amsmath/amstext.sty
(/usr/share/texlive/texmf-dist/tex/latex/amsmath/amsgen.sty))
(/usr/share/texlive/texmf-dist/tex/latex/amsmath/amsbsy.sty)
(/usr/share/texlive/texmf-dist/tex/latex/amsmath/amsopn.sty))
(/usr/share/texlive/texmf-dist/tex/latex/amscls/amsthm.sty)
(/usr/share/texlive/texmf-dist/tex/latex/natbib/natbib.sty))
(/usr/share/texlive/texmf-dist/tex/latex/hyperref/xr-hyper.sty)
(/usr/share/texlive/texmf-dist/tex/latex/booktabs/booktabs.sty)
(/usr/share/texlive/texmf-dist/tex/latex/tools/array.sty)
(/usr/share/texlive/texmf-dist/tex/latex/tools/longtable.sty)
(/usr/share/texlive/texmf-dist/tex/latex/algorithms/algorithm.sty
(/usr/share/texlive/texmf-dist/tex/latex/float/float.sty)
(/usr/share/texlive/texmf-dist/tex/latex/base/ifthen.sty))
(/usr/share/texlive/texmf-dist/tex/latex/algorithmicx/algpseudocode.sty
(/usr/share/texlive/texmf-dist/tex/latex/algorithmicx/algorithmicx.sty
Document Style algorithmicx 1.2 - a greatly improved `algorithmic' style
)
Document Style - pseudocode environments for use with the `algorithmicx' style
) (/usr/share/texlive/texmf-dist/tex/latex/enumitem/enumitem.sty)
(/usr/share/texlive/texmf-dist/tex/latex/base/fontenc.sty)
(/usr/share/texlive/texmf-dist/tex/latex/psnfss/mathpazo.sty)
(/usr/share/texlive/texmf-dist/tex/latex/microtype/microtype.sty
(/usr/share/texlive/texmf-dist/tex/latex/microtype/microtype-pdftex.def)
(/usr/share/texlive/texmf-dist/tex/latex/microtype/microtype.cfg))
(/usr/share/texlive/texmf-dist/tex/latex/needspace/needspace.sty)
(/usr/share/texlive/texmf-dist/tex/latex/hyperref/hyperref.sty
(/usr/share/texlive/texmf-dist/tex/generic/iftex/iftex.sty)
(/usr/share/texlive/texmf-dist/tex/latex/kvsetkeys/kvsetkeys.sty)
(/usr/share/texlive/texmf-dist/tex/generic/kvdefinekeys/kvdefinekeys.sty)
(/usr/share/texlive/texmf-dist/tex/generic/pdfescape/pdfescape.sty
(/usr/share/texlive/texmf-dist/tex/generic/ltxcmds/ltxcmds.sty)
(/usr/share/texlive/texmf-dist/tex/generic/pdftexcmds/pdftexcmds.sty
(/usr/share/texlive/texmf-dist/tex/generic/infwarerr/infwarerr.sty)))
(/usr/share/texlive/texmf-dist/tex/latex/hycolor/hycolor.sty)
(/usr/share/texlive/texmf-dist/tex/latex/auxhook/auxhook.sty)
(/usr/share/texlive/texmf-dist/tex/latex/hyperref/nameref.sty
(/usr/share/texlive/texmf-dist/tex/latex/refcount/refcount.sty)
(/usr/share/texlive/texmf-dist/tex/generic/gettitlestring/gettitlestring.sty
(/usr/share/texlive/texmf-dist/tex/latex/kvoptions/kvoptions.sty)))
(/usr/share/texlive/texmf-dist/tex/latex/hyperref/pd1enc.def)
(/usr/share/texlive/texmf-dist/tex/generic/intcalc/intcalc.sty)
(/usr/share/texlive/texmf-dist/tex/latex/hyperref/puenc.def)
(/usr/share/texlive/texmf-dist/tex/generic/bitset/bitset.sty
(/usr/share/texlive/texmf-dist/tex/generic/bigintcalc/bigintcalc.sty))
(/usr/share/texlive/texmf-dist/tex/latex/base/atbegshi-ltx.sty))
(/usr/share/texlive/texmf-dist/tex/latex/hyperref/hpdftex.def
(/usr/share/texlive/texmf-dist/tex/latex/base/atveryend-ltx.sty)
(/usr/share/texlive/texmf-dist/tex/latex/rerunfilecheck/rerunfilecheck.sty
(/usr/share/texlive/texmf-dist/tex/generic/uniquecounter/uniquecounter.sty)))
(/usr/share/texlive/texmf-dist/tex/latex/psnfss/t1pcr.fd)
(/usr/share/texlive/texmf-dist/tex/latex/hyperref/backref.sty)
(/usr/share/texlive/texmf-dist/tex/latex/psnfss/t1ppl.fd)
(/usr/share/texlive/texmf-dist/tex/latex/l3backend/l3backend-pdftex.def)

LaTeX Warning: Unused global option(s):
    [nameyear].

No file supp.aux.
(/usr/share/texlive/texmf-dist/tex/context/base/mkii/supp-pdf.mkii
[Loading MPS to PDF converter (version 2006.09.02).]
) (/usr/share/texlive/texmf-dist/tex/latex/epstopdf-pkg/epstopdf-base.sty
(/usr/share/texlive/texmf-dist/tex/latex/latexconfig/epstopdf-sys.cfg))
(/usr/share/texlive/texmf-dist/tex/latex/microtype/mt-ppl.cfg)
(/usr/share/texlive/texmf-dist/tex/latex/graphics/color.sty
(/usr/share/texlive/texmf-dist/tex/latex/graphics-cfg/color.cfg)
(/usr/share/texlive/texmf-dist/tex/latex/graphics/mathcolor.ltx))
(./revisions/2026-10-05-r19-integrated/manuscript/decision_proofs.tex
(/usr/share/texlive/texmf-dist/tex/latex/psnfss/ot1ppl.fd)
(/usr/share/texlive/texmf-dist/tex/latex/psnfss/omlzplm.fd)
(/usr/share/texlive/texmf-dist/tex/latex/psnfss/omszplm.fd)
(/usr/share/texlive/texmf-dist/tex/latex/psnfss/omxzplm.fd)
(/usr/share/texlive/texmf-dist/tex/latex/microtype/mt-msa.cfg)
(/usr/share/texlive/texmf-dist/tex/latex/microtype/mt-msb.cfg)
(/usr/share/texlive/texmf-dist/tex/latex/microtype/mt-cmr.cfg)
(/usr/share/texlive/texmf-dist/tex/latex/psnfss/ot1zplm.fd)
(/usr/share/texlive/texmf-dist/tex/latex/psnfss/ufplmbb.fd) [1
Non-PDF special ignored!
<special> papersize=614.295pt,794.96999pt
{/var/lib/texmf/fonts/map/pdftex/updmap/pdftex.map}{/usr/share/texlive/texmf-di
st/fonts/enc/dvips/base/8r.enc}]

LaTeX Font Warning: Font shape `T1/ppl/m/uc' undefined
(Font)              using `T1/ppl/m/n' instead on input line 99.


LaTeX Font Warning: Font shape `T1/ppl/m/up' undefined
(Font)              using `T1/ppl/m/n' instead on input line 99.

[2] [3]
Underfull \vbox (badness 3229) has occurred while \output is active [4]
[5] [6]) (./revisions/2026-10-05-r21/manuscript/composition_main.tex [7]

LaTeX Warning: Reference `app:r21proofs' on page 8 undefined on input line 54.


LaTeX Warning: Reference `eq:r21uniform' on page 8 undefined on input line 56.

[8]

LaTeX Warning: Reference `eq:r21uniform' on page 9 undefined on input line 68.


LaTeX Warning: Reference `eq:r21envelope' on page 9 undefined on input line 70.



Package hyperref Warning: Difference (3) between bookmark levels is greater 
(hyperref)                than one, level fixed on input line 74.


LaTeX Warning: Reference `eq:r21composition' on page 9 undefined on input line 
77.

[9]

Package natbib Warning: Citation `MunosSzepesvari2008' on page 10 undefined on 
input line 130.

) (./revisions/2026-10-05-r21/manuscript/composition_proofs.tex

LaTeX Warning: Reference `thm:r21composition' on page 10 undefined on input lin
e 2.

[10]

LaTeX Warning: Reference `eq:r21composition' on page 11 undefined on input line
 11.


Package hyperref Warning: Difference (3) between bookmark levels is greater 
(hyperref)                than one, level fixed on input line 28.


LaTeX Warning: Reference `eq:r21uniform' on page 11 undefined on input line 33.



LaTeX Warning: Reference `eq:r21envelope' on page 11 undefined on input line 34
.


LaTeX Warning: Reference `eq:r21bridge' on page 11 undefined on input line 38.


LaTeX Warning: Reference `thm:r21composition' on page 11 undefined on input lin
e 47.

[11]

LaTeX Warning: Reference `prop:r21allocation' on page 12 undefined on input lin
e 56.

[12]) (./revisions/2026-10-05-r23/manuscript/full_policy_proofs.tex

LaTeX Warning: Reference `sec:r23policy' on page 13 undefined on input line 3.

[13]
Underfull \hbox (badness 3668) in paragraph at lines 13--17
\T1/ppl/m/up/12 (+20) Since $\OML/zplm/m/it/12 H[] \OMS/zplm/m/n/12 ^^_ \OT1/pp
l/m/n/12 (+20) 0$\T1/ppl/m/up/12 (+20) , the min-i-mum over the en-tire space $
\U/fplmbb/m/n/12 R[]$ \T1/ppl/m/up/12 (+20) oc-curs at $\OML/zplm/m/it/12 u[] \
OT1/zplm/m/n/12 =

LaTeX Warning: Reference `eq:r23eta' on page 14 undefined on input line 22.

[14]

LaTeX Warning: Reference `eq:r23implh' on page 15 undefined on input line 95.


LaTeX Warning: Reference `eq:r23implallow' on page 15 undefined on input line 1
00.

[15]) (./revisions/2026-10-06-r27/manuscript/entropic_proofs.tex [16]

LaTeX Warning: Reference `eq:r27gaussian' on page 17 undefined on input line 16
.


LaTeX Warning: Reference `thm:r27entropic' on page 17 undefined on input line 3
4.

[17]

LaTeX Warning: Reference `lem:r27riskderivative' on page 18 undefined on input 
line 50.


LaTeX Warning: Reference `eq:r27riskenvelope' on page 18 undefined on input lin
e 58.


LaTeX Warning: Reference `eq:r27riskgap' on page 18 undefined on input line 68.



LaTeX Warning: Reference `lem:r27riskderivative' on page 18 undefined on input 
line 95.


LaTeX Warning: Reference `thm:r27entropic' on page 18 undefined on input line 1
06.

[18]

Package hyperref Warning: Difference (3) between bookmark levels is greater 
(hyperref)                than one, level fixed on input line 112.


Package hyperref Warning: Difference (2) between bookmark levels is greater 
(hyperref)                than one, level fixed on input line 124.

) (./revisions/2026-10-06-r31/manuscript/constructive_proofs.tex [19]

LaTeX Warning: Reference `prop:r31tube' on page 20 undefined on input line 26.


LaTeX Warning: Reference `eq:r31tube' on page 20 undefined on input line 37.


LaTeX Warning: Reference `eq:r31defect' on page 20 undefined on input line 45.


LaTeX Warning: Reference `eq:r31training' on page 20 undefined on input line 53
.

[20]

LaTeX Warning: Reference `eq:r31cap' on page 21 undefined on input line 79.


LaTeX Warning: Reference `thm:r31constructive' on page 21 undefined on input li
ne 83.

[21]

LaTeX Warning: Reference `eq:r27riskenvelope' on page 22 undefined on input lin
e 121.


LaTeX Warning: Reference `thm:r27entropic' on page 22 undefined on input line 1
36.


LaTeX Warning: Reference `eq:r31allocate' on page 22 undefined on input line 13
7.


LaTeX Warning: Reference `eq:r31constructivegap' on page 22 undefined on input 
line 137.

) (./revisions/2026-10-07-r37/manuscript/curvature.tex [22] [23]

LaTeX Warning: Reference `thm:r31constructive' on page 24 undefined on input li
ne 50.


LaTeX Warning: Reference `thm:r32geometry' on page 24 undefined on input line 7
7.


LaTeX Warning: Reference `prop:r31tube' on page 24 undefined on input line 85.

[24]

LaTeX Warning: Reference `eq:r32inexact' on page 25 undefined on input line 92.



LaTeX Warning: Reference `thm:r27entropic' on page 25 undefined on input line 1
06.


LaTeX Warning: Reference `eq:r32terminal' on page 25 undefined on input line 12
2.

[25]) (./revisions/2026-10-06-r33/manuscript/warm_start.tex

LaTeX Warning: Reference `sec:r31constructive' on page 26 undefined on input li
ne 7.


Underfull \vbox (badness 4792) has occurred while \output is active [26]

LaTeX Warning: Reference `eq:r33update' on page 27 undefined on input line 33.


LaTeX Warning: Reference `sec:r33proofs' on page 27 undefined on input line 45.


[27]

LaTeX Warning: Reference `thm:r33warm' on page 28 undefined on input line 71.


LaTeX Warning: Reference `prop:r31tube' on page 28 undefined on input line 77.


LaTeX Warning: Reference `thm:r27entropic' on page 28 undefined on input line 9
1.

[28]) (./revisions/2026-10-06-r33/manuscript/warm_start_proofs.tex [29]

LaTeX Warning: Reference `eq:r33noise' on page 30 undefined on input line 24.


LaTeX Warning: Reference `eq:r33envelope' on page 30 undefined on input line 43
.


LaTeX Warning: Reference `eq:r33cap' on page 30 undefined on input line 44.


LaTeX Warning: Reference `eq:r33gate' on page 30 undefined on input line 48.


LaTeX Warning: Reference `eq:r33eval' on page 30 undefined on input line 50.


LaTeX Warning: Reference `eq:r33policy' on page 30 undefined on input line 56.


LaTeX Warning: Reference `thm:r27entropic' on page 30 undefined on input line 5
8.

[30]) (./revisions/2026-10-06-r34/manuscript/robust_policy_proofs.tex

LaTeX Warning: Reference `eq:r34mixed' on page 31 undefined on input line 11.

[31]

LaTeX Warning: Reference `eq:r34mixed' on page 32 undefined on input line 35.


LaTeX Warning: Reference `thm:r27entropic' on page 32 undefined on input line 5
0.


LaTeX Warning: Reference `eq:r34policybound' on page 32 undefined on input line
 65.

[32]

LaTeX Warning: Reference `eq:r34accept' on page 33 undefined on input line 80.


LaTeX Warning: Reference `thm:r33warm' on page 33 undefined on input line 84.


LaTeX Warning: Reference `sec:r31proofs' on page 33 undefined on input line 90.



LaTeX Warning: Reference `cor:r34finite' on page 33 undefined on input line 96.


) (./revisions/2026-10-07-r37/manuscript/precision_proofs.tex

LaTeX Warning: Reference `thm:r37precision' on page 33 undefined on input line 
2.


LaTeX Warning: Reference `eq:r37update' on page 33 undefined on input line 4.

[33]

LaTeX Warning: Reference `eq:r37double' on page 34 undefined on input line 27.


LaTeX Warning: Reference `eq:r37cap' on page 34 undefined on input line 28.


LaTeX Warning: Reference `eq:r37bitaccount' on page 34 undefined on input line 
48.

[34]

LaTeX Warning: Reference `cor:r37policy' on page 35 undefined on input line 75.



LaTeX Warning: Reference `thm:r34robust' on page 35 undefined on input line 88.


)
No file supp.bbl.

Package natbib Warning: There were undefined citations.

[35] (/tmp/nbo-r37-publication/revisions/2026-10-07-r37/build/supp.aux)

LaTeX Font Warning: Some font shapes were not available, defaults substituted.


LaTeX Warning: There were undefined references.


LaTeX Warning: Label(s) may have changed. Rerun to get cross-references right.


Package rerunfilecheck Warning: File `supp.out' has changed.
(rerunfilecheck)                Rerun to get outlines right
(rerunfilecheck)                or use package `bookmark'.

 )
(see the transcript file for additional information)</usr/share/texlive/texmf-d
ist/fonts/type1/public/amsfonts/cm/cmbx12.pfb></usr/share/texlive/texmf-dist/fo
nts/type1/public/amsfonts/cm/cmex10.pfb></usr/share/texlive/texmf-dist/fonts/ty
pe1/public/amsfonts/cm/cmmi10.pfb></usr/share/texlive/texmf-dist/fonts/type1/pu
blic/amsfonts/cm/cmr10.pfb></usr/share/texlive/texmf-dist/fonts/type1/public/am
sfonts/cm/cmss9.pfb></usr/share/texlive/texmf-dist/fonts/type1/public/amsfonts/
cm/cmsy10.pfb></usr/share/texlive/texmf-dist/fonts/type1/public/mathpazo/fplmbb
.pfb></usr/share/texlive/texmf-dist/fonts/type1/public/mathpazo/fplmr.pfb></usr
/share/texlive/texmf-dist/fonts/type1/public/mathpazo/fplmri.pfb></usr/share/te
xlive/texmf-dist/fonts/type1/public/amsfonts/symbols/msam10.pfb></usr/share/tex
live/texmf-dist/fonts/type1/urw/courier/ucrr8a.pfb></usr/share/texlive/texmf-di
st/fonts/type1/urw/palatino/uplb8a.pfb></usr/share/texlive/texmf-dist/fonts/typ
e1/urw/palatino/uplr8a.pfb></usr/share/texlive/texmf-dist/fonts/type1/urw/palat
ino/uplri8a.pfb>
Output written on /tmp/nbo-r37-publication/revisions/2026-10-07-r37/build/supp.
pdf (35 pages, 272580 bytes).
Transcript written on /tmp/nbo-r37-publication/revisions/2026-10-07-r37/build/s
upp.log.
