{
  "status": "passed",
  "documents": [
    {
      "document": "ECTA",
      "pages": 42,
      "sha256": "4045093bd122e1997fe5eff22cf7e8b933d379494569d2041a5addb664459e57",
      "text_sha256": "b1daaf6abd15f9cc88b2f153f70477bd3ecbc1dc4c0c4080ff77a43091162f06",
      "checks": {
        "undefined": [],
        "duplicates": [],
        "missing_glyphs": [],
        "overfull": [],
        "fatal": []
      },
      "font_substitution_warnings": [
        "Font shape `T1/ppl/m/uc' undefined",
        "Font shape `T1/ppl/m/up' undefined"
      ]
    },
    {
      "document": "supp",
      "pages": 14,
      "sha256": "ef26cc80d690e41ff96b7d81ffd3d26cc39dd80d3b878a1ca196df3112627bb1",
      "text_sha256": "968fb29850ef32d0ba68be8e63496dbff278a4cd7e507580b3586c8c7f105835",
      "checks": {
        "undefined": [],
        "duplicates": [],
        "missing_glyphs": [],
        "overfull": [],
        "fatal": []
      },
      "font_substitution_warnings": [
        "Font shape `T1/ppl/m/uc' undefined",
        "Font shape `T1/ppl/m/up' undefined"
      ]
    },
    {
      "document": "response",
      "pages": 9,
      "sha256": "3ec21c94f9f163ec5b090386c7ebe3a120916759c714d4f2dca6a23fdf9cd708",
      "text_sha256": "5b8e4e739f2f233969e9c919d74ec1fd775f7c52c21ee08c2f2e7133ac924ca2",
      "checks": {
        "undefined": [],
        "duplicates": [],
        "missing_glyphs": [],
        "overfull": [],
        "fatal": []
      },
      "font_substitution_warnings": [
        "Font shape `T1/ppl/m/uc' undefined",
        "Font shape `T1/ppl/m/up' undefined"
      ]
    },
    {
      "document": "development62",
      "pages": 106,
      "sha256": "40e3434a03db4b952d6c36cd32564e49e155f5bce6ecd0c91901b470c0af6427",
      "text_sha256": "74a8a24b044d1f5b53ec787895067d2824762895f0633150b38c41ad4103eabf",
      "checks": {
        "undefined": [],
        "duplicates": [],
        "missing_glyphs": [],
        "overfull": [],
        "fatal": []
      },
      "font_substitution_warnings": [
        "Font shape `T1/ppl/m/uc' undefined",
        "Font shape `T1/ppl/m/up' undefined"
      ]
    },
    {
      "document": "development-supp62",
      "pages": 69,
      "sha256": "07cc7d5e92c6908cbb6ae196e60a45d8eb7971ff88c192a99e99b3d901a6dedf",
      "text_sha256": "a566b89c13f3634b5b0913fa89043b46764d506d9e21eda3a6c83ec199b107d3",
      "checks": {
        "undefined": [],
        "duplicates": [],
        "missing_glyphs": [],
        "overfull": [],
        "fatal": []
      },
      "font_substitution_warnings": [
        "Font shape `T1/ppl/m/uc' undefined",
        "Font shape `T1/ppl/m/up' undefined"
      ]
    },
    {
      "document": "complete62",
      "pages": 216,
      "sha256": "370489518543643b5a521529af196e0f9970704bcf123bb4e20454b459265a82",
      "text_sha256": "26845738cfbbd87085fe2132b1baf71a020f4d812b7bfda6b5b318e74039ed9d",
      "checks": {
        "undefined": [],
        "duplicates": [],
        "missing_glyphs": [],
        "overfull": [],
        "fatal": []
      },
      "font_substitution_warnings": [
        "Font shape `T1/ppl/m/uc' undefined",
        "Font shape `T1/ppl/m/up' undefined",
        "Font shape `T1/ppl/m/scit' undefined",
        "Font shape `T1/ppl/m/scit' undefined",
        "Font shape `T1/ppl/m/scit' undefined",
        "Font shape `T1/ppl/m/scit' undefined",
        "Font shape `T1/ppl/m/scit' undefined",
        "Font shape `T1/ppl/m/scit' undefined",
        "Font shape `T1/ppl/m/scit' undefined",
        "Font shape `T1/ppl/m/scit' undefined",
        "Font shape `T1/ppl/m/scit' undefined",
        "Font shape `T1/ppl/m/scit' undefined",
        "Font shape `T1/ppl/m/scit' undefined",
        "Font shape `T1/ppl/m/scit' undefined",
        "Font shape `T1/ppl/m/scit' undefined",
        "Font shape `T1/ppl/m/scit' undefined",
        "Font shape `T1/ppl/m/scit' undefined",
        "Font shape `T1/ppl/m/scit' undefined",
        "Font shape `T1/ppl/m/scit' undefined",
        "Font shape `T1/ppl/m/scit' undefined",
        "Font shape `T1/ppl/m/scit' undefined",
        "Font shape `T1/ppl/m/scit' undefined",
        "Font shape `T1/ppl/m/scit' undefined",
        "Font shape `T1/ppl/m/scit' undefined",
        "Font shape `T1/ppl/m/scit' undefined",
        "Font shape `T1/ppl/m/scit' undefined",
        "Font shape `T1/ppl/m/scit' undefined",
        "Font shape `T1/ppl/m/scit' undefined",
        "Font shape `T1/ppl/m/scit' undefined",
        "Font shape `T1/ppl/m/scit' undefined",
        "Font shape `T1/ppl/m/scit' undefined",
        "Font shape `T1/ppl/m/scit' undefined",
        "Font shape `T1/ppl/m/scit' undefined",
        "Font shape `T1/ppl/m/scit' undefined",
        "Font shape `T1/ppl/m/scit' undefined",
        "Font shape `T1/ppl/m/scit' undefined",
        "Font shape `T1/ppl/m/scit' undefined",
        "Font shape `T1/ppl/m/scit' undefined",
        "Font shape `T1/ppl/m/scit' undefined",
        "Font shape `T1/ppl/m/scit' undefined",
        "Font shape `T1/ppl/m/scit' undefined",
        "Font shape `T1/ppl/m/scit' undefined",
        "Font shape `T1/ppl/m/scit' undefined",
        "Font shape `T1/ppl/m/scit' undefined",
        "Font shape `T1/ppl/m/scit' undefined",
        "Font shape `T1/ppl/m/scit' undefined",
        "Font shape `T1/ppl/m/scit' undefined",
        "Font shape `T1/ppl/m/scit' undefined",
        "Font shape `T1/ppl/m/scit' undefined",
        "Font shape `T1/ppl/m/scit' undefined",
        "Font shape `T1/ppl/m/scit' undefined",
        "Font shape `T1/ppl/m/scit' undefined",
        "Font shape `T1/ppl/m/scit' undefined",
        "Font shape `T1/ppl/m/scit' undefined",
        "Font shape `T1/ppl/m/scit' undefined",
        "Font shape `T1/ppl/m/scit' undefined",
        "Font shape `T1/ppl/m/scit' undefined",
        "Font shape `T1/ppl/m/scit' undefined",
        "Font shape `T1/ppl/m/scit' undefined",
        "Font shape `T1/ppl/m/scit' undefined",
        "Font shape `T1/ppl/m/scit' undefined",
        "Font shape `T1/ppl/m/scit' undefined",
        "Font shape `T1/ppl/m/scit' undefined",
        "Font shape `T1/ppl/m/scit' undefined",
        "Font shape `T1/ppl/m/scit' undefined",
        "Font shape `T1/ppl/m/scit' undefined",
        "Font shape `T1/ppl/m/scit' undefined",
        "Font shape `T1/ppl/m/scit' undefined",
        "Font shape `T1/ppl/m/scit' undefined",
        "Font shape `T1/ppl/m/scit' undefined",
        "Font shape `T1/ppl/m/scit' undefined",
        "Font shape `T1/ppl/m/scit' undefined",
        "Font shape `T1/ppl/m/scit' undefined",
        "Font shape `T1/ppl/m/scit' undefined",
        "Font shape `T1/ppl/m/scit' undefined",
        "Font shape `T1/ppl/m/scit' undefined",
        "Font shape `T1/ppl/m/scit' undefined",
        "Font shape `T1/ppl/m/scit' undefined",
        "Font shape `T1/ppl/m/scit' undefined",
        "Font shape `T1/ppl/m/scit' undefined",
        "Font shape `T1/ppl/m/scit' undefined"
      ]
    },
    {
      "document": "complete-supp62",
      "pages": 175,
      "sha256": "618b1cb093ef3c87ab5b91a7cbd8d600ae009b467912d649ca3540a0d2c4ec0d",
      "text_sha256": "7e29a1c56e9353f6feb29910ed5022b790821cfa628f6d9e33d3fa6ff9044ba0",
      "checks": {
        "undefined": [],
        "duplicates": [],
        "missing_glyphs": [],
        "overfull": [],
        "fatal": []
      },
      "font_substitution_warnings": [
        "Font shape `T1/ppl/m/uc' undefined",
        "Font shape `T1/ppl/m/up' undefined"
      ]
    }
  ],
  "preservation": {
    "files": 378,
    "distinct_labels": 760
  },
  "tests": {
    "counts": {
      "63": 24,
      "64": 17,
      "65": 22
    },
    "status": "passed",
    "total": 63
  },
  "record_audit_sha256": "ad5e9d508d2aa74e10831e6267c36a1b0d213c54508d80ca94249060e072ec80",
  "seconds": 25.649720546000026,
  "new_training_runs": 0,
  "new_independent_continuous_law_observations": 0,
  "scope": "Ordinary source publication; complete frozen-record replay and independent rational trajectories; no formal proof-checker or external acceptance claim.",
  "typography": "Compilation and extracted text; visual page inspection has its own separate record."
}
