verified 63 d2-T2-e32-adaptive-s0-r0
verified 63 d2-T2-e32-adaptive-s0-r1
verified 63 d2-T2-e32-bisection-s0-r0
verified 63 d2-T2-e32-bisection-s0-r1
verified 63 d2-T2-e32-relu-s6301-r0
verified 63 d2-T2-e32-relu-s6301-r1
verified 63 d2-T2-e32-relu-s6302-r0
verified 63 d2-T2-e32-relu-s6302-r1
verified 63 d2-T2-e32-quadratic-s6301-r0
verified 63 d2-T2-e32-quadratic-s6301-r1
verified 63 d2-T2-e32-quadratic-s6302-r0
verified 63 d2-T2-e32-quadratic-s6302-r1
verified 63 d2-T2-e128-adaptive-s0-r0
verified 63 d2-T2-e128-adaptive-s0-r1
verified 63 d2-T2-e128-bisection-s0-r0
verified 63 d2-T2-e128-bisection-s0-r1
verified 63 d2-T2-e128-relu-s6301-r0
verified 63 d2-T2-e128-relu-s6301-r1
verified 63 d2-T2-e128-relu-s6302-r0
verified 63 d2-T2-e128-relu-s6302-r1
verified 63 d2-T2-e128-quadratic-s6301-r0
verified 63 d2-T2-e128-quadratic-s6301-r1
verified 63 d2-T2-e128-quadratic-s6302-r0
verified 63 d2-T2-e128-quadratic-s6302-r1
verified 63 d8-T2-e32-adaptive-s0-r0
verified 63 d8-T2-e32-adaptive-s0-r1
verified 63 d8-T2-e32-bisection-s0-r0
verified 63 d8-T2-e32-bisection-s0-r1
verified 63 d8-T2-e32-relu-s6301-r0
verified 63 d8-T2-e32-relu-s6301-r1
verified 63 d8-T2-e32-relu-s6302-r0
verified 63 d8-T2-e32-relu-s6302-r1
verified 63 d8-T2-e32-quadratic-s6301-r0
verified 63 d8-T2-e32-quadratic-s6301-r1
verified 63 d8-T2-e32-quadratic-s6302-r0
verified 63 d8-T2-e32-quadratic-s6302-r1
verified 63 d8-T2-e128-adaptive-s0-r0
verified 63 d8-T2-e128-adaptive-s0-r1
verified 63 d8-T2-e128-bisection-s0-r0
verified 63 d8-T2-e128-bisection-s0-r1
verified 63 d8-T2-e128-relu-s6301-r0
verified 63 d8-T2-e128-relu-s6301-r1
verified 63 d8-T2-e128-relu-s6302-r0
verified 63 d8-T2-e128-relu-s6302-r1
verified 63 d8-T2-e128-quadratic-s6301-r0
verified 63 d8-T2-e128-quadratic-s6301-r1
verified 63 d8-T2-e128-quadratic-s6302-r0
verified 63 d8-T2-e128-quadratic-s6302-r1
verified 63 d16-T2-e32-adaptive-s0-r0
verified 63 d16-T2-e32-adaptive-s0-r1
verified 63 d16-T2-e32-bisection-s0-r0
verified 63 d16-T2-e32-bisection-s0-r1
verified 63 d16-T2-e32-relu-s6301-r0
verified 63 d16-T2-e32-relu-s6301-r1
verified 63 d16-T2-e32-relu-s6302-r0
verified 63 d16-T2-e32-relu-s6302-r1
verified 63 d16-T2-e32-quadratic-s6301-r0
verified 63 d16-T2-e32-quadratic-s6301-r1
verified 63 d16-T2-e32-quadratic-s6302-r0
verified 63 d16-T2-e32-quadratic-s6302-r1
verified 63 d16-T2-e128-adaptive-s0-r0
verified 63 d16-T2-e128-adaptive-s0-r1
verified 63 d16-T2-e128-bisection-s0-r0
verified 63 d16-T2-e128-bisection-s0-r1
verified 63 d16-T2-e128-relu-s6301-r0
verified 63 d16-T2-e128-relu-s6301-r1
verified 63 d16-T2-e128-relu-s6302-r0
verified 63 d16-T2-e128-relu-s6302-r1
verified 63 d16-T2-e128-quadratic-s6301-r0
verified 63 d16-T2-e128-quadratic-s6301-r1
verified 63 d16-T2-e128-quadratic-s6302-r0
verified 63 d16-T2-e128-quadratic-s6302-r1
verified 63 d8-T3-e32-adaptive-s0-r0
verified 63 d8-T3-e32-adaptive-s0-r1
verified 63 d8-T3-e32-bisection-s0-r0
verified 63 d8-T3-e32-bisection-s0-r1
verified 63 d8-T3-e32-relu-s6301-r0
verified 63 d8-T3-e32-relu-s6301-r1
verified 63 d8-T3-e32-relu-s6302-r0
verified 63 d8-T3-e32-relu-s6302-r1
verified 63 d8-T3-e32-quadratic-s6301-r0
verified 63 d8-T3-e32-quadratic-s6301-r1
verified 63 d8-T3-e32-quadratic-s6302-r0
verified 63 d8-T3-e32-quadratic-s6302-r1
verified 63 d8-T3-e128-adaptive-s0-r0
verified 63 d8-T3-e128-adaptive-s0-r1
verified 63 d8-T3-e128-bisection-s0-r0
verified 63 d8-T3-e128-bisection-s0-r1
verified 63 d8-T3-e128-relu-s6301-r0
verified 63 d8-T3-e128-relu-s6301-r1
verified 63 d8-T3-e128-relu-s6302-r0
verified 63 d8-T3-e128-relu-s6302-r1
verified 63 d8-T3-e128-quadratic-s6301-r0
verified 63 d8-T3-e128-quadratic-s6301-r1
verified 63 d8-T3-e128-quadratic-s6302-r0
verified 63 d8-T3-e128-quadratic-s6302-r1
verified 64 d2-T2-e32-adaptive-s0-r0
verified 64 d2-T2-e32-adaptive-s0-r1
verified 64 d2-T2-e32-bisection-s0-r0
verified 64 d2-T2-e32-bisection-s0-r1
verified 64 d2-T2-e32-relu-insert-s6401-r0
verified 64 d2-T2-e32-relu-insert-s6401-r1
verified 64 d2-T2-e32-relu-insert-s6402-r0
verified 64 d2-T2-e32-relu-insert-s6402-r1
verified 64 d2-T2-e32-relu-route-s6401-r0
verified 64 d2-T2-e32-relu-route-s6401-r1
verified 64 d2-T2-e32-relu-route-s6402-r0
verified 64 d2-T2-e32-relu-route-s6402-r1
verified 64 d2-T2-e32-quadratic-insert-s6401-r0
verified 64 d2-T2-e32-quadratic-insert-s6401-r1
verified 64 d2-T2-e32-quadratic-insert-s6402-r0
verified 64 d2-T2-e32-quadratic-insert-s6402-r1
verified 64 d2-T2-e32-quadratic-route-s6401-r0
verified 64 d2-T2-e32-quadratic-route-s6401-r1
verified 64 d2-T2-e32-quadratic-route-s6402-r0
verified 64 d2-T2-e32-quadratic-route-s6402-r1
verified 64 d2-T2-e128-adaptive-s0-r0
verified 64 d2-T2-e128-adaptive-s0-r1
verified 64 d2-T2-e128-bisection-s0-r0
verified 64 d2-T2-e128-bisection-s0-r1
verified 64 d2-T2-e128-relu-insert-s6401-r0
verified 64 d2-T2-e128-relu-insert-s6401-r1
verified 64 d2-T2-e128-relu-insert-s6402-r0
verified 64 d2-T2-e128-relu-insert-s6402-r1
verified 64 d2-T2-e128-relu-route-s6401-r0
verified 64 d2-T2-e128-relu-route-s6401-r1
verified 64 d2-T2-e128-relu-route-s6402-r0
verified 64 d2-T2-e128-relu-route-s6402-r1
verified 64 d2-T2-e128-quadratic-insert-s6401-r0
verified 64 d2-T2-e128-quadratic-insert-s6401-r1
verified 64 d2-T2-e128-quadratic-insert-s6402-r0
verified 64 d2-T2-e128-quadratic-insert-s6402-r1
verified 64 d2-T2-e128-quadratic-route-s6401-r0
verified 64 d2-T2-e128-quadratic-route-s6401-r1
verified 64 d2-T2-e128-quadratic-route-s6402-r0
verified 64 d2-T2-e128-quadratic-route-s6402-r1
verified 64 d8-T2-e32-adaptive-s0-r0
verified 64 d8-T2-e32-adaptive-s0-r1
verified 64 d8-T2-e32-bisection-s0-r0
verified 64 d8-T2-e32-bisection-s0-r1
verified 64 d8-T2-e32-relu-insert-s6401-r0
verified 64 d8-T2-e32-relu-insert-s6401-r1
verified 64 d8-T2-e32-relu-insert-s6402-r0
verified 64 d8-T2-e32-relu-insert-s6402-r1
verified 64 d8-T2-e32-relu-route-s6401-r0
verified 64 d8-T2-e32-relu-route-s6401-r1
verified 64 d8-T2-e32-relu-route-s6402-r0
verified 64 d8-T2-e32-relu-route-s6402-r1
verified 64 d8-T2-e32-quadratic-insert-s6401-r0
verified 64 d8-T2-e32-quadratic-insert-s6401-r1
verified 64 d8-T2-e32-quadratic-insert-s6402-r0
verified 64 d8-T2-e32-quadratic-insert-s6402-r1
verified 64 d8-T2-e32-quadratic-route-s6401-r0
verified 64 d8-T2-e32-quadratic-route-s6401-r1
verified 64 d8-T2-e32-quadratic-route-s6402-r0
verified 64 d8-T2-e32-quadratic-route-s6402-r1
verified 64 d8-T2-e128-adaptive-s0-r0
verified 64 d8-T2-e128-adaptive-s0-r1
verified 64 d8-T2-e128-bisection-s0-r0
verified 64 d8-T2-e128-bisection-s0-r1
verified 64 d8-T2-e128-relu-insert-s6401-r0
verified 64 d8-T2-e128-relu-insert-s6401-r1
verified 64 d8-T2-e128-relu-insert-s6402-r0
verified 64 d8-T2-e128-relu-insert-s6402-r1
verified 64 d8-T2-e128-relu-route-s6401-r0
verified 64 d8-T2-e128-relu-route-s6401-r1
verified 64 d8-T2-e128-relu-route-s6402-r0
verified 64 d8-T2-e128-relu-route-s6402-r1
verified 64 d8-T2-e128-quadratic-insert-s6401-r0
verified 64 d8-T2-e128-quadratic-insert-s6401-r1
verified 64 d8-T2-e128-quadratic-insert-s6402-r0
verified 64 d8-T2-e128-quadratic-insert-s6402-r1
verified 64 d8-T2-e128-quadratic-route-s6401-r0
verified 64 d8-T2-e128-quadratic-route-s6401-r1
verified 64 d8-T2-e128-quadratic-route-s6402-r0
verified 64 d8-T2-e128-quadratic-route-s6402-r1
verified 64 d16-T2-e32-adaptive-s0-r0
verified 64 d16-T2-e32-adaptive-s0-r1
verified 64 d16-T2-e32-bisection-s0-r0
verified 64 d16-T2-e32-bisection-s0-r1
verified 64 d16-T2-e32-relu-insert-s6401-r0
verified 64 d16-T2-e32-relu-insert-s6401-r1
verified 64 d16-T2-e32-relu-insert-s6402-r0
verified 64 d16-T2-e32-relu-insert-s6402-r1
verified 64 d16-T2-e32-relu-route-s6401-r0
verified 64 d16-T2-e32-relu-route-s6401-r1
verified 64 d16-T2-e32-relu-route-s6402-r0
verified 64 d16-T2-e32-relu-route-s6402-r1
verified 64 d16-T2-e32-quadratic-insert-s6401-r0
verified 64 d16-T2-e32-quadratic-insert-s6401-r1
verified 64 d16-T2-e32-quadratic-insert-s6402-r0
verified 64 d16-T2-e32-quadratic-insert-s6402-r1
verified 64 d16-T2-e32-quadratic-route-s6401-r0
verified 64 d16-T2-e32-quadratic-route-s6401-r1
verified 64 d16-T2-e32-quadratic-route-s6402-r0
verified 64 d16-T2-e32-quadratic-route-s6402-r1
verified 64 d16-T2-e128-adaptive-s0-r0
verified 64 d16-T2-e128-adaptive-s0-r1
verified 64 d16-T2-e128-bisection-s0-r0
verified 64 d16-T2-e128-bisection-s0-r1
verified 64 d16-T2-e128-relu-insert-s6401-r0
verified 64 d16-T2-e128-relu-insert-s6401-r1
verified 64 d16-T2-e128-relu-insert-s6402-r0
verified 64 d16-T2-e128-relu-insert-s6402-r1
verified 64 d16-T2-e128-relu-route-s6401-r0
verified 64 d16-T2-e128-relu-route-s6401-r1
verified 64 d16-T2-e128-relu-route-s6402-r0
verified 64 d16-T2-e128-relu-route-s6402-r1
verified 64 d16-T2-e128-quadratic-insert-s6401-r0
verified 64 d16-T2-e128-quadratic-insert-s6401-r1
verified 64 d16-T2-e128-quadratic-insert-s6402-r0
verified 64 d16-T2-e128-quadratic-insert-s6402-r1
verified 64 d16-T2-e128-quadratic-route-s6401-r0
verified 64 d16-T2-e128-quadratic-route-s6401-r1
verified 64 d16-T2-e128-quadratic-route-s6402-r0
verified 64 d16-T2-e128-quadratic-route-s6402-r1
verified 64 d8-T3-e32-adaptive-s0-r0
verified 64 d8-T3-e32-adaptive-s0-r1
verified 64 d8-T3-e32-bisection-s0-r0
verified 64 d8-T3-e32-bisection-s0-r1
verified 64 d8-T3-e32-relu-insert-s6401-r0
verified 64 d8-T3-e32-relu-insert-s6401-r1
verified 64 d8-T3-e32-relu-insert-s6402-r0
verified 64 d8-T3-e32-relu-insert-s6402-r1
verified 64 d8-T3-e32-relu-route-s6401-r0
verified 64 d8-T3-e32-relu-route-s6401-r1
verified 64 d8-T3-e32-relu-route-s6402-r0
verified 64 d8-T3-e32-relu-route-s6402-r1
verified 64 d8-T3-e32-quadratic-insert-s6401-r0
verified 64 d8-T3-e32-quadratic-insert-s6401-r1
verified 64 d8-T3-e32-quadratic-insert-s6402-r0
verified 64 d8-T3-e32-quadratic-insert-s6402-r1
verified 64 d8-T3-e32-quadratic-route-s6401-r0
verified 64 d8-T3-e32-quadratic-route-s6401-r1
verified 64 d8-T3-e32-quadratic-route-s6402-r0
verified 64 d8-T3-e32-quadratic-route-s6402-r1
verified 64 d8-T3-e128-adaptive-s0-r0
verified 64 d8-T3-e128-adaptive-s0-r1
verified 64 d8-T3-e128-bisection-s0-r0
verified 64 d8-T3-e128-bisection-s0-r1
verified 64 d8-T3-e128-relu-insert-s6401-r0
verified 64 d8-T3-e128-relu-insert-s6401-r1
verified 64 d8-T3-e128-relu-insert-s6402-r0
verified 64 d8-T3-e128-relu-insert-s6402-r1
verified 64 d8-T3-e128-relu-route-s6401-r0
verified 64 d8-T3-e128-relu-route-s6401-r1
verified 64 d8-T3-e128-relu-route-s6402-r0
verified 64 d8-T3-e128-relu-route-s6402-r1
verified 64 d8-T3-e128-quadratic-insert-s6401-r0
verified 64 d8-T3-e128-quadratic-insert-s6401-r1
verified 64 d8-T3-e128-quadratic-insert-s6402-r0
verified 64 d8-T3-e128-quadratic-insert-s6402-r1
verified 64 d8-T3-e128-quadratic-route-s6401-r0
verified 64 d8-T3-e128-quadratic-route-s6401-r1
verified 64 d8-T3-e128-quadratic-route-s6402-r0
verified 64 d8-T3-e128-quadratic-route-s6402-r1
{
  "groups": [
    {
      "d": 2,
      "T": 2,
      "N": 128,
      "target": "1/32",
      "methods": {
        "adaptive": {
          "services": 2,
          "median_wall": 0.2564068709999958,
          "min_wall": 0.2542070240000385,
          "max_wall": 0.25860671799995316,
          "min_queries": 1298,
          "max_queries": 1298,
          "median_queries": 1298.0,
          "max_rss_kib": 39512
        },
        "bisection": {
          "services": 2,
          "median_wall": 0.25191089100002273,
          "min_wall": 0.2515414090000263,
          "max_wall": 0.25228037300001915,
          "min_queries": 1310,
          "max_queries": 1310,
          "median_queries": 1310.0,
          "max_rss_kib": 39516
        },
        "relu-insert": {
          "services": 4,
          "median_wall": 0.650415170499997,
          "min_wall": 0.645205719000046,
          "max_wall": 0.7140525039999943,
          "min_queries": 1415,
          "max_queries": 1439,
          "median_queries": 1427.0,
          "max_rss_kib": 94464
        },
        "relu-route": {
          "services": 4,
          "median_wall": 0.6567015994999963,
          "min_wall": 0.6516923030000044,
          "max_wall": 0.6661795900000129,
          "min_queries": 1298,
          "max_queries": 1298,
          "median_queries": 1298.0,
          "max_rss_kib": 94384
        },
        "quadratic-insert": {
          "services": 4,
          "median_wall": 0.6135317895000014,
          "min_wall": 0.609707147999984,
          "max_wall": 0.6249910600000135,
          "min_queries": 1418,
          "max_queries": 1424,
          "median_queries": 1421.0,
          "max_rss_kib": 94508
        },
        "quadratic-route": {
          "services": 4,
          "median_wall": 0.614454975000001,
          "min_wall": 0.6098527550000199,
          "max_wall": 0.9453646649999996,
          "min_queries": 1295,
          "max_queries": 1295,
          "median_queries": 1295.0,
          "max_rss_kib": 94520
        }
      },
      "median_wall_winner": "bisection"
    },
    {
      "d": 2,
      "T": 2,
      "N": 128,
      "target": "1/128",
      "methods": {
        "adaptive": {
          "services": 2,
          "median_wall": 0.26987258599996267,
          "min_wall": 0.26978567799994835,
          "max_wall": 0.269959493999977,
          "min_queries": 2508,
          "max_queries": 2508,
          "median_queries": 2508.0,
          "max_rss_kib": 39772
        },
        "bisection": {
          "services": 2,
          "median_wall": 0.2817564554999876,
          "min_wall": 0.2805433419999872,
          "max_wall": 0.28296956899998804,
          "min_queries": 2658,
          "max_queries": 2658,
          "median_queries": 2658.0,
          "max_rss_kib": 39468
        },
        "relu-insert": {
          "services": 4,
          "median_wall": 0.6549514605000297,
          "min_wall": 0.6408107409999957,
          "max_wall": 0.6701590549999992,
          "min_queries": 2593,
          "max_queries": 2643,
          "median_queries": 2618.0,
          "max_rss_kib": 94344
        },
        "relu-route": {
          "services": 4,
          "median_wall": 0.65583452300001,
          "min_wall": 0.6492977389999623,
          "max_wall": 0.6603135619999989,
          "min_queries": 2428,
          "max_queries": 2438,
          "median_queries": 2433.0,
          "max_rss_kib": 94496
        },
        "quadratic-insert": {
          "services": 4,
          "median_wall": 0.6237578349999922,
          "min_wall": 0.6215332660000286,
          "max_wall": 0.6282796189999544,
          "min_queries": 2613,
          "max_queries": 2633,
          "median_queries": 2623.0,
          "max_rss_kib": 94476
        },
        "quadratic-route": {
          "services": 4,
          "median_wall": 0.6280417334999981,
          "min_wall": 0.6223899510000024,
          "max_wall": 0.6366825960000142,
          "min_queries": 2463,
          "max_queries": 2473,
          "median_queries": 2468.0,
          "max_rss_kib": 94240
        }
      },
      "median_wall_winner": "adaptive"
    },
    {
      "d": 8,
      "T": 2,
      "N": 128,
      "target": "1/32",
      "methods": {
        "adaptive": {
          "services": 2,
          "median_wall": 0.379897504000013,
          "min_wall": 0.37773022900000797,
          "max_wall": 0.382064779000018,
          "min_queries": 1280,
          "max_queries": 1280,
          "median_queries": 1280.0,
          "max_rss_kib": 39556
        },
        "bisection": {
          "services": 2,
          "median_wall": 0.3601372844999844,
          "min_wall": 0.35863138700000263,
          "max_wall": 0.36164318199996615,
          "min_queries": 1325,
          "max_queries": 1325,
          "median_queries": 1325.0,
          "max_rss_kib": 39504
        },
        "relu-insert": {
          "services": 4,
          "median_wall": 0.7696988645000147,
          "min_wall": 0.7551119499999572,
          "max_wall": 0.7916967269999873,
          "min_queries": 1472,
          "max_queries": 1472,
          "median_queries": 1472.0,
          "max_rss_kib": 94736
        },
        "relu-route": {
          "services": 4,
          "median_wall": 0.7713469230000101,
          "min_wall": 0.7616256160000034,
          "max_wall": 0.7869302139999945,
          "min_queries": 1277,
          "max_queries": 1280,
          "median_queries": 1278.5,
          "max_rss_kib": 94640
        },
        "quadratic-insert": {
          "services": 4,
          "median_wall": 0.741101722499991,
          "min_wall": 0.7400141329999883,
          "max_wall": 0.7418847569999798,
          "min_queries": 1451,
          "max_queries": 1472,
          "median_queries": 1461.5,
          "max_rss_kib": 94576
        },
        "quadratic-route": {
          "services": 4,
          "median_wall": 0.7390394289999733,
          "min_wall": 0.7223816090000241,
          "max_wall": 0.7616463249999583,
          "min_queries": 1277,
          "max_queries": 1280,
          "median_queries": 1278.5,
          "max_rss_kib": 94748
        }
      },
      "median_wall_winner": "bisection"
    },
    {
      "d": 8,
      "T": 2,
      "N": 128,
      "target": "1/128",
      "methods": {
        "adaptive": {
          "services": 2,
          "median_wall": 0.41599393600000667,
          "min_wall": 0.41544687100002875,
          "max_wall": 0.4165410009999846,
          "min_queries": 2373,
          "max_queries": 2373,
          "median_queries": 2373.0,
          "max_rss_kib": 39604
        },
        "bisection": {
          "services": 2,
          "median_wall": 0.44050948849999827,
          "min_wall": 0.4372910769999976,
          "max_wall": 0.44372789999999895,
          "min_queries": 2648,
          "max_queries": 2648,
          "median_queries": 2648.0,
          "max_rss_kib": 39680
        },
        "relu-insert": {
          "services": 4,
          "median_wall": 0.8061789074999979,
          "min_wall": 0.7990106109999715,
          "max_wall": 0.8215087490000315,
          "min_queries": 2608,
          "max_queries": 2618,
          "median_queries": 2613.0,
          "max_rss_kib": 95020
        },
        "relu-route": {
          "services": 4,
          "median_wall": 0.8063046345000089,
          "min_wall": 0.8054814169999531,
          "max_wall": 0.8241521850000026,
          "min_queries": 2358,
          "max_queries": 2393,
          "median_queries": 2375.5,
          "max_rss_kib": 95000
        },
        "quadratic-insert": {
          "services": 4,
          "median_wall": 0.754049337500021,
          "min_wall": 0.7466827399999829,
          "max_wall": 0.7619233530000429,
          "min_queries": 2573,
          "max_queries": 2603,
          "median_queries": 2588.0,
          "max_rss_kib": 95160
        },
        "quadratic-route": {
          "services": 4,
          "median_wall": 0.7728318115000263,
          "min_wall": 0.7601901990000215,
          "max_wall": 0.7848163799999952,
          "min_queries": 2358,
          "max_queries": 2373,
          "median_queries": 2365.5,
          "max_rss_kib": 95152
        }
      },
      "median_wall_winner": "adaptive"
    },
    {
      "d": 16,
      "T": 2,
      "N": 128,
      "target": "1/32",
      "methods": {
        "adaptive": {
          "services": 2,
          "median_wall": 0.5362371665000012,
          "min_wall": 0.5341276080000057,
          "max_wall": 0.5383467249999967,
          "min_queries": 1286,
          "max_queries": 1286,
          "median_queries": 1286.0,
          "max_rss_kib": 39808
        },
        "bisection": {
          "services": 2,
          "median_wall": 0.496387438499994,
          "min_wall": 0.4954986169999529,
          "max_wall": 0.4972762600000351,
          "min_queries": 1328,
          "max_queries": 1328,
          "median_queries": 1328.0,
          "max_rss_kib": 39884
        },
        "relu-insert": {
          "services": 4,
          "median_wall": 0.9353476459999968,
          "min_wall": 0.9130876629999989,
          "max_wall": 0.9525800300000355,
          "min_queries": 1433,
          "max_queries": 1478,
          "median_queries": 1455.5,
          "max_rss_kib": 95388
        },
        "relu-route": {
          "services": 4,
          "median_wall": 0.9107178534999889,
          "min_wall": 0.9073693469999853,
          "max_wall": 0.9230596290000221,
          "min_queries": 1280,
          "max_queries": 1283,
          "median_queries": 1281.5,
          "max_rss_kib": 95028
        },
        "quadratic-insert": {
          "services": 4,
          "median_wall": 0.8908891709999978,
          "min_wall": 0.8839903859999936,
          "max_wall": 0.8947166859999811,
          "min_queries": 1451,
          "max_queries": 1463,
          "median_queries": 1457.0,
          "max_rss_kib": 95612
        },
        "quadratic-route": {
          "services": 4,
          "median_wall": 0.8563062209999828,
          "min_wall": 0.8529688749999877,
          "max_wall": 0.8643543910000062,
          "min_queries": 1283,
          "max_queries": 1283,
          "median_queries": 1283.0,
          "max_rss_kib": 96040
        }
      },
      "median_wall_winner": "bisection"
    },
    {
      "d": 16,
      "T": 2,
      "N": 128,
      "target": "1/128",
      "methods": {
        "adaptive": {
          "services": 2,
          "median_wall": 0.5515601765000042,
          "min_wall": 0.5504042260000119,
          "max_wall": 0.5527161269999965,
          "min_queries": 2318,
          "max_queries": 2318,
          "median_queries": 2318.0,
          "max_rss_kib": 39972
        },
        "bisection": {
          "services": 2,
          "median_wall": 0.6215428625000072,
          "min_wall": 0.6213286400000015,
          "max_wall": 0.6217570850000129,
          "min_queries": 2633,
          "max_queries": 2633,
          "median_queries": 2633.0,
          "max_rss_kib": 39988
        },
        "relu-insert": {
          "services": 4,
          "median_wall": 0.9784958670000208,
          "min_wall": 0.9621387729999924,
          "max_wall": 0.997545491999972,
          "min_queries": 2548,
          "max_queries": 2608,
          "median_queries": 2578.0,
          "max_rss_kib": 95796
        },
        "relu-route": {
          "services": 4,
          "median_wall": 0.987216310000008,
          "min_wall": 0.9848543129999712,
          "max_wall": 1.0063550790000022,
          "min_queries": 2348,
          "max_queries": 2368,
          "median_queries": 2358.0,
          "max_rss_kib": 95528
        },
        "quadratic-insert": {
          "services": 4,
          "median_wall": 0.9125843010000096,
          "min_wall": 0.9088888949999614,
          "max_wall": 0.9251469879999945,
          "min_queries": 2598,
          "max_queries": 2608,
          "median_queries": 2603.0,
          "max_rss_kib": 96212
        },
        "quadratic-route": {
          "services": 4,
          "median_wall": 0.9354405195000197,
          "min_wall": 0.902082723000035,
          "max_wall": 0.9502349179999783,
          "min_queries": 2348,
          "max_queries": 2373,
          "median_queries": 2360.5,
          "max_rss_kib": 96196
        }
      },
      "median_wall_winner": "adaptive"
    },
    {
      "d": 8,
      "T": 3,
      "N": 32,
      "target": "1/32",
      "methods": {
        "adaptive": {
          "services": 2,
          "median_wall": 0.9843321500000002,
          "min_wall": 0.9763277739999694,
          "max_wall": 0.992336526000031,
          "min_queries": 7042,
          "max_queries": 7042,
          "median_queries": 7042.0,
          "max_rss_kib": 39584
        },
        "bisection": {
          "services": 2,
          "median_wall": 1.0306260860000123,
          "min_wall": 1.0266188580000062,
          "max_wall": 1.0346333140000183,
          "min_queries": 8112,
          "max_queries": 8112,
          "median_queries": 8112.0,
          "max_rss_kib": 39708
        },
        "relu-insert": {
          "services": 4,
          "median_wall": 1.961969152999984,
          "min_wall": 1.9297842959999798,
          "max_wall": 1.9638761279999812,
          "min_queries": 8317,
          "max_queries": 9711,
          "median_queries": 9014.0,
          "max_rss_kib": 95496
        },
        "relu-route": {
          "services": 4,
          "median_wall": 1.8125384244999907,
          "min_wall": 1.7950186040000062,
          "max_wall": 1.8315577449999978,
          "min_queries": 6930,
          "max_queries": 6965,
          "median_queries": 6947.5,
          "max_rss_kib": 95704
        },
        "quadratic-insert": {
          "services": 4,
          "median_wall": 1.8397873094999966,
          "min_wall": 1.8207251099999553,
          "max_wall": 1.8544894190000036,
          "min_queries": 8539,
          "max_queries": 8669,
          "median_queries": 8604.0,
          "max_rss_kib": 95080
        },
        "quadratic-route": {
          "services": 4,
          "median_wall": 1.8023438839999812,
          "min_wall": 1.7837251839999908,
          "max_wall": 1.8068888540000216,
          "min_queries": 6996,
          "max_queries": 7081,
          "median_queries": 7038.5,
          "max_rss_kib": 95244
        }
      },
      "median_wall_winner": "adaptive"
    },
    {
      "d": 8,
      "T": 3,
      "N": 32,
      "target": "1/128",
      "methods": {
        "adaptive": {
          "services": 2,
          "median_wall": 1.4504094410000334,
          "min_wall": 1.440437318000022,
          "max_wall": 1.4603815640000448,
          "min_queries": 31015,
          "max_queries": 31015,
          "median_queries": 31015.0,
          "max_rss_kib": 42956
        },
        "bisection": {
          "services": 2,
          "median_wall": 1.9524697955000079,
          "min_wall": 1.9487544259999936,
          "max_wall": 1.9561851650000222,
          "min_queries": 39768,
          "max_queries": 39768,
          "median_queries": 39768.0,
          "max_rss_kib": 42840
        },
        "relu-insert": {
          "services": 4,
          "median_wall": 2.435441788499986,
          "min_wall": 2.4063621969999645,
          "max_wall": 2.4844073400000184,
          "min_queries": 35566,
          "max_queries": 39472,
          "median_queries": 37519.0,
          "max_rss_kib": 98788
        },
        "relu-route": {
          "services": 4,
          "median_wall": 2.4810954674999834,
          "min_wall": 2.3791526779999685,
          "max_wall": 2.583060513000021,
          "min_queries": 30547,
          "max_queries": 31601,
          "median_queries": 31074.0,
          "max_rss_kib": 98748
        },
        "quadratic-insert": {
          "services": 4,
          "median_wall": 2.322626388499998,
          "min_wall": 2.319134020999968,
          "max_wall": 2.3348792830000207,
          "min_queries": 34705,
          "max_queries": 35886,
          "median_queries": 35295.5,
          "max_rss_kib": 98476
        },
        "quadratic-route": {
          "services": 4,
          "median_wall": 2.2848443944999985,
          "min_wall": 2.2779032319999715,
          "max_wall": 2.3186041339999974,
          "min_queries": 30889,
          "max_queries": 30908,
          "median_queries": 30898.5,
          "max_rss_kib": 98756
        }
      },
      "median_wall_winner": "adaptive"
    }
  ],
  "matched_model_pairs": 64,
  "returned_services": 256,
  "checked_policy_decisions": 55296,
  "no_stored_state_grid": true,
  "rational_fallbacks": 0,
  "fit_warning_count": 104
}
