This is pdfTeX, Version 3.141592653-2.6-1.40.25 (TeX Live 2023/Debian) (preloaded format=pdflatex)
 restricted \write18 enabled.
entering extended mode
(./ECTA.tex
LaTeX2e <2023-11-01> patch level 1
L3 programming layer <2024-01-22>
(./econsocart.cls
Document Class: econsocart 2022/11/21 v1.4.1, The Econometric Society Journals
(/usr/share/texlive/texmf-dist/tex/latex/etoolbox/etoolbox.sty)
(./econsocart.cfg) (/usr/share/texlive/texmf-dist/tex/latex/base/fix-cm.sty
(/usr/share/texlive/texmf-dist/tex/latex/base/ts1enc.def))
(/usr/share/texlive/texmf-dist/tex/latex/graphics/graphicx.sty
(/usr/share/texlive/texmf-dist/tex/latex/graphics/keyval.sty)
(/usr/share/texlive/texmf-dist/tex/latex/graphics/graphics.sty
(/usr/share/texlive/texmf-dist/tex/latex/graphics/trig.sty)
(/usr/share/texlive/texmf-dist/tex/latex/graphics-cfg/graphics.cfg)
(/usr/share/texlive/texmf-dist/tex/latex/graphics-def/pdftex.def)))
(/usr/share/texlive/texmf-dist/tex/latex/base/fontenc.sty)
(/usr/share/texlive/texmf-dist/tex/latex/psnfss/times.sty)
(/usr/share/texlive/texmf-dist/tex/latex/textcase/textcase.sty)
(/usr/share/texlive/texmf-dist/tex/latex/psnfss/helvet.sty)
(/usr/share/texlive/texmf-dist/tex/latex/base/textcomp.sty)
(/usr/share/texlive/texmf-dist/tex/latex/psnfss/t1ptm.fd)
(/usr/share/texlive/texmf-dist/tex/latex/amsfonts/amssymb.sty
(/usr/share/texlive/texmf-dist/tex/latex/amsfonts/amsfonts.sty))
(/usr/share/texlive/texmf-dist/tex/latex/tools/bm.sty)
(/usr/share/texlive/texmf-dist/tex/latex/url/url.sty)
(/usr/share/texlive/texmf-dist/tex/latex/amsmath/amsmath.sty
For additional information on amsmath, use the `?' option.
(/usr/share/texlive/texmf-dist/tex/latex/amsmath/amstext.sty
(/usr/share/texlive/texmf-dist/tex/latex/amsmath/amsgen.sty))
(/usr/share/texlive/texmf-dist/tex/latex/amsmath/amsbsy.sty)
(/usr/share/texlive/texmf-dist/tex/latex/amsmath/amsopn.sty))
(/usr/share/texlive/texmf-dist/tex/latex/amscls/amsthm.sty)
(/usr/share/texlive/texmf-dist/tex/latex/natbib/natbib.sty)) (./preamble.tex
(/usr/share/texlive/texmf-dist/tex/latex/booktabs/booktabs.sty)
(/usr/share/texlive/texmf-dist/tex/latex/tools/array.sty)
(/usr/share/texlive/texmf-dist/tex/latex/tools/longtable.sty)
(/usr/share/texlive/texmf-dist/tex/latex/base/fontenc.sty)
(/usr/share/texlive/texmf-dist/tex/latex/psnfss/mathpazo.sty)
(/usr/share/texlive/texmf-dist/tex/latex/microtype/microtype.sty
(/usr/share/texlive/texmf-dist/tex/latex/microtype/microtype-pdftex.def)
(/usr/share/texlive/texmf-dist/tex/latex/microtype/microtype.cfg))
(/usr/share/texlive/texmf-dist/tex/latex/needspace/needspace.sty)
(/usr/share/texlive/texmf-dist/tex/latex/xurl/xurl.sty)
(/usr/share/texlive/texmf-dist/tex/latex/hyperref/hyperref.sty
(/usr/share/texlive/texmf-dist/tex/generic/iftex/iftex.sty)
(/usr/share/texlive/texmf-dist/tex/latex/kvsetkeys/kvsetkeys.sty)
(/usr/share/texlive/texmf-dist/tex/generic/kvdefinekeys/kvdefinekeys.sty)
(/usr/share/texlive/texmf-dist/tex/generic/pdfescape/pdfescape.sty
(/usr/share/texlive/texmf-dist/tex/generic/ltxcmds/ltxcmds.sty)
(/usr/share/texlive/texmf-dist/tex/generic/pdftexcmds/pdftexcmds.sty
(/usr/share/texlive/texmf-dist/tex/generic/infwarerr/infwarerr.sty)))
(/usr/share/texlive/texmf-dist/tex/latex/hycolor/hycolor.sty)
(/usr/share/texlive/texmf-dist/tex/latex/auxhook/auxhook.sty)
(/usr/share/texlive/texmf-dist/tex/latex/hyperref/nameref.sty
(/usr/share/texlive/texmf-dist/tex/latex/refcount/refcount.sty)
(/usr/share/texlive/texmf-dist/tex/generic/gettitlestring/gettitlestring.sty
(/usr/share/texlive/texmf-dist/tex/latex/kvoptions/kvoptions.sty)))
(/usr/share/texlive/texmf-dist/tex/latex/hyperref/pd1enc.def)
(/usr/share/texlive/texmf-dist/tex/generic/intcalc/intcalc.sty)
(/usr/share/texlive/texmf-dist/tex/latex/hyperref/puenc.def)
(/usr/share/texlive/texmf-dist/tex/generic/bitset/bitset.sty
(/usr/share/texlive/texmf-dist/tex/generic/bigintcalc/bigintcalc.sty))
(/usr/share/texlive/texmf-dist/tex/latex/base/atbegshi-ltx.sty))
(/usr/share/texlive/texmf-dist/tex/latex/hyperref/hpdftex.def
(/usr/share/texlive/texmf-dist/tex/latex/base/atveryend-ltx.sty)
(/usr/share/texlive/texmf-dist/tex/latex/rerunfilecheck/rerunfilecheck.sty
(/usr/share/texlive/texmf-dist/tex/generic/uniquecounter/uniquecounter.sty))))
(./tables/facts61.tex) (/usr/share/texlive/texmf-dist/tex/latex/psnfss/t1pcr.fd
) (/usr/share/texlive/texmf-dist/tex/latex/hyperref/backref.sty)
(/usr/share/texlive/texmf-dist/tex/latex/psnfss/t1ppl.fd)
(/usr/share/texlive/texmf-dist/tex/latex/l3backend/l3backend-pdftex.def)

LaTeX Warning: Unused global option(s):
    [nameyear].

(build/ECTA.aux)
(/usr/share/texlive/texmf-dist/tex/context/base/mkii/supp-pdf.mkii
[Loading MPS to PDF converter (version 2006.09.02).]
) (/usr/share/texlive/texmf-dist/tex/latex/epstopdf-pkg/epstopdf-base.sty
(/usr/share/texlive/texmf-dist/tex/latex/latexconfig/epstopdf-sys.cfg))
(/usr/share/texlive/texmf-dist/tex/latex/microtype/mt-ppl.cfg)
(/usr/share/texlive/texmf-dist/tex/latex/graphics/color.sty
(/usr/share/texlive/texmf-dist/tex/latex/graphics-cfg/color.cfg)
(/usr/share/texlive/texmf-dist/tex/latex/graphics/mathcolor.ltx))
(build/ECTA.out) (build/ECTA.out)
(/usr/share/texlive/texmf-dist/tex/latex/psnfss/ot1ppl.fd)
(/usr/share/texlive/texmf-dist/tex/latex/psnfss/omlzplm.fd)
(/usr/share/texlive/texmf-dist/tex/latex/psnfss/omszplm.fd)
(/usr/share/texlive/texmf-dist/tex/latex/psnfss/omxzplm.fd)
(/usr/share/texlive/texmf-dist/tex/latex/microtype/mt-msa.cfg)
(/usr/share/texlive/texmf-dist/tex/latex/microtype/mt-msb.cfg)
(/usr/share/texlive/texmf-dist/tex/latex/microtype/mt-cmr.cfg)
(/usr/share/texlive/texmf-dist/tex/latex/psnfss/ot1zplm.fd)

Package hyperref Warning: Ignoring empty anchor on input line 12.

(./sections/intro61.tex
Underfull \vbox (badness 1661) has occurred while \output is active [1
Non-PDF special ignored!
<special> papersize=614.295pt,794.96999pt
{/var/lib/texmf/fonts/map/pdftex/updmap/pdftex.map}{/usr/share/texlive/texmf-di
st/fonts/enc/dvips/base/8r.enc}]
Underfull \vbox (badness 10000) has occurred while \output is active

LaTeX Font Warning: Font shape `T1/ppl/m/uc' undefined
(Font)              using `T1/ppl/m/n' instead on input line 11.


LaTeX Font Warning: Font shape `T1/ppl/m/up' undefined
(Font)              using `T1/ppl/m/n' instead on input line 11.

[2]
Underfull \vbox (badness 10000) has occurred while \output is active [3]

Package hyperref Warning: Difference (3) between bookmark levels is greater 
(hyperref)                than one, level fixed on input line 21.


Package natbib Warning: Citation `munos2003' on page 4 undefined on input line 
21.


Package natbib Warning: Citation `munos2008' on page 4 undefined on input line 
21.


Package natbib Warning: Citation `scherrer2015' on page 4 undefined on input li
ne 21.


Package natbib Warning: Citation `kakade2002' on page 4 undefined on input line
 21.


Package natbib Warning: Citation `pirotta2013' on page 4 undefined on input lin
e 21.


Package natbib Warning: Citation `metelli2021' on page 4 undefined on input lin
e 21.


Package natbib Warning: Citation `ernst2005' on page 4 undefined on input line 
21.


Package natbib Warning: Citation `ferns2004' on page 4 undefined on input line 
21.


Package natbib Warning: Citation `ng1999' on page 4 undefined on input line 21.



Package natbib Warning: Citation `grimm2020' on page 4 undefined on input line 
21.


Package natbib Warning: Citation `moore2009' on page 4 undefined on input line 
23.


Package natbib Warning: Citation `murota2003' on page 4 undefined on input line
 23.

)
Underfull \vbox (badness 1178) has occurred while \output is active [4]

Package hyperref Warning: Difference (2) between bookmark levels is greater 
(hyperref)                than one, level fixed on input line 23.


Package natbib Warning: Citation `yang2020convex' on page 5 undefined on input 
line 28.

(./sections/core49.tex
(/usr/share/texlive/texmf-dist/tex/latex/psnfss/ufplmbb.fd)
Underfull \vbox (badness 1163) has occurred while \output is active [5]
[6] [7] [8]

Package natbib Warning: Citation `mcshane1934' on page 9 undefined on input lin
e 89.

[9]

Package natbib Warning: Citation `felzenszwalb2012' on page 10 undefined on inp
ut line 111.

[10]) (./sections/resources56.tex [11] [12]
Underfull \vbox (badness 1077) has occurred while \output is active [13]
[14]) (./sections/primitives56.tex [15]) (./sections/learned57.tex
Underfull \vbox (badness 1895) has occurred while \output is active [16]

Package natbib Warning: Citation `munos2008' on page 17 undefined on input line
 37.


Package natbib Warning: Citation `ernst2005' on page 17 undefined on input line
 37.

[17] [18]) (./sections/certificates56.tex
Underfull \vbox (badness 1178) has occurred while \output is active [19]
[20]
Underfull \vbox (badness 10000) has occurred while \output is active [21]
(/usr/share/texlive/texmf-dist/tex/latex/microtype/mt-euf.cfg) [22] [23]
[24] [25]) (./sections/action_transfer57.tex [26] [27]
Underfull \vbox (badness 1584) has occurred while \output is active [28]
[29]) (./sections/moduli57.tex [30] [31]) (./sections/lossless59.tex
Underfull \vbox (badness 3942) has occurred while \output is active [32]
[33] [34]
Underfull \vbox (badness 1590) has occurred while \output is active [35]
Underfull \vbox (badness 1997) has occurred while \output is active [36])
(./sections/search60.tex [37] [38] [39]

Package natbib Warning: Citation `murota2003' on page 40 undefined on input lin
e 48.


Package natbib Warning: Citation `moore2009' on page 40 undefined on input line
 48.

[40] [41]
Underfull \vbox (badness 1163) has occurred while \output is active [42]
[43] [44]) (./sections/centered60.tex
Underfull \vbox (badness 1067) has occurred while \output is active [45]
[46]) (./sections/stability61.tex [47] [48] [49])
(./sections/accuracy62-print.tex [50]

Package hyperref Warning: Difference (3) between bookmark levels is greater 
(hyperref)                than one, level fixed on input line 5.


Underfull \vbox (badness 2020) has occurred while \output is active [51]
[52] [53]
Underfull \vbox (badness 2460) has occurred while \output is active [54]
[55] [56]) [57] (./sections/decisions49.tex [58]

Package natbib Warning: Citation `maurer2009' on page 59 undefined on input lin
e 24.

[59] [60] [61]) (./sections/prospective56.tex [62] [63] [64]

Package natbib Warning: Citation `hoeffding1963' on page 65 undefined on input 
line 53.

) (./sections/study56.tex [65]
Underfull \vbox (badness 2376) has occurred while \output is active [66]
(./tables/stopping56.tex) (./tables/economic56.tex) [67]
(./tables/mechanism56.tex) (./tables/timing56.tex
Underfull \vbox (badness 10000) has occurred while \output is active [68])
[69] (./tables/algebraic56.tex) [70] (./tables/learned-null56.tex) [71])
(./sections/study57.tex [72]
Underfull \vbox (badness 3907) has occurred while \output is active [73]
(./tables/outcomes57.tex) (./tables/target20-57.tex)
Underfull \vbox (badness 10000) has occurred while \output is active [74]
[75] (./tables/attribution57.tex) (./tables/paired-summary57.tex) [76]
Underfull \vbox (badness 10000) has occurred while \output is active [77])
(./sections/study59.tex
Underfull \vbox (badness 10000) has occurred while \output is active [78]
Underfull \vbox (badness 10000) has occurred while \output is active [79]
(./tables/matched-work59.tex) (./tables/matched-cost59.tex) [80] [81]
(./tables/search-operations59.tex) [82]
Underfull \vbox (badness 3930) has occurred while \output is active [83])
(./sections/study61.tex [84] (./tables/services61.tex
Underfull \vbox (badness 3930) has occurred while \output is active [85])
(./tables/matched61.tex) (./tables/cost61.tex)
Underfull \vbox (badness 10000) has occurred while \output is active [86]
[87] [88] (./tables/native-factorial61.tex)
Underfull \vbox (badness 2547) has occurred while \output is active [89]
[90] (./tables/multi61.tex) [91] (./tables/bellman61.tex)
Underfull \vbox (badness 5817) has occurred while \output is active [92]
(./tables/fixed-policy61.tex)
Underfull \vbox (badness 10000) has occurred while \output is active [93])
(./sections/study62.tex [94] [95] (./tables/accuracy62.tex)

Package hyperref Warning: Difference (2) between bookmark levels is greater 
(hyperref)                than one, level fixed on input line 19.

[96] [97] (./tables/comparisons62.tex)

Package hyperref Warning: Difference (2) between bookmark levels is greater 
(hyperref)                than one, level fixed on input line 32.


Underfull \vbox (badness 1178) has occurred while \output is active [98]
Underfull \vbox (badness 10000) has occurred while \output is active [99]
(./tables/release-work62.tex)

Package hyperref Warning: Difference (2) between bookmark levels is greater 
(hyperref)                than one, level fixed on input line 44.

[100])
Underfull \vbox (badness 10000) has occurred while \output is active [101]
Underfull \vbox (badness 10000) has occurred while \output is active [102]
Underfull \vbox (badness 10000) has occurred while \output is active [103]
(build/ECTA.bbl (build/ECTA.brf)
Underfull \vbox (badness 3930) has occurred while \output is active [104]
Underfull \vbox (badness 3861) has occurred while \output is active [105]
Underfull \hbox (badness 1460) in paragraph at lines 70--70
[]\T1/ppl/m/sc/9.6 (+20) Scherrer, Bruno, Mo-ham-mad Ghavamzadeh, Vic-tor Gabil
-lon, Boris Lesner, and
)

Package natbib Warning: There were undefined citations.

[106] (build/ECTA.aux

Package natbib Warning: Citation(s) may have changed.
(natbib)                Rerun to get citations correct.

)

LaTeX Font Warning: Some font shapes were not available, defaults substituted.


LaTeX Warning: Label(s) may have changed. Rerun to get cross-references right.


Package rerunfilecheck Warning: File `ECTA.out' has changed.
(rerunfilecheck)                Rerun to get outlines right
(rerunfilecheck)                or use package `bookmark'.


Package rerunfilecheck Warning: File `ECTA.brf' has changed.
(rerunfilecheck)                Rerun to get bibliographical references right.

 )
(see the transcript file for additional information)</usr/share/texlive/texmf-d
ist/fonts/type1/public/amsfonts/cm/cmex10.pfb></usr/share/texlive/texmf-dist/fo
nts/type1/public/amsfonts/cm/cmmi10.pfb></usr/share/texlive/texmf-dist/fonts/ty
pe1/public/amsfonts/cm/cmr10.pfb></usr/share/texlive/texmf-dist/fonts/type1/pub
lic/amsfonts/cm/cmsy10.pfb></usr/share/texlive/texmf-dist/fonts/type1/public/am
sfonts/euler/eufm10.pfb></usr/share/texlive/texmf-dist/fonts/type1/public/mathp
azo/fplmbb.pfb></usr/share/texlive/texmf-dist/fonts/type1/public/mathpazo/fplmr
.pfb></usr/share/texlive/texmf-dist/fonts/type1/public/mathpazo/fplmri.pfb></us
r/share/texlive/texmf-dist/fonts/type1/urw/courier/ucrr8a.pfb></usr/share/texli
ve/texmf-dist/fonts/type1/urw/palatino/uplb8a.pfb></usr/share/texlive/texmf-dis
t/fonts/type1/urw/palatino/uplr8a.pfb></usr/share/texlive/texmf-dist/fonts/type
1/urw/palatino/uplri8a.pfb>
Output written on build/ECTA.pdf (106 pages, 467886 bytes).
Transcript written on build/ECTA.log.
