d10_s230001_NBO-cold_anchor True gap=6.94175e-09 seconds=0.487
d10_s230001_NBO-cold_technology True gap=5.669e-08 seconds=0.464
d10_s230001_NBO-cold_valuation True gap=1.22108e-08 seconds=0.463
d10_s230001_NBO-warm_anchor True gap=6.94175e-09 seconds=0.457
d10_s230001_NBO-warm_technology True gap=6.54959e-05 seconds=0.153
d10_s230001_NBO-warm_valuation True gap=1.34797e-09 seconds=0.304
d10_s230001_quadratic-cold_anchor True gap=3.21825e-09 seconds=0.454
d10_s230001_quadratic-cold_technology True gap=4.46302e-08 seconds=0.451
d10_s230001_quadratic-cold_valuation True gap=6.29595e-09 seconds=0.452
d10_s230001_quadratic-warm_anchor True gap=3.21825e-09 seconds=0.453
d10_s230001_quadratic-warm_technology True gap=7.64098e-05 seconds=0.151
d10_s230001_quadratic-warm_valuation True gap=1.10495e-10 seconds=0.315
d10_s230001_Riccati_anchor True gap=2.84058e-11 seconds=0.151
d10_s230001_Riccati_technology True gap=2.86513e-11 seconds=0.150
d10_s230001_Riccati_valuation True gap=2.87636e-11 seconds=0.151
d10_s230002_NBO-cold_anchor True gap=6.95687e-09 seconds=0.478
d10_s230002_NBO-cold_technology True gap=5.67954e-08 seconds=0.457
d10_s230002_NBO-cold_valuation True gap=1.22398e-08 seconds=0.460
d10_s230002_NBO-warm_anchor True gap=6.95687e-09 seconds=0.467
d10_s230002_NBO-warm_technology True gap=6.54958e-05 seconds=0.152
d10_s230002_NBO-warm_valuation True gap=1.34797e-09 seconds=0.301
d10_s230002_quadratic-cold_anchor True gap=3.21825e-09 seconds=0.450
d10_s230002_quadratic-cold_technology True gap=4.46302e-08 seconds=0.448
d10_s230002_quadratic-cold_valuation True gap=6.29595e-09 seconds=0.448
d10_s230002_quadratic-warm_anchor True gap=3.21825e-09 seconds=0.452
d10_s230002_quadratic-warm_technology True gap=7.64098e-05 seconds=0.150
d10_s230002_quadratic-warm_valuation True gap=1.10495e-10 seconds=0.298
d10_s230002_Riccati_anchor True gap=2.84058e-11 seconds=0.149
d10_s230002_Riccati_technology True gap=2.86513e-11 seconds=0.149
d10_s230002_Riccati_valuation True gap=2.87636e-11 seconds=0.154
d10_s230003_NBO-cold_anchor True gap=6.94835e-09 seconds=0.458
d10_s230003_NBO-cold_technology True gap=5.68032e-08 seconds=0.452
d10_s230003_NBO-cold_valuation True gap=1.223e-08 seconds=0.456
d10_s230003_NBO-warm_anchor True gap=6.94835e-09 seconds=0.454
d10_s230003_NBO-warm_technology True gap=6.54959e-05 seconds=0.151
d10_s230003_NBO-warm_valuation True gap=1.34797e-09 seconds=0.302
d10_s230003_quadratic-cold_anchor True gap=3.21825e-09 seconds=0.449
d10_s230003_quadratic-cold_technology True gap=4.46302e-08 seconds=0.451
d10_s230003_quadratic-cold_valuation True gap=6.29595e-09 seconds=0.449
d10_s230003_quadratic-warm_anchor True gap=3.21825e-09 seconds=0.451
d10_s230003_quadratic-warm_technology True gap=7.64098e-05 seconds=0.149
d10_s230003_quadratic-warm_valuation True gap=1.10495e-10 seconds=0.301
d10_s230003_Riccati_anchor True gap=2.84058e-11 seconds=0.149
d10_s230003_Riccati_technology True gap=2.86513e-11 seconds=0.150
d10_s230003_Riccati_valuation True gap=2.87636e-11 seconds=0.153
d10_s230004_NBO-cold_anchor True gap=6.95216e-09 seconds=0.465
d10_s230004_NBO-cold_technology True gap=5.67309e-08 seconds=0.458
d10_s230004_NBO-cold_valuation True gap=1.22328e-08 seconds=0.454
d10_s230004_NBO-warm_anchor True gap=6.95216e-09 seconds=0.457
d10_s230004_NBO-warm_technology True gap=6.54959e-05 seconds=0.152
d10_s230004_NBO-warm_valuation True gap=1.34797e-09 seconds=0.301
d10_s230004_quadratic-cold_anchor True gap=3.21825e-09 seconds=0.449
d10_s230004_quadratic-cold_technology True gap=4.46302e-08 seconds=0.450
d10_s230004_quadratic-cold_valuation True gap=6.29595e-09 seconds=0.451
d10_s230004_quadratic-warm_anchor True gap=3.21825e-09 seconds=0.448
d10_s230004_quadratic-warm_technology True gap=7.64098e-05 seconds=0.150
d10_s230004_quadratic-warm_valuation True gap=1.10495e-10 seconds=0.299
d10_s230004_Riccati_anchor True gap=2.84058e-11 seconds=0.150
d10_s230004_Riccati_technology True gap=2.86513e-11 seconds=0.149
d10_s230004_Riccati_valuation True gap=2.87636e-11 seconds=0.149
d10_s230005_NBO-cold_anchor True gap=6.93793e-09 seconds=0.455
d10_s230005_NBO-cold_technology True gap=5.66492e-08 seconds=0.457
d10_s230005_NBO-cold_valuation True gap=1.22122e-08 seconds=0.459
d10_s230005_NBO-warm_anchor True gap=6.93793e-09 seconds=0.455
d10_s230005_NBO-warm_technology True gap=6.54959e-05 seconds=0.151
d10_s230005_NBO-warm_valuation True gap=1.34797e-09 seconds=0.301
d10_s230005_quadratic-cold_anchor True gap=3.21825e-09 seconds=0.453
d10_s230005_quadratic-cold_technology True gap=4.46302e-08 seconds=0.450
d10_s230005_quadratic-cold_valuation True gap=6.29595e-09 seconds=0.449
d10_s230005_quadratic-warm_anchor True gap=3.21825e-09 seconds=0.519
d10_s230005_quadratic-warm_technology True gap=7.64098e-05 seconds=0.296
d10_s230005_quadratic-warm_valuation True gap=1.10495e-10 seconds=0.501
d10_s230005_Riccati_anchor True gap=2.84058e-11 seconds=0.297
d10_s230005_Riccati_technology True gap=2.86513e-11 seconds=0.250
d10_s230005_Riccati_valuation True gap=2.87636e-11 seconds=0.250
d10_s230006_NBO-cold_anchor True gap=6.951e-09 seconds=0.473
d10_s230006_NBO-cold_technology True gap=5.67261e-08 seconds=0.468
d10_s230006_NBO-cold_valuation True gap=1.2235e-08 seconds=0.471
d10_s230006_NBO-warm_anchor True gap=6.951e-09 seconds=0.465
d10_s230006_NBO-warm_technology True gap=6.54959e-05 seconds=0.155
d10_s230006_NBO-warm_valuation True gap=1.34797e-09 seconds=0.304
d10_s230006_quadratic-cold_anchor True gap=3.21825e-09 seconds=0.448
d10_s230006_quadratic-cold_technology True gap=4.46302e-08 seconds=0.448
d10_s230006_quadratic-cold_valuation True gap=6.29595e-09 seconds=0.449
d10_s230006_quadratic-warm_anchor True gap=3.21825e-09 seconds=0.449
d10_s230006_quadratic-warm_technology True gap=7.64098e-05 seconds=0.160
d10_s230006_quadratic-warm_valuation True gap=1.10495e-10 seconds=0.297
d10_s230006_Riccati_anchor True gap=2.84058e-11 seconds=0.148
d10_s230006_Riccati_technology True gap=2.86513e-11 seconds=0.148
d10_s230006_Riccati_valuation True gap=2.87636e-11 seconds=0.148
d10_s230007_NBO-cold_anchor True gap=6.93613e-09 seconds=0.462
d10_s230007_NBO-cold_technology True gap=5.66412e-08 seconds=0.457
d10_s230007_NBO-cold_valuation True gap=1.21992e-08 seconds=0.452
d10_s230007_NBO-warm_anchor True gap=6.93613e-09 seconds=0.457
d10_s230007_NBO-warm_technology True gap=6.54959e-05 seconds=0.152
d10_s230007_NBO-warm_valuation True gap=1.34797e-09 seconds=0.302
d10_s230007_quadratic-cold_anchor True gap=3.21825e-09 seconds=0.447
d10_s230007_quadratic-cold_technology True gap=4.46302e-08 seconds=0.447
d10_s230007_quadratic-cold_valuation True gap=6.29595e-09 seconds=0.447
d10_s230007_quadratic-warm_anchor True gap=3.21825e-09 seconds=0.447
d10_s230007_quadratic-warm_technology True gap=7.64098e-05 seconds=0.153
d10_s230007_quadratic-warm_valuation True gap=1.10495e-10 seconds=0.299
d10_s230007_Riccati_anchor True gap=2.84058e-11 seconds=0.149
d10_s230007_Riccati_technology True gap=2.86513e-11 seconds=0.149
d10_s230007_Riccati_valuation True gap=2.87636e-11 seconds=0.150
d10_s230008_NBO-cold_anchor True gap=6.9589e-09 seconds=0.456
d10_s230008_NBO-cold_technology True gap=5.68392e-08 seconds=0.452
d10_s230008_NBO-cold_valuation True gap=1.22546e-08 seconds=0.456
d10_s230008_NBO-warm_anchor True gap=6.9589e-09 seconds=0.452
d10_s230008_NBO-warm_technology True gap=6.54959e-05 seconds=0.150
d10_s230008_NBO-warm_valuation True gap=1.34797e-09 seconds=0.300
d10_s230008_quadratic-cold_anchor True gap=3.21825e-09 seconds=0.447
d10_s230008_quadratic-cold_technology True gap=4.46302e-08 seconds=0.447
d10_s230008_quadratic-cold_valuation True gap=6.29595e-09 seconds=0.447
d10_s230008_quadratic-warm_anchor True gap=3.21825e-09 seconds=0.447
d10_s230008_quadratic-warm_technology True gap=7.64098e-05 seconds=0.149
d10_s230008_quadratic-warm_valuation True gap=1.10495e-10 seconds=0.297
d10_s230008_Riccati_anchor True gap=2.84058e-11 seconds=0.151
d10_s230008_Riccati_technology True gap=2.86513e-11 seconds=0.148
d10_s230008_Riccati_valuation True gap=2.87636e-11 seconds=0.149
d10_s230009_NBO-cold_anchor True gap=6.95632e-09 seconds=0.454
d10_s230009_NBO-cold_technology True gap=5.68118e-08 seconds=0.466
d10_s230009_NBO-cold_valuation True gap=1.22345e-08 seconds=0.454
d10_s230009_NBO-warm_anchor True gap=6.95632e-09 seconds=0.453
d10_s230009_NBO-warm_technology True gap=6.54959e-05 seconds=0.150
d10_s230009_NBO-warm_valuation True gap=1.34797e-09 seconds=0.300
d10_s230009_quadratic-cold_anchor True gap=3.21825e-09 seconds=0.446
d10_s230009_quadratic-cold_technology True gap=4.46302e-08 seconds=0.447
d10_s230009_quadratic-cold_valuation True gap=6.29595e-09 seconds=0.449
d10_s230009_quadratic-warm_anchor True gap=3.21825e-09 seconds=0.449
d10_s230009_quadratic-warm_technology True gap=7.64098e-05 seconds=0.150
d10_s230009_quadratic-warm_valuation True gap=1.10495e-10 seconds=0.299
d10_s230009_Riccati_anchor True gap=2.84058e-11 seconds=0.148
d10_s230009_Riccati_technology True gap=2.86513e-11 seconds=0.148
d10_s230009_Riccati_valuation True gap=2.87636e-11 seconds=0.149
d10_s230010_NBO-cold_anchor True gap=6.96256e-09 seconds=0.455
d10_s230010_NBO-cold_technology True gap=5.69042e-08 seconds=0.456
d10_s230010_NBO-cold_valuation True gap=1.2261e-08 seconds=0.457
d10_s230010_NBO-warm_anchor True gap=6.96256e-09 seconds=0.454
d10_s230010_NBO-warm_technology True gap=6.54959e-05 seconds=0.152
d10_s230010_NBO-warm_valuation True gap=1.34797e-09 seconds=0.300
d10_s230010_quadratic-cold_anchor True gap=3.21825e-09 seconds=0.447
d10_s230010_quadratic-cold_technology True gap=4.46302e-08 seconds=0.447
d10_s230010_quadratic-cold_valuation True gap=6.29595e-09 seconds=0.449
d10_s230010_quadratic-warm_anchor True gap=3.21825e-09 seconds=0.449
d10_s230010_quadratic-warm_technology True gap=7.64098e-05 seconds=0.150
d10_s230010_quadratic-warm_valuation True gap=1.10495e-10 seconds=0.299
d10_s230010_Riccati_anchor True gap=2.84058e-11 seconds=0.149
d10_s230010_Riccati_technology True gap=2.86513e-11 seconds=0.149
d10_s230010_Riccati_valuation True gap=2.87636e-11 seconds=0.150
d10_s230011_NBO-cold_anchor True gap=6.9276e-09 seconds=0.455
d10_s230011_NBO-cold_technology True gap=5.65842e-08 seconds=0.455
d10_s230011_NBO-cold_valuation True gap=1.21828e-08 seconds=0.453
d10_s230011_NBO-warm_anchor True gap=6.9276e-09 seconds=0.453
d10_s230011_NBO-warm_technology True gap=6.54959e-05 seconds=0.151
d10_s230011_NBO-warm_valuation True gap=1.34797e-09 seconds=0.302
d10_s230011_quadratic-cold_anchor True gap=3.21825e-09 seconds=0.450
d10_s230011_quadratic-cold_technology True gap=4.46302e-08 seconds=0.448
d10_s230011_quadratic-cold_valuation True gap=6.29595e-09 seconds=0.449
d10_s230011_quadratic-warm_anchor True gap=3.21825e-09 seconds=0.449
d10_s230011_quadratic-warm_technology True gap=7.64098e-05 seconds=0.149
d10_s230011_quadratic-warm_valuation True gap=1.10495e-10 seconds=0.298
d10_s230011_Riccati_anchor True gap=2.84058e-11 seconds=0.149
d10_s230011_Riccati_technology True gap=2.86513e-11 seconds=0.149
d10_s230011_Riccati_valuation True gap=2.87636e-11 seconds=0.149
d10_s230012_NBO-cold_anchor True gap=6.94043e-09 seconds=0.454
d10_s230012_NBO-cold_technology True gap=5.66809e-08 seconds=0.453
d10_s230012_NBO-cold_valuation True gap=1.2213e-08 seconds=0.454
d10_s230012_NBO-warm_anchor True gap=6.94043e-09 seconds=0.453
d10_s230012_NBO-warm_technology True gap=6.54959e-05 seconds=0.151
d10_s230012_NBO-warm_valuation True gap=1.34797e-09 seconds=0.300
d10_s230012_quadratic-cold_anchor True gap=3.21825e-09 seconds=0.448
d10_s230012_quadratic-cold_technology True gap=4.46302e-08 seconds=0.448
d10_s230012_quadratic-cold_valuation True gap=6.29595e-09 seconds=0.447
d10_s230012_quadratic-warm_anchor True gap=3.21825e-09 seconds=0.447
d10_s230012_quadratic-warm_technology True gap=7.64098e-05 seconds=0.149
d10_s230012_quadratic-warm_valuation True gap=1.10495e-10 seconds=0.300
d10_s230012_Riccati_anchor True gap=2.84058e-11 seconds=0.149
d10_s230012_Riccati_technology True gap=2.86513e-11 seconds=0.148
d10_s230012_Riccati_valuation True gap=2.87636e-11 seconds=0.149
d10_s230013_NBO-cold_anchor True gap=6.94699e-09 seconds=0.453
d10_s230013_NBO-cold_technology True gap=5.6698e-08 seconds=0.453
d10_s230013_NBO-cold_valuation True gap=1.22202e-08 seconds=0.454
d10_s230013_NBO-warm_anchor True gap=6.94699e-09 seconds=0.455
d10_s230013_NBO-warm_technology True gap=6.54959e-05 seconds=0.151
d10_s230013_NBO-warm_valuation True gap=1.34797e-09 seconds=0.302
d10_s230013_quadratic-cold_anchor True gap=3.21825e-09 seconds=0.449
d10_s230013_quadratic-cold_technology True gap=4.46302e-08 seconds=0.449
d10_s230013_quadratic-cold_valuation True gap=6.29595e-09 seconds=0.448
d10_s230013_quadratic-warm_anchor True gap=3.21825e-09 seconds=0.448
d10_s230013_quadratic-warm_technology True gap=7.64098e-05 seconds=0.150
d10_s230013_quadratic-warm_valuation True gap=1.10495e-10 seconds=0.297
d10_s230013_Riccati_anchor True gap=2.84058e-11 seconds=0.148
d10_s230013_Riccati_technology True gap=2.86513e-11 seconds=0.149
d10_s230013_Riccati_valuation True gap=2.87636e-11 seconds=0.149
d10_s230014_NBO-cold_anchor True gap=6.92783e-09 seconds=0.451
d10_s230014_NBO-cold_technology True gap=5.66046e-08 seconds=0.452
d10_s230014_NBO-cold_valuation True gap=1.21869e-08 seconds=0.452
d10_s230014_NBO-warm_anchor True gap=6.92783e-09 seconds=0.451
d10_s230014_NBO-warm_technology True gap=6.54959e-05 seconds=0.151
d10_s230014_NBO-warm_valuation True gap=1.34797e-09 seconds=0.300
d10_s230014_quadratic-cold_anchor True gap=3.21825e-09 seconds=0.447
d10_s230014_quadratic-cold_technology True gap=4.46302e-08 seconds=0.446
d10_s230014_quadratic-cold_valuation True gap=6.29595e-09 seconds=0.447
d10_s230014_quadratic-warm_anchor True gap=3.21825e-09 seconds=0.447
d10_s230014_quadratic-warm_technology True gap=7.64098e-05 seconds=0.149
d10_s230014_quadratic-warm_valuation True gap=1.10495e-10 seconds=0.297
d10_s230014_Riccati_anchor True gap=2.84058e-11 seconds=0.149
d10_s230014_Riccati_technology True gap=2.86513e-11 seconds=0.149
d10_s230014_Riccati_valuation True gap=2.87636e-11 seconds=0.150
d10_s230015_NBO-cold_anchor True gap=6.91762e-09 seconds=0.451
d10_s230015_NBO-cold_technology True gap=5.65136e-08 seconds=0.467
d10_s230015_NBO-cold_valuation True gap=1.21653e-08 seconds=0.453
d10_s230015_NBO-warm_anchor True gap=6.91762e-09 seconds=0.451
d10_s230015_NBO-warm_technology True gap=6.54959e-05 seconds=0.150
d10_s230015_NBO-warm_valuation True gap=1.34797e-09 seconds=0.300
d10_s230015_quadratic-cold_anchor True gap=3.21825e-09 seconds=0.446
d10_s230015_quadratic-cold_technology True gap=4.46302e-08 seconds=0.446
d10_s230015_quadratic-cold_valuation True gap=6.29595e-09 seconds=0.447
d10_s230015_quadratic-warm_anchor True gap=3.21825e-09 seconds=0.446
d10_s230015_quadratic-warm_technology True gap=7.64098e-05 seconds=0.150
d10_s230015_quadratic-warm_valuation True gap=1.10495e-10 seconds=0.300
d10_s230015_Riccati_anchor True gap=2.84058e-11 seconds=0.167
d10_s230015_Riccati_technology True gap=2.86513e-11 seconds=0.149
d10_s230015_Riccati_valuation True gap=2.87636e-11 seconds=0.149
d10_s230016_NBO-cold_anchor True gap=6.95432e-09 seconds=0.454
d10_s230016_NBO-cold_technology True gap=5.67449e-08 seconds=0.456
d10_s230016_NBO-cold_valuation True gap=1.22399e-08 seconds=0.458
d10_s230016_NBO-warm_anchor True gap=6.95432e-09 seconds=0.455
d10_s230016_NBO-warm_technology True gap=6.54959e-05 seconds=0.150
d10_s230016_NBO-warm_valuation True gap=1.34797e-09 seconds=0.300
d10_s230016_quadratic-cold_anchor True gap=3.21825e-09 seconds=0.448
d10_s230016_quadratic-cold_technology True gap=4.46302e-08 seconds=0.449
d10_s230016_quadratic-cold_valuation True gap=6.29595e-09 seconds=0.452
d10_s230016_quadratic-warm_anchor True gap=3.21825e-09 seconds=0.451
d10_s230016_quadratic-warm_technology True gap=7.64098e-05 seconds=0.151
d10_s230016_quadratic-warm_valuation True gap=1.10495e-10 seconds=0.298
d10_s230016_Riccati_anchor True gap=2.84058e-11 seconds=0.151
d10_s230016_Riccati_technology True gap=2.86513e-11 seconds=0.149
d10_s230016_Riccati_valuation True gap=2.87636e-11 seconds=0.150
d50_s230001_NBO-cold_anchor True gap=1.6216e-08 seconds=1.142
d50_s230001_NBO-cold_technology True gap=1.09224e-07 seconds=1.112
d50_s230001_NBO-cold_valuation True gap=2.89347e-08 seconds=1.115
d50_s230001_NBO-warm_anchor True gap=1.6216e-08 seconds=1.112
d50_s230001_NBO-warm_technology True gap=2.96259e-09 seconds=0.743
d50_s230001_NBO-warm_valuation True gap=7.56521e-09 seconds=0.748
d50_s230001_quadratic-cold_anchor True gap=5.96252e-09 seconds=1.066
d50_s230001_quadratic-cold_technology True gap=8.65413e-08 seconds=1.040
d50_s230001_quadratic-cold_valuation True gap=1.24584e-08 seconds=1.035
d50_s230001_quadratic-warm_anchor True gap=5.96252e-09 seconds=1.041
d50_s230001_quadratic-warm_technology True gap=1.68937e-10 seconds=0.706
d50_s230001_quadratic-warm_valuation True gap=5.55715e-10 seconds=0.700
d50_s230001_Riccati_anchor True gap=1.25112e-10 seconds=0.341
d50_s230001_Riccati_technology True gap=1.26155e-10 seconds=0.343
d50_s230001_Riccati_valuation True gap=1.26632e-10 seconds=0.336
d50_s230002_NBO-cold_anchor True gap=1.61885e-08 seconds=1.131
d50_s230002_NBO-cold_technology True gap=1.09105e-07 seconds=1.114
d50_s230002_NBO-cold_valuation True gap=2.88771e-08 seconds=1.108
d50_s230002_NBO-warm_anchor True gap=1.61885e-08 seconds=1.115
d50_s230002_NBO-warm_technology True gap=2.96259e-09 seconds=0.742
d50_s230002_NBO-warm_valuation True gap=7.56521e-09 seconds=0.739
d50_s230002_quadratic-cold_anchor True gap=5.96252e-09 seconds=1.036
d50_s230002_quadratic-cold_technology True gap=8.65413e-08 seconds=1.046
d50_s230002_quadratic-cold_valuation True gap=1.24584e-08 seconds=1.026
d50_s230002_quadratic-warm_anchor True gap=5.96252e-09 seconds=1.025
d50_s230002_quadratic-warm_technology True gap=1.68937e-10 seconds=0.701
d50_s230002_quadratic-warm_valuation True gap=5.55715e-10 seconds=0.690
d50_s230002_Riccati_anchor True gap=1.25112e-10 seconds=0.339
d50_s230002_Riccati_technology True gap=1.26155e-10 seconds=0.336
d50_s230002_Riccati_valuation True gap=1.26632e-10 seconds=0.332
d50_s230003_NBO-cold_anchor True gap=1.61961e-08 seconds=1.104
d50_s230003_NBO-cold_technology True gap=1.09162e-07 seconds=1.102
d50_s230003_NBO-cold_valuation True gap=2.88902e-08 seconds=1.097
d50_s230003_NBO-warm_anchor True gap=1.61961e-08 seconds=1.100
d50_s230003_NBO-warm_technology True gap=2.96259e-09 seconds=0.735
d50_s230003_NBO-warm_valuation True gap=7.56521e-09 seconds=0.727
d50_s230003_quadratic-cold_anchor True gap=5.96252e-09 seconds=1.021
d50_s230003_quadratic-cold_technology True gap=8.65413e-08 seconds=1.015
d50_s230003_quadratic-cold_valuation True gap=1.24584e-08 seconds=1.017
d50_s230003_quadratic-warm_anchor True gap=5.96252e-09 seconds=1.032
d50_s230003_quadratic-warm_technology True gap=1.68937e-10 seconds=0.696
d50_s230003_quadratic-warm_valuation True gap=5.55715e-10 seconds=0.692
d50_s230003_Riccati_anchor True gap=1.25112e-10 seconds=0.338
d50_s230003_Riccati_technology True gap=1.26155e-10 seconds=0.334
d50_s230003_Riccati_valuation True gap=1.26632e-10 seconds=0.330
d50_s230004_NBO-cold_anchor True gap=1.62135e-08 seconds=1.103
d50_s230004_NBO-cold_technology True gap=1.09214e-07 seconds=1.102
d50_s230004_NBO-cold_valuation True gap=2.89297e-08 seconds=1.126
d50_s230004_NBO-warm_anchor True gap=1.62135e-08 seconds=1.122
d50_s230004_NBO-warm_technology True gap=2.96259e-09 seconds=0.754
d50_s230004_NBO-warm_valuation True gap=7.56521e-09 seconds=0.738
d50_s230004_quadratic-cold_anchor True gap=5.96252e-09 seconds=1.037
d50_s230004_quadratic-cold_technology True gap=8.65413e-08 seconds=1.037
d50_s230004_quadratic-cold_valuation True gap=1.24584e-08 seconds=1.041
d50_s230004_quadratic-warm_anchor True gap=5.96252e-09 seconds=1.044
d50_s230004_quadratic-warm_technology True gap=1.68937e-10 seconds=0.707
d50_s230004_quadratic-warm_valuation True gap=5.55715e-10 seconds=0.696
d50_s230004_Riccati_anchor True gap=1.25112e-10 seconds=0.341
d50_s230004_Riccati_technology True gap=1.26155e-10 seconds=0.338
d50_s230004_Riccati_valuation True gap=1.26632e-10 seconds=0.340
d50_s230005_NBO-cold_anchor True gap=1.62395e-08 seconds=1.115
d50_s230005_NBO-cold_technology True gap=1.09358e-07 seconds=1.105
d50_s230005_NBO-cold_valuation True gap=2.89768e-08 seconds=1.115
d50_s230005_NBO-warm_anchor True gap=1.62395e-08 seconds=1.110
d50_s230005_NBO-warm_technology True gap=2.96259e-09 seconds=0.752
d50_s230005_NBO-warm_valuation True gap=7.56521e-09 seconds=0.737
d50_s230005_quadratic-cold_anchor True gap=5.96252e-09 seconds=1.035
d50_s230005_quadratic-cold_technology True gap=8.65413e-08 seconds=1.027
d50_s230005_quadratic-cold_valuation True gap=1.24584e-08 seconds=1.028
d50_s230005_quadratic-warm_anchor True gap=5.96252e-09 seconds=1.019
d50_s230005_quadratic-warm_technology True gap=1.68937e-10 seconds=0.696
d50_s230005_quadratic-warm_valuation True gap=5.55715e-10 seconds=0.701
d50_s230005_Riccati_anchor True gap=1.25112e-10 seconds=0.336
d50_s230005_Riccati_technology True gap=1.26155e-10 seconds=0.333
d50_s230005_Riccati_valuation True gap=1.26632e-10 seconds=0.331
d50_s230006_NBO-cold_anchor True gap=1.62086e-08 seconds=1.094
d50_s230006_NBO-cold_technology True gap=1.0917e-07 seconds=1.088
d50_s230006_NBO-cold_valuation True gap=2.89182e-08 seconds=1.089
d50_s230006_NBO-warm_anchor True gap=1.62086e-08 seconds=1.095
d50_s230006_NBO-warm_technology True gap=2.96259e-09 seconds=0.729
d50_s230006_NBO-warm_valuation True gap=7.56521e-09 seconds=0.727
d50_s230006_quadratic-cold_anchor True gap=5.96252e-09 seconds=1.023
d50_s230006_quadratic-cold_technology True gap=8.65413e-08 seconds=1.021
d50_s230006_quadratic-cold_valuation True gap=1.24584e-08 seconds=1.023
d50_s230006_quadratic-warm_anchor True gap=5.96252e-09 seconds=1.026
d50_s230006_quadratic-warm_technology True gap=1.68937e-10 seconds=0.699
d50_s230006_quadratic-warm_valuation True gap=5.55715e-10 seconds=0.692
d50_s230006_Riccati_anchor True gap=1.25112e-10 seconds=0.338
d50_s230006_Riccati_technology True gap=1.26155e-10 seconds=0.336
d50_s230006_Riccati_valuation True gap=1.26632e-10 seconds=0.333
d50_s230007_NBO-cold_anchor True gap=1.62331e-08 seconds=1.116
d50_s230007_NBO-cold_technology True gap=1.09327e-07 seconds=1.104
d50_s230007_NBO-cold_valuation True gap=2.89669e-08 seconds=1.098
d50_s230007_NBO-warm_anchor True gap=1.62331e-08 seconds=1.101
d50_s230007_NBO-warm_technology True gap=2.96259e-09 seconds=0.735
d50_s230007_NBO-warm_valuation True gap=7.56521e-09 seconds=0.728
d50_s230007_quadratic-cold_anchor True gap=5.96252e-09 seconds=1.034
d50_s230007_quadratic-cold_technology True gap=8.65413e-08 seconds=1.029
d50_s230007_quadratic-cold_valuation True gap=1.24584e-08 seconds=1.027
d50_s230007_quadratic-warm_anchor True gap=5.96252e-09 seconds=1.038
d50_s230007_quadratic-warm_technology True gap=1.68937e-10 seconds=0.704
d50_s230007_quadratic-warm_valuation True gap=5.55715e-10 seconds=0.696
d50_s230007_Riccati_anchor True gap=1.25112e-10 seconds=0.347
d50_s230007_Riccati_technology True gap=1.26155e-10 seconds=0.339
d50_s230007_Riccati_valuation True gap=1.26632e-10 seconds=0.334
d50_s230008_NBO-cold_anchor True gap=1.62155e-08 seconds=1.104
d50_s230008_NBO-cold_technology True gap=1.09212e-07 seconds=1.118
d50_s230008_NBO-cold_valuation True gap=2.89269e-08 seconds=1.099
d50_s230008_NBO-warm_anchor True gap=1.62155e-08 seconds=1.109
d50_s230008_NBO-warm_technology True gap=2.96259e-09 seconds=0.738
d50_s230008_NBO-warm_valuation True gap=7.56521e-09 seconds=0.732
d50_s230008_quadratic-cold_anchor True gap=5.96252e-09 seconds=1.023
d50_s230008_quadratic-cold_technology True gap=8.65413e-08 seconds=1.020
d50_s230008_quadratic-cold_valuation True gap=1.24584e-08 seconds=1.015
d50_s230008_quadratic-warm_anchor True gap=5.96252e-09 seconds=1.023
d50_s230008_quadratic-warm_technology True gap=1.68937e-10 seconds=0.695
d50_s230008_quadratic-warm_valuation True gap=5.55715e-10 seconds=0.691
d50_s230008_Riccati_anchor True gap=1.25112e-10 seconds=0.339
d50_s230008_Riccati_technology True gap=1.26155e-10 seconds=0.336
d50_s230008_Riccati_valuation True gap=1.26632e-10 seconds=0.331
d50_s230009_NBO-cold_anchor True gap=1.61981e-08 seconds=1.100
d50_s230009_NBO-cold_technology True gap=1.09143e-07 seconds=1.100
d50_s230009_NBO-cold_valuation True gap=2.88962e-08 seconds=1.094
d50_s230009_NBO-warm_anchor True gap=1.61981e-08 seconds=1.101
d50_s230009_NBO-warm_technology True gap=2.96259e-09 seconds=0.738
d50_s230009_NBO-warm_valuation True gap=7.56521e-09 seconds=0.730
d50_s230009_quadratic-cold_anchor True gap=5.96252e-09 seconds=1.021
d50_s230009_quadratic-cold_technology True gap=8.65413e-08 seconds=1.016
d50_s230009_quadratic-cold_valuation True gap=1.24584e-08 seconds=1.016
d50_s230009_quadratic-warm_anchor True gap=5.96252e-09 seconds=1.024
d50_s230009_quadratic-warm_technology True gap=1.68937e-10 seconds=0.696
d50_s230009_quadratic-warm_valuation True gap=5.55715e-10 seconds=0.689
d50_s230009_Riccati_anchor True gap=1.25112e-10 seconds=0.339
d50_s230009_Riccati_technology True gap=1.26155e-10 seconds=0.336
d50_s230009_Riccati_valuation True gap=1.26632e-10 seconds=0.336
d50_s230010_NBO-cold_anchor True gap=1.61947e-08 seconds=1.095
d50_s230010_NBO-cold_technology True gap=1.09139e-07 seconds=1.095
d50_s230010_NBO-cold_valuation True gap=2.88851e-08 seconds=1.103
d50_s230010_NBO-warm_anchor True gap=1.61947e-08 seconds=1.109
d50_s230010_NBO-warm_technology True gap=2.96259e-09 seconds=0.744
d50_s230010_NBO-warm_valuation True gap=7.56521e-09 seconds=0.746
d50_s230010_quadratic-cold_anchor True gap=5.96252e-09 seconds=1.045
d50_s230010_quadratic-cold_technology True gap=8.65413e-08 seconds=1.032
d50_s230010_quadratic-cold_valuation True gap=1.24584e-08 seconds=1.023
d50_s230010_quadratic-warm_anchor True gap=5.96252e-09 seconds=1.021
d50_s230010_quadratic-warm_technology True gap=1.68937e-10 seconds=0.700
d50_s230010_quadratic-warm_valuation True gap=5.55715e-10 seconds=0.691
d50_s230010_Riccati_anchor True gap=1.25112e-10 seconds=0.341
d50_s230010_Riccati_technology True gap=1.26155e-10 seconds=0.335
d50_s230010_Riccati_valuation True gap=1.26632e-10 seconds=0.335
d50_s230011_NBO-cold_anchor True gap=1.62243e-08 seconds=1.118
d50_s230011_NBO-cold_technology True gap=1.09308e-07 seconds=1.126
d50_s230011_NBO-cold_valuation True gap=2.89504e-08 seconds=1.104
d50_s230011_NBO-warm_anchor True gap=1.62243e-08 seconds=1.110
d50_s230011_NBO-warm_technology True gap=2.96259e-09 seconds=0.745
d50_s230011_NBO-warm_valuation True gap=7.56521e-09 seconds=0.737
d50_s230011_quadratic-cold_anchor True gap=5.96252e-09 seconds=1.037
d50_s230011_quadratic-cold_technology True gap=8.65413e-08 seconds=1.034
d50_s230011_quadratic-cold_valuation True gap=1.24584e-08 seconds=1.029
d50_s230011_quadratic-warm_anchor True gap=5.96252e-09 seconds=1.032
d50_s230011_quadratic-warm_technology True gap=1.68937e-10 seconds=0.705
d50_s230011_quadratic-warm_valuation True gap=5.55715e-10 seconds=0.699
d50_s230011_Riccati_anchor True gap=1.25112e-10 seconds=0.340
d50_s230011_Riccati_technology True gap=1.26155e-10 seconds=0.339
d50_s230011_Riccati_valuation True gap=1.26632e-10 seconds=0.335
d50_s230012_NBO-cold_anchor True gap=1.62261e-08 seconds=1.115
d50_s230012_NBO-cold_technology True gap=1.09318e-07 seconds=1.108
d50_s230012_NBO-cold_valuation True gap=2.89531e-08 seconds=1.107
d50_s230012_NBO-warm_anchor True gap=1.62261e-08 seconds=1.108
d50_s230012_NBO-warm_technology True gap=2.96259e-09 seconds=0.739
d50_s230012_NBO-warm_valuation True gap=7.56521e-09 seconds=0.731
d50_s230012_quadratic-cold_anchor True gap=5.96252e-09 seconds=1.034
d50_s230012_quadratic-cold_technology True gap=8.65413e-08 seconds=1.036
d50_s230012_quadratic-cold_valuation True gap=1.24584e-08 seconds=1.029
d50_s230012_quadratic-warm_anchor True gap=5.96252e-09 seconds=1.035
d50_s230012_quadratic-warm_technology True gap=1.68937e-10 seconds=0.702
d50_s230012_quadratic-warm_valuation True gap=5.55715e-10 seconds=0.699
d50_s230012_Riccati_anchor True gap=1.25112e-10 seconds=0.341
d50_s230012_Riccati_technology True gap=1.26155e-10 seconds=0.341
d50_s230012_Riccati_valuation True gap=1.26632e-10 seconds=0.336
d50_s230013_NBO-cold_anchor True gap=1.62139e-08 seconds=1.108
d50_s230013_NBO-cold_technology True gap=1.09213e-07 seconds=1.105
d50_s230013_NBO-cold_valuation True gap=2.89243e-08 seconds=1.100
d50_s230013_NBO-warm_anchor True gap=1.62139e-08 seconds=1.105
d50_s230013_NBO-warm_technology True gap=2.96259e-09 seconds=0.737
d50_s230013_NBO-warm_valuation True gap=7.56521e-09 seconds=0.731
d50_s230013_quadratic-cold_anchor True gap=5.96252e-09 seconds=1.032
d50_s230013_quadratic-cold_technology True gap=8.65413e-08 seconds=1.036
d50_s230013_quadratic-cold_valuation True gap=1.24584e-08 seconds=1.028
d50_s230013_quadratic-warm_anchor True gap=5.96252e-09 seconds=1.035
d50_s230013_quadratic-warm_technology True gap=1.68937e-10 seconds=0.703
d50_s230013_quadratic-warm_valuation True gap=5.55715e-10 seconds=0.694
d50_s230013_Riccati_anchor True gap=1.25112e-10 seconds=0.341
d50_s230013_Riccati_technology True gap=1.26155e-10 seconds=0.339
d50_s230013_Riccati_valuation True gap=1.26632e-10 seconds=0.333
d50_s230014_NBO-cold_anchor True gap=1.61995e-08 seconds=1.108
d50_s230014_NBO-cold_technology True gap=1.09141e-07 seconds=1.107
d50_s230014_NBO-cold_valuation True gap=2.88962e-08 seconds=1.105
d50_s230014_NBO-warm_anchor True gap=1.61995e-08 seconds=1.111
d50_s230014_NBO-warm_technology True gap=2.96259e-09 seconds=0.737
d50_s230014_NBO-warm_valuation True gap=7.56521e-09 seconds=0.725
d50_s230014_quadratic-cold_anchor True gap=5.96252e-09 seconds=1.017
d50_s230014_quadratic-cold_technology True gap=8.65413e-08 seconds=1.023
d50_s230014_quadratic-cold_valuation True gap=1.24584e-08 seconds=1.029
d50_s230014_quadratic-warm_anchor True gap=5.96252e-09 seconds=1.018
d50_s230014_quadratic-warm_technology True gap=1.68937e-10 seconds=0.698
d50_s230014_quadratic-warm_valuation True gap=5.55715e-10 seconds=0.689
d50_s230014_Riccati_anchor True gap=1.25112e-10 seconds=0.336
d50_s230014_Riccati_technology True gap=1.26155e-10 seconds=0.334
d50_s230014_Riccati_valuation True gap=1.26632e-10 seconds=0.329
d50_s230015_NBO-cold_anchor True gap=1.62303e-08 seconds=1.120
d50_s230015_NBO-cold_technology True gap=1.09299e-07 seconds=1.114
d50_s230015_NBO-cold_valuation True gap=2.89588e-08 seconds=1.104
d50_s230015_NBO-warm_anchor True gap=1.62303e-08 seconds=1.112
d50_s230015_NBO-warm_technology True gap=2.96259e-09 seconds=0.738
d50_s230015_NBO-warm_valuation True gap=7.56521e-09 seconds=0.725
d50_s230015_quadratic-cold_anchor True gap=5.96252e-09 seconds=1.018
d50_s230015_quadratic-cold_technology True gap=8.65413e-08 seconds=1.031
d50_s230015_quadratic-cold_valuation True gap=1.24584e-08 seconds=1.034
d50_s230015_quadratic-warm_anchor True gap=5.96252e-09 seconds=1.039
d50_s230015_quadratic-warm_technology True gap=1.68937e-10 seconds=0.705
d50_s230015_quadratic-warm_valuation True gap=5.55715e-10 seconds=0.697
d50_s230015_Riccati_anchor True gap=1.25112e-10 seconds=0.341
d50_s230015_Riccati_technology True gap=1.26155e-10 seconds=0.337
d50_s230015_Riccati_valuation True gap=1.26632e-10 seconds=0.336
d50_s230016_NBO-cold_anchor True gap=1.62082e-08 seconds=1.106
d50_s230016_NBO-cold_technology True gap=1.0916e-07 seconds=1.098
d50_s230016_NBO-cold_valuation True gap=2.89139e-08 seconds=1.102
d50_s230016_NBO-warm_anchor True gap=1.62082e-08 seconds=1.115
d50_s230016_NBO-warm_technology True gap=2.96259e-09 seconds=0.738
d50_s230016_NBO-warm_valuation True gap=7.56521e-09 seconds=0.731
d50_s230016_quadratic-cold_anchor True gap=5.96252e-09 seconds=1.035
d50_s230016_quadratic-cold_technology True gap=8.65413e-08 seconds=1.032
d50_s230016_quadratic-cold_valuation True gap=1.24584e-08 seconds=1.026
d50_s230016_quadratic-warm_anchor True gap=5.96252e-09 seconds=1.073
d50_s230016_quadratic-warm_technology True gap=1.68937e-10 seconds=0.707
d50_s230016_quadratic-warm_valuation True gap=5.55715e-10 seconds=0.694
d50_s230016_Riccati_anchor True gap=1.25112e-10 seconds=0.342
d50_s230016_Riccati_technology True gap=1.26155e-10 seconds=0.338
d50_s230016_Riccati_valuation True gap=1.26632e-10 seconds=0.360
