{
  "ECTA": {
    "pages": 39,
    "pdf_sha256": "7be1281ce0e9181190cf461eb840c553cd1bf125956ffd5026848056f7f73671",
    "undefined": false,
    "multiply_defined": false,
    "overfull_hbox_pt": []
  },
  "supp": {
    "pages": 105,
    "pdf_sha256": "636281319303a73c875f9f3520156d9e7f23681496e990ff1c9546934f2068a4",
    "undefined": false,
    "multiply_defined": false,
    "overfull_hbox_pt": []
  },
  "response": {
    "pages": 5,
    "pdf_sha256": "f50f9c1840f44635ef876f9b4206739f16b68e623c6353654e215b53d4e60c07",
    "undefined": false,
    "multiply_defined": false,
    "overfull_hbox_pt": []
  }
}
