/home/runner/work/NBO/NBO/revisions/2026-10-04-r11/code/report.py:58: SyntaxWarning: invalid escape sequence '\p'
  table(m/'table_primary.tex','Primary continuous-economy comparison. Ten training seeds per row; all policies start at $y=0$. Gain is in discounted utility units. Lower endpoints are rounded down and upper endpoints up.','tab:r11primary','rlrrrr',['$d$','Method','Mean gain','Seed s.d.','Min. $L_\phi$','Max. regret'],summary)
/home/runner/work/NBO/NBO/revisions/2026-10-04-r11/code/report.py:59: SyntaxWarning: invalid escape sequence '\p'
  table(m/'table_cost.tex','Recorded CPU costs and the declared improvement target. Verification includes setup, simulation, and arithmetic. Decision time includes a batch of 256 action and internal-drift updates. The last column counts $L_\phi\geq.0005$ among ten seeds.','tab:r11cost','rlrrrr',['$d$','Method','Train (s)','Verify (s)','Decision (ms)','Target / 10'],cost)
/home/runner/work/NBO/NBO/revisions/2026-10-04-r11/code/report.py:80: SyntaxWarning: invalid escape sequence '\p'
  table(m/'table_frontier.tex','Checkpoint frontier in dimension fifty, seed 11. Each checkpoint has 2,048 paths and 512 cells; the explicit transfer bound is retained. A negative lower endpoint is not replaced by a pass.','tab:r11frontier','rlrrrr',['$d$','Method','Iteration','Mean gain','$L_\phi$','Regret upper'],[r for r in fr if r[0]==50])
/home/runner/work/NBO/NBO/revisions/2026-10-04-r11/code/report.py:81: SyntaxWarning: invalid escape sequence '\p'
  table(m/'table_all_frontiers.tex','Complete checkpoint frontiers; seed 11, 2,048 paths and 512 cells.','tab:r11allfront','rlrrrr',['$d$','Method','Iteration','Mean gain','$L_\phi$','Regret upper'],fr,True)
/home/runner/work/NBO/NBO/revisions/2026-10-04-r11/code/report.py:84: SyntaxWarning: invalid escape sequence '\p'
  table(m/'table_sensitivity.tex','Frozen-correction radius comparison, seed 11. Radius $.10$ uses 8,192 paths; the rescaled radii use 4,096. All use 1,024 cells and their own simultaneous error account.','tab:r11radius','rrrrr',['$d$','Radius','Mean gain','$L_\phi$','Regret upper'],sr)
/home/runner/work/NBO/NBO/revisions/2026-10-04-r11/code/report.py:86: SyntaxWarning: invalid escape sequence '\d'
  for r in sorted(primary,key=lambda r:(r['dimension'],r['method'],int(re.search('_s(\d+)_',r['id'])[1]))):
/home/runner/work/NBO/NBO/revisions/2026-10-04-r11/code/report.py:87: SyntaxWarning: invalid escape sequence '\d'
  seed=int(re.search('_s(\d+)_',r['id'])[1]);allseed.append([r['dimension'],names[r['method']],seed,r['iteration'],f(r['bound']['mean']),low(r['bound']['lower']),high(r['policy_regret_upper'])])
/home/runner/work/NBO/NBO/revisions/2026-10-04-r11/code/report.py:88: SyntaxWarning: invalid escape sequence '\p'
  table(m/'table_all_seeds.tex','All primary policies. The utility endpoints include time, sampling, clipping, and arithmetic errors.','tab:r11allseeds','rlrrrrr',['$d$','Method','Seed','Iter.','Mean gain','$L_\phi$','Regret upper'],allseed,True)
/home/runner/work/NBO/NBO/revisions/2026-10-04-r11/code/report.py:93: SyntaxWarning: invalid escape sequence '\d'
  if 'width' in r['id']:label='width '+re.search('width(\d+)',r['id'])[1]
/home/runner/work/NBO/NBO/revisions/2026-10-04-r11/code/report.py:97: SyntaxWarning: invalid escape sequence '\p'
  table(m/'table_all_sensitivity.tex','Initial-state, architecture, extended-budget, and adverse-policy records. Outside-box frequency is measured on internal states and is not a domain guarantee.','tab:r11allstress','rlrrrr',['$d$','Configuration','Mean gain','$L_\phi$','Outside','Saturated'],st,True)
/home/runner/work/NBO/NBO/revisions/2026-10-04-r11/code/report.py:103: SyntaxWarning: invalid escape sequence '\p'
  table(m/'table_greedy.tex','Validation-tuned critic greedification. Full+projection is explicitly a conservative hybrid. Budgets and mixing fractions are chosen without the final noise bank.','tab:r11greedy','rlrrrr',['$d$','Critic family','Steps','Mix','Mean gain','$L_\phi$'],gr)
/home/runner/work/NBO/NBO/revisions/2026-10-04-r11/code/report.py:110: SyntaxWarning: invalid escape sequence '\d'
  seed=int(re.search('_s(\d+)_',r['id'])[1]);dp=R/'results'/f'seed_{seed}'/f'DIAGNOSTIC_d{d}.json';diag=json.loads(dp.read_text());xx.append(diag['costate_target_mse']);yy.append(r['bound']['mean']);inputs[str(dp.relative_to(ROOT))]=sha(dp)
{
  "primary_policies": 90,
  "all_two_sided_rows": 230,
  "allocated_one_sided_statements": 2000,
  "used_one_sided_statements": 460,
  "confidence_contract": "conditional 95% finite-family coverage; initial states fixed as recorded",
  "raw_arrays_replayed": 230,
  "training_failures": [],
  "primary_nbo_positive": 30,
  "primary_nbo_lower_range": [
    0.0007160008257115482,
    0.0011934635169265745
  ],
  "groups": {
    "nbo_10": {
      "mean_gain": 0.0019625791996253257,
      "seed_sd": 3.1008789452999822e-06,
      "min_gain_lower": 0.0011833702419954562,
      "max_regret": 0.017563380358302582,
      "positive": 10,
      "target_count": 10
    },
    "dpo_10": {
      "mean_gain": 0.0018862689926142494,
      "seed_sd": 3.5989565514569898e-06,
      "min_gain_lower": 0.001105454982139999,
      "max_regret": 0.017641295618158036,
      "positive": 10,
      "target_count": 10
    },
    "linear_10": {
      "mean_gain": 0.001190095675495111,
      "seed_sd": 8.355548304619614e-06,
      "min_gain_lower": 0.0004082977733810468,
      "max_regret": 0.01833845282691699,
      "positive": 10,
      "target_count": 0
    },
    "nbo_20": {
      "mean_gain": 0.00158222592028355,
      "seed_sd": 3.141572591463494e-06,
      "min_gain_lower": 0.0007160008257115482,
      "max_regret": 0.024809448234545096,
      "positive": 10,
      "target_count": 10
    },
    "dpo_20": {
      "mean_gain": 0.001497971895602184,
      "seed_sd": 4.020480728414394e-06,
      "min_gain_lower": 0.0006297013738842657,
      "max_regret": 0.02489574768637238,
      "positive": 10,
      "target_count": 10
    },
    "linear_20": {
      "mean_gain": 0.0010200075511262604,
      "seed_sd": 6.272350719468718e-06,
      "min_gain_lower": 0.0001515141038282951,
      "max_regret": 0.02537393495642835,
      "positive": 10,
      "target_count": 0
    },
    "nbo_50": {
      "mean_gain": 0.0017520169633625227,
      "seed_sd": 1.434653835875701e-06,
      "min_gain_lower": 0.0008683376833252817,
      "max_regret": 0.026671374020783366,
      "positive": 10,
      "target_count": 10
    },
    "dpo_50": {
      "mean_gain": 0.0016454741130528215,
      "seed_sd": 3.715856254785776e-06,
      "min_gain_lower": 0.0007570927858867226,
      "max_regret": 0.026782618918221927,
      "positive": 10,
      "target_count": 10
    },
    "linear_50": {
      "mean_gain": 0.001024873641563106,
      "seed_sd": 8.897855052535308e-06,
      "min_gain_lower": 0.000130236214602916,
      "max_regret": 0.02740947548950573,
      "positive": 10,
      "target_count": 0
    }
  },
  "diagnostic_correlations": [
    {
      "dimension": 10,
      "costate_target_payoff_correlation": -0.1511879029091328,
      "interpretation": "descriptive across ten seeds; noisy target discrepancy, not verified derivative bias"
    },
    {
      "dimension": 20,
      "costate_target_payoff_correlation": -0.8484314747272513,
      "interpretation": "descriptive across ten seeds; noisy target discrepancy, not verified derivative bias"
    },
    {
      "dimension": 50,
      "costate_target_payoff_correlation": -0.19734899861508018,
      "interpretation": "descriptive across ten seeds; noisy target discrepancy, not verified derivative bias"
    }
  ],
  "remaining_scope": [
    "not an optimizer convergence proof",
    "not a uniform initial-state PDE certificate",
    "not machine-formal RNG verification",
    "not calibrated population welfare",
    "not a continuous-transfer certificate for the preference model"
  ]
}
