{
  "status": "passed",
  "tests": 119,
  "documents": [
    {
      "name": "ECTA",
      "pages": 54
    },
    {
      "name": "supp",
      "pages": 34
    },
    {
      "name": "development",
      "pages": 67
    },
    {
      "name": "development-supp",
      "pages": 45
    },
    {
      "name": "complete",
      "pages": 166
    },
    {
      "name": "complete-supp",
      "pages": 141
    },
    {
      "name": "response",
      "pages": 9
    }
  ],
  "seconds": 54.639326769000036,
  "publication_only": true
}
{
  "status": "passed",
  "tests": 136,
  "services": 90,
  "attained": 75,
  "paired": {
    "identity": 42,
    "relu_less_costly": 0,
    "relu_more_costly": 0,
    "unresolved": 30
  },
  "documents": [
    {
      "name": "ECTA",
      "pages": 54
    },
    {
      "name": "supp",
      "pages": 34
    },
    {
      "name": "development",
      "pages": 67
    },
    {
      "name": "development-supp",
      "pages": 45
    },
    {
      "name": "complete",
      "pages": 166
    },
    {
      "name": "complete-supp",
      "pages": 141
    },
    {
      "name": "response",
      "pages": 9
    }
  ],
  "seconds": 64.06112819600003
}
