This is pdfTeX, Version 3.141592653-2.6-1.40.25 (TeX Live 2023/Debian) (preloaded format=pdflatex)
 restricted \write18 enabled.
entering extended mode
(./complete.tex
LaTeX2e <2023-11-01> patch level 1
L3 programming layer <2024-01-22>
(./econsocart.cls
Document Class: econsocart 2022/11/21 v1.4.1, The Econometric Society Journals
(/usr/share/texlive/texmf-dist/tex/latex/etoolbox/etoolbox.sty)
(./econsocart.cfg) (/usr/share/texlive/texmf-dist/tex/latex/base/fix-cm.sty
(/usr/share/texlive/texmf-dist/tex/latex/base/ts1enc.def))
(/usr/share/texlive/texmf-dist/tex/latex/graphics/graphicx.sty
(/usr/share/texlive/texmf-dist/tex/latex/graphics/keyval.sty)
(/usr/share/texlive/texmf-dist/tex/latex/graphics/graphics.sty
(/usr/share/texlive/texmf-dist/tex/latex/graphics/trig.sty)
(/usr/share/texlive/texmf-dist/tex/latex/graphics-cfg/graphics.cfg)
(/usr/share/texlive/texmf-dist/tex/latex/graphics-def/pdftex.def)))
(/usr/share/texlive/texmf-dist/tex/latex/base/fontenc.sty)
(/usr/share/texlive/texmf-dist/tex/latex/psnfss/times.sty)
(/usr/share/texlive/texmf-dist/tex/latex/textcase/textcase.sty)
(/usr/share/texlive/texmf-dist/tex/latex/psnfss/helvet.sty)
(/usr/share/texlive/texmf-dist/tex/latex/base/textcomp.sty)
(/usr/share/texlive/texmf-dist/tex/latex/psnfss/t1ptm.fd)
(/usr/share/texlive/texmf-dist/tex/latex/amsfonts/amssymb.sty
(/usr/share/texlive/texmf-dist/tex/latex/amsfonts/amsfonts.sty))
(/usr/share/texlive/texmf-dist/tex/latex/tools/bm.sty)
(/usr/share/texlive/texmf-dist/tex/latex/url/url.sty)
(/usr/share/texlive/texmf-dist/tex/latex/amsmath/amsmath.sty
For additional information on amsmath, use the `?' option.
(/usr/share/texlive/texmf-dist/tex/latex/amsmath/amstext.sty
(/usr/share/texlive/texmf-dist/tex/latex/amsmath/amsgen.sty))
(/usr/share/texlive/texmf-dist/tex/latex/amsmath/amsbsy.sty)
(/usr/share/texlive/texmf-dist/tex/latex/amsmath/amsopn.sty))
(/usr/share/texlive/texmf-dist/tex/latex/amscls/amsthm.sty)
(/usr/share/texlive/texmf-dist/tex/latex/natbib/natbib.sty)) (./preamble.tex
(/usr/share/texlive/texmf-dist/tex/latex/booktabs/booktabs.sty)
(/usr/share/texlive/texmf-dist/tex/latex/tools/array.sty)
(/usr/share/texlive/texmf-dist/tex/latex/tools/longtable.sty)
(/usr/share/texlive/texmf-dist/tex/latex/base/fontenc.sty)
(/usr/share/texlive/texmf-dist/tex/latex/psnfss/mathpazo.sty)
(/usr/share/texlive/texmf-dist/tex/latex/microtype/microtype.sty
(/usr/share/texlive/texmf-dist/tex/latex/microtype/microtype-pdftex.def)
(/usr/share/texlive/texmf-dist/tex/latex/microtype/microtype.cfg))
(/usr/share/texlive/texmf-dist/tex/latex/needspace/needspace.sty)
(/usr/share/texlive/texmf-dist/tex/latex/xurl/xurl.sty)
(/usr/share/texlive/texmf-dist/tex/latex/hyperref/hyperref.sty
(/usr/share/texlive/texmf-dist/tex/generic/iftex/iftex.sty)
(/usr/share/texlive/texmf-dist/tex/latex/kvsetkeys/kvsetkeys.sty)
(/usr/share/texlive/texmf-dist/tex/generic/kvdefinekeys/kvdefinekeys.sty)
(/usr/share/texlive/texmf-dist/tex/generic/pdfescape/pdfescape.sty
(/usr/share/texlive/texmf-dist/tex/generic/ltxcmds/ltxcmds.sty)
(/usr/share/texlive/texmf-dist/tex/generic/pdftexcmds/pdftexcmds.sty
(/usr/share/texlive/texmf-dist/tex/generic/infwarerr/infwarerr.sty)))
(/usr/share/texlive/texmf-dist/tex/latex/hycolor/hycolor.sty)
(/usr/share/texlive/texmf-dist/tex/latex/auxhook/auxhook.sty)
(/usr/share/texlive/texmf-dist/tex/latex/hyperref/nameref.sty
(/usr/share/texlive/texmf-dist/tex/latex/refcount/refcount.sty)
(/usr/share/texlive/texmf-dist/tex/generic/gettitlestring/gettitlestring.sty
(/usr/share/texlive/texmf-dist/tex/latex/kvoptions/kvoptions.sty)))
(/usr/share/texlive/texmf-dist/tex/latex/hyperref/pd1enc.def)
(/usr/share/texlive/texmf-dist/tex/generic/intcalc/intcalc.sty)
(/usr/share/texlive/texmf-dist/tex/latex/hyperref/puenc.def)
(/usr/share/texlive/texmf-dist/tex/generic/bitset/bitset.sty
(/usr/share/texlive/texmf-dist/tex/generic/bigintcalc/bigintcalc.sty))
(/usr/share/texlive/texmf-dist/tex/latex/base/atbegshi-ltx.sty))
(/usr/share/texlive/texmf-dist/tex/latex/hyperref/hpdftex.def
(/usr/share/texlive/texmf-dist/tex/latex/base/atveryend-ltx.sty)
(/usr/share/texlive/texmf-dist/tex/latex/rerunfilecheck/rerunfilecheck.sty
(/usr/share/texlive/texmf-dist/tex/generic/uniquecounter/uniquecounter.sty))))
(/usr/share/texlive/texmf-dist/tex/latex/psnfss/t1pcr.fd)
(/usr/share/texlive/texmf-dist/tex/latex/hyperref/backref.sty)
(/usr/share/texlive/texmf-dist/tex/latex/psnfss/t1ppl.fd)
(/usr/share/texlive/texmf-dist/tex/latex/l3backend/l3backend-pdftex.def)

LaTeX Warning: Unused global option(s):
    [nameyear].

No file complete.aux.
(/usr/share/texlive/texmf-dist/tex/context/base/mkii/supp-pdf.mkii
[Loading MPS to PDF converter (version 2006.09.02).]
) (/usr/share/texlive/texmf-dist/tex/latex/epstopdf-pkg/epstopdf-base.sty
(/usr/share/texlive/texmf-dist/tex/latex/latexconfig/epstopdf-sys.cfg))
(/usr/share/texlive/texmf-dist/tex/latex/microtype/mt-ppl.cfg)
(/usr/share/texlive/texmf-dist/tex/latex/graphics/color.sty
(/usr/share/texlive/texmf-dist/tex/latex/graphics-cfg/color.cfg)
(/usr/share/texlive/texmf-dist/tex/latex/graphics/mathcolor.ltx))
Underfull \vbox (badness 1867) has occurred while \output is active [1
Non-PDF special ignored!
<special> papersize=614.295pt,794.96999pt
{/var/lib/texmf/fonts/map/pdftex/updmap/pdftex.map}{/usr/share/texlive/texmf-di
st/fonts/enc/dvips/base/8r.enc}]

LaTeX Font Warning: Font shape `T1/ppl/m/uc' undefined
(Font)              using `T1/ppl/m/n' instead on input line 38.


LaTeX Font Warning: Font shape `T1/ppl/m/up' undefined
(Font)              using `T1/ppl/m/n' instead on input line 38.

[2]
Underfull \vbox (badness 10000) has occurred while \output is active [3]
(/usr/share/texlive/texmf-dist/tex/latex/psnfss/ot1ppl.fd)
(/usr/share/texlive/texmf-dist/tex/latex/psnfss/omlzplm.fd)
(/usr/share/texlive/texmf-dist/tex/latex/psnfss/omszplm.fd)
(/usr/share/texlive/texmf-dist/tex/latex/psnfss/omxzplm.fd)
(/usr/share/texlive/texmf-dist/tex/latex/microtype/mt-msa.cfg)
(/usr/share/texlive/texmf-dist/tex/latex/microtype/mt-msb.cfg)
(/usr/share/texlive/texmf-dist/tex/latex/microtype/mt-cmr.cfg)
(/usr/share/texlive/texmf-dist/tex/latex/psnfss/ot1zplm.fd)
Underfull \vbox (badness 10000) has occurred while \output is active [4]
Underfull \vbox (badness 10000) has occurred while \output is active [5]

Package natbib Warning: Citation `judd1998' on page 6 undefined on input line 6
8.


Package natbib Warning: Citation `powell2011' on page 6 undefined on input line
 68.


Package natbib Warning: Citation `longstaff2001' on page 6 undefined on input l
ine 68.


Package natbib Warning: Citation `ernst2005' on page 6 undefined on input line 
68.


Package natbib Warning: Citation `konda1999' on page 6 undefined on input line 
68.


Package natbib Warning: Citation `scherrer2015' on page 6 undefined on input li
ne 68.


Package natbib Warning: Citation `kakade2002' on page 6 undefined on input line
 68.


Package natbib Warning: Citation `pirotta2013' on page 6 undefined on input lin
e 68.


Underfull \vbox (badness 10000) has occurred while \output is active [6]

Package natbib Warning: Citation `sirignano2018' on page 7 undefined on input l
ine 70.


Package natbib Warning: Citation `han2018' on page 7 undefined on input line 70
.


Package natbib Warning: Citation `hornik1990' on page 7 undefined on input line
 70.


Package natbib Warning: Citation `epsteinzin1989' on page 7 undefined on input 
line 72.


Package natbib Warning: Citation `duffieepstein1992' on page 7 undefined on inp
ut line 72.


Package natbib Warning: Citation `maurer2009' on page 7 undefined on input line
 72.


Underfull \vbox (badness 6592) has occurred while \output is active [7]
[8]

LaTeX Warning: Reference `eq:estimand' on page 9 undefined on input line 117.


Underfull \vbox (badness 10000) has occurred while \output is active [9]

LaTeX Warning: Reference `eq:transport' on page 10 undefined on input line 143.


[10]

LaTeX Warning: Reference `sec:economy' on page 11 undefined on input line 155.


LaTeX Warning: Reference `eq:residual' on page 11 undefined on input line 155.


LaTeX Warning: Reference `eq:brackets' on page 11 undefined on input line 170.

[11] [12]
Underfull \vbox (badness 10000) has occurred while \output is active [13]
(/usr/share/texlive/texmf-dist/tex/latex/psnfss/ufplmbb.fd) [14]

LaTeX Warning: Reference `eq:gap' on page 15 undefined on input line 235.


LaTeX Warning: Reference `eq:bellman' on page 15 undefined on input line 240.


Underfull \vbox (badness 10000) has occurred while \output is active [15]

LaTeX Warning: Reference `eq:residual' on page 16 undefined on input line 252.


LaTeX Warning: Reference `eq:score' on page 16 undefined on input line 263.


Underfull \hbox (badness 10000) in paragraph at lines 263--264
[][] \T1/ppl/m/up/12 (+20) Con-di-tional ex-pec-ta-tion gives $\U/fplmbb/m/n/12
 E\OML/zplm/m/it/12 Q[]\OT1/zplm/m/n/12 (\OML/zplm/m/it/12 f[]\OT1/ppl/m/n/12 (
+20) ; \OML/zplm/m/it/12 X[]\OT1/ppl/m/n/12 (+20) , \OML/zplm/m/it/12 ^^Y[]\OT1
/zplm/m/n/12 ) = \U/fplmbb/m/n/12 E\OML/zplm/m/it/12 c[] \OT1/zplm/m/n/12 +

Underfull \hbox (badness 4108) in paragraph at lines 263--264
\OML/zplm/m/it/12 ^^L[]\U/fplmbb/m/n/12 E\OML/zplm/m/it/12 f[]\OT1/zplm/m/n/12 
(\OML/zplm/m/it/12 X[]\OT1/zplm/m/n/12 )$\T1/ppl/m/up/12 (+20) . Sum-ming tele-
scopes all con-tin-u-a-tion terms. The selected-
[16] [17]
Underfull \hbox (badness 10000) in paragraph at lines 301--302
[]\T1/ppl/m/up/12 (+20) For both cou-pled meth-ods the fi-nal all-state ver-i-f
i-ca-tion lad-der is

Underfull \hbox (badness 1648) in paragraph at lines 301--302
\OML/zplm/m/it/12 N \OT1/zplm/m/n/12 = \OT1/ppl/m/n/12 (+20) 16, 32, 64, 128$\T
1/ppl/m/up/12 (+20) . The ac-tion ob-jec-tive has strong-convexity lower bound
[18] (./preserved/R48/tables/attainment.tex)

LaTeX Warning: Reference `tab:attainment' on page 19 undefined on input line 30
5.

[19] (./preserved/R48/tables/recertification.tex)

LaTeX Warning: Reference `eq:retained' on page 20 undefined on input line 311.


LaTeX Warning: Reference `tab:recertification' on page 20 undefined on input li
ne 313.

[20] (./preserved/R48/tables/paired_summary.tex)

LaTeX Warning: Reference `eq:score' on page 21 undefined on input line 321.


LaTeX Warning: Reference `tab:attainment' on page 21 undefined on input line 32
3.


LaTeX Warning: Reference `thm:policy' on page 21 undefined on input line 323.

[21] (./preserved/R48/tables/precision.tex)

LaTeX Warning: Reference `sec:study48' on page 22 undefined on input line 334.


LaTeX Warning: Reference `sec:catalogue45' on page 22 undefined on input line 3
34.

[22] (./preserved/R48/sections/constructive.tex

LaTeX Warning: Reference `sec:economy' on page 23 undefined on input line 5.

[23]

LaTeX Warning: Reference `eq:network45' on page 24 undefined on input line 29.


Package natbib Warning: Citation `mcshane1934' on page 24 undefined on input li
ne 29.


Underfull \vbox (badness 1092) has occurred while \output is active [24]

LaTeX Warning: Reference `eq:network45' on page 25 undefined on input line 32.


LaTeX Warning: Reference `eq:network45' on page 25 undefined on input line 49.


LaTeX Warning: Reference `thm:policy' on page 25 undefined on input line 49.


LaTeX Warning: Reference `eq:gap45' on page 25 undefined on input line 49.

[25]

LaTeX Warning: Reference `eq:gap45' on page 26 undefined on input line 59.


LaTeX Warning: Reference `eq:network45' on page 26 undefined on input line 61.


Underfull \vbox (badness 10000) has occurred while \output is active [26]
[27]

LaTeX Warning: Reference `eq:network45' on page 28 undefined on input line 82.

(./tables/constructive45.tex) (./tables/work45.tex) (./tables/outcome45.tex))
[28] [29] (./preserved/R48/sections/witness.tex

LaTeX Warning: Reference `sec:economy' on page 30 undefined on input line 14.


LaTeX Warning: Reference `eq:onesided46' on page 30 undefined on input line 14.


[30]

LaTeX Warning: Reference `eq:gap' on page 31 undefined on input line 24.


LaTeX Warning: Reference `sec:constructive45' on page 31 undefined on input lin
e 27.


LaTeX Warning: Reference `thm:constructive45' on page 31 undefined on input lin
e 35.


LaTeX Warning: Reference `eq:witnessactor46' on page 31 undefined on input line
 35.


LaTeX Warning: Reference `eq:gap45' on page 31 undefined on input line 45.


LaTeX Warning: Reference `prop:onesided46' on page 31 undefined on input line 4
8.

[31]

LaTeX Warning: Reference `eq:witnessres46' on page 32 undefined on input line 5
0.


LaTeX Warning: Reference `cor:termination45' on page 32 undefined on input line
 57.


LaTeX Warning: Reference `eq:witnessres46' on page 32 undefined on input line 5
9.


LaTeX Warning: Reference `eq:witnessgap46' on page 32 undefined on input line 6
3.


Underfull \vbox (badness 2884) has occurred while \output is active [32]

LaTeX Warning: Reference `sec:direct47' on page 33 undefined on input line 77.


LaTeX Warning: Reference `sec:constrained47' on page 33 undefined on input line
 77.


LaTeX Warning: Reference `eq:economy45' on page 33 undefined on input line 77.

[33] (./tables/witness-summary.tex) (./tables/witness-outcomes.tex))
(./preserved/R48/sections/feasible-witness.tex [34]

LaTeX Warning: Reference `sec:constructive45' on page 35 undefined on input lin
e 4.


LaTeX Warning: Reference `eq:primitive45' on page 35 undefined on input line 8.


[35]

LaTeX Warning: Reference `sec:economy' on page 36 undefined on input line 24.


LaTeX Warning: Reference `eq:repair46' on page 36 undefined on input line 38.


LaTeX Warning: Reference `prop:onesided46' on page 36 undefined on input line 4
3.


LaTeX Warning: Reference `cor:witness46' on page 36 undefined on input line 46.


[36]

Package hyperref Warning: Difference (3) between bookmark levels is greater 
(hyperref)                than one, level fixed on input line 49.


LaTeX Warning: Reference `eq:repair46' on page 37 undefined on input line 49.

) (./preserved/R48/sections/acquisition47.tex

LaTeX Warning: Reference `sec:feasible46' on page 37 undefined on input line 4.


[37]

LaTeX Warning: Reference `thm:feasible46' on page 38 undefined on input line 16
.


LaTeX Warning: Reference `eq:index47' on page 38 undefined on input line 35.


LaTeX Warning: Reference `eq:acquiredres47' on page 38 undefined on input line 
35.


LaTeX Warning: Reference `eq:acquiredgap47' on page 38 undefined on input line 
35.

[38]

LaTeX Warning: Reference `eq:robustrepair47' on page 39 undefined on input line
 51.


LaTeX Warning: Reference `sec:constrained47' on page 39 undefined on input line
 60.


LaTeX Warning: Reference `eq:index47' on page 39 undefined on input line 65.


LaTeX Warning: Reference `eq:leaf47' on page 39 undefined on input line 67.

[39]

Package natbib Warning: Citation `mcshane1934' on page 40 undefined on input li
ne 70.

) (./preserved/R48/sections/compiler48.tex

LaTeX Warning: Reference `thm:feasible46' on page 40 undefined on input line 2.


[40]

LaTeX Warning: Reference `thm:feasible46' on page 41 undefined on input line 26
.


LaTeX Warning: Reference `thm:acquired47' on page 41 undefined on input line 26
.

[41]

LaTeX Warning: Reference `eq:corner48' on page 42 undefined on input line 29.


LaTeX Warning: Reference `eq:owner48' on page 42 undefined on input line 29.


Package natbib Warning: Citation `felzenszwalb2012' on page 42 undefined on inp
ut line 32.


LaTeX Warning: Reference `eq:corner48' on page 42 undefined on input line 32.


LaTeX Warning: Reference `eq:owner48' on page 42 undefined on input line 32.


LaTeX Warning: Reference `prop:representation47' on page 42 undefined on input 
line 32.

[42]

LaTeX Warning: Reference `eq:work48' on page 43 undefined on input line 40.


LaTeX Warning: Reference `sec:constrained47' on page 43 undefined on input line
 46.


LaTeX Warning: Reference `eq:explicitcap47' on page 43 undefined on input line 
46.


LaTeX Warning: Reference `eq:priced48' on page 43 undefined on input line 51.

[43]

LaTeX Warning: Reference `eq:explicitcap47' on page 44 undefined on input line 
60.


LaTeX Warning: Reference `eq:priced48' on page 44 undefined on input line 60.


LaTeX Warning: Reference `eq:index47' on page 44 undefined on input line 68.

) (./preserved/R48/sections/constrained47.tex [44]

LaTeX Warning: Reference `sec:study48' on page 45 undefined on input line 3.


LaTeX Warning: Reference `eq:economy47' on page 45 undefined on input line 18.

[45]

LaTeX Warning: Reference `eq:moduli47' on page 46 undefined on input line 26.


Underfull \vbox (badness 4556) has occurred while \output is active [46]

LaTeX Warning: Reference `thm:feasible46' on page 47 undefined on input line 56
.


LaTeX Warning: Reference `eq:acquiredgap47' on page 47 undefined on input line 
62.

[47]

LaTeX Warning: Reference `prop:representation47' on page 48 undefined on input 
line 66.

(./tables/constrained47.tex)
Underfull \vbox (badness 10000) has occurred while \output is active [48]

LaTeX Warning: Reference `eq:leaf47' on page 49 undefined on input line 73.

(./tables/acquisition47.tex)) (./preserved/R48/sections/direct47.tex

LaTeX Warning: Reference `sec:economic48' on page 49 undefined on input line 3.


[49]

LaTeX Warning: Reference `eq:onesided46' on page 50 undefined on input line 8.


LaTeX Warning: Reference `thm:paired' on page 50 undefined on input line 15.

[50]

LaTeX Warning: Reference `eq:bernstein' on page 51 undefined on input line 17.


LaTeX Warning: Reference `eq:directsupport47' on page 51 undefined on input lin
e 20.


LaTeX Warning: Reference `eq:bernstein' on page 51 undefined on input line 20.


Package natbib Warning: Citation `maurer2009' on page 51 undefined on input lin
e 30.


LaTeX Warning: Reference `eq:adoption47' on page 51 undefined on input line 30.


[51] (./tables/direct47.tex) [52] (./tables/frontier47.tex)
(./tables/discussion47.tex [53])) (./preserved/R48/sections/economic48.tex

LaTeX Warning: Reference `cor:capacity47' on page 54 undefined on input line 9.



Underfull \vbox (badness 1694) has occurred while \output is active [54]

LaTeX Warning: Reference `eq:priced48' on page 55 undefined on input line 21.


LaTeX Warning: Reference `eq:priced48' on page 55 undefined on input line 29.


LaTeX Warning: Reference `eq:sensor-radius48' on page 55 undefined on input lin
e 29.


LaTeX Warning: Reference `eq:acquiredgap47' on page 55 undefined on input line 
29.

[55] [56]

Package natbib Warning: Citation `maurer2009' on page 57 undefined on input lin
e 67.

[57]) (./preserved/R48/sections/study48.tex

LaTeX Warning: Reference `sec:constrained47' on page 58 undefined on input line
 5.

[58] (./tables/core48.tex) (./tables/attainment48.tex)
(./tables/interpretation48.tex) [59] (./tables/compiler48.tex) [60]
(./tables/dimension48.tex)

LaTeX Warning: Reference `sec:economic48' on page 61 undefined on input line 24
.

(./tables/direct-summary48.tex)

LaTeX Warning: Reference `tab:direct48' on page 61 undefined on input line 26.


Underfull \vbox (badness 10000) has occurred while \output is active [61]

LaTeX Warning: Reference `tab:sensors48' on page 62 undefined on input line 28.


(./tables/sensors48.tex) [62]) [63] [64]

LaTeX Warning: Reference `thm:constructive45' on page 65 undefined on input lin
e 359.


LaTeX Warning: Reference `cor:termination45' on page 65 undefined on input line
 359.


Underfull \vbox (badness 10000) has occurred while \output is active [65]
Underfull \vbox (badness 3930) has occurred while \output is active [66]
[67]
Underfull \vbox (badness 3977) has occurred while \output is active [68]

LaTeX Font Warning: Font shape `T1/ppl/m/scit' undefined
(Font)              using `T1/ppl/m/sc' instead on input line 385.


Package hyperref Warning: Difference (3) between bookmark levels is greater 
(hyperref)                than one, level fixed on input line 385.


Package natbib Warning: Citation `mcshane1934' on page 69 undefined on input li
ne 385.


Package natbib Warning: Citation `felzenszwalb2012' on page 69 undefined on inp
ut line 385.


Package natbib Warning: Citation `lakshminarayanan2014' on page 69 undefined on
 input line 385.


Package natbib Warning: Citation `wang2015' on page 69 undefined on input line 
385.


Package natbib Warning: Citation `maurer2009' on page 69 undefined on input lin
e 385.


Underfull \vbox (badness 1178) has occurred while \output is active [69]
(./sections/core49.tex

LaTeX Warning: Reference `sec:decisions49' on page 70 undefined on input line 9
.

[70]

LaTeX Warning: Reference `eq:operator49' on page 71 undefined on input line 11.



LaTeX Font Warning: Font shape `T1/ppl/m/scit' undefined
(Font)              using `T1/ppl/m/sc' instead on input line 13.

[71]

LaTeX Warning: Reference `eq:sandwich49' on page 72 undefined on input line 42.



LaTeX Warning: Reference `eq:sandwich49' on page 72 undefined on input line 45.


[72]

LaTeX Warning: Reference `eq:cone49' on page 73 undefined on input line 67.


LaTeX Warning: Reference `eq:repair49' on page 73 undefined on input line 81.

[73]

LaTeX Warning: Reference `eq:enclosures49' on page 74 undefined on input line 8
6.


LaTeX Warning: Reference `prop:sandwich49' on page 74 undefined on input line 8
6.


Package natbib Warning: Citation `mcshane1934' on page 74 undefined on input li
ne 89.


LaTeX Warning: Reference `thm:construct49' on page 74 undefined on input line 8
9.


LaTeX Font Warning: Font shape `T1/ppl/m/scit' undefined
(Font)              using `T1/ppl/m/sc' instead on input line 91.

[74]

Package natbib Warning: Citation `felzenszwalb2012' on page 75 undefined on inp
ut line 111.


LaTeX Font Warning: Font shape `T1/ppl/m/scit' undefined
(Font)              using `T1/ppl/m/sc' instead on input line 113.

[75]

LaTeX Warning: Reference `eq:fvisensor49' on page 76 undefined on input line 12
4.

) (./sections/improvement50.tex

LaTeX Warning: Reference `sec:core49' on page 76 undefined on input line 4.

[76]

LaTeX Warning: Reference `eq:evalbands50' on page 77 undefined on input line 17
.


LaTeX Warning: Reference `eq:gate50' on page 77 undefined on input line 38.

[77]

LaTeX Warning: Reference `prop:advantage50' on page 78 undefined on input line 
48.


Package natbib Warning: Citation `metelli2021' on page 78 undefined on input li
ne 50.


LaTeX Font Warning: Font shape `T1/ppl/m/scit' undefined
(Font)              using `T1/ppl/m/sc' instead on input line 52.


LaTeX Warning: Reference `sec:study49' on page 78 undefined on input line 53.

[78]) (./sections/finite_sweeps51.tex [79]
Underfull \hbox (badness 4341) in paragraph at lines 33--38
\T1/ppl/m/up/12 (+20) For its cen-tered com-par-i-son with the ex-act in-cum-be
nt, de-fine $\OML/zplm/m/it/12 d[]\OT1/zplm/m/n/12 (\OML/zplm/m/it/12 x\OT1/zpl
m/m/n/12 ) =

Underfull \hbox (badness 3189) in paragraph at lines 33--38
\OML/zplm/m/it/12 Q[]\OT1/zplm/m/n/12 (\OML/zplm/m/it/12 h[]\OT1/ppl/m/n/12 (+2
0) ; \OML/zplm/m/it/12 x\OT1/ppl/m/n/12 (+20) , \OML/zplm/m/it/12 v[]\OT1/zplm/
m/n/12 (\OML/zplm/m/it/12 x\OT1/zplm/m/n/12 )) \OMS/zplm/m/n/12 ^^@ \OML/zplm/m
/it/12 Q[]\OT1/zplm/m/n/12 (\OML/zplm/m/it/12 h[]\OT1/ppl/m/n/12 (+20) ; \OML/z
plm/m/it/12 x\OT1/ppl/m/n/12 (+20) , \OML/zplm/m/it/12 ^^Y[]\OT1/zplm/m/n/12 (\
OML/zplm/m/it/12 x\OT1/zplm/m/n/12 ))$\T1/ppl/m/up/12 (+20) . A quan-ti-ta-tive
 up-per en-clo-sure sat-is-
[80]

LaTeX Warning: Reference `eq:sweep-greedy51' on page 81 undefined on input line
 47.


LaTeX Warning: Reference `eq:sweep-enclosure51' on page 81 undefined on input l
ine 47.


LaTeX Warning: Reference `eq:sweep-bands51' on page 81 undefined on input line 
52.


LaTeX Warning: Reference `eq:sweep-enclosure51' on page 81 undefined on input l
ine 52.

[81]

LaTeX Warning: Reference `eq:sweep-greedy51' on page 82 undefined on input line
 98.


LaTeX Warning: Reference `eq:sweep-recursion51' on page 82 undefined on input l
ine 111.

) (./sections/action_contrast52.tex [82]

LaTeX Warning: Reference `thm:finite-sweeps51' on page 83 undefined on input li
ne 12.


LaTeX Warning: Reference `eq:sweep-greedy51' on page 83 undefined on input line
 12.


LaTeX Warning: Reference `eq:sweep-enclosure51' on page 83 undefined on input l
ine 12.


LaTeX Warning: Reference `eq:contrast-certificate52' on page 83 undefined on in
put line 12.


LaTeX Warning: Reference `thm:finite-sweeps51' on page 83 undefined on input li
ne 21.


LaTeX Warning: Reference `eq:contrast-certificate52' on page 83 undefined on in
put line 24.

[83]

LaTeX Warning: Reference `eq:coupled-action52' on page 84 undefined on input li
ne 41.


LaTeX Font Warning: Font shape `T1/ppl/m/scit' undefined
(Font)              using `T1/ppl/m/sc' instead on input line 43.


Underfull \vbox (badness 1895) has occurred while \output is active [84]

LaTeX Warning: Reference `eq:investment49' on page 85 undefined on input line 5
8.


LaTeX Warning: Reference `cor:terminal50' on page 85 undefined on input line 62
.

) (./sections/directed54.tex [85]

LaTeX Font Warning: Font shape `T1/ppl/m/scit' undefined
(Font)              using `T1/ppl/m/sc' instead on input line 4.

[86]

LaTeX Warning: Reference `thm:contrast52' on page 87 undefined on input line 23
.


LaTeX Warning: Reference `eq:directed-recursion54' on page 87 undefined on inpu
t line 46.

[87]

LaTeX Warning: Reference `thm:contrast52' on page 88 undefined on input line 49
.


LaTeX Warning: Reference `eq:directed-selection54' on page 88 undefined on inpu
t line 49.


LaTeX Font Warning: Font shape `T1/ppl/m/scit' undefined
(Font)              using `T1/ppl/m/sc' instead on input line 51.


LaTeX Warning: Reference `eq:signed-residual54' on page 88 undefined on input l
ine 74.


LaTeX Warning: Reference `eq:directed-advantage54' on page 88 undefined on inpu
t line 74.

[88]

LaTeX Font Warning: Font shape `T1/ppl/m/scit' undefined
(Font)              using `T1/ppl/m/sc' instead on input line 79.

[89]

LaTeX Warning: Reference `eq:pair-work54' on page 90 undefined on input line 11
0.


Underfull \vbox (badness 2932) has occurred while \output is active [90]

LaTeX Warning: Reference `eq:pair-work54' on page 91 undefined on input line 11
3.


LaTeX Font Warning: Font shape `T1/ppl/m/scit' undefined
(Font)              using `T1/ppl/m/sc' instead on input line 115.

) (./sections/resources49.tex [91]

LaTeX Font Warning: Font shape `T1/ppl/m/scit' undefined
(Font)              using `T1/ppl/m/sc' instead on input line 4.


LaTeX Warning: Reference `sec:study49' on page 92 undefined on input line 5.

[92]

LaTeX Warning: Reference `eq:query49' on page 93 undefined on input line 32.


LaTeX Warning: Reference `eq:coefficients49' on page 93 undefined on input line
 32.

[93]

LaTeX Font Warning: Font shape `T1/ppl/m/scit' undefined
(Font)              using `T1/ppl/m/sc' instead on input line 37.


LaTeX Warning: Reference `eq:separated49' on page 94 undefined on input line 38
.


LaTeX Warning: Reference `eq:clipped49' on page 94 undefined on input line 57.


LaTeX Warning: Reference `eq:shares49' on page 94 undefined on input line 57.

[94]

LaTeX Font Warning: Font shape `T1/ppl/m/scit' undefined
(Font)              using `T1/ppl/m/sc' instead on input line 62.


LaTeX Warning: Reference `eq:frontier49' on page 95 undefined on input line 70.


) (./sections/decisions49.tex
Underfull \vbox (badness 10000) has occurred while \output is active [95]

LaTeX Font Warning: Font shape `T1/ppl/m/scit' undefined
(Font)              using `T1/ppl/m/sc' instead on input line 4.

[96]

Package natbib Warning: Citation `maurer2009' on page 97 undefined on input lin
e 24.


LaTeX Font Warning: Font shape `T1/ppl/m/scit' undefined
(Font)              using `T1/ppl/m/sc' instead on input line 29.

[97]

LaTeX Warning: Reference `eq:absolute49' on page 98 undefined on input line 40.



LaTeX Font Warning: Font shape `T1/ppl/m/scit' undefined
(Font)              using `T1/ppl/m/sc' instead on input line 45.

[98]

LaTeX Warning: Reference `eq:netregret49' on page 99 undefined on input line 67
.


LaTeX Warning: Reference `eq:fvisensor49' on page 99 undefined on input line 73
.

) (./sections/frontier50.tex [99] [100]

LaTeX Warning: Reference `cor:terminal50' on page 101 undefined on input line 2
4.


LaTeX Font Warning: Font shape `T1/ppl/m/scit' undefined
(Font)              using `T1/ppl/m/sc' instead on input line 26.


LaTeX Warning: Reference `thm:net49' on page 101 undefined on input line 33.


LaTeX Warning: Reference `prop:joint50' on page 101 undefined on input line 33.



LaTeX Warning: Reference `eq:technology50' on page 101 undefined on input line 
33.

) (./sections/study49.tex [101]

LaTeX Font Warning: Font shape `T1/ppl/m/scit' undefined
(Font)              using `T1/ppl/m/sc' instead on input line 2.

[102]

LaTeX Font Warning: Font shape `T1/ppl/m/scit' undefined
(Font)              using `T1/ppl/m/sc' instead on input line 27.

[103] (./tables/attainment49.tex

Package longtable Warning: Column widths have changed
(longtable)                in table L.I on input line 18.

) (./tables/frontier49.tex

Package longtable Warning: Column widths have changed
(longtable)                in table L.II on input line 67.

[104] [105]) (./tables/dimension49.tex

Package longtable Warning: Column widths have changed
(longtable)                in table L.III on input line 21.

) (./results-discussion49.tex
Underfull \vbox (badness 3312) has occurred while \output is active [106]

LaTeX Warning: Reference `tab:frontier49' on page 107 undefined on input line 1
.

)

LaTeX Font Warning: Font shape `T1/ppl/m/scit' undefined
(Font)              using `T1/ppl/m/sc' instead on input line 43.

[107] (./tables/direct49.tex

Package longtable Warning: Column widths have changed
(longtable)                in table L.IV on input line 23.

) [108]

LaTeX Font Warning: Font shape `T1/ppl/m/scit' undefined
(Font)              using `T1/ppl/m/sc' instead on input line 51.


LaTeX Warning: Reference `thm:net49' on page 109 undefined on input line 52.

(./tables/sensor49.tex

Package longtable Warning: Column widths have changed
(longtable)                in table L.V on input line 23.

) [109]

LaTeX Font Warning: Font shape `T1/ppl/m/scit' undefined
(Font)              using `T1/ppl/m/sc' instead on input line 57.

) (./sections/study51.tex

LaTeX Warning: Reference `sec:study49' on page 110 undefined on input line 2.


Underfull \vbox (badness 10000) has occurred while \output is active [110]

LaTeX Font Warning: Font shape `T1/ppl/m/scit' undefined
(Font)              using `T1/ppl/m/sc' instead on input line 4.


Underfull \vbox (badness 10000) has occurred while \output is active [111]
(./tables/services50.tex

Package longtable Warning: Column widths have changed
(longtable)                in table M.I on input line 32.

[112]) (./tables/primary-discussion50.tex)

LaTeX Font Warning: Font shape `T1/ppl/m/scit' undefined
(Font)              using `T1/ppl/m/sc' instead on input line 16.

(./tables/common50.tex [113]

Package longtable Warning: Column widths have changed
(longtable)                in table M.II on input line 21.

)

LaTeX Font Warning: Font shape `T1/ppl/m/scit' undefined
(Font)              using `T1/ppl/m/sc' instead on input line 22.

[114] (./tables/policy50.tex

Package longtable Warning: Column widths have changed
(longtable)                in table M.III on input line 43.

[115]) (./tables/policy-discussion50.tex)
Underfull \vbox (badness 10000) has occurred while \output is active [116]

LaTeX Font Warning: Font shape `T1/ppl/m/scit' undefined
(Font)              using `T1/ppl/m/sc' instead on input line 36.

(./tables/joint50.tex

Package longtable Warning: Column widths have changed
(longtable)                in table M.IV on input line 39.

[117]

LaTeX Warning: Reference `prop:joint50' on page 118 undefined on input line 41.


)

LaTeX Warning: Reference `eq:technology50' on page 118 undefined on input line 
42.

[118]

LaTeX Font Warning: Font shape `T1/ppl/m/scit' undefined
(Font)              using `T1/ppl/m/sc' instead on input line 44.


LaTeX Warning: Reference `tab:direct49' on page 119 undefined on input line 45.


) (./sections/study52.tex

LaTeX Warning: Reference `prop:investment-null52' on page 119 undefined on inpu
t line 4.

[119] (./tables/robustness52.tex)
Underfull \vbox (badness 1062) has occurred while \output is active [120])
(./sections/study54.tex

LaTeX Font Warning: Font shape `T1/ppl/m/scit' undefined
(Font)              using `T1/ppl/m/sc' instead on input line 4.

[121]

LaTeX Warning: Reference `sec:directed54' on page 122 undefined on input line 7
.

(./tables/primary-cost54.tex) (./tables/cross-method54.tex)
Underfull \vbox (badness 10000) has occurred while \output is active [122]
[123]

LaTeX Font Warning: Font shape `T1/ppl/m/scit' undefined
(Font)              using `T1/ppl/m/sc' instead on input line 18.


LaTeX Warning: Reference `tab:sweeps54' on page 124 undefined on input line 19.


(./tables/sweeps54.tex)
Underfull \vbox (badness 10000) has occurred while \output is active [124]

LaTeX Font Warning: Font shape `T1/ppl/m/scit' undefined
(Font)              using `T1/ppl/m/sc' instead on input line 27.

(./tables/adaptive54.tex)

LaTeX Font Warning: Font shape `T1/ppl/m/scit' undefined
(Font)              using `T1/ppl/m/sc' instead on input line 34.


Underfull \vbox (badness 10000) has occurred while \output is active [125]
(./tables/catalogue54.tex) [126]

LaTeX Warning: Reference `prop:complexity54' on page 127 undefined on input lin
e 41.


LaTeX Font Warning: Font shape `T1/ppl/m/scit' undefined
(Font)              using `T1/ppl/m/sc' instead on input line 43.

(./tables/misspecification54.tex [127])) [128]
Underfull \vbox (badness 3930) has occurred while \output is active [129]
(./sections/primitives56.tex [130]) (./sections/learned56.tex

LaTeX Warning: Reference `thm:construct49' on page 131 undefined on input line 
2.


Underfull \vbox (badness 2521) has occurred while \output is active [131]

LaTeX Warning: Reference `eq:integrated56' on page 132 undefined on input line 
32.

[132]

Package natbib Warning: Citation `munos2008' on page 133 undefined on input lin
e 37.


Package natbib Warning: Citation `ernst2005' on page 133 undefined on input lin
e 37.


LaTeX Font Warning: Font shape `T1/ppl/m/scit' undefined
(Font)              using `T1/ppl/m/sc' instead on input line 41.


LaTeX Warning: Reference `eq:trained56' on page 133 undefined on input line 45.


[133]

LaTeX Warning: Reference `lem:integrated56' on page 134 undefined on input line
 52.

) (./sections/certificates56.tex [134] [135]

LaTeX Warning: Reference `eq:safety56' on page 136 undefined on input line 32.


LaTeX Warning: Reference `eq:recursion56' on page 136 undefined on input line 3
7.


LaTeX Warning: Reference `thm:directed56' on page 136 undefined on input line 4
0.


LaTeX Font Warning: Font shape `T1/ppl/m/scit' undefined
(Font)              using `T1/ppl/m/sc' instead on input line 42.

[136] (/usr/share/texlive/texmf-dist/tex/latex/microtype/mt-euf.cfg)

LaTeX Warning: Reference `eq:cache56' on page 137 undefined on input line 65.

[137]

LaTeX Font Warning: Font shape `T1/ppl/m/scit' undefined
(Font)              using `T1/ppl/m/sc' instead on input line 70.


LaTeX Warning: Reference `sec:economy56' on page 138 undefined on input line 71
.


LaTeX Warning: Reference `prop:cache56' on page 138 undefined on input line 84.



LaTeX Warning: Reference `eq:tube56' on page 138 undefined on input line 87.

[138]

LaTeX Warning: Reference `eq:advantage-tube56' on page 139 undefined on input l
ine 92.


LaTeX Warning: Reference `eq:stability56' on page 139 undefined on input line 1
16.

[139]

LaTeX Font Warning: Font shape `T1/ppl/m/scit' undefined
(Font)              using `T1/ppl/m/sc' instead on input line 123.

[140]

LaTeX Warning: Reference `eq:decompose56' on page 141 undefined on input line 1
35.

) (./sections/prospective56.tex

LaTeX Font Warning: Font shape `T1/ppl/m/scit' undefined
(Font)              using `T1/ppl/m/sc' instead on input line 4.


LaTeX Warning: Reference `thm:directed56' on page 141 undefined on input line 1
2.


LaTeX Warning: Reference `eq:target56' on page 141 undefined on input line 12.

[141]

LaTeX Warning: Reference `eq:target56' on page 142 undefined on input line 15.


LaTeX Warning: Reference `thm:conditional49' on page 142 undefined on input lin
e 20.

[142]

LaTeX Font Warning: Font shape `T1/ppl/m/scit' undefined
(Font)              using `T1/ppl/m/sc' instead on input line 35.

[143]

LaTeX Warning: Reference `eq:null56' on page 144 undefined on input line 50.


Package natbib Warning: Citation `hoeffding1963' on page 144 undefined on input
 line 53.


LaTeX Warning: Reference `eq:confidencebox56' on page 144 undefined on input li
ne 53.


LaTeX Warning: Reference `eq:null56' on page 144 undefined on input line 53.


LaTeX Warning: Reference `eq:null56' on page 144 undefined on input line 56.

) (./sections/study56.tex

LaTeX Font Warning: Font shape `T1/ppl/m/scit' undefined
(Font)              using `T1/ppl/m/sc' instead on input line 2.

[144]

LaTeX Warning: Reference `sec:learned56' on page 145 undefined on input line 5.



LaTeX Font Warning: Font shape `T1/ppl/m/scit' undefined
(Font)              using `T1/ppl/m/sc' instead on input line 9.


LaTeX Warning: Reference `prop:tube56' on page 145 undefined on input line 10.


Underfull \vbox (badness 10000) has occurred while \output is active [145]
(./tables/stopping56.tex) (./tables/economic56.tex)

LaTeX Warning: Reference `cor:adoption56' on page 146 undefined on input line 1
7.

[146] (./tables/mechanism56.tex)

LaTeX Font Warning: Font shape `T1/ppl/m/scit' undefined
(Font)              using `T1/ppl/m/sc' instead on input line 23.

(./tables/timing56.tex
Underfull \vbox (badness 10000) has occurred while \output is active [147])
[148]

LaTeX Font Warning: Font shape `T1/ppl/m/scit' undefined
(Font)              using `T1/ppl/m/sc' instead on input line 33.

(./tables/algebraic56.tex) [149] (./tables/learned-null56.tex) [150]

LaTeX Font Warning: Font shape `T1/ppl/m/scit' undefined
(Font)              using `T1/ppl/m/sc' instead on input line 42.

) (./sections/action_transfer57.tex
Underfull \vbox (badness 3907) has occurred while \output is active [151]

LaTeX Warning: Reference `thm:algebraic56' on page 152 undefined on input line 
13.


LaTeX Warning: Reference `thm:directed56' on page 152 undefined on input line 2
9.

[152]

LaTeX Warning: Reference `eq:optimization-loss57' on page 153 undefined on inpu
t line 32.


LaTeX Warning: Reference `eq:robust-cover57' on page 153 undefined on input lin
e 32.


LaTeX Warning: Reference `eq:optimization-loss57' on page 153 undefined on inpu
t line 46.


LaTeX Warning: Reference `eq:evaluation-contrast57' on page 153 undefined on in
put line 46.


LaTeX Warning: Reference `eq:robust-cover57' on page 153 undefined on input lin
e 51.


LaTeX Warning: Reference `eq:transfer-safety57' on page 153 undefined on input 
line 57.


LaTeX Warning: Reference `thm:directed56' on page 153 undefined on input line 5
7.

[153]

LaTeX Warning: Reference `eq:spatial-contrast57' on page 154 undefined on input
 line 62.


LaTeX Warning: Reference `eq:evaluation-contrast57' on page 154 undefined on in
put line 62.


LaTeX Font Warning: Font shape `T1/ppl/m/scit' undefined
(Font)              using `T1/ppl/m/sc' instead on input line 64.


LaTeX Warning: Reference `eq:lattice-cover57' on page 154 undefined on input li
ne 79.


LaTeX Warning: Reference `prop:work56' on page 154 undefined on input line 79.


LaTeX Warning: Reference `eq:primitive-action-lipschitz57' on page 154 undefine
d on input line 79.

[154]

LaTeX Font Warning: Font shape `T1/ppl/m/scit' undefined
(Font)              using `T1/ppl/m/sc' instead on input line 83.


LaTeX Warning: Reference `thm:directed56' on page 155 undefined on input line 9
5.

[155]

LaTeX Font Warning: Font shape `T1/ppl/m/scit' undefined
(Font)              using `T1/ppl/m/sc' instead on input line 100.

) (./sections/moduli57.tex

LaTeX Font Warning: Font shape `T1/ppl/m/scit' undefined
(Font)              using `T1/ppl/m/sc' instead on input line 1.


LaTeX Warning: Reference `lem:integrated56' on page 156 undefined on input line
 6.


Underfull \vbox (badness 10000) has occurred while \output is active [156]

LaTeX Warning: Reference `eq:spatial-contrast57' on page 157 undefined on input
 line 23.


LaTeX Warning: Reference `eq:neural-eta57' on page 157 undefined on input line 
35.

[157]

LaTeX Warning: Reference `eq:neural-chi57' on page 158 undefined on input line 
37.

) (./sections/study57.tex

LaTeX Warning: Reference `thm:algebraic56' on page 158 undefined on input line 
2.


LaTeX Font Warning: Font shape `T1/ppl/m/scit' undefined
(Font)              using `T1/ppl/m/sc' instead on input line 4.

[158]

LaTeX Warning: Reference `prop:tube56' on page 159 undefined on input line 7.


LaTeX Warning: Reference `cor:nested57' on page 159 undefined on input line 7.


LaTeX Font Warning: Font shape `T1/ppl/m/scit' undefined
(Font)              using `T1/ppl/m/sc' instead on input line 11.


Underfull \vbox (badness 3930) has occurred while \output is active [159]

LaTeX Warning: Reference `thm:stop56' on page 160 undefined on input line 24.

(./tables/outcomes57.tex) (./tables/target20-57.tex)
Underfull \vbox (badness 10000) has occurred while \output is active [160]

LaTeX Font Warning: Font shape `T1/ppl/m/scit' undefined
(Font)              using `T1/ppl/m/sc' instead on input line 29.


LaTeX Warning: Reference `tab:attribution57' on page 161 undefined on input lin
e 30.

[161] (./tables/attribution57.tex) (./tables/paired-summary57.tex)

LaTeX Warning: Reference `tab:paired-summary57' on page 162 undefined on input 
line 35.

[162]

LaTeX Font Warning: Font shape `T1/ppl/m/scit' undefined
(Font)              using `T1/ppl/m/sc' instead on input line 39.


Underfull \vbox (badness 2213) has occurred while \output is active [163]

LaTeX Warning: Reference `eq:incremental-adoption57' on page 164 undefined on i
nput line 46.

) (./sections/lossless59.tex

LaTeX Font Warning: Font shape `T1/ppl/m/scit' undefined
(Font)              using `T1/ppl/m/sc' instead on input line 4.


Underfull \vbox (badness 3930) has occurred while \output is active [164]

LaTeX Font Warning: Font shape `T1/ppl/m/scit' undefined
(Font)              using `T1/ppl/m/sc' instead on input line 27.

[165]

LaTeX Warning: Reference `eq:screen59' on page 166 undefined on input line 36.


LaTeX Warning: Reference `eq:survivor-gap59' on page 166 undefined on input lin
e 65.

[166]
Underfull \vbox (badness 10000) has occurred while \output is active [167]

LaTeX Font Warning: Font shape `T1/ppl/m/scit' undefined
(Font)              using `T1/ppl/m/sc' instead on input line 80.


LaTeX Warning: Reference `thm:lossless59' on page 168 undefined on input line 9
0.

[168]) (./sections/study59.tex [169]

LaTeX Font Warning: Font shape `T1/ppl/m/scit' undefined
(Font)              using `T1/ppl/m/sc' instead on input line 4.


LaTeX Font Warning: Font shape `T1/ppl/m/scit' undefined
(Font)              using `T1/ppl/m/sc' instead on input line 11.


Underfull \vbox (badness 10000) has occurred while \output is active [170]
(./tables/matched-work59.tex) (./tables/matched-cost59.tex)

LaTeX Warning: Reference `thm:transcript59' on page 171 undefined on input line
 29.


LaTeX Warning: Reference `sec:study57' on page 171 undefined on input line 29.

[171] [172]

LaTeX Font Warning: Font shape `T1/ppl/m/scit' undefined
(Font)              using `T1/ppl/m/sc' instead on input line 31.

(./tables/search-operations59.tex) [173]

LaTeX Font Warning: Font shape `T1/ppl/m/scit' undefined
(Font)              using `T1/ppl/m/sc' instead on input line 41.


Underfull \vbox (badness 10000) has occurred while \output is active [174]

LaTeX Warning: Reference `cor:price59' on page 175 undefined on input line 46.

)
No file complete.bbl.

Package natbib Warning: There were undefined citations.


Package longtable Warning: Table widths have changed. Rerun LaTeX.

[175] (build/complete.aux)

LaTeX Font Warning: Some font shapes were not available, defaults substituted.


LaTeX Warning: There were undefined references.


LaTeX Warning: Label(s) may have changed. Rerun to get cross-references right.


Package rerunfilecheck Warning: File `complete.out' has changed.
(rerunfilecheck)                Rerun to get outlines right
(rerunfilecheck)                or use package `bookmark'.

 )
(see the transcript file for additional information)</usr/share/texlive/texmf-d
ist/fonts/type1/public/amsfonts/cm/cmex10.pfb></usr/share/texlive/texmf-dist/fo
nts/type1/public/amsfonts/cm/cmmi10.pfb></usr/share/texlive/texmf-dist/fonts/ty
pe1/public/amsfonts/cm/cmr10.pfb></usr/share/texlive/texmf-dist/fonts/type1/pub
lic/amsfonts/cm/cmss12.pfb></usr/share/texlive/texmf-dist/fonts/type1/public/am
sfonts/cm/cmsy10.pfb></usr/share/texlive/texmf-dist/fonts/type1/public/amsfonts
/euler/eufm10.pfb></usr/share/texlive/texmf-dist/fonts/type1/public/mathpazo/fp
lmbb.pfb></usr/share/texlive/texmf-dist/fonts/type1/public/mathpazo/fplmr.pfb><
/usr/share/texlive/texmf-dist/fonts/type1/public/mathpazo/fplmri.pfb></usr/shar
e/texlive/texmf-dist/fonts/type1/urw/courier/ucrr8a.pfb></usr/share/texlive/tex
mf-dist/fonts/type1/urw/palatino/uplb8a.pfb></usr/share/texlive/texmf-dist/font
s/type1/urw/palatino/uplr8a.pfb></usr/share/texlive/texmf-dist/fonts/type1/urw/
palatino/uplri8a.pfb>
Output written on build/complete.pdf (175 pages, 671494 bytes).
Transcript written on build/complete.log.
