{
  "status": "passed",
  "tests": 119,
  "documents": [
    {
      "name": "ECTA",
      "pages": 65
    },
    {
      "name": "supp",
      "pages": 42
    },
    {
      "name": "development",
      "pages": 67
    },
    {
      "name": "development-supp",
      "pages": 45
    },
    {
      "name": "complete",
      "pages": 177
    },
    {
      "name": "complete-supp",
      "pages": 148
    },
    {
      "name": "response",
      "pages": 10
    }
  ],
  "seconds": 199.14957148099995,
  "publication_only": false
}
{
  "status": "passed",
  "tests": 136,
  "services": 90,
  "attained": 75,
  "paired": {
    "identity": 42,
    "relu_less_costly": 0,
    "relu_more_costly": 0,
    "unresolved": 30
  },
  "documents": [
    {
      "name": "ECTA",
      "pages": 65
    },
    {
      "name": "supp",
      "pages": 42
    },
    {
      "name": "development",
      "pages": 67
    },
    {
      "name": "development-supp",
      "pages": 45
    },
    {
      "name": "complete",
      "pages": 177
    },
    {
      "name": "complete-supp",
      "pages": 148
    },
    {
      "name": "response",
      "pages": 10
    }
  ],
  "seconds": 741.521967082
}
{
  "status": "passed",
  "source_commit": "f142d43f21ddcbec9a850edcbecd02643bd84285",
  "baseline_commit": "4b5f1cc3241fe8df103844f225913d91c387795b",
  "controlling_review_commit": "adf1256cff9cde365246a3db2dac90c72fda3b13",
  "total_tests": 165,
  "new_theorem_tests": 12,
  "protected_files": 5580,
  "scientific_source_freeze_sha256": "7c3fd6abaeacab331b1eedd8aa36eb312ed1555f4f812c19b267fb92011dcbf7",
  "matched_services": 36,
  "attained": 30,
  "budget_exhausted": 6,
  "all_exact_policy_identities": true,
  "replay_counts": {
    "checked_cell_decisions": 9216,
    "checked_ci_records": 396,
    "checked_service_files": 426,
    "checked_stopping_looks": 132,
    "distinct_model_reintegrations": 6,
    "distinct_neural_calls": 864,
    "distinct_path_rows": 380928,
    "distinct_path_streams": 9,
    "distinct_screened_lattice_points": 551424,
    "distinct_screened_survivors": 864,
    "distinct_solver_calls": 2304
  },
  "inherited_release_sha256": "a94e848330e46aa2bb0efdb8f6c940197cf067c15c595bc7d7465cf676a4913f",
  "result_audit_sha256": "f9b4e69be23f81a22209417ba73987d141d90289c99915319f1eb6dda91f2a61",
  "science_binding_sha256": "ec4b5ac77f4a76175ee735d0dbe2e00e63aee286ee98760a50cea2c19dde1fa8",
  "new_training_services": 0,
  "new_independent_path_observations": 0,
  "original_clocks_replaced": false,
  "publication_only": false,
  "build_seconds": 793.1516375819999,
  "network_used_by_builder": false,
  "typography_scope": "Seven complete document compilation logs, extracted text and output hashes. Visual inspection is recorded separately when performed.",
  "scope": "Original NBO paper, inherited test/audit chain and complete R58 matched-work reconstruction. Repeated inputs are identity-checked; this is not an external mathematical or editorial approval."
}
[
  {
    "document": "ECTA",
    "pages": 65
  },
  {
    "document": "supp",
    "pages": 42
  },
  {
    "document": "development",
    "pages": 67
  },
  {
    "document": "development-supp",
    "pages": 45
  },
  {
    "document": "complete",
    "pages": 177
  },
  {
    "document": "complete-supp",
    "pages": 148
  },
  {
    "document": "response",
    "pages": 10
  }
]
