verified 10 1 195501 myopic
verified 10 1 195501 quadratic
verified 10 1 195501 rbf
verified 10 1 195501 NBO
verified 10 1 195501 shared_actor
verified 10 1 195501 SAA
verified 10 1 195501 enumerated
verified 10 1 195502 myopic
verified 10 1 195502 quadratic
verified 10 1 195502 rbf
verified 10 1 195502 NBO
verified 10 1 195502 shared_actor
verified 10 1 195502 SAA
verified 10 1 195502 enumerated
verified 10 1 195503 myopic
verified 10 1 195503 quadratic
verified 10 1 195503 rbf
verified 10 1 195503 NBO
verified 10 1 195503 shared_actor
verified 10 1 195503 SAA
verified 10 1 195503 enumerated
verified 10 4 195501 myopic
verified 10 4 195501 quadratic
verified 10 4 195501 rbf
verified 10 4 195501 NBO
verified 10 4 195501 shared_actor
verified 10 4 195501 SAA
verified 10 4 195501 enumerated
verified 10 4 195502 myopic
verified 10 4 195502 quadratic
verified 10 4 195502 rbf
verified 10 4 195502 NBO
verified 10 4 195502 shared_actor
verified 10 4 195502 SAA
verified 10 4 195502 enumerated
verified 10 4 195503 myopic
verified 10 4 195503 quadratic
verified 10 4 195503 rbf
verified 10 4 195503 NBO
verified 10 4 195503 shared_actor
verified 10 4 195503 SAA
verified 10 4 195503 enumerated
verified 10 16 195501 myopic
verified 10 16 195501 quadratic
verified 10 16 195501 rbf
verified 10 16 195501 NBO
verified 10 16 195501 shared_actor
verified 10 16 195501 SAA
verified 10 16 195501 enumerated
verified 10 16 195502 myopic
verified 10 16 195502 quadratic
verified 10 16 195502 rbf
verified 10 16 195502 NBO
verified 10 16 195502 shared_actor
verified 10 16 195502 SAA
verified 10 16 195502 enumerated
verified 10 16 195503 myopic
verified 10 16 195503 quadratic
verified 10 16 195503 rbf
verified 10 16 195503 NBO
verified 10 16 195503 shared_actor
verified 10 16 195503 SAA
verified 10 16 195503 enumerated
verified 10 64 195501 myopic
verified 10 64 195501 quadratic
verified 10 64 195501 rbf
verified 10 64 195501 NBO
verified 10 64 195501 shared_actor
verified 10 64 195501 SAA
verified 10 64 195501 enumerated
verified 10 64 195502 myopic
verified 10 64 195502 quadratic
verified 10 64 195502 rbf
verified 10 64 195502 NBO
verified 10 64 195502 shared_actor
verified 10 64 195502 SAA
verified 10 64 195502 enumerated
verified 10 64 195503 myopic
verified 10 64 195503 quadratic
verified 10 64 195503 rbf
verified 10 64 195503 NBO
verified 10 64 195503 shared_actor
verified 10 64 195503 SAA
verified 10 64 195503 enumerated
verified 10 256 195501 myopic
verified 10 256 195501 quadratic
verified 10 256 195501 rbf
verified 10 256 195501 NBO
verified 10 256 195501 shared_actor
verified 10 256 195501 SAA
verified 10 256 195501 enumerated
verified 10 256 195502 myopic
verified 10 256 195502 quadratic
verified 10 256 195502 rbf
verified 10 256 195502 NBO
verified 10 256 195502 shared_actor
verified 10 256 195502 SAA
verified 10 256 195502 enumerated
verified 10 256 195503 myopic
verified 10 256 195503 quadratic
verified 10 256 195503 rbf
verified 10 256 195503 NBO
verified 10 256 195503 shared_actor
verified 10 256 195503 SAA
verified 10 256 195503 enumerated
verified 10 1024 195501 myopic
verified 10 1024 195501 quadratic
verified 10 1024 195501 rbf
verified 10 1024 195501 NBO
verified 10 1024 195501 shared_actor
verified 10 1024 195501 SAA
verified 10 1024 195501 enumerated
verified 10 1024 195502 myopic
verified 10 1024 195502 quadratic
verified 10 1024 195502 rbf
verified 10 1024 195502 NBO
verified 10 1024 195502 shared_actor
verified 10 1024 195502 SAA
verified 10 1024 195502 enumerated
verified 10 1024 195503 myopic
verified 10 1024 195503 quadratic
verified 10 1024 195503 rbf
verified 10 1024 195503 NBO
verified 10 1024 195503 shared_actor
verified 10 1024 195503 SAA
verified 10 1024 195503 enumerated
verified 50 1 195501 myopic
verified 50 1 195501 quadratic
verified 50 1 195501 rbf
verified 50 1 195501 NBO
verified 50 1 195501 shared_actor
verified 50 1 195501 SAA
verified 50 1 195501 enumerated
verified 50 1 195502 myopic
verified 50 1 195502 quadratic
verified 50 1 195502 rbf
verified 50 1 195502 NBO
verified 50 1 195502 shared_actor
verified 50 1 195502 SAA
verified 50 1 195502 enumerated
verified 50 1 195503 myopic
verified 50 1 195503 quadratic
verified 50 1 195503 rbf
verified 50 1 195503 NBO
verified 50 1 195503 shared_actor
verified 50 1 195503 SAA
verified 50 1 195503 enumerated
verified 50 4 195501 myopic
verified 50 4 195501 quadratic
verified 50 4 195501 rbf
verified 50 4 195501 NBO
verified 50 4 195501 shared_actor
verified 50 4 195501 SAA
verified 50 4 195501 enumerated
verified 50 4 195502 myopic
verified 50 4 195502 quadratic
verified 50 4 195502 rbf
verified 50 4 195502 NBO
verified 50 4 195502 shared_actor
verified 50 4 195502 SAA
verified 50 4 195502 enumerated
verified 50 4 195503 myopic
verified 50 4 195503 quadratic
verified 50 4 195503 rbf
verified 50 4 195503 NBO
verified 50 4 195503 shared_actor
verified 50 4 195503 SAA
verified 50 4 195503 enumerated
verified 50 16 195501 myopic
verified 50 16 195501 quadratic
verified 50 16 195501 rbf
verified 50 16 195501 NBO
verified 50 16 195501 shared_actor
verified 50 16 195501 SAA
verified 50 16 195501 enumerated
verified 50 16 195502 myopic
verified 50 16 195502 quadratic
verified 50 16 195502 rbf
verified 50 16 195502 NBO
verified 50 16 195502 shared_actor
verified 50 16 195502 SAA
verified 50 16 195502 enumerated
verified 50 16 195503 myopic
verified 50 16 195503 quadratic
verified 50 16 195503 rbf
verified 50 16 195503 NBO
verified 50 16 195503 shared_actor
verified 50 16 195503 SAA
verified 50 16 195503 enumerated
verified 50 64 195501 myopic
verified 50 64 195501 quadratic
verified 50 64 195501 rbf
verified 50 64 195501 NBO
verified 50 64 195501 shared_actor
verified 50 64 195501 SAA
verified 50 64 195501 enumerated
verified 50 64 195502 myopic
verified 50 64 195502 quadratic
verified 50 64 195502 rbf
verified 50 64 195502 NBO
verified 50 64 195502 shared_actor
verified 50 64 195502 SAA
verified 50 64 195502 enumerated
verified 50 64 195503 myopic
verified 50 64 195503 quadratic
verified 50 64 195503 rbf
verified 50 64 195503 NBO
verified 50 64 195503 shared_actor
verified 50 64 195503 SAA
verified 50 64 195503 enumerated
verified 50 256 195501 myopic
verified 50 256 195501 quadratic
verified 50 256 195501 rbf
verified 50 256 195501 NBO
verified 50 256 195501 shared_actor
verified 50 256 195501 SAA
verified 50 256 195501 enumerated
verified 50 256 195502 myopic
verified 50 256 195502 quadratic
verified 50 256 195502 rbf
verified 50 256 195502 NBO
verified 50 256 195502 shared_actor
verified 50 256 195502 SAA
verified 50 256 195502 enumerated
verified 50 256 195503 myopic
verified 50 256 195503 quadratic
verified 50 256 195503 rbf
verified 50 256 195503 NBO
verified 50 256 195503 shared_actor
verified 50 256 195503 SAA
verified 50 256 195503 enumerated
verified 50 1024 195501 myopic
verified 50 1024 195501 quadratic
verified 50 1024 195501 rbf
verified 50 1024 195501 NBO
verified 50 1024 195501 shared_actor
verified 50 1024 195501 SAA
verified 50 1024 195501 enumerated
verified 50 1024 195502 myopic
verified 50 1024 195502 quadratic
verified 50 1024 195502 rbf
verified 50 1024 195502 NBO
verified 50 1024 195502 shared_actor
verified 50 1024 195502 SAA
verified 50 1024 195502 enumerated
verified 50 1024 195503 myopic
verified 50 1024 195503 quadratic
verified 50 1024 195503 rbf
verified 50 1024 195503 NBO
verified 50 1024 195503 shared_actor
verified 50 1024 195503 SAA
verified 50 1024 195503 enumerated
{
  "summary_sha256": "6829a0aa6d6135f653e90043f555727e0a31186dbafa037c94d935954db95c96",
  "freeze_sha256": "50dc6cd31993a78427769cc44a4ee91a6468af1019c48092f7d5f2dbe1524be2",
  "complete_services": 252,
  "stages_replayed": 286,
  "task_certificates_replayed": 65515,
  "all_certificate_fields_exactly_reproduced": true,
  "exact_binary_scaling": {
    "calls": 2288,
    "arguments": 192623900,
    "largest_argument": 4.4549974907601975
  },
  "audit_seconds": 276.950930707,
  "scope": "Post-execution deterministic verification; no fitting, new task, new simulation observation, or extra independent stream."
}
