10 1 195501 myopic unresolved 0.00044305935786238815 0.030938743999996632
10 1 195501 quadratic certified 4.97686467201581e-06 0.03701263700000368
10 1 195501 rbf certified 9.473114821607145e-09 0.05288343400000173
10 1 195501 NBO certified 1.2079749896603824e-07 0.8286674630000022
10 1 195501 shared_actor unresolved 0.000260282212318758 0.6887145279999984
10 1 195501 SAA certified 6.655221874431889e-09 0.04297406900000311
10 1 195501 enumerated certified 1.856617689808217e-18 0.18278001899999907
10 1 195502 myopic unresolved 0.00044305935786238815 0.024743119999996566
10 1 195502 quadratic certified 4.094711378034324e-06 0.03620514100000349
10 1 195502 rbf certified 4.9400593712489664e-08 0.20758966000000356
10 1 195502 NBO certified 2.9589702071306658e-08 0.0899052760000032
10 1 195502 shared_actor unresolved 0.00010415375718968566 0.592035593999988
10 1 195502 SAA certified 4.586810501927294e-08 0.0427020899999917
10 1 195502 enumerated certified 1.856617689808217e-18 0.042894409000012956
10 1 195503 myopic unresolved 0.00044305935786238815 0.024756079999988856
10 1 195503 quadratic certified 4.8765710324005915e-06 0.0357510479999803
10 1 195503 rbf certified 1.1394944437377186e-07 0.037263755999987325
10 1 195503 NBO certified 4.510094677360949e-07 0.08975921500000084
10 1 195503 shared_actor certified 9.112797139615978e-05 0.09972628699999575
10 1 195503 SAA certified 2.303857435973322e-07 0.043042683999999554
10 1 195503 enumerated certified 1.856617689808217e-18 0.042632355999998595
10 4 195501 myopic unresolved 0.00027571580101586404 0.028023187000016492
10 4 195501 quadratic certified 2.3844966191371955e-06 0.03909918699999082
10 4 195501 rbf certified 1.7986266946928518e-07 0.04030981999999028
10 4 195501 NBO certified 3.776631544641796e-07 0.09396611699999369
10 4 195501 shared_actor certified 8.748993247067381e-05 0.10336351099999774
10 4 195501 SAA certified 4.5782942876920454e-08 0.046849772999991046
10 4 195501 enumerated certified 6.427422668331567e-19 0.046683752999982175
10 4 195502 myopic unresolved 0.00027571580101586404 0.028323829999990835
10 4 195502 quadratic certified 2.6227625695003735e-06 0.03929512300000226
10 4 195502 rbf certified 3.2261816452000255e-08 0.04046507399999655
10 4 195502 NBO certified 3.989030127691777e-08 0.09400475500000027
10 4 195502 shared_actor unresolved 0.00018937328468994233 0.5933914940000022
10 4 195502 SAA certified 1.910308720532765e-08 0.04798138600000357
10 4 195502 enumerated certified 6.427422668331567e-19 0.047247796000007725
10 4 195503 myopic unresolved 0.00027571580101586404 0.028018411000005017
10 4 195503 quadratic certified 2.0664310741884857e-06 0.09804737799998975
10 4 195503 rbf certified 5.473713183885407e-07 0.08658187400001793
10 4 195503 NBO certified 3.281702605962341e-07 0.33966262199999164
10 4 195503 shared_actor unresolved 0.00017124509585555192 0.8565503769999907
10 4 195503 SAA certified 3.180369356563998e-07 0.07153780400001608
10 4 195503 enumerated certified 6.427422668331567e-19 0.13144620200000645
10 16 195501 myopic unresolved 0.00036113564796416594 0.11208635700000968
10 16 195501 quadratic certified 2.6808974084080958e-06 0.12904937999999788
10 16 195501 rbf certified 1.6201988391377093e-07 0.05211680799999385
10 16 195501 NBO certified 5.774766565772948e-07 0.13123327899998571
10 16 195501 shared_actor unresolved 0.00010938493835870882 0.6153368719999861
10 16 195501 SAA certified 4.430955021261214e-08 0.06653248500001041
10 16 195501 enumerated certified 1.2645668607501736e-18 0.08588640199998565
10 16 195502 myopic unresolved 0.00036113564796416594 0.03922504800000581
10 16 195502 quadratic certified 2.711432258331425e-06 0.05095983500000045
10 16 195502 rbf certified 8.693967738921262e-08 0.05260268100001042
10 16 195502 NBO certified 5.339355268209398e-07 0.10528223800000092
10 16 195502 shared_actor unresolved 0.0001384074888282442 0.6360105649999923
10 16 195502 SAA certified 2.6671296750609614e-08 0.05868154799999559
10 16 195502 enumerated certified 1.2645668607501736e-18 0.06104130199999247
10 16 195503 myopic unresolved 0.00036113564796416594 0.03911392099999489
10 16 195503 quadratic certified 3.140672290882032e-06 0.053597258000010584
10 16 195503 rbf certified 4.403511835300013e-07 0.05204314699999202
10 16 195503 NBO certified 4.092033229504147e-07 0.14699039600000674
10 16 195503 shared_actor unresolved 0.0002085991928157469 0.6151691499999998
10 16 195503 SAA certified 1.7375915807721391e-07 0.0589688710000047
10 16 195503 enumerated certified 1.2645668607501736e-18 0.07121407699999338
10 64 195501 myopic unresolved 0.0003764259051399026 0.08526969999999778
10 64 195501 quadratic certified 2.341384018532618e-06 0.10374843600000361
10 64 195501 rbf certified 1.5763896547392023e-07 0.0975257430000056
10 64 195501 NBO certified 4.4366162504100583e-07 0.15039704299999812
10 64 195501 shared_actor unresolved 0.0001490370688976047 0.705368615999987
10 64 195501 SAA certified 3.357003927067642e-08 0.10510164400000122
10 64 195501 enumerated certified 9.318315518003997e-19 0.11454142500001296
10 64 195502 myopic unresolved 0.0003764259051399026 0.08315608499999882
10 64 195502 quadratic certified 2.3275600779033393e-06 0.09551407200000028
10 64 195502 rbf certified 9.323513367668375e-08 0.09737100899999973
10 64 195502 NBO certified 5.422010554841549e-07 0.1511498219999936
10 64 195502 shared_actor unresolved 0.00017061698727143407 0.8380101869999947
10 64 195502 SAA certified 3.266123856418182e-08 0.142544357999995
10 64 195502 enumerated certified 9.318315518003997e-19 0.14010597299999006
10 64 195503 myopic unresolved 0.0003764259051399026 0.08311751799999456
10 64 195503 quadratic certified 2.5813640118317766e-06 0.0953079680000144
10 64 195503 rbf certified 3.2386789016332883e-07 0.27061311100000296
10 64 195503 NBO certified 3.685552572250487e-07 0.31964443600000436
10 64 195503 shared_actor unresolved 0.00016505073544797772 0.703089274000007
10 64 195503 SAA certified 1.6791293696608042e-07 0.10536949200000834
10 64 195503 enumerated certified 9.318315518003997e-19 0.11624608299999295
10 256 195501 myopic unresolved 0.00036949808085762393 0.27933627400000205
10 256 195501 quadratic certified 1.9181199374486857e-06 0.3019155040000072
10 256 195501 rbf certified 1.6585429934558806e-07 0.30752471100001344
10 256 195501 NBO certified 4.673415954932301e-07 0.34970085099998016
10 256 195501 shared_actor unresolved 0.0001755227617207169 1.1010259720000022
10 256 195501 SAA certified 3.5735913608696516e-08 0.3077833520000013
10 256 195501 enumerated certified 9.340639276322193e-19 0.3472164449999866
10 256 195502 myopic unresolved 0.00036949808085762393 0.2768386389999904
10 256 195502 quadratic certified 1.9357782217110183e-06 0.2927697820000077
10 256 195502 rbf certified 7.475212563500993e-08 0.30943971899999667
10 256 195502 NBO certified 4.5367901866713015e-07 0.3514316260000072
10 256 195502 shared_actor unresolved 0.0001777978299101024 1.1103608659999935
10 256 195502 SAA certified 2.899233220357231e-08 0.3240106500000053
10 256 195502 enumerated certified 9.340639276322193e-19 0.4372708339999889
10 256 195503 myopic unresolved 0.00036949808085762393 0.2749441320000159
10 256 195503 quadratic certified 2.066544888949414e-06 0.2941001239999963
10 256 195503 rbf certified 3.554917055709963e-07 0.29859440300000983
10 256 195503 NBO certified 3.75069669879204e-07 0.3658159430000012
10 256 195503 shared_actor unresolved 0.0001810654525299656 1.311859047999988
10 256 195503 SAA certified 1.9052051610508538e-07 0.358211869999991
10 256 195503 enumerated certified 9.340639276322193e-19 0.3453268620000074
10 1024 195501 myopic unresolved 0.00037219884761798927 1.0968962600000083
10 1024 195501 quadratic certified 1.775658140146863e-06 1.1464106990000005
10 1024 195501 rbf certified 1.5887149300273735e-07 1.5033572369999888
10 1024 195501 NBO certified 4.575256289415225e-07 1.1916987400000068
10 1024 195501 shared_actor unresolved 0.00020202424099949177 2.8665396040000104
10 1024 195501 SAA certified 3.469940591516701e-08 1.2291350849999958
10 1024 195501 enumerated certified 9.425266962648598e-19 1.4589592859999954
10 1024 195502 myopic unresolved 0.00037219884761798927 1.0833841310000167
10 1024 195502 quadratic certified 1.7907668748896018e-06 1.1607337960000024
10 1024 195502 rbf certified 7.61110795526748e-08 1.199131261000005
10 1024 195502 NBO certified 4.569422237928411e-07 1.1840232260000079
10 1024 195502 shared_actor unresolved 0.00019982218484092463 2.815780752000009
10 1024 195502 SAA certified 2.9512058955630385e-08 1.2038328670000027
10 1024 195502 enumerated certified 9.425266962648598e-19 1.4747652570000014
10 1024 195503 myopic unresolved 0.00037219884761798927 1.1133316399999984
10 1024 195503 quadratic certified 1.9074033844047654e-06 1.1185404190000128
10 1024 195503 rbf certified 3.3395230712826223e-07 1.2469143010000039
10 1024 195503 NBO certified 3.669790123724908e-07 1.2135516679999938
10 1024 195503 shared_actor unresolved 0.0001965944715237376 2.7152933699999977
10 1024 195503 SAA certified 1.7899702298806078e-07 1.1510839110000006
10 1024 195503 enumerated certified 9.425266962648598e-19 1.4296187309999908
50 1 195501 myopic unresolved 0.0004492768499957256 0.030454761999990865
50 1 195501 quadratic certified 2.5542141546616093e-06 0.04388006099999586
50 1 195501 rbf certified 9.925467278054157e-09 0.08748584799998582
50 1 195501 NBO certified 1.9676446247273503e-07 0.09996805599999448
50 1 195501 shared_actor unresolved 0.0002852159207399489 1.478080066000004
50 1 195501 SAA certified 5.7021177498608775e-08 0.04900801399999466
50 1 195501 enumerated certified 1.4149825665369879e-18 0.04904825599999185
50 1 195502 myopic unresolved 0.0004492768499957256 0.030187061000006565
50 1 195502 quadratic certified 2.062922669564896e-06 0.04374615700000106
50 1 195502 rbf certified 2.4831643563881667e-08 0.04486164999998721
50 1 195502 NBO certified 5.667579731666444e-07 0.09966444599999136
50 1 195502 shared_actor unresolved 0.00020852417128153458 1.4983180480000016
50 1 195502 SAA certified 3.96925189295382e-09 0.050565305000020544
50 1 195502 enumerated certified 1.4149825665369879e-18 0.049112152000006404
50 1 195503 myopic unresolved 0.0004492768499957256 0.03007838600001378
50 1 195503 quadratic certified 2.297648185690274e-06 0.04644347699999685
50 1 195503 rbf certified 1.9730039570268523e-09 0.044558702000003336
50 1 195503 NBO certified 2.8958221492217924e-07 0.09971647500000813
50 1 195503 shared_actor certified 4.917858143262118e-05 1.4821482450000047
50 1 195503 SAA certified 5.7977539346452635e-08 0.04922810599998684
50 1 195503 enumerated certified 1.4149825665369879e-18 0.048918829999990976
50 4 195501 myopic unresolved 0.00042175405644896295 0.04362168899999119
50 4 195501 quadratic certified 2.2409590746921125e-06 0.06049427300000332
50 4 195501 rbf certified 1.825873176924459e-08 0.06314497299999289
50 4 195501 NBO certified 3.138943663620498e-07 0.1145777549999849
50 4 195501 shared_actor unresolved 0.00033201662122137585 1.5088996520000393
50 4 195501 SAA certified 2.3188029596683626e-08 0.06347915699996065
50 4 195501 enumerated certified 1.0116266061698647e-18 0.06493700600000807
50 4 195502 myopic unresolved 0.00042175405644896295 0.04337725700003148
50 4 195502 quadratic certified 2.1326640303847347e-06 0.059985552000028974
50 4 195502 rbf certified 2.5588227738034686e-08 0.13468977900001278
50 4 195502 NBO certified 5.206473865917181e-07 0.11373137100000008
50 4 195502 shared_actor unresolved 0.0009921553981171358 1.5019404189999932
50 4 195502 SAA certified 2.0509079641964232e-09 0.06346624800002587
50 4 195502 enumerated certified 1.0116266061698647e-18 0.0655204420000075
50 4 195503 myopic unresolved 0.00042175405644896295 0.04360470200001032
50 4 195503 quadratic certified 2.2032448448534284e-06 0.060158794000017224
50 4 195503 rbf certified 2.2724565469988066e-08 0.059498378000000685
50 4 195503 NBO certified 8.258920996781024e-07 0.11504560599999536
50 4 195503 shared_actor unresolved 0.00028737372778889827 1.537024228000007
50 4 195503 SAA certified 2.2235586166534792e-08 0.14098721500002398
50 4 195503 enumerated certified 1.0116266061698647e-18 0.11631412500000238
50 16 195501 myopic unresolved 0.00042628350631652404 0.09855887300000177
50 16 195501 quadratic certified 1.6142607210001864e-06 0.1247107279999966
50 16 195501 rbf certified 1.5335998741981274e-07 0.11485443600003009
50 16 195501 NBO certified 1.0107594028505376e-06 0.16834880900000826
50 16 195501 shared_actor unresolved 0.0010538621200051632 1.640185233000011
50 16 195501 SAA certified 3.15315055234714e-08 0.11957125399999313
50 16 195501 enumerated certified 1.0963621038188326e-18 0.12947269200000733
50 16 195502 myopic unresolved 0.00042628350631652404 0.09782507799999962
50 16 195502 quadratic certified 1.5343562204623359e-06 0.11334803700000862
50 16 195502 rbf certified 1.5121533788263816e-07 0.11403582299999471
50 16 195502 NBO certified 1.336516060405892e-06 0.16830314599999951
50 16 195502 shared_actor unresolved 0.001122877685186446 1.6192435319999845
50 16 195502 SAA certified 4.152445727724289e-09 0.12254730900002642
50 16 195502 enumerated certified 1.0963621038188326e-18 0.12982605499999522
50 16 195503 myopic unresolved 0.00042628350631652404 0.0978665199999682
50 16 195503 quadratic certified 1.5410472107709218e-06 0.11385843600001522
50 16 195503 rbf certified 2.1923703401740233e-07 0.11598462000000609
50 16 195503 NBO certified 1.4743453381980561e-06 0.16868541700000605
50 16 195503 shared_actor unresolved 0.000573307845529833 1.5935415499999976
50 16 195503 SAA certified 4.517773619036093e-08 0.11970343199999434
50 16 195503 enumerated certified 1.0963621038188326e-18 0.22500274599997283
50 64 195501 myopic unresolved 0.00040429915878029187 0.37180026599997973
50 64 195501 quadratic certified 1.7614660854536258e-06 0.3366384269999969
50 64 195501 rbf certified 1.4853417201656748e-07 0.4491439510000248
50 64 195501 NBO certified 9.208558421967591e-07 0.4647705250000058
50 64 195501 shared_actor unresolved 0.0012679915594706731 2.0199727010000004
50 64 195501 SAA certified 3.399326111019063e-08 0.35294607599999495
50 64 195501 enumerated certified 8.261887132680833e-19 0.3899071569999819
50 64 195502 myopic unresolved 0.00040429915878029187 0.31606495899998777
50 64 195502 quadratic certified 1.7283960577016883e-06 0.3387052550000078
50 64 195502 rbf certified 1.179779471194908e-07 0.33663804200000413
50 64 195502 NBO certified 1.070969081054337e-06 0.39125594300000444
50 64 195502 shared_actor unresolved 0.0006573623510807367 2.0617488599999945
50 64 195502 SAA certified 3.6469988044892005e-09 0.34880810800001427
50 64 195502 enumerated certified 8.261887132680833e-19 0.39093138699999486
50 64 195503 myopic unresolved 0.00040429915878029187 0.3150077199999828
50 64 195503 quadratic certified 1.7272500151483718e-06 0.3320025970000131
50 64 195503 rbf certified 1.8199889265428787e-07 0.3353261339999847
50 64 195503 NBO certified 1.1221209248162997e-06 0.3891099119999808
50 64 195503 shared_actor unresolved 0.000646123374444724 2.0262303340000187
50 64 195503 SAA certified 4.8339515530246935e-08 0.3496844180000096
50 64 195503 enumerated certified 8.261887132680833e-19 0.38841602599998737
50 256 195501 myopic unresolved 0.0003704381766875054 1.3326616759999865
50 256 195501 quadratic certified 1.4737450189178138e-06 1.3518777849999992
50 256 195501 rbf certified 1.580626209438071e-07 1.4051216040000156
50 256 195501 NBO certified 8.622733047256193e-07 1.4076695629999847
50 256 195501 shared_actor unresolved 0.0012426355687203512 3.997751782999984
50 256 195501 SAA certified 3.585309220955723e-08 1.3853952599999957
50 256 195501 enumerated certified 8.211147571872662e-19 1.6982713220000107
50 256 195502 myopic unresolved 0.0003704381766875054 1.3218528260000255
50 256 195502 quadratic certified 1.4573828119159194e-06 1.325402223999987
50 256 195502 rbf certified 1.1586572750424513e-07 1.461449416000022
50 256 195502 NBO certified 9.917014434838106e-07 1.4313067900000078
50 256 195502 shared_actor unresolved 0.0007677427563605691 4.025577734999985
50 256 195502 SAA certified 3.558494335064895e-09 1.3859615540000334
50 256 195502 enumerated certified 8.211147571872662e-19 1.6663550680000014
50 256 195503 myopic unresolved 0.0003704381766875054 1.309549483000012
50 256 195503 quadratic certified 1.4567850879466717e-06 1.3337052930000084
50 256 195503 rbf certified 1.9385452203182768e-07 1.4798465920000012
50 256 195503 NBO certified 1.0890081791660432e-06 1.4052822549999746
50 256 195503 shared_actor unresolved 0.0007459158858191971 4.120629152999982
50 256 195503 SAA certified 4.985287766276802e-08 1.4307241810000164
50 256 195503 enumerated certified 8.211147571872662e-19 1.703518785
50 1024 195501 myopic unresolved 0.0003728114566262567 5.633119568000012
50 1024 195501 quadratic certified 1.676802349118311e-06 5.744823634000028
50 1024 195501 rbf certified 1.7575130052506143e-07 5.884071970000008
50 1024 195501 NBO certified 9.988783644723303e-07 5.741820527999977
50 1024 195501 shared_actor unresolved 0.0011171378891819915 13.022236926000005
50 1024 195501 SAA certified 3.710262003980526e-08 6.0413594589999775
50 1024 195501 enumerated certified 9.525799072708706e-19 6.896684829000009
50 1024 195502 myopic unresolved 0.0003728114566262567 5.607809594000003
50 1024 195502 quadratic certified 1.6602843680283043e-06 5.883157660999984
50 1024 195502 rbf certified 1.2549342339799621e-07 5.8391589679999925
50 1024 195502 NBO certified 1.1868606069252173e-06 5.701521937999985
50 1024 195502 shared_actor unresolved 0.0008270891666269248 12.508764638999992
50 1024 195502 SAA certified 3.5917477526341916e-09 5.871250093999947
50 1024 195502 enumerated certified 9.525799072708706e-19 6.6740564349999545
50 1024 195503 myopic unresolved 0.0003728114566262567 5.643777519000025
50 1024 195503 quadratic certified 1.6672840296919752e-06 5.802536540999995
50 1024 195503 rbf certified 2.2693518134804548e-07 6.017088536000017
50 1024 195503 NBO certified 1.3160436031301202e-06 5.751924538000026
50 1024 195503 shared_actor unresolved 0.0007730117509548795 12.629647040999942
50 1024 195503 SAA certified 5.187931923554444e-08 5.8761294880000605
50 1024 195503 enumerated certified 9.525799072708706e-19 6.7099404200000095
COMPLETE 252 FAILURES 0
