{
  "freeze_sha256": "50dc6cd31993a78427769cc44a4ee91a6468af1019c48092f7d5f2dbe1524be2",
  "summary_sha256": "6829a0aa6d6135f653e90043f555727e0a31186dbafa037c94d935954db95c96",
  "outcomes": {
    "all_record_checks": true,
    "cell_cost_winners": {
      "NBO": 1,
      "SAA": 1,
      "quadratic": 8,
      "rbf": 2
    },
    "completed": 252,
    "expected": 252,
    "failures": [],
    "full_comparison_seconds": 288.476008767,
    "nbo_first_stage_passes": 36,
    "nbo_max_regret_upper": 1.4743453381980561e-06,
    "nbo_passes": 36,
    "post_stop_diagnostic_seconds": 16.336703647999855,
    "record_checks": 790,
    "service_seconds": 268.749964469
  },
  "NBO_certified_services": 36,
  "NBO_maximum_mean_regret_upper": 1.4743453381980561e-06,
  "certificate_replay": {
    "all_certificate_fields_exactly_reproduced": true,
    "audit_seconds": 276.950930707,
    "complete_services": 252,
    "exact_binary_scaling": {
      "arguments": 192623900,
      "calls": 2288,
      "largest_argument": 4.4549974907601975
    },
    "freeze_sha256": "50dc6cd31993a78427769cc44a4ee91a6468af1019c48092f7d5f2dbe1524be2",
    "scope": "Post-execution deterministic verification; no fitting, new task, new simulation observation, or extra independent stream.",
    "stages_replayed": 286,
    "summary_sha256": "6829a0aa6d6135f653e90043f555727e0a31186dbafa037c94d935954db95c96",
    "task_certificates_replayed": 65515
  },
  "unit_tests": {
    "passed": 34,
    "skipped": 0,
    "log_sha256": "dafedde27ac7b52f34c297baf43f1afccc42fcb131e993b828d8b10e3060849c"
  },
  "response_items": 18,
  "preservation": {
    "source_files_checked": 407,
    "all_preserved": true
  },
  "native_compilation": {
    "class_name": "econsocart",
    "options": "ecta,nameyear,draft",
    "cycles": 4,
    "documents": [
      {
        "document": "ECTA",
        "source": "ECTA.tex",
        "pages": 51,
        "pdf_sha256": "12015364be06c115b55365a94d7d15911f9345520d30da0890b28545d71ee82a",
        "undefined": false,
        "multiply_defined": false,
        "duplicate_destination": false,
        "missing_character": false,
        "overfull_hbox": [],
        "overfull_vbox": []
      },
      {
        "document": "supp",
        "source": "supp.tex",
        "pages": 210,
        "pdf_sha256": "9c581040e82f578a1dc55e8f8c85dc780f7f0c3cb3356e31d7e401b8cd244027",
        "undefined": false,
        "multiply_defined": false,
        "duplicate_destination": false,
        "missing_character": false,
        "overfull_hbox": [],
        "overfull_vbox": [
          0.6878
        ]
      },
      {
        "document": "applications",
        "source": "revisions/2026-10-05-r19-integrated/applications.tex",
        "pages": 48,
        "pdf_sha256": "d9a53782867016f54c79180eb9e75dbee95f5d95e55f277937ae49a67007d2e9",
        "undefined": false,
        "multiply_defined": false,
        "duplicate_destination": false,
        "missing_character": false,
        "overfull_hbox": [],
        "overfull_vbox": []
      },
      {
        "document": "response",
        "source": "revisions/2026-10-05-r19-integrated/response.tex",
        "pages": 7,
        "pdf_sha256": "c5647b54aa7f07b87b24e9b4d63edc80fd34b28199f68e4394ebc3cb56450835",
        "undefined": false,
        "multiply_defined": false,
        "duplicate_destination": false,
        "missing_character": false,
        "overfull_hbox": [],
        "overfull_vbox": []
      }
    ],
    "visual_inspection": "Recorded separately against these PDF hashes."
  },
  "evidence_unit": "Three complete streams. A repeated run is a replay, not additional independent streams.",
  "interpretation": "Finite stored-law scalar-interval accuracy. The complete original vector-menu, diffusion, recursive-utility and game materials remain, with their original distinct scope."
}
