{
  "status": "passed",
  "tests": 204,
  "new_tests": 18,
  "documents": [
    {
      "name": "ECTA",
      "pages": 91
    },
    {
      "name": "supp",
      "pages": 58
    },
    {
      "name": "development",
      "pages": 67
    },
    {
      "name": "development-supp",
      "pages": 46
    },
    {
      "name": "complete",
      "pages": 201
    },
    {
      "name": "complete-supp",
      "pages": 164
    },
    {
      "name": "response",
      "pages": 10
    }
  ],
  "services": 96,
  "fixed_actors": 5,
  "factorial_answers": 3160,
  "seconds": 98.912465892
}
