{
  "status": "passed",
  "services": 96,
  "attained": 80,
  "budget_exhausted": 16,
  "exact_records": 2408,
  "checked_cells": 24576,
  "original_law_rows_reconstructed": 1896448,
  "native_factorial_exact_answers": 3160,
  "unique_fixed_actors": 5,
  "fixed_aliases": 32,
  "fixed_bounds": [
    {
      "policy": "2cc41f05e476",
      "bound": 0.07175185069180287,
      "leaves": 64,
      "modes": [
        "relu-native",
        "relu-screened"
      ]
    },
    {
      "policy": "3f2668fe4f2e",
      "bound": 0.07175185069180287,
      "leaves": 64,
      "modes": [
        "common-only",
        "quadratic-native"
      ]
    },
    {
      "policy": "4e5b6e263567",
      "bound": 0.30329645212032413,
      "leaves": 32,
      "modes": [
        "relu-native",
        "relu-screened"
      ]
    },
    {
      "policy": "718597a76584",
      "bound": 0.06777649624395034,
      "leaves": 64,
      "modes": [
        "relu-native",
        "relu-screened"
      ]
    },
    {
      "policy": "a06e05ba7d07",
      "bound": 0.30329645212032413,
      "leaves": 32,
      "modes": [
        "common-only",
        "quadratic-native",
        "relu-native",
        "relu-screened"
      ]
    }
  ],
  "paired_classifications": {
    "common-only": {
      "identity": 7,
      "lower": 0,
      "higher": 0,
      "unresolved": 5
    },
    "quadratic-native": {
      "identity": 7,
      "lower": 0,
      "higher": 0,
      "unresolved": 5
    },
    "relu-screened": {
      "identity": 12,
      "lower": 0,
      "higher": 0,
      "unresolved": 0
    }
  },
  "warm_fastest_modes": [
    {
      "d": 2,
      "T": 2,
      "target": "9/10",
      "by_worker": [
        "common-only",
        "common-only"
      ]
    },
    {
      "d": 2,
      "T": 2,
      "target": "4/5",
      "by_worker": [
        "common-only",
        "common-only"
      ]
    },
    {
      "d": 4,
      "T": 4,
      "target": "9/10",
      "by_worker": [
        "common-only",
        "common-only"
      ]
    },
    {
      "d": 4,
      "T": 4,
      "target": "4/5",
      "by_worker": [
        "common-only",
        "common-only"
      ]
    },
    {
      "d": 8,
      "T": 6,
      "target": "9/10",
      "by_worker": [
        "common-only",
        "common-only"
      ]
    },
    {
      "d": 8,
      "T": 6,
      "target": "4/5",
      "by_worker": [
        "common-only",
        "common-only"
      ]
    }
  ],
  "matched_service_savings": [
    {
      "d": 2,
      "T": 2,
      "target": "9/10",
      "workers": [
        {
          "median": 1.9506159540702468,
          "minimum": 1.5650881107533479,
          "maximum": 2.336143797387146,
          "faster": 2
        },
        {
          "median": 2.294204264284235,
          "minimum": 1.2891137319497639,
          "maximum": 3.2992947966187067,
          "faster": 2
        }
      ]
    },
    {
      "d": 2,
      "T": 2,
      "target": "4/5",
      "workers": [
        {
          "median": 0.8102919318095279,
          "minimum": 0.6807231015664464,
          "maximum": 0.9398607620526092,
          "faster": 2
        },
        {
          "median": 1.8294295705268961,
          "minimum": 1.2005568852857238,
          "maximum": 2.4583022557680687,
          "faster": 2
        }
      ]
    },
    {
      "d": 4,
      "T": 4,
      "target": "9/10",
      "workers": [
        {
          "median": 1.2362134322195528,
          "minimum": 0.8060727282118821,
          "maximum": 1.6663541362272234,
          "faster": 2
        },
        {
          "median": 1.682498478852176,
          "minimum": 1.344468191032023,
          "maximum": 2.020528766672329,
          "faster": 2
        }
      ]
    },
    {
      "d": 4,
      "T": 4,
      "target": "4/5",
      "workers": [
        {
          "median": 1.371997640112533,
          "minimum": 1.0456263741951757,
          "maximum": 1.69836890602989,
          "faster": 2
        },
        {
          "median": -0.7512339964905944,
          "minimum": -3.011363481252533,
          "maximum": 1.5088954882713443,
          "faster": 1
        }
      ]
    },
    {
      "d": 8,
      "T": 6,
      "target": "9/10",
      "workers": [
        {
          "median": 0.507708705380058,
          "minimum": -0.36814306814310044,
          "maximum": 1.3835604789032163,
          "faster": 1
        },
        {
          "median": 1.3515356507215375,
          "minimum": 0.47006394268805474,
          "maximum": 2.23300735875502,
          "faster": 2
        }
      ]
    },
    {
      "d": 8,
      "T": 6,
      "target": "4/5",
      "workers": [
        {
          "median": 1.0796382125787745,
          "minimum": 0.9726499258848136,
          "maximum": 1.1866264992727353,
          "faster": 2
        },
        {
          "median": 1.8607219937319588,
          "minimum": 1.4541456473787908,
          "maximum": 2.2672983400851265,
          "faster": 2
        }
      ]
    }
  ],
  "factorial": [
    {
      "instances": 15,
      "maximum_fraction_saved": 0.10005323202879814,
      "median_fraction_saved": 0.02513617080203939,
      "minimum_fraction_saved": -0.04962106891216799,
      "reduced_piecewise_faster": 13,
      "size": 33,
      "width": 8,
      "worker": 0
    },
    {
      "instances": 15,
      "maximum_fraction_saved": 0.28018885738718186,
      "median_fraction_saved": 0.23050816215647618,
      "minimum_fraction_saved": 0.10382272477896427,
      "reduced_piecewise_faster": 15,
      "size": 129,
      "width": 8,
      "worker": 0
    },
    {
      "instances": 15,
      "maximum_fraction_saved": 0.6490592522451728,
      "median_fraction_saved": 0.6051199466308085,
      "minimum_fraction_saved": 0.3951984420487238,
      "reduced_piecewise_faster": 15,
      "size": 513,
      "width": 8,
      "worker": 0
    },
    {
      "instances": 15,
      "maximum_fraction_saved": 0.19442506725157274,
      "median_fraction_saved": -0.17788144514163937,
      "minimum_fraction_saved": -0.3928713473146837,
      "reduced_piecewise_faster": 1,
      "size": 33,
      "width": 32,
      "worker": 0
    },
    {
      "instances": 15,
      "maximum_fraction_saved": 0.3159306002142816,
      "median_fraction_saved": 0.26774011601872244,
      "minimum_fraction_saved": 0.07025890100614933,
      "reduced_piecewise_faster": 15,
      "size": 129,
      "width": 32,
      "worker": 0
    },
    {
      "instances": 15,
      "maximum_fraction_saved": 0.7267465806120942,
      "median_fraction_saved": 0.7042961788213462,
      "minimum_fraction_saved": 0.6370149704988717,
      "reduced_piecewise_faster": 15,
      "size": 513,
      "width": 32,
      "worker": 0
    },
    {
      "instances": 15,
      "maximum_fraction_saved": 0.20303889424957042,
      "median_fraction_saved": 0.0040061062079510545,
      "minimum_fraction_saved": -0.06694629646025439,
      "reduced_piecewise_faster": 8,
      "size": 33,
      "width": 8,
      "worker": 1
    },
    {
      "instances": 15,
      "maximum_fraction_saved": 0.31944365827006976,
      "median_fraction_saved": 0.2519843975954291,
      "minimum_fraction_saved": 0.17745463420817142,
      "reduced_piecewise_faster": 15,
      "size": 129,
      "width": 8,
      "worker": 1
    },
    {
      "instances": 15,
      "maximum_fraction_saved": 0.6841435146628391,
      "median_fraction_saved": 0.6507194618296105,
      "minimum_fraction_saved": 0.5480042038373248,
      "reduced_piecewise_faster": 15,
      "size": 513,
      "width": 8,
      "worker": 1
    },
    {
      "instances": 15,
      "maximum_fraction_saved": -0.11297617406133968,
      "median_fraction_saved": -0.18927324009138669,
      "minimum_fraction_saved": -0.4145921052861386,
      "reduced_piecewise_faster": 0,
      "size": 33,
      "width": 32,
      "worker": 1
    },
    {
      "instances": 15,
      "maximum_fraction_saved": 0.4614964011906337,
      "median_fraction_saved": 0.3068596025468863,
      "minimum_fraction_saved": 0.07854521083691501,
      "reduced_piecewise_faster": 15,
      "size": 129,
      "width": 32,
      "worker": 1
    },
    {
      "instances": 15,
      "maximum_fraction_saved": 0.7587195761763719,
      "median_fraction_saved": 0.7255893783809605,
      "minimum_fraction_saved": 0.6713184701194277,
      "reduced_piecewise_faster": 15,
      "size": 513,
      "width": 32,
      "worker": 1
    }
  ],
  "centered_final_gap": 0.03978614928330127,
  "centered_total_work": 289.74200770899995,
  "distinct_extra_witness_cell_changes": 12,
  "replay_seconds": 528.439291509,
  "fallback_record_count": 56,
  "maximum_reported_stress_operand_bits": 57,
  "source_hashes": {
    "audit/SCIENCE_REPLAY61.json": "b3748799a1bb16c19c84fe7bba51ef7cabb4cbc19ff1923a887d99ad94320a47",
    "audit/FACTORIAL_AUDIT61.json": "ecaff374beee31ccc46f110728567faa7807a23a415cc6e9b77f7fb767a2ea8a",
    "results61-revalidation/summary.json": "598819a428201ab67c1c3c5e7e5031fe8c1faf91732d436270519f13b0ca5165"
  }
}
