long_reuse_d10 raw_saa@3 0.0 30.4232602225625 NBO3 0.00019833090648972254
long_reuse_d50 raw_saa@3 4.8924653939810825e-05 67.03910780225 NBO3 0.0002687720570035551
original_low_d10 raw_saa@1 3.93477509381783e-06 3.4735634593749998 NBO3 3.882996140847084e-06
original_low_d50 raw_saa@1 3.5620736788645815e-06 3.965859550562501 NBO3 5.94486792943787e-06
quarterly_reuse_d10 raw_actor@2 7.542240197343925e-05 4.853639868625 NBO3 1.8474921453863827e-05
quarterly_reuse_d50 vector_costate@3 7.67725751973005e-05 11.14672891625 NBO3 5.2340630315223305e-05
untouched_intermediate_d10 vector_costate@2 8.381270954754654e-05 6.5190071345625 NBO3 4.2815830516280615e-05
untouched_intermediate_d50 nbo_scalar@3 9.139047116092994e-05 12.6992224910625 NBO3 9.139047116092994e-05
{
  "complete": true,
  "base": "3a5bae12938077002d1619a0dd32be6071e9adab",
  "inherited_label_count": 350,
  "current_label_count": 374,
  "inherited_mathematical_proof_block_count": 46,
  "current_mathematical_proof_block_count": 58,
  "all_inherited_labels_and_blocks_preserved": true,
  "old_reading_files": 110,
  "current_reading_files": 118,
  "risk_replay_byte_identical": true,
  "risk_sha256": "e8f66826a0c5fba7438d8cad7b7efbe96446d4f4103b2d7cc28f17e9d96c71c6",
  "risk_comparisons": {
    "nbo_lower_risk": 8,
    "raw_lower_risk": 4,
    "unresolved": 12
  },
  "all_risk_comparisons_retained": 24,
  "catalogue_records": 128,
  "new_simulation_observations": 0,
  "catalogue_analysis": "post-freeze deterministic closure",
  "abstract_whitespace_words": 136,
  "referee_response_ids": [
    "B1",
    "B2",
    "B3",
    "B4",
    "B5",
    "B6",
    "B7",
    "B8",
    "M1",
    "M2",
    "M3",
    "M4",
    "M5",
    "M6",
    "M7",
    "M8",
    "M9",
    "M10"
  ],
  "confidence": {
    "menu_payoff_failure": 0.018,
    "risk_failure": 0.01,
    "joint_menu_payoff_risk_failure_upper": 0.028,
    "all_prior_families_plus_risk_failure_upper": 0.06
  },
  "original_roots": {
    "revisions/2026-10-05-r18/archive/ECTA.tex": "a3ed2ba396ab6ea347ce64a4592da119408b8db046c9d66a5b09523adae5a596",
    "revisions/2026-10-05-r18/archive/supp.tex": "9ee61cd61ac48167d5f33eec0f46d339ce0906ed3760043fc6b0ad81ae57a2d9",
    "revisions/2026-10-05-r18/archive/README.md": "04a51a763aa9a12cf16c15ad4f60e03dd4c3840b99edcd5375c03edc879171aa",
    "revisions/2026-10-05-r18/archive/response.tex": "c07915e96eb54e516502c12998ab89cc7e3d15ef2c3469f4a2493f8800d568ed",
    "revisions/2026-10-05-r18/archive/applications.tex": "781904c755a67bd32164e76591adcece6258e8cdab02b6ff4984d338390d768f"
  }
}
