[
  {
    "calibration": "original_low",
    "dimension": 10,
    "raw_paths": 4,
    "lower": -2.4111875164642273e-10,
    "upper": 9.499200124123427e-11
  },
  {
    "calibration": "original_low",
    "dimension": 10,
    "raw_paths": 16,
    "lower": -9.370130065779688e-11,
    "upper": 6.496570513332564e-11
  },
  {
    "calibration": "original_low",
    "dimension": 10,
    "raw_paths": 64,
    "lower": -4.90936336018026e-11,
    "upper": 4.853006455305185e-11
  },
  {
    "calibration": "original_low",
    "dimension": 50,
    "raw_paths": 4,
    "lower": 8.174171479574682e-11,
    "upper": 5.511182451021203e-10
  },
  {
    "calibration": "original_low",
    "dimension": 50,
    "raw_paths": 16,
    "lower": 1.0617663893214814e-10,
    "upper": 5.638790472264009e-10
  },
  {
    "calibration": "original_low",
    "dimension": 50,
    "raw_paths": 64,
    "lower": 1.1414101708272243e-10,
    "upper": 5.650634284300859e-10
  },
  {
    "calibration": "quarterly_reuse",
    "dimension": 10,
    "raw_paths": 4,
    "lower": -1.03981509472923e-06,
    "upper": -6.273632085243136e-07
  },
  {
    "calibration": "quarterly_reuse",
    "dimension": 10,
    "raw_paths": 16,
    "lower": -2.5772615484025614e-07,
    "upper": -4.522284176486239e-08
  },
  {
    "calibration": "quarterly_reuse",
    "dimension": 10,
    "raw_paths": 64,
    "lower": -5.930049720271459e-08,
    "upper": 8.778712131035395e-08
  },
  {
    "calibration": "quarterly_reuse",
    "dimension": 50,
    "raw_paths": 4,
    "lower": -3.7940353605935725e-07,
    "upper": -1.497171911984937e-07
  },
  {
    "calibration": "quarterly_reuse",
    "dimension": 50,
    "raw_paths": 16,
    "lower": -1.0164718642164811e-07,
    "upper": 3.584689614350942e-08
  },
  {
    "calibration": "quarterly_reuse",
    "dimension": 50,
    "raw_paths": 64,
    "lower": -2.6778244185976425e-08,
    "upper": 7.744735682654264e-08
  },
  {
    "calibration": "long_reuse",
    "dimension": 10,
    "raw_paths": 4,
    "lower": -8.354227775549235e-05,
    "upper": -4.767511557274414e-05
  },
  {
    "calibration": "long_reuse",
    "dimension": 10,
    "raw_paths": 16,
    "lower": -1.6495695585284467e-05,
    "upper": 6.185477544728069e-06
  },
  {
    "calibration": "long_reuse",
    "dimension": 10,
    "raw_paths": 64,
    "lower": 1.2532297925164457e-06,
    "upper": 1.8948581549095744e-05
  },
  {
    "calibration": "long_reuse",
    "dimension": 50,
    "raw_paths": 4,
    "lower": -5.219688689613416e-05,
    "upper": -2.6965031808420854e-05
  },
  {
    "calibration": "long_reuse",
    "dimension": 50,
    "raw_paths": 16,
    "lower": -1.296339287861978e-05,
    "upper": 2.7431499203067305e-07
  },
  {
    "calibration": "long_reuse",
    "dimension": 50,
    "raw_paths": 64,
    "lower": -3.259957694719837e-06,
    "upper": 6.534374929393782e-06
  },
  {
    "calibration": "untouched_intermediate",
    "dimension": 10,
    "raw_paths": 4,
    "lower": -1.5050395617083193e-06,
    "upper": -7.305863762590921e-07
  },
  {
    "calibration": "untouched_intermediate",
    "dimension": 10,
    "raw_paths": 16,
    "lower": -4.3621614581982325e-07,
    "upper": -4.2084496027648744e-08
  },
  {
    "calibration": "untouched_intermediate",
    "dimension": 10,
    "raw_paths": 64,
    "lower": -1.282956397074074e-07,
    "upper": 1.034422215293318e-07
  },
  {
    "calibration": "untouched_intermediate",
    "dimension": 50,
    "raw_paths": 4,
    "lower": -7.219056205211891e-07,
    "upper": -1.5193334049041342e-07
  },
  {
    "calibration": "untouched_intermediate",
    "dimension": 50,
    "raw_paths": 16,
    "lower": -2.0436156421807122e-07,
    "upper": 1.3402953939063173e-07
  },
  {
    "calibration": "untouched_intermediate",
    "dimension": 50,
    "raw_paths": 64,
    "lower": -4.364709137394571e-08,
    "upper": 1.7149956649362233e-07
  }
]
