{
  "tests": 54,
  "documents": [
    {
      "document": "ECTA",
      "pages": 51,
      "sha256": "502112a61111cb987d2a5a7c43f1e06fd9acee38688f10eac190d4f20c078eca",
      "undefined_references": [],
      "duplicate_labels": [],
      "overfull_boxes": [],
      "missing_characters": [],
      "fatal_errors": [],
      "font_substitution_warnings": [
        "Font shape `T1/ppl/m/uc' undefined",
        "Font shape `T1/ppl/m/up' undefined"
      ],
      "bibliography_engine": "audited retained author-year entries; full BibTeX source preserved"
    },
    {
      "document": "supp",
      "pages": 40,
      "sha256": "b236e9aeab95dff834d706566b9444d2c0ecc3e9e0c50740313d7e59131f646f",
      "undefined_references": [],
      "duplicate_labels": [],
      "overfull_boxes": [],
      "missing_characters": [],
      "fatal_errors": [],
      "font_substitution_warnings": [
        "Font shape `T1/ppl/m/uc' undefined",
        "Font shape `T1/ppl/m/up' undefined"
      ],
      "bibliography_engine": "audited retained author-year entries; full BibTeX source preserved"
    },
    {
      "document": "complete",
      "pages": 117,
      "sha256": "0ed4df7a381876eccfc365e2bea18a12753e51c0fe1877b75fb68005ecb46409",
      "undefined_references": [],
      "duplicate_labels": [],
      "overfull_boxes": [],
      "missing_characters": [],
      "fatal_errors": [],
      "font_substitution_warnings": [
        "Font shape `T1/ppl/m/uc' undefined",
        "Font shape `T1/ppl/m/up' undefined",
        "Font shape `T1/ppl/m/scit' undefined",
        "Font shape `T1/ppl/m/scit' undefined",
        "Font shape `T1/ppl/m/scit' undefined",
        "Font shape `T1/ppl/m/scit' undefined",
        "Font shape `T1/ppl/m/scit' undefined",
        "Font shape `T1/ppl/m/scit' undefined",
        "Font shape `T1/ppl/m/scit' undefined",
        "Font shape `T1/ppl/m/scit' undefined",
        "Font shape `T1/ppl/m/scit' undefined",
        "Font shape `T1/ppl/m/scit' undefined",
        "Font shape `T1/ppl/m/scit' undefined",
        "Font shape `T1/ppl/m/scit' undefined",
        "Font shape `T1/ppl/m/scit' undefined",
        "Font shape `T1/ppl/m/scit' undefined",
        "Font shape `T1/ppl/m/scit' undefined",
        "Font shape `T1/ppl/m/scit' undefined",
        "Font shape `T1/ppl/m/scit' undefined",
        "Font shape `T1/ppl/m/scit' undefined",
        "Font shape `T1/ppl/m/scit' undefined",
        "Font shape `T1/ppl/m/scit' undefined",
        "Font shape `T1/ppl/m/scit' undefined",
        "Font shape `T1/ppl/m/scit' undefined",
        "Font shape `T1/ppl/m/scit' undefined"
      ],
      "bibliography_engine": "audited retained author-year entries; full BibTeX source preserved"
    },
    {
      "document": "complete-supp",
      "pages": 101,
      "sha256": "26242d37d6c1c5cddbdcafde865ca257d8b7f47cde620bbf70a1ca36f8550442",
      "undefined_references": [],
      "duplicate_labels": [],
      "overfull_boxes": [],
      "missing_characters": [],
      "fatal_errors": [],
      "font_substitution_warnings": [
        "Font shape `T1/ppl/m/uc' undefined",
        "Font shape `T1/ppl/m/up' undefined"
      ],
      "bibliography_engine": "audited retained author-year entries; full BibTeX source preserved"
    },
    {
      "document": "response",
      "pages": 7,
      "sha256": "a787dcdce4af7f567fb7a6a043c81326ab803031e51cc34b4886daad8ac54aaf",
      "undefined_references": [],
      "duplicate_labels": [],
      "overfull_boxes": [],
      "missing_characters": [],
      "fatal_errors": [],
      "font_substitution_warnings": [
        "Font shape `T1/ppl/m/uc' undefined",
        "Font shape `T1/ppl/m/up' undefined"
      ],
      "bibliography_engine": "audited retained author-year entries; full BibTeX source preserved"
    }
  ]
}
