{
  "baseline": {
    "adjustment": {
      "loss": {
        "exact": "9/10",
        "decimal": 0.9
      },
      "choice": {
        "m": 3,
        "tau": {
          "exact": "3/8",
          "decimal": 0.375
        },
        "fee": {
          "exact": "1127/2000",
          "decimal": 0.5635
        },
        "capacity": {
          "exact": "1127/2000",
          "decimal": 0.5635
        },
        "capacity_cost": {
          "exact": "1270129/200000000",
          "decimal": 0.006350645
        },
        "term_cost": {
          "exact": "1/200",
          "decimal": 0.005
        },
        "total": {
          "exact": "2270129/200000000",
          "decimal": 0.011350645
        }
      },
      "margin": {
        "exact": "1739/8000000",
        "decimal": 0.000217375
      },
      "ties": [
        3
      ],
      "all_terms": [
        {
          "m": 1,
          "tau": {
            "exact": "1/8",
            "decimal": 0.125
          },
          "fee": {
            "exact": "1577/2000",
            "decimal": 0.7885
          },
          "capacity": {
            "exact": "1577/2000",
            "decimal": 0.7885
          },
          "capacity_cost": {
            "exact": "2486929/200000000",
            "decimal": 0.012434645
          },
          "term_cost": {
            "exact": "0",
            "decimal": 0.0
          },
          "total": {
            "exact": "2486929/200000000",
            "decimal": 0.012434645
          }
        },
        {
          "m": 2,
          "tau": {
            "exact": "1/4",
            "decimal": 0.25
          },
          "fee": {
            "exact": "169/250",
            "decimal": 0.676
          },
          "capacity": {
            "exact": "169/250",
            "decimal": 0.676
          },
          "capacity_cost": {
            "exact": "28561/3125000",
            "decimal": 0.00913952
          },
          "term_cost": {
            "exact": "1/400",
            "decimal": 0.0025
          },
          "total": {
            "exact": "72747/6250000",
            "decimal": 0.01163952
          }
        },
        {
          "m": 3,
          "tau": {
            "exact": "3/8",
            "decimal": 0.375
          },
          "fee": {
            "exact": "1127/2000",
            "decimal": 0.5635
          },
          "capacity": {
            "exact": "1127/2000",
            "decimal": 0.5635
          },
          "capacity_cost": {
            "exact": "1270129/200000000",
            "decimal": 0.006350645
          },
          "term_cost": {
            "exact": "1/200",
            "decimal": 0.005
          },
          "total": {
            "exact": "2270129/200000000",
            "decimal": 0.011350645
          }
        },
        {
          "m": 4,
          "tau": {
            "exact": "1/2",
            "decimal": 0.5
          },
          "fee": {
            "exact": "451/1000",
            "decimal": 0.451
          },
          "capacity": {
            "exact": "451/1000",
            "decimal": 0.451
          },
          "capacity_cost": {
            "exact": "203401/50000000",
            "decimal": 0.00406802
          },
          "term_cost": {
            "exact": "3/400",
            "decimal": 0.0075
          },
          "total": {
            "exact": "578401/50000000",
            "decimal": 0.01156802
          }
        },
        {
          "m": 5,
          "tau": {
            "exact": "5/8",
            "decimal": 0.625
          },
          "fee": {
            "exact": "677/2000",
            "decimal": 0.3385
          },
          "capacity": {
            "exact": "677/2000",
            "decimal": 0.3385
          },
          "capacity_cost": {
            "exact": "458329/200000000",
            "decimal": 0.002291645
          },
          "term_cost": {
            "exact": "1/100",
            "decimal": 0.01
          },
          "total": {
            "exact": "2458329/200000000",
            "decimal": 0.012291645
          }
        },
        {
          "m": 6,
          "tau": {
            "exact": "3/4",
            "decimal": 0.75
          },
          "fee": {
            "exact": "113/500",
            "decimal": 0.226
          },
          "capacity": {
            "exact": "113/500",
            "decimal": 0.226
          },
          "capacity_cost": {
            "exact": "12769/12500000",
            "decimal": 0.00102152
          },
          "term_cost": {
            "exact": "1/80",
            "decimal": 0.0125
          },
          "total": {
            "exact": "169019/12500000",
            "decimal": 0.01352152
          }
        },
        {
          "m": 7,
          "tau": {
            "exact": "7/8",
            "decimal": 0.875
          },
          "fee": {
            "exact": "227/2000",
            "decimal": 0.1135
          },
          "capacity": {
            "exact": "227/2000",
            "decimal": 0.1135
          },
          "capacity_cost": {
            "exact": "51529/200000000",
            "decimal": 0.000257645
          },
          "term_cost": {
            "exact": "3/200",
            "decimal": 0.015
          },
          "total": {
            "exact": "3051529/200000000",
            "decimal": 0.015257645
          }
        },
        {
          "m": 8,
          "tau": {
            "exact": "1",
            "decimal": 1.0
          },
          "fee": {
            "exact": "0",
            "decimal": 0.0
          },
          "capacity": {
            "exact": "0",
            "decimal": 0.0
          },
          "capacity_cost": {
            "exact": "0",
            "decimal": 0.0
          },
          "term_cost": {
            "exact": "7/400",
            "decimal": 0.0175
          },
          "total": {
            "exact": "7/400",
            "decimal": 0.0175
          }
        }
      ]
    },
    "no_adjustment": {
      "loss": {
        "exact": "1",
        "decimal": 1.0
      },
      "choice": {
        "m": 4,
        "tau": {
          "exact": "1/2",
          "decimal": 0.5
        },
        "fee": {
          "exact": "501/1000",
          "decimal": 0.501
        },
        "capacity": {
          "exact": "501/1000",
          "decimal": 0.501
        },
        "capacity_cost": {
          "exact": "251001/50000000",
          "decimal": 0.00502002
        },
        "term_cost": {
          "exact": "3/400",
          "decimal": 0.0075
        },
        "total": {
          "exact": "626001/50000000",
          "decimal": 0.01252002
        }
      },
      "margin": {
        "exact": "123/400000",
        "decimal": 0.0003075
      },
      "ties": [
        4
      ],
      "all_terms": [
        {
          "m": 1,
          "tau": {
            "exact": "1/8",
            "decimal": 0.125
          },
          "fee": {
            "exact": "219/250",
            "decimal": 0.876
          },
          "capacity": {
            "exact": "219/250",
            "decimal": 0.876
          },
          "capacity_cost": {
            "exact": "47961/3125000",
            "decimal": 0.01534752
          },
          "term_cost": {
            "exact": "0",
            "decimal": 0.0
          },
          "total": {
            "exact": "47961/3125000",
            "decimal": 0.01534752
          }
        },
        {
          "m": 2,
          "tau": {
            "exact": "1/4",
            "decimal": 0.25
          },
          "fee": {
            "exact": "751/1000",
            "decimal": 0.751
          },
          "capacity": {
            "exact": "751/1000",
            "decimal": 0.751
          },
          "capacity_cost": {
            "exact": "564001/50000000",
            "decimal": 0.01128002
          },
          "term_cost": {
            "exact": "1/400",
            "decimal": 0.0025
          },
          "total": {
            "exact": "689001/50000000",
            "decimal": 0.01378002
          }
        },
        {
          "m": 3,
          "tau": {
            "exact": "3/8",
            "decimal": 0.375
          },
          "fee": {
            "exact": "313/500",
            "decimal": 0.626
          },
          "capacity": {
            "exact": "313/500",
            "decimal": 0.626
          },
          "capacity_cost": {
            "exact": "97969/12500000",
            "decimal": 0.00783752
          },
          "term_cost": {
            "exact": "1/200",
            "decimal": 0.005
          },
          "total": {
            "exact": "160469/12500000",
            "decimal": 0.01283752
          }
        },
        {
          "m": 4,
          "tau": {
            "exact": "1/2",
            "decimal": 0.5
          },
          "fee": {
            "exact": "501/1000",
            "decimal": 0.501
          },
          "capacity": {
            "exact": "501/1000",
            "decimal": 0.501
          },
          "capacity_cost": {
            "exact": "251001/50000000",
            "decimal": 0.00502002
          },
          "term_cost": {
            "exact": "3/400",
            "decimal": 0.0075
          },
          "total": {
            "exact": "626001/50000000",
            "decimal": 0.01252002
          }
        },
        {
          "m": 5,
          "tau": {
            "exact": "5/8",
            "decimal": 0.625
          },
          "fee": {
            "exact": "47/125",
            "decimal": 0.376
          },
          "capacity": {
            "exact": "47/125",
            "decimal": 0.376
          },
          "capacity_cost": {
            "exact": "2209/781250",
            "decimal": 0.00282752
          },
          "term_cost": {
            "exact": "1/100",
            "decimal": 0.01
          },
          "total": {
            "exact": "20043/1562500",
            "decimal": 0.01282752
          }
        },
        {
          "m": 6,
          "tau": {
            "exact": "3/4",
            "decimal": 0.75
          },
          "fee": {
            "exact": "251/1000",
            "decimal": 0.251
          },
          "capacity": {
            "exact": "251/1000",
            "decimal": 0.251
          },
          "capacity_cost": {
            "exact": "63001/50000000",
            "decimal": 0.00126002
          },
          "term_cost": {
            "exact": "1/80",
            "decimal": 0.0125
          },
          "total": {
            "exact": "688001/50000000",
            "decimal": 0.01376002
          }
        },
        {
          "m": 7,
          "tau": {
            "exact": "7/8",
            "decimal": 0.875
          },
          "fee": {
            "exact": "63/500",
            "decimal": 0.126
          },
          "capacity": {
            "exact": "63/500",
            "decimal": 0.126
          },
          "capacity_cost": {
            "exact": "3969/12500000",
            "decimal": 0.00031752
          },
          "term_cost": {
            "exact": "3/200",
            "decimal": 0.015
          },
          "total": {
            "exact": "191469/12500000",
            "decimal": 0.01531752
          }
        },
        {
          "m": 8,
          "tau": {
            "exact": "1",
            "decimal": 1.0
          },
          "fee": {
            "exact": "0",
            "decimal": 0.0
          },
          "capacity": {
            "exact": "0",
            "decimal": 0.0
          },
          "capacity_cost": {
            "exact": "0",
            "decimal": 0.0
          },
          "term_cost": {
            "exact": "7/400",
            "decimal": 0.0175
          },
          "total": {
            "exact": "7/400",
            "decimal": 0.0175
          }
        }
      ]
    }
  },
  "continuous_time": {
    "adjustment": {
      "term": {
        "exact": "3109/8100",
        "decimal": 0.38382716049382715
      },
      "capacity": {
        "exact": "5/9",
        "decimal": 0.5555555555555556
      },
      "total_cost": {
        "exact": "9193/810000",
        "decimal": 0.011349382716049383
      }
    },
    "no_adjustment": {
      "term": {
        "exact": "501/1000",
        "decimal": 0.501
      },
      "capacity": {
        "exact": "1/2",
        "decimal": 0.5
      },
      "total_cost": {
        "exact": "313/25000",
        "decimal": 0.01252
      }
    }
  },
  "uniform_box": {
    "adjusted_loss": [
      {
        "exact": "179/200",
        "decimal": 0.895
      },
      {
        "exact": "181/200",
        "decimal": 0.905
      }
    ],
    "unadjusted_loss": [
      {
        "exact": "199/200",
        "decimal": 0.995
      },
      {
        "exact": "201/200",
        "decimal": 1.005
      }
    ],
    "cost": [
      {
        "exact": "99/5000",
        "decimal": 0.0198
      },
      {
        "exact": "101/5000",
        "decimal": 0.0202
      }
    ],
    "term_cost": [
      {
        "exact": "19/1000",
        "decimal": 0.019
      },
      {
        "exact": "21/1000",
        "decimal": 0.021
      }
    ],
    "strict_worst_corners": [
      {
        "regime": "adjustment",
        "loss": {
          "exact": "181/200",
          "decimal": 0.905
        },
        "cost": {
          "exact": "101/5000",
          "decimal": 0.0202
        },
        "term_cost": {
          "exact": "19/1000",
          "decimal": 0.019
        },
        "winner": 3,
        "rival": 4,
        "margin": {
          "exact": "2808759/64000000000",
          "decimal": 4.3886859375e-05
        }
      },
      {
        "regime": "no_adjustment",
        "loss": {
          "exact": "199/200",
          "decimal": 0.995
        },
        "cost": {
          "exact": "99/5000",
          "decimal": 0.0198
        },
        "term_cost": {
          "exact": "21/1000",
          "decimal": 0.021
        },
        "winner": 4,
        "rival": 3,
        "margin": {
          "exact": "8737671/64000000000",
          "decimal": 0.000136526109375
        }
      }
    ]
  }
}
EXACT COMPARATIVE STATICS 972 373 599
