PROPOSAL 1.0.0.neural {'positive': 0.7969137341293534, 'nonpositive': 0.8062210596836017}
PROPOSAL 1.0.0.polynomial {'positive': 0.08511279887630052, 'nonpositive': 0.09016706430266763}
PROPOSAL 1.0.0.nearest_anchor {'positive': 2.000000002220446e-07, 'nonpositive': 2.000000002220446e-07}
PROPOSAL 1.0.125.neural {'positive': 0.00011545017914559844, 'nonpositive': 0.00012356033164206395}
PROPOSAL 1.0.125.polynomial {'positive': 0.057887719577040635, 'nonpositive': 0.08618690376101668}
PROPOSAL 1.0.125.nearest_anchor {'positive': 2.000000003330669e-07, 'nonpositive': 2.000000001110223e-07}
PROPOSAL 1.0.25.neural {'positive': 0.0009452794683719677, 'nonpositive': 0.0009992988936284805}
PROPOSAL 1.0.25.polynomial {'positive': 0.017260196940152676, 'nonpositive': 0.015377019765615558}
PROPOSAL 1.0.25.nearest_anchor {'positive': 2.000000001110223e-07, 'nonpositive': 2e-07}
PROPOSAL 1.0.75.neural {'positive': 0.006413959516096795, 'nonpositive': 0.006895943767272977}
PROPOSAL 1.0.75.polynomial {'positive': 0.011340117853154247, 'nonpositive': 0.011262767124250223}
PROPOSAL 1.0.75.nearest_anchor {'positive': 2.000000002220446e-07, 'nonpositive': 2.000000003330669e-07}
PROPOSAL 1.1.0.neural {'positive': 0.009550555193395533, 'nonpositive': 0.00907086130705958}
PROPOSAL 1.1.0.polynomial {'positive': 0.011219409435816003, 'nonpositive': 0.011111462380342324}
PROPOSAL 1.1.0.nearest_anchor {'positive': 2.1107168623448728e-07, 'nonpositive': 2.12905087887205e-07}
PROPOSAL 0.0.0.neural {'positive': 0.5643353090295083, 'nonpositive': 0.5677300825979462}
PROPOSAL 0.0.0.polynomial {'positive': 0.014088773295150453, 'nonpositive': 0.014676947741155683}
PROPOSAL 0.0.0.nearest_anchor {'positive': 2.000000003330669e-07, 'nonpositive': 2e-07}
PROPOSAL 0.0.125.neural {'positive': 2.000000002220446e-07, 'nonpositive': 2e-07}
PROPOSAL 0.0.125.polynomial {'positive': 0.013913951591459578, 'nonpositive': 0.014430015560929927}
PROPOSAL 0.0.125.nearest_anchor {'positive': 2.000000002220446e-07, 'nonpositive': 2e-07}
PROPOSAL 0.0.25.neural {'positive': 0.0005156925257601084, 'nonpositive': 0.000694068290807198}
PROPOSAL 0.0.25.polynomial {'positive': 0.013699407586177931, 'nonpositive': 0.01418470497339352}
PROPOSAL 0.0.25.nearest_anchor {'positive': 2e-07, 'nonpositive': 2.000000002220446e-07}
PROPOSAL 0.0.75.neural {'positive': 0.008347901455978407, 'nonpositive': 0.006232408688004892}
PROPOSAL 0.0.75.polynomial {'positive': 0.013077285449711202, 'nonpositive': 0.013384517560763526}
PROPOSAL 0.0.75.nearest_anchor {'positive': 2.000000003330669e-07, 'nonpositive': 2.000000003330669e-07}
PROPOSAL 0.1.0.neural {'positive': 0.011624526353336212, 'nonpositive': 0.008640472295906138}
PROPOSAL 0.1.0.polynomial {'positive': 0.012806214361673058, 'nonpositive': 0.012958935527658694}
PROPOSAL 0.1.0.nearest_anchor {'positive': 2e-07, 'nonpositive': 2.000000002220446e-07}
