This is pdfTeX, Version 3.141592653-2.6-1.40.25 (TeX Live 2023/Debian) (preloaded format=pdflatex)
entering extended mode
(./ECTA.tex
LaTeX2e <2023-11-01> patch level 1
L3 programming layer <2024-01-22>
(./econsocart.cls
Document Class: econsocart 2022/11/21 v1.4.1, The Econometric Society Journals
(/usr/share/texlive/texmf-dist/tex/latex/etoolbox/etoolbox.sty)
(./econsocart.cfg) (/usr/share/texlive/texmf-dist/tex/latex/base/fix-cm.sty
(/usr/share/texlive/texmf-dist/tex/latex/base/ts1enc.def))
(/usr/share/texlive/texmf-dist/tex/latex/graphics/graphicx.sty
(/usr/share/texlive/texmf-dist/tex/latex/graphics/keyval.sty)
(/usr/share/texlive/texmf-dist/tex/latex/graphics/graphics.sty
(/usr/share/texlive/texmf-dist/tex/latex/graphics/trig.sty)
(/usr/share/texlive/texmf-dist/tex/latex/graphics-cfg/graphics.cfg)
(/usr/share/texlive/texmf-dist/tex/latex/graphics-def/pdftex.def)))
(/usr/share/texlive/texmf-dist/tex/latex/base/fontenc.sty)
(/usr/share/texlive/texmf-dist/tex/latex/psnfss/times.sty)
(/usr/share/texlive/texmf-dist/tex/latex/textcase/textcase.sty)
(/usr/share/texlive/texmf-dist/tex/latex/psnfss/helvet.sty)
(/usr/share/texlive/texmf-dist/tex/latex/base/textcomp.sty)
(/usr/share/texlive/texmf-dist/tex/latex/psnfss/t1ptm.fd)
(/usr/share/texlive/texmf-dist/tex/latex/amsfonts/amssymb.sty
(/usr/share/texlive/texmf-dist/tex/latex/amsfonts/amsfonts.sty))
(/usr/share/texlive/texmf-dist/tex/latex/tools/bm.sty)
(/usr/share/texlive/texmf-dist/tex/latex/url/url.sty)
(/usr/share/texlive/texmf-dist/tex/latex/amsmath/amsmath.sty
For additional information on amsmath, use the `?' option.
(/usr/share/texlive/texmf-dist/tex/latex/amsmath/amstext.sty
(/usr/share/texlive/texmf-dist/tex/latex/amsmath/amsgen.sty))
(/usr/share/texlive/texmf-dist/tex/latex/amsmath/amsbsy.sty)
(/usr/share/texlive/texmf-dist/tex/latex/amsmath/amsopn.sty))
(/usr/share/texlive/texmf-dist/tex/latex/amscls/amsthm.sty)
(/usr/share/texlive/texmf-dist/tex/latex/natbib/natbib.sty))
(/usr/share/texlive/texmf-dist/tex/latex/hyperref/xr-hyper.sty)
(/usr/share/texlive/texmf-dist/tex/latex/booktabs/booktabs.sty)
(/usr/share/texlive/texmf-dist/tex/latex/tools/array.sty)
(/usr/share/texlive/texmf-dist/tex/latex/tools/longtable.sty)
(/usr/share/texlive/texmf-dist/tex/latex/algorithms/algorithm.sty
(/usr/share/texlive/texmf-dist/tex/latex/float/float.sty)
(/usr/share/texlive/texmf-dist/tex/latex/base/ifthen.sty))
(/usr/share/texlive/texmf-dist/tex/latex/algorithmicx/algpseudocode.sty
(/usr/share/texlive/texmf-dist/tex/latex/algorithmicx/algorithmicx.sty
Document Style algorithmicx 1.2 - a greatly improved `algorithmic' style
)
Document Style - pseudocode environments for use with the `algorithmicx' style
) (/usr/share/texlive/texmf-dist/tex/latex/enumitem/enumitem.sty)
(/usr/share/texlive/texmf-dist/tex/latex/base/fontenc.sty)
(/usr/share/texlive/texmf-dist/tex/latex/psnfss/mathpazo.sty)
(/usr/share/texlive/texmf-dist/tex/latex/microtype/microtype.sty
(/usr/share/texlive/texmf-dist/tex/latex/microtype/microtype-pdftex.def)
(/usr/share/texlive/texmf-dist/tex/latex/microtype/microtype.cfg))
(/usr/share/texlive/texmf-dist/tex/latex/needspace/needspace.sty)
(/usr/share/texlive/texmf-dist/tex/latex/hyperref/hyperref.sty
(/usr/share/texlive/texmf-dist/tex/generic/iftex/iftex.sty)
(/usr/share/texlive/texmf-dist/tex/latex/kvsetkeys/kvsetkeys.sty)
(/usr/share/texlive/texmf-dist/tex/generic/kvdefinekeys/kvdefinekeys.sty)
(/usr/share/texlive/texmf-dist/tex/generic/pdfescape/pdfescape.sty
(/usr/share/texlive/texmf-dist/tex/generic/ltxcmds/ltxcmds.sty)
(/usr/share/texlive/texmf-dist/tex/generic/pdftexcmds/pdftexcmds.sty
(/usr/share/texlive/texmf-dist/tex/generic/infwarerr/infwarerr.sty)))
(/usr/share/texlive/texmf-dist/tex/latex/hycolor/hycolor.sty)
(/usr/share/texlive/texmf-dist/tex/latex/auxhook/auxhook.sty)
(/usr/share/texlive/texmf-dist/tex/latex/hyperref/nameref.sty
(/usr/share/texlive/texmf-dist/tex/latex/refcount/refcount.sty)
(/usr/share/texlive/texmf-dist/tex/generic/gettitlestring/gettitlestring.sty
(/usr/share/texlive/texmf-dist/tex/latex/kvoptions/kvoptions.sty)))
(/usr/share/texlive/texmf-dist/tex/latex/hyperref/pd1enc.def)
(/usr/share/texlive/texmf-dist/tex/generic/intcalc/intcalc.sty)
(/usr/share/texlive/texmf-dist/tex/latex/hyperref/puenc.def)
(/usr/share/texlive/texmf-dist/tex/generic/bitset/bitset.sty
(/usr/share/texlive/texmf-dist/tex/generic/bigintcalc/bigintcalc.sty))
(/usr/share/texlive/texmf-dist/tex/latex/base/atbegshi-ltx.sty))
(/usr/share/texlive/texmf-dist/tex/latex/hyperref/hpdftex.def
(/usr/share/texlive/texmf-dist/tex/latex/base/atveryend-ltx.sty)
(/usr/share/texlive/texmf-dist/tex/latex/rerunfilecheck/rerunfilecheck.sty
(/usr/share/texlive/texmf-dist/tex/generic/uniquecounter/uniquecounter.sty)))
(/usr/share/texlive/texmf-dist/tex/latex/psnfss/t1pcr.fd)
(/usr/share/texlive/texmf-dist/tex/latex/hyperref/backref.sty)
(/usr/share/texlive/texmf-dist/tex/latex/psnfss/t1ppl.fd)
(/usr/share/texlive/texmf-dist/tex/latex/l3backend/l3backend-pdftex.def)

LaTeX Warning: Unused global option(s):
    [nameyear].

(revisions/2026-10-04-r16/publication/build/ECTA.aux)
(/usr/share/texlive/texmf-dist/tex/context/base/mkii/supp-pdf.mkii
[Loading MPS to PDF converter (version 2006.09.02).]
) (/usr/share/texlive/texmf-dist/tex/latex/microtype/mt-ppl.cfg)
(/usr/share/texlive/texmf-dist/tex/latex/graphics/color.sty
(/usr/share/texlive/texmf-dist/tex/latex/graphics-cfg/color.cfg)
(/usr/share/texlive/texmf-dist/tex/latex/graphics/mathcolor.ltx))
(revisions/2026-10-04-r16/publication/build/ECTA.out)
(revisions/2026-10-04-r16/publication/build/ECTA.out)
(/usr/share/texlive/texmf-dist/tex/latex/psnfss/ot1ppl.fd)
(/usr/share/texlive/texmf-dist/tex/latex/psnfss/omlzplm.fd)
(/usr/share/texlive/texmf-dist/tex/latex/psnfss/omszplm.fd)
(/usr/share/texlive/texmf-dist/tex/latex/psnfss/omxzplm.fd)
(/usr/share/texlive/texmf-dist/tex/latex/microtype/mt-msa.cfg)
(/usr/share/texlive/texmf-dist/tex/latex/microtype/mt-msb.cfg)
(/usr/share/texlive/texmf-dist/tex/latex/microtype/mt-cmr.cfg)
(/usr/share/texlive/texmf-dist/tex/latex/psnfss/ot1zplm.fd)

Package hyperref Warning: Ignoring empty anchor on input line 40.

(./revisions/2026-10-04-r16/publication/manuscript/abstract.tex)
(./revisions/2026-10-04-r16/publication/manuscript/introduction.tex
Underfull \vbox (badness 10000) has occurred while \output is active [1
Non-PDF special ignored!
<special> papersize=614.295pt,794.96999pt
{/var/lib/texmf/fonts/map/pdftex/updmap/pdftex.map}{/usr/share/texlive/texmf-di
st/fonts/enc/dvips/base/8r.enc}]
Underfull \vbox (badness 10000) has occurred while \output is active

LaTeX Font Warning: Font shape `T1/ppl/m/uc' undefined
(Font)              using `T1/ppl/m/n' instead on input line 9.


LaTeX Font Warning: Font shape `T1/ppl/m/up' undefined
(Font)              using `T1/ppl/m/n' instead on input line 9.

[2]
Underfull \vbox (badness 10000) has occurred while \output is active [3])
(./revisions/2026-10-04-r16/publication/manuscript/literature.tex

Package natbib Warning: Citation `judd1998' on page 4 undefined on input line 4
.


Package natbib Warning: Citation `hornik1990' on page 4 undefined on input line
 4.


Package natbib Warning: Citation `sirignano2018' on page 4 undefined on input l
ine 6.


Package natbib Warning: Citation `han2018' on page 4 undefined on input line 6.



Underfull \vbox (badness 3930) has occurred while \output is active [4]

Package natbib Warning: Citation `epsteinzin1989' on page 5 undefined on input 
line 8.


Package natbib Warning: Citation `duffieepstein1992' on page 5 undefined on inp
ut line 8.


Package natbib Warning: Citation `herdegen2021' on page 5 undefined on input li
ne 8.


Package natbib Warning: Citation `bjork2016' on page 5 undefined on input line 
8.


Package natbib Warning: Citation `borkar2024' on page 5 undefined on input line
 8.

) (./revisions/2026-10-04-r16/publication/manuscript/model.tex [5]
Underfull \hbox (badness 816) in paragraph at lines 15--17
\T1/ppl/m/up/12 (+20) Adjustment costs are in-cluded in $\OML/zplm/m/it/12 f$\T
1/ppl/m/up/12 (+20) . For ex-am-ple, time-additive util-ity has
[6] (/usr/share/texlive/texmf-dist/tex/latex/psnfss/ufplmbb.fd))
(./revisions/2026-10-04-r16/publication/manuscript/method.tex [7]
Underfull \vbox (badness 2197) has occurred while \output is active [8]
[9] [10]

Package natbib Warning: Citation `scherrer2015' on page 11 undefined on input l
ine 69.

) (./revisions/2026-10-04-r16/publication/manuscript/algorithm.tex)
(./revisions/2026-10-04-r16/publication/manuscript/theory_guide.tex)
(./revisions/2026-10-04-r16/publication/manuscript/capital.tex
Underfull \vbox (badness 10000) has occurred while \output is active [11]
[12]
Underfull \vbox (badness 10000) has occurred while \output is active [13]
Underfull \vbox (badness 1342) has occurred while \output is active [14]
Underfull \vbox (badness 1496) has occurred while \output is active [15]
[16]

Package natbib Warning: Citation `maurer2009' on page 17 undefined on input lin
e 143.

[17]

Package natbib Warning: Citation `kakade2002' on page 18 undefined on input lin
e 146.


Package natbib Warning: Citation `pirotta2013' on page 18 undefined on input li
ne 146.


Package natbib Warning: Citation `scherrer2015' on page 18 undefined on input l
ine 146.

) (./revisions/2026-10-04-r16/publication/manuscript/mechanism.tex [18]
Underfull \vbox (badness 5548) has occurred while \output is active [19])
(./revisions/2026-10-04-r16/publication/manuscript/signed_main_theory.tex
[20] [21]) (./revisions/2026-10-04-r16/publication/manuscript/reuse_main.tex
[22] [23] [24] [25])
(./revisions/2026-10-04-r16/publication/manuscript/implementation_summary.tex
[26]) (./revisions/2026-10-04-r16/publication/manuscript/new_evidence.tex
(./revisions/2026-10-04-r16/publication/manuscript/experiment_design.tex
[27]) (./revisions/2026-10-04-r16/publication/manuscript/baseline_design.tex
Underfull \vbox (badness 10000) has occurred while \output is active [28]
Underfull \vbox (badness 1237) has occurred while \output is active [29])
(./revisions/2026-10-04-r16/publication/manuscript/method_inference.tex
[30] [31] [32])
(./revisions/2026-10-04-r16/publication/manuscript/method_evidence.tex
(./revisions/2026-10-04-r15/results/publication_tables/table_method_summary.tex
)
(./revisions/2026-10-04-r15/results/publication_tables/table_method_comparisons
.tex (/usr/share/texlive/texmf-dist/tex/latex/psnfss/ts1ppl.fd))
(./revisions/2026-10-04-r15/results/experiment/report/table_method_work.tex)
(./revisions/2026-10-04-r15/results/experiment/report/table_method_operations.t
ex)
(./revisions/2026-10-04-r15/results/experiment/report/table_method_decompositio
n.tex))
(./revisions/2026-10-04-r16/publication/manuscript/primary_interpretation.tex
[33] [34] [35] [36])
(./revisions/2026-10-04-r16/publication/manuscript/paired_comparison.tex
(./revisions/2026-10-04-r15/results/paired_transfer/paired_transfer_main.tex)
(./revisions/2026-10-04-r16/publication/manuscript/paired_interpretation.tex))
(./revisions/2026-10-04-r16/publication/manuscript/replication_evidence.tex
Underfull \vbox (badness 2460) has occurred while \output is active [37]
Underfull \vbox (badness 2762) has occurred while \output is active [38]
(./revisions/2026-10-04-r16/results/replication_summary/report/replication_comp
arisons.tex) [39]
(./revisions/2026-10-04-r16/results/replication_summary/report/replication_meth
ods.tex))
(./revisions/2026-10-04-r15/results/economic_bounds/economic_bounds.tex
[40]
(./revisions/2026-10-04-r15/results/economic_bounds/table_economic_bounds.tex)
[41]) (./revisions/2026-10-04-r16/publication/manuscript/mechanism_evidence.tex
(./revisions/2026-10-04-r15/results/mechanism/report/mechanism_evidence.tex
Underfull \vbox (badness 3930) has occurred while \output is active [42])
(./revisions/2026-10-04-r15/results/mechanism/report/table_mechanism_evaluation
.tex)
(./revisions/2026-10-04-r15/results/mechanism/report/table_mechanism_welfare.te
x)) (./revisions/2026-10-04-r16/results/signed_mechanism/report/signed_main.tex

(./revisions/2026-10-04-r16/results/signed_mechanism/report/table_signed_main.t
ex) [43]) (./revisions/2026-10-04-r15/results/scalar_report/scalar_evidence.tex
[44]
(./revisions/2026-10-04-r15/results/scalar_report/table_scalar_training.tex)
[45]
(./revisions/2026-10-04-r15/results/scalar_report/table_scalar_deployment.tex)
[46])
(./revisions/2026-10-04-r16/publication/manuscript/observation_evidence.tex
Underfull \vbox (badness 10000) has occurred while \output is active [47]
(./revisions/2026-10-04-r16/publication/manuscript/table_observation_main.tex))
(./revisions/2026-10-04-r16/publication/manuscript/completed_evidence.tex
[48]
(./revisions/2026-10-04-r16/results/continuation_menu/report/table_menu_compari
sons.tex)
Underfull \vbox (badness 1454) has occurred while \output is active [49]
(./revisions/2026-10-04-r16/results/continuation_menu/report/table_menu_work.te
x) [50]
Underfull \vbox (badness 10000) has occurred while \output is active [51]
(./revisions/2026-10-04-r16/publication/results/robustness_reading_table.tex)))
(./revisions/2026-10-04-r16/publication/manuscript/conclusion.tex [52])
(revisions/2026-10-04-r16/publication/build/ECTA.bbl
No file ECTA.brf.

Underfull \vbox (badness 3281) has occurred while \output is active [53]
Underfull \hbox (badness 1460) in paragraph at lines 74--74
[]\T1/ppl/m/sc/9.6 (+20) Scherrer, Bruno, Mo-ham-mad Ghavamzadeh, Vic-tor Gabil
-lon, Boris Lesner, and

Underfull \vbox (badness 3612) has occurred while \output is active [54])

Package natbib Warning: There were undefined citations.

[55] (revisions/2026-10-04-r16/publication/build/ECTA.aux

Package natbib Warning: Citation(s) may have changed.
(natbib)                Rerun to get citations correct.

)

LaTeX Font Warning: Some font shapes were not available, defaults substituted.


LaTeX Warning: Label(s) may have changed. Rerun to get cross-references right.


Package rerunfilecheck Warning: File `ECTA.out' has changed.
(rerunfilecheck)                Rerun to get outlines right
(rerunfilecheck)                or use package `bookmark'.


Package rerunfilecheck Warning: File `ECTA.brf' has changed.
(rerunfilecheck)                Rerun to get bibliographical references right.

 )
(see the transcript file for additional information)</usr/share/texlive/texmf-d
ist/fonts/type1/public/amsfonts/cm/cmbx12.pfb></usr/share/texlive/texmf-dist/fo
nts/type1/public/amsfonts/cm/cmex10.pfb></usr/share/texlive/texmf-dist/fonts/ty
pe1/public/amsfonts/cm/cmmi10.pfb></usr/share/texlive/texmf-dist/fonts/type1/pu
blic/amsfonts/cm/cmr10.pfb></usr/share/texlive/texmf-dist/fonts/type1/public/am
sfonts/cm/cmsy10.pfb></usr/share/texlive/texmf-dist/fonts/type1/public/mathpazo
/fplmbb.pfb></usr/share/texlive/texmf-dist/fonts/type1/public/mathpazo/fplmr.pf
b></usr/share/texlive/texmf-dist/fonts/type1/public/mathpazo/fplmri.pfb></usr/s
hare/texlive/texmf-dist/fonts/type1/urw/courier/ucrr8a.pfb></usr/share/texlive/
texmf-dist/fonts/type1/urw/palatino/uplb8a.pfb></usr/share/texlive/texmf-dist/f
onts/type1/urw/palatino/uplr8a.pfb></usr/share/texlive/texmf-dist/fonts/type1/u
rw/palatino/uplri8a.pfb>
Output written on revisions/2026-10-04-r16/publication/build/ECTA.pdf (55 pages
, 310201 bytes).
Transcript written on revisions/2026-10-04-r16/publication/build/ECTA.log.
