This is pdfTeX, Version 3.141592653-2.6-1.40.25 (TeX Live 2023/Debian) (preloaded format=pdflatex)
entering extended mode
(./ECTA.tex
LaTeX2e <2023-11-01> patch level 1
L3 programming layer <2024-01-22>
(./econsocart.cls
Document Class: econsocart 2022/11/21 v1.4.1, The Econometric Society Journals
(/usr/share/texlive/texmf-dist/tex/latex/etoolbox/etoolbox.sty)
(./econsocart.cfg) (/usr/share/texlive/texmf-dist/tex/latex/base/fix-cm.sty
(/usr/share/texlive/texmf-dist/tex/latex/base/ts1enc.def))
(/usr/share/texlive/texmf-dist/tex/latex/graphics/graphicx.sty
(/usr/share/texlive/texmf-dist/tex/latex/graphics/keyval.sty)
(/usr/share/texlive/texmf-dist/tex/latex/graphics/graphics.sty
(/usr/share/texlive/texmf-dist/tex/latex/graphics/trig.sty)
(/usr/share/texlive/texmf-dist/tex/latex/graphics-cfg/graphics.cfg)
(/usr/share/texlive/texmf-dist/tex/latex/graphics-def/pdftex.def)))
(/usr/share/texlive/texmf-dist/tex/latex/base/fontenc.sty)
(/usr/share/texlive/texmf-dist/tex/latex/psnfss/times.sty)
(/usr/share/texlive/texmf-dist/tex/latex/textcase/textcase.sty)
(/usr/share/texlive/texmf-dist/tex/latex/psnfss/helvet.sty)
(/usr/share/texlive/texmf-dist/tex/latex/base/textcomp.sty)
(/usr/share/texlive/texmf-dist/tex/latex/psnfss/t1ptm.fd)
(/usr/share/texlive/texmf-dist/tex/latex/amsfonts/amssymb.sty
(/usr/share/texlive/texmf-dist/tex/latex/amsfonts/amsfonts.sty))
(/usr/share/texlive/texmf-dist/tex/latex/tools/bm.sty)
(/usr/share/texlive/texmf-dist/tex/latex/url/url.sty)
(/usr/share/texlive/texmf-dist/tex/latex/amsmath/amsmath.sty
For additional information on amsmath, use the `?' option.
(/usr/share/texlive/texmf-dist/tex/latex/amsmath/amstext.sty
(/usr/share/texlive/texmf-dist/tex/latex/amsmath/amsgen.sty))
(/usr/share/texlive/texmf-dist/tex/latex/amsmath/amsbsy.sty)
(/usr/share/texlive/texmf-dist/tex/latex/amsmath/amsopn.sty))
(/usr/share/texlive/texmf-dist/tex/latex/amscls/amsthm.sty)
(/usr/share/texlive/texmf-dist/tex/latex/natbib/natbib.sty))
(/usr/share/texlive/texmf-dist/tex/latex/hyperref/xr-hyper.sty)
(/usr/share/texlive/texmf-dist/tex/latex/booktabs/booktabs.sty)
(/usr/share/texlive/texmf-dist/tex/latex/tools/array.sty)
(/usr/share/texlive/texmf-dist/tex/latex/tools/longtable.sty)
(/usr/share/texlive/texmf-dist/tex/latex/algorithms/algorithm.sty
(/usr/share/texlive/texmf-dist/tex/latex/float/float.sty)
(/usr/share/texlive/texmf-dist/tex/latex/base/ifthen.sty))
(/usr/share/texlive/texmf-dist/tex/latex/algorithmicx/algpseudocode.sty
(/usr/share/texlive/texmf-dist/tex/latex/algorithmicx/algorithmicx.sty
Document Style algorithmicx 1.2 - a greatly improved `algorithmic' style
)
Document Style - pseudocode environments for use with the `algorithmicx' style
) (/usr/share/texlive/texmf-dist/tex/latex/enumitem/enumitem.sty)
(/usr/share/texlive/texmf-dist/tex/latex/base/fontenc.sty)
(/usr/share/texlive/texmf-dist/tex/latex/psnfss/mathpazo.sty)
(/usr/share/texlive/texmf-dist/tex/latex/microtype/microtype.sty
(/usr/share/texlive/texmf-dist/tex/latex/microtype/microtype-pdftex.def)
(/usr/share/texlive/texmf-dist/tex/latex/microtype/microtype.cfg))
(/usr/share/texlive/texmf-dist/tex/latex/needspace/needspace.sty)
(/usr/share/texlive/texmf-dist/tex/latex/hyperref/hyperref.sty
(/usr/share/texlive/texmf-dist/tex/generic/iftex/iftex.sty)
(/usr/share/texlive/texmf-dist/tex/latex/kvsetkeys/kvsetkeys.sty)
(/usr/share/texlive/texmf-dist/tex/generic/kvdefinekeys/kvdefinekeys.sty)
(/usr/share/texlive/texmf-dist/tex/generic/pdfescape/pdfescape.sty
(/usr/share/texlive/texmf-dist/tex/generic/ltxcmds/ltxcmds.sty)
(/usr/share/texlive/texmf-dist/tex/generic/pdftexcmds/pdftexcmds.sty
(/usr/share/texlive/texmf-dist/tex/generic/infwarerr/infwarerr.sty)))
(/usr/share/texlive/texmf-dist/tex/latex/hycolor/hycolor.sty)
(/usr/share/texlive/texmf-dist/tex/latex/auxhook/auxhook.sty)
(/usr/share/texlive/texmf-dist/tex/latex/hyperref/nameref.sty
(/usr/share/texlive/texmf-dist/tex/latex/refcount/refcount.sty)
(/usr/share/texlive/texmf-dist/tex/generic/gettitlestring/gettitlestring.sty
(/usr/share/texlive/texmf-dist/tex/latex/kvoptions/kvoptions.sty)))
(/usr/share/texlive/texmf-dist/tex/latex/hyperref/pd1enc.def)
(/usr/share/texlive/texmf-dist/tex/generic/intcalc/intcalc.sty)
(/usr/share/texlive/texmf-dist/tex/latex/hyperref/puenc.def)
(/usr/share/texlive/texmf-dist/tex/generic/bitset/bitset.sty
(/usr/share/texlive/texmf-dist/tex/generic/bigintcalc/bigintcalc.sty))
(/usr/share/texlive/texmf-dist/tex/latex/base/atbegshi-ltx.sty))
(/usr/share/texlive/texmf-dist/tex/latex/hyperref/hpdftex.def
(/usr/share/texlive/texmf-dist/tex/latex/base/atveryend-ltx.sty)
(/usr/share/texlive/texmf-dist/tex/latex/rerunfilecheck/rerunfilecheck.sty
(/usr/share/texlive/texmf-dist/tex/generic/uniquecounter/uniquecounter.sty)))

Package xr Warning: 
No file revisions/2026-10-04-r16/publication/build/supp_refs.aux
LABELS NOT IMPORTED.
 on input line 32.

(/usr/share/texlive/texmf-dist/tex/latex/psnfss/t1pcr.fd)
(/usr/share/texlive/texmf-dist/tex/latex/hyperref/backref.sty)
(/usr/share/texlive/texmf-dist/tex/latex/psnfss/t1ppl.fd)
(/usr/share/texlive/texmf-dist/tex/latex/l3backend/l3backend-pdftex.def)

LaTeX Warning: Unused global option(s):
    [nameyear].

No file ECTA.aux.
(/usr/share/texlive/texmf-dist/tex/context/base/mkii/supp-pdf.mkii
[Loading MPS to PDF converter (version 2006.09.02).]
) (/usr/share/texlive/texmf-dist/tex/latex/microtype/mt-ppl.cfg)
(/usr/share/texlive/texmf-dist/tex/latex/graphics/color.sty
(/usr/share/texlive/texmf-dist/tex/latex/graphics-cfg/color.cfg)
(/usr/share/texlive/texmf-dist/tex/latex/graphics/mathcolor.ltx))
(./revisions/2026-10-04-r16/publication/manuscript/abstract.tex)
(./revisions/2026-10-04-r16/publication/manuscript/introduction.tex [1
Non-PDF special ignored!
<special> papersize=614.295pt,794.96999pt
{/var/lib/texmf/fonts/map/pdftex/updmap/pdftex.map}{/usr/share/texlive/texmf-di
st/fonts/enc/dvips/base/8r.enc}]
(/usr/share/texlive/texmf-dist/tex/latex/psnfss/ot1ppl.fd)
(/usr/share/texlive/texmf-dist/tex/latex/psnfss/omlzplm.fd)
(/usr/share/texlive/texmf-dist/tex/latex/psnfss/omszplm.fd)
(/usr/share/texlive/texmf-dist/tex/latex/psnfss/omxzplm.fd)
(/usr/share/texlive/texmf-dist/tex/latex/microtype/mt-msa.cfg)
(/usr/share/texlive/texmf-dist/tex/latex/microtype/mt-msb.cfg)
(/usr/share/texlive/texmf-dist/tex/latex/microtype/mt-cmr.cfg)
(/usr/share/texlive/texmf-dist/tex/latex/psnfss/ot1zplm.fd)
Underfull \vbox (badness 10000) has occurred while \output is active

LaTeX Font Warning: Font shape `T1/ppl/m/uc' undefined
(Font)              using `T1/ppl/m/n' instead on input line 10.


LaTeX Font Warning: Font shape `T1/ppl/m/up' undefined
(Font)              using `T1/ppl/m/n' instead on input line 10.

[2]
Underfull \vbox (badness 10000) has occurred while \output is active [3])
(./revisions/2026-10-04-r16/publication/manuscript/literature.tex

Package natbib Warning: Citation `judd1998' on page 4 undefined on input line 4
.


Package natbib Warning: Citation `hornik1990' on page 4 undefined on input line
 4.


Package natbib Warning: Citation `sirignano2018' on page 4 undefined on input l
ine 6.


Package natbib Warning: Citation `han2018' on page 4 undefined on input line 6.



Package natbib Warning: Citation `epsteinzin1989' on page 4 undefined on input 
line 8.


Package natbib Warning: Citation `duffieepstein1992' on page 4 undefined on inp
ut line 8.


Package natbib Warning: Citation `herdegen2021' on page 4 undefined on input li
ne 8.


Package natbib Warning: Citation `bjork2016' on page 4 undefined on input line 
8.


Package natbib Warning: Citation `borkar2024' on page 4 undefined on input line
 8.


Underfull \vbox (badness 10000) has occurred while \output is active [4]

LaTeX Warning: Reference `sec:theory' on page 5 undefined on input line 11.


LaTeX Warning: Reference `sec:r10continuous' on page 5 undefined on input line 
12.


LaTeX Warning: Reference `sec:r15mechanism' on page 5 undefined on input line 1
2.


LaTeX Warning: Reference `sec:economic-scope' on page 5 undefined on input line
 13.

) (./revisions/2026-10-04-r16/publication/manuscript/model.tex
Underfull \vbox (badness 5726) has occurred while \output is active [5]
Underfull \hbox (badness 816) in paragraph at lines 15--17
\T1/ppl/m/up/12 (+20) Adjustment costs are in-cluded in $\OML/zplm/m/it/12 f$\T
1/ppl/m/up/12 (+20) . For ex-am-ple, time-additive util-ity has
[6]

LaTeX Warning: Reference `eq:generator' on page 7 undefined on input line 32.


LaTeX Warning: Reference `eq:state' on page 7 undefined on input line 32.

(/usr/share/texlive/texmf-dist/tex/latex/psnfss/ufplmbb.fd)

LaTeX Warning: Reference `sec:ndu' on page 7 undefined on input line 37.

) (./revisions/2026-10-04-r16/publication/manuscript/method.tex
Underfull \vbox (badness 10000) has occurred while \output is active [7]
Underfull \vbox (badness 1117) has occurred while \output is active [8]

LaTeX Warning: Reference `app:r15evaluation' on page 9 undefined on input line 
31.

[9] [10]

Package natbib Warning: Citation `scherrer2015' on page 11 undefined on input l
ine 69.


LaTeX Warning: Reference `sec:nonquadratic' on page 11 undefined on input line 
69.


LaTeX Warning: Reference `sec:ndu-neural' on page 11 undefined on input line 69
.

) (./revisions/2026-10-04-r16/publication/manuscript/algorithm.tex)
(./revisions/2026-10-04-r16/publication/manuscript/theory_guide.tex)
(./revisions/2026-10-04-r16/publication/manuscript/capital.tex [11]
Underfull \vbox (badness 6510) has occurred while \output is active [12]

LaTeX Warning: Reference `eq:r10anchorbound' on page 13 undefined on input line
 31.


LaTeX Warning: Reference `app:r15capitalaccounts' on page 13 undefined on input
 line 31.


LaTeX Warning: Reference `thm:r10tube' on page 13 undefined on input line 32.

[13]

LaTeX Warning: Reference `thm:r10tube' on page 14 undefined on input line 54.


LaTeX Warning: Reference `eq:r10state' on page 14 undefined on input line 54.


LaTeX Warning: Reference `eq:r10payoff' on page 14 undefined on input line 54.

[14]

LaTeX Warning: Reference `thm:r10tube' on page 15 undefined on input line 78.

[15]

LaTeX Warning: Reference `eq:r11gain' on page 16 undefined on input line 97.


LaTeX Warning: Reference `eq:r11implementation' on page 16 undefined on input l
ine 102.


LaTeX Warning: Reference `prop:r11transfer' on page 16 undefined on input line 
103.


LaTeX Warning: Reference `app:r15capitalaccounts' on page 16 undefined on input
 line 104.


LaTeX Warning: Reference `eq:r11bias' on page 16 undefined on input line 108.


LaTeX Warning: Reference `app:r15capitaltail' on page 16 undefined on input lin
e 117.

[16]

Package natbib Warning: Citation `maurer2009' on page 17 undefined on input lin
e 143.


LaTeX Warning: Reference `eq:r11lower' on page 17 undefined on input line 143.


LaTeX Warning: Reference `prop:r11transfer' on page 17 undefined on input line 
143.


LaTeX Warning: Reference `eq:r11regret' on page 17 undefined on input line 143.



LaTeX Warning: Reference `eq:r10anchorbound' on page 17 undefined on input line
 143.


Package natbib Warning: Citation `kakade2002' on page 17 undefined on input lin
e 146.


Package natbib Warning: Citation `pirotta2013' on page 17 undefined on input li
ne 146.


Package natbib Warning: Citation `scherrer2015' on page 17 undefined on input l
ine 146.


LaTeX Warning: Reference `eq:r11gain' on page 17 undefined on input line 146.


LaTeX Warning: Reference `eq:r11bias' on page 17 undefined on input line 146.

) (./revisions/2026-10-04-r16/publication/manuscript/mechanism.tex [17]
[18]

LaTeX Warning: Reference `eq:r12actionloss' on page 19 undefined on input line 
28.


LaTeX Warning: Reference `eq:r12projection' on page 19 undefined on input line 
28.


LaTeX Warning: Reference `prop:r14economiccostate' on page 19 undefined on inpu
t line 31.

[19]

LaTeX Warning: Reference `thm:r11certificate' on page 20 undefined on input lin
e 51.


LaTeX Warning: Reference `eq:r11lower' on page 20 undefined on input line 51.

) (./revisions/2026-10-04-r16/publication/manuscript/signed_main_theory.tex
[20]

LaTeX Warning: Reference `prop:r16signedbridge' on page 21 undefined on input l
ine 20.

) (./revisions/2026-10-04-r16/publication/manuscript/reuse_main.tex [21]
[22]

LaTeX Warning: Reference `prop:r16menucache' on page 23 undefined on input line
 73.

[23] [24] [25]

LaTeX Warning: Reference `prop:r16activefacevalue' on page 26 undefined on inpu
t line 150.

) (./revisions/2026-10-04-r16/publication/manuscript/implementation_summary.tex

LaTeX Warning: Reference `prop:r12observation' on page 26 undefined on input li
ne 4.


LaTeX Warning: Reference `prop:r14randomization' on page 26 undefined on input 
line 4.


LaTeX Warning: Reference `prop:r14sensor' on page 26 undefined on input line 6.



LaTeX Warning: Reference `app:r15observationtheory' on page 26 undefined on inp
ut line 6.

) (./revisions/2026-10-04-r16/publication/manuscript/new_evidence.tex
Underfull \vbox (badness 3930) has occurred while \output is active [26]
(./revisions/2026-10-04-r16/publication/manuscript/experiment_design.tex

LaTeX Warning: Reference `eq:r10state' on page 27 undefined on input line 4.


LaTeX Warning: Reference `eq:r10payoff' on page 27 undefined on input line 4.

[27]) (./revisions/2026-10-04-r16/publication/manuscript/baseline_design.tex
Underfull \vbox (badness 3930) has occurred while \output is active [28]
[29]) (./revisions/2026-10-04-r16/publication/manuscript/method_inference.tex
Underfull \vbox (badness 7944) has occurred while \output is active [30]
[31] [32])
(./revisions/2026-10-04-r16/publication/manuscript/method_evidence.tex

LaTeX Warning: Reference `tab:r15methodmeans' on page 33 undefined on input lin
e 6.


LaTeX Warning: Reference `tab:r15methodcontrasts' on page 33 undefined on input
 line 6.


LaTeX Warning: Reference `sec:r15methoddistribution' on page 33 undefined on in
put line 6.


LaTeX Warning: Reference `tab:r15methodwork' on page 33 undefined on input line
 8.


LaTeX Warning: Reference `tab:r15methodoperations' on page 33 undefined on inpu
t line 8.


LaTeX Warning: Reference `tab:r15methoddecomposition' on page 33 undefined on i
nput line 8.


(./revisions/2026-10-04-r15/results/publication_tables/table_method_summary.tex
)
(./revisions/2026-10-04-r15/results/publication_tables/table_method_comparisons
.tex (/usr/share/texlive/texmf-dist/tex/latex/psnfss/ts1ppl.fd))
(./revisions/2026-10-04-r15/results/experiment/report/table_method_work.tex)
(./revisions/2026-10-04-r15/results/experiment/report/table_method_operations.t
ex)
(./revisions/2026-10-04-r15/results/experiment/report/table_method_decompositio
n.tex))
(./revisions/2026-10-04-r16/publication/manuscript/primary_interpretation.tex
[33] [34] [35] [36])
(./revisions/2026-10-04-r16/publication/manuscript/paired_comparison.tex

LaTeX Warning: Reference `prop:r15pairedtransfer' on page 37 undefined on input
 line 5.

(./revisions/2026-10-04-r15/results/paired_transfer/paired_transfer_main.tex

LaTeX Warning: Reference `app:r15pairedtransfer' on page 37 undefined on input 
line 17.

) (./revisions/2026-10-04-r16/publication/manuscript/paired_interpretation.tex)
) (./revisions/2026-10-04-r16/publication/manuscript/replication_evidence.tex
[37]

LaTeX Warning: Reference `tab:r16-replication-comparisons' on page 38 undefined
 on input line 5.


(./revisions/2026-10-04-r16/results/replication_summary/report/replication_comp
arisons.tex) [38]
(./revisions/2026-10-04-r16/results/replication_summary/report/replication_meth
ods.tex))
(./revisions/2026-10-04-r15/results/economic_bounds/economic_bounds.tex

LaTeX Warning: Reference `eq:r10anchorbound' on page 39 undefined on input line
 5.


Underfull \vbox (badness 8094) has occurred while \output is active [39]
(./revisions/2026-10-04-r15/results/economic_bounds/table_economic_bounds.tex
[40])

LaTeX Warning: Reference `tab:r15absolute' on page 41 undefined on input line 1
9.


LaTeX Warning: Reference `eq:r15methodregret' on page 41 undefined on input lin
e 19.

) (./revisions/2026-10-04-r16/publication/manuscript/mechanism_evidence.tex
(./revisions/2026-10-04-r15/results/mechanism/report/mechanism_evidence.tex
[41]

LaTeX Warning: Reference `tab:r15mechanismevaluation' on page 42 undefined on i
nput line 9.


LaTeX Warning: Reference `tab:r15mechanismwelfare' on page 42 undefined on inpu
t line 18.


LaTeX Warning: Reference `thm:r15mechanism' on page 42 undefined on input line 
20.


LaTeX Warning: Reference `tab:r15mechanismfull' on page 42 undefined on input l
ine 29.


LaTeX Warning: Reference `tab:r15mechanismwork' on page 42 undefined on input l
ine 29.

)
(./revisions/2026-10-04-r15/results/mechanism/report/table_mechanism_evaluation
.tex)
(./revisions/2026-10-04-r15/results/mechanism/report/table_mechanism_welfare.te
x)) (./revisions/2026-10-04-r16/results/signed_mechanism/report/signed_main.tex

LaTeX Warning: Reference `prop:r16signedbridge' on page 42 undefined on input l
ine 8.


Underfull \vbox (badness 10000) has occurred while \output is active [42]
(./revisions/2026-10-04-r16/results/signed_mechanism/report/table_signed_main.t
ex) [43]) (./revisions/2026-10-04-r15/results/scalar_report/scalar_evidence.tex
(./revisions/2026-10-04-r15/results/scalar_report/table_scalar_training.tex

LaTeX Warning: Reference `prop:r15scalarresidual' on page 44 undefined on input
 line 19.

)
Underfull \vbox (badness 1571) has occurred while \output is active [44]
(./revisions/2026-10-04-r15/results/scalar_report/table_scalar_deployment.tex)
Underfull \vbox (badness 10000) has occurred while \output is active [45]

LaTeX Warning: Reference `cor:r15scalartube' on page 46 undefined on input line
 17.

[46])
(./revisions/2026-10-04-r16/publication/manuscript/observation_evidence.tex

LaTeX Warning: Reference `prop:r14sensor' on page 47 undefined on input line 8.



LaTeX Warning: Reference `tab:r15observation' on page 47 undefined on input lin
e 14.


Underfull \vbox (badness 3930) has occurred while \output is active [47]

LaTeX Warning: Reference `tab:r15observationfull' on page 48 undefined on input
 line 28.


LaTeX Warning: Reference `tab:r15observationwork' on page 48 undefined on input
 line 29.

(./revisions/2026-10-04-r16/publication/manuscript/table_observation_main.tex))
(./revisions/2026-10-04-r16/publication/manuscript/completed_evidence.tex

LaTeX Warning: Reference `sec:r16menu' on page 48 undefined on input line 3.

[48]
(./revisions/2026-10-04-r16/results/continuation_menu/report/table_menu_compari
sons.tex)

LaTeX Warning: Reference `tab:r16menucomparisons' on page 49 undefined on input
 line 9.


LaTeX Warning: Reference `app:r16menurecord' on page 49 undefined on input line
 9.


Underfull \vbox (badness 10000) has occurred while \output is active [49]
(./revisions/2026-10-04-r16/results/continuation_menu/report/table_menu_work.te
x) [50]

LaTeX Warning: Reference `tab:r16menuscalar' on page 51 undefined on input line
 17.


LaTeX Warning: Reference `app:r16registered' on page 51 undefined on input line
 21.


LaTeX Warning: Reference `tab:r16readinghjb' on page 51 undefined on input line
 23.


LaTeX Warning: Reference `app:r16robustrecord' on page 51 undefined on input li
ne 23.


Underfull \vbox (badness 10000) has occurred while \output is active [51]
(./revisions/2026-10-04-r16/publication/results/robustness_reading_table.tex)))
(./revisions/2026-10-04-r16/publication/manuscript/conclusion.tex [52])
No file ECTA.bbl.

Package natbib Warning: There were undefined citations.

[53] (revisions/2026-10-04-r16/publication/build/ECTA.aux)

LaTeX Font Warning: Some font shapes were not available, defaults substituted.


LaTeX Warning: There were undefined references.


LaTeX Warning: Label(s) may have changed. Rerun to get cross-references right.


Package rerunfilecheck Warning: File `ECTA.out' has changed.
(rerunfilecheck)                Rerun to get outlines right
(rerunfilecheck)                or use package `bookmark'.

 )
(see the transcript file for additional information)</usr/share/texlive/texmf-d
ist/fonts/type1/public/amsfonts/cm/cmbx12.pfb></usr/share/texlive/texmf-dist/fo
nts/type1/public/amsfonts/cm/cmex10.pfb></usr/share/texlive/texmf-dist/fonts/ty
pe1/public/amsfonts/cm/cmmi10.pfb></usr/share/texlive/texmf-dist/fonts/type1/pu
blic/amsfonts/cm/cmr10.pfb></usr/share/texlive/texmf-dist/fonts/type1/public/am
sfonts/cm/cmsy10.pfb></usr/share/texlive/texmf-dist/fonts/type1/public/mathpazo
/fplmbb.pfb></usr/share/texlive/texmf-dist/fonts/type1/public/mathpazo/fplmr.pf
b></usr/share/texlive/texmf-dist/fonts/type1/public/mathpazo/fplmri.pfb></usr/s
hare/texlive/texmf-dist/fonts/type1/urw/courier/ucrr8a.pfb></usr/share/texlive/
texmf-dist/fonts/type1/urw/palatino/uplb8a.pfb></usr/share/texlive/texmf-dist/f
onts/type1/urw/palatino/uplr8a.pfb></usr/share/texlive/texmf-dist/fonts/type1/u
rw/palatino/uplri8a.pfb>
Output written on revisions/2026-10-04-r16/publication/build/ECTA.pdf (53 pages
, 295832 bytes).
Transcript written on revisions/2026-10-04-r16/publication/build/ECTA.log.
