This is pdfTeX, Version 3.141592653-2.6-1.40.25 (TeX Live 2023/Debian) (preloaded format=pdflatex)
entering extended mode
(./supp.tex
LaTeX2e <2023-11-01> patch level 1
L3 programming layer <2024-01-22>
(./econsocart.cls
Document Class: econsocart 2022/11/21 v1.4.1, The Econometric Society Journals
(/usr/share/texlive/texmf-dist/tex/latex/etoolbox/etoolbox.sty)
(./econsocart.cfg) (/usr/share/texlive/texmf-dist/tex/latex/base/fix-cm.sty
(/usr/share/texlive/texmf-dist/tex/latex/base/ts1enc.def))
(/usr/share/texlive/texmf-dist/tex/latex/graphics/graphicx.sty
(/usr/share/texlive/texmf-dist/tex/latex/graphics/keyval.sty)
(/usr/share/texlive/texmf-dist/tex/latex/graphics/graphics.sty
(/usr/share/texlive/texmf-dist/tex/latex/graphics/trig.sty)
(/usr/share/texlive/texmf-dist/tex/latex/graphics-cfg/graphics.cfg)
(/usr/share/texlive/texmf-dist/tex/latex/graphics-def/pdftex.def)))
(/usr/share/texlive/texmf-dist/tex/latex/base/fontenc.sty)
(/usr/share/texlive/texmf-dist/tex/latex/psnfss/times.sty)
(/usr/share/texlive/texmf-dist/tex/latex/textcase/textcase.sty)
(/usr/share/texlive/texmf-dist/tex/latex/psnfss/helvet.sty)
(/usr/share/texlive/texmf-dist/tex/latex/base/textcomp.sty)
(/usr/share/texlive/texmf-dist/tex/latex/psnfss/t1ptm.fd)
(/usr/share/texlive/texmf-dist/tex/latex/amsfonts/amssymb.sty
(/usr/share/texlive/texmf-dist/tex/latex/amsfonts/amsfonts.sty))
(/usr/share/texlive/texmf-dist/tex/latex/tools/bm.sty)
(/usr/share/texlive/texmf-dist/tex/latex/url/url.sty)
(/usr/share/texlive/texmf-dist/tex/latex/amsmath/amsmath.sty
For additional information on amsmath, use the `?' option.
(/usr/share/texlive/texmf-dist/tex/latex/amsmath/amstext.sty
(/usr/share/texlive/texmf-dist/tex/latex/amsmath/amsgen.sty))
(/usr/share/texlive/texmf-dist/tex/latex/amsmath/amsbsy.sty)
(/usr/share/texlive/texmf-dist/tex/latex/amsmath/amsopn.sty))
(/usr/share/texlive/texmf-dist/tex/latex/amscls/amsthm.sty)
(/usr/share/texlive/texmf-dist/tex/latex/natbib/natbib.sty))
(/usr/share/texlive/texmf-dist/tex/latex/hyperref/xr-hyper.sty)
(/usr/share/texlive/texmf-dist/tex/latex/booktabs/booktabs.sty)
(/usr/share/texlive/texmf-dist/tex/latex/tools/array.sty)
(/usr/share/texlive/texmf-dist/tex/latex/tools/longtable.sty)
(/usr/share/texlive/texmf-dist/tex/latex/algorithms/algorithm.sty
(/usr/share/texlive/texmf-dist/tex/latex/float/float.sty)
(/usr/share/texlive/texmf-dist/tex/latex/base/ifthen.sty))
(/usr/share/texlive/texmf-dist/tex/latex/algorithmicx/algpseudocode.sty
(/usr/share/texlive/texmf-dist/tex/latex/algorithmicx/algorithmicx.sty
Document Style algorithmicx 1.2 - a greatly improved `algorithmic' style
)
Document Style - pseudocode environments for use with the `algorithmicx' style
) (/usr/share/texlive/texmf-dist/tex/latex/enumitem/enumitem.sty)
(/usr/share/texlive/texmf-dist/tex/latex/base/fontenc.sty)
(/usr/share/texlive/texmf-dist/tex/latex/psnfss/mathpazo.sty)
(/usr/share/texlive/texmf-dist/tex/latex/microtype/microtype.sty
(/usr/share/texlive/texmf-dist/tex/latex/microtype/microtype-pdftex.def)
(/usr/share/texlive/texmf-dist/tex/latex/microtype/microtype.cfg))
(/usr/share/texlive/texmf-dist/tex/latex/needspace/needspace.sty)
(/usr/share/texlive/texmf-dist/tex/latex/hyperref/hyperref.sty
(/usr/share/texlive/texmf-dist/tex/generic/iftex/iftex.sty)
(/usr/share/texlive/texmf-dist/tex/latex/kvsetkeys/kvsetkeys.sty)
(/usr/share/texlive/texmf-dist/tex/generic/kvdefinekeys/kvdefinekeys.sty)
(/usr/share/texlive/texmf-dist/tex/generic/pdfescape/pdfescape.sty
(/usr/share/texlive/texmf-dist/tex/generic/ltxcmds/ltxcmds.sty)
(/usr/share/texlive/texmf-dist/tex/generic/pdftexcmds/pdftexcmds.sty
(/usr/share/texlive/texmf-dist/tex/generic/infwarerr/infwarerr.sty)))
(/usr/share/texlive/texmf-dist/tex/latex/hycolor/hycolor.sty)
(/usr/share/texlive/texmf-dist/tex/latex/auxhook/auxhook.sty)
(/usr/share/texlive/texmf-dist/tex/latex/hyperref/nameref.sty
(/usr/share/texlive/texmf-dist/tex/latex/refcount/refcount.sty)
(/usr/share/texlive/texmf-dist/tex/generic/gettitlestring/gettitlestring.sty
(/usr/share/texlive/texmf-dist/tex/latex/kvoptions/kvoptions.sty)))
(/usr/share/texlive/texmf-dist/tex/latex/hyperref/pd1enc.def)
(/usr/share/texlive/texmf-dist/tex/generic/intcalc/intcalc.sty)
(/usr/share/texlive/texmf-dist/tex/latex/hyperref/puenc.def)
(/usr/share/texlive/texmf-dist/tex/generic/bitset/bitset.sty
(/usr/share/texlive/texmf-dist/tex/generic/bigintcalc/bigintcalc.sty))
(/usr/share/texlive/texmf-dist/tex/latex/base/atbegshi-ltx.sty))
(/usr/share/texlive/texmf-dist/tex/latex/hyperref/hpdftex.def
(/usr/share/texlive/texmf-dist/tex/latex/base/atveryend-ltx.sty)
(/usr/share/texlive/texmf-dist/tex/latex/rerunfilecheck/rerunfilecheck.sty
(/usr/share/texlive/texmf-dist/tex/generic/uniquecounter/uniquecounter.sty)))
(/usr/share/texlive/texmf-dist/tex/latex/psnfss/t1pcr.fd)
(/usr/share/texlive/texmf-dist/tex/latex/hyperref/backref.sty)
(/usr/share/texlive/texmf-dist/tex/latex/psnfss/t1ppl.fd)
(/usr/share/texlive/texmf-dist/tex/latex/l3backend/l3backend-pdftex.def)

LaTeX Warning: Unused global option(s):
    [nameyear].

No file supp.aux.
(/usr/share/texlive/texmf-dist/tex/context/base/mkii/supp-pdf.mkii
[Loading MPS to PDF converter (version 2006.09.02).]
) (/usr/share/texlive/texmf-dist/tex/latex/microtype/mt-ppl.cfg)
(/usr/share/texlive/texmf-dist/tex/latex/graphics/color.sty
(/usr/share/texlive/texmf-dist/tex/latex/graphics-cfg/color.cfg)
(/usr/share/texlive/texmf-dist/tex/latex/graphics/mathcolor.ltx))
(./revisions/2026-10-04-r16/publication/manuscript/general_theory.tex
(/usr/share/texlive/texmf-dist/tex/latex/psnfss/ot1ppl.fd)
(/usr/share/texlive/texmf-dist/tex/latex/psnfss/omlzplm.fd)
(/usr/share/texlive/texmf-dist/tex/latex/psnfss/omszplm.fd)
(/usr/share/texlive/texmf-dist/tex/latex/psnfss/omxzplm.fd)
(/usr/share/texlive/texmf-dist/tex/latex/microtype/mt-msa.cfg)
(/usr/share/texlive/texmf-dist/tex/latex/microtype/mt-msb.cfg)
(/usr/share/texlive/texmf-dist/tex/latex/microtype/mt-cmr.cfg)
(/usr/share/texlive/texmf-dist/tex/latex/psnfss/ot1zplm.fd) [1
Non-PDF special ignored!
<special> papersize=614.295pt,794.96999pt
{/var/lib/texmf/fonts/map/pdftex/updmap/pdftex.map}{/usr/share/texlive/texmf-di
st/fonts/enc/dvips/base/8r.enc}]

LaTeX Warning: Reference `sec:coverage' on page 2 undefined on input line 21.


LaTeX Font Warning: Font shape `T1/ppl/m/scit' undefined
(Font)              using `T1/ppl/m/sc' instead on input line 23.


LaTeX Warning: Reference `eq:implicit' on page 2 undefined on input line 34.


LaTeX Font Warning: Font shape `T1/ppl/m/uc' undefined
(Font)              using `T1/ppl/m/n' instead on input line 38.


LaTeX Font Warning: Font shape `T1/ppl/m/up' undefined
(Font)              using `T1/ppl/m/n' instead on input line 38.

[2]

LaTeX Warning: Reference `thm:discrete' on page 3 undefined on input line 51.

[3]

LaTeX Warning: Reference `app:r15evaluation' on page 4 undefined on input line 
62.


LaTeX Warning: Reference `app:proofs' on page 4 undefined on input line 64.

) (./revisions/2026-10-04-r16/publication/manuscript/new_theory.tex

LaTeX Font Warning: Font shape `T1/ppl/m/scit' undefined
(Font)              using `T1/ppl/m/sc' instead on input line 1.

[4] (/usr/share/texlive/texmf-dist/tex/latex/psnfss/ufplmbb.fd) [5]

LaTeX Warning: Reference `eq:r15actorgap' on page 6 undefined on input line 112
.

[6]

LaTeX Warning: Reference `prop:r11transfer' on page 7 undefined on input line 1
76.


LaTeX Warning: Reference `prop:r15actorgap' on page 7 undefined on input line 1
85.

[7]) (./revisions/2026-10-04-r16/publication/manuscript/fees.tex

LaTeX Font Warning: Font shape `T1/ppl/m/scit' undefined
(Font)              using `T1/ppl/m/sc' instead on input line 3.

) (./revisions/2026-10-04-r16/publication/manuscript/economic_scope.tex
[8]

LaTeX Font Warning: Font shape `T1/ppl/m/scit' undefined
(Font)              using `T1/ppl/m/sc' instead on input line 6.

[9]

LaTeX Warning: Reference `sec:ndu' on page 10 undefined on input line 35.


LaTeX Warning: Reference `sec:ndu-neural' on page 10 undefined on input line 35
.


LaTeX Warning: Reference `sec:r9results' on page 10 undefined on input line 35.



LaTeX Font Warning: Font shape `T1/ppl/m/scit' undefined
(Font)              using `T1/ppl/m/sc' instead on input line 37.


LaTeX Warning: Reference `sec:recursive' on page 10 undefined on input line 42.


[10]

LaTeX Warning: Reference `sec:temporal' on page 11 undefined on input line 49.


LaTeX Font Warning: Font shape `T1/ppl/m/scit' undefined
(Font)              using `T1/ppl/m/sc' instead on input line 51.


LaTeX Warning: Reference `sec:games' on page 11 undefined on input line 59.


LaTeX Warning: Reference `sec:dynamic-computation' on page 11 undefined on inpu
t line 59.

[11])
(./revisions/2026-10-04-r16/publication/manuscript/appendix_evaluation.tex
[12]

LaTeX Font Warning: Font shape `T1/ppl/m/scit' undefined
(Font)              using `T1/ppl/m/sc' instead on input line 20.


Package hyperref Warning: Difference (2) between bookmark levels is greater 
(hyperref)                than one, level fixed on input line 20.


Package natbib Warning: Citation `borkar2024' on page 13 undefined on input lin
e 25.


LaTeX Font Warning: Font shape `T1/ppl/m/scit' undefined
(Font)              using `T1/ppl/m/sc' instead on input line 28.

[13]

LaTeX Font Warning: Font shape `T1/ppl/m/scit' undefined
(Font)              using `T1/ppl/m/sc' instead on input line 48.


LaTeX Font Warning: Font shape `T1/ppl/m/scit' undefined
(Font)              using `T1/ppl/m/sc' instead on input line 49.

[14]

LaTeX Font Warning: Font shape `T1/ppl/m/scit' undefined
(Font)              using `T1/ppl/m/sc' instead on input line 60.


Underfull \vbox (badness 5345) has occurred while \output is active [15]

LaTeX Font Warning: Font shape `T1/ppl/m/scit' undefined
(Font)              using `T1/ppl/m/sc' instead on input line 73.

[16]

LaTeX Font Warning: Font shape `T1/ppl/m/scit' undefined
(Font)              using `T1/ppl/m/sc' instead on input line 88.


LaTeX Font Warning: Font shape `T1/ppl/m/scit' undefined
(Font)              using `T1/ppl/m/sc' instead on input line 98.

[17]

LaTeX Warning: Reference `thm:viscosity' on page 18 undefined on input line 127
.


LaTeX Font Warning: Font shape `T1/ppl/m/scit' undefined
(Font)              using `T1/ppl/m/sc' instead on input line 129.

[18] [19])
(./revisions/2026-10-04-r16/publication/manuscript/appendix_proofs.tex [20]

LaTeX Font Warning: Font shape `T1/ppl/m/scit' undefined
(Font)              using `T1/ppl/m/sc' instead on input line 4.


LaTeX Warning: Reference `thm:verification' on page 21 undefined on input line 
4.


Package hyperref Warning: Difference (2) between bookmark levels is greater 
(hyperref)                than one, level fixed on input line 4.


LaTeX Warning: Reference `eq:valuebound' on page 21 undefined on input line 10.



LaTeX Warning: Reference `eq:policybound' on page 21 undefined on input line 12
.


LaTeX Warning: Reference `eq:regret' on page 21 undefined on input line 12.


LaTeX Font Warning: Font shape `T1/ppl/m/scit' undefined
(Font)              using `T1/ppl/m/sc' instead on input line 14.

[21]

LaTeX Font Warning: Font shape `T1/ppl/m/scit' undefined
(Font)              using `T1/ppl/m/sc' instead on input line 17.


LaTeX Warning: Reference `thm:discrete' on page 22 undefined on input line 17.


LaTeX Warning: Reference `eq:implicit' on page 22 undefined on input line 18.


LaTeX Font Warning: Font shape `T1/ppl/m/scit' undefined
(Font)              using `T1/ppl/m/sc' instead on input line 27.


LaTeX Warning: Reference `thm:viscosity' on page 22 undefined on input line 27.



LaTeX Warning: Reference `eq:discretebound' on page 22 undefined on input line 
28.


Package natbib Warning: Citation `barles1991' on page 22 undefined on input lin
e 33.


Package natbib Warning: Citation `crandall1992' on page 22 undefined on input l
ine 33.

[22]

LaTeX Font Warning: Font shape `T1/ppl/m/scit' undefined
(Font)              using `T1/ppl/m/sc' instead on input line 35.


LaTeX Font Warning: Font shape `T1/ppl/m/scit' undefined
(Font)              using `T1/ppl/m/sc' instead on input line 43.


LaTeX Warning: Reference `eq:spike' on page 23 undefined on input line 53.

[23]

LaTeX Font Warning: Font shape `T1/ppl/m/scit' undefined
(Font)              using `T1/ppl/m/sc' instead on input line 56.


LaTeX Font Warning: Font shape `T1/ppl/m/scit' undefined
(Font)              using `T1/ppl/m/sc' instead on input line 57.


LaTeX Warning: Reference `prop:r9guard' on page 24 undefined on input line 57.


LaTeX Font Warning: Font shape `T1/ppl/m/scit' undefined
(Font)              using `T1/ppl/m/sc' instead on input line 60.


LaTeX Warning: Reference `thm:r9cover' on page 24 undefined on input line 60.


LaTeX Warning: Reference `eq:r9mean' on page 24 undefined on input line 65.


LaTeX Warning: Reference `eq:r9coverbound' on page 24 undefined on input line 6
7.

[24]

LaTeX Font Warning: Font shape `T1/ppl/m/scit' undefined
(Font)              using `T1/ppl/m/sc' instead on input line 71.

[25]

LaTeX Font Warning: Font shape `T1/ppl/m/scit' undefined
(Font)              using `T1/ppl/m/sc' instead on input line 88.


LaTeX Warning: Reference `prop:r9capital' on page 26 undefined on input line 88
.


LaTeX Font Warning: Font shape `T1/ppl/m/scit' undefined
(Font)              using `T1/ppl/m/sc' instead on input line 98.

[26]

LaTeX Font Warning: Font shape `T1/ppl/m/scit' undefined
(Font)              using `T1/ppl/m/sc' instead on input line 103.


LaTeX Font Warning: Font shape `T1/ppl/m/scit' undefined
(Font)              using `T1/ppl/m/sc' instead on input line 104.

[27]

LaTeX Font Warning: Font shape `T1/ppl/m/scit' undefined
(Font)              using `T1/ppl/m/sc' instead on input line 122.


LaTeX Warning: Reference `prop:r11transfer' on page 28 undefined on input line 
123.


LaTeX Warning: Reference `eq:r12fee' on page 28 undefined on input line 130.


Underfull \vbox (badness 10000) has occurred while \output is active [28]

LaTeX Font Warning: Font shape `T1/ppl/m/scit' undefined
(Font)              using `T1/ppl/m/sc' instead on input line 141.

[29]

LaTeX Font Warning: Font shape `T1/ppl/m/scit' undefined
(Font)              using `T1/ppl/m/sc' instead on input line 151.

[30]

LaTeX Font Warning: Font shape `T1/ppl/m/scit' undefined
(Font)              using `T1/ppl/m/sc' instead on input line 168.

[31] [32]

LaTeX Warning: Reference `eq:r14economiccostate' on page 33 undefined on input 
line 265.


LaTeX Warning: Reference `eq:r14costateresidual' on page 33 undefined on input 
line 295.

)
(./revisions/2026-10-04-r16/publication/manuscript/appendix_capital_accounts.te
x [33]

LaTeX Font Warning: Font shape `T1/ppl/m/scit' undefined
(Font)              using `T1/ppl/m/sc' instead on input line 12.

[34]

LaTeX Warning: Reference `app:r10proof' on page 35 undefined on input line 46.


LaTeX Font Warning: Font shape `T1/ppl/m/scit' undefined
(Font)              using `T1/ppl/m/sc' instead on input line 49.

[35]

LaTeX Font Warning: Font shape `T1/ppl/m/scit' undefined
(Font)              using `T1/ppl/m/sc' instead on input line 54.


LaTeX Font Warning: Font shape `T1/ppl/m/scit' undefined
(Font)              using `T1/ppl/m/sc' instead on input line 57.


LaTeX Font Warning: Font shape `T1/ppl/m/scit' undefined
(Font)              using `T1/ppl/m/sc' instead on input line 77.

[36]

LaTeX Font Warning: Font shape `T1/ppl/m/scit' undefined
(Font)              using `T1/ppl/m/sc' instead on input line 98.


LaTeX Warning: Reference `eq:r10loglemma' on page 37 undefined on input line 11
2.


LaTeX Warning: Reference `eq:r10stability' on page 37 undefined on input line 1
15.


LaTeX Warning: Reference `eq:r10moment' on page 37 undefined on input line 115.



LaTeX Warning: Reference `eq:r10anchorbound' on page 37 undefined on input line
 122.

[37]

LaTeX Warning: Reference `eq:r10identity' on page 38 undefined on input line 12
4.


LaTeX Warning: Reference `eq:r10logupper' on page 38 undefined on input line 12
4.


LaTeX Warning: Reference `eq:r10stability' on page 38 undefined on input line 1
32.


LaTeX Warning: Reference `eq:r10anchorbound' on page 38 undefined on input line
 132.


LaTeX Warning: Reference `eq:r10neuralbound' on page 38 undefined on input line
 132.


LaTeX Font Warning: Font shape `T1/ppl/m/scit' undefined
(Font)              using `T1/ppl/m/sc' instead on input line 134.


LaTeX Font Warning: Font shape `T1/ppl/m/scit' undefined
(Font)              using `T1/ppl/m/sc' instead on input line 142.

[38]

LaTeX Warning: Reference `eq:r10Q' on page 39 undefined on input line 150.


LaTeX Warning: Reference `app:r11proofs' on page 39 undefined on input line 180
.

[39]

LaTeX Font Warning: Font shape `T1/ppl/m/scit' undefined
(Font)              using `T1/ppl/m/sc' instead on input line 182.


LaTeX Font Warning: Font shape `T1/ppl/m/scit' undefined
(Font)              using `T1/ppl/m/sc' instead on input line 197.


LaTeX Font Warning: Font shape `T1/ppl/m/scit' undefined
(Font)              using `T1/ppl/m/sc' instead on input line 200.

[40]

LaTeX Warning: Reference `eq:r11strong' on page 41 undefined on input line 235.


[41]

LaTeX Warning: Reference `eq:r11bias' on page 42 undefined on input line 257.


LaTeX Warning: Reference `prop:r11transfer' on page 42 undefined on input line 
257.


LaTeX Font Warning: Font shape `T1/ppl/m/scit' undefined
(Font)              using `T1/ppl/m/sc' instead on input line 259.

[42]

LaTeX Font Warning: Font shape `T1/ppl/m/scit' undefined
(Font)              using `T1/ppl/m/sc' instead on input line 274.


Underfull \vbox (badness 1297) has occurred while \output is active [43]
Underfull \hbox (badness 922) in paragraph at lines 294--295
[]\T1/ppl/m/up/12 (+20) The sam-pling con-tract is ideal in-de-pen-dent standar
d-normal in-no-va-tions

LaTeX Font Warning: Font shape `T1/ppl/m/scit' undefined
(Font)              using `T1/ppl/m/sc' instead on input line 296.

[44]

LaTeX Font Warning: Font shape `T1/ppl/m/scit' undefined
(Font)              using `T1/ppl/m/sc' instead on input line 331.


Package natbib Warning: Citation `maurer2009' on page 45 undefined on input lin
e 332.


Underfull \vbox (badness 1688) has occurred while \output is active [45])
(./revisions/2026-10-04-r16/publication/manuscript/new_proofs.tex

LaTeX Font Warning: Font shape `T1/ppl/m/scit' undefined
(Font)              using `T1/ppl/m/sc' instead on input line 9.


LaTeX Warning: Reference `eq:r15postdecision' on page 46 undefined on input lin
e 16.

[46]

LaTeX Warning: Reference `prop:r15bellmanbridge' on page 47 undefined on input 
line 41.


LaTeX Font Warning: Font shape `T1/ppl/m/scit' undefined
(Font)              using `T1/ppl/m/sc' instead on input line 45.


LaTeX Warning: Reference `eq:r15actorgap' on page 47 undefined on input line 55
.

[47]

LaTeX Warning: Reference `eq:r15bridge' on page 48 undefined on input line 78.


LaTeX Warning: Reference `eq:r15quadratic' on page 48 undefined on input line 7
9.


LaTeX Font Warning: Font shape `T1/ppl/m/scit' undefined
(Font)              using `T1/ppl/m/sc' instead on input line 84.


LaTeX Warning: Reference `eq:r15adjoint' on page 48 undefined on input line 104
.

[48]

LaTeX Font Warning: Font shape `T1/ppl/m/scit' undefined
(Font)              using `T1/ppl/m/sc' instead on input line 145.


LaTeX Warning: Reference `eq:r15statistics' on page 49 undefined on input line 
147.

[49]

LaTeX Warning: Reference `eq:r15costaterange' on page 50 undefined on input lin
e 187.


LaTeX Warning: Reference `eq:r15eclip' on page 50 undefined on input line 188.


LaTeX Warning: Reference `eq:r15etail' on page 50 undefined on input line 227.


LaTeX Warning: Reference `eq:r15eclip' on page 50 undefined on input line 229.

[50]

LaTeX Font Warning: Font shape `T1/ppl/m/scit' undefined
(Font)              using `T1/ppl/m/sc' instead on input line 264.


LaTeX Warning: Reference `eq:r15statistics' on page 51 undefined on input line 
276.


Package natbib Warning: Citation `maurer2009' on page 51 undefined on input lin
e 279.

[51]

LaTeX Warning: Reference `eq:r15costaterange' on page 52 undefined on input lin
e 302.

[52]

LaTeX Warning: Reference `eq:r15adjointarithmetic' on page 53 undefined on inpu
t line 374.

[53] [54]

LaTeX Warning: Reference `prop:r11transfer' on page 55 undefined on input line 
437.


LaTeX Warning: Reference `prop:r15bellmanbridge' on page 55 undefined on input 
line 442.


LaTeX Warning: Reference `thm:r15mechanism' on page 55 undefined on input line 
444.


LaTeX Warning: Reference `prop:r15actorgap' on page 55 undefined on input line 
445.

) (./revisions/2026-10-04-r16/manuscript/signed_bellman_bridge.tex

LaTeX Font Warning: Font shape `T1/ppl/m/scit' undefined
(Font)              using `T1/ppl/m/sc' instead on input line 3.


LaTeX Warning: Reference `eq:r15finite' on page 55 undefined on input line 6.


LaTeX Warning: Reference `eq:r15reward' on page 55 undefined on input line 6.

[55]

LaTeX Warning: Reference `eq:r15telescoping' on page 56 undefined on input line
 54.


LaTeX Warning: Reference `thm:r15mechanism' on page 56 undefined on input line 
57.


LaTeX Font Warning: Font shape `T1/ppl/m/scit' undefined
(Font)              using `T1/ppl/m/sc' instead on input line 67.


LaTeX Warning: Reference `eq:r16signedG' on page 56 undefined on input line 70.


[56]

LaTeX Warning: Reference `eq:r16signedG' on page 57 undefined on input line 122
.

[57]

LaTeX Warning: Reference `eq:r15adjoint' on page 58 undefined on input line 147
.

[58] [59]) (./revisions/2026-10-04-r16/publication/manuscript/reuse_details.tex

LaTeX Font Warning: Font shape `T1/ppl/m/scit' undefined
(Font)              using `T1/ppl/m/sc' instead on input line 2.

[60] [61]

LaTeX Font Warning: Font shape `T1/ppl/m/scit' undefined
(Font)              using `T1/ppl/m/sc' instead on input line 112.

[62] [63]

LaTeX Font Warning: Font shape `T1/ppl/m/scit' undefined
(Font)              using `T1/ppl/m/sc' instead on input line 192.

(./revisions/2026-10-04-r16/publication/completion/active_face_value.tex
[64]

LaTeX Font Warning: Font shape `T1/ppl/m/scit' undefined
(Font)              using `T1/ppl/m/sc' instead on input line 1.

[65])) (./revisions/2026-10-04-r16/publication/manuscript/paired_transfer.tex
[66]

LaTeX Font Warning: Font shape `T1/ppl/m/scit' undefined
(Font)              using `T1/ppl/m/sc' instead on input line 12.

[67]

LaTeX Warning: Reference `eq:r15pairedidealstatistic' on page 68 undefined on i
nput line 82.


LaTeX Warning: Reference `eq:r15pairedidealstatistic' on page 68 undefined on i
nput line 86.


LaTeX Font Warning: Font shape `T1/ppl/m/scit' undefined
(Font)              using `T1/ppl/m/sc' instead on input line 90.

[68]

LaTeX Warning: Reference `eq:r15pairedscalargradient' on page 69 undefined on i
nput line 123.

[69]

LaTeX Warning: Reference `eq:r15pairedtube' on page 70 undefined on input line 
182.

(/usr/share/texlive/texmf-dist/tex/latex/microtype/mt-euf.cfg) [70]

LaTeX Font Warning: Font shape `T1/ppl/m/scit' undefined
(Font)              using `T1/ppl/m/sc' instead on input line 224.


LaTeX Warning: Reference `prop:r15pairedtransfer' on page 71 undefined on input
 line 224.

[71]

LaTeX Warning: Reference `eq:r15pairedcoefficients' on page 72 undefined on inp
ut line 283.

[72]

LaTeX Warning: Reference `eq:r15pairedgeneratorbounds' on page 73 undefined on 
input line 339.


LaTeX Warning: Reference `eq:r15pairedhsmatrix' on page 73 undefined on input l
ine 340.


LaTeX Warning: Reference `eq:r15paireddistance' on page 73 undefined on input l
ine 369.


LaTeX Warning: Reference `eq:r15pairedsingleerror' on page 73 undefined on inpu
t line 370.

[73]

LaTeX Warning: Reference `eq:r15pairedidealbound' on page 74 undefined on input
 line 386.


LaTeX Warning: Reference `eq:r15pairedidealbound' on page 74 undefined on input
 line 401.


LaTeX Warning: Reference `eq:r15pairedidealbound' on page 74 undefined on input
 line 427.


LaTeX Warning: Reference `eq:r15pairedidealclaim' on page 74 undefined on input
 line 428.

[74]

LaTeX Warning: Reference `eq:r15pairedimplementedbound' on page 75 undefined on
 input line 445.


LaTeX Warning: Reference `eq:r15pairedimplementedclaim' on page 75 undefined on
 input line 453.


LaTeX Font Warning: Font shape `T1/ppl/m/scit' undefined
(Font)              using `T1/ppl/m/sc' instead on input line 455.

[75]

LaTeX Warning: Reference `eq:r15pairedrecursion' on page 76 undefined on input 
line 485.


LaTeX Warning: Reference `eq:r15pairedimplementedclaim' on page 76 undefined on
 input line 506.

) (./revisions/2026-10-04-r16/publication/manuscript/method_inference_proof.tex
[76]

LaTeX Font Warning: Font shape `T1/ppl/m/scit' undefined
(Font)              using `T1/ppl/m/sc' instead on input line 1.


Package natbib Warning: Citation `maurer2009' on page 77 undefined on input lin
e 9.

) (./revisions/2026-10-04-r16/publication/manuscript/appendix_applications.tex

LaTeX Font Warning: Font shape `T1/ppl/m/scit' undefined
(Font)              using `T1/ppl/m/sc' instead on input line 4.


Underfull \vbox (badness 10000) has occurred while \output is active [77]

LaTeX Warning: Reference `sec:theory' on page 78 undefined on input line 21.


LaTeX Font Warning: Font shape `T1/ppl/m/scit' undefined
(Font)              using `T1/ppl/m/sc' instead on input line 23.

[78]

LaTeX Warning: Reference `tab:portfolio' on page 79 undefined on input line 41.



LaTeX Font Warning: Font shape `T1/ppl/m/scit' undefined
(Font)              using `T1/ppl/m/sc' instead on input line 43.


Underfull \vbox (badness 2253) has occurred while \output is active [79]

Package natbib Warning: Citation `herdegen2021' on page 80 undefined on input l
ine 52.


LaTeX Font Warning: Font shape `T1/ppl/m/scit' undefined
(Font)              using `T1/ppl/m/sc' instead on input line 67.


LaTeX Warning: Reference `eq:ezcandidate' on page 80 undefined on input line 68
.


LaTeX Warning: Reference `thm:verification' on page 80 undefined on input line 
70.


Package natbib Warning: Citation `herdegen2021' on page 80 undefined on input l
ine 72.

[80]

LaTeX Font Warning: Font shape `T1/ppl/m/scit' undefined
(Font)              using `T1/ppl/m/sc' instead on input line 76.


LaTeX Warning: Reference `tab:portfolio' on page 81 undefined on input line 77.



LaTeX Font Warning: Font shape `T1/ppl/m/scit' undefined
(Font)              using `T1/ppl/m/sc' instead on input line 79.

[81]

LaTeX Font Warning: Font shape `T1/ppl/m/scit' undefined
(Font)              using `T1/ppl/m/sc' instead on input line 88.


LaTeX Font Warning: Font shape `T1/ppl/m/scit' undefined
(Font)              using `T1/ppl/m/sc' instead on input line 113.

[82]

LaTeX Warning: Reference `eq:ndutheta' on page 83 undefined on input line 132.


LaTeX Warning: Reference `eq:ndupi' on page 83 undefined on input line 136.


LaTeX Font Warning: Font shape `T1/ppl/m/scit' undefined
(Font)              using `T1/ppl/m/sc' instead on input line 138.

[83]

LaTeX Warning: Reference `sec:ndu-neural' on page 84 undefined on input line 14
1.


LaTeX Warning: Reference `sec:r9results' on page 84 undefined on input line 145
.


LaTeX Font Warning: Font shape `T1/ppl/m/scit' undefined
(Font)              using `T1/ppl/m/sc' instead on input line 148.


Underfull \vbox (badness 10000) has occurred while \output is active [84]
[85] [86]

LaTeX Warning: Reference `prop:r8-envelope' on page 87 undefined on input line 
206.

[87]

Package natbib Warning: Citation `sirignano2018' on page 88 undefined on input 
line 232.

[88]

LaTeX Font Warning: Font shape `T1/ppl/m/scit' undefined
(Font)              using `T1/ppl/m/sc' instead on input line 241.

[89]

LaTeX Warning: Reference `eq:spike' on page 90 undefined on input line 263.


LaTeX Warning: Reference `eq:extended' on page 90 undefined on input line 265.


LaTeX Warning: Reference `eq:spike' on page 90 undefined on input line 265.


LaTeX Font Warning: Font shape `T1/ppl/m/scit' undefined
(Font)              using `T1/ppl/m/sc' instead on input line 267.

[90]

LaTeX Font Warning: Font shape `T1/ppl/m/scit' undefined
(Font)              using `T1/ppl/m/sc' instead on input line 277.


LaTeX Font Warning: Font shape `T1/ppl/m/scit' undefined
(Font)              using `T1/ppl/m/sc' instead on input line 295.

[91]

LaTeX Warning: Reference `thm:verification' on page 92 undefined on input line 
303.


LaTeX Warning: Reference `thm:discrete' on page 92 undefined on input line 303.



LaTeX Font Warning: Font shape `T1/ppl/m/scit' undefined
(Font)              using `T1/ppl/m/sc' instead on input line 307.


LaTeX Warning: Reference `sec:dynamic-computation' on page 92 undefined on inpu
t line 310.


Underfull \vbox (badness 10000) has occurred while \output is active [92]

LaTeX Font Warning: Font shape `T1/ppl/m/scit' undefined
(Font)              using `T1/ppl/m/sc' instead on input line 314.

[93]

LaTeX Font Warning: Font shape `T1/ppl/m/scit' undefined
(Font)              using `T1/ppl/m/sc' instead on input line 367.

[94] [95]

LaTeX Font Warning: Font shape `T1/ppl/m/scit' undefined
(Font)              using `T1/ppl/m/sc' instead on input line 388.


Underfull \vbox (badness 10000) has occurred while \output is active [96]

LaTeX Font Warning: Font shape `T1/ppl/m/scit' undefined
(Font)              using `T1/ppl/m/sc' instead on input line 430.

[97] [98]

LaTeX Font Warning: Font shape `T1/ppl/m/scit' undefined
(Font)              using `T1/ppl/m/sc' instead on input line 463.

[99]
Underfull \vbox (badness 2134) has occurred while \output is active [100]

LaTeX Font Warning: Font shape `T1/ppl/m/scit' undefined
(Font)              using `T1/ppl/m/sc' instead on input line 491.


LaTeX Font Warning: Font shape `T1/ppl/m/scit' undefined
(Font)              using `T1/ppl/m/sc' instead on input line 494.

[101]

LaTeX Font Warning: Font shape `T1/ppl/m/scit' undefined
(Font)              using `T1/ppl/m/sc' instead on input line 516.


Underfull \vbox (badness 10000) has occurred while \output is active [102]
[103]

LaTeX Font Warning: Font shape `T1/ppl/m/scit' undefined
(Font)              using `T1/ppl/m/sc' instead on input line 543.


LaTeX Font Warning: Font shape `T1/ppl/m/scit' undefined
(Font)              using `T1/ppl/m/sc' instead on input line 546.


LaTeX Warning: Reference `tab:r9common' on page 104 undefined on input line 574
.

[104]

LaTeX Warning: Reference `tab:r9matched' on page 105 undefined on input line 57
6.


LaTeX Font Warning: Font shape `T1/ppl/m/scit' undefined
(Font)              using `T1/ppl/m/sc' instead on input line 599.


LaTeX Warning: Reference `app:r15index' on page 105 undefined on input line 600
.

[105]

LaTeX Warning: Reference `eq:r9guard' on page 106 undefined on input line 602.


Underfull \vbox (badness 1067) has occurred while \output is active [106]

LaTeX Font Warning: Font shape `T1/ppl/m/scit' undefined
(Font)              using `T1/ppl/m/sc' instead on input line 626.


LaTeX Warning: Reference `tab:r9welfare' on page 107 undefined on input line 62
9.

[107]

LaTeX Font Warning: Font shape `T1/ppl/m/scit' undefined
(Font)              using `T1/ppl/m/sc' instead on input line 656.

[108]

LaTeX Warning: Reference `tab:r9capital' on page 109 undefined on input line 68
6.


LaTeX Font Warning: Font shape `T1/ppl/m/scit' undefined
(Font)              using `T1/ppl/m/sc' instead on input line 711.


LaTeX Font Warning: Font shape `T1/ppl/m/scit' undefined
(Font)              using `T1/ppl/m/sc' instead on input line 712.

[109]

LaTeX Font Warning: Font shape `T1/ppl/m/scit' undefined
(Font)              using `T1/ppl/m/sc' instead on input line 721.


Underfull \vbox (badness 4967) has occurred while \output is active [110]

LaTeX Font Warning: Font shape `T1/ppl/m/scit' undefined
(Font)              using `T1/ppl/m/sc' instead on input line 730.


LaTeX Font Warning: Font shape `T1/ppl/m/scit' undefined
(Font)              using `T1/ppl/m/sc' instead on input line 731.

[111]

LaTeX Font Warning: Font shape `T1/ppl/m/scit' undefined
(Font)              using `T1/ppl/m/sc' instead on input line 742.

[112]

LaTeX Font Warning: Font shape `T1/ppl/m/scit' undefined
(Font)              using `T1/ppl/m/sc' instead on input line 749.


LaTeX Font Warning: Font shape `T1/ppl/m/scit' undefined
(Font)              using `T1/ppl/m/sc' instead on input line 762.

[113]

LaTeX Font Warning: Font shape `T1/ppl/m/scit' undefined
(Font)              using `T1/ppl/m/sc' instead on input line 770.


LaTeX Font Warning: Font shape `T1/ppl/m/scit' undefined
(Font)              using `T1/ppl/m/sc' instead on input line 773.

[114]

LaTeX Font Warning: Font shape `T1/ppl/m/scit' undefined
(Font)              using `T1/ppl/m/sc' instead on input line 782.

[115]

LaTeX Font Warning: Font shape `T1/ppl/m/scit' undefined
(Font)              using `T1/ppl/m/sc' instead on input line 796.


LaTeX Font Warning: Font shape `T1/ppl/m/scit' undefined
(Font)              using `T1/ppl/m/sc' instead on input line 799.


Underfull \vbox (badness 10000) has occurred while \output is active [116]
[117]

Package longtable Warning: Column widths have changed
(longtable)                in table I.XIV on input line 848.


LaTeX Font Warning: Font shape `T1/ppl/m/scit' undefined
(Font)              using `T1/ppl/m/sc' instead on input line 853.


Underfull \vbox (badness 10000) has occurred while \output is active [118]
[119]

LaTeX Font Warning: Font shape `T1/ppl/m/scit' undefined
(Font)              using `T1/ppl/m/sc' instead on input line 877.


Package longtable Warning: Column widths have changed
(longtable)                in table I.XVI on input line 926.

[120]
Underfull \vbox (badness 7433) has occurred while \output is active [121]

LaTeX Font Warning: Font shape `T1/ppl/m/scit' undefined
(Font)              using `T1/ppl/m/sc' instead on input line 971.


LaTeX Warning: Reference `app:r15index' on page 122 undefined on input line 977
.

)
(./revisions/2026-10-04-r16/publication/manuscript/appendix_implementation.tex
[122] [123]

LaTeX Font Warning: Font shape `T1/ppl/m/scit' undefined
(Font)              using `T1/ppl/m/sc' instead on input line 16.


Underfull \vbox (badness 2932) has occurred while \output is active [124]

LaTeX Font Warning: Font shape `T1/ppl/m/scit' undefined
(Font)              using `T1/ppl/m/sc' instead on input line 27.

[125]

LaTeX Font Warning: Font shape `T1/ppl/m/scit' undefined
(Font)              using `T1/ppl/m/sc' instead on input line 50.

) (./revisions/2026-10-04-r16/publication/manuscript/appendix_observation.tex
[126]

LaTeX Font Warning: Font shape `T1/ppl/m/scit' undefined
(Font)              using `T1/ppl/m/sc' instead on input line 4.


LaTeX Warning: Reference `eq:r12recovery' on page 127 undefined on input line 2
1.

[127]

LaTeX Font Warning: Font shape `T1/ppl/m/scit' undefined
(Font)              using `T1/ppl/m/sc' instead on input line 25.


LaTeX Warning: Reference `thm:r10tube' on page 128 undefined on input line 38.

[128]

LaTeX Warning: Reference `prop:r12observation' on page 129 undefined on input l
ine 73.

[129]

LaTeX Font Warning: Font shape `T1/ppl/m/scit' undefined
(Font)              using `T1/ppl/m/sc' instead on input line 108.


Underfull \vbox (badness 4108) has occurred while \output is active [130]
[131]

LaTeX Font Warning: Font shape `T1/ppl/m/scit' undefined
(Font)              using `T1/ppl/m/sc' instead on input line 216.


LaTeX Font Warning: Font shape `T1/ppl/m/scit' undefined
(Font)              using `T1/ppl/m/sc' instead on input line 217.


LaTeX Warning: Reference `prop:r14sensor' on page 132 undefined on input line 2
17.

[132]

LaTeX Warning: Reference `eq:r14sensorrecursion' on page 133 undefined on input
 line 266.

[133]

LaTeX Warning: Reference `eq:r14sensorpayoff' on page 134 undefined on input li
ne 310.

) (./revisions/2026-10-04-r16/publication/manuscript/evidence_baseline.tex
[134]

LaTeX Font Warning: Font shape `T1/ppl/m/scit' undefined
(Font)              using `T1/ppl/m/sc' instead on input line 4.


LaTeX Warning: Reference `tab:r15referenceevidence' on page 135 undefined on in
put line 7.


LaTeX Font Warning: Font shape `T1/ppl/m/scit' undefined
(Font)              using `T1/ppl/m/sc' instead on input line 29.

[135]

LaTeX Warning: Reference `app:r15diagnostics' on page 136 undefined on input li
ne 32.


LaTeX Warning: Reference `eq:r12fee' on page 136 undefined on input line 34.


Underfull \vbox (badness 5726) has occurred while \output is active [136]

LaTeX Font Warning: Font shape `T1/ppl/m/scit' undefined
(Font)              using `T1/ppl/m/sc' instead on input line 36.

) (./revisions/2026-10-04-r16/publication/manuscript/appendix_diagnostics.tex

LaTeX Font Warning: Font shape `T1/ppl/m/scit' undefined
(Font)              using `T1/ppl/m/sc' instead on input line 4.

[137]

LaTeX Warning: Reference `eq:exact-action-r6' on page 138 undefined on input li
ne 39.

[138]

LaTeX Font Warning: Font shape `T1/ppl/m/scit' undefined
(Font)              using `T1/ppl/m/sc' instead on input line 48.

[139]

LaTeX Font Warning: Font shape `T1/ppl/m/scit' undefined
(Font)              using `T1/ppl/m/sc' instead on input line 75.


LaTeX Font Warning: Font shape `T1/ppl/m/scit' undefined
(Font)              using `T1/ppl/m/sc' instead on input line 78.

[140] [141] [142] [143] [144] [145]

LaTeX Font Warning: Font shape `T1/ppl/m/scit' undefined
(Font)              using `T1/ppl/m/sc' instead on input line 298.


Package longtable Warning: Column widths have changed
(longtable)                in table M.IV on input line 330.

) (./revisions/2026-10-04-r16/publication/manuscript/experiment_supplement.tex
(./revisions/2026-10-04-r15/results/publication_tables/table_method_seed_endpoi
nts.tex [146] [147] [148] [149] [150] [151] [152]

Package longtable Warning: Column widths have changed
(longtable)                in table N.I on input line 237.

)
(./revisions/2026-10-04-r15/results/experiment/report/table_method_checkpoint_p
rogress.tex
Underfull \hbox (badness 10000) in paragraph at lines 238--2


Underfull \vbox (badness 10000) has occurred while \output is active [153]

Package longtable Warning: Column widths have changed
(longtable)                in table N.II on input line 37.

)) (./revisions/2026-10-04-r16/publication/manuscript/mechanism_supplement.tex
Underfull \vbox (badness 10000) has occurred while \output is active [154]
(./revisions/2026-10-04-r15/results/mechanism/report/table_mechanism_full.tex)
(./revisions/2026-10-04-r15/results/mechanism/report/table_mechanism_work.tex))

(./revisions/2026-10-04-r16/publication/manuscript/scalar_algebraic_enclosure.t
ex
Underfull \vbox (badness 10000) has occurred while \output is active [155]
[156]

LaTeX Warning: Reference `eq:r15-scalar-discrete-residual' on page 157 undefine
d on input line 57.

[157]

LaTeX Warning: Reference `eq:r15-scalar-algebraic-bound' on page 158 undefined 
on input line 115.


LaTeX Warning: Reference `prop:r15scalarresidual' on page 158 undefined on inpu
t line 126.

[158]) (./revisions/2026-10-04-r16/publication/manuscript/scalar_supplement.tex
(./revisions/2026-10-04-r15/results/scalar_report/scalar_complete_tables.tex
(./revisions/2026-10-04-r15/results/scalar_report/table_scalar_all_meshes.tex

Package longtable Warning: Column widths have changed
(longtable)                in table Q.I on input line 35.

[159])
(./revisions/2026-10-04-r15/results/scalar_report/table_scalar_refinement.tex)
(./revisions/2026-10-04-r15/results/scalar_report/table_scalar_time_refinement.
tex)
(./revisions/2026-10-04-r15/results/scalar_report/table_scalar_all_pairs.tex
[160]

Package longtable Warning: Column widths have changed
(longtable)                in table Q.IV on input line 123.

[161] [162] [163])))
(./revisions/2026-10-04-r16/publication/manuscript/observation_supplement.tex
Underfull \vbox (badness 10000) has occurred while \output is active [164]

LaTeX Font Warning: Font shape `T1/ppl/m/scit' undefined
(Font)              using `T1/ppl/m/sc' instead on input line 1.

(./revisions/2026-10-04-r16/publication/manuscript/table_observation_full.tex)
(./revisions/2026-10-04-r16/publication/manuscript/table_observation_work.tex))

(./revisions/2026-10-04-r16/publication/manuscript/paired_comparison_supplement
.tex
(./revisions/2026-10-04-r15/results/paired_transfer/paired_transfer_supplement.
tex [165]

Package longtable Warning: Column widths have changed
(longtable)                in table Q.VII on input line 109.

[166] [167] [168]))
(./revisions/2026-10-04-r16/publication/manuscript/registered_extensions.tex

LaTeX Font Warning: Font shape `T1/ppl/m/scit' undefined
(Font)              using `T1/ppl/m/sc' instead on input line 4.

[169] [170]

LaTeX Font Warning: Font shape `T1/ppl/m/scit' undefined
(Font)              using `T1/ppl/m/sc' instead on input line 17.


Underfull \vbox (badness 3930) has occurred while \output is active [171]

LaTeX Font Warning: Font shape `T1/ppl/m/scit' undefined
(Font)              using `T1/ppl/m/sc' instead on input line 24.


LaTeX Font Warning: Font shape `T1/ppl/m/scit' undefined
(Font)              using `T1/ppl/m/sc' instead on input line 29.

(./revisions/2026-10-04-r16/results/robustness/report/robustness_methods.tex

Package longtable Warning: Column widths have changed
(longtable)                in table R.I on input line 53.

[172])
(./revisions/2026-10-04-r16/results/robustness/report/robustness_comparisons.te
x
Underfull \vbox (badness 10000) has occurred while \output is active [173]

Package longtable Warning: Column widths have changed
(longtable)                in table R.II on input line 45.

[174])
(./revisions/2026-10-04-r16/results/robustness/report/robustness_work.tex

Package longtable Warning: Column widths have changed
(longtable)                in table R.III on input line 53.

[175])
(./revisions/2026-10-04-r16/results/continuation_menu/report/table_menu_scalar.
tex)
(./revisions/2026-10-04-r16/results/continuation_menu/report/menu_supplement.te
x

LaTeX Font Warning: Font shape `T1/ppl/m/scit' undefined
(Font)              using `T1/ppl/m/sc' instead on input line 1.


(./revisions/2026-10-04-r16/results/continuation_menu/report/table_menu_gains.t
ex
Underfull \vbox (badness 7796) has occurred while \output is active [176]

Package longtable Warning: Column widths have changed
(longtable)                in table R.V on input line 51.

[177])
(./revisions/2026-10-04-r16/results/continuation_menu/report/table_menu_all_eve
nts.tex
Underfull \hbox (badness 10000) in paragraph at lines 52--1
[]$[]$

Underfull \hbox (badness 10000) in paragraph at lines 52--1


Underfull \vbox (badness 10000) has occurred while \output is active [178]
[179] [180] [181] [182] [183] [184]

Package longtable Warning: Column widths have changed
(longtable)                in table R.VI on input line 227.

)
(./revisions/2026-10-04-r16/results/continuation_menu/report/table_menu_all_wor
k.tex
Underfull \hbox (badness 10000) in paragraph at lines 228--1
[]$[]$

Underfull \hbox (badness 10000) in paragraph at lines 228--1


Underfull \vbox (badness 10000) has occurred while \output is active [185]

Package longtable Warning: Column widths have changed
(longtable)                in table R.VII on input line 131.

[186] [187] [188])
(./revisions/2026-10-04-r16/results/continuation_menu/report/table_menu_all_sca
lar.tex
Underfull \hbox (badness 10000) in paragraph at lines 132--1
[]$[]$

Underfull \hbox (badness 10000) in paragraph at lines 132--1


Underfull \vbox (badness 10000) has occurred while \output is active [189]

Package longtable Warning: Column widths have changed
(longtable)                in table R.VIII on input line 139.

[190] [191] [192] [193])))
(./revisions/2026-10-04-r16/publication/manuscript/archive_index.tex
Underfull \hbox (badness 10000) in paragraph at lines 140--2
[]$[]$

Underfull \hbox (badness 10000) in paragraph at lines 140--2

)
No file supp.bbl.

Package natbib Warning: There were undefined citations.


Package longtable Warning: Table widths have changed. Rerun LaTeX.

[194] (revisions/2026-10-04-r16/publication/build/supp.aux)

LaTeX Font Warning: Some font shapes were not available, defaults substituted.


LaTeX Warning: There were undefined references.


LaTeX Warning: Label(s) may have changed. Rerun to get cross-references right.


Package rerunfilecheck Warning: File `supp.out' has changed.
(rerunfilecheck)                Rerun to get outlines right
(rerunfilecheck)                or use package `bookmark'.

 )
(see the transcript file for additional information)</usr/share/texlive/texmf-d
ist/fonts/type1/public/amsfonts/cm/cmbx12.pfb></usr/share/texlive/texmf-dist/fo
nts/type1/public/amsfonts/cm/cmex10.pfb></usr/share/texlive/texmf-dist/fonts/ty
pe1/public/amsfonts/cm/cmmi10.pfb></usr/share/texlive/texmf-dist/fonts/type1/pu
blic/amsfonts/cm/cmr10.pfb></usr/share/texlive/texmf-dist/fonts/type1/public/am
sfonts/cm/cmsy10.pfb></usr/share/texlive/texmf-dist/fonts/type1/public/amsfonts
/euler/eufm10.pfb></usr/share/texlive/texmf-dist/fonts/type1/public/mathpazo/fp
lmbb.pfb></usr/share/texlive/texmf-dist/fonts/type1/public/mathpazo/fplmr.pfb><
/usr/share/texlive/texmf-dist/fonts/type1/public/mathpazo/fplmri.pfb></usr/shar
e/texlive/texmf-dist/fonts/type1/public/amsfonts/symbols/msam10.pfb></usr/share
/texlive/texmf-dist/fonts/type1/urw/courier/ucrr8a.pfb></usr/share/texlive/texm
f-dist/fonts/type1/urw/palatino/uplb8a.pfb></usr/share/texlive/texmf-dist/fonts
/type1/urw/palatino/uplr8a.pfb></usr/share/texlive/texmf-dist/fonts/type1/urw/p
alatino/uplri8a.pfb>
Output written on revisions/2026-10-04-r16/publication/build/supp.pdf (194 page
s, 727139 bytes).
Transcript written on revisions/2026-10-04-r16/publication/build/supp.log.
