\BOOKMARK [1][-]{appendix.A}{\376\377\000A\000p\000p\000e\000n\000d\000i\000x\000\040\000A\000:\000\040\000V\000e\000r\000i\000f\000i\000c\000a\000t\000i\000o\000n\000,\000\040\000A\000p\000p\000r\000o\000x\000i\000m\000a\000t\000i\000o\000n\000,\000\040\000a\000n\000d\000\040\000V\000i\000s\000c\000o\000s\000i\000t\000y\000\040\000S\000e\000l\000e\000c\000t\000i\000o\000n}{}% 1
\BOOKMARK [2][-]{subsection.A.1}{\376\377\000A\000\040\000p\000o\000s\000i\000t\000i\000v\000e\000-\000w\000e\000i\000g\000h\000t\000\040\000r\000e\000c\000u\000r\000s\000i\000v\000e\000\040\000B\000e\000l\000l\000m\000a\000n\000\040\000a\000p\000p\000r\000o\000x\000i\000m\000a\000t\000i\000o\000n}{appendix.A}% 2
\BOOKMARK [2][-]{subsection.A.2}{\376\377\000A\000n\000\040\000o\000p\000e\000r\000a\000t\000i\000o\000n\000a\000l\000\040\000e\000v\000a\000l\000u\000a\000t\000i\000o\000n\040\023\000i\000m\000p\000r\000o\000v\000e\000m\000e\000n\000t\000\040\000a\000c\000c\000o\000u\000n\000t}{appendix.A}% 3
\BOOKMARK [2][-]{subsection.A.3}{\376\377\000W\000h\000e\000n\000\040\000i\000s\000\040\000s\000t\000a\000t\000e\000-\000d\000e\000p\000e\000n\000d\000e\000n\000t\000\040\000m\000a\000n\000a\000g\000e\000m\000e\000n\000t\000\040\000w\000o\000r\000t\000h\000\040\000i\000t\000s\000\040\000f\000e\000e\000?}{appendix.A}% 4
\BOOKMARK [1][-]{appendix.B}{\376\377\000A\000p\000p\000e\000n\000d\000i\000x\000\040\000B\000:\000\040\000E\000c\000o\000n\000o\000m\000i\000c\000\040\000A\000p\000p\000l\000i\000c\000a\000t\000i\000o\000n\000s\000\040\000o\000f\000\040\000t\000h\000e\000\040\000B\000e\000l\000l\000m\000a\000n\000\040\000S\000t\000r\000u\000c\000t\000u\000r\000e}{}% 5
\BOOKMARK [2][-]{subsection.B.1}{\376\377\000C\000o\000s\000t\000l\000y\000\040\000p\000r\000e\000f\000e\000r\000e\000n\000c\000e\000\040\000a\000d\000j\000u\000s\000t\000m\000e\000n\000t\000\040\000a\000n\000d\000\040\000p\000o\000r\000t\000f\000o\000l\000i\000o\000\040\000c\000h\000o\000i\000c\000e}{appendix.B}% 6
\BOOKMARK [2][-]{subsection.B.2}{\376\377\000R\000e\000c\000u\000r\000s\000i\000v\000e\000\040\000u\000t\000i\000l\000i\000t\000y\000\040\000a\000n\000d\000\040\000t\000e\000m\000p\000o\000r\000a\000l\000\040\000s\000e\000l\000v\000e\000s}{appendix.B}% 7
\BOOKMARK [2][-]{subsection.B.3}{\376\377\000C\000a\000p\000i\000t\000a\000l\000\040\000i\000n\000v\000e\000s\000t\000m\000e\000n\000t\000\040\000a\000n\000d\000\040\000s\000t\000r\000a\000t\000e\000g\000i\000c\000\040\000d\000e\000v\000i\000a\000t\000i\000o\000n\000s}{appendix.B}% 8
\BOOKMARK [1][-]{appendix.C}{\376\377\000A\000p\000p\000e\000n\000d\000i\000x\000\040\000C\000:\000\040\000P\000o\000l\000i\000c\000y\000\040\000E\000v\000a\000l\000u\000a\000t\000i\000o\000n\000,\000\040\000A\000p\000p\000r\000o\000x\000i\000m\000a\000t\000i\000o\000n\000,\000\040\000a\000n\000d\000\040\000C\000o\000m\000p\000l\000e\000t\000e\000\040\000A\000c\000t\000i\000o\000n\000\040\000C\000o\000v\000e\000r\000a\000g\000e}{}% 9
\BOOKMARK [2][-]{subsubsection.C.0.1}{\376\377\000C\000o\000n\000d\000i\000t\000i\000o\000n\000i\000n\000g\000\040\000a\000n\000d\000\040\000s\000t\000o\000p\000p\000i\000n\000g}{appendix.C}% 10
\BOOKMARK [2][-]{subsection.C.1}{\376\377\000P\000o\000l\000i\000c\000y\000\040\000E\000v\000a\000l\000u\000a\000t\000i\000o\000n\000\040\000a\000n\000d\000\040\000t\000h\000e\000\040\000R\000e\000c\000u\000r\000s\000i\000v\000e\000\040\000P\000o\000l\000i\000c\000y\000\040\000G\000r\000a\000d\000i\000e\000n\000t}{appendix.C}% 11
\BOOKMARK [2][-]{subsection.C.2}{\376\377\000R\000e\000p\000r\000e\000s\000e\000n\000t\000a\000t\000i\000o\000n\000,\000\040\000B\000o\000u\000n\000d\000a\000r\000y\000\040\000C\000o\000n\000d\000i\000t\000i\000o\000n\000s\000,\000\040\000a\000n\000d\000\040\000E\000r\000r\000o\000r\000\040\000M\000e\000a\000s\000u\000r\000e\000m\000e\000n\000t}{appendix.C}% 12
\BOOKMARK [3][-]{subsubsection.C.2.1}{\376\377\000S\000m\000o\000o\000t\000h\000\040\000a\000p\000p\000r\000o\000x\000i\000m\000a\000t\000i\000o\000n\000\040\000a\000n\000d\000\040\000w\000h\000a\000t\000\040\000i\000t\000\040\000e\000s\000t\000a\000b\000l\000i\000s\000h\000e\000s}{subsection.C.2}% 13
\BOOKMARK [3][-]{subsubsection.C.2.2}{\376\377\000F\000r\000o\000m\000\040\000r\000e\000s\000i\000d\000u\000a\000l\000\040\000s\000a\000m\000p\000l\000e\000s\000\040\000t\000o\000\040\000a\000\040\000u\000n\000i\000f\000o\000r\000m\000\040\000b\000o\000u\000n\000d}{subsection.C.2}% 14
\BOOKMARK [3][-]{subsubsection.C.2.3}{\376\377\000W\000h\000y\000\040\000a\000n\000\040\000i\000n\000t\000e\000g\000r\000a\000t\000e\000d\000\040\000d\000i\000f\000f\000e\000r\000e\000n\000t\000i\000a\000l\000\040\000r\000e\000s\000i\000d\000u\000a\000l\000\040\000d\000o\000e\000s\000\040\000n\000o\000t\000\040\000s\000e\000l\000e\000c\000t\000\040\000t\000h\000e\000\040\000v\000a\000l\000u\000e}{subsection.C.2}% 15
\BOOKMARK [3][-]{subsubsection.C.2.4}{\376\377\000C\000o\000v\000e\000r\000a\000g\000e\000\040\000a\000n\000d\000\040\000i\000n\000d\000e\000p\000e\000n\000d\000e\000n\000t\000\040\000m\000a\000x\000i\000m\000i\000z\000a\000t\000i\000o\000n}{subsection.C.2}% 16
\BOOKMARK [3][-]{subsubsection.C.2.5}{\376\377\000D\000i\000f\000f\000e\000r\000e\000n\000t\000i\000a\000l\000\040\000a\000n\000d\000\040\000d\000i\000s\000c\000r\000e\000t\000e\000\040\000e\000r\000r\000o\000r\000\040\000a\000c\000c\000o\000u\000n\000t\000s}{subsection.C.2}% 17
\BOOKMARK [3][-]{subsubsection.C.2.6}{\376\377\000C\000o\000n\000t\000i\000n\000u\000o\000u\000s\000-\000a\000c\000t\000i\000o\000n\000\040\000p\000r\000o\000p\000o\000s\000a\000l\000s\000\040\000a\000n\000d\000\040\000a\000\040\000b\000u\000d\000g\000e\000t\000-\000s\000a\000f\000e\000\040\000B\000e\000l\000l\000m\000a\000n\000\040\000e\000n\000c\000l\000o\000s\000u\000r\000e}{subsection.C.2}% 18
\BOOKMARK [1][-]{appendix.D}{\376\377\000A\000p\000p\000e\000n\000d\000i\000x\000\040\000D\000:\000\040\000P\000r\000o\000o\000f\000s}{}% 19
\BOOKMARK [2][-]{subsubsection.D.0.1}{\376\377\000P\000r\000o\000o\000f\000\040\000o\000f\000\040\000T\000h\000e\000o\000r\000e\000m\000\040\000S\000.\0001}{appendix.D}% 20
\BOOKMARK [3][-]{subsubsection.D.0.2}{\376\377\000E\000x\000a\000c\000t\000\040\000p\000o\000l\000i\000c\000y\000\040\000i\000m\000p\000r\000o\000v\000e\000m\000e\000n\000t}{subsubsection.D.0.1}% 21
\BOOKMARK [3][-]{subsubsection.D.0.3}{\376\377\000P\000r\000o\000o\000f\000\040\000o\000f\000\040\000T\000h\000e\000o\000r\000e\000m\000\040\000S\000.\0002}{subsubsection.D.0.1}% 22
\BOOKMARK [3][-]{subsubsection.D.0.4}{\376\377\000P\000r\000o\000o\000f\000\040\000o\000f\000\040\000T\000h\000e\000o\000r\000e\000m\000\040\000S\000.\0003}{subsubsection.D.0.1}% 23
\BOOKMARK [3][-]{subsubsection.D.0.5}{\376\377\000F\000i\000n\000i\000t\000e\000-\000h\000o\000r\000i\000z\000o\000n\000\040\000B\000e\000l\000l\000m\000a\000n\000\040\000e\000r\000r\000o\000r\000\040\000a\000c\000c\000u\000m\000u\000l\000a\000t\000i\000o\000n}{subsubsection.D.0.1}% 24
\BOOKMARK [3][-]{subsubsection.D.0.6}{\376\377\000D\000e\000r\000i\000v\000a\000t\000i\000o\000n\000\040\000o\000f\000\040\000t\000h\000e\000\040\000t\000e\000m\000p\000o\000r\000a\000l\000-\000s\000e\000l\000f\000\040\000c\000o\000n\000d\000i\000t\000i\000o\000n}{subsubsection.D.0.1}% 25
\BOOKMARK [2][-]{subsection.D.1}{\376\377\000P\000r\000o\000o\000f\000s\000\040\000f\000o\000r\000\040\000t\000h\000e\000\040\000G\000u\000a\000r\000d\000e\000d\000\040\000a\000n\000d\000\040\000S\000i\000g\000n\000e\000d\000\040\000M\000a\000p}{appendix.D}% 26
\BOOKMARK [3][-]{subsubsection.D.1.1}{\376\377\000P\000r\000o\000o\000f\000\040\000o\000f\000\040\000P\000r\000o\000p\000o\000s\000i\000t\000i\000o\000n\000\040\000S\000.\0001\0008}{subsection.D.1}% 27
\BOOKMARK [3][-]{subsubsection.D.1.2}{\376\377\000P\000r\000o\000o\000f\000\040\000o\000f\000\040\000T\000h\000e\000o\000r\000e\000m\000\040\000S\000.\0001\0009}{subsection.D.1}% 28
\BOOKMARK [3][-]{subsubsection.D.1.3}{\376\377\000D\000e\000r\000i\000v\000a\000t\000i\000v\000e\000\040\000h\000u\000l\000l\000s\000\040\000f\000o\000r\000\040\000t\000h\000e\000\040\000p\000r\000e\000f\000e\000r\000e\000n\000c\000e\000\040\000e\000c\000o\000n\000o\000m\000y}{subsection.D.1}% 29
\BOOKMARK [3][-]{subsubsection.D.1.4}{\376\377\000P\000r\000o\000o\000f\000\040\000o\000f\000\040\000P\000r\000o\000p\000o\000s\000i\000t\000i\000o\000n\000\040\000S\000.\0002\0000}{subsection.D.1}% 30
\BOOKMARK [3][-]{subsubsection.D.1.5}{\376\377\000C\000o\000m\000p\000e\000n\000s\000a\000t\000i\000o\000n\000\040\000a\000n\000d\000\040\000a\000r\000i\000t\000h\000m\000e\000t\000i\000c\000\040\000s\000c\000o\000p\000e}{subsection.D.1}% 31
\BOOKMARK [2][-]{subsection.D.2}{\376\377\000A\000d\000d\000i\000t\000i\000o\000n\000a\000l\000\040\000P\000r\000o\000o\000f\000s\000\040\000a\000n\000d\000\040\000N\000u\000m\000e\000r\000i\000c\000a\000l\000\040\000C\000o\000n\000t\000r\000a\000c\000t\000s}{appendix.D}% 32
\BOOKMARK [3][-]{subsubsection.D.2.1}{\376\377\000C\000o\000s\000t\000a\000t\000e\000\040\000e\000r\000r\000o\000r\000\040\000a\000n\000d\000\040\000a\000c\000t\000i\000o\000n\000\040\000q\000u\000a\000l\000i\000t\000y}{subsection.D.2}% 33
\BOOKMARK [3][-]{subsubsection.D.2.2}{\376\377\000C\000a\000n\000c\000e\000l\000l\000a\000t\000i\000o\000n\000,\000\040\000c\000l\000i\000p\000p\000i\000n\000g\000\040\000a\000n\000d\000\040\000f\000i\000n\000i\000t\000e\000-\000p\000o\000p\000u\000l\000a\000t\000i\000o\000n\000\040\000i\000n\000f\000e\000r\000e\000n\000c\000e}{subsection.D.2}% 34
\BOOKMARK [3][-]{subsubsection.D.2.3}{\376\377\000O\000b\000s\000e\000r\000v\000e\000d\000-\000h\000i\000s\000t\000o\000r\000y\000\040\000i\000m\000p\000l\000e\000m\000e\000n\000t\000a\000t\000i\000o\000n}{subsection.D.2}% 35
\BOOKMARK [3][-]{subsubsection.D.2.4}{\376\377\000I\000n\000d\000e\000p\000e\000n\000d\000e\000n\000t\000\040\000s\000c\000a\000l\000a\000r\000\040\000H\000J\000B\000\040\000a\000p\000p\000r\000o\000x\000i\000m\000a\000t\000i\000o\000n}{subsection.D.2}% 36
\BOOKMARK [3][-]{subsubsection.D.2.5}{\376\377\000F\000r\000o\000m\000\040\000e\000v\000a\000l\000u\000a\000t\000i\000o\000n\000\040\000e\000r\000r\000o\000r\000\040\000t\000o\000\040\000e\000c\000o\000n\000o\000m\000i\000c\000\040\000i\000m\000p\000r\000o\000v\000e\000m\000e\000n\000t}{subsection.D.2}% 37
\BOOKMARK [1][-]{appendix.E}{\376\377\000A\000p\000p\000e\000n\000d\000i\000x\000\040\000E\000:\000\040\000C\000a\000p\000i\000t\000a\000l\000\040\000E\000r\000r\000o\000r\000\040\000B\000o\000u\000n\000d\000s\000\040\000a\000n\000d\000\040\000N\000u\000m\000e\000r\000i\000c\000a\000l\000\040\000A\000c\000c\000o\000u\000n\000t\000s}{}% 38
\BOOKMARK [2][-]{subsection.E.1}{\376\377\000T\000h\000e\000\040\000a\000n\000a\000l\000y\000t\000i\000c\000a\000l\000\040\000a\000n\000c\000h\000o\000r\000\040\000a\000n\000d\000\040\000t\000u\000b\000e\000\040\000b\000o\000u\000n\000d}{appendix.E}% 39
\BOOKMARK [3][-]{subsubsection.E.1.1}{\376\377\000C\000o\000m\000p\000u\000t\000a\000b\000l\000e\000\040\000s\000c\000o\000p\000e\000\040\000a\000n\000d\000\040\000c\000o\000s\000t}{subsection.E.1}% 40
\BOOKMARK [2][-]{subsection.E.2}{\376\377\000P\000r\000o\000o\000f\000\040\000o\000f\000\040\000t\000h\000e\000\040\000C\000o\000n\000t\000i\000n\000u\000o\000u\000s\000-\000C\000a\000p\000i\000t\000a\000l\000\040\000G\000u\000a\000r\000a\000n\000t\000e\000e}{appendix.E}% 41
\BOOKMARK [3][-]{subsubsection.E.2.1}{\376\377\000L\000o\000g\000a\000r\000i\000t\000h\000m\000i\000c\000\040\000t\000a\000n\000g\000e\000n\000t\000\040\000r\000e\000m\000a\000i\000n\000d\000e\000r}{subsection.E.2}% 42
\BOOKMARK [3][-]{subsubsection.E.2.2}{\376\377\000S\000y\000n\000c\000h\000r\000o\000n\000o\000u\000s\000\040\000c\000o\000m\000p\000a\000r\000i\000s\000o\000n\000\040\000a\000n\000d\000\040\000b\000a\000s\000e\000l\000i\000n\000e\000\040\000m\000o\000m\000e\000n\000t\000s}{subsection.E.2}% 43
\BOOKMARK [3][-]{subsubsection.E.2.3}{\376\377\000A\000n\000\040\000e\000x\000a\000c\000t\000\040\000p\000a\000y\000o\000f\000f\000-\000d\000i\000f\000f\000e\000r\000e\000n\000c\000e\000\040\000i\000d\000e\000n\000t\000i\000t\000y}{subsection.E.2}% 44
\BOOKMARK [3][-]{subsubsection.E.2.4}{\376\377\000I\000n\000t\000e\000r\000v\000a\000l\000\040\000s\000p\000e\000c\000t\000r\000a\000l\000\040\000a\000n\000d\000\040\000d\000e\000p\000l\000o\000y\000m\000e\000n\000t\000\040\000c\000h\000e\000c\000k\000s}{subsection.E.2}% 45
\BOOKMARK [2][-]{subsection.E.3}{\376\377\000A\000\040\000n\000e\000t\000w\000o\000r\000k\000-\000i\000n\000d\000e\000p\000e\000n\000d\000e\000n\000t\000\040\000d\000i\000f\000f\000u\000s\000i\000o\000n\000-\000t\000r\000a\000n\000s\000f\000e\000r\000\040\000b\000o\000u\000n\000d}{appendix.E}% 46
\BOOKMARK [2][-]{subsection.E.4}{\376\377\000T\000h\000e\000\040\000d\000e\000t\000e\000r\000m\000i\000n\000i\000s\000t\000i\000c\000\040\000c\000l\000i\000p\000p\000i\000n\000g\000\040\000a\000n\000d\000\040\000t\000a\000i\000l\000\040\000a\000c\000c\000o\000u\000n\000t}{appendix.E}% 47
\BOOKMARK [2][-]{subsection.E.5}{\376\377\000P\000r\000o\000o\000f\000s\000\040\000f\000o\000r\000\040\000P\000o\000l\000i\000c\000y\000-\000S\000p\000e\000c\000i\000f\000i\000c\000\040\000V\000e\000r\000i\000f\000i\000c\000a\000t\000i\000o\000n}{appendix.E}% 48
\BOOKMARK [3][-]{subsubsection.E.5.1}{\376\377\000G\000e\000n\000e\000r\000a\000t\000o\000r\000\040\000a\000n\000d\000\040\000s\000t\000o\000c\000h\000a\000s\000t\000i\000c\000\040\000l\000o\000c\000a\000l\000-\000e\000r\000r\000o\000r\000\040\000b\000o\000u\000n\000d\000s}{subsection.E.5}% 49
\BOOKMARK [3][-]{subsubsection.E.5.2}{\376\377\000C\000l\000i\000p\000p\000e\000d\000\040\000i\000n\000n\000o\000v\000a\000t\000i\000o\000n\000s\000\040\000a\000n\000d\000\040\000n\000u\000m\000e\000r\000i\000c\000a\000l\000\040\000i\000n\000t\000e\000g\000r\000a\000t\000i\000o\000n}{subsection.E.5}% 50
\BOOKMARK [3][-]{subsubsection.E.5.3}{\376\377\000A\000r\000i\000t\000h\000m\000e\000t\000i\000c\000\040\000c\000o\000n\000t\000r\000a\000c\000t\000\040\000a\000n\000d\000\040\000f\000o\000r\000w\000a\000r\000d\000-\000e\000r\000r\000o\000r\000\040\000b\000u\000d\000g\000e\000t}{subsection.E.5}% 51
\BOOKMARK [3][-]{subsubsection.E.5.4}{\376\377\000A\000\040\000g\000l\000o\000b\000a\000l\000\040\000c\000l\000i\000p\000p\000i\000n\000g\000\040\000e\000n\000v\000e\000l\000o\000p\000e}{subsection.E.5}% 52
\BOOKMARK [3][-]{subsubsection.E.5.5}{\376\377\000F\000i\000n\000i\000t\000e\000\040\000f\000a\000m\000i\000l\000i\000e\000s\000,\000\040\000s\000e\000l\000e\000c\000t\000i\000o\000n\000,\000\040\000a\000n\000d\000\040\000i\000n\000t\000e\000r\000p\000r\000e\000t\000a\000t\000i\000o\000n}{subsection.E.5}% 53
\BOOKMARK [1][-]{appendix.F}{\376\377\000A\000p\000p\000e\000n\000d\000i\000x\000\040\000F\000:\000\040\000P\000r\000o\000o\000f\000s\000\040\000a\000n\000d\000\040\000C\000o\000m\000p\000u\000t\000a\000b\000l\000e\000\040\000A\000c\000c\000o\000u\000n\000t\000s\000\040\000f\000o\000r\000\040\000t\000h\000e\000\040\000B\000e\000l\000l\000m\000a\000n\000\040\000B\000r\000i\000d\000g\000e}{}% 54
\BOOKMARK [2][-]{subsection.F.1}{\376\377\000F\000i\000n\000i\000t\000e\000\040\000p\000e\000r\000f\000o\000r\000m\000a\000n\000c\000e\000\040\000d\000i\000f\000f\000e\000r\000e\000n\000c\000e\000\040\000a\000n\000d\000\040\000t\000h\000e\000\040\000a\000c\000t\000i\000o\000n\000\040\000b\000r\000i\000d\000g\000e}{appendix.F}% 55
\BOOKMARK [2][-]{subsection.F.2}{\376\377\000A\000\040\000c\000o\000m\000p\000u\000t\000a\000b\000l\000e\000\040\000a\000c\000t\000i\000o\000n\000\040\000g\000a\000p}{appendix.F}% 56
\BOOKMARK [2][-]{subsection.F.3}{\376\377\000C\000o\000n\000t\000i\000n\000u\000a\000t\000i\000o\000n\000\040\000t\000a\000r\000g\000e\000t\000s\000\040\000o\000n\000\040\000o\000n\000e\000\040\000g\000l\000o\000b\000a\000l\000\040\000g\000r\000i\000d}{appendix.F}% 57
\BOOKMARK [2][-]{subsection.F.4}{\376\377\000A\000n\000t\000i\000t\000h\000e\000t\000i\000c\000\040\000c\000a\000n\000c\000e\000l\000l\000a\000t\000i\000o\000n\000\040\000a\000n\000d\000\040\000n\000o\000n\000a\000s\000y\000m\000p\000t\000o\000t\000i\000c\000\040\000r\000a\000n\000g\000e\000s}{appendix.F}% 58
\BOOKMARK [2][-]{subsection.F.5}{\376\377\000S\000t\000a\000t\000i\000s\000t\000i\000c\000s\000,\000\040\000a\000r\000i\000t\000h\000m\000e\000t\000i\000c\000,\000\040\000a\000n\000d\000\040\000p\000a\000y\000o\000f\000f\000\040\000t\000r\000a\000n\000s\000f\000e\000r}{appendix.F}% 59
\BOOKMARK [2][-]{subsection.F.6}{\376\377\000A\000\040\000s\000i\000g\000n\000e\000d\000\040\000o\000c\000c\000u\000p\000a\000t\000i\000o\000n\000\040\000a\000c\000c\000o\000u\000n\000t\000\040\000w\000i\000t\000h\000\040\000s\000h\000a\000r\000e\000d\000\040\000c\000o\000n\000t\000i\000n\000u\000a\000t\000i\000o\000n\000\040\000p\000a\000t\000h\000s}{appendix.F}% 60
\BOOKMARK [2][-]{subsection.F.7}{\376\377\000A\000\040\000r\000a\000n\000g\000e\000\040\000t\000h\000a\000t\000\040\000c\000o\000n\000t\000a\000i\000n\000s\000\040\000n\000o\000\040\000f\000i\000t\000t\000e\000d\000\040\000n\000e\000t\000w\000o\000r\000k\000\040\000n\000o\000r\000m}{appendix.F}% 61
\BOOKMARK [1][-]{appendix.G}{\376\377\000A\000p\000p\000e\000n\000d\000i\000x\000\040\000G\000:\000\040\000C\000o\000n\000d\000i\000t\000i\000o\000n\000a\000l\000\040\000C\000o\000n\000t\000i\000n\000u\000a\000t\000i\000o\000n\000\040\000C\000o\000m\000p\000a\000r\000i\000s\000o\000n\000s\000\040\000a\000n\000d\000\040\000D\000e\000c\000i\000s\000i\000o\000n\000-\000C\000l\000a\000s\000s\000\040\000A\000c\000c\000u\000r\000a\000c\000y}{}% 62
\BOOKMARK [2][-]{subsection.G.1}{\376\377\000A\000\040\000d\000i\000r\000e\000c\000t\000\040\000c\000o\000n\000d\000i\000t\000i\000o\000n\000a\000l\000\040\000p\000a\000y\000o\000f\000f\000\040\000s\000t\000a\000t\000i\000s\000t\000i\000c}{appendix.G}% 63
\BOOKMARK [2][-]{subsection.G.2}{\376\377\000A\000c\000c\000u\000r\000a\000c\000y\000\040\000o\000v\000e\000r\000\040\000a\000n\000\040\000e\000n\000t\000i\000r\000e\000\040\000s\000c\000a\000l\000a\000r\000\040\000i\000n\000t\000e\000r\000v\000e\000n\000t\000i\000o\000n\000\040\000c\000l\000a\000s\000s}{appendix.G}% 64
\BOOKMARK [2][-]{subsection.G.3}{\376\377\000S\000c\000o\000p\000e\000\040\000o\000f\000\040\000t\000h\000e\000\040\000s\000c\000a\000l\000a\000r\000\040\000a\000c\000c\000u\000r\000a\000c\000y\000\040\000r\000e\000f\000e\000r\000e\000n\000c\000e}{appendix.G}% 65
\BOOKMARK [2][-]{subsection.G.4}{\376\377\000D\000e\000c\000i\000s\000i\000o\000n\000\040\000v\000a\000l\000u\000e\000\040\000w\000i\000t\000h\000\040\000b\000i\000n\000d\000i\000n\000g\000\040\000t\000a\000s\000k\000\040\000c\000o\000n\000s\000t\000r\000a\000i\000n\000t\000s}{appendix.G}% 66
\BOOKMARK [1][-]{appendix.H}{\376\377\000A\000p\000p\000e\000n\000d\000i\000x\000\040\000H\000:\000\040\000A\000\040\000P\000a\000i\000r\000e\000d\000\040\000T\000r\000a\000n\000s\000f\000e\000r\000\040\000t\000o\000\040\000C\000o\000n\000t\000i\000n\000u\000o\000u\000s\000-\000T\000i\000m\000e\000\040\000W\000e\000l\000f\000a\000r\000e}{}% 67
\BOOKMARK [2][-]{subsection.H.1}{\376\377\000T\000h\000e\000\040\000c\000o\000m\000p\000a\000r\000e\000d\000\040\000p\000o\000l\000i\000c\000i\000e\000s\000\040\000a\000n\000d\000\040\000t\000h\000e\000\040\000e\000x\000a\000c\000t\000\040\000f\000i\000n\000i\000t\000e\000\040\000s\000t\000a\000t\000i\000s\000t\000i\000c}{appendix.H}% 68
\BOOKMARK [2][-]{subsection.H.2}{\376\377\000C\000o\000m\000p\000u\000t\000a\000b\000l\000e\000\040\000g\000l\000o\000b\000a\000l\000\040\000c\000o\000e\000f\000f\000i\000c\000i\000e\000n\000t\000s}{appendix.H}% 69
\BOOKMARK [2][-]{subsection.H.3}{\376\377\000P\000r\000o\000o\000f\000\040\000o\000f\000\040\000P\000r\000o\000p\000o\000s\000i\000t\000i\000o\000n\000\040\000S\000.\0001\0007}{appendix.H}% 70
\BOOKMARK [2][-]{subsection.H.4}{\376\377\000O\000u\000t\000w\000a\000r\000d\000\040\000e\000v\000a\000l\000u\000a\000t\000i\000o\000n\000\040\000a\000n\000d\000\040\000r\000e\000u\000s\000e\000\040\000o\000f\000\040\000t\000h\000e\000\040\000o\000r\000i\000g\000i\000n\000a\000l\000\040\000c\000o\000n\000f\000i\000d\000e\000n\000c\000e\000\040\000e\000v\000e\000n\000t}{appendix.H}% 71
\BOOKMARK [2][-]{subsection.H.5}{\376\377\000P\000r\000o\000o\000f\000\040\000o\000f\000\040\000P\000r\000o\000p\000o\000s\000i\000t\000i\000o\000n\000\040\0008}{appendix.H}% 72
\BOOKMARK [1][-]{appendix.I}{\376\377\000A\000p\000p\000e\000n\000d\000i\000x\000\040\000I\000:\000\040\000C\000o\000m\000p\000l\000e\000t\000e\000\040\000E\000c\000o\000n\000o\000m\000i\000c\000\040\000A\000p\000p\000l\000i\000c\000a\000t\000i\000o\000n\000s}{}% 73
\BOOKMARK [2][-]{subsection.I.1}{\376\377\000A\000n\000a\000l\000y\000t\000i\000c\000a\000l\000\040\000a\000n\000d\000\040\000N\000o\000n\000s\000m\000o\000o\000t\000h\000\040\000B\000e\000n\000c\000h\000m\000a\000r\000k\000s}{appendix.I}% 74
\BOOKMARK [3][-]{subsubsection.I.1.1}{\376\377\000E\000x\000e\000c\000u\000t\000e\000d\000\040\000c\000a\000l\000i\000b\000r\000a\000t\000i\000o\000n\000\040\000a\000n\000d\000\040\000i\000n\000t\000e\000r\000p\000r\000e\000t\000a\000t\000i\000o\000n}{subsection.I.1}% 75
\BOOKMARK [2][-]{subsection.I.2}{\376\377\000R\000e\000c\000u\000r\000s\000i\000v\000e\000\040\000U\000t\000i\000l\000i\000t\000y}{appendix.I}% 76
\BOOKMARK [3][-]{subsubsection.I.2.1}{\376\377\000A\000\040\000w\000e\000l\000l\000-\000d\000e\000f\000i\000n\000e\000d\000\040\000v\000a\000l\000i\000d\000a\000t\000i\000o\000n\000\040\000p\000r\000o\000b\000l\000e\000m\000\040\000a\000t\000\040\000t\000h\000e\000\040\000r\000e\000t\000a\000i\000n\000e\000d\000\040\000p\000a\000r\000a\000m\000e\000t\000e\000r\000s}{subsection.I.2}% 77
\BOOKMARK [3][-]{subsubsection.I.2.2}{\376\377\000S\000t\000a\000b\000i\000l\000i\000t\000y\000\040\000a\000n\000d\000\040\000b\000a\000s\000e\000l\000i\000n\000e\000\040\000d\000e\000s\000i\000g\000n}{subsection.I.2}% 78
\BOOKMARK [2][-]{subsection.I.3}{\376\377\000E\000n\000d\000o\000g\000e\000n\000o\000u\000s\000\040\000P\000r\000e\000f\000e\000r\000e\000n\000c\000e\000s\000\040\000a\000n\000d\000\040\000P\000o\000r\000t\000f\000o\000l\000i\000o\000\040\000C\000h\000o\000i\000c\000e}{appendix.I}% 79
\BOOKMARK [3][-]{subsubsection.I.3.1}{\376\377\000C\000a\000r\000d\000i\000n\000a\000l\000\040\000u\000t\000i\000l\000i\000t\000y\000\040\000a\000n\000d\000\040\000t\000h\000e\000\040\000o\000b\000j\000e\000c\000t\000i\000v\000e}{subsection.I.3}% 80
\BOOKMARK [3][-]{subsubsection.I.3.2}{\376\377\000H\000a\000m\000i\000l\000t\000o\000n\000i\000a\000n\000,\000\040\000c\000o\000n\000s\000t\000r\000a\000i\000n\000e\000d\000\040\000p\000o\000l\000i\000c\000i\000e\000s\000,\000\040\000a\000n\000d\000\040\000e\000c\000o\000n\000o\000m\000i\000c\000\040\000i\000m\000p\000l\000i\000c\000a\000t\000i\000o\000n\000s}{subsection.I.3}% 81
\BOOKMARK [3][-]{subsubsection.I.3.3}{\376\377\000I\000n\000d\000e\000p\000e\000n\000d\000e\000n\000t\000\040\000t\000w\000o\000-\000s\000t\000a\000t\000e\000\040\000r\000e\000f\000e\000r\000e\000n\000c\000e\000\040\000a\000n\000d\000\040\000i\000d\000e\000n\000t\000i\000f\000i\000c\000a\000t\000i\000o\000n}{subsection.I.3}% 82
\BOOKMARK [3][-]{subsubsection.I.3.4}{\376\377\000N\000e\000u\000r\000a\000l\000\040\000p\000r\000e\000f\000e\000r\000e\000n\000c\000e\000\040\000p\000o\000l\000i\000c\000i\000e\000s\000\040\000a\000n\000d\000\040\000t\000h\000e\000\040\000r\000o\000l\000e\000\040\000o\000f\000\040\000t\000h\000e\000\040\000a\000c\000t\000i\000o\000n\000\040\000o\000r\000a\000c\000l\000e}{subsection.I.3}% 83
\BOOKMARK [2][-]{subsection.I.4}{\376\377\000S\000o\000p\000h\000i\000s\000t\000i\000c\000a\000t\000e\000d\000\040\000T\000e\000m\000p\000o\000r\000a\000l\000\040\000S\000e\000l\000v\000e\000s}{appendix.I}% 84
\BOOKMARK [3][-]{subsubsection.I.4.1}{\376\377\000A\000n\000\040\000e\000q\000u\000i\000l\000i\000b\000r\000i\000u\000m\000\040\000c\000a\000l\000c\000u\000l\000a\000t\000i\000o\000n\000\040\000w\000i\000t\000h\000\040\000e\000n\000d\000o\000g\000e\000n\000o\000u\000s\000\040\000c\000o\000n\000t\000i\000n\000u\000a\000t\000i\000o\000n\000\040\000v\000a\000l\000u\000e\000s}{subsection.I.4}% 85
\BOOKMARK [2][-]{subsection.I.5}{\376\377\000D\000y\000n\000a\000m\000i\000c\000\040\000G\000a\000m\000e\000s}{appendix.I}% 86
\BOOKMARK [3][-]{subsubsection.I.5.1}{\376\377\000P\000l\000a\000y\000e\000r\000-\000s\000p\000e\000c\000i\000f\000i\000c\000\040\000d\000i\000f\000f\000e\000r\000e\000n\000t\000i\000a\000t\000i\000o\000n\000\040\000a\000n\000d\000\040\000d\000e\000v\000i\000a\000t\000i\000o\000n\000\040\000b\000o\000u\000n\000d\000s}{subsection.I.5}% 87
\BOOKMARK [3][-]{subsubsection.I.5.2}{\376\377\000S\000y\000m\000m\000e\000t\000r\000y\000\040\000a\000n\000d\000\040\000m\000a\000r\000k\000e\000t\000\040\000s\000c\000a\000l\000i\000n\000g}{subsection.I.5}% 88
\BOOKMARK [3][-]{subsubsection.I.5.3}{\376\377\000N\000e\000u\000r\000a\000l\000\040\000d\000y\000n\000a\000m\000i\000c\000\040\000c\000a\000p\000i\000t\000a\000l\000\040\000p\000o\000l\000i\000c\000i\000e\000s\000\040\000a\000n\000d\000\040\000f\000u\000l\000l\000\040\000u\000n\000i\000l\000a\000t\000e\000r\000a\000l\000\040\000d\000e\000v\000i\000a\000t\000i\000o\000n\000s}{subsection.I.5}% 89
\BOOKMARK [2][-]{subsection.I.6}{\376\377\000S\000c\000a\000l\000a\000b\000i\000l\000i\000t\000y\000\040\000a\000n\000d\000\040\000t\000h\000e\000\040\000D\000i\000f\000f\000u\000s\000i\000o\000n\000\040\000T\000r\000a\000c\000e}{appendix.I}% 90
\BOOKMARK [3][-]{subsubsection.I.6.1}{\376\377\000T\000r\000a\000i\000n\000e\000d\000,\000\040\000c\000o\000u\000p\000l\000e\000d\000\040\000n\000o\000n\000q\000u\000a\000d\000r\000a\000t\000i\000c\000\040\000c\000a\000p\000i\000t\000a\000l\000\040\000e\000c\000o\000n\000o\000m\000i\000e\000s}{subsection.I.6}% 91
\BOOKMARK [3][-]{subsubsection.I.6.2}{\376\377\000M\000e\000t\000h\000o\000d\000-\000p\000a\000i\000r\000e\000d\000\040\000p\000a\000y\000o\000f\000f\000\040\000e\000v\000i\000d\000e\000n\000c\000e\000\040\000a\000n\000d\000\040\000a\000r\000i\000t\000h\000m\000e\000t\000i\000c\000\040\000r\000e\000p\000l\000a\000y}{subsection.I.6}% 92
\BOOKMARK [3][-]{subsubsection.I.6.3}{\376\377\000E\000x\000a\000c\000t\000\040\000a\000n\000d\000\040\000s\000t\000o\000c\000h\000a\000s\000t\000i\000c\000\040\000t\000r\000a\000c\000e\000\040\000c\000o\000m\000p\000u\000t\000a\000t\000i\000o\000n}{subsection.I.6}% 93
\BOOKMARK [2][-]{subsection.I.7}{\376\377\000V\000a\000l\000i\000d\000a\000t\000e\000d\000\040\000E\000v\000a\000l\000u\000a\000t\000i\000o\000n\000\040\000a\000n\000d\000\040\000A\000c\000t\000i\000o\000n\000\040\000I\000m\000p\000r\000o\000v\000e\000m\000e\000n\000t}{appendix.I}% 94
\BOOKMARK [3][-]{subsubsection.I.7.1}{\376\377\000A\000n\000\040\000e\000v\000a\000l\000u\000a\000t\000i\000o\000n\000\040\000r\000u\000l\000e\000\040\000w\000i\000t\000h\000\040\000a\000\040\000p\000r\000e\000s\000c\000r\000i\000b\000e\000d\000\040\000n\000o\000d\000a\000l\000\040\000e\000r\000r\000o\000r}{subsection.I.7}% 95
\BOOKMARK [3][-]{subsubsection.I.7.2}{\376\377\000S\000i\000g\000n\000e\000d\000\040\000e\000n\000c\000l\000o\000s\000u\000r\000e\000s\000\040\000f\000o\000r\000\040\000c\000o\000n\000t\000i\000n\000u\000o\000u\000s\000\040\000a\000c\000t\000i\000o\000n\000s}{subsection.I.7}% 96
\BOOKMARK [2][-]{subsection.I.8}{\376\377\000C\000o\000s\000t\000,\000\040\000R\000e\000f\000i\000n\000e\000m\000e\000n\000t\000,\000\040\000a\000n\000d\000\040\000E\000c\000o\000n\000o\000m\000i\000c\000\040\000A\000c\000c\000u\000r\000a\000c\000y}{appendix.I}% 97
\BOOKMARK [3][-]{subsubsection.I.8.1}{\376\377\000A\000\040\000t\000i\000g\000h\000t\000e\000r\000\040\000c\000e\000r\000t\000i\000f\000i\000c\000a\000t\000e\000\040\000f\000o\000r\000\040\000i\000d\000e\000n\000t\000i\000c\000a\000l\000\040\000f\000r\000o\000z\000e\000n\000\040\000p\000o\000l\000i\000c\000i\000e\000s}{subsection.I.8}% 98
\BOOKMARK [3][-]{subsubsection.I.8.2}{\376\377\000T\000h\000e\000\040\000w\000h\000o\000l\000e\000-\000d\000o\000m\000a\000i\000n\000\040\000r\000e\000f\000i\000n\000e\000m\000e\000n\000t\000\040\000f\000a\000i\000l\000u\000r\000e\000\040\000a\000n\000d\000\040\000i\000t\000s\000\040\000r\000e\000p\000a\000i\000r}{subsection.I.8}% 99
\BOOKMARK [3][-]{subsubsection.I.8.3}{\376\377\000A\000\040\000m\000o\000d\000e\000l\000-\000s\000p\000e\000c\000i\000f\000i\000c\000\040\000w\000e\000l\000f\000a\000r\000e\000\040\000a\000c\000c\000o\000u\000n\000t}{subsection.I.8}% 100
\BOOKMARK [3][-]{subsubsection.I.8.4}{\376\377\000A\000\040\000g\000l\000o\000b\000a\000l\000\040\000b\000e\000n\000c\000h\000m\000a\000r\000k\000\040\000f\000o\000r\000\040\000t\000h\000e\000\040\000c\000o\000u\000p\000l\000e\000d\000\040\000c\000a\000p\000i\000t\000a\000l\000\040\000e\000c\000o\000n\000o\000m\000y}{subsection.I.8}% 101
\BOOKMARK [2][-]{subsection.I.9}{\376\377\000B\000e\000n\000c\000h\000m\000a\000r\000k\000\040\000D\000e\000r\000i\000v\000a\000t\000i\000o\000n\000s}{appendix.I}% 102
\BOOKMARK [3][-]{subsubsection.I.9.1}{\376\377\000M\000e\000r\000t\000o\000n\000\040\000c\000o\000n\000s\000u\000m\000p\000t\000i\000o\000n\000\040\000a\000n\000d\000\040\000t\000r\000a\000n\000s\000v\000e\000r\000s\000a\000l\000i\000t\000y}{subsection.I.9}% 103
\BOOKMARK [3][-]{subsubsection.I.9.2}{\376\377\000R\000e\000c\000u\000r\000s\000i\000v\000e\000\040\000c\000o\000e\000f\000f\000i\000c\000i\000e\000n\000t\000\040\000a\000n\000d\000\040\000t\000h\000e\000\040\000u\000t\000i\000l\000i\000t\000y\000\040\000i\000n\000t\000e\000r\000v\000a\000l}{subsection.I.9}% 104
\BOOKMARK [2][-]{subsection.I.10}{\376\377\000E\000n\000d\000o\000g\000e\000n\000o\000u\000s\000-\000P\000r\000e\000f\000e\000r\000e\000n\000c\000e\000\040\000D\000e\000t\000a\000i\000l\000s}{appendix.I}% 105
\BOOKMARK [3][-]{subsubsection.I.10.1}{\376\377\000S\000t\000a\000t\000e\000\040\000r\000e\000s\000t\000r\000i\000c\000t\000i\000o\000n\000s\000\040\000a\000n\000d\000\040\000t\000h\000e\000\040\000r\000e\000f\000e\000r\000e\000n\000c\000e\000\040\000e\000x\000p\000e\000r\000i\000m\000e\000n\000t}{subsection.I.10}% 106
\BOOKMARK [3][-]{subsubsection.I.10.2}{\376\377\000P\000o\000l\000i\000c\000y\000\040\000c\000o\000n\000d\000i\000t\000i\000o\000n\000s\000\040\000a\000n\000d\000\040\000c\000o\000m\000p\000a\000r\000a\000t\000i\000v\000e\000\040\000s\000t\000a\000t\000i\000c\000s}{subsection.I.10}% 107
\BOOKMARK [2][-]{subsection.I.11}{\376\377\000T\000e\000m\000p\000o\000r\000a\000l\000-\000S\000e\000l\000f\000\040\000D\000e\000v\000i\000a\000t\000i\000o\000n\000s}{appendix.I}% 108
\BOOKMARK [2][-]{subsection.I.12}{\376\377\000G\000a\000m\000e\000s\000\040\000a\000n\000d\000\040\000I\000n\000d\000e\000p\000e\000n\000d\000e\000n\000t\000\040\000B\000e\000s\000t\000\040\000R\000e\000s\000p\000o\000n\000s\000e\000s}{appendix.I}% 109
\BOOKMARK [2][-]{subsection.I.13}{\376\377\000P\000r\000o\000o\000f\000\040\000a\000n\000d\000\040\000I\000m\000p\000l\000e\000m\000e\000n\000t\000a\000t\000i\000o\000n\000\040\000o\000f\000\040\000t\000h\000e\000\040\000C\000o\000n\000t\000i\000n\000u\000o\000u\000s\000-\000A\000c\000t\000i\000o\000n\000\040\000E\000n\000v\000e\000l\000o\000p\000e}{appendix.I}% 110
\BOOKMARK [3][-]{subsubsection.I.13.1}{\376\377\000C\000o\000m\000p\000l\000e\000t\000e\000-\000c\000o\000v\000e\000r\000\040\000i\000n\000v\000a\000r\000i\000a\000n\000t\000\040\000a\000n\000d\000\040\000b\000a\000c\000k\000w\000a\000r\000d\000\040\000p\000r\000o\000o\000f}{subsection.I.13}% 111
\BOOKMARK [3][-]{subsubsection.I.13.2}{\376\377\000I\000n\000t\000e\000r\000p\000o\000l\000a\000t\000i\000o\000n\000,\000\040\000r\000e\000f\000l\000e\000c\000t\000i\000o\000n\000,\000\040\000s\000t\000o\000p\000p\000i\000n\000g\000,\000\040\000a\000n\000d\000\040\000a\000r\000i\000t\000h\000m\000e\000t\000i\000c}{subsection.I.13}% 112
\BOOKMARK [3][-]{subsubsection.I.13.3}{\376\377\000A\000\040\000c\000o\000m\000m\000o\000n\000\040\000u\000p\000p\000e\000r\000\040\000e\000n\000v\000e\000l\000o\000p\000e\000\040\000f\000o\000r\000\040\000m\000u\000l\000t\000i\000p\000l\000e\000\040\000p\000o\000l\000i\000c\000i\000e\000s}{subsection.I.13}% 113
\BOOKMARK [2][-]{subsection.I.14}{\376\377\000S\000e\000p\000a\000r\000a\000t\000i\000n\000g\000\040\000N\000u\000m\000e\000r\000i\000c\000a\000l\000\040\000a\000n\000d\000\040\000C\000o\000n\000t\000i\000n\000u\000o\000u\000s\000-\000E\000c\000o\000n\000o\000m\000y\000\040\000E\000r\000r\000o\000r}{appendix.I}% 114
\BOOKMARK [2][-]{subsection.I.15}{\376\377\000S\000t\000r\000a\000t\000e\000g\000i\000c\000\040\000D\000e\000v\000i\000a\000t\000i\000o\000n\000s\000\040\000a\000n\000d\000\040\000M\000i\000s\000s\000i\000n\000g\000\040\000P\000u\000r\000e\000\040\000S\000t\000a\000g\000e\000s}{appendix.I}% 115
\BOOKMARK [2][-]{subsection.I.16}{\376\377\000P\000a\000i\000r\000e\000d\000\040\000P\000a\000y\000o\000f\000f\000s\000,\000\040\000C\000o\000s\000t\000s\000,\000\040\000a\000n\000d\000\040\000E\000c\000o\000n\000o\000m\000i\000c\000\040\000S\000c\000a\000l\000i\000n\000g}{appendix.I}% 116
\BOOKMARK [3][-]{subsubsection.I.16.1}{\376\377\000C\000o\000m\000p\000l\000e\000t\000e\000\040\000c\000o\000n\000f\000i\000g\000u\000r\000a\000t\000i\000o\000n\000\040\000r\000e\000c\000o\000r\000d\000s}{subsection.I.16}% 117
\BOOKMARK [1][-]{appendix.J}{\376\377\000A\000p\000p\000e\000n\000d\000i\000x\000\040\000J\000:\000\040\000S\000t\000o\000c\000h\000a\000s\000t\000i\000c\000\040\000H\000e\000s\000s\000i\000a\000n\000\040\000O\000b\000j\000e\000c\000t\000i\000v\000e\000s\000\040\000a\000n\000d\000\040\000C\000o\000m\000p\000l\000e\000x\000i\000t\000y}{}% 118
\BOOKMARK [2][-]{subsection.J.1}{\376\377\000I\000m\000p\000l\000e\000m\000e\000n\000t\000e\000d\000\040\000E\000r\000r\000o\000r\000\040\000A\000c\000c\000o\000u\000n\000t\000s\000\040\000a\000n\000d\000\040\000A\000r\000i\000t\000h\000m\000e\000t\000i\000c}{appendix.J}% 119
\BOOKMARK [3][-]{subsubsection.J.1.1}{\376\377\000F\000u\000l\000l\000-\000d\000o\000m\000a\000i\000n\000\040\000i\000n\000t\000e\000r\000v\000a\000l\000\040\000i\000m\000p\000l\000e\000m\000e\000n\000t\000a\000t\000i\000o\000n}{subsection.J.1}% 120
\BOOKMARK [3][-]{subsubsection.J.1.2}{\376\377\000A\000p\000p\000l\000i\000c\000a\000t\000i\000o\000n\000-\000s\000p\000e\000c\000i\000f\000i\000c\000\040\000h\000y\000p\000o\000t\000h\000e\000s\000e\000s}{subsection.J.1}% 121
\BOOKMARK [1][-]{appendix.K}{\376\377\000A\000p\000p\000e\000n\000d\000i\000x\000\040\000K\000:\000\040\000O\000b\000s\000e\000r\000v\000a\000t\000i\000o\000n\000\040\000a\000n\000d\000\040\000I\000m\000p\000l\000e\000m\000e\000n\000t\000a\000t\000i\000o\000n}{}% 122
\BOOKMARK [2][-]{subsection.K.1}{\376\377\000O\000b\000s\000e\000r\000v\000a\000t\000i\000o\000n\000\040\000a\000n\000d\000\040\000t\000h\000e\000\040\000E\000c\000o\000n\000o\000m\000i\000c\000\040\000I\000m\000p\000l\000e\000m\000e\000n\000t\000a\000t\000i\000o\000n}{appendix.K}% 123
\BOOKMARK [3][-]{subsubsection.K.1.1}{\376\377\000I\000n\000f\000o\000r\000m\000a\000t\000i\000o\000n\000\040\000a\000n\000d\000\040\000t\000h\000e\000\040\000c\000o\000m\000p\000a\000r\000i\000s\000o\000n\000\040\000c\000l\000a\000s\000s}{subsection.K.1}% 124
\BOOKMARK [3][-]{subsubsection.K.1.2}{\376\377\000F\000i\000n\000i\000t\000e\000\040\000o\000b\000s\000e\000r\000v\000a\000t\000i\000o\000n\000s\000\040\000w\000i\000t\000h\000\040\000a\000\040\000c\000o\000n\000t\000i\000n\000u\000o\000u\000s\000-\000e\000c\000o\000n\000o\000m\000y\000\040\000t\000r\000a\000n\000s\000f\000e\000r}{subsection.K.1}% 125
\BOOKMARK [2][-]{subsection.K.2}{\376\377\000F\000i\000n\000i\000t\000e\000-\000O\000b\000s\000e\000r\000v\000a\000t\000i\000o\000n\000\040\000T\000r\000a\000n\000s\000f\000e\000r\000\040\000P\000r\000o\000o\000f}{appendix.K}% 126
\BOOKMARK [3][-]{subsubsection.K.2.1}{\376\377\000P\000r\000o\000o\000f\000\040\000o\000f\000\040\000P\000r\000o\000p\000o\000s\000i\000t\000i\000o\000n\000\040\000S\000.\0002\0004}{subsection.K.2}% 127
\BOOKMARK [1][-]{appendix.L}{\376\377\000A\000p\000p\000e\000n\000d\000i\000x\000\040\000L\000:\000\040\000C\000o\000m\000p\000u\000t\000a\000t\000i\000o\000n\000a\000l\000\040\000D\000e\000s\000i\000g\000n\000\040\000a\000n\000d\000\040\000t\000h\000e\000\040\000E\000x\000i\000s\000t\000i\000n\000g\000\040\000C\000o\000m\000p\000a\000r\000i\000s\000o\000n}{}% 128
\BOOKMARK [2][-]{subsection.L.1}{\376\377\000T\000h\000e\000\040\000e\000x\000e\000c\000u\000t\000e\000d\000\040\000c\000a\000p\000i\000t\000a\000l\000\040\000c\000o\000m\000p\000a\000r\000i\000s\000o\000n}{appendix.L}% 129
\BOOKMARK [2][-]{subsection.L.2}{\376\377\000A\000c\000c\000u\000r\000a\000c\000y\000\040\000o\000b\000j\000e\000c\000t\000s\000\040\000a\000n\000d\000\040\000e\000c\000o\000n\000o\000m\000i\000c\000\040\000s\000c\000a\000l\000e}{appendix.L}% 130
\BOOKMARK [2][-]{subsection.L.3}{\376\377\000W\000o\000r\000k\000\040\000a\000n\000d\000\040\000c\000o\000m\000p\000a\000r\000i\000s\000o\000n\000\040\000s\000e\000m\000a\000n\000t\000i\000c\000s}{appendix.L}% 131
\BOOKMARK [1][-]{appendix.M}{\376\377\000A\000p\000p\000e\000n\000d\000i\000x\000\040\000M\000:\000\040\000I\000n\000d\000e\000p\000e\000n\000d\000e\000n\000t\000\040\000N\000u\000m\000e\000r\000i\000c\000a\000l\000\040\000D\000i\000a\000g\000n\000o\000s\000t\000i\000c\000s}{}% 132
\BOOKMARK [2][-]{subsection.M.1}{\376\377\000A\000\040\000T\000r\000a\000i\000n\000e\000d\000\040\000N\000e\000u\000r\000a\000l\000\040\000B\000o\000u\000n\000d\000a\000r\000y\000-\000V\000a\000l\000u\000e\000\040\000P\000r\000o\000b\000l\000e\000m}{appendix.M}% 133
\BOOKMARK [3][-]{subsubsection.M.1.1}{\376\377\000C\000o\000n\000t\000r\000o\000l\000l\000e\000d\000\040\000c\000o\000m\000p\000a\000r\000i\000s\000o\000n\000\040\000a\000n\000d\000\040\000f\000a\000i\000l\000u\000r\000e\000s}{subsection.M.1}% 134
\BOOKMARK [2][-]{subsection.M.2}{\376\377\000I\000n\000d\000e\000p\000e\000n\000d\000e\000n\000t\000\040\000S\000c\000a\000l\000a\000r\000\040\000R\000e\000f\000e\000r\000e\000n\000c\000e\000:\000\040\000E\000q\000u\000a\000t\000i\000o\000n\000s\000\040\000a\000n\000d\000\040\000C\000o\000m\000p\000l\000e\000t\000e\000\040\000D\000i\000a\000g\000n\000o\000s\000t\000i\000c\000s}{appendix.M}% 135
\BOOKMARK [3][-]{subsubsection.M.2.1}{\376\377\000T\000h\000e\000\040\000s\000c\000a\000l\000a\000r\000\040\000r\000e\000f\000e\000r\000e\000n\000c\000e\000\040\000a\000n\000d\000\040\000i\000t\000s\000\040\000r\000e\000s\000i\000d\000u\000a\000l\000\040\000a\000c\000c\000o\000u\000n\000t}{subsection.M.2}% 136
\BOOKMARK [2][-]{subsection.M.3}{\376\377\000F\000i\000n\000i\000t\000e\000-\000O\000b\000s\000e\000r\000v\000a\000t\000i\000o\000n\000\040\000D\000i\000a\000g\000n\000o\000s\000t\000i\000c\000\040\000A\000c\000c\000o\000u\000n\000t\000s}{appendix.M}% 137
\BOOKMARK [1][-]{appendix.N}{\376\377\000A\000p\000p\000e\000n\000d\000i\000x\000\040\000N\000:\000\040\000C\000o\000m\000p\000l\000e\000t\000e\000\040\000C\000o\000m\000p\000u\000t\000a\000t\000i\000o\000n\000a\000l\000\040\000O\000u\000t\000c\000o\000m\000e\000s}{}% 138
\BOOKMARK [1][-]{appendix.O}{\376\377\000A\000p\000p\000e\000n\000d\000i\000x\000\040\000O\000:\000\040\000C\000o\000m\000p\000l\000e\000t\000e\000\040\000M\000e\000c\000h\000a\000n\000i\000s\000m\000\040\000A\000s\000s\000e\000s\000s\000m\000e\000n\000t}{}% 139
\BOOKMARK [1][-]{appendix.P}{\376\377\000A\000p\000p\000e\000n\000d\000i\000x\000\040\000P\000:\000\040\000A\000n\000\040\000O\000u\000t\000w\000a\000r\000d\000\040\000A\000l\000g\000e\000b\000r\000a\000i\000c\000\040\000E\000r\000r\000o\000r\000\040\000A\000c\000c\000o\000u\000n\000t\000\040\000f\000o\000r\000\040\000t\000h\000e\000\040\000S\000c\000a\000l\000a\000r\000\040\000C\000o\000m\000p\000a\000r\000a\000t\000o\000r}{}% 140
\BOOKMARK [1][-]{appendix.Q}{\376\377\000A\000p\000p\000e\000n\000d\000i\000x\000\040\000Q\000:\000\040\000C\000o\000m\000p\000l\000e\000t\000e\000\040\000S\000c\000a\000l\000a\000r\000\040\000C\000o\000m\000p\000a\000r\000i\000s\000o\000n\000\040\000T\000a\000b\000l\000e\000s}{}% 141
\BOOKMARK [2][-]{subsection.Q.1}{\376\377\000C\000o\000m\000p\000l\000e\000t\000e\000\040\000p\000r\000o\000t\000e\000c\000t\000e\000d\000-\000p\000a\000r\000e\000n\000t\000\040\000a\000n\000d\000\040\000f\000i\000n\000i\000t\000e\000-\000o\000b\000s\000e\000r\000v\000a\000t\000i\000o\000n\000\040\000r\000e\000s\000u\000l\000t\000s}{appendix.Q}% 142
\BOOKMARK [1][-]{appendix.R}{\376\377\000A\000p\000p\000e\000n\000d\000i\000x\000\040\000R\000:\000\040\000C\000o\000m\000p\000a\000r\000a\000t\000i\000v\000e\000\040\000D\000e\000s\000i\000g\000n\000s\000\040\000a\000n\000d\000\040\000C\000o\000m\000p\000l\000e\000t\000e\000\040\000E\000c\000o\000n\000o\000m\000i\000c\000\040\000R\000e\000c\000o\000r\000d\000s}{}% 143
\BOOKMARK [2][-]{subsection.R.1}{\376\377\000A\000\040\000s\000t\000r\000e\000n\000g\000t\000h\000e\000n\000e\000d\000\040\000H\000J\000B\000\040\000f\000a\000m\000i\000l\000y\000\040\000a\000n\000d\000\040\000e\000c\000o\000n\000o\000m\000i\000c\000\040\000v\000a\000r\000i\000a\000t\000i\000o\000n}{appendix.R}% 144
\BOOKMARK [2][-]{subsection.R.2}{\376\377\000A\000\040\000f\000i\000v\000e\000-\000m\000e\000t\000h\000o\000d\000\040\000c\000o\000n\000t\000i\000n\000u\000a\000t\000i\000o\000n\000-\000r\000e\000u\000s\000e\000\040\000c\000o\000m\000p\000a\000r\000i\000s\000o\000n}{appendix.R}% 145
\BOOKMARK [2][-]{subsection.R.3}{\376\377\000P\000r\000o\000b\000a\000b\000i\000l\000i\000t\000y\000\040\000a\000n\000d\000\040\000c\000h\000r\000o\000n\000o\000l\000o\000g\000y}{appendix.R}% 146
\BOOKMARK [2][-]{subsection.R.4}{\376\377\000C\000o\000m\000p\000l\000e\000t\000e\000\040\000s\000t\000r\000e\000n\000g\000t\000h\000e\000n\000e\000d\000-\000H\000J\000B\000\040\000a\000n\000d\000\040\000c\000r\000o\000s\000s\000-\000c\000a\000l\000i\000b\000r\000a\000t\000i\000o\000n\000\040\000o\000u\000t\000c\000o\000m\000e\000s}{appendix.R}% 147
\BOOKMARK [2][-]{subsection.R.5}{\376\377\000C\000o\000m\000p\000l\000e\000t\000e\000\040\000c\000o\000n\000t\000i\000n\000u\000a\000t\000i\000o\000n\000\040\000r\000e\000u\000s\000e\000\040\000e\000v\000i\000d\000e\000n\000c\000e}{appendix.R}% 148
\BOOKMARK [1][-]{appendix.S}{\376\377\000A\000p\000p\000e\000n\000d\000i\000x\000\040\000S\000:\000\040\000S\000o\000u\000r\000c\000e\000\040\000a\000n\000d\000\040\000E\000v\000i\000d\000e\000n\000c\000e\000\040\000I\000n\000d\000e\000x}{}% 149
\BOOKMARK [1][-]{bibliography-section.1}{\376\377\000R\000e\000f\000e\000r\000e\000n\000c\000e\000s}{}% 150
