This is pdfTeX, Version 3.141592653-2.6-1.40.25 (TeX Live 2023/Debian) (preloaded format=pdflatex)
 restricted \write18 enabled.
entering extended mode
(./ECTA_R16.tex
LaTeX2e <2023-11-01> patch level 1
L3 programming layer <2024-01-22>
(./econsocart.cls
Document Class: econsocart 2022/11/21 v1.4.1, The Econometric Society Journals
(/usr/share/texlive/texmf-dist/tex/latex/etoolbox/etoolbox.sty)
(./econsocart.cfg) (/usr/share/texlive/texmf-dist/tex/latex/base/fix-cm.sty
(/usr/share/texlive/texmf-dist/tex/latex/base/ts1enc.def))
(/usr/share/texlive/texmf-dist/tex/latex/graphics/graphicx.sty
(/usr/share/texlive/texmf-dist/tex/latex/graphics/keyval.sty)
(/usr/share/texlive/texmf-dist/tex/latex/graphics/graphics.sty
(/usr/share/texlive/texmf-dist/tex/latex/graphics/trig.sty)
(/usr/share/texlive/texmf-dist/tex/latex/graphics-cfg/graphics.cfg)
(/usr/share/texlive/texmf-dist/tex/latex/graphics-def/pdftex.def)))
(/usr/share/texlive/texmf-dist/tex/latex/base/fontenc.sty)
(/usr/share/texlive/texmf-dist/tex/latex/psnfss/times.sty)
(/usr/share/texlive/texmf-dist/tex/latex/textcase/textcase.sty)
(/usr/share/texlive/texmf-dist/tex/latex/psnfss/helvet.sty)
(/usr/share/texlive/texmf-dist/tex/latex/base/textcomp.sty)
(/usr/share/texlive/texmf-dist/tex/latex/psnfss/t1ptm.fd)
(/usr/share/texlive/texmf-dist/tex/latex/amsfonts/amssymb.sty
(/usr/share/texlive/texmf-dist/tex/latex/amsfonts/amsfonts.sty))
(/usr/share/texlive/texmf-dist/tex/latex/tools/bm.sty)
(/usr/share/texlive/texmf-dist/tex/latex/url/url.sty)
(/usr/share/texlive/texmf-dist/tex/latex/amsmath/amsmath.sty
For additional information on amsmath, use the `?' option.
(/usr/share/texlive/texmf-dist/tex/latex/amsmath/amstext.sty
(/usr/share/texlive/texmf-dist/tex/latex/amsmath/amsgen.sty))
(/usr/share/texlive/texmf-dist/tex/latex/amsmath/amsbsy.sty)
(/usr/share/texlive/texmf-dist/tex/latex/amsmath/amsopn.sty))
(/usr/share/texlive/texmf-dist/tex/latex/amscls/amsthm.sty)
(/usr/share/texlive/texmf-dist/tex/latex/natbib/natbib.sty))
(/usr/share/texlive/texmf-dist/tex/latex/booktabs/booktabs.sty)
(/usr/share/texlive/texmf-dist/tex/latex/tools/tabularx.sty
(/usr/share/texlive/texmf-dist/tex/latex/tools/array.sty))
(/usr/share/texlive/texmf-dist/tex/latex/microtype/microtype.sty
(/usr/share/texlive/texmf-dist/tex/latex/microtype/microtype-pdftex.def)
(/usr/share/texlive/texmf-dist/tex/latex/microtype/microtype.cfg))
(/usr/share/texlive/texmf-dist/tex/latex/hyperref/hyperref.sty
(/usr/share/texlive/texmf-dist/tex/generic/iftex/iftex.sty)
(/usr/share/texlive/texmf-dist/tex/latex/kvsetkeys/kvsetkeys.sty)
(/usr/share/texlive/texmf-dist/tex/generic/kvdefinekeys/kvdefinekeys.sty)
(/usr/share/texlive/texmf-dist/tex/generic/pdfescape/pdfescape.sty
(/usr/share/texlive/texmf-dist/tex/generic/ltxcmds/ltxcmds.sty)
(/usr/share/texlive/texmf-dist/tex/generic/pdftexcmds/pdftexcmds.sty
(/usr/share/texlive/texmf-dist/tex/generic/infwarerr/infwarerr.sty)))
(/usr/share/texlive/texmf-dist/tex/latex/hycolor/hycolor.sty)
(/usr/share/texlive/texmf-dist/tex/latex/auxhook/auxhook.sty)
(/usr/share/texlive/texmf-dist/tex/latex/hyperref/nameref.sty
(/usr/share/texlive/texmf-dist/tex/latex/refcount/refcount.sty)
(/usr/share/texlive/texmf-dist/tex/generic/gettitlestring/gettitlestring.sty
(/usr/share/texlive/texmf-dist/tex/latex/kvoptions/kvoptions.sty)))
(/usr/share/texlive/texmf-dist/tex/latex/hyperref/pd1enc.def)
(/usr/share/texlive/texmf-dist/tex/generic/intcalc/intcalc.sty)
(/usr/share/texlive/texmf-dist/tex/latex/hyperref/puenc.def)
(/usr/share/texlive/texmf-dist/tex/generic/bitset/bitset.sty
(/usr/share/texlive/texmf-dist/tex/generic/bigintcalc/bigintcalc.sty))
(/usr/share/texlive/texmf-dist/tex/latex/base/atbegshi-ltx.sty))
(/usr/share/texlive/texmf-dist/tex/latex/hyperref/hpdftex.def
(/usr/share/texlive/texmf-dist/tex/latex/base/atveryend-ltx.sty)
(/usr/share/texlive/texmf-dist/tex/latex/rerunfilecheck/rerunfilecheck.sty
(/usr/share/texlive/texmf-dist/tex/generic/uniquecounter/uniquecounter.sty)))
(./revisions/2026-09-22-r14/paper/result_macros.tex)
(./revisions/2026-09-23-r16/paper/result_macros.tex)
(/usr/share/texlive/texmf-dist/tex/latex/hyperref/backref.sty)
(/usr/share/texlive/texmf-dist/tex/latex/l3backend/l3backend-pdftex.def)
No file ECTA_R16.aux.
(/usr/share/texlive/texmf-dist/tex/context/base/mkii/supp-pdf.mkii
[Loading MPS to PDF converter (version 2006.09.02).]
) (/usr/share/texlive/texmf-dist/tex/latex/epstopdf-pkg/epstopdf-base.sty
(/usr/share/texlive/texmf-dist/tex/latex/latexconfig/epstopdf-sys.cfg))
(/usr/share/texlive/texmf-dist/tex/latex/microtype/mt-ptm.cfg)
(./revisions/2026-09-23-r16/paper/main.tex
(./revisions/2026-09-23-r16/paper/introduction.tex
(/usr/share/texlive/texmf-dist/tex/latex/microtype/mt-cmr.cfg)
(/usr/share/texlive/texmf-dist/tex/latex/amsfonts/umsa.fd)
(/usr/share/texlive/texmf-dist/tex/latex/microtype/mt-msa.cfg)
(/usr/share/texlive/texmf-dist/tex/latex/amsfonts/umsb.fd)
(/usr/share/texlive/texmf-dist/tex/latex/microtype/mt-msb.cfg) [1
Non-PDF special ignored!
<special> papersize=487.8225pt,704.63249pt
{/var/lib/texmf/fonts/map/pdftex/updmap/pdftex.map}{/usr/share/texlive/texmf-di
st/fonts/enc/dvips/base/8r.enc}]

Package natbib Warning: Citation `Judd1998' on page 2 undefined on input line 1
7.


Package natbib Warning: Citation `KushnerDupuis2001' on page 2 undefined on inp
ut line 17.


Package natbib Warning: Citation `BarlesSouganidis1991' on page 2 undefined on 
input line 17.


Package natbib Warning: Citation `BrummScheidegger2017' on page 2 undefined on 
input line 17.


Package natbib Warning: Citation `BrownSmithSun2010' on page 2 undefined on inp
ut line 17.


Package natbib Warning: Citation `BrownSmith2011' on page 2 undefined on input 
line 17.


Package natbib Warning: Citation `HanE2016' on page 2 undefined on input line 1
7.


Package natbib Warning: Citation `HanJentzenE2018' on page 2 undefined on input
 line 17.


Package natbib Warning: Citation `CaiFangZhou2025' on page 2 undefined on input
 line 17.


Package natbib Warning: Citation `FousseEtAl2007' on page 2 undefined on input 
line 19.

) (./revisions/2026-09-23-r16/paper/retained_foundations.tex [2]

LaTeX Warning: Reference `sec:state' on page 3 undefined on input line 42.

[3]

LaTeX Warning: Reference `sec:economy' on page 4 undefined on input line 54.


LaTeX Warning: Reference `ass:verification' on page 4 undefined on input line 5
7.


LaTeX Warning: Reference `eq:checks' on page 4 undefined on input line 73.


LaTeX Warning: Reference `app:bridge' on page 4 undefined on input line 73.


LaTeX Warning: Reference `eq:bridgebound' on page 4 undefined on input line 76.


[4]

LaTeX Warning: Reference `eq:checks' on page 5 undefined on input line 96.


LaTeX Warning: Reference `ass:verification' on page 5 undefined on input line 1
01.


LaTeX Warning: Reference `eq:transportmodulus' on page 5 undefined on input lin
e 109.


LaTeX Warning: Reference `sec:neural' on page 5 undefined on input line 115.

) (./revisions/2026-09-23-r16/paper/new_method.tex

LaTeX Warning: Reference `sec:economy' on page 5 undefined on input line 5.

[5]

LaTeX Warning: Reference `ass:verification' on page 6 undefined on input line 2
4.


LaTeX Warning: Reference `thm:bridge' on page 6 undefined on input line 37.


LaTeX Warning: Reference `prop:traceconsistency' on page 6 undefined on input l
ine 37.

[6]

LaTeX Warning: Reference `eq:invariantactor' on page 7 undefined on input line 
50.


LaTeX Warning: Reference `eq:accessiblecritic' on page 7 undefined on input lin
e 50.


LaTeX Warning: Reference `eq:accessbound' on page 7 undefined on input line 50.



LaTeX Warning: Reference `eq:accessbound' on page 7 undefined on input line 54.



LaTeX Warning: Reference `eq:policydefects' on page 7 undefined on input line 6
8.

[7]

LaTeX Warning: Reference `eq:iterationrate' on page 8 undefined on input line 7
3.


LaTeX Warning: Reference `thm:accessibility' on page 8 undefined on input line 
77.


LaTeX Warning: Reference `prop:traceconsistency' on page 8 undefined on input l
ine 77.


LaTeX Warning: Reference `eq:iterationrate' on page 8 undefined on input line 7
9.


LaTeX Warning: Reference `sec:inventory' on page 8 undefined on input line 79.

) (./revisions/2026-09-23-r16/paper/retained_dual_state.tex

LaTeX Warning: Reference `eq:value' on page 8 undefined on input line 12.

[8]

LaTeX Warning: Reference `eq:plane' on page 9 undefined on input line 37.

[9]

LaTeX Warning: Reference `eq:dual' on page 10 undefined on input line 66.


LaTeX Warning: Reference `eq:stateupper' on page 10 undefined on input line 71.


[10]

LaTeX Warning: Reference `eq:value' on page 11 undefined on input line 98.


LaTeX Warning: Reference `eq:budgetshift' on page 11 undefined on input line 98
.


LaTeX Warning: Reference `prop:stateprice' on page 11 undefined on input line 9
8.


LaTeX Warning: Reference `eq:executedstate' on page 11 undefined on input line 
116.


LaTeX Warning: Reference `app:stateprice' on page 11 undefined on input line 11
6.

) (./revisions/2026-09-23-r16/paper/new_experiments.tex [11]

LaTeX Warning: Reference `eq:invariantactor' on page 12 undefined on input line
 2.


LaTeX Warning: Reference `eq:accessiblecritic' on page 12 undefined on input li
ne 2.

(./revisions/2026-09-23-r16/paper/neural_table.tex)

LaTeX Warning: Reference `tab:r16neural' on page 12 undefined on input line 7.

[12] (./revisions/2026-09-23-r16/paper/baseline_table.tex) [13]
(./revisions/2026-09-23-r16/paper/price_table.tex))
(./revisions/2026-09-23-r16/paper/inventory.tex [14]

LaTeX Warning: Reference `tab:inventory' on page 15 undefined on input line 40.


(./revisions/2026-09-23-r16/paper/inventory_table.tex))
(./revisions/2026-09-23-r16/paper/retained_experiments.tex [15]

Package hyperref Warning: Difference (3) between bookmark levels is greater 
(hyperref)                than one, level fixed on input line 1.

[16] (./revisions/2026-09-22-r14/paper/tables/neural.tex)

LaTeX Warning: Reference `tab:neural' on page 17 undefined on input line 21.

(./revisions/2026-09-22-r14/paper/tables/boundary.tex)

LaTeX Warning: Reference `prop:transport' on page 17 undefined on input line 37
.

[17] (./revisions/2026-09-22-r14/paper/tables/nodes.tex)
(./revisions/2026-09-22-r14/paper/tables/dual_budget.tex) [18]
(./revisions/2026-09-22-r14/paper/tables/robustness.tex) [19]
(./revisions/2026-09-22-r14/paper/tables/frontier.tex) [20]

LaTeX Warning: Reference `sec:economy' on page 21 undefined on input line 94.

(./revisions/2026-09-22-r14/paper/tables/welfare.tex) [21]
(./revisions/2026-09-22-r14/paper/tables/regions.tex)

LaTeX Warning: Reference `eq:value' on page 22 undefined on input line 129.


LaTeX Warning: Reference `eq:welfare' on page 22 undefined on input line 129.

) (./revisions/2026-09-23-r16/paper/normalization.tex)
(./revisions/2026-09-23-r16/paper/conclusion.tex [22]))
(./revisions/2026-09-22-r14/paper/proofs.tex

LaTeX Warning: Reference `thm:bridge' on page 23 undefined on input line 2.


LaTeX Warning: Reference `eq:checks' on page 23 undefined on input line 11.


LaTeX Warning: Reference `eq:bridgebound' on page 23 undefined on input line 15
.


LaTeX Warning: Reference `prop:transport' on page 23 undefined on input line 18
.

[23]

LaTeX Warning: Reference `eq:budgetshift' on page 24 undefined on input line 24
.


LaTeX Warning: Reference `sec:state' on page 24 undefined on input line 27.


LaTeX Warning: Reference `prop:stateprice' on page 24 undefined on input line 4
2.

[24]

LaTeX Warning: Reference `prop:executed' on page 25 undefined on input line 64.



LaTeX Warning: Reference `eq:stateupper' on page 25 undefined on input line 65.



LaTeX Warning: Reference `lem:concavity' on page 25 undefined on input line 65.



LaTeX Warning: Reference `prop:stateprice' on page 25 undefined on input line 6
5.


LaTeX Warning: Reference `eq:executedprice' on page 25 undefined on input line 
72.


LaTeX Warning: Reference `eq:executedstate' on page 25 undefined on input line 
72.


LaTeX Warning: Reference `eq:welfare' on page 25 undefined on input line 82.

) (./revisions/2026-09-23-r16/paper/new_proofs.tex [25]

LaTeX Warning: Reference `prop:traceconsistency' on page 26 undefined on input 
line 2.


LaTeX Warning: Reference `eq:tracejump' on page 26 undefined on input line 9.


LaTeX Warning: Reference `thm:accessibility' on page 26 undefined on input line
 14.


LaTeX Warning: Reference `prop:architecture' on page 26 undefined on input line
 31.

[26]

LaTeX Warning: Reference `thm:iteration' on page 27 undefined on input line 43.



LaTeX Warning: Reference `eq:iterationrate' on page 27 undefined on input line 
55.


LaTeX Warning: Reference `thm:inventory' on page 27 undefined on input line 59.


[27]

LaTeX Warning: Reference `eq:inventorycertificate' on page 28 undefined on inpu
t line 75.


LaTeX Warning: Reference `prop:topup' on page 28 undefined on input line 79.


LaTeX Warning: Reference `eq:topup' on page 28 undefined on input line 85.

) [28] (./revisions/2026-09-23-r16/paper/references.tex
No file ECTA_R16.brf.
)

Package natbib Warning: There were undefined citations.

[29] (./ECTA_R16.aux

Package natbib Warning: Citation(s) may have changed.
(natbib)                Rerun to get citations correct.

)

LaTeX Warning: There were undefined references.


LaTeX Warning: Label(s) may have changed. Rerun to get cross-references right.


Package rerunfilecheck Warning: File `ECTA_R16.out' has changed.
(rerunfilecheck)                Rerun to get outlines right
(rerunfilecheck)                or use package `bookmark'.


Package rerunfilecheck Warning: File `ECTA_R16.brf' has changed.
(rerunfilecheck)                Rerun to get bibliographical references right.

 )</usr/share/texlive/texmf-dist/fonts/type1/public/amsfonts/cm/cmbx10.pfb></us
r/share/texlive/texmf-dist/fonts/type1/public/amsfonts/cm/cmex10.pfb></usr/shar
e/texlive/texmf-dist/fonts/type1/public/amsfonts/cm/cmmi10.pfb></usr/share/texl
ive/texmf-dist/fonts/type1/public/amsfonts/cm/cmmi5.pfb></usr/share/texlive/tex
mf-dist/fonts/type1/public/amsfonts/cm/cmmi6.pfb></usr/share/texlive/texmf-dist
/fonts/type1/public/amsfonts/cm/cmmi8.pfb></usr/share/texlive/texmf-dist/fonts/
type1/public/amsfonts/cm/cmmi9.pfb></usr/share/texlive/texmf-dist/fonts/type1/p
ublic/amsfonts/cm/cmr10.pfb></usr/share/texlive/texmf-dist/fonts/type1/public/a
msfonts/cm/cmr5.pfb></usr/share/texlive/texmf-dist/fonts/type1/public/amsfonts/
cm/cmr6.pfb></usr/share/texlive/texmf-dist/fonts/type1/public/amsfonts/cm/cmr8.
pfb></usr/share/texlive/texmf-dist/fonts/type1/public/amsfonts/cm/cmr9.pfb></us
r/share/texlive/texmf-dist/fonts/type1/public/amsfonts/cm/cmsy10.pfb></usr/shar
e/texlive/texmf-dist/fonts/type1/public/amsfonts/cm/cmsy5.pfb></usr/share/texli
ve/texmf-dist/fonts/type1/public/amsfonts/cm/cmsy6.pfb></usr/share/texlive/texm
f-dist/fonts/type1/public/amsfonts/cm/cmsy8.pfb></usr/share/texlive/texmf-dist/
fonts/type1/public/amsfonts/symbols/msbm10.pfb></usr/share/texlive/texmf-dist/f
onts/type1/urw/times/utmb8a.pfb></usr/share/texlive/texmf-dist/fonts/type1/urw/
times/utmr8a.pfb></usr/share/texlive/texmf-dist/fonts/type1/urw/times/utmri8a.p
fb>
Output written on ECTA_R16.pdf (29 pages, 346332 bytes).
Transcript written on ECTA_R16.log.
