{"service": "compiled-witness-d2-T2-p1-e5-planned", "rep": 0, "gap": 3.942655146122054, "attained": true, "seconds": 0.027933835999988332}
{"service": "tensor-fvi-d2-T2-p1-e5-planned", "rep": 0, "gap": 4.219895989662811, "attained": true, "seconds": 0.025836578999985704}
{"service": "compiled-witness-d3-T2-p1-e5-planned", "rep": 0, "gap": 4.058120965960176, "attained": true, "seconds": 0.46223153300002195}
{"service": "tensor-fvi-d3-T2-p1-e5-planned", "rep": 0, "gap": 4.331637248525633, "attained": true, "seconds": 0.3900974489999953}
{"service": "compiled-witness-d4-T2-p1-e5-planned", "rep": 0, "gap": 4.862787961961249, "attained": true, "seconds": 1.9021376659999873}
{"service": "tensor-fvi-d4-T2-p1-e5-planned", "rep": 0, "gap": 5.652985199716655, "attained": false, "seconds": 2.4374331950000396}
{"service": "compiled-witness-d2-T2-p1-e2-planned", "rep": 0, "gap": 1.971327573061516, "attained": true, "seconds": 0.08510671199996978}
{"service": "tensor-fvi-d2-T2-p1-e2-planned", "rep": 0, "gap": 2.1589347527523803, "attained": false, "seconds": 0.06573185199999898}
{"service": "compiled-witness-d2-T2-p4-e2-planned", "rep": 0, "gap": 1.9316634237784438, "attained": true, "seconds": 0.1120885949999888}
{"service": "tensor-fvi-d2-T2-p4-e2-planned", "rep": 0, "gap": 2.0922642851988873, "attained": false, "seconds": 0.09105776699999524}
{"service": "compiled-witness-d2-T3-p1-e2-planned", "rep": 0, "gap": 1.7567005286863704, "attained": true, "seconds": 0.5069618590000005}
{"service": "tensor-fvi-d2-T3-p1-e2-planned", "rep": 0, "gap": 1.776107460413301, "attained": true, "seconds": 0.3672819270000218}
{"service": "compiled-witness-d2-T3-p4-e2-planned", "rep": 0, "gap": 1.9148892172551586, "attained": true, "seconds": 0.5070677479999972}
{"service": "tensor-fvi-d2-T3-p4-e2-planned", "rep": 0, "gap": 1.903843644846945, "attained": true, "seconds": 0.38704810900003395}
{"service": "surplus-fvi-d2-T2-p1-e5-planned", "rep": 0, "gap": 4.258616469847685, "attained": true, "seconds": 1.0646514080000316}
{"service": "compiled-witness-d2-T2-p1-e5-isotropic", "rep": 0, "gap": 4.629575252533946, "attained": true, "seconds": 0.0203155039999956}
{"service": "tensor-fvi-d2-T2-p1-e5-isotropic", "rep": 0, "gap": 5.370342429362674, "attained": false, "seconds": 0.024273079000010966}
{"service": "tensor-fvi-d2-T2-p1-e5-planned", "rep": 1, "gap": 4.219895989662811, "attained": true, "seconds": 0.025360307000028115}
{"service": "compiled-witness-d3-T2-p1-e5-planned", "rep": 1, "gap": 4.058120965960176, "attained": true, "seconds": 0.4575861120000013}
{"service": "tensor-fvi-d3-T2-p1-e5-planned", "rep": 1, "gap": 4.331637248525633, "attained": true, "seconds": 0.3850932779999994}
{"service": "compiled-witness-d4-T2-p1-e5-planned", "rep": 1, "gap": 4.862787961961249, "attained": true, "seconds": 1.8359951979999778}
{"service": "tensor-fvi-d4-T2-p1-e5-planned", "rep": 1, "gap": 5.652985199716655, "attained": false, "seconds": 2.428709395999988}
{"service": "compiled-witness-d2-T2-p1-e2-planned", "rep": 1, "gap": 1.971327573061516, "attained": true, "seconds": 0.08588492699999506}
{"service": "tensor-fvi-d2-T2-p1-e2-planned", "rep": 1, "gap": 2.1589347527523803, "attained": false, "seconds": 0.06430628300000762}
{"service": "compiled-witness-d2-T2-p4-e2-planned", "rep": 1, "gap": 1.9316634237784438, "attained": true, "seconds": 0.10974630100002969}
{"service": "tensor-fvi-d2-T2-p4-e2-planned", "rep": 1, "gap": 2.0922642851988873, "attained": false, "seconds": 0.08806553099998382}
{"service": "compiled-witness-d2-T3-p1-e2-planned", "rep": 1, "gap": 1.7567005286863704, "attained": true, "seconds": 0.5012826529999757}
{"service": "tensor-fvi-d2-T3-p1-e2-planned", "rep": 1, "gap": 1.776107460413301, "attained": true, "seconds": 0.3507590090000008}
{"service": "compiled-witness-d2-T3-p4-e2-planned", "rep": 1, "gap": 1.9148892172551586, "attained": true, "seconds": 0.49742494799994574}
{"service": "tensor-fvi-d2-T3-p4-e2-planned", "rep": 1, "gap": 1.903843644846945, "attained": true, "seconds": 0.36011115799999516}
{"service": "surplus-fvi-d2-T2-p1-e5-planned", "rep": 1, "gap": 4.258616469847685, "attained": true, "seconds": 1.071885516000009}
{"service": "compiled-witness-d2-T2-p1-e5-isotropic", "rep": 1, "gap": 4.629575252533946, "attained": true, "seconds": 0.020569526000031146}
{"service": "tensor-fvi-d2-T2-p1-e5-isotropic", "rep": 1, "gap": 5.370342429362674, "attained": false, "seconds": 0.024351734999982}
{"service": "compiled-witness-d2-T2-p1-e5-planned", "rep": 1, "gap": 3.942655146122054, "attained": true, "seconds": 0.024873325000044133}
{"service": "compiled-witness-d3-T2-p1-e5-planned", "rep": 2, "gap": 4.058120965960176, "attained": true, "seconds": 0.43461507600000004}
{"service": "tensor-fvi-d3-T2-p1-e5-planned", "rep": 2, "gap": 4.331637248525633, "attained": true, "seconds": 0.42709918099996}
{"service": "compiled-witness-d4-T2-p1-e5-planned", "rep": 2, "gap": 4.862787961961249, "attained": true, "seconds": 1.8454363000000171}
{"service": "tensor-fvi-d4-T2-p1-e5-planned", "rep": 2, "gap": 5.652985199716655, "attained": false, "seconds": 2.4658484839999915}
{"service": "compiled-witness-d2-T2-p1-e2-planned", "rep": 2, "gap": 1.971327573061516, "attained": true, "seconds": 0.08635118699999111}
{"service": "tensor-fvi-d2-T2-p1-e2-planned", "rep": 2, "gap": 2.1589347527523803, "attained": false, "seconds": 0.06556187699999327}
{"service": "compiled-witness-d2-T2-p4-e2-planned", "rep": 2, "gap": 1.9316634237784438, "attained": true, "seconds": 0.10831833100002086}
{"service": "tensor-fvi-d2-T2-p4-e2-planned", "rep": 2, "gap": 2.0922642851988873, "attained": false, "seconds": 0.09291382799995063}
{"service": "compiled-witness-d2-T3-p1-e2-planned", "rep": 2, "gap": 1.7567005286863704, "attained": true, "seconds": 0.5086753540000473}
{"service": "tensor-fvi-d2-T3-p1-e2-planned", "rep": 2, "gap": 1.776107460413301, "attained": true, "seconds": 0.3662424129999522}
{"service": "compiled-witness-d2-T3-p4-e2-planned", "rep": 2, "gap": 1.9148892172551586, "attained": true, "seconds": 0.5108743640000171}
{"service": "tensor-fvi-d2-T3-p4-e2-planned", "rep": 2, "gap": 1.903843644846945, "attained": true, "seconds": 0.3616983009999899}
{"service": "surplus-fvi-d2-T2-p1-e5-planned", "rep": 2, "gap": 4.258616469847685, "attained": true, "seconds": 1.095160547999967}
{"service": "compiled-witness-d2-T2-p1-e5-isotropic", "rep": 2, "gap": 4.629575252533946, "attained": true, "seconds": 0.021226199000011547}
{"service": "tensor-fvi-d2-T2-p1-e5-isotropic", "rep": 2, "gap": 5.370342429362674, "attained": false, "seconds": 0.023890605000019605}
{"service": "compiled-witness-d2-T2-p1-e5-planned", "rep": 2, "gap": 3.942655146122054, "attained": true, "seconds": 0.025000005000038072}
{"service": "tensor-fvi-d2-T2-p1-e5-planned", "rep": 2, "gap": 4.219895989662811, "attained": true, "seconds": 0.025531539999974484}
{"direct": "legacy-T2-p1-uniform", "before": [0.013160980974203632, 0.018416144027733426], "after": [0.006456191908543193, 0.011605338622617943], "left_gain": [0.005647375792432887, 0.008316526714182426], "seconds": 3.919005327999969}
{"direct": "legacy-T2-p1-1_8", "before": [0.054971644960277274, 0.060122616390592604], "after": [0.04400709453274225, 0.04879158091107522], "left_gain": [0.009941090664324383, 0.012721744829830472], "seconds": 3.7311871280000446}
{"direct": "legacy-T2-p1-1_2", "before": [0.006414568395491024, 0.011415302544960673], "after": [-0.0023842659623058535, 0.0023842659623058535], "left_gain": [0.007621995363205582, 0.010238574569708803], "seconds": 3.635782937999977}
{"direct": "legacy-T2-p1-7_8", "before": [0.0042172714574187755, 0.009066693898243681], "after": [0.00225669249667837, 0.007048971564384038], "left_gain": [0.0014933666829672861, 0.003945953288948991], "seconds": 3.7158295520000024}
{"direct": "legacy-T2-p4-uniform", "before": [0.011181120166935897, 0.01665820917830347], "after": [0.0058294966997248674, 0.011256322153375516], "left_gain": [0.00418804834570127, 0.0069254258795074936], "seconds": 4.102065913999979}
{"direct": "legacy-T2-p4-1_8", "before": [0.020344530062191567, 0.02550644998015711], "after": [0.017975806328051427, 0.023094948139311403], "left_gain": [0.0010828417927311884, 0.0036973837822546034], "seconds": 3.7834260589999644}
{"direct": "legacy-T2-p4-1_2", "before": [0.035286682069619914, 0.040495968947608194], "after": [0.03038114268500289, 0.035525869496032654], "left_gain": [0.003693260701612683, 0.006383563314161201], "seconds": 3.765896155000007}
{"direct": "legacy-T2-p4-7_8", "before": [0.039235600940619855, 0.04449656496691666], "after": [0.034549019744319495, 0.03969190777389658], "left_gain": [0.0034416190808965108, 0.006155028098406586], "seconds": 3.9059238129999585}
{"direct": "legacy-T3-p1-uniform", "before": [0.009512738178971275, 0.015772676507200076], "after": [0.006530158788048954, 0.01276090638116981], "left_gain": [0.00149672447550346, 0.0045926301407523094], "seconds": 4.4726288229999795}
{"direct": "legacy-T3-p1-1_8", "before": [0.026367059986417647, 0.03251603684209832], "after": [0.022928213740151436, 0.029055159590280728], "left_gain": [0.002003101615752885, 0.005115977888479981], "seconds": 4.291498882999974}
{"direct": "legacy-T3-p1-1_2", "before": [0.015696541635091026, 0.021867629364944928], "after": [0.01248522036628453, 0.01864143447732418], "left_gain": [0.0016955883347191823, 0.0047776906395460735], "seconds": 4.330014403999996}
{"direct": "legacy-T3-p1-7_8", "before": [0.011220741629407918, 0.017267642873059548], "after": [0.009551493489341192, 0.015586399434370665], "left_gain": [0.0003097584156043083, 0.00335445674070911], "seconds": 4.453384932000006}
{"direct": "legacy-T3-p4-uniform", "before": [0.005605544932004989, 0.012273482973366763], "after": [0.00391048149230378, 0.010565338559086522], "left_gain": [0.00021624581970786287, 0.003506347252113319], "seconds": 4.751854124000033}
{"direct": "legacy-T3-p4-1_8", "before": [0.00954460864307916, 0.016080186285879584], "after": [0.007416399396096109, 0.013915753127541822], "left_gain": [0.0005048012937261898, 0.0037992900497096057], "seconds": 4.4555318589999615}
{"direct": "legacy-T3-p4-1_2", "before": [0.010433059701803282, 0.016948215780000643], "after": [0.008933718671313682, 0.015428510441418356], "left_gain": [9.467062716722809e-05, 0.0033779100347561004], "seconds": 4.36357343100002}
{"direct": "legacy-T3-p4-7_8", "before": [0.00734151077511733, 0.013898322121198937], "after": [0.0046082500466060805, 0.011118813249021368], "left_gain": [0.0011153656217892031, 0.004421938165355519], "seconds": 4.469460649999974}
{"direct": "planned-d2-T2-p1-e5", "before": [0.02285164666870251, 0.028800998707532995], "after": [0.011835150963959536, 0.017549912830179887], "left_gain": [0.011497283696799837, 0.014615043015085162], "seconds": 3.8814291390000335}
{"direct": "planned-d3-T2-p1-e5", "before": [0.017873907651328562, 0.02368740348193569], "after": [0.009998792841603663, 0.015657162189016652], "left_gain": [0.007806587431143187, 0.010814045812370355], "seconds": 6.6860341290000065}
{"direct": "planned-d4-T2-p1-e5", "before": [0.03319572045264498, 0.03902941846039778], "after": [0.01567580675195932, 0.02119302240251443], "left_gain": [0.016374098423269923, 0.019482106317713466], "seconds": 8.036671039999987}
{"direct": "planned-d2-T2-p1-e2", "before": [0.01186017439349465, 0.01718683516596077], "after": [0.005698283950860409, 0.010907289787093545], "left_gain": [0.005589302803040539, 0.008312202827098585], "seconds": 3.941155742000035}
{"direct": "planned-d2-T2-p4-e2", "before": [0.008686434261136989, 0.014073911067535347], "after": [0.004022001659629109, 0.009365598805560576], "left_gain": [0.0035350392343355135, 0.0062382270975395535], "seconds": 3.9793877189999876}
{"direct": "planned-d2-T3-p1-e2", "before": [0.011360193830696948, 0.017752520061161885], "after": [0.008195347255713342, 0.014552799361011193], "left_gain": [0.001740255317848356, 0.004879089537958008], "seconds": 4.6014312919999725}
{"direct": "planned-d2-T3-p4-e2", "before": [0.010558862132553882, 0.017349116082470774], "after": [0.007483516854985491, 0.014247911778015047], "left_gain": [0.0020090845873859046, 0.005356838562877213], "seconds": 4.646197090999976}
{"direct": "surplus-d2-T2-p1-e5", "before": [-0.002451668940562686, 0.0023492530205838726], "after": [-0.002412513507516574, 0.002398459630144512], "left_gain": [0.0006224096886669405, 0.003097210032079603], "seconds": 3.808587215999978}
{"direct": "isotropic-d2-T2-p1-e5", "before": [0.042713235506464955, 0.04886750362050685], "after": [0.018209494565759547, 0.02385558890678666], "left_gain": [0.023541309929937044, 0.026849491381426577], "seconds": 3.8857699769999954}
{"common": "common-compiled-witness-d2-r0", "N": 16, "attained": true, "seconds": 0.025003321999975014}
{"common": "common-tensor-fvi-d2-r0", "N": 16, "attained": true, "seconds": 0.025303366000002825}
{"common": "common-compiled-witness-d3-r0", "N": 16, "attained": true, "seconds": 0.43921647199999825}
{"common": "common-tensor-fvi-d3-r0", "N": 16, "attained": true, "seconds": 0.38496059499999546}
{"common": "common-compiled-witness-d4-r0", "N": 8, "attained": true, "seconds": 1.8039976109999998}
{"common": "common-tensor-fvi-d4-r0", "N": 16, "attained": true, "seconds": 29.345846845999972}
{"common": "common-tensor-fvi-d2-r1", "N": 16, "attained": true, "seconds": 0.02826186900006178}
{"common": "common-compiled-witness-d2-r1", "N": 16, "attained": true, "seconds": 0.029231567000010727}
{"common": "common-tensor-fvi-d3-r1", "N": 16, "attained": true, "seconds": 0.39442039800007933}
{"common": "common-compiled-witness-d3-r1", "N": 16, "attained": true, "seconds": 0.4394688459999543}
{"common": "common-tensor-fvi-d4-r1", "N": 16, "attained": true, "seconds": 29.095878943000002}
{"common": "common-compiled-witness-d4-r1", "N": 8, "attained": true, "seconds": 1.7147377669999742}
{"common": "common-compiled-witness-d2-r2", "N": 16, "attained": true, "seconds": 0.022960936999993464}
{"common": "common-tensor-fvi-d2-r2", "N": 16, "attained": true, "seconds": 0.02437235399997917}
{"common": "common-compiled-witness-d3-r2", "N": 16, "attained": true, "seconds": 0.41672344500000236}
{"common": "common-tensor-fvi-d3-r2", "N": 16, "attained": true, "seconds": 0.3921323280000024}
{"common": "common-compiled-witness-d4-r2", "N": 8, "attained": true, "seconds": 1.742703430000006}
{"common": "common-tensor-fvi-d4-r2", "N": 16, "attained": true, "seconds": 28.90740090899999}
{"direct": "common-d2-T2-p1-e5", "before": [0.023033181462890562, 0.02898809090557401], "after": [0.012051419265050168, 0.017775042665675464], "left_gain": [0.011448429410828296, 0.014567008537555649], "seconds": 3.8478163460000587}
{"direct": "common-d3-T2-p1-e5", "before": [0.01795962093142466, 0.023776349982795802], "after": [0.010128912758426712, 0.0157940085259276], "left_gain": [0.007753469654803593, 0.010757475736673256], "seconds": 6.247566331999906}
{"direct": "common-d4-T2-p1-e5", "before": [0.03363569199374098, 0.039472871470469746], "after": [0.01591218712473195, 0.021432797403916844], "left_gain": [0.01643219955257898, 0.019542082581343476], "seconds": 9.937400346000004}
{"direct": "legacy-T2-p1-uniform", "before": [0.013160980974203632, 0.018416144027733426], "after": [0.006456191908543191, 0.011605338622617945], "left_gain": [0.005647375792432887, 0.008316526714182426], "seconds": 3.9011663549999867}
{"direct": "legacy-T2-p1-1_8", "before": [0.05497164496027726, 0.06012261639059262], "after": [0.04400709453274226, 0.04879158091107524], "left_gain": [0.009941090664324383, 0.012721744829830472], "seconds": 3.6238204569999652}
{"direct": "legacy-T2-p1-1_2", "before": [0.006414568395491023, 0.011415302544960673], "after": [-0.0023842659623058535, 0.0023842659623058535], "left_gain": [0.007621995363205582, 0.010238574569708803], "seconds": 3.6541184090000343}
{"direct": "legacy-T2-p1-7_8", "before": [0.0042172714574187755, 0.009066693898243683], "after": [0.0022566924966783693, 0.007048971564384039], "left_gain": [0.0014933666829672861, 0.003945953288948991], "seconds": 3.7003785309999557}
{"direct": "legacy-T2-p4-uniform", "before": [0.011181120166935893, 0.016658209178303473], "after": [0.005829496699724866, 0.011256322153375518], "left_gain": [0.00418804834570127, 0.0069254258795074936], "seconds": 3.9496877619999395}
{"direct": "legacy-T2-p4-1_8", "before": [0.020344530062191557, 0.025506449980157116], "after": [0.01797580632805143, 0.023094948139311403], "left_gain": [0.0010828417927311884, 0.0036973837822546034], "seconds": 3.7278964370000267}
{"direct": "legacy-T2-p4-1_2", "before": [0.03528668206961991, 0.0404959689476082], "after": [0.030381142685002895, 0.03552586949603266], "left_gain": [0.003693260701612683, 0.006383563314161201], "seconds": 3.7345159779999904}
{"direct": "legacy-T2-p4-7_8", "before": [0.03923560094061984, 0.04449656496691667], "after": [0.03454901974431948, 0.03969190777389659], "left_gain": [0.0034416190808965108, 0.006155028098406586], "seconds": 3.866553608000004}
{"direct": "legacy-T3-p1-uniform", "before": [0.009512738178971275, 0.015772676507200076], "after": [0.006530158788048952, 0.01276090638116981], "left_gain": [0.00149672447550346, 0.0045926301407523094], "seconds": 4.437823236999975}
{"direct": "legacy-T3-p1-1_8", "before": [0.02636705998641764, 0.03251603684209832], "after": [0.022928213740151433, 0.02905515959028073], "left_gain": [0.002003101615752885, 0.005115977888479981], "seconds": 4.3686991089999765}
{"direct": "legacy-T3-p1-1_2", "before": [0.015696541635091023, 0.02186762936494493], "after": [0.012485220366284529, 0.018641434477324182], "left_gain": [0.0016955883347191823, 0.0047776906395460735], "seconds": 4.367427883000005}
{"direct": "legacy-T3-p1-7_8", "before": [0.011220741629407916, 0.01726764287305955], "after": [0.00955149348934119, 0.015586399434370667], "left_gain": [0.0003097584156043083, 0.00335445674070911], "seconds": 4.499964324999951}
{"direct": "legacy-T3-p4-uniform", "before": [0.005605544932004988, 0.012273482973366764], "after": [0.003910481492303778, 0.010565338559086522], "left_gain": [0.00021624581970786287, 0.003506347252113319], "seconds": 4.765486550999981}
{"direct": "legacy-T3-p4-1_8", "before": [0.009544608643079157, 0.016080186285879587], "after": [0.007416399396096105, 0.013915753127541824], "left_gain": [0.0005048012937261898, 0.0037992900497096057], "seconds": 4.560632317}
{"direct": "legacy-T3-p4-1_2", "before": [0.01043305970180328, 0.016948215780000647], "after": [0.00893371867131368, 0.015428510441418358], "left_gain": [9.467062716722809e-05, 0.0033779100347561004], "seconds": 4.441091540000002}
{"direct": "legacy-T3-p4-7_8", "before": [0.00734151077511733, 0.01389832212119894], "after": [0.004608250046606077, 0.011118813249021368], "left_gain": [0.0011153656217892031, 0.004421938165355519], "seconds": 4.532287318000044}
{"direct": "planned-d2-T2-p1-e5", "before": [0.02285164666870251, 0.028800998707533], "after": [0.011835150963959535, 0.017549912830179887], "left_gain": [0.011497283696799837, 0.014615043015085162], "seconds": 3.902903758999969}
{"direct": "planned-d3-T2-p1-e5", "before": [0.01787390765132856, 0.023687403481935692], "after": [0.009998792841603661, 0.015657162189016655], "left_gain": [0.007806587431143187, 0.010814045812370355], "seconds": 6.295276969999918}
{"direct": "planned-d4-T2-p1-e5", "before": [0.033195720452644975, 0.039029418460397786], "after": [0.015675806751959315, 0.021193022402514437], "left_gain": [0.016374098423269923, 0.019482106317713466], "seconds": 7.715171069000007}
{"direct": "planned-d2-T2-p1-e2", "before": [0.011860174393494646, 0.01718683516596077], "after": [0.005698283950860409, 0.010907289787093547], "left_gain": [0.005589302803040539, 0.008312202827098585], "seconds": 3.8715757589999384}
{"direct": "planned-d2-T2-p4-e2", "before": [0.008686434261136987, 0.014073911067535349], "after": [0.004022001659629107, 0.009365598805560578], "left_gain": [0.0035350392343355135, 0.0062382270975395535], "seconds": 3.9201348490000782}
{"direct": "planned-d2-T3-p1-e2", "before": [0.011360193830696945, 0.017752520061161885], "after": [0.00819534725571334, 0.014552799361011197], "left_gain": [0.001740255317848356, 0.004879089537958008], "seconds": 4.407224389000021}
{"direct": "planned-d2-T3-p4-e2", "before": [0.01055886213255388, 0.017349116082470778], "after": [0.007483516854985487, 0.01424791177801505], "left_gain": [0.0020090845873859046, 0.005356838562877213], "seconds": 4.515147950000028}
{"direct": "surplus-d2-T2-p1-e5", "before": [-0.002451668940562686, 0.002349253020583873], "after": [-0.002412513507516574, 0.0023984596301445124], "left_gain": [0.0006224096886669405, 0.003097210032079603], "seconds": 3.7988670569999385}
{"direct": "isotropic-d2-T2-p1-e5", "before": [0.04271323550646495, 0.048867503620506854], "after": [0.01820949456575955, 0.023855588906786664], "left_gain": [0.023541309929937044, 0.026849491381426577], "seconds": 3.7453843339999366}
{"direct": "common-d2-T2-p1-e5", "before": [0.02303318146289056, 0.02898809090557401], "after": [0.012051419265050165, 0.017775042665675467], "left_gain": [0.011448429410828296, 0.014567008537555649], "seconds": 3.800709788000063}
{"direct": "common-d3-T2-p1-e5", "before": [0.017959620931424655, 0.02377634998279581], "after": [0.010128912758426709, 0.0157940085259276], "left_gain": [0.007753469654803593, 0.010757475736673256], "seconds": 6.103799592999962}
{"direct": "common-d4-T2-p1-e5", "before": [0.033635691993740974, 0.039472871470469746], "after": [0.015912187124731948, 0.021432797403916848], "left_gain": [0.01643219955257898, 0.019542082581343476], "seconds": 9.79168345800008}
