MATCHED 0.0 R6 matched 0.0 0.0625 0.0005969199320001728 0.0002775477773715451 0.004455030709761498
MATCHED 0.0 R6 matched 0.0625 0.09375 1.3335202167619187e-05 8.33520906354246e-06 0.0022320213567794678
MATCHED 0.0 R6 matched 0.09375 0.125 0.0005401241567855042 0.0002048027231631444 0.0032262261011286597
MATCHED 0.0 R6 matched 0.125 0.1875 0.0006332671930492362 0.00034386996638879896 0.007298622936436905
MATCHED 0.0 R6 matched 0.1875 0.25 0.0006151174165160977 0.0003292579964674358 0.009434099364766246
MATCHED 0.0 R6 matched 0.25 0.28125 0.0008303272633443104 0.00039503833629750407 0.0047196768191319904
MATCHED 0.0 R6 matched 0.28125 0.3125 0.0003045422342045079 0.0001055648182832769 0.004716213976641237
MATCHED 0.0 R6 matched 0.3125 0.375 0.0006233022691293222 0.00035081400540448726 0.009421551180461063
MATCHED 0.0 R6 matched 0.375 0.40625 0.00036549891654369393 0.0001863253607632398 0.004705430629161622
MATCHED 0.0 R6 matched 0.40625 0.4375 0.0005049564603915035 0.00039792431158036656 0.004702132694762051
MATCHED 0.0 R6 matched 0.4375 0.5 0.0005309651416035566 0.00033225727298946683 0.009394217990324916
MATCHED 0.0 R6 matched 0.5 0.5625 0.00039171367308288296 0.0002988292885617305 0.009439495582941548
MATCHED 0.0 R6 matched 0.5625 0.625 0.0006311336457962557 0.0003295058170298404 0.009433129865129453
MATCHED 0.0 R6 matched 0.625 0.6875 0.0006850705076539843 0.00029678432304502955 0.009404863044411682
MATCHED 0.0 R6 matched 0.6875 0.75 0.0008597422262628385 0.0003160115509024397 0.009473782801226793
MATCHED 0.0 R6 matched 0.75 0.8125 0.0008386887305349422 0.00073384636746332 0.009479984039529987
MATCHED 0.0 R6 matched 0.8125 0.875 0.0009045733003105738 0.0003448166874311376 0.009425994103689828
MATCHED 0.0 R6 matched 0.875 1.0 0.00045898933558885524 0.00020240441568653011 0.018760786750711467
MATCHED 0.5 R6 matched 0.0 0.0625 0.0004313168670571077 0.00020502602221306176 0.003822450805112565
MATCHED 0.5 R6 matched 0.0625 0.125 0.0005480380071825053 0.0002319673353459173 0.003848462727563673
MATCHED 0.5 R6 matched 0.125 0.1875 4.746328737795236e-05 3.55971023578705e-05 0.0038738279230530193
MATCHED 0.5 R6 matched 0.1875 0.25 0.0005351781856139937 0.00033448423497628443 0.0038985845994932156
MATCHED 0.5 R6 matched 0.25 0.28125 0.000495763884927336 0.00021149151715893488 0.0033006742245647036
MATCHED 0.5 R6 matched 0.28125 0.3125 0.00024989743398518005 0.00016414782425711039 0.004121473573575396
MATCHED 0.5 R6 matched 0.3125 0.375 0.0006475515960924216 0.0003265666428353686 0.008471030740213936
MATCHED 0.5 R6 matched 0.375 0.4375 0.0006577531756866151 0.0005132416548140339 0.008493116772802622
MATCHED 0.5 R6 matched 0.4375 0.5 0.0004605220246887143 0.0002573986550833407 0.008522500347760364
MATCHED 0.5 R6 matched 0.5 0.53125 0.0006268834531060197 0.0003506742865136969 0.004251570945007388
MATCHED 0.5 R6 matched 0.53125 0.5625 0.0001400502469381948 7.000066534956773e-05 0.004245331435313471
MATCHED 0.5 R6 matched 0.5625 0.625 0.0006215001064482362 0.00030238307101559947 0.008472141462867233
MATCHED 0.5 R6 matched 0.625 0.6875 0.0006575076903736488 0.00030653661771351537 0.008607862579474324
MATCHED 0.5 R6 matched 0.6875 0.75 0.0008536565299147592 0.00038010370454255593 0.00855364550822002
MATCHED 0.5 R6 matched 0.75 0.875 0.0006958661907381369 0.0004614980455628359 0.017149866644398215
MATCHED 0.5 R6 matched 0.875 0.9375 0.0008998289604379428 0.0006851026198662069 0.008413905844718572
MATCHED 0.5 R6 matched 0.9375 1.0 0.00019110338344940914 5.2111006323407594e-05 0.008300799012013083
MATCHED 0.5 every 4th anchor 0.0 0.25 0.0026419406384110555 0.0014692477960609462 0.015443384996077114
MATCHED 0.5 every 4th anchor 0.25 0.4375 0.0045744333820394445 0.002147429918701871 0.02438629508250678
MATCHED 0.5 every 4th anchor 0.4375 0.625 0.0050259429121767285 0.0027493691613722504 0.025491544247707054
MATCHED 0.5 every 4th anchor 0.625 0.9375 0.006984583911619269 0.0033813197617680313 0.04272528033957268
MATCHED 0.5 every 4th anchor 0.9375 1.0 0.00019110338344940914 5.2111006323407594e-05 0.008300799012013083
MATCHED 0.5 every 2th anchor 0.0 0.125 0.0011783425320643914 0.000457866898009307 0.007670923132820473
MATCHED 0.5 every 2th anchor 0.125 0.25 0.0011575784782371645 0.0006555891005532999 0.007772422275230895
MATCHED 0.5 every 2th anchor 0.25 0.3125 0.001541486154003402 0.0009244712735729799 0.007422147693779135
MATCHED 0.5 every 2th anchor 0.3125 0.4375 0.003273356965230678 0.0014674226546069757 0.016964147466333013
MATCHED 0.5 every 2th anchor 0.4375 0.53125 0.0009830048661012558 0.0008168117628414295 0.01277407128576713
MATCHED 0.5 every 2th anchor 0.53125 0.625 0.001058615597346546 0.00043989921308995594 0.012717472916244699
MATCHED 0.5 every 2th anchor 0.625 0.75 0.001322673447388123 0.0007325170856642416 0.017161508077651266
MATCHED 0.5 every 2th anchor 0.75 0.9375 0.002699524270369791 0.0020246011400892883 0.025563772411003716
MATCHED 0.5 every 2th anchor 0.9375 1.0 0.00019110338344940914 5.2111006323407594e-05 0.008300799012013083
MATCHED 1.0 R6 matched 0.0 0.125 0.00046086707258363724 0.000321117491128009 0.006375620869374821
MATCHED 1.0 R6 matched 0.125 0.25 0.0009414120278261606 0.00043574486540376434 0.006460372177470308
MATCHED 1.0 R6 matched 0.25 0.3125 0.0006055734516107192 0.00033754009924058526 0.003286633100246572
MATCHED 1.0 R6 matched 0.3125 0.375 0.000453720567292093 0.00019651252043439982 0.003341851386721162
MATCHED 1.0 R6 matched 0.375 0.40625 0.00047785335647754223 0.00018449641046325294 0.0021635595621329884
MATCHED 1.0 R6 matched 0.40625 0.4375 0.00074156959669891 0.0002875373331429065 0.003708693949116326
MATCHED 1.0 R6 matched 0.4375 0.46875 0.0007865423463617738 0.0003450061469789656 0.003777805836040149
MATCHED 1.0 R6 matched 0.46875 0.5 0.00014497632502497027 0.00010365792607935909 0.003773195055367884
MATCHED 1.0 R6 matched 0.5 0.53125 0.0007089662452612888 0.000332612111179742 0.0038047352587142758
MATCHED 1.0 R6 matched 0.53125 0.5625 0.00013177676119013881 6.170479491496295e-05 0.003855282569710905
MATCHED 1.0 R6 matched 0.5625 0.625 0.0006535050892181316 0.0003003404113920416 0.0076664767240191
MATCHED 1.0 R6 matched 0.625 0.65625 0.00027475545140998037 0.00012799222502690721 0.003902073356099156
MATCHED 1.0 R6 matched 0.65625 0.6875 0.0003989982083938415 0.0003051294615727951 0.00388502434383009
MATCHED 1.0 R6 matched 0.6875 0.75 0.00016263931260063202 6.810495639175684e-05 0.007689486362101983
MATCHED 1.0 R6 matched 0.75 0.875 0.0005394704898459279 0.0003371556662306041 0.015082914067236053
MATCHED 1.0 R6 matched 0.875 1.0 0.0003442421220538616 0.00014301883545153604 0.014664440823736191
