{
  "services": 36,
  "rungs": 216,
  "distinct_method_economy_resolution_rows": 72,
  "attainment": {
    "cone-witness": {
      "1/4": 12,
      "1/8": 12,
      "1/16": 6
    },
    "cone-nearest": {
      "1/4": 12,
      "1/8": 12,
      "1/16": 6
    },
    "spline-nearest": {
      "1/4": 12,
      "1/8": 12,
      "1/16": 6
    }
  },
  "comparisons": {
    "cone-nearest": {
      "strictly_tighter_witness": 24,
      "unique_comparisons": 24,
      "exceptions": [],
      "witness_faster": 30,
      "common_target_clocks": 30,
      "pooled_prefix_clock_ratio": 0.7239572117336711,
      "ratio_scope": "descriptive pooled target-prefix clocks; prefixes overlap and are not independent or a total-study runtime"
    },
    "spline-nearest": {
      "strictly_tighter_witness": 23,
      "unique_comparisons": 24,
      "exceptions": [
        {
          "T": 4,
          "price": 1,
          "N": 16,
          "witness": 2.0603948202949103,
          "comparator": 2.035152866542075
        }
      ],
      "witness_faster": 0,
      "common_target_clocks": 30,
      "pooled_prefix_clock_ratio": 1.0961119473009873,
      "ratio_scope": "descriptive pooled target-prefix clocks; prefixes overlap and are not independent or a total-study runtime"
    }
  },
  "final_bounds": [
    {
      "T": 2,
      "price": 1,
      "cone-witness": 0.03430753946485176,
      "cone-nearest": 0.05009155225524275,
      "spline-nearest": 0.03964133389942903
    },
    {
      "T": 2,
      "price": 4,
      "cone-witness": 0.035017073156261715,
      "cone-nearest": 0.051636773284819894,
      "spline-nearest": 0.040956938716969246
    },
    {
      "T": 4,
      "price": 1,
      "cone-witness": 0.0643873381375141,
      "cone-nearest": 0.09359287687093568,
      "spline-nearest": 0.0663689302149049
    },
    {
      "T": 4,
      "price": 4,
      "cone-witness": 0.06572048542489245,
      "cone-nearest": 0.09703877731319505,
      "spline-nearest": 0.06997941632899185
    }
  ],
  "identical_repetition_checkpoints": true,
  "identical_cone_critics_and_node_actions": true,
  "expected_policy_cost_ranking": "not inferred from regret bounds"
}
