{
  "compilation": [
    {
      "document": "ECTA",
      "pages": 37,
      "pdf_sha256": "68c0603d11f81e7f0d883f9254c779bbfc4415d50f792ba1b5829e65691238ee",
      "undefined_references": 0,
      "duplicate_labels": 0,
      "overfull_boxes": 0,
      "missing_characters": 0
    },
    {
      "document": "supp",
      "pages": 26,
      "pdf_sha256": "dd9b9b19208b35549ece453b059d8f739b2fc84308660e88811c3997012ce832",
      "undefined_references": 0,
      "duplicate_labels": 0,
      "overfull_boxes": 0,
      "missing_characters": 0
    },
    {
      "document": "response",
      "pages": 10,
      "pdf_sha256": "b5ffd5b48272e5084a263b55ede05a91f7c934f5af98284a9f9afdd60c5dd6fd",
      "undefined_references": 0,
      "duplicate_labels": 0,
      "overfull_boxes": 0,
      "missing_characters": 0
    }
  ],
  "total_tests": 49,
  "release": false
}
