linear_d10_s7919 20.02941449900004 820 None
nbo_d10_s7919 20.035465946999977 400 None
dpo_d10_s7919 20.047452972999963 620 None
linear_d10_s7919_origin_n1024 0.0010631030872319221 0.002656757471263128
nbo_d10_s7919_origin_n1024 0.0011847063575371262 0.0027801513718429885
dpo_d10_s7919_origin_n1024 0.0010936198708981248 0.002689223050408065
nbo_d10_s7919_origin_n1024__minus__dpo_d10_s7919_origin_n1024 -0.001111331552754623 0.001293346360828548
nbo_d10_s7919_origin_n1024__minus__linear_d10_s7919_origin_n1024 -0.001080491745547177 0.0013254889164322418
linear_d10_s7919_population_n1024 0.0005136461607473962 0.0021912205632669992
nbo_d10_s7919_population_n1024 0.0006310265853962595 0.0023088626374439085
dpo_d10_s7919_population_n1024 0.000532909895423761 0.002210792125054651
nbo_d10_s7919_population_n1024__minus__dpo_d10_s7919_population_n1024 -0.0011545917291123432 0.0013507789314740988
nbo_d10_s7919_population_n1024__minus__linear_d10_s7919_population_n1024 -0.0011354189590114816 0.001370441457837254
linear_d10_s7919_k200_population_n1024 0.0002760406081453578 0.0019463908787048037
linear_d10_s7919_k420_population_n1024 0.0004531247613679685 0.002127553182928635
nbo_d10_s7919_k100_population_n1024 0.0006081533349756481 0.0022857088176750128
nbo_d10_s7919_k200_population_n1024 0.0006259929549533071 0.002303745508235611
dpo_d10_s7919_k160_population_n1024 0.000519546930491392 0.0021984978923852735
dpo_d10_s7919_k320_population_n1024 0.0005303469714766067 0.00220885040982545
linear_d20_s7919 20.048378126000102 715 None
nbo_d20_s7919 20.043422213999975 380 None
dpo_d20_s7919 20.054242880999936 548 None
linear_d20_s7919_origin_n1024 0.0005595814726969329 0.0023275293094576796
nbo_d20_s7919_origin_n1024 0.0007011996476193274 0.0024702849327716742
dpo_d20_s7919_origin_n1024 0.0006126538822124535 0.002382062877219552
nbo_d20_s7919_origin_n1024__minus__dpo_d20_s7919_origin_n1024 -0.0012228118699353725 0.001399579690894368
nbo_d20_s7919_origin_n1024__minus__linear_d20_s7919_origin_n1024 -0.001169412176744033 0.0014537859749804219
linear_d20_s7919_population_n1024 0.00030030945531206806 0.0021393011434329575
nbo_d20_s7919_population_n1024 0.0004266715627369076 0.002266347316123071
dpo_d20_s7919_population_n1024 0.00033462732049430443 0.002174583358505498
nbo_d20_s7919_population_n1024__minus__dpo_d20_s7919_population_n1024 -0.0012711676937635112 0.0014549758936236875
nbo_d20_s7919_population_n1024__minus__linear_d20_s7919_population_n1024 -0.001236861606563314 0.0014902698866782675
linear_d20_s7919_k180_population_n1024 0.00013948343965092277 0.001974686213156708
linear_d20_s7919_k360_population_n1024 0.00025806461639796497 0.0020943331456651205
nbo_d20_s7919_k100_population_n1024 0.00040667754747298934 0.002246103497677362
nbo_d20_s7919_k200_population_n1024 0.0004185142854587265 0.002258059773821994
dpo_d20_s7919_k140_population_n1024 0.0002973108589532536 0.002137367242003883
dpo_d20_s7919_k280_population_n1024 0.0003105166341397866 0.00215109250090403
linear_d50_s7919 20.045623118000094 535 None
nbo_d50_s7919 20.059221324999953 300 None
dpo_d50_s7919 20.04774707399997 440 None
linear_d50_s7919_origin_n1024 0.0005778150534565583 0.002385993003751823
nbo_d50_s7919_origin_n1024 0.0008488496073965273 0.0026594993052744564
dpo_d50_s7919_origin_n1024 0.0007514444464907384 0.0025618758035746854
nbo_d50_s7919_origin_n1024__minus__dpo_d50_s7919_origin_n1024 -0.0012372436884165834 0.0014322723510221428
nbo_d50_s7919_origin_n1024__minus__linear_d50_s7919_origin_n1024 -0.0010634903613166297 0.0016080312167792324
linear_d50_s7919_population_n1024 0.00047500168977638316 0.002361176551020957
nbo_d50_s7919_population_n1024 0.0006650148395301159 0.0025527847543151253
dpo_d50_s7919_population_n1024 0.0005699724497689388 0.0024582190768332383
nbo_d50_s7919_population_n1024__minus__dpo_d50_s7919_population_n1024 -0.0012924584477142587 0.0014820665149573224
nbo_d50_s7919_population_n1024__minus__linear_d50_s7919_population_n1024 -0.0011978230151553954 0.0015794443682032966
linear_d50_s7919_k140_population_n1024 0.00026224995863789816 0.0021502746045043474
linear_d50_s7919_k260_population_n1024 0.0003721421242706511 0.002258549795906211
nbo_d50_s7919_k80_population_n1024 0.0006498889251635535 0.0025377149392738535
nbo_d50_s7919_k160_population_n1024 0.0006586173460876871 0.0025464229145742106
dpo_d50_s7919_k120_population_n1024 0.0005590506181390487 0.002447024725586265
dpo_d50_s7919_k220_population_n1024 0.0005649756883567672 0.002453443084797182
