{
  "services": 60,
  "rungs": 300,
  "main_services": 36,
  "repetition_checkpoint_identity": true,
  "attainment": {
    "compiled-witness": {
      "4": 12,
      "2": 12,
      "1": 12,
      "1/2": 6
    },
    "tensor-fvi": {
      "4": 12,
      "2": 12,
      "1": 12,
      "1/2": 3
    },
    "curvature-fvi": {
      "4": 12,
      "2": 12,
      "1": 12,
      "1/2": 3
    }
  },
  "timing": {
    "tensor-fvi": {
      "common": 39,
      "witness_faster": 13,
      "witness_slower": 26
    },
    "curvature-fvi": {
      "common": 39,
      "witness_faster": 30,
      "witness_slower": 9
    }
  },
  "adaptive_nonuniform_date_models": 0,
  "adaptive_total_date_models": 252,
  "direct_records": 104,
  "direct_signs": {
    "left-higher": 93,
    "unresolved": 11
  },
  "new_frontier_signs": {
    "left-higher": 93,
    "unresolved": 3
  },
  "r48_favorable_signs": {
    "unresolved": 8
  },
  "sensor_records": 104,
  "sampled_paths": 52428800,
  "sampled_contrasts": 200,
  "missing_economic_tasks": [],
  "execution_source_commit": "7d12150f01588d1218f72daeea0cf7c7d3393a83",
  "seconds_science": 2485.274965517,
  "joint_direct_seconds": 923.6445697880008,
  "historical_clocks_spliced": false
}
