This is pdfTeX, Version 3.141592653-2.6-1.40.25 (TeX Live 2023/Debian) (preloaded format=pdflatex)
 restricted \write18 enabled.
entering extended mode
(./complete.tex
LaTeX2e <2023-11-01> patch level 1
L3 programming layer <2024-01-22>
(./econsocart.cls
Document Class: econsocart 2022/11/21 v1.4.1, The Econometric Society Journals
(/usr/share/texlive/texmf-dist/tex/latex/etoolbox/etoolbox.sty)
(./econsocart.cfg) (/usr/share/texlive/texmf-dist/tex/latex/base/fix-cm.sty
(/usr/share/texlive/texmf-dist/tex/latex/base/ts1enc.def))
(/usr/share/texlive/texmf-dist/tex/latex/graphics/graphicx.sty
(/usr/share/texlive/texmf-dist/tex/latex/graphics/keyval.sty)
(/usr/share/texlive/texmf-dist/tex/latex/graphics/graphics.sty
(/usr/share/texlive/texmf-dist/tex/latex/graphics/trig.sty)
(/usr/share/texlive/texmf-dist/tex/latex/graphics-cfg/graphics.cfg)
(/usr/share/texlive/texmf-dist/tex/latex/graphics-def/pdftex.def)))
(/usr/share/texlive/texmf-dist/tex/latex/base/fontenc.sty)
(/usr/share/texlive/texmf-dist/tex/latex/psnfss/times.sty)
(/usr/share/texlive/texmf-dist/tex/latex/textcase/textcase.sty)
(/usr/share/texlive/texmf-dist/tex/latex/psnfss/helvet.sty)
(/usr/share/texlive/texmf-dist/tex/latex/base/textcomp.sty)
(/usr/share/texlive/texmf-dist/tex/latex/psnfss/t1ptm.fd)
(/usr/share/texlive/texmf-dist/tex/latex/amsfonts/amssymb.sty
(/usr/share/texlive/texmf-dist/tex/latex/amsfonts/amsfonts.sty))
(/usr/share/texlive/texmf-dist/tex/latex/tools/bm.sty)
(/usr/share/texlive/texmf-dist/tex/latex/url/url.sty)
(/usr/share/texlive/texmf-dist/tex/latex/amsmath/amsmath.sty
For additional information on amsmath, use the `?' option.
(/usr/share/texlive/texmf-dist/tex/latex/amsmath/amstext.sty
(/usr/share/texlive/texmf-dist/tex/latex/amsmath/amsgen.sty))
(/usr/share/texlive/texmf-dist/tex/latex/amsmath/amsbsy.sty)
(/usr/share/texlive/texmf-dist/tex/latex/amsmath/amsopn.sty))
(/usr/share/texlive/texmf-dist/tex/latex/amscls/amsthm.sty)
(/usr/share/texlive/texmf-dist/tex/latex/natbib/natbib.sty)) (./preamble.tex
(/usr/share/texlive/texmf-dist/tex/latex/booktabs/booktabs.sty)
(/usr/share/texlive/texmf-dist/tex/latex/tools/array.sty)
(/usr/share/texlive/texmf-dist/tex/latex/tools/longtable.sty)
(/usr/share/texlive/texmf-dist/tex/latex/base/fontenc.sty)
(/usr/share/texlive/texmf-dist/tex/latex/psnfss/mathpazo.sty)
(/usr/share/texlive/texmf-dist/tex/latex/microtype/microtype.sty
(/usr/share/texlive/texmf-dist/tex/latex/microtype/microtype-pdftex.def)
(/usr/share/texlive/texmf-dist/tex/latex/microtype/microtype.cfg))
(/usr/share/texlive/texmf-dist/tex/latex/needspace/needspace.sty)
(/usr/share/texlive/texmf-dist/tex/latex/xurl/xurl.sty)
(/usr/share/texlive/texmf-dist/tex/latex/hyperref/hyperref.sty
(/usr/share/texlive/texmf-dist/tex/generic/iftex/iftex.sty)
(/usr/share/texlive/texmf-dist/tex/latex/kvsetkeys/kvsetkeys.sty)
(/usr/share/texlive/texmf-dist/tex/generic/kvdefinekeys/kvdefinekeys.sty)
(/usr/share/texlive/texmf-dist/tex/generic/pdfescape/pdfescape.sty
(/usr/share/texlive/texmf-dist/tex/generic/ltxcmds/ltxcmds.sty)
(/usr/share/texlive/texmf-dist/tex/generic/pdftexcmds/pdftexcmds.sty
(/usr/share/texlive/texmf-dist/tex/generic/infwarerr/infwarerr.sty)))
(/usr/share/texlive/texmf-dist/tex/latex/hycolor/hycolor.sty)
(/usr/share/texlive/texmf-dist/tex/latex/auxhook/auxhook.sty)
(/usr/share/texlive/texmf-dist/tex/latex/hyperref/nameref.sty
(/usr/share/texlive/texmf-dist/tex/latex/refcount/refcount.sty)
(/usr/share/texlive/texmf-dist/tex/generic/gettitlestring/gettitlestring.sty
(/usr/share/texlive/texmf-dist/tex/latex/kvoptions/kvoptions.sty)))
(/usr/share/texlive/texmf-dist/tex/latex/hyperref/pd1enc.def)
(/usr/share/texlive/texmf-dist/tex/generic/intcalc/intcalc.sty)
(/usr/share/texlive/texmf-dist/tex/latex/hyperref/puenc.def)
(/usr/share/texlive/texmf-dist/tex/generic/bitset/bitset.sty
(/usr/share/texlive/texmf-dist/tex/generic/bigintcalc/bigintcalc.sty))
(/usr/share/texlive/texmf-dist/tex/latex/base/atbegshi-ltx.sty))
(/usr/share/texlive/texmf-dist/tex/latex/hyperref/hpdftex.def
(/usr/share/texlive/texmf-dist/tex/latex/base/atveryend-ltx.sty)
(/usr/share/texlive/texmf-dist/tex/latex/rerunfilecheck/rerunfilecheck.sty
(/usr/share/texlive/texmf-dist/tex/generic/uniquecounter/uniquecounter.sty))))
(/usr/share/texlive/texmf-dist/tex/latex/psnfss/t1pcr.fd)
(/usr/share/texlive/texmf-dist/tex/latex/hyperref/backref.sty)
(/usr/share/texlive/texmf-dist/tex/latex/psnfss/t1ppl.fd)
(/usr/share/texlive/texmf-dist/tex/latex/l3backend/l3backend-pdftex.def)

LaTeX Warning: Unused global option(s):
    [nameyear].

(build/complete.aux)
(/usr/share/texlive/texmf-dist/tex/context/base/mkii/supp-pdf.mkii
[Loading MPS to PDF converter (version 2006.09.02).]
) (/usr/share/texlive/texmf-dist/tex/latex/epstopdf-pkg/epstopdf-base.sty
(/usr/share/texlive/texmf-dist/tex/latex/latexconfig/epstopdf-sys.cfg))
(/usr/share/texlive/texmf-dist/tex/latex/microtype/mt-ppl.cfg)
(/usr/share/texlive/texmf-dist/tex/latex/graphics/color.sty
(/usr/share/texlive/texmf-dist/tex/latex/graphics-cfg/color.cfg)
(/usr/share/texlive/texmf-dist/tex/latex/graphics/mathcolor.ltx))
(build/complete.out) (build/complete.out)
(/usr/share/texlive/texmf-dist/tex/latex/psnfss/ot1ppl.fd)
(/usr/share/texlive/texmf-dist/tex/latex/psnfss/omlzplm.fd)
(/usr/share/texlive/texmf-dist/tex/latex/psnfss/omszplm.fd)
(/usr/share/texlive/texmf-dist/tex/latex/psnfss/omxzplm.fd)
(/usr/share/texlive/texmf-dist/tex/latex/microtype/mt-msa.cfg)
(/usr/share/texlive/texmf-dist/tex/latex/microtype/mt-msb.cfg)
(/usr/share/texlive/texmf-dist/tex/latex/microtype/mt-cmr.cfg)
(/usr/share/texlive/texmf-dist/tex/latex/psnfss/ot1zplm.fd)

Package hyperref Warning: Ignoring empty anchor on input line 10.


Underfull \vbox (badness 10000) has occurred while \output is active [1
Non-PDF special ignored!
<special> papersize=614.295pt,794.96999pt
{/var/lib/texmf/fonts/map/pdftex/updmap/pdftex.map}{/usr/share/texlive/texmf-di
st/fonts/enc/dvips/base/8r.enc}]

LaTeX Font Warning: Font shape `T1/ppl/m/uc' undefined
(Font)              using `T1/ppl/m/n' instead on input line 38.


LaTeX Font Warning: Font shape `T1/ppl/m/up' undefined
(Font)              using `T1/ppl/m/n' instead on input line 38.

[2]
Underfull \vbox (badness 10000) has occurred while \output is active [3]
Underfull \vbox (badness 10000) has occurred while \output is active [4]
Underfull \vbox (badness 10000) has occurred while \output is active [5]

Package natbib Warning: Citation `judd1998' on page 6 undefined on input line 6
8.


Package natbib Warning: Citation `powell2011' on page 6 undefined on input line
 68.


Package natbib Warning: Citation `longstaff2001' on page 6 undefined on input l
ine 68.


Package natbib Warning: Citation `ernst2005' on page 6 undefined on input line 
68.


Package natbib Warning: Citation `konda1999' on page 6 undefined on input line 
68.


Package natbib Warning: Citation `scherrer2015' on page 6 undefined on input li
ne 68.


Package natbib Warning: Citation `kakade2002' on page 6 undefined on input line
 68.


Package natbib Warning: Citation `pirotta2013' on page 6 undefined on input lin
e 68.


Underfull \vbox (badness 10000) has occurred while \output is active [6]

Package natbib Warning: Citation `sirignano2018' on page 7 undefined on input l
ine 70.


Package natbib Warning: Citation `han2018' on page 7 undefined on input line 70
.


Package natbib Warning: Citation `hornik1990' on page 7 undefined on input line
 70.


Package natbib Warning: Citation `epsteinzin1989' on page 7 undefined on input 
line 72.


Package natbib Warning: Citation `duffieepstein1992' on page 7 undefined on inp
ut line 72.


Package natbib Warning: Citation `maurer2009' on page 7 undefined on input line
 72.


Underfull \vbox (badness 6592) has occurred while \output is active [7]
[8]
Underfull \vbox (badness 10000) has occurred while \output is active [9]
[10] [11] [12]
Underfull \vbox (badness 10000) has occurred while \output is active [13]
(/usr/share/texlive/texmf-dist/tex/latex/psnfss/ufplmbb.fd) [14]
Underfull \vbox (badness 10000) has occurred while \output is active [15]
Underfull \hbox (badness 10000) in paragraph at lines 263--264
[][] \T1/ppl/m/up/12 (+20) Con-di-tional ex-pec-ta-tion gives $\U/fplmbb/m/n/12
 E\OML/zplm/m/it/12 Q[]\OT1/zplm/m/n/12 (\OML/zplm/m/it/12 f[]\OT1/ppl/m/n/12 (
+20) ; \OML/zplm/m/it/12 X[]\OT1/ppl/m/n/12 (+20) , \OML/zplm/m/it/12 ^^Y[]\OT1
/zplm/m/n/12 ) = \U/fplmbb/m/n/12 E\OML/zplm/m/it/12 c[] \OT1/zplm/m/n/12 +

Underfull \hbox (badness 4108) in paragraph at lines 263--264
\OML/zplm/m/it/12 ^^L[]\U/fplmbb/m/n/12 E\OML/zplm/m/it/12 f[]\OT1/zplm/m/n/12 
(\OML/zplm/m/it/12 X[]\OT1/zplm/m/n/12 )$\T1/ppl/m/up/12 (+20) . Sum-ming tele-
scopes all con-tin-u-a-tion terms. The selected-
[16] [17]
Underfull \hbox (badness 10000) in paragraph at lines 301--302
[]\T1/ppl/m/up/12 (+20) For both cou-pled meth-ods the fi-nal all-state ver-i-f
i-ca-tion lad-der is

Underfull \hbox (badness 1648) in paragraph at lines 301--302
\OML/zplm/m/it/12 N \OT1/zplm/m/n/12 = \OT1/ppl/m/n/12 (+20) 16, 32, 64, 128$\T
1/ppl/m/up/12 (+20) . The ac-tion ob-jec-tive has strong-convexity lower bound
[18] (./preserved/R48/tables/attainment.tex) [19]
(./preserved/R48/tables/recertification.tex) [20]
(./preserved/R48/tables/paired_summary.tex) [21]
(./preserved/R48/tables/precision.tex) [22]
(./preserved/R48/sections/constructive.tex [23]

Package natbib Warning: Citation `mcshane1934' on page 24 undefined on input li
ne 29.


Underfull \vbox (badness 1092) has occurred while \output is active [24]
[25]
Underfull \vbox (badness 10000) has occurred while \output is active [26]
[27] (./tables/constructive45.tex) (./tables/work45.tex)
(./tables/outcome45.tex)) [28] [29] (./preserved/R48/sections/witness.tex
[30] [31]
Underfull \vbox (badness 2884) has occurred while \output is active [32]
[33] (./tables/witness-summary.tex) (./tables/witness-outcomes.tex))
(./preserved/R48/sections/feasible-witness.tex [34] [35] [36]

Package hyperref Warning: Difference (3) between bookmark levels is greater 
(hyperref)                than one, level fixed on input line 49.

) (./preserved/R48/sections/acquisition47.tex [37] [38] [39]

Package natbib Warning: Citation `mcshane1934' on page 40 undefined on input li
ne 70.

) (./preserved/R48/sections/compiler48.tex [40] [41]

Package natbib Warning: Citation `felzenszwalb2012' on page 42 undefined on inp
ut line 32.

[42] [43]) (./preserved/R48/sections/constrained47.tex [44] [45]
Underfull \vbox (badness 4556) has occurred while \output is active [46]
[47] (./tables/constrained47.tex)
Underfull \vbox (badness 10000) has occurred while \output is active [48]
(./tables/acquisition47.tex)) (./preserved/R48/sections/direct47.tex [49]
[50]

Package natbib Warning: Citation `maurer2009' on page 51 undefined on input lin
e 30.

[51] (./tables/direct47.tex) [52] (./tables/frontier47.tex)
(./tables/discussion47.tex [53])) (./preserved/R48/sections/economic48.tex
Underfull \vbox (badness 1694) has occurred while \output is active [54]
[55] [56]

Package natbib Warning: Citation `maurer2009' on page 57 undefined on input lin
e 67.

[57]) (./preserved/R48/sections/study48.tex [58] (./tables/core48.tex)
(./tables/attainment48.tex) (./tables/interpretation48.tex) [59]
(./tables/compiler48.tex) [60] (./tables/dimension48.tex)
(./tables/direct-summary48.tex)
Underfull \vbox (badness 10000) has occurred while \output is active [61]
(./tables/sensors48.tex) [62]) [63] [64]
Underfull \vbox (badness 10000) has occurred while \output is active [65]
Underfull \vbox (badness 3930) has occurred while \output is active [66]
[67]
Underfull \vbox (badness 3977) has occurred while \output is active [68]

LaTeX Font Warning: Font shape `T1/ppl/m/scit' undefined
(Font)              using `T1/ppl/m/sc' instead on input line 385.


Package hyperref Warning: Difference (3) between bookmark levels is greater 
(hyperref)                than one, level fixed on input line 385.


Package natbib Warning: Citation `mcshane1934' on page 69 undefined on input li
ne 385.


Package natbib Warning: Citation `felzenszwalb2012' on page 69 undefined on inp
ut line 385.


Package natbib Warning: Citation `lakshminarayanan2014' on page 69 undefined on
 input line 385.


Package natbib Warning: Citation `wang2015' on page 69 undefined on input line 
385.


Package natbib Warning: Citation `maurer2009' on page 69 undefined on input lin
e 385.


Underfull \vbox (badness 1178) has occurred while \output is active [69]
(./sections/core49.tex [70]

LaTeX Font Warning: Font shape `T1/ppl/m/scit' undefined
(Font)              using `T1/ppl/m/sc' instead on input line 13.

[71] [72] [73]

Package natbib Warning: Citation `mcshane1934' on page 74 undefined on input li
ne 89.


LaTeX Font Warning: Font shape `T1/ppl/m/scit' undefined
(Font)              using `T1/ppl/m/sc' instead on input line 91.

[74]

Package natbib Warning: Citation `felzenszwalb2012' on page 75 undefined on inp
ut line 111.


LaTeX Font Warning: Font shape `T1/ppl/m/scit' undefined
(Font)              using `T1/ppl/m/sc' instead on input line 113.

[75]) (./sections/improvement50.tex [76] [77]

Package natbib Warning: Citation `metelli2021' on page 78 undefined on input li
ne 50.


LaTeX Font Warning: Font shape `T1/ppl/m/scit' undefined
(Font)              using `T1/ppl/m/sc' instead on input line 52.

[78]) (./sections/finite_sweeps51.tex [79]
Underfull \hbox (badness 4341) in paragraph at lines 33--38
\T1/ppl/m/up/12 (+20) For its cen-tered com-par-i-son with the ex-act in-cum-be
nt, de-fine $\OML/zplm/m/it/12 d[]\OT1/zplm/m/n/12 (\OML/zplm/m/it/12 x\OT1/zpl
m/m/n/12 ) =

Underfull \hbox (badness 3189) in paragraph at lines 33--38
\OML/zplm/m/it/12 Q[]\OT1/zplm/m/n/12 (\OML/zplm/m/it/12 h[]\OT1/ppl/m/n/12 (+2
0) ; \OML/zplm/m/it/12 x\OT1/ppl/m/n/12 (+20) , \OML/zplm/m/it/12 v[]\OT1/zplm/
m/n/12 (\OML/zplm/m/it/12 x\OT1/zplm/m/n/12 )) \OMS/zplm/m/n/12 ^^@ \OML/zplm/m
/it/12 Q[]\OT1/zplm/m/n/12 (\OML/zplm/m/it/12 h[]\OT1/ppl/m/n/12 (+20) ; \OML/z
plm/m/it/12 x\OT1/ppl/m/n/12 (+20) , \OML/zplm/m/it/12 ^^Y[]\OT1/zplm/m/n/12 (\
OML/zplm/m/it/12 x\OT1/zplm/m/n/12 ))$\T1/ppl/m/up/12 (+20) . A quan-ti-ta-tive
 up-per en-clo-sure sat-is-
[80] [81]) (./sections/action_contrast52.tex [82] [83]

LaTeX Font Warning: Font shape `T1/ppl/m/scit' undefined
(Font)              using `T1/ppl/m/sc' instead on input line 43.


Underfull \vbox (badness 1895) has occurred while \output is active [84])
(./sections/directed54.tex [85]

LaTeX Font Warning: Font shape `T1/ppl/m/scit' undefined
(Font)              using `T1/ppl/m/sc' instead on input line 4.

[86] [87]

LaTeX Font Warning: Font shape `T1/ppl/m/scit' undefined
(Font)              using `T1/ppl/m/sc' instead on input line 51.

[88]

LaTeX Font Warning: Font shape `T1/ppl/m/scit' undefined
(Font)              using `T1/ppl/m/sc' instead on input line 79.

[89]
Underfull \vbox (badness 2932) has occurred while \output is active [90]

LaTeX Font Warning: Font shape `T1/ppl/m/scit' undefined
(Font)              using `T1/ppl/m/sc' instead on input line 115.

) (./sections/resources49.tex [91]

LaTeX Font Warning: Font shape `T1/ppl/m/scit' undefined
(Font)              using `T1/ppl/m/sc' instead on input line 4.

[92] [93]

LaTeX Font Warning: Font shape `T1/ppl/m/scit' undefined
(Font)              using `T1/ppl/m/sc' instead on input line 37.

[94]

LaTeX Font Warning: Font shape `T1/ppl/m/scit' undefined
(Font)              using `T1/ppl/m/sc' instead on input line 62.

) (./sections/decisions49.tex
Underfull \vbox (badness 2932) has occurred while \output is active [95]

LaTeX Font Warning: Font shape `T1/ppl/m/scit' undefined
(Font)              using `T1/ppl/m/sc' instead on input line 4.

[96]

Package natbib Warning: Citation `maurer2009' on page 97 undefined on input lin
e 24.


LaTeX Font Warning: Font shape `T1/ppl/m/scit' undefined
(Font)              using `T1/ppl/m/sc' instead on input line 29.

[97]

LaTeX Font Warning: Font shape `T1/ppl/m/scit' undefined
(Font)              using `T1/ppl/m/sc' instead on input line 45.

[98]) (./sections/frontier50.tex [99] [100]

LaTeX Font Warning: Font shape `T1/ppl/m/scit' undefined
(Font)              using `T1/ppl/m/sc' instead on input line 26.

) (./sections/study49.tex [101]

LaTeX Font Warning: Font shape `T1/ppl/m/scit' undefined
(Font)              using `T1/ppl/m/sc' instead on input line 2.

[102]

LaTeX Font Warning: Font shape `T1/ppl/m/scit' undefined
(Font)              using `T1/ppl/m/sc' instead on input line 27.

[103] (./tables/attainment49.tex) (./tables/frontier49.tex [104] [105])
(./tables/dimension49.tex) (./results-discussion49.tex
Underfull \vbox (badness 3312) has occurred while \output is active [106])

LaTeX Font Warning: Font shape `T1/ppl/m/scit' undefined
(Font)              using `T1/ppl/m/sc' instead on input line 43.

[107] (./tables/direct49.tex) [108]

LaTeX Font Warning: Font shape `T1/ppl/m/scit' undefined
(Font)              using `T1/ppl/m/sc' instead on input line 51.

(./tables/sensor49.tex) [109]

LaTeX Font Warning: Font shape `T1/ppl/m/scit' undefined
(Font)              using `T1/ppl/m/sc' instead on input line 57.

) (./sections/study51.tex
Underfull \vbox (badness 10000) has occurred while \output is active [110]

LaTeX Font Warning: Font shape `T1/ppl/m/scit' undefined
(Font)              using `T1/ppl/m/sc' instead on input line 4.


Underfull \vbox (badness 10000) has occurred while \output is active [111]
(./tables/services50.tex [112]) (./tables/primary-discussion50.tex)

LaTeX Font Warning: Font shape `T1/ppl/m/scit' undefined
(Font)              using `T1/ppl/m/sc' instead on input line 16.

(./tables/common50.tex [113])

LaTeX Font Warning: Font shape `T1/ppl/m/scit' undefined
(Font)              using `T1/ppl/m/sc' instead on input line 22.

[114] (./tables/policy50.tex [115]) (./tables/policy-discussion50.tex)
Underfull \vbox (badness 10000) has occurred while \output is active [116]

LaTeX Font Warning: Font shape `T1/ppl/m/scit' undefined
(Font)              using `T1/ppl/m/sc' instead on input line 36.

(./tables/joint50.tex [117]) [118]

LaTeX Font Warning: Font shape `T1/ppl/m/scit' undefined
(Font)              using `T1/ppl/m/sc' instead on input line 44.

) (./sections/study52.tex [119] (./tables/robustness52.tex)
Underfull \vbox (badness 1062) has occurred while \output is active [120])
(./sections/study54.tex

LaTeX Font Warning: Font shape `T1/ppl/m/scit' undefined
(Font)              using `T1/ppl/m/sc' instead on input line 4.

[121] (./tables/primary-cost54.tex) (./tables/cross-method54.tex)
Underfull \vbox (badness 10000) has occurred while \output is active [122]
[123]

LaTeX Font Warning: Font shape `T1/ppl/m/scit' undefined
(Font)              using `T1/ppl/m/sc' instead on input line 18.

(./tables/sweeps54.tex)
Underfull \vbox (badness 10000) has occurred while \output is active [124]

LaTeX Font Warning: Font shape `T1/ppl/m/scit' undefined
(Font)              using `T1/ppl/m/sc' instead on input line 27.

(./tables/adaptive54.tex)

LaTeX Font Warning: Font shape `T1/ppl/m/scit' undefined
(Font)              using `T1/ppl/m/sc' instead on input line 34.


Underfull \vbox (badness 10000) has occurred while \output is active [125]
(./tables/catalogue54.tex) [126]

LaTeX Font Warning: Font shape `T1/ppl/m/scit' undefined
(Font)              using `T1/ppl/m/sc' instead on input line 43.

(./tables/misspecification54.tex [127])) [128]
Underfull \vbox (badness 3930) has occurred while \output is active [129]
(./sections/primitives56.tex [130]) (./sections/learned56.tex
Underfull \vbox (badness 2521) has occurred while \output is active [131]
[132]

Package natbib Warning: Citation `munos2008' on page 133 undefined on input lin
e 37.


Package natbib Warning: Citation `ernst2005' on page 133 undefined on input lin
e 37.


LaTeX Font Warning: Font shape `T1/ppl/m/scit' undefined
(Font)              using `T1/ppl/m/sc' instead on input line 41.

[133]) (./sections/certificates56.tex [134] [135]

LaTeX Font Warning: Font shape `T1/ppl/m/scit' undefined
(Font)              using `T1/ppl/m/sc' instead on input line 42.

[136] (/usr/share/texlive/texmf-dist/tex/latex/microtype/mt-euf.cfg) [137]

LaTeX Font Warning: Font shape `T1/ppl/m/scit' undefined
(Font)              using `T1/ppl/m/sc' instead on input line 70.

[138] [139]

LaTeX Font Warning: Font shape `T1/ppl/m/scit' undefined
(Font)              using `T1/ppl/m/sc' instead on input line 123.

[140]) (./sections/prospective56.tex

LaTeX Font Warning: Font shape `T1/ppl/m/scit' undefined
(Font)              using `T1/ppl/m/sc' instead on input line 4.

[141] [142]

LaTeX Font Warning: Font shape `T1/ppl/m/scit' undefined
(Font)              using `T1/ppl/m/sc' instead on input line 35.

[143]

Package natbib Warning: Citation `hoeffding1963' on page 144 undefined on input
 line 53.

) (./sections/study56.tex

LaTeX Font Warning: Font shape `T1/ppl/m/scit' undefined
(Font)              using `T1/ppl/m/sc' instead on input line 2.

[144]

LaTeX Font Warning: Font shape `T1/ppl/m/scit' undefined
(Font)              using `T1/ppl/m/sc' instead on input line 9.


Underfull \vbox (badness 10000) has occurred while \output is active [145]
(./tables/stopping56.tex) (./tables/economic56.tex) [146]
(./tables/mechanism56.tex)

LaTeX Font Warning: Font shape `T1/ppl/m/scit' undefined
(Font)              using `T1/ppl/m/sc' instead on input line 23.

(./tables/timing56.tex
Underfull \vbox (badness 10000) has occurred while \output is active [147])
[148]

LaTeX Font Warning: Font shape `T1/ppl/m/scit' undefined
(Font)              using `T1/ppl/m/sc' instead on input line 33.

(./tables/algebraic56.tex) [149] (./tables/learned-null56.tex) [150]

LaTeX Font Warning: Font shape `T1/ppl/m/scit' undefined
(Font)              using `T1/ppl/m/sc' instead on input line 42.

) (./sections/action_transfer57.tex
Underfull \vbox (badness 3907) has occurred while \output is active [151]
[152] [153]

LaTeX Font Warning: Font shape `T1/ppl/m/scit' undefined
(Font)              using `T1/ppl/m/sc' instead on input line 64.

[154]

LaTeX Font Warning: Font shape `T1/ppl/m/scit' undefined
(Font)              using `T1/ppl/m/sc' instead on input line 83.

[155]

LaTeX Font Warning: Font shape `T1/ppl/m/scit' undefined
(Font)              using `T1/ppl/m/sc' instead on input line 100.

) (./sections/moduli57.tex

LaTeX Font Warning: Font shape `T1/ppl/m/scit' undefined
(Font)              using `T1/ppl/m/sc' instead on input line 1.


Underfull \vbox (badness 10000) has occurred while \output is active [156]
[157]) (./sections/study57.tex

LaTeX Font Warning: Font shape `T1/ppl/m/scit' undefined
(Font)              using `T1/ppl/m/sc' instead on input line 4.

[158]

LaTeX Font Warning: Font shape `T1/ppl/m/scit' undefined
(Font)              using `T1/ppl/m/sc' instead on input line 11.


Underfull \vbox (badness 3930) has occurred while \output is active [159]
(./tables/outcomes57.tex) (./tables/target20-57.tex)
Underfull \vbox (badness 10000) has occurred while \output is active [160]

LaTeX Font Warning: Font shape `T1/ppl/m/scit' undefined
(Font)              using `T1/ppl/m/sc' instead on input line 29.

[161] (./tables/attribution57.tex) (./tables/paired-summary57.tex) [162]

LaTeX Font Warning: Font shape `T1/ppl/m/scit' undefined
(Font)              using `T1/ppl/m/sc' instead on input line 39.


Underfull \vbox (badness 2213) has occurred while \output is active [163])
(./sections/lossless59.tex

LaTeX Font Warning: Font shape `T1/ppl/m/scit' undefined
(Font)              using `T1/ppl/m/sc' instead on input line 4.


Underfull \vbox (badness 3930) has occurred while \output is active [164]

LaTeX Font Warning: Font shape `T1/ppl/m/scit' undefined
(Font)              using `T1/ppl/m/sc' instead on input line 27.

[165] [166]
Underfull \vbox (badness 10000) has occurred while \output is active [167]

LaTeX Font Warning: Font shape `T1/ppl/m/scit' undefined
(Font)              using `T1/ppl/m/sc' instead on input line 80.

[168]) (./sections/study59.tex [169]

LaTeX Font Warning: Font shape `T1/ppl/m/scit' undefined
(Font)              using `T1/ppl/m/sc' instead on input line 4.


LaTeX Font Warning: Font shape `T1/ppl/m/scit' undefined
(Font)              using `T1/ppl/m/sc' instead on input line 11.


Underfull \vbox (badness 10000) has occurred while \output is active [170]
(./tables/matched-work59.tex) (./tables/matched-cost59.tex) [171] [172]

LaTeX Font Warning: Font shape `T1/ppl/m/scit' undefined
(Font)              using `T1/ppl/m/sc' instead on input line 31.

(./tables/search-operations59.tex) [173]

LaTeX Font Warning: Font shape `T1/ppl/m/scit' undefined
(Font)              using `T1/ppl/m/sc' instead on input line 41.


Underfull \vbox (badness 10000) has occurred while \output is active [174])
(build/complete.bbl
No file complete.brf.
[175]
Underfull \hbox (badness 1460) in paragraph at lines 99--99
[]\T1/ppl/m/sc/9.6 (+20) Scherrer, Bruno, Mo-ham-mad Ghavamzadeh, Vic-tor Gabil
-lon, Boris Lesner, and
)

Package natbib Warning: There were undefined citations.

[176] (build/complete.aux

Package natbib Warning: Citation(s) may have changed.
(natbib)                Rerun to get citations correct.

)

LaTeX Font Warning: Some font shapes were not available, defaults substituted.


Package rerunfilecheck Warning: File `complete.out' has changed.
(rerunfilecheck)                Rerun to get outlines right
(rerunfilecheck)                or use package `bookmark'.


Package rerunfilecheck Warning: File `complete.brf' has changed.
(rerunfilecheck)                Rerun to get bibliographical references right.

 )
(see the transcript file for additional information)</usr/share/texlive/texmf-d
ist/fonts/type1/public/amsfonts/cm/cmex10.pfb></usr/share/texlive/texmf-dist/fo
nts/type1/public/amsfonts/cm/cmmi10.pfb></usr/share/texlive/texmf-dist/fonts/ty
pe1/public/amsfonts/cm/cmr10.pfb></usr/share/texlive/texmf-dist/fonts/type1/pub
lic/amsfonts/cm/cmss12.pfb></usr/share/texlive/texmf-dist/fonts/type1/public/am
sfonts/cm/cmsy10.pfb></usr/share/texlive/texmf-dist/fonts/type1/public/amsfonts
/euler/eufm10.pfb></usr/share/texlive/texmf-dist/fonts/type1/public/mathpazo/fp
lmbb.pfb></usr/share/texlive/texmf-dist/fonts/type1/public/mathpazo/fplmr.pfb><
/usr/share/texlive/texmf-dist/fonts/type1/public/mathpazo/fplmri.pfb></usr/shar
e/texlive/texmf-dist/fonts/type1/urw/courier/ucrr8a.pfb></usr/share/texlive/tex
mf-dist/fonts/type1/urw/palatino/uplb8a.pfb></usr/share/texlive/texmf-dist/font
s/type1/urw/palatino/uplr8a.pfb></usr/share/texlive/texmf-dist/fonts/type1/urw/
palatino/uplri8a.pfb>
Output written on build/complete.pdf (176 pages, 700707 bytes).
Transcript written on build/complete.log.
