This is pdfTeX, Version 3.141592653-2.6-1.40.25 (TeX Live 2023/Debian) (preloaded format=pdflatex)
 restricted \write18 enabled.
entering extended mode
(./development.tex
LaTeX2e <2023-11-01> patch level 1
L3 programming layer <2024-01-22>
(./econsocart.cls
Document Class: econsocart 2022/11/21 v1.4.1, The Econometric Society Journals
(/usr/share/texlive/texmf-dist/tex/latex/etoolbox/etoolbox.sty)
(./econsocart.cfg) (/usr/share/texlive/texmf-dist/tex/latex/base/fix-cm.sty
(/usr/share/texlive/texmf-dist/tex/latex/base/ts1enc.def))
(/usr/share/texlive/texmf-dist/tex/latex/graphics/graphicx.sty
(/usr/share/texlive/texmf-dist/tex/latex/graphics/keyval.sty)
(/usr/share/texlive/texmf-dist/tex/latex/graphics/graphics.sty
(/usr/share/texlive/texmf-dist/tex/latex/graphics/trig.sty)
(/usr/share/texlive/texmf-dist/tex/latex/graphics-cfg/graphics.cfg)
(/usr/share/texlive/texmf-dist/tex/latex/graphics-def/pdftex.def)))
(/usr/share/texlive/texmf-dist/tex/latex/base/fontenc.sty)
(/usr/share/texlive/texmf-dist/tex/latex/psnfss/times.sty)
(/usr/share/texlive/texmf-dist/tex/latex/textcase/textcase.sty)
(/usr/share/texlive/texmf-dist/tex/latex/psnfss/helvet.sty)
(/usr/share/texlive/texmf-dist/tex/latex/base/textcomp.sty)
(/usr/share/texlive/texmf-dist/tex/latex/psnfss/t1ptm.fd)
(/usr/share/texlive/texmf-dist/tex/latex/amsfonts/amssymb.sty
(/usr/share/texlive/texmf-dist/tex/latex/amsfonts/amsfonts.sty))
(/usr/share/texlive/texmf-dist/tex/latex/tools/bm.sty)
(/usr/share/texlive/texmf-dist/tex/latex/url/url.sty)
(/usr/share/texlive/texmf-dist/tex/latex/amsmath/amsmath.sty
For additional information on amsmath, use the `?' option.
(/usr/share/texlive/texmf-dist/tex/latex/amsmath/amstext.sty
(/usr/share/texlive/texmf-dist/tex/latex/amsmath/amsgen.sty))
(/usr/share/texlive/texmf-dist/tex/latex/amsmath/amsbsy.sty)
(/usr/share/texlive/texmf-dist/tex/latex/amsmath/amsopn.sty))
(/usr/share/texlive/texmf-dist/tex/latex/amscls/amsthm.sty)
(/usr/share/texlive/texmf-dist/tex/latex/natbib/natbib.sty)) (./preamble.tex
(/usr/share/texlive/texmf-dist/tex/latex/booktabs/booktabs.sty)
(/usr/share/texlive/texmf-dist/tex/latex/tools/array.sty)
(/usr/share/texlive/texmf-dist/tex/latex/tools/longtable.sty)
(/usr/share/texlive/texmf-dist/tex/latex/base/fontenc.sty)
(/usr/share/texlive/texmf-dist/tex/latex/psnfss/mathpazo.sty)
(/usr/share/texlive/texmf-dist/tex/latex/microtype/microtype.sty
(/usr/share/texlive/texmf-dist/tex/latex/microtype/microtype-pdftex.def)
(/usr/share/texlive/texmf-dist/tex/latex/microtype/microtype.cfg))
(/usr/share/texlive/texmf-dist/tex/latex/needspace/needspace.sty)
(/usr/share/texlive/texmf-dist/tex/latex/xurl/xurl.sty)
(/usr/share/texlive/texmf-dist/tex/latex/hyperref/hyperref.sty
(/usr/share/texlive/texmf-dist/tex/generic/iftex/iftex.sty)
(/usr/share/texlive/texmf-dist/tex/latex/kvsetkeys/kvsetkeys.sty)
(/usr/share/texlive/texmf-dist/tex/generic/kvdefinekeys/kvdefinekeys.sty)
(/usr/share/texlive/texmf-dist/tex/generic/pdfescape/pdfescape.sty
(/usr/share/texlive/texmf-dist/tex/generic/ltxcmds/ltxcmds.sty)
(/usr/share/texlive/texmf-dist/tex/generic/pdftexcmds/pdftexcmds.sty
(/usr/share/texlive/texmf-dist/tex/generic/infwarerr/infwarerr.sty)))
(/usr/share/texlive/texmf-dist/tex/latex/hycolor/hycolor.sty)
(/usr/share/texlive/texmf-dist/tex/latex/auxhook/auxhook.sty)
(/usr/share/texlive/texmf-dist/tex/latex/hyperref/nameref.sty
(/usr/share/texlive/texmf-dist/tex/latex/refcount/refcount.sty)
(/usr/share/texlive/texmf-dist/tex/generic/gettitlestring/gettitlestring.sty
(/usr/share/texlive/texmf-dist/tex/latex/kvoptions/kvoptions.sty)))
(/usr/share/texlive/texmf-dist/tex/latex/hyperref/pd1enc.def)
(/usr/share/texlive/texmf-dist/tex/generic/intcalc/intcalc.sty)
(/usr/share/texlive/texmf-dist/tex/latex/hyperref/puenc.def)
(/usr/share/texlive/texmf-dist/tex/generic/bitset/bitset.sty
(/usr/share/texlive/texmf-dist/tex/generic/bigintcalc/bigintcalc.sty))
(/usr/share/texlive/texmf-dist/tex/latex/base/atbegshi-ltx.sty))
(/usr/share/texlive/texmf-dist/tex/latex/hyperref/hpdftex.def
(/usr/share/texlive/texmf-dist/tex/latex/base/atveryend-ltx.sty)
(/usr/share/texlive/texmf-dist/tex/latex/rerunfilecheck/rerunfilecheck.sty
(/usr/share/texlive/texmf-dist/tex/generic/uniquecounter/uniquecounter.sty))))
(/usr/share/texlive/texmf-dist/tex/latex/psnfss/t1pcr.fd)
(/usr/share/texlive/texmf-dist/tex/latex/hyperref/backref.sty)
(/usr/share/texlive/texmf-dist/tex/latex/psnfss/t1ppl.fd)
(/usr/share/texlive/texmf-dist/tex/latex/l3backend/l3backend-pdftex.def)

LaTeX Warning: Unused global option(s):
    [nameyear].

No file development.aux.
(/usr/share/texlive/texmf-dist/tex/context/base/mkii/supp-pdf.mkii
[Loading MPS to PDF converter (version 2006.09.02).]
) (/usr/share/texlive/texmf-dist/tex/latex/epstopdf-pkg/epstopdf-base.sty
(/usr/share/texlive/texmf-dist/tex/latex/latexconfig/epstopdf-sys.cfg))
(/usr/share/texlive/texmf-dist/tex/latex/microtype/mt-ppl.cfg)
(/usr/share/texlive/texmf-dist/tex/latex/graphics/color.sty
(/usr/share/texlive/texmf-dist/tex/latex/graphics-cfg/color.cfg)
(/usr/share/texlive/texmf-dist/tex/latex/graphics/mathcolor.ltx)) [1
Non-PDF special ignored!
<special> papersize=614.295pt,794.96999pt
{/var/lib/texmf/fonts/map/pdftex/updmap/pdftex.map}{/usr/share/texlive/texmf-di
st/fonts/enc/dvips/base/8r.enc}]
Underfull \vbox (badness 10000) has occurred while \output is active

LaTeX Font Warning: Font shape `T1/ppl/m/uc' undefined
(Font)              using `T1/ppl/m/n' instead on input line 31.


LaTeX Font Warning: Font shape `T1/ppl/m/up' undefined
(Font)              using `T1/ppl/m/n' instead on input line 31.

[2]

Package hyperref Warning: Difference (3) between bookmark levels is greater 
(hyperref)                than one, level fixed on input line 33.


Package natbib Warning: Citation `mcshane1934' on page 3 undefined on input lin
e 33.


Package natbib Warning: Citation `felzenszwalb2012' on page 3 undefined on inpu
t line 33.


Package natbib Warning: Citation `lakshminarayanan2014' on page 3 undefined on 
input line 33.


Package natbib Warning: Citation `wang2015' on page 3 undefined on input line 3
3.


Package natbib Warning: Citation `maurer2009' on page 3 undefined on input line
 33.


Underfull \vbox (badness 10000) has occurred while \output is active [3]

Package hyperref Warning: Difference (2) between bookmark levels is greater 
(hyperref)                than one, level fixed on input line 42.


LaTeX Warning: Reference `sec:directed54' on page 4 undefined on input line 42.



LaTeX Warning: Reference `sec:study54' on page 4 undefined on input line 42.


Underfull \vbox (badness 1178) has occurred while \output is active [4]

Package natbib Warning: Citation `munos2003' on page 5 undefined on input line 
47.


Package natbib Warning: Citation `kakade2002' on page 5 undefined on input line
 47.


Package natbib Warning: Citation `pirotta2013' on page 5 undefined on input lin
e 47.


Package natbib Warning: Citation `ferns2004' on page 5 undefined on input line 
49.


Package natbib Warning: Citation `ng1999' on page 5 undefined on input line 49.



Package natbib Warning: Citation `grimm2020' on page 5 undefined on input line 
49.

(./sections/core49.tex
(/usr/share/texlive/texmf-dist/tex/latex/psnfss/ot1ppl.fd)
(/usr/share/texlive/texmf-dist/tex/latex/psnfss/omlzplm.fd)
(/usr/share/texlive/texmf-dist/tex/latex/psnfss/omszplm.fd)
(/usr/share/texlive/texmf-dist/tex/latex/psnfss/omxzplm.fd)
(/usr/share/texlive/texmf-dist/tex/latex/microtype/mt-msa.cfg)
(/usr/share/texlive/texmf-dist/tex/latex/microtype/mt-msb.cfg)
(/usr/share/texlive/texmf-dist/tex/latex/microtype/mt-cmr.cfg)
(/usr/share/texlive/texmf-dist/tex/latex/psnfss/ot1zplm.fd)
(/usr/share/texlive/texmf-dist/tex/latex/psnfss/ufplmbb.fd) [5]

LaTeX Warning: Reference `sec:decisions49' on page 6 undefined on input line 9.



LaTeX Warning: Reference `eq:operator49' on page 6 undefined on input line 11.

[6]

LaTeX Warning: Reference `eq:sandwich49' on page 7 undefined on input line 42.


LaTeX Warning: Reference `eq:sandwich49' on page 7 undefined on input line 45.

[7]

LaTeX Warning: Reference `eq:cone49' on page 8 undefined on input line 67.


LaTeX Warning: Reference `eq:repair49' on page 8 undefined on input line 81.

[8]

LaTeX Warning: Reference `eq:enclosures49' on page 9 undefined on input line 86
.


LaTeX Warning: Reference `prop:sandwich49' on page 9 undefined on input line 86
.


Package natbib Warning: Citation `mcshane1934' on page 9 undefined on input lin
e 89.


LaTeX Warning: Reference `thm:construct49' on page 9 undefined on input line 89
.

[9]

Package natbib Warning: Citation `felzenszwalb2012' on page 10 undefined on inp
ut line 111.


Underfull \vbox (badness 10000) has occurred while \output is active [10]

LaTeX Warning: Reference `eq:fvisensor49' on page 11 undefined on input line 12
4.

) (./sections/improvement50.tex

LaTeX Warning: Reference `sec:core49' on page 11 undefined on input line 4.

[11]

LaTeX Warning: Reference `eq:evalbands50' on page 12 undefined on input line 17
.


LaTeX Warning: Reference `eq:gate50' on page 12 undefined on input line 38.

[12]

LaTeX Warning: Reference `prop:advantage50' on page 13 undefined on input line 
48.


Package natbib Warning: Citation `metelli2021' on page 13 undefined on input li
ne 50.


LaTeX Warning: Reference `sec:study49' on page 13 undefined on input line 53.

[13]) (./sections/finite_sweeps51.tex [14]
Underfull \hbox (badness 4341) in paragraph at lines 33--38
\T1/ppl/m/up/12 (+20) For its cen-tered com-par-i-son with the ex-act in-cum-be
nt, de-fine $\OML/zplm/m/it/12 d[]\OT1/zplm/m/n/12 (\OML/zplm/m/it/12 x\OT1/zpl
m/m/n/12 ) =

Underfull \hbox (badness 3189) in paragraph at lines 33--38
\OML/zplm/m/it/12 Q[]\OT1/zplm/m/n/12 (\OML/zplm/m/it/12 h[]\OT1/ppl/m/n/12 (+2
0) ; \OML/zplm/m/it/12 x\OT1/ppl/m/n/12 (+20) , \OML/zplm/m/it/12 v[]\OT1/zplm/
m/n/12 (\OML/zplm/m/it/12 x\OT1/zplm/m/n/12 )) \OMS/zplm/m/n/12 ^^@ \OML/zplm/m
/it/12 Q[]\OT1/zplm/m/n/12 (\OML/zplm/m/it/12 h[]\OT1/ppl/m/n/12 (+20) ; \OML/z
plm/m/it/12 x\OT1/ppl/m/n/12 (+20) , \OML/zplm/m/it/12 ^^Y[]\OT1/zplm/m/n/12 (\
OML/zplm/m/it/12 x\OT1/zplm/m/n/12 ))$\T1/ppl/m/up/12 (+20) . A quan-ti-ta-tive
 up-per en-clo-sure sat-is-
[15]

LaTeX Warning: Reference `eq:sweep-greedy51' on page 16 undefined on input line
 47.


LaTeX Warning: Reference `eq:sweep-enclosure51' on page 16 undefined on input l
ine 47.


LaTeX Warning: Reference `eq:sweep-bands51' on page 16 undefined on input line 
52.


LaTeX Warning: Reference `eq:sweep-enclosure51' on page 16 undefined on input l
ine 52.

[16]

LaTeX Warning: Reference `eq:sweep-greedy51' on page 17 undefined on input line
 98.


LaTeX Warning: Reference `eq:sweep-recursion51' on page 17 undefined on input l
ine 111.

) (./sections/action_contrast52.tex [17]

LaTeX Warning: Reference `thm:finite-sweeps51' on page 18 undefined on input li
ne 12.


LaTeX Warning: Reference `eq:sweep-greedy51' on page 18 undefined on input line
 12.


LaTeX Warning: Reference `eq:sweep-enclosure51' on page 18 undefined on input l
ine 12.


LaTeX Warning: Reference `eq:contrast-certificate52' on page 18 undefined on in
put line 12.


LaTeX Warning: Reference `thm:finite-sweeps51' on page 18 undefined on input li
ne 21.


LaTeX Warning: Reference `eq:contrast-certificate52' on page 18 undefined on in
put line 24.

[18]

LaTeX Warning: Reference `eq:coupled-action52' on page 19 undefined on input li
ne 41.


Underfull \vbox (badness 1895) has occurred while \output is active [19]

LaTeX Warning: Reference `eq:investment49' on page 20 undefined on input line 5
8.


LaTeX Warning: Reference `cor:terminal50' on page 20 undefined on input line 62
.

) (./sections/directed54.tex [20] [21]

LaTeX Warning: Reference `thm:contrast52' on page 22 undefined on input line 23
.


LaTeX Warning: Reference `eq:directed-recursion54' on page 22 undefined on inpu
t line 46.

[22]

LaTeX Warning: Reference `thm:contrast52' on page 23 undefined on input line 49
.


LaTeX Warning: Reference `eq:directed-selection54' on page 23 undefined on inpu
t line 49.


LaTeX Warning: Reference `eq:signed-residual54' on page 23 undefined on input l
ine 74.


LaTeX Warning: Reference `eq:directed-advantage54' on page 23 undefined on inpu
t line 74.

[23] [24]

LaTeX Warning: Reference `eq:pair-work54' on page 25 undefined on input line 11
0.


Underfull \vbox (badness 2932) has occurred while \output is active [25]

LaTeX Warning: Reference `eq:pair-work54' on page 26 undefined on input line 11
3.

) (./sections/resources49.tex [26]

LaTeX Warning: Reference `sec:study49' on page 27 undefined on input line 5.

[27]

LaTeX Warning: Reference `eq:query49' on page 28 undefined on input line 32.


LaTeX Warning: Reference `eq:coefficients49' on page 28 undefined on input line
 32.

[28]

LaTeX Warning: Reference `eq:separated49' on page 29 undefined on input line 38
.


LaTeX Warning: Reference `eq:clipped49' on page 29 undefined on input line 57.


LaTeX Warning: Reference `eq:shares49' on page 29 undefined on input line 57.

[29]

LaTeX Warning: Reference `eq:frontier49' on page 30 undefined on input line 70.


) (./sections/decisions49.tex
Underfull \vbox (badness 10000) has occurred while \output is active [30]
[31]

Package natbib Warning: Citation `maurer2009' on page 32 undefined on input lin
e 24.

[32]

LaTeX Warning: Reference `eq:absolute49' on page 33 undefined on input line 40.


[33]

LaTeX Warning: Reference `eq:netregret49' on page 34 undefined on input line 67
.


LaTeX Warning: Reference `eq:fvisensor49' on page 34 undefined on input line 73
.

) (./sections/frontier50.tex [34] [35]

LaTeX Warning: Reference `cor:terminal50' on page 36 undefined on input line 24
.


LaTeX Warning: Reference `thm:net49' on page 36 undefined on input line 33.


LaTeX Warning: Reference `prop:joint50' on page 36 undefined on input line 33.


LaTeX Warning: Reference `eq:technology50' on page 36 undefined on input line 3
3.

) (./sections/study49.tex [36] [37] [38] (./tables/attainment49.tex

Package longtable Warning: Column widths have changed
(longtable)                in table I on input line 18.

) (./tables/frontier49.tex

Package longtable Warning: Column widths have changed
(longtable)                in table II on input line 67.

[39] [40]) (./tables/dimension49.tex

Package longtable Warning: Column widths have changed
(longtable)                in table III on input line 21.

) (./results-discussion49.tex
Underfull \vbox (badness 3312) has occurred while \output is active [41]

LaTeX Warning: Reference `tab:frontier49' on page 42 undefined on input line 1.


) [42] (./tables/direct49.tex

Package longtable Warning: Column widths have changed
(longtable)                in table IV on input line 23.

) [43]

LaTeX Warning: Reference `thm:net49' on page 44 undefined on input line 52.

(./tables/sensor49.tex

Package longtable Warning: Column widths have changed
(longtable)                in table V on input line 23.

) [44]) (./sections/study51.tex

LaTeX Warning: Reference `sec:study49' on page 45 undefined on input line 2.


Underfull \vbox (badness 10000) has occurred while \output is active [45]
[46] (./tables/services50.tex

Package longtable Warning: Column widths have changed
(longtable)                in table VI on input line 32.

[47]) (./tables/primary-discussion50.tex) (./tables/common50.tex [48]

Package longtable Warning: Column widths have changed
(longtable)                in table VII on input line 21.

) [49] (./tables/policy50.tex

Package longtable Warning: Column widths have changed
(longtable)                in table VIII on input line 43.

[50]) (./tables/policy-discussion50.tex)
Underfull \vbox (badness 10000) has occurred while \output is active [51]
(./tables/joint50.tex

Package longtable Warning: Column widths have changed
(longtable)                in table IX on input line 39.

[52]

LaTeX Warning: Reference `prop:joint50' on page 53 undefined on input line 41.

)

LaTeX Warning: Reference `eq:technology50' on page 53 undefined on input line 4
2.


Underfull \vbox (badness 10000) has occurred while \output is active [53]

LaTeX Warning: Reference `tab:direct49' on page 54 undefined on input line 45.

) (./sections/study52.tex

LaTeX Warning: Reference `prop:investment-null52' on page 54 undefined on input
 line 4.

[54] (./tables/robustness52.tex) [55]) (./sections/study54.tex

LaTeX Warning: Reference `sec:directed54' on page 56 undefined on input line 7.


[56] (./tables/primary-cost54.tex) (./tables/cross-method54.tex) [57]

LaTeX Warning: Reference `tab:sweeps54' on page 58 undefined on input line 19.


Underfull \vbox (badness 5161) has occurred while \output is active [58]
(./tables/sweeps54.tex) [59] (./tables/adaptive54.tex) [60]
(./tables/catalogue54.tex)

LaTeX Warning: Reference `prop:complexity54' on page 61 undefined on input line
 41.

[61] (./tables/misspecification54.tex)) [62]
Underfull \vbox (badness 2334) has occurred while \output is active [63]

Package hyperref Warning: Difference (3) between bookmark levels is greater 
(hyperref)                than one, level fixed on input line 76.


Underfull \vbox (badness 1178) has occurred while \output is active [64]
No file development.bbl.

Package natbib Warning: There were undefined citations.


Package longtable Warning: Table widths have changed. Rerun LaTeX.


Underfull \vbox (badness 10000) has occurred while \output is active [65]
[66] (build/development.aux)

LaTeX Font Warning: Some font shapes were not available, defaults substituted.


LaTeX Warning: There were undefined references.


LaTeX Warning: Label(s) may have changed. Rerun to get cross-references right.


Package rerunfilecheck Warning: File `development.out' has changed.
(rerunfilecheck)                Rerun to get outlines right
(rerunfilecheck)                or use package `bookmark'.

 )
(see the transcript file for additional information)</usr/share/texlive/texmf-d
ist/fonts/type1/public/amsfonts/cm/cmex10.pfb></usr/share/texlive/texmf-dist/fo
nts/type1/public/amsfonts/cm/cmmi10.pfb></usr/share/texlive/texmf-dist/fonts/ty
pe1/public/amsfonts/cm/cmr10.pfb></usr/share/texlive/texmf-dist/fonts/type1/pub
lic/amsfonts/cm/cmsy10.pfb></usr/share/texlive/texmf-dist/fonts/type1/public/ma
thpazo/fplmbb.pfb></usr/share/texlive/texmf-dist/fonts/type1/public/mathpazo/fp
lmr.pfb></usr/share/texlive/texmf-dist/fonts/type1/public/mathpazo/fplmri.pfb><
/usr/share/texlive/texmf-dist/fonts/type1/urw/courier/ucrr8a.pfb></usr/share/te
xlive/texmf-dist/fonts/type1/urw/palatino/uplb8a.pfb></usr/share/texlive/texmf-
dist/fonts/type1/urw/palatino/uplr8a.pfb></usr/share/texlive/texmf-dist/fonts/t
ype1/urw/palatino/uplri8a.pfb>
Output written on build/development.pdf (66 pages, 320937 bytes).
Transcript written on build/development.log.
