This is pdfTeX, Version 3.141592653-2.6-1.40.25 (TeX Live 2023/Debian) (preloaded format=pdflatex)
 restricted \write18 enabled.
entering extended mode
(./development.tex
LaTeX2e <2023-11-01> patch level 1
L3 programming layer <2024-01-22>
(./econsocart.cls
Document Class: econsocart 2022/11/21 v1.4.1, The Econometric Society Journals
(/usr/share/texlive/texmf-dist/tex/latex/etoolbox/etoolbox.sty)
(./econsocart.cfg) (/usr/share/texlive/texmf-dist/tex/latex/base/fix-cm.sty
(/usr/share/texlive/texmf-dist/tex/latex/base/ts1enc.def))
(/usr/share/texlive/texmf-dist/tex/latex/graphics/graphicx.sty
(/usr/share/texlive/texmf-dist/tex/latex/graphics/keyval.sty)
(/usr/share/texlive/texmf-dist/tex/latex/graphics/graphics.sty
(/usr/share/texlive/texmf-dist/tex/latex/graphics/trig.sty)
(/usr/share/texlive/texmf-dist/tex/latex/graphics-cfg/graphics.cfg)
(/usr/share/texlive/texmf-dist/tex/latex/graphics-def/pdftex.def)))
(/usr/share/texlive/texmf-dist/tex/latex/base/fontenc.sty)
(/usr/share/texlive/texmf-dist/tex/latex/psnfss/times.sty)
(/usr/share/texlive/texmf-dist/tex/latex/textcase/textcase.sty)
(/usr/share/texlive/texmf-dist/tex/latex/psnfss/helvet.sty)
(/usr/share/texlive/texmf-dist/tex/latex/base/textcomp.sty)
(/usr/share/texlive/texmf-dist/tex/latex/psnfss/t1ptm.fd)
(/usr/share/texlive/texmf-dist/tex/latex/amsfonts/amssymb.sty
(/usr/share/texlive/texmf-dist/tex/latex/amsfonts/amsfonts.sty))
(/usr/share/texlive/texmf-dist/tex/latex/tools/bm.sty)
(/usr/share/texlive/texmf-dist/tex/latex/url/url.sty)
(/usr/share/texlive/texmf-dist/tex/latex/amsmath/amsmath.sty
For additional information on amsmath, use the `?' option.
(/usr/share/texlive/texmf-dist/tex/latex/amsmath/amstext.sty
(/usr/share/texlive/texmf-dist/tex/latex/amsmath/amsgen.sty))
(/usr/share/texlive/texmf-dist/tex/latex/amsmath/amsbsy.sty)
(/usr/share/texlive/texmf-dist/tex/latex/amsmath/amsopn.sty))
(/usr/share/texlive/texmf-dist/tex/latex/amscls/amsthm.sty)
(/usr/share/texlive/texmf-dist/tex/latex/natbib/natbib.sty)) (./preamble.tex
(/usr/share/texlive/texmf-dist/tex/latex/booktabs/booktabs.sty)
(/usr/share/texlive/texmf-dist/tex/latex/tools/array.sty)
(/usr/share/texlive/texmf-dist/tex/latex/tools/longtable.sty)
(/usr/share/texlive/texmf-dist/tex/latex/base/fontenc.sty)
(/usr/share/texlive/texmf-dist/tex/latex/psnfss/mathpazo.sty)
(/usr/share/texlive/texmf-dist/tex/latex/microtype/microtype.sty
(/usr/share/texlive/texmf-dist/tex/latex/microtype/microtype-pdftex.def)
(/usr/share/texlive/texmf-dist/tex/latex/microtype/microtype.cfg))
(/usr/share/texlive/texmf-dist/tex/latex/needspace/needspace.sty)
(/usr/share/texlive/texmf-dist/tex/latex/xurl/xurl.sty)
(/usr/share/texlive/texmf-dist/tex/latex/hyperref/hyperref.sty
(/usr/share/texlive/texmf-dist/tex/generic/iftex/iftex.sty)
(/usr/share/texlive/texmf-dist/tex/latex/kvsetkeys/kvsetkeys.sty)
(/usr/share/texlive/texmf-dist/tex/generic/kvdefinekeys/kvdefinekeys.sty)
(/usr/share/texlive/texmf-dist/tex/generic/pdfescape/pdfescape.sty
(/usr/share/texlive/texmf-dist/tex/generic/ltxcmds/ltxcmds.sty)
(/usr/share/texlive/texmf-dist/tex/generic/pdftexcmds/pdftexcmds.sty
(/usr/share/texlive/texmf-dist/tex/generic/infwarerr/infwarerr.sty)))
(/usr/share/texlive/texmf-dist/tex/latex/hycolor/hycolor.sty)
(/usr/share/texlive/texmf-dist/tex/latex/auxhook/auxhook.sty)
(/usr/share/texlive/texmf-dist/tex/latex/hyperref/nameref.sty
(/usr/share/texlive/texmf-dist/tex/latex/refcount/refcount.sty)
(/usr/share/texlive/texmf-dist/tex/generic/gettitlestring/gettitlestring.sty
(/usr/share/texlive/texmf-dist/tex/latex/kvoptions/kvoptions.sty)))
(/usr/share/texlive/texmf-dist/tex/latex/hyperref/pd1enc.def)
(/usr/share/texlive/texmf-dist/tex/generic/intcalc/intcalc.sty)
(/usr/share/texlive/texmf-dist/tex/latex/hyperref/puenc.def)
(/usr/share/texlive/texmf-dist/tex/generic/bitset/bitset.sty
(/usr/share/texlive/texmf-dist/tex/generic/bigintcalc/bigintcalc.sty))
(/usr/share/texlive/texmf-dist/tex/latex/base/atbegshi-ltx.sty))
(/usr/share/texlive/texmf-dist/tex/latex/hyperref/hpdftex.def
(/usr/share/texlive/texmf-dist/tex/latex/base/atveryend-ltx.sty)
(/usr/share/texlive/texmf-dist/tex/latex/rerunfilecheck/rerunfilecheck.sty
(/usr/share/texlive/texmf-dist/tex/generic/uniquecounter/uniquecounter.sty))))
(/usr/share/texlive/texmf-dist/tex/latex/psnfss/t1pcr.fd)
(/usr/share/texlive/texmf-dist/tex/latex/hyperref/backref.sty)
(/usr/share/texlive/texmf-dist/tex/latex/psnfss/t1ppl.fd)
(/usr/share/texlive/texmf-dist/tex/latex/l3backend/l3backend-pdftex.def)

LaTeX Warning: Unused global option(s):
    [nameyear].

(build/development.aux)
(/usr/share/texlive/texmf-dist/tex/context/base/mkii/supp-pdf.mkii
[Loading MPS to PDF converter (version 2006.09.02).]
) (/usr/share/texlive/texmf-dist/tex/latex/epstopdf-pkg/epstopdf-base.sty
(/usr/share/texlive/texmf-dist/tex/latex/latexconfig/epstopdf-sys.cfg))
(/usr/share/texlive/texmf-dist/tex/latex/microtype/mt-ppl.cfg)
(/usr/share/texlive/texmf-dist/tex/latex/graphics/color.sty
(/usr/share/texlive/texmf-dist/tex/latex/graphics-cfg/color.cfg)
(/usr/share/texlive/texmf-dist/tex/latex/graphics/mathcolor.ltx))
(build/development.out) (build/development.out)
(/usr/share/texlive/texmf-dist/tex/latex/psnfss/ot1ppl.fd)
(/usr/share/texlive/texmf-dist/tex/latex/psnfss/omlzplm.fd)
(/usr/share/texlive/texmf-dist/tex/latex/psnfss/omszplm.fd)
(/usr/share/texlive/texmf-dist/tex/latex/psnfss/omxzplm.fd)
(/usr/share/texlive/texmf-dist/tex/latex/microtype/mt-msa.cfg)
(/usr/share/texlive/texmf-dist/tex/latex/microtype/mt-msb.cfg)
(/usr/share/texlive/texmf-dist/tex/latex/microtype/mt-cmr.cfg)
(/usr/share/texlive/texmf-dist/tex/latex/psnfss/ot1zplm.fd)

Package hyperref Warning: Ignoring empty anchor on input line 10.

[1
Non-PDF special ignored!
<special> papersize=614.295pt,794.96999pt
{/var/lib/texmf/fonts/map/pdftex/updmap/pdftex.map}{/usr/share/texlive/texmf-di
st/fonts/enc/dvips/base/8r.enc}]
Underfull \vbox (badness 10000) has occurred while \output is active

LaTeX Font Warning: Font shape `T1/ppl/m/uc' undefined
(Font)              using `T1/ppl/m/n' instead on input line 29.


LaTeX Font Warning: Font shape `T1/ppl/m/up' undefined
(Font)              using `T1/ppl/m/n' instead on input line 29.

[2]

Package hyperref Warning: Difference (3) between bookmark levels is greater 
(hyperref)                than one, level fixed on input line 33.


Package natbib Warning: Citation `mcshane1934' on page 3 undefined on input lin
e 33.


Package natbib Warning: Citation `felzenszwalb2012' on page 3 undefined on inpu
t line 33.


Package natbib Warning: Citation `lakshminarayanan2014' on page 3 undefined on 
input line 33.


Package natbib Warning: Citation `wang2015' on page 3 undefined on input line 3
3.


Package natbib Warning: Citation `maurer2009' on page 3 undefined on input line
 33.


Underfull \vbox (badness 1178) has occurred while \output is active [3]

Package hyperref Warning: Difference (2) between bookmark levels is greater 
(hyperref)                than one, level fixed on input line 42.


Underfull \vbox (badness 1178) has occurred while \output is active [4]

Package natbib Warning: Citation `munos2003' on page 5 undefined on input line 
47.


Package natbib Warning: Citation `kakade2002' on page 5 undefined on input line
 47.


Package natbib Warning: Citation `pirotta2013' on page 5 undefined on input lin
e 47.


Package natbib Warning: Citation `ferns2004' on page 5 undefined on input line 
49.


Package natbib Warning: Citation `ng1999' on page 5 undefined on input line 49.



Package natbib Warning: Citation `grimm2020' on page 5 undefined on input line 
49.

(./sections/core49.tex
(/usr/share/texlive/texmf-dist/tex/latex/psnfss/ufplmbb.fd)
Underfull \vbox (badness 10000) has occurred while \output is active [5]
[6] [7] [8]

Package natbib Warning: Citation `mcshane1934' on page 9 undefined on input lin
e 89.

[9]

Package natbib Warning: Citation `felzenszwalb2012' on page 10 undefined on inp
ut line 111.

[10]) (./sections/improvement50.tex [11] [12]

Package natbib Warning: Citation `metelli2021' on page 13 undefined on input li
ne 50.

[13] [14]) (./sections/finite_sweeps51.tex
Underfull \vbox (badness 10000) has occurred while \output is active [15]
Underfull \hbox (badness 4341) in paragraph at lines 33--38
\T1/ppl/m/up/12 (+20) For its cen-tered com-par-i-son with the ex-act in-cum-be
nt, de-fine $\OML/zplm/m/it/12 d[]\OT1/zplm/m/n/12 (\OML/zplm/m/it/12 x\OT1/zpl
m/m/n/12 ) =

Underfull \hbox (badness 3189) in paragraph at lines 33--38
\OML/zplm/m/it/12 Q[]\OT1/zplm/m/n/12 (\OML/zplm/m/it/12 h[]\OT1/ppl/m/n/12 (+2
0) ; \OML/zplm/m/it/12 x\OT1/ppl/m/n/12 (+20) , \OML/zplm/m/it/12 v[]\OT1/zplm/
m/n/12 (\OML/zplm/m/it/12 x\OT1/zplm/m/n/12 )) \OMS/zplm/m/n/12 ^^@ \OML/zplm/m
/it/12 Q[]\OT1/zplm/m/n/12 (\OML/zplm/m/it/12 h[]\OT1/ppl/m/n/12 (+20) ; \OML/z
plm/m/it/12 x\OT1/ppl/m/n/12 (+20) , \OML/zplm/m/it/12 ^^Y[]\OT1/zplm/m/n/12 (\
OML/zplm/m/it/12 x\OT1/zplm/m/n/12 ))$\T1/ppl/m/up/12 (+20) . A quan-ti-ta-tive
 up-per en-clo-sure sat-is-
[16] [17]) (./sections/action_contrast52.tex [18] [19] [20])
(./sections/directed54.tex [21] [22] [23] [24] [25] [26])
(./sections/resources49.tex [27] [28] [29] [30]) (./sections/decisions49.tex
[31]

Package natbib Warning: Citation `maurer2009' on page 32 undefined on input lin
e 24.

[32]
Underfull \vbox (badness 3291) has occurred while \output is active [33]
[34]) (./sections/frontier50.tex [35] [36]) (./sections/study49.tex
Underfull \vbox (badness 10000) has occurred while \output is active [37]
[38] (./tables/attainment49.tex) (./tables/frontier49.tex
Underfull \vbox (badness 10000) has occurred while \output is active [39]
[40]) (./tables/dimension49.tex [41]) (./results-discussion49.tex [42])
(./tables/direct49.tex [43]) (./tables/sensor49.tex [44])
Underfull \vbox (badness 7379) has occurred while \output is active [45])
(./sections/study51.tex [46] (./tables/services50.tex [47])
(./tables/primary-discussion50.tex) [48] (./tables/common50.tex)
Underfull \vbox (badness 1527) has occurred while \output is active [49]
(./tables/policy50.tex [50]) (./tables/policy-discussion50.tex
Underfull \vbox (badness 3158) has occurred while \output is active [51])
(./tables/joint50.tex
Underfull \vbox (badness 2932) has occurred while \output is active [52])
[53]) (./sections/study52.tex
Underfull \vbox (badness 10000) has occurred while \output is active [54]
(./tables/robustness52.tex)
Underfull \vbox (badness 1242) has occurred while \output is active [55])
(./sections/study54.tex [56] (./tables/primary-cost54.tex)
(./tables/cross-method54.tex)
Underfull \vbox (badness 10000) has occurred while \output is active [57]
[58] (./tables/sweeps54.tex)
Underfull \vbox (badness 3930) has occurred while \output is active [59]
(./tables/adaptive54.tex)
Underfull \vbox (badness 2213) has occurred while \output is active [60]
(./tables/catalogue54.tex
Underfull \vbox (badness 1275) has occurred while \output is active [61])
[62] (./tables/misspecification54.tex)) [63]
Underfull \vbox (badness 10000) has occurred while \output is active [64]

Package hyperref Warning: Difference (3) between bookmark levels is greater 
(hyperref)                than one, level fixed on input line 76.

[65] (build/development.bbl
No file development.brf.
[66])

Package natbib Warning: There were undefined citations.

[67] (build/development.aux

Package natbib Warning: Citation(s) may have changed.
(natbib)                Rerun to get citations correct.

)

LaTeX Font Warning: Some font shapes were not available, defaults substituted.


LaTeX Warning: Label(s) may have changed. Rerun to get cross-references right.


Package rerunfilecheck Warning: File `development.out' has changed.
(rerunfilecheck)                Rerun to get outlines right
(rerunfilecheck)                or use package `bookmark'.


Package rerunfilecheck Warning: File `development.brf' has changed.
(rerunfilecheck)                Rerun to get bibliographical references right.

 )
(see the transcript file for additional information)</usr/share/texlive/texmf-d
ist/fonts/type1/public/amsfonts/cm/cmex10.pfb></usr/share/texlive/texmf-dist/fo
nts/type1/public/amsfonts/cm/cmmi10.pfb></usr/share/texlive/texmf-dist/fonts/ty
pe1/public/amsfonts/cm/cmr10.pfb></usr/share/texlive/texmf-dist/fonts/type1/pub
lic/amsfonts/cm/cmsy10.pfb></usr/share/texlive/texmf-dist/fonts/type1/public/ma
thpazo/fplmbb.pfb></usr/share/texlive/texmf-dist/fonts/type1/public/mathpazo/fp
lmr.pfb></usr/share/texlive/texmf-dist/fonts/type1/public/mathpazo/fplmri.pfb><
/usr/share/texlive/texmf-dist/fonts/type1/urw/courier/ucrr8a.pfb></usr/share/te
xlive/texmf-dist/fonts/type1/urw/palatino/uplb8a.pfb></usr/share/texlive/texmf-
dist/fonts/type1/urw/palatino/uplr8a.pfb></usr/share/texlive/texmf-dist/fonts/t
ype1/urw/palatino/uplri8a.pfb>
Output written on build/development.pdf (67 pages, 334539 bytes).
Transcript written on build/development.log.
