{
  "status": "passed",
  "source_freeze_sha256": "15eaca18425438f01b31b10834ae4d24fc0673c2bbc171c2edfd23a912ad667b",
  "services": 90,
  "attained": 75,
  "budget_exhausted": 15,
  "unique_certificate_and_solver_reintegrations": 78,
  "checked_cell_decisions": 23040,
  "checked_stopping_looks": 330,
  "regenerated_stopping_path_rows": 5713920,
  "paired_sets": 18,
  "paired_path_rows": 1179648,
  "paired_classifications": {
    "identity": 42,
    "relu_more_costly": 0,
    "relu_less_costly": 0,
    "unresolved": 30
  },
  "neural_extra_witness_cell_decisions": 9,
  "neural_positive_center_regrets": 1354,
  "independent_seed_identifiers": [
    57101,
    57203,
    57307
  ],
  "audit_seconds": 1140.867568595,
  "scope": "Same frozen model and source reintegration of algebraic witnesses, all certificates and all declared interval paths; exact rational stored-moment checks. No retraining, no new independent observations and no replacement of original clocks."
}
