certificate primary compiled-witness-d2-T2-q49_50-r0 0
certificate primary compiled-witness-d2-T2-q9_10-r0 1
certificate primary extra-trees-d2-T2-q49_50-r0 0
certificate primary extra-trees-d2-T2-q9_10-r0 1
certificate primary extra-trees-d4-T4-q49_50-r0 0
certificate primary extra-trees-d4-T4-q49_50-r0 1
certificate primary extra-trees-d8-T6-q49_50-r0 0
certificate primary extra-trees-d8-T6-q49_50-r0 1
certificate primary quadratic-d2-T2-q49_50-r0 0
certificate primary quadratic-d2-T2-q9_10-r0 1
certificate primary quadratic-d4-T4-q49_50-r0 0
certificate primary quadratic-d4-T4-q49_50-r0 1
certificate primary quadratic-d8-T6-q49_50-r0 0
certificate primary quadratic-d8-T6-q49_50-r0 1
certificate primary relu-d2-T2-q49_50-r0 0
certificate primary relu-d2-T2-q9_10-r0 1
certificate primary relu-d4-T4-q49_50-r0 0
certificate primary relu-d4-T4-q49_50-r0 1
certificate primary relu-d8-T6-q49_50-r0 0
certificate primary relu-d8-T6-q49_50-r0 1
certificate primary tensor-fvi-d2-T2-q49_50-r0 0
certificate primary tensor-fvi-d2-T2-q9_10-r0 1
certificate tube compiled-witness-d2-T2-q49_50-r0 0
certificate tube extra-trees-d2-T2-q49_50-r0 0
certificate tube extra-trees-d4-T4-q49_50-r0 0
certificate tube extra-trees-d8-T6-q49_50-r0 0
certificate tube quadratic-d2-T2-q49_50-r0 0
certificate tube quadratic-d4-T4-q49_50-r0 0
certificate tube quadratic-d8-T6-q49_50-r0 0
certificate tube relu-d2-T2-q49_50-r0 0
certificate tube relu-d4-T4-q49_50-r0 0
certificate tube relu-d8-T6-q49_50-r0 0
certificate tube tensor-fvi-d2-T2-q49_50-r0 0
{
  "status": "passed",
  "seconds": 341.0833710720001,
  "primary": 39,
  "tube": 66,
  "unique_certificates": 33,
  "primary_proposal_changes": 0,
  "tube_proposal_changes": 6
}
