{
  "status": "descriptive_inspection_only",
  "services": 36,
  "attained": 30,
  "exhausted": 6,
  "all_recorded_matches": true,
  "groups": [
    {
      "d": 2,
      "T": 2,
      "target": "9/10",
      "identity": true,
      "status": "target_attained",
      "algebraic_seconds": [
        1.2335544029999994,
        1.2121437399999877,
        1.1731437999999912
      ],
      "screened_seconds": [
        1.0968782799999985,
        1.101277445000008,
        1.1474117590000077
      ],
      "algebraic_median": 1.2121437399999877,
      "screened_median": 1.101277445000008,
      "process_speedup": 1.1006706307328205,
      "algebraic_search_median": 0.17826352800000222,
      "screened_search_median": 0.12680618400000299,
      "cost": [
        0.5964854247441201,
        0.6516288225085541
      ],
      "gain": [
        0.13028610253070932,
        0.17851036800726475
      ],
      "target_contrast": [
        -0.09827067681025553,
        -0.05483472194861048
      ],
      "algebraic_operations": {
        "neural_queries": 32,
        "root_isolations": 12,
        "exact_evaluations": 189
      },
      "screened_operations": {
        "neural_queries": 32,
        "root_isolations": 0,
        "exact_evaluations": 32,
        "screened_points": 23040,
        "retained_points": 32,
        "active_ridges": 37,
        "eliminated_ridges": 987,
        "fallbacks": 0
      }
    },
    {
      "d": 2,
      "T": 2,
      "target": "4/5",
      "identity": true,
      "status": "target_attained",
      "algebraic_seconds": [
        3.5769443249999995,
        3.774636037999997,
        3.5647013340000058
      ],
      "screened_seconds": [
        3.3740312120000056,
        3.4090625860000046,
        3.640058996999997
      ],
      "algebraic_median": 3.5769443249999995,
      "screened_median": 3.4090625860000046,
      "process_speedup": 1.0492457192453535,
      "algebraic_search_median": 0.49486882299999024,
      "screened_search_median": 0.3209177609999898,
      "cost": [
        0.5984987041693272,
        0.6202343600150965
      ],
      "gain": [
        0.15950748424629235,
        0.1739849373955936
      ],
      "target_contrast": [
        -0.017000783528652915,
        -0.006046540947920827
      ],
      "algebraic_operations": {
        "neural_queries": 96,
        "root_isolations": 43,
        "exact_evaluations": 612
      },
      "screened_operations": {
        "neural_queries": 96,
        "root_isolations": 0,
        "exact_evaluations": 96,
        "screened_points": 70144,
        "retained_points": 96,
        "active_ridges": 136,
        "eliminated_ridges": 2936,
        "fallbacks": 0
      }
    },
    {
      "d": 4,
      "T": 4,
      "target": "9/10",
      "identity": true,
      "status": "target_attained",
      "algebraic_seconds": [
        5.972676966000009,
        5.837198237000024,
        5.808279972999998
      ],
      "screened_seconds": [
        5.487248609000005,
        5.493781242000011,
        5.455634086999993
      ],
      "algebraic_median": 5.837198237000024,
      "screened_median": 5.487248609000005,
      "process_speedup": 1.0637750634126624,
      "algebraic_search_median": 0.8777595260000055,
      "screened_search_median": 0.5068285979999985,
      "cost": [
        0.8995812957962985,
        1.067106860406885
      ],
      "gain": [
        0.12055233483737011,
        0.37994483158806297
      ],
      "target_contrast": [
        -0.24812337953503252,
        -0.0056552546275263835
      ],
      "algebraic_operations": {
        "neural_queries": 96,
        "root_isolations": 41,
        "exact_evaluations": 723
      },
      "screened_operations": {
        "neural_queries": 96,
        "root_isolations": 0,
        "exact_evaluations": 96,
        "screened_points": 62976,
        "retained_points": 96,
        "active_ridges": 178,
        "eliminated_ridges": 2894,
        "fallbacks": 0
      }
    },
    {
      "d": 4,
      "T": 4,
      "target": "4/5",
      "identity": true,
      "status": "target_attained",
      "algebraic_seconds": [
        20.645519919999984,
        20.553973401999997,
        20.489346456999982
      ],
      "screened_seconds": [
        19.373187037999998,
        19.395988861000006,
        19.34352112100001
      ],
      "algebraic_median": 20.553973401999997,
      "screened_median": 19.373187037999998,
      "process_speedup": 1.0609495155177058,
      "algebraic_search_median": 2.5295462250000185,
      "screened_search_median": 1.3646894709999913,
      "cost": [
        0.9527300474006873,
        0.9717973760436488
      ],
      "gain": [
        0.2616697941646155,
        0.2808363562244695
      ],
      "target_contrast": [
        -0.03233653453782409,
        -0.016762901084561545
      ],
      "algebraic_operations": {
        "neural_queries": 288,
        "root_isolations": 112,
        "exact_evaluations": 2283
      },
      "screened_operations": {
        "neural_queries": 288,
        "root_isolations": 0,
        "exact_evaluations": 288,
        "screened_points": 192000,
        "retained_points": 288,
        "active_ridges": 599,
        "eliminated_ridges": 8617,
        "fallbacks": 0
      }
    },
    {
      "d": 8,
      "T": 6,
      "target": "9/10",
      "identity": true,
      "status": "target_attained",
      "algebraic_seconds": [
        20.238743247000002,
        20.229187897000003,
        20.212657234000005
      ],
      "screened_seconds": [
        19.785352065999987,
        19.222656311999998,
        19.26952419899999
      ],
      "algebraic_median": 20.229187897000003,
      "screened_median": 19.26952419899999,
      "process_speedup": 1.0498021481012914,
      "algebraic_search_median": 1.625931965999996,
      "screened_search_median": 0.9893629310000165,
      "cost": [
        1.4177036324888839,
        1.4747826132982484
      ],
      "gain": [
        0.2130817345180579,
        0.29624895519603617
      ],
      "target_contrast": [
        -0.12345998108429075,
        -0.04568901507967028
      ],
      "algebraic_operations": {
        "neural_queries": 160,
        "root_isolations": 27,
        "exact_evaluations": 1033
      },
      "screened_operations": {
        "neural_queries": 160,
        "root_isolations": 0,
        "exact_evaluations": 160,
        "screened_points": 94720,
        "retained_points": 160,
        "active_ridges": 317,
        "eliminated_ridges": 4803,
        "fallbacks": 0
      }
    },
    {
      "d": 8,
      "T": 6,
      "target": "4/5",
      "identity": true,
      "status": "budget_exhausted",
      "algebraic_seconds": [
        63.826722609,
        64.58060185000005,
        63.81404631699996
      ],
      "screened_seconds": [
        61.842016,
        62.07903220700001,
        62.07457718399996
      ],
      "algebraic_median": 63.826722609,
      "screened_median": 62.07457718399996,
      "process_speedup": 1.028226457665694,
      "algebraic_search_median": 4.9007093270000155,
      "screened_search_median": 2.759549318999973,
      "cost": [
        1.3464286928766425,
        1.3648389895773216
      ],
      "gain": [
        0.3334737603877261,
        0.3557155574523615
      ],
      "target_contrast": [
        -0.014064153881877216,
        0.004966236100613437
      ],
      "algebraic_operations": {
        "neural_queries": 480,
        "root_isolations": 126,
        "exact_evaluations": 3467
      },
      "screened_operations": {
        "neural_queries": 480,
        "root_isolations": 0,
        "exact_evaluations": 480,
        "screened_points": 289280,
        "retained_points": 480,
        "active_ridges": 1054,
        "eliminated_ridges": 14306,
        "fallbacks": 0
      }
    }
  ]
}
{
  "status": "passed",
  "baseline_commit": "4b5f1cc3241fe8df103844f225913d91c387795b",
  "controlling_review_commit": "adf1256cff9cde365246a3db2dac90c72fda3b13",
  "source_freeze_sha256": "7c3fd6abaeacab331b1eedd8aa36eb312ed1555f4f812c19b267fb92011dcbf7",
  "services": 36,
  "attained": 30,
  "budget_exhausted": 6,
  "matched_policy_transcripts": 18,
  "all_exact_policy_identities": true,
  "counts": {
    "distinct_model_reintegrations": 6,
    "distinct_solver_calls": 2304,
    "distinct_neural_calls": 864,
    "distinct_screened_lattice_points": 551424,
    "distinct_screened_survivors": 864,
    "distinct_path_streams": 9,
    "distinct_path_rows": 380928,
    "checked_cell_decisions": 9216,
    "checked_stopping_looks": 132,
    "checked_ci_records": 396,
    "checked_service_files": 426
  },
  "new_training_services": 0,
  "new_independent_path_observations": 0,
  "original_clocks_replaced": false,
  "audit_seconds": 91.45677406499999,
  "scope": "Every frozen file and prospective decision checked; both solvers, unique saved-model certificates and unique declared path streams reintegrated; exact-rational inference validation; no retraining or new observations. Matched timing repetitions are not independent policy-cost observations."
}
