\BOOKMARK [1][-]{section.0.1}{\376\377\000I\000n\000t\000r\000o\000d\000u\000c\000t\000i\000o\000n}{}% 1
\BOOKMARK [2][-]{paragraph.0.1.0.0.1}{\376\377\000T\000h\000e\000\040\000c\000u\000r\000r\000e\000n\000t\000\040\000o\000p\000e\000r\000a\000t\000i\000o\000n\000a\000l\000\040\000c\000h\000a\000i\000n\000.}{section.0.1}% 2
\BOOKMARK [3][-]{paragraph.0.1.0.0.2}{\376\377\000C\000o\000n\000t\000r\000i\000b\000u\000t\000i\000o\000n\000\040\000a\000n\000d\000\040\000r\000o\000a\000d\000m\000a\000p\000.}{paragraph.0.1.0.0.1}% 3
\BOOKMARK [2][-]{subsection.0.1.1}{\376\377\000R\000e\000l\000a\000t\000i\000o\000n\000\040\000t\000o\000\040\000t\000h\000e\000\040\000l\000i\000t\000e\000r\000a\000t\000u\000r\000e}{section.0.1}% 4
\BOOKMARK [2][-]{subsection.0.1.2}{\376\377\000C\000o\000n\000t\000i\000n\000u\000a\000t\000i\000o\000n\000\040\000a\000p\000p\000r\000o\000x\000i\000m\000a\000t\000i\000o\000n\000\040\000a\000n\000d\000\040\000t\000h\000e\000\040\000c\000o\000n\000t\000r\000i\000b\000u\000t\000i\000o\000n\000\040\000o\000f\000\040\000N\000B\000O}{section.0.1}% 5
\BOOKMARK [1][-]{section.0.2}{\376\377\000T\000h\000e\000\040\000C\000o\000n\000t\000r\000o\000l\000l\000e\000d\000\040\000E\000c\000o\000n\000o\000m\000y}{}% 6
\BOOKMARK [2][-]{subsection.0.2.1}{\376\377\000I\000n\000f\000i\000n\000i\000t\000e\000\040\000h\000o\000r\000i\000z\000o\000n\000\040\000a\000n\000d\000\040\000e\000c\000o\000n\000o\000m\000i\000c\000\040\000n\000o\000r\000m\000a\000l\000i\000z\000a\000t\000i\000o\000n}{section.0.2}% 7
\BOOKMARK [1][-]{section.0.3}{\376\377\000N\000e\000u\000r\000a\000l\000\040\000B\000e\000l\000l\000m\000a\000n\000\040\000O\000p\000e\000r\000a\000t\000o\000r\000s}{}% 8
\BOOKMARK [2][-]{subsection.0.3.1}{\376\377\000F\000e\000a\000s\000i\000b\000i\000l\000i\000t\000y\000\040\000a\000n\000d\000\040\000b\000o\000u\000n\000d\000a\000r\000y\000\040\000d\000a\000t\000a}{section.0.3}% 9
\BOOKMARK [2][-]{subsection.0.3.2}{\376\377\000T\000h\000e\000\040\000b\000l\000o\000c\000k\000-\000s\000p\000e\000c\000i\000f\000i\000c\000\040\000c\000o\000m\000p\000u\000t\000a\000t\000i\000o\000n\000a\000l\000\040\000g\000r\000a\000p\000h}{section.0.3}% 10
\BOOKMARK [2][-]{subsection.0.3.3}{\376\377\000R\000o\000l\000l\000o\000u\000t\000\040\000a\000n\000d\000\040\000c\000o\000s\000t\000a\000t\000e\000\040\000e\000v\000a\000l\000u\000a\000t\000i\000o\000n}{section.0.3}% 11
\BOOKMARK [2][-]{subsection.0.3.4}{\376\377\000T\000h\000e\000\040\000i\000m\000p\000l\000e\000m\000e\000n\000t\000e\000d\000\040\000m\000a\000p\000\040\000a\000n\000d\000\040\000i\000t\000s\000\040\000v\000e\000r\000i\000f\000i\000c\000a\000t\000i\000o\000n\000\040\000o\000u\000t\000p\000u\000t}{section.0.3}% 12
\BOOKMARK [1][-]{section.0.4}{\376\377\000E\000c\000o\000n\000o\000m\000i\000c\000\040\000D\000e\000c\000i\000s\000i\000o\000n\000s\000\040\000a\000n\000d\000\040\000A\000c\000c\000u\000r\000a\000c\000y\000\040\000T\000a\000r\000g\000e\000t\000s}{}% 13
\BOOKMARK [1][-]{section.0.5}{\376\377\000F\000r\000o\000m\000\040\000a\000\040\000L\000e\000a\000r\000n\000e\000d\000\040\000C\000o\000n\000t\000i\000n\000u\000a\000t\000i\000o\000n\000\040\000t\000o\000\040\000E\000c\000o\000n\000o\000m\000i\000c\000\040\000A\000c\000c\000u\000r\000a\000c\000y}{}% 14
\BOOKMARK [2][-]{subsection.0.5.1}{\376\377\000C\000e\000n\000t\000e\000r\000e\000d\000\040\000a\000p\000p\000r\000o\000x\000i\000m\000a\000t\000i\000o\000n\000\040\000e\000r\000r\000o\000r\000\040\000a\000n\000d\000\040\000t\000h\000e\000\040\000s\000e\000l\000e\000c\000t\000e\000d\000\040\000d\000e\000c\000i\000s\000i\000o\000n}{section.0.5}% 15
\BOOKMARK [2][-]{subsection.0.5.2}{\376\377\000A\000\040\000n\000o\000n\000t\000r\000i\000v\000i\000a\000l\000\040\000r\000e\000u\000s\000e\000\040\000r\000e\000g\000i\000o\000n\000\040\000w\000h\000e\000n\000\040\000t\000h\000e\000\040\000f\000u\000t\000u\000r\000e\000\040\000c\000h\000a\000n\000g\000e\000s}{section.0.5}% 16
\BOOKMARK [2][-]{subsection.0.5.3}{\376\377\000A\000n\000\040\000e\000x\000p\000l\000i\000c\000i\000t\000\040\000a\000m\000o\000r\000t\000i\000z\000a\000t\000i\000o\000n\000\040\000c\000l\000a\000s\000s}{section.0.5}% 17
\BOOKMARK [2][-]{subsection.0.5.4}{\376\377\000A\000c\000t\000u\000a\000l\000\040\000s\000t\000o\000p\000p\000i\000n\000g\000\040\000a\000n\000d\000\040\000t\000h\000e\000\040\000a\000m\000o\000r\000t\000i\000z\000a\000t\000i\000o\000n\000\040\000t\000h\000r\000e\000s\000h\000o\000l\000d}{section.0.5}% 18
\BOOKMARK [1][-]{section.0.6}{\376\377\000A\000n\000\040\000A\000l\000l\000-\000S\000t\000a\000t\000e\000\040\000P\000o\000l\000i\000c\000y\000\040\000C\000e\000r\000t\000i\000f\000i\000c\000a\000t\000e}{}% 19
\BOOKMARK [2][-]{subsection.0.6.1}{\376\377\000A\000\040\000m\000u\000l\000t\000i\000s\000e\000c\000t\000o\000r\000\040\000c\000a\000p\000i\000t\000a\000l\000-\000a\000d\000j\000u\000s\000t\000m\000e\000n\000t\000\040\000e\000c\000o\000n\000o\000m\000y}{section.0.6}% 20
\BOOKMARK [2][-]{subsection.0.6.2}{\376\377\000A\000r\000i\000t\000h\000m\000e\000t\000i\000c\000\040\000a\000n\000d\000\040\000i\000m\000p\000l\000e\000m\000e\000n\000t\000a\000t\000i\000o\000n}{section.0.6}% 21
\BOOKMARK [2][-]{subsection.0.6.3}{\376\377\000F\000r\000o\000m\000\040\000a\000\040\000t\000r\000a\000i\000n\000e\000d\000\040\000n\000e\000u\000r\000a\000l\000\040\000f\000a\000c\000t\000o\000r\000\040\000t\000o\000\040\000p\000o\000l\000i\000c\000y\000\040\000a\000c\000c\000u\000r\000a\000c\000y}{section.0.6}% 22
\BOOKMARK [1][-]{section.0.7}{\376\377\000A\000\040\000f\000u\000l\000l\000-\000p\000o\000l\000i\000c\000y\000\040\000c\000e\000r\000t\000i\000f\000i\000c\000a\000t\000e\000\040\000f\000o\000r\000\040\000r\000e\000c\000u\000r\000s\000i\000v\000e\000\040\000r\000i\000s\000k\000\040\000p\000r\000e\000f\000e\000r\000e\000n\000c\000e\000s}{}% 23
\BOOKMARK [1][-]{section.0.8}{\376\377\000T\000r\000a\000i\000n\000i\000n\000g\000\040\000t\000o\000\040\000a\000\040\000R\000e\000c\000u\000r\000s\000i\000v\000e\000\040\000P\000o\000l\000i\000c\000y\000\040\000T\000a\000r\000g\000e\000t}{}% 24
\BOOKMARK [2][-]{subsection.0.8.1}{\376\377\000E\000v\000a\000l\000u\000a\000t\000i\000o\000n\000\040\000w\000i\000t\000h\000o\000u\000t\000\040\000i\000n\000t\000e\000r\000v\000a\000l\000\040\000e\000x\000p\000a\000n\000s\000i\000o\000n}{section.0.8}% 25
\BOOKMARK [2][-]{subsection.0.8.2}{\376\377\000A\000\040\000b\000u\000d\000g\000e\000t\000\040\000c\000h\000o\000s\000e\000n\000\040\000f\000r\000o\000m\000\040\000e\000c\000o\000n\000o\000m\000i\000c\000\040\000p\000r\000i\000m\000i\000t\000i\000v\000e\000s}{section.0.8}% 26
\BOOKMARK [1][-]{section.0.9}{\376\377\000W\000a\000r\000m\000-\000S\000t\000a\000r\000t\000\040\000L\000e\000a\000r\000n\000i\000n\000g\000\040\000t\000o\000\040\000a\000\040\000F\000u\000l\000l\000-\000P\000o\000l\000i\000c\000y\000\040\000A\000c\000c\000u\000r\000a\000c\000y\000\040\000T\000a\000r\000g\000e\000t}{}% 27
\BOOKMARK [2][-]{subsection.0.9.1}{\376\377\000A\000n\000\040\000i\000m\000p\000l\000e\000m\000e\000n\000t\000a\000b\000l\000e\000\040\000l\000o\000c\000a\000l\000\040\000a\000c\000c\000e\000p\000t\000a\000n\000c\000e\000\040\000c\000o\000n\000d\000i\000t\000i\000o\000n}{section.0.9}% 28
\BOOKMARK [2][-]{subsection.0.9.2}{\376\377\000A\000\040\000p\000r\000i\000m\000i\000t\000i\000v\000e\000\040\000b\000u\000d\000g\000e\000t\000\040\000t\000h\000a\000t\000\040\000a\000l\000l\000o\000w\000s\000\040\000o\000v\000e\000r\000s\000h\000o\000o\000t\000i\000n\000g}{section.0.9}% 29
\BOOKMARK [2][-]{subsection.0.9.3}{\376\377\000C\000o\000n\000s\000t\000r\000u\000c\000t\000i\000o\000n\000,\000\040\000r\000e\000l\000i\000a\000b\000i\000l\000i\000t\000y\000,\000\040\000a\000n\000d\000\040\000w\000o\000r\000k}{section.0.9}% 30
\BOOKMARK [1][-]{section.0.10}{\376\377\000P\000r\000e\000c\000i\000s\000i\000o\000n\000-\000A\000d\000a\000p\000t\000i\000v\000e\000\040\000N\000e\000u\000r\000a\000l\000\040\000C\000o\000n\000t\000i\000n\000u\000a\000t\000i\000o\000n\000\040\000R\000e\000f\000r\000e\000s\000h}{}% 31
\BOOKMARK [2][-]{subsection.0.10.1}{\376\377\000A\000\040\000t\000a\000r\000g\000e\000t\000\040\000c\000h\000a\000n\000g\000e\000\040\000a\000n\000d\000\040\000i\000t\000s\000\040\000e\000c\000o\000n\000o\000m\000i\000c\000\040\000a\000l\000l\000o\000w\000a\000n\000c\000e}{section.0.10}% 32
\BOOKMARK [1][-]{section.0.11}{\376\377\000C\000o\000n\000s\000t\000r\000u\000c\000t\000i\000v\000e\000\040\000N\000e\000u\000r\000a\000l\000\040\000B\000e\000l\000l\000m\000a\000n\000\040\000O\000p\000e\000r\000a\000t\000o\000r\000s\000\040\000b\000e\000y\000o\000n\000d\000\040\000q\000u\000a\000d\000r\000a\000t\000i\000c\000\040\000c\000o\000n\000t\000i\000n\000u\000a\000t\000i\000o\000n\000s}{}% 33
\BOOKMARK [2][-]{subsection.0.11.1}{\376\377\000A\000\040\000r\000e\000s\000i\000d\000u\000a\000l\000-\000o\000s\000c\000i\000l\000l\000a\000t\000i\000o\000n\000\040\000t\000h\000e\000o\000r\000e\000m}{section.0.11}% 34
\BOOKMARK [2][-]{subsection.0.11.2}{\376\377\000A\000\040\000f\000i\000n\000i\000t\000e\000\040\000c\000o\000n\000s\000t\000r\000u\000c\000t\000i\000o\000n\000\040\000a\000n\000d\000\040\000a\000\040\000t\000r\000a\000i\000n\000e\000d\000-\000n\000e\000t\000w\000o\000r\000k\000\040\000c\000h\000e\000c\000k}{section.0.11}% 35
\BOOKMARK [2][-]{subsection.0.11.3}{\376\377\000N\000o\000n\000l\000i\000n\000e\000a\000r\000\040\000i\000n\000v\000e\000s\000t\000m\000e\000n\000t\000\040\000a\000n\000d\000\040\000t\000h\000e\000\040\000v\000a\000l\000u\000e\000\040\000o\000f\000\040\000r\000e\000o\000p\000t\000i\000m\000i\000z\000a\000t\000i\000o\000n}{section.0.11}% 36
\BOOKMARK [1][-]{section.0.12}{\376\377\000T\000h\000e\000\040\000T\000r\000a\000i\000n\000e\000d\000\040\000C\000o\000n\000t\000i\000n\000u\000a\000t\000i\000o\000n\000\040\000a\000s\000\040\000t\000h\000e\000\040\000C\000e\000r\000t\000i\000f\000i\000e\000d\000\040\000B\000e\000l\000l\000m\000a\000n\000\040\000O\000b\000j\000e\000c\000t}{}% 37
\BOOKMARK [2][-]{subsection.0.12.1}{\376\377\000A\000\040\000c\000e\000r\000t\000i\000f\000i\000c\000a\000t\000e\000\040\000t\000h\000a\000t\000\040\000d\000o\000e\000s\000\040\000n\000o\000t\000\040\000u\000s\000e\000\040\000t\000h\000e\000\040\000t\000r\000a\000i\000n\000i\000n\000g\000\040\000r\000e\000f\000e\000r\000e\000n\000c\000e}{section.0.12}% 38
\BOOKMARK [2][-]{subsection.0.12.2}{\376\377\000F\000r\000o\000m\000\040\000t\000h\000e\000\040\000s\000t\000o\000r\000e\000d\000\040\000a\000c\000t\000o\000r\000\040\000t\000o\000\040\000i\000t\000s\000\040\000n\000u\000m\000e\000r\000i\000c\000a\000l\000\040\000e\000x\000e\000c\000u\000t\000i\000o\000n}{section.0.12}% 39
\BOOKMARK [1][-]{section.0.13}{\376\377\000V\000e\000r\000i\000f\000i\000e\000d\000\040\000f\000l\000o\000a\000t\000i\000n\000g\000-\000p\000o\000i\000n\000t\000\040\000i\000m\000p\000l\000e\000m\000e\000n\000t\000a\000t\000i\000o\000n\000\040\000a\000n\000d\000\040\000c\000o\000m\000p\000l\000e\000t\000e\000\040\000w\000o\000r\000k}{}% 40
\BOOKMARK [2][-]{subsection.0.13.1}{\376\377\000W\000o\000r\000k\000\040\000a\000n\000d\000\040\000s\000t\000o\000r\000a\000g\000e\000\040\000a\000c\000c\000o\000u\000n\000t\000i\000n\000g}{section.0.13}% 41
\BOOKMARK [2][-]{subsection.0.13.2}{\376\377\000R\000e\000l\000a\000t\000i\000o\000n\000\040\000t\000o\000\040\000n\000u\000m\000e\000r\000i\000c\000a\000l\000\040\000m\000e\000t\000h\000o\000d\000s}{section.0.13}% 42
\BOOKMARK [1][-]{section.0.14}{\376\377\000I\000d\000e\000n\000t\000i\000f\000i\000e\000d\000\040\000c\000o\000m\000p\000a\000r\000i\000s\000o\000n\000s\000\040\000a\000n\000d\000\040\000a\000\040\000n\000o\000n\000l\000i\000n\000e\000a\000r\000\040\000e\000c\000o\000n\000o\000m\000i\000c\000\040\000c\000o\000u\000n\000t\000e\000r\000f\000a\000c\000t\000u\000a\000l}{}% 43
\BOOKMARK [2][-]{subsection.0.14.1}{\376\377\000D\000e\000s\000i\000g\000n\000\040\000a\000n\000d\000\040\000a\000c\000c\000o\000u\000n\000t\000i\000n\000g}{section.0.14}% 44
\BOOKMARK [2][-]{subsection.0.14.2}{\376\377\000N\000o\000n\000l\000i\000n\000e\000a\000r\000\040\000a\000p\000p\000r\000o\000x\000i\000m\000a\000t\000i\000o\000n\000,\000\040\000p\000o\000l\000i\000c\000y\000\040\000a\000c\000c\000u\000r\000a\000c\000y\000\040\000a\000n\000d\000\040\000e\000c\000o\000n\000o\000m\000i\000c\000\040\000g\000a\000i\000n\000s}{section.0.14}% 45
\BOOKMARK [2][-]{subsection.0.14.3}{\376\377\000N\000e\000w\000\040\000a\000l\000l\000-\000s\000t\000a\000t\000e\000\040\000n\000e\000t\000w\000o\000r\000k\000\040\000v\000e\000r\000i\000f\000i\000c\000a\000t\000i\000o\000n}{section.0.14}% 46
\BOOKMARK [3][-]{paragraph.0.14.3.0.1}{\376\377\000I\000n\000t\000e\000r\000p\000r\000e\000t\000a\000t\000i\000o\000n\000.}{subsection.0.14.3}% 47
\BOOKMARK [1][-]{section.0.15}{\376\377\000D\000i\000r\000e\000c\000t\000\040\000N\000e\000u\000r\000a\000l\000\040\000E\000v\000i\000d\000e\000n\000c\000e\000\040\000a\000n\000d\000\040\000A\000c\000t\000i\000v\000a\000t\000e\000d\000\040\000P\000r\000e\000c\000i\000s\000i\000o\000n\000\040\000A\000d\000a\000p\000t\000a\000t\000i\000o\000n}{}% 48
\BOOKMARK [2][-]{subsection.0.15.1}{\376\377\000R\000e\000s\000o\000l\000u\000t\000i\000o\000n\000,\000\040\000p\000o\000l\000i\000c\000y\000\040\000a\000c\000c\000u\000r\000a\000c\000y\000,\000\040\000a\000n\000d\000\040\000t\000h\000e\000\040\000e\000c\000o\000n\000o\000m\000i\000c\000\040\000c\000o\000m\000p\000a\000r\000i\000s\000o\000n}{section.0.15}% 49
\BOOKMARK [2][-]{subsection.0.15.2}{\376\377\000W\000h\000e\000n\000\040\000b\000i\000n\000a\000r\000y\0003\0002\000\040\000i\000s\000\040\000n\000o\000\040\000l\000o\000n\000g\000e\000r\000\040\000s\000u\000f\000f\000i\000c\000i\000e\000n\000t}{section.0.15}% 50
\BOOKMARK [2][-]{subsection.0.15.3}{\376\377\000P\000r\000o\000v\000e\000n\000a\000n\000c\000e\000\040\000a\000n\000d\000\040\000w\000h\000a\000t\000\040\000t\000h\000e\000\040\000w\000o\000r\000k\000\040\000c\000o\000m\000p\000a\000r\000i\000s\000o\000n\000\040\000m\000e\000a\000s\000u\000r\000e\000s}{section.0.15}% 51
\BOOKMARK [1][-]{section.0.16}{\376\377\000R\000e\000t\000a\000i\000n\000e\000d\000\040\000c\000o\000n\000s\000t\000r\000u\000c\000t\000i\000o\000n\000\040\000e\000v\000i\000d\000e\000n\000c\000e\000\040\000a\000n\000d\000\040\000e\000a\000r\000l\000i\000e\000r\000\040\000e\000c\000o\000n\000o\000m\000i\000c\000\040\000c\000o\000m\000p\000a\000r\000i\000s\000o\000n\000s}{}% 52
\BOOKMARK [2][-]{subsection.0.16.1}{\376\377\000F\000r\000o\000m\000\040\000c\000u\000r\000r\000e\000n\000t\000\040\000d\000e\000c\000i\000s\000i\000o\000n\000s\000\040\000t\000o\000\040\000f\000u\000l\000l\000\040\000p\000o\000l\000i\000c\000i\000e\000s}{section.0.16}% 53
\BOOKMARK [2][-]{subsection.0.16.2}{\376\377\000A\000\040\000f\000r\000o\000z\000e\000n\000\040\000c\000o\000m\000p\000a\000r\000i\000s\000o\000n\000\040\000o\000f\000\040\000c\000o\000n\000t\000i\000n\000u\000a\000t\000i\000o\000n\000\040\000c\000o\000n\000s\000t\000r\000u\000c\000t\000i\000o\000n\000s}{section.0.16}% 54
\BOOKMARK [1][-]{section.0.17}{\376\377\000E\000c\000o\000n\000o\000m\000i\000c\000\040\000A\000p\000p\000l\000i\000c\000a\000t\000i\000o\000n\000s\000\040\000o\000f\000\040\000t\000h\000e\000\040\000B\000e\000l\000l\000m\000a\000n\000\040\000S\000t\000r\000u\000c\000t\000u\000r\000e}{}% 55
\BOOKMARK [2][-]{subsection.0.17.1}{\376\377\000C\000o\000s\000t\000l\000y\000\040\000p\000r\000e\000f\000e\000r\000e\000n\000c\000e\000\040\000a\000d\000j\000u\000s\000t\000m\000e\000n\000t\000\040\000a\000n\000d\000\040\000p\000o\000r\000t\000f\000o\000l\000i\000o\000\040\000c\000h\000o\000i\000c\000e}{section.0.17}% 56
\BOOKMARK [2][-]{subsection.0.17.2}{\376\377\000R\000e\000c\000u\000r\000s\000i\000v\000e\000\040\000u\000t\000i\000l\000i\000t\000y\000\040\000a\000n\000d\000\040\000t\000e\000m\000p\000o\000r\000a\000l\000\040\000s\000e\000l\000v\000e\000s}{section.0.17}% 57
\BOOKMARK [2][-]{subsection.0.17.3}{\376\377\000C\000a\000p\000i\000t\000a\000l\000\040\000i\000n\000v\000e\000s\000t\000m\000e\000n\000t\000\040\000a\000n\000d\000\040\000s\000t\000r\000a\000t\000e\000g\000i\000c\000\040\000d\000e\000v\000i\000a\000t\000i\000o\000n\000s}{section.0.17}% 58
\BOOKMARK [1][-]{section.0.18}{\376\377\000C\000o\000n\000c\000l\000u\000s\000i\000o\000n}{}% 59
\BOOKMARK [1][-]{bibliography-section.1}{\376\377\000R\000e\000f\000e\000r\000e\000n\000c\000e\000s}{}% 60
