dpo_d10_s74719 20.029500611000003 740 None
linear_d10_s74719 20.017554559999994 1360 None
nbo_d10_s74719 20.03268990000001 740 None
dpo_d10_s74719_origin_n1024 0.0011192314894407508 0.002714798161380449
linear_d10_s74719_origin_n1024 0.0010812218796749358 0.002675663268224527
nbo_d10_s74719_origin_n1024 0.0011861012443132501 0.002781589103297058
nbo_d10_s74719_origin_n1024__minus__dpo_d10_s74719_origin_n1024 -0.0011352877340068252 0.0012689484307959334
nbo_d10_s74719_origin_n1024__minus__linear_d10_s74719_origin_n1024 -0.0010972385346759038 0.0013080437343867492
dpo_d10_s74719_population_n1024 0.000553910801960369 0.0022317823369489547
linear_d10_s74719_population_n1024 0.0005158789264732376 0.002195445989695953
nbo_d10_s74719_population_n1024 0.000631943281939308 0.0023097689829702198
nbo_d10_s74719_population_n1024__minus__dpo_d10_s74719_population_n1024 -0.0011743676351439413 0.001330386761144145
nbo_d10_s74719_population_n1024__minus__linear_d10_s74719_population_n1024 -0.0011380365652846438 0.0013684239140249806
dpo_d20_s74719 20.028070568000004 1120 None
linear_d20_s74719 20.014150993000015 1100 None
nbo_d20_s74719 20.032570915000008 720 None
dpo_d20_s74719_origin_n1024 0.0006179725915593135 0.0023875808542883218
linear_d20_s74719_origin_n1024 0.0005862666618060577 0.0023546794925344947
nbo_d20_s74719_origin_n1024 0.0007039052958475269 0.0024729990950330513
nbo_d20_s74719_origin_n1024__minus__dpo_d20_s74719_origin_n1024 -0.001225494216510829 0.0013968451615437721
nbo_d20_s74719_origin_n1024__minus__linear_d20_s74719_origin_n1024 -0.0011934992945108924 0.001429457531050919
dpo_d20_s74719_population_n1024 0.00033999544149849445 0.0021797655769384213
linear_d20_s74719_population_n1024 0.0003135386814460387 0.0021529441679478496
nbo_d20_s74719_population_n1024 0.00042958671877468276 0.0022692671550431807
nbo_d20_s74719_population_n1024__minus__dpo_d20_s74719_population_n1024 -0.0012734150068406257 0.0014525078622215737
nbo_d20_s74719_population_n1024__minus__linear_d20_s74719_population_n1024 -0.0012474254214687288 0.0014797964458927043
dpo_d50_s74719 20.036929227999963 860 None
linear_d50_s74719 20.025839765 1080 None
nbo_d50_s74719 20.035810037999966 620 None
dpo_d50_s74719_origin_n1024 0.0007531449402522879 0.0025637599043744777
linear_d50_s74719_origin_n1024 0.0006905351143214404 0.002499542892631967
nbo_d50_s74719_origin_n1024 0.0008531907719656681 0.0026638063399475284
nbo_d50_s74719_origin_n1024__minus__dpo_d50_s74719_origin_n1024 -0.0012348570566515001 0.0014349493239379308
nbo_d50_s74719_origin_n1024__minus__linear_d50_s74719_origin_n1024 -0.0011719086295545842 0.0014988277345143724
dpo_d50_s74719_population_n1024 0.0005806152305169861 0.002468723283761513
linear_d50_s74719_population_n1024 0.0005429843498616817 0.0024294488586335287
nbo_d50_s74719_population_n1024 0.0006689173866252109 0.0025567045186671226
nbo_d50_s74719_population_n1024__minus__dpo_d50_s74719_population_n1024 -0.0012990422007344792 0.0014753255917483144
nbo_d50_s74719_population_n1024__minus__linear_d50_s74719_population_n1024 -0.0012611417174547856 0.001514330414251908
