1/1 feasible solution given by solution candidate storage, new primal bound 9.255938e+00

presolving:
(round 1, fast)       0 del vars, 887 del conss, 0 add conss, 0 chg bounds, 0 chg sides, 0 chg coeffs, 0 upgd conss, 0 impls, 0 clqs, 0 implints
(round 2, exhaustive) 0 del vars, 1051 del conss, 0 add conss, 0 chg bounds, 160 chg sides, 0 chg coeffs, 0 upgd conss, 0 impls, 0 clqs, 0 implints
   (0.0s) symmetry computation started: requiring (bin +, int +, cont +), (fixed: bin -, int -, cont -)
   (0.0s) no symmetry present (symcode time: 0.00)
presolving (3 rounds: 3 fast, 2 medium, 2 exhaustive):
 0 deleted vars, 1051 deleted constraints, 0 added constraints, 0 tightened bounds, 0 added holes, 160 changed sides, 0 changed coefficients
 0 implications, 0 cliques, 0 implied integral variables (0 bin, 0 int, 0 cont)
presolved problem has 128 variables (0 bin, 0 int, 128 cont) and 229 constraints
    173 constraints of type <linear>
     56 constraints of type <nonlinear>
Presolving Time: 0.01
transformed 1/1 original solutions to the transformed problem space

 time | node  | left  |LP iter|LP it/n|mem/heur|mdpt |vars |cons |rows |cuts |sepa|confs|strbr|  dualbound   | primalbound  |  gap   | compl. 
  0.0s|     1 |     0 |   155 |     - |  5408k |   0 | 380 | 229 | 425 |   0 |  0 |   0 |   0 | 8.260641e+00 | 9.255938e+00 |  12.05%| unknown
L 0.0s|     1 |     0 |   155 |     - |undercov|   0 | 380 | 229 | 425 |   0 |  0 |   0 |   0 | 8.260641e+00 | 9.023035e+00 |   9.23%| unknown
L 0.0s|     1 |     0 |   155 |     - |undercov|   0 | 380 | 229 | 425 |   0 |  0 |   0 |   0 | 8.260641e+00 | 8.436732e+00 |   2.13%| unknown
L 0.1s|     1 |     0 |   155 |     - |  subnlp|   0 | 380 | 229 | 425 |   0 |  0 |   0 |   0 | 8.260641e+00 | 8.436732e+00 |   2.13%| unknown
  0.1s|     1 |     0 |   195 |     - |  5779k |   0 | 380 | 229 | 453 |  28 |  1 |   0 |   0 | 8.260641e+00 | 8.436732e+00 |   2.13%| unknown
  0.1s|     1 |     0 |   195 |     - |  5779k |   0 | 380 | 229 | 449 |  28 |  1 |   0 |   0 | 8.260641e+00 | 8.436732e+00 |   2.13%| unknown
  0.1s|     1 |     0 |   287 |     - |  5786k |   0 | 380 | 229 | 466 |  45 |  2 |   0 |   0 | 8.260641e+00 | 8.436732e+00 |   2.13%| unknown
  0.1s|     1 |     0 |   429 |     - |  5786k |   0 | 380 | 229 | 473 |  52 |  3 |   0 |   0 | 8.260641e+00 | 8.436732e+00 |   2.13%| unknown
  0.1s|     1 |     0 |   546 |     - |  5821k |   0 | 380 | 229 | 504 |  83 |  4 |   0 |   0 | 8.260641e+00 | 8.436732e+00 |   2.13%| unknown
  0.1s|     1 |     0 |   782 |     - |  5821k |   0 | 380 | 229 | 512 |  91 |  5 |   0 |   0 | 8.260641e+00 | 8.436732e+00 |   2.13%| unknown
  0.1s|     1 |     0 |   836 |     - |  6067k |   0 | 380 | 229 | 533 | 112 |  6 |   0 |   0 | 8.260641e+00 | 8.436732e+00 |   2.13%| unknown
  0.1s|     1 |     0 |  1033 |     - |  6067k |   0 | 380 | 229 | 534 | 113 |  7 |   0 |   0 | 8.260641e+00 | 8.436732e+00 |   2.13%| unknown
  0.1s|     1 |     0 |  1089 |     - |  6082k |   0 | 380 | 229 | 548 | 127 |  8 |   0 |   0 | 8.260641e+00 | 8.436732e+00 |   2.13%| unknown
  0.1s|     1 |     0 |  1111 |     - |  6213k |   0 | 380 | 229 | 556 | 135 |  9 |   0 |   0 | 8.260641e+00 | 8.436732e+00 |   2.13%| unknown
  0.1s|     1 |     0 |  1118 |     - |  6213k |   0 | 380 | 229 | 557 | 136 | 10 |   0 |   0 | 8.260641e+00 | 8.436732e+00 |   2.13%| unknown
 time | node  | left  |LP iter|LP it/n|mem/heur|mdpt |vars |cons |rows |cuts |sepa|confs|strbr|  dualbound   | primalbound  |  gap   | compl. 
  0.4s|     1 |     0 | 19849 |     - |  6310k |   0 | 380 | 222 | 379 | 136 | 11 |   0 |   0 | 8.260641e+00 | 8.436732e+00 |   2.13%| unknown
  0.4s|     1 |     0 | 20130 |     - |  6310k |   0 | 380 | 222 | 395 | 152 | 12 |   0 |   0 | 8.261617e+00 | 8.436732e+00 |   2.12%| unknown
  0.4s|     1 |     0 | 20154 |     - |  6310k |   0 | 380 | 222 | 401 | 158 | 13 |   0 |   0 | 8.262033e+00 | 8.436732e+00 |   2.11%| unknown
  0.4s|     1 |     0 | 20181 |     - |  6310k |   0 | 380 | 222 | 406 | 163 | 14 |   0 |   0 | 8.262033e+00 | 8.436732e+00 |   2.11%| unknown
  0.4s|     1 |     0 | 20185 |     - |  6310k |   0 | 380 | 222 | 410 | 167 | 15 |   0 |   0 | 8.262033e+00 | 8.436732e+00 |   2.11%| unknown
  0.9s|     1 |     0 | 43075 |     - |  6467k |   0 | 380 | 222 | 417 | 174 | 16 |   0 |   0 | 8.262078e+00 | 8.436732e+00 |   2.11%| unknown
  0.9s|     1 |     0 | 43117 |     - |  6471k |   0 | 380 | 222 | 418 | 175 | 17 |   0 |   0 | 8.262078e+00 | 8.436732e+00 |   2.11%| unknown
  1.0s|     1 |     2 | 43133 |     - |  6500k |   0 | 380 | 222 | 418 | 175 | 18 |   0 |   0 | 8.262078e+00 | 8.436732e+00 |   2.11%| unknown
  1.6s|   100 |   101 | 67766 | 664.9 |  7631k |  15 | 380 | 222 | 510 |2635 |  2 |   0 |   0 | 8.290316e+00 | 8.436732e+00 |   1.77%| unknown
  2.2s|   200 |   201 | 91313 | 449.1 |  9871k |  23 | 380 | 222 | 558 |4343 |  5 |   0 |   0 | 8.290316e+00 | 8.436732e+00 |   1.77%| unknown
  2.9s|   300 |   297 |119740 | 394.0 |    10M |  23 | 380 | 222 | 545 |5863 |  4 |   0 |   0 | 8.290316e+00 | 8.436732e+00 |   1.77%| unknown
  3.5s|   400 |   393 |145917 | 360.8 |    10M |  23 | 380 | 222 | 505 |7384 |  2 |   0 |   0 | 8.308016e+00 | 8.436732e+00 |   1.55%|  23.13%
  3.8s|   500 |   491 |156258 | 309.2 |    11M |  23 | 380 | 222 | 529 |8539 |  2 |   0 |   0 | 8.308016e+00 | 8.436732e+00 |   1.55%|  23.13%
  4.3s|   600 |   583 |177466 | 293.0 |    13M |  23 | 380 | 222 | 541 |9739 |  3 |   0 |   0 | 8.311864e+00 | 8.436732e+00 |   1.50%|  23.83%
L 4.5s|   631 |   614 |184361 | 289.6 |  subnlp|  23 | 380 | 222 | 444 |  10k|  2 |   0 |   0 | 8.313625e+00 | 8.436732e+00 |   1.48%|  24.15%
 time | node  | left  |LP iter|LP it/n|mem/heur|mdpt |vars |cons |rows |cuts |sepa|confs|strbr|  dualbound   | primalbound  |  gap   | compl. 
  4.9s|   700 |   681 |203871 | 288.9 |    13M |  24 | 380 | 222 | 513 |  10k|  2 |   0 |   0 | 8.314699e+00 | 8.436732e+00 |   1.47%|  24.34%
  5.3s|   800 |   781 |219539 | 272.3 |    13M |  25 | 380 | 222 | 564 |  11k|  3 |   0 |   0 | 8.316158e+00 | 8.436732e+00 |   1.45%|  24.61%
  5.7s|   900 |   881 |238373 | 263.0 |    14M |  26 | 380 | 222 | 489 |  12k|  3 |   0 |   0 | 8.317057e+00 | 8.436732e+00 |   1.44%|  24.77%
  6.2s|  1000 |   981 |257586 | 255.9 |    15M |  26 | 380 | 222 | 514 |  14k|  2 |   0 |   0 | 8.318096e+00 | 8.436732e+00 |   1.43%|  24.96%
  6.6s|  1100 |  1081 |273920 | 247.5 |    16M |  26 | 380 | 222 | 541 |  15k|  3 |   0 |   0 | 8.319028e+00 | 8.436732e+00 |   1.41%|  25.13%
  7.0s|  1200 |  1181 |289495 | 239.8 |    16M |  26 | 380 | 222 | 534 |  16k|  4 |   0 |   0 | 8.319929e+00 | 8.436732e+00 |   1.40%|  25.29%
  7.4s|  1300 |  1281 |307475 | 235.2 |    16M |  26 | 380 | 222 | 497 |  17k|  4 |   0 |   0 | 8.321271e+00 | 8.436732e+00 |   1.39%|  25.53%
  7.8s|  1400 |  1381 |324421 | 230.5 |    18M |  26 | 380 | 222 | 514 |  18k|  2 |   0 |   0 | 8.321271e+00 | 8.436732e+00 |   1.39%|  25.53%
  8.3s|  1500 |  1479 |346607 | 229.9 |    19M |  26 | 380 | 222 | 510 |  19k|  2 |   0 |   0 | 8.323652e+00 | 8.436732e+00 |   1.36%|  26.11%
  8.8s|  1600 |  1579 |371853 | 231.3 |    19M |  26 | 380 | 222 | 547 |  20k|  4 |   0 |   0 | 8.325164e+00 | 8.436732e+00 |   1.34%|  26.38%
  9.2s|  1700 |  1673 |391040 | 229.0 |    20M |  26 | 380 | 222 | 503 |  21k|  2 |   0 |   0 | 8.325859e+00 | 8.436732e+00 |   1.33%|  26.51%
  9.7s|  1800 |  1767 |409679 | 226.6 |    21M |  26 | 380 | 222 | 547 |  22k|  2 |   0 |   0 | 8.326503e+00 | 8.436732e+00 |   1.32%|  26.63%
 10.2s|  1900 |  1865 |429191 | 225.0 |    21M |  26 | 380 | 222 | 535 |  23k|  3 |   0 |   0 | 8.326720e+00 | 8.436732e+00 |   1.32%|  26.67%
 10.5s|  2000 |  1965 |443871 | 221.1 |    21M |  26 | 380 | 222 | 518 |  24k|  2 |   0 |   0 | 8.327158e+00 | 8.436732e+00 |   1.32%|  26.74%

SCIP Status        : solving was interrupted [node limit reached]
Solving Time (sec) : 10.79
Solving Nodes      : 2047
Primal Bound       : +8.43673183016929e+00 (8 solutions)
Dual Bound         : +8.32751263962658e+00
Gap                : 1.31 %
