	Command being timed: "python revisions/2026-09-22-r14/replication/high_precision_crosscheck.py --library revisions/2026-09-22-r14/results/independent_library --out revisions/2026-09-22-r14/results/high_precision --digits 40 70"
	User time (seconds): 40.88
	System time (seconds): 0.26
	Percent of CPU this job got: 98%
	Elapsed (wall clock) time (h:mm:ss or m:ss): 0:41.57
	Average shared text size (kbytes): 0
	Average unshared data size (kbytes): 0
	Average stack size (kbytes): 0
	Average total size (kbytes): 0
	Maximum resident set size (kbytes): 110384
	Average resident set size (kbytes): 0
	Major (requiring I/O) page faults: 0
	Minor (reclaiming a frame) page faults: 29313
	Voluntary context switches: 142
	Involuntary context switches: 630
	Swaps: 0
	File system inputs: 0
	File system outputs: 88
	Socket messages sent: 0
	Socket messages received: 0
	Signals delivered: 0
	Page size (bytes): 4096
	Exit status: 0
