{"k": 0.5, "L": -1.2726630011454207, "U": -1.2628181763957202, "B": [0.017576969566893804, 0.01757696956689381], "actor_path": "revisions/2026-09-22-r10/results/actor_k0.5.json", "original_L": -1.2726712569446448, "original_U": -1.262796866906085, "primal_width": 1.126165827258774e-11, "dual_boxes": 262144, "regret_upper": 0.0098448247497005, "input_generation": "inherited frozen proposal; new independent verification only", "seconds": 5.73962932700033}
{"k": 0.875, "L": -1.2789733031009674, "U": -1.2692555100412348, "B": [0.016151061091773385, 0.016151061091773392], "actor_path": "revisions/2026-09-22-r12/results/cases/k0.875/actor_k0.875.json", "original_L": -1.2789810989465882, "original_U": -1.2692339582535355, "primal_width": 1.126565507547639e-11, "dual_boxes": 262144, "regret_upper": 0.009717793059732529, "input_generation": "inherited frozen proposal; new independent verification only", "seconds": 5.46494476099997}
{"k": 1.25, "L": -1.2847932335036816, "U": -1.2751091803175996, "B": [0.014866259680708174, 0.014866259680708177], "actor_path": "revisions/2026-09-22-r12/results/cases/k1.25/actor_k1.25.json", "original_L": -1.284800618525173, "original_U": -1.2750867071125411, "primal_width": 1.127009596757489e-11, "dual_boxes": 262144, "regret_upper": 0.00968405318608201, "input_generation": "inherited frozen proposal; new independent verification only", "seconds": 5.759282934000112}
{"k": 1.625, "L": -1.290133978801408, "U": -1.280456723164463, "B": [0.013626317067466346, 0.013626317067466349], "actor_path": "revisions/2026-09-22-r12/results/cases/k1.625/actor_k1.625.json", "original_L": -1.2901409764484955, "original_U": -1.2804341233962904, "primal_width": 1.1275425038093091e-11, "dual_boxes": 262144, "regret_upper": 0.009677255636944883, "input_generation": "inherited frozen proposal; new independent verification only", "seconds": 5.746674877999794}
{"k": 2.0, "L": -1.2950178726725101, "U": -1.2853301725505055, "B": [0.012418662696145511, 0.012418662696145515], "actor_path": "revisions/2026-09-22-r10/results/actor_k2.json", "original_L": -1.2950245029541754, "original_U": -1.2853072394613188, "primal_width": 1.1280310019401442e-11, "dual_boxes": 262144, "regret_upper": 0.009687700122004596, "input_generation": "inherited frozen proposal; new independent verification only", "seconds": 5.709279139000046}
{"k": 2.5, "L": -1.300839601446478, "U": -1.2911285459509214, "B": [0.010886200145538002, 0.010886200145538006], "actor_path": "revisions/2026-09-22-r12/results/cases/k2.5/actor_k2.5.json", "original_L": -1.3008457751005176, "original_U": -1.2911053896094649, "primal_width": 1.1288969758993518e-11, "dual_boxes": 262144, "regret_upper": 0.009711055495556621, "input_generation": "inherited frozen proposal; new independent verification only", "seconds": 5.880719712999962}
{"k": 3.0, "L": -1.3059053777059, "U": -1.2961649251311451, "B": [0.009404183026278292, 0.009404183026278295], "actor_path": "revisions/2026-09-22-r12/results/cases/k3/actor_k3.json", "original_L": -1.3059111227791684, "original_U": -1.2961416038336913, "primal_width": 1.129740745398067e-11, "dual_boxes": 262144, "regret_upper": 0.009740452574754867, "input_generation": "inherited frozen proposal; new independent verification only", "seconds": 5.751979396000024}
{"k": 3.5, "L": -1.3102486539342237, "U": -1.300474677190993, "B": [0.007974939131386556, 0.00797493913138656], "actor_path": "revisions/2026-09-22-r12/results/cases/k3.5/actor_k3.5.json", "original_L": -1.3102539967158695, "original_U": -1.300451204281452, "primal_width": 1.1306511282782596e-11, "dual_boxes": 262144, "regret_upper": 0.009773976743230774, "input_generation": "inherited frozen proposal; new independent verification only", "seconds": 5.624549194999872}
{"k": 4.0, "L": -1.3138977522634792, "U": -1.304089509000919, "B": [0.006625881044688553, 0.006625881044688555], "actor_path": "revisions/2026-09-22-r12/results/cases/k4/actor_k4.json", "original_L": -1.3139027216007795, "original_U": -1.3040656571019917, "primal_width": 1.1316503290004222e-11, "dual_boxes": 262144, "regret_upper": 0.009808243262560136, "input_generation": "inherited frozen proposal; new independent verification only", "seconds": 5.8945738899997195}
{"k": 4.25, "L": -1.3154696748455879, "U": -1.3056468359363909, "B": [0.005966928073421162, 0.005966928073421164], "actor_path": "revisions/2026-09-22-r12/results/cases/k4.25/actor_k4.25.json", "original_L": -1.3154744650968497, "original_U": -1.3056231363716908, "primal_width": 1.1321388271312573e-11, "dual_boxes": 262144, "regret_upper": 0.009822838909196998, "input_generation": "inherited frozen proposal; new independent verification only", "seconds": 5.809861305999675}
{"k": 4.5, "L": -1.3168890698640823, "U": -1.3070533282654144, "B": [0.005402388276949511, 0.005402388276949513], "actor_path": "revisions/2026-09-22-r12/results/cases/k4.5/actor_k4.5.json", "original_L": -1.316893700280301, "original_U": -1.3070298715955484, "primal_width": 1.1326273252620924e-11, "dual_boxes": 262144, "regret_upper": 0.009835741598667848, "input_generation": "inherited frozen proposal; new independent verification only", "seconds": 5.9424829730000965}
{"k": 5.0, "L": -1.3193518239030126, "U": -1.3094933092965035, "B": [0.004491041031415833, 0.004491041031415835], "actor_path": "revisions/2026-09-22-r12/results/cases/k5/actor_k5.json", "original_L": -1.3193561811044971, "original_U": -1.309470235735883, "primal_width": 1.1334266858398225e-11, "dual_boxes": 262144, "regret_upper": 0.009858514606509107, "input_generation": "inherited frozen proposal; new independent verification only", "seconds": 6.06820618699976}
{"k": 5.5, "L": -1.321415555220219, "U": -1.3115375893766303, "B": [0.003793510261559924, 0.0037935102615599247], "actor_path": "revisions/2026-09-22-r12/results/cases/k5.5/actor_k5.5.json", "original_L": -1.3214196873792883, "original_U": -1.3115148615367165, "primal_width": 1.134070615194105e-11, "dual_boxes": 262144, "regret_upper": 0.009877965843588578, "input_generation": "inherited frozen proposal; new independent verification only", "seconds": 5.6587763780003115}
{"k": 6.0, "L": -1.323170472644455, "U": -1.3132756877006315, "B": [0.0032474933473524347, 0.0032474933473524356], "actor_path": "revisions/2026-09-22-r12/results/cases/k6/actor_k6.json", "original_L": -1.3231744162804362, "original_U": -1.3132532643485324, "primal_width": 1.1346035222459251e-11, "dual_boxes": 262144, "regret_upper": 0.009894784943823566, "input_generation": "inherited frozen proposal; new independent verification only", "seconds": 5.522080165000261}
{"k": 6.5, "L": -1.3246813843722967, "U": -1.3147719178283321, "B": [0.002811914102207146, 0.002811914102207147], "actor_path": "revisions/2026-09-22-r12/results/cases/k6.5/actor_k6.5.json", "original_L": -1.3246851676598155, "original_U": -1.3147497363125074, "primal_width": 1.1350920203767602e-11, "dual_boxes": 262144, "regret_upper": 0.00990946654396452, "input_generation": "inherited frozen proposal; new independent verification only", "seconds": 5.429517615999885}
{"k": 7.0, "L": -1.3259960812111837, "U": -1.316073682415434, "B": [0.002458773313430846, 0.002458773313430847], "actor_path": "revisions/2026-09-22-r12/results/cases/k7/actor_k7.json", "original_L": -1.325999726411112, "original_U": -1.3160517575020416, "primal_width": 1.1355583140471028e-11, "dual_boxes": 262144, "regret_upper": 0.009922398795749745, "input_generation": "inherited frozen proposal; new independent verification only", "seconds": 5.808544974000142}
{"k": 7.5, "L": -1.3271505956844403, "U": -1.3172167379210271, "B": [0.002168440554410681, 0.002168440554410682], "actor_path": "revisions/2026-09-22-r12/results/cases/k7.5/actor_k7.5.json", "original_L": -1.3271541207033961, "original_U": -1.3171950650065647, "primal_width": 1.1359579943359678e-11, "dual_boxes": 262144, "regret_upper": 0.009933857763413158, "input_generation": "inherited frozen proposal; new independent verification only", "seconds": 5.37967436100007}
{"k": 8.0, "L": -1.3281726191461758, "U": -1.3182285110629433, "B": [0.0019268147730022308, 0.0019268147730022312], "actor_path": "revisions/2026-09-22-r10/results/actor_k8.json", "original_L": -1.3281760386061459, "original_U": -1.3182070807574824, "primal_width": 1.1363132657038479e-11, "dual_boxes": 262144, "regret_upper": 0.00994410808323254, "input_generation": "inherited frozen proposal; new independent verification only", "seconds": 5.583555000999695}
{
  "status": "completed",
  "nodes": 18,
  "wall_seconds": 103.0795446080001,
  "process_seconds": 102.921891328,
  "max_rss_kib": 322716,
  "platform": "Linux-6.18.44-x86_64-with-glibc2.41",
  "failures": 0,
  "scope": "Independent verification from frozen inputs; candidate generation not included or represented as zero cost",
  "source_sha256": {
    "independent_primal.py": "94d2498d64729e5c1632a77ca47ed07ac644bc1ae324617a375854c8ab168462",
    "independent_dual.py": "70c52b3c637a6e1be09805f8d61c5415a613e7f8262b022311c792219201774b",
    "neural_certificate.py": "002323d469d199c792b5eca14d7c4094c87992960f6d640d15e3f9095b46208e",
    "exact_price_audit.py": "554d7456d38cc14531cf139a828124c244bf7b0abde40a4a6c2e4318e333adcf",
    "validated_gauss.py": "728fe148a5fa1acf6780fc595afbf73dbfb08b0c8d5b98be3a54dc88d3a67f71",
    "neural_economy.py": "88bcf410fa5471561a1bff988020e496774c0764c6376c22bfd46f3ace3c41c3",
    "interval64.py": "ac0dc16f6f7c09b44e9dd939549711d3cd7e1f492325b1ace3a7fb3f438915cf",
    "run_independent_library.py": "b0027df5493dc454802b109bd74825dbd95349055ea55922ed8327150f106f55"
  }
}
