{"k": 0.5, "regret": 0.009877634725327988, "seconds": 5.463555255999836}
{"k": 0.875, "regret": 0.009736506611780937, "seconds": 5.369091622999804}
{"k": 1.25, "regret": 0.009697118904623325, "seconds": 5.264092495000114}
{"k": 1.625, "regret": 0.009687268162746676, "seconds": 5.047918155000389}
{"k": 2.0, "regret": 0.009695808766507108, "seconds": 5.030346140999882}
{"k": 2.5, "regret": 0.009717504601868487, "seconds": 5.403740349000145}
{"k": 3.0, "regret": 0.009745791415745053, "seconds": 5.223559892000139}
{"k": 3.5, "regret": 0.009778519465960533, "seconds": 5.2884815309998885}
{"k": 4.0, "regret": 0.009812187761467195, "seconds": 5.121539057000064}
{"k": 4.25, "regret": 0.009826536332096847, "seconds": 5.208407049000016}
{"k": 4.5, "regret": 0.009839221017376332, "seconds": 5.139734405999661}
{"k": 5.0, "regret": 0.009861626512787325, "seconds": 5.489129631999731}
{"k": 5.5, "regret": 0.00988078003061621, "seconds": 5.117066308999711}
{"k": 6.0, "regret": 0.009897353119088681, "seconds": 5.147878718999891}
{"k": 6.5, "regret": 0.009911828066943018, "seconds": 5.275461276999977}
{"k": 7.0, "regret": 0.009924584309120021, "seconds": 7.266269978999844}
{"k": 7.5, "regret": 0.009935891582711243, "seconds": 6.339872345999993}
{"k": 8.0, "regret": 0.009946009828024183, "seconds": 6.799355999999989}
{
  "uniform_regret_upper": 0.009970977449945498,
  "seconds_total": 99.11061425600019
}
