{"k": 0.5, "corners": [{"u": "1.98", "x": "1.24", "L": -1.305822830915935, "U": -1.2940090672034559, "gap": 0.01181376371247911}, {"u": "1.98", "x": "1.26", "L": -1.2715008481034302, "U": -1.2623259079329094, "gap": 0.009174940170520786}, {"u": "2.02", "x": "1.24", "L": -1.2751074132002944, "U": -1.2632000251963953, "gap": 0.011907388003899124}, {"u": "2.02", "x": "1.26", "L": -1.2404200377645727, "U": -1.2315168659258489, "gap": 0.008903171838723802}], "full_budget": [0.017576969566890376, 0.01757696956689737], "uniform_state_gap_at_node": 0.011907388003899124}
{"k": 0.875, "corners": [{"u": "1.98", "x": "1.24", "L": -1.312173566768075, "U": -1.3004860503309985, "gap": 0.011687516437076441}, {"u": "1.98", "x": "1.26", "L": -1.2778650083932113, "U": -1.26881832468088, "gap": 0.009046683712331307}, {"u": "2.02", "x": "1.24", "L": -1.2813651952941574, "U": -1.2695842719794177, "gap": 0.01178092331473968}, {"u": "2.02", "x": "1.26", "L": -1.2466913887622828, "U": -1.2379165463292992, "gap": 0.008774842432983656}], "full_budget": [0.016151061091770228, 0.01615106109177668], "uniform_state_gap_at_node": 0.01178092331473968}
{"k": 1.25, "corners": [{"u": "1.98", "x": "1.24", "L": -1.3180459729622462, "U": -1.3063918594807373, "gap": 0.011654113481508912}, {"u": "1.98", "x": "1.26", "L": -1.2837556114323372, "U": -1.2747453542997538, "gap": 0.009010257132583412}, {"u": "2.02", "x": "1.24", "L": -1.2871163658842124, "U": -1.275366357273302, "gap": 0.011750008610910358}, {"u": "2.02", "x": "1.26", "L": -1.2524609517025058, "U": -1.2437198520923185, "gap": 0.008741099610187321}], "full_budget": [0.014866259680705254, 0.014866259680711221], "uniform_state_gap_at_node": 0.011750008610910358}
{"k": 1.625, "corners": [{"u": "1.98", "x": "1.24", "L": -1.3234524136222319, "U": -1.3118030639908906, "gap": 0.011649349631341234}, {"u": "1.98", "x": "1.26", "L": -1.289185037592855, "U": -1.2801825770831647, "gap": 0.009002460509690337}, {"u": "2.02", "x": "1.24", "L": -1.2923709706960558, "U": -1.2806260814537618, "gap": 0.011744889242294}, {"u": "2.02", "x": "1.26", "L": -1.2577387886235483, "U": -1.2490055945460359, "gap": 0.008733194077512387}], "full_budget": [0.013626317067463669, 0.013626317067469149], "uniform_state_gap_at_node": 0.011744889242294}
{"k": 2.0, "corners": [{"u": "1.98", "x": "1.24", "L": -1.3284155668461686, "U": -1.3167545114452177, "gap": 0.011661055400950861}, {"u": "1.98", "x": "1.26", "L": -1.294175765923409, "U": -1.2851656056303997, "gap": 0.009010160293009275}, {"u": "2.02", "x": "1.24", "L": -1.2971512348238539, "U": -1.2853917727680102, "gap": 0.011759462055843663}, {"u": "2.02", "x": "1.26", "L": -1.2625469233282351, "U": -1.2538028669531922, "gap": 0.008744056375042943}], "full_budget": [0.01241866269614308, 0.012418662696148068], "uniform_state_gap_at_node": 0.011759462055843663}
{"k": 2.5, "corners": [{"u": "1.98", "x": "1.24", "L": -1.3343609308834128, "U": -1.322673175433575, "gap": 0.011687755449837802}, {"u": "1.98", "x": "1.26", "L": -1.3001634390666588, "U": -1.2911317423603543, "gap": 0.009031696706304439}, {"u": "2.02", "x": "1.24", "L": -1.3028122206382784, "U": -1.2910246629931819, "gap": 0.011787557645096538}, {"u": "2.02", "x": "1.26", "L": -1.2682506710126686, "U": -1.2594832299199612, "gap": 0.008767441092707441}], "full_budget": [0.01088620014553589, 0.010886200145540242], "uniform_state_gap_at_node": 0.011787557645096538}
{"k": 3.0, "corners": [{"u": "1.98", "x": "1.24", "L": -1.3395725566706413, "U": -1.3278496096414811, "gap": 0.011722947029160215}, {"u": "1.98", "x": "1.26", "L": -1.3054237427511473, "U": -1.2963616475203046, "gap": 0.009062095230842672}, {"u": "2.02", "x": "1.24", "L": -1.3076898418518164, "U": -1.2958696773403757, "gap": 0.011820164511440636}, {"u": "2.02", "x": "1.26", "L": -1.2731774903924544, "U": -1.2643817152191992, "gap": 0.008795775173255251}], "full_budget": [0.009404183026276476, 0.00940418302628023], "uniform_state_gap_at_node": 0.011820164511440636}
{"k": 3.5, "corners": [{"u": "1.98", "x": "1.24", "L": -1.3440829128677212, "U": -1.332321192131185, "gap": 0.011761720736536143}, {"u": "1.98", "x": "1.26", "L": -1.3099882467263904, "U": -1.3008924842629694, "gap": 0.009095762463420922}, {"u": "2.02", "x": "1.24", "L": -1.3118194297278138, "U": -1.2999604197257775, "gap": 0.011859010002036376}, {"u": "2.02", "x": "1.26", "L": -1.277361804180276, "U": -1.2685317118575619, "gap": 0.008830092322714036}], "full_budget": [0.007974939131385028, 0.007974939131388206], "uniform_state_gap_at_node": 0.011859010002036376}
{"k": 4.0, "corners": [{"u": "1.98", "x": "1.24", "L": -1.34791523149985, "U": -1.3361130275852355, "gap": 0.011802203914614397}, {"u": "1.98", "x": "1.26", "L": -1.313878131963906, "U": -1.3047464436287513, "gap": 0.009131688335154655}, {"u": "2.02", "x": "1.24", "L": -1.315236236251863, "U": -1.303338083000632, "gap": 0.011898153251231005}, {"u": "2.02", "x": "1.26", "L": -1.2808367914571792, "U": -1.2719714990441477, "gap": 0.008865292413031469}], "full_budget": [0.0066258810446872905, 0.0066258810446899385], "uniform_state_gap_at_node": 0.011898153251231005}
{"k": 4.25, "corners": [{"u": "1.98", "x": "1.24", "L": -1.3495861276167043, "U": -1.3377650509291297, "gap": 0.011821076687574596}, {"u": "1.98", "x": "1.26", "L": -1.3155793887805711, "U": -1.306430639119212, "gap": 0.009148749661359147}, {"u": "2.02", "x": "1.24", "L": -1.316683500618332, "U": -1.304769528922574, "gap": 0.01191397169575792}, {"u": "2.02", "x": "1.26", "L": -1.28231474026962, "U": -1.2734351171126563, "gap": 0.00887962315696367}], "full_budget": [0.005966928073420024, 0.0059669280734224095], "uniform_state_gap_at_node": 0.01191397169575792}
{"k": 4.5, "corners": [{"u": "1.98", "x": "1.24", "L": -1.3510958359336933, "U": -1.339257927552592, "gap": 0.011837908381101327}, {"u": "1.98", "x": "1.26", "L": -1.3171164628663556, "U": -1.307952509159738, "gap": 0.009163953706617713}, {"u": "2.02", "x": "1.24", "L": -1.3179895106475252, "U": -1.3060615282966264, "gap": 0.011927982350898871}, {"u": "2.02", "x": "1.26", "L": -1.2836484078341803, "U": -1.2747561099037723, "gap": 0.008892297930408024}], "full_budget": [0.005402388276948482, 0.005402388276950641], "uniform_state_gap_at_node": 0.011927982350898871}
{"k": 5.0, "corners": [{"u": "1.98", "x": "1.24", "L": -1.3537174631924922, "U": -1.3418498034185136, "gap": 0.011867659773978636}, {"u": "1.98", "x": "1.26", "L": -1.3197854658453436, "U": -1.3105945959602983, "gap": 0.009190869885045362}, {"u": "2.02", "x": "1.24", "L": -1.320253631849198, "U": -1.3083009403385069, "gap": 0.011952691510691118}, {"u": "2.02", "x": "1.26", "L": -1.2859604097666542, "U": -1.2770457328802916, "gap": 0.008914676886362606}], "full_budget": [0.004491041031414976, 0.004491041031416773], "uniform_state_gap_at_node": 0.011952691510691118}
{"k": 5.5, "corners": [{"u": "1.98", "x": "1.24", "L": -1.3559165025775783, "U": -1.3440233987798522, "gap": 0.011893103797726125}, {"u": "1.98", "x": "1.26", "L": -1.322024107042993, "U": -1.3128101504442977, "gap": 0.009213956598695285}, {"u": "2.02", "x": "1.24", "L": -1.3221490014596753, "U": -1.3101752440932186, "gap": 0.011973757366456674}, {"u": "2.02", "x": "1.26", "L": -1.2878958032342713, "U": -1.2789619957576641, "gap": 0.008933807476607216}], "full_budget": [0.0037935102615592005, 0.003793510261560716], "uniform_state_gap_at_node": 0.011973757366456674}
{"k": 6.0, "corners": [{"u": "1.98", "x": "1.24", "L": -1.3577880844763255, "U": -1.3458729466471258, "gap": 0.01191513782919973}, {"u": "1.98", "x": "1.26", "L": -1.3239292981269555, "U": -1.314695311438672, "gap": 0.00923398668828357}, {"u": "2.02", "x": "1.24", "L": -1.3237593361161988, "U": -1.3117673811942474, "gap": 0.011991954921951377}, {"u": "2.02", "x": "1.26", "L": -1.2895401051865547, "U": -1.2805897459857936, "gap": 0.00895035920076115}], "full_budget": [0.003247493347351815, 0.0032474933473531135], "uniform_state_gap_at_node": 0.011991954921951377}
{"k": 6.5, "corners": [{"u": "1.98", "x": "1.24", "L": -1.3594006478281262, "U": -1.3474662358755243, "gap": 0.011934411952601922}, {"u": "1.98", "x": "1.26", "L": -1.325570751092394, "U": -1.3163192146852583, "gap": 0.00925153640713572}, {"u": "2.02", "x": "1.24", "L": -1.3251446987212687, "U": -1.313136858213773, "gap": 0.012007840507495706}, {"u": "2.02", "x": "1.26", "L": -1.2909546651761414, "U": -1.281989837023507, "gap": 0.008964828152634443}], "full_budget": [0.0028119141022066095, 0.0028119141022077336], "uniform_state_gap_at_node": 0.012007840507495706}
{"k": 7.0, "corners": [{"u": "1.98", "x": "1.24", "L": -1.3608047235961154, "U": -1.3488533397068534, "gap": 0.011951383889261981}, {"u": "1.98", "x": "1.26", "L": -1.326999931360387, "U": -1.3177329277579097, "gap": 0.009267003602477343}, {"u": "2.02", "x": "1.24", "L": -1.3263493270888425, "U": -1.3143275345024683, "gap": 0.012021792586374149}, {"u": "2.02", "x": "1.26", "L": -1.2921846654511204, "U": -1.2832071225535246, "gap": 0.008977542897595782}], "full_budget": [0.0024587733134303767, 0.00245877331343136], "uniform_state_gap_at_node": 0.012021792586374149}
{"k": 7.5, "corners": [{"u": "1.98", "x": "1.24", "L": -1.362038452283279, "U": -1.3500719699816268, "gap": 0.011966482301652094}, {"u": "1.98", "x": "1.26", "L": -1.3282556813258535, "U": -1.3189749135724567, "gap": 0.009280767753396814}, {"u": "2.02", "x": "1.24", "L": -1.3274065387497203, "U": -1.3153723480543937, "gap": 0.01203419069532652}, {"u": "2.02", "x": "1.26", "L": -1.2932641329254113, "U": -1.2842752916452236, "gap": 0.008988841280187733}], "full_budget": [0.0021684405544102675, 0.002168440554411135], "uniform_state_gap_at_node": 0.01203419069532652}
{"k": 8.0, "corners": [{"u": "1.98", "x": "1.24", "L": -1.3631311742344863, "U": -1.3511511814732566, "gap": 0.011979992761229631}, {"u": "1.98", "x": "1.26", "L": -1.3293678792240418, "U": -1.320074781323749, "gap": 0.009293097900292759}, {"u": "2.02", "x": "1.24", "L": -1.3283419132895453, "U": -1.3162966453135059, "gap": 0.012045267976039444}, {"u": "2.02", "x": "1.26", "L": -1.2942191908151732, "U": -1.2852202451639982, "gap": 0.008998945651174985}], "full_budget": [0.001926814773001863, 0.001926814773002633], "uniform_state_gap_at_node": 0.012045267976039444}
{
  "uniform_regret_upper": 0.012095431553888848,
  "uniform_regret_rational": "2187960974729572475442514300375/180891518006739738096917284913152",
  "maximizer_rational": "4636472333194552/1255187051565491",
  "active_state_uniform_policy_regions": [
    {
      "left": "1/2",
      "right": "2107744397701157/3287921089150480",
      "policy": 0,
      "policy_k": 0.5
    },
    {
      "left": "2107744397701157/3287921089150480",
      "right": "149940259930563/148127517597347",
      "policy": 1,
      "policy_k": 0.875
    },
    {
      "left": "149940259930563/148127517597347",
      "right": "3900689695606909/2842914473451959",
      "policy": 2,
      "policy_k": 1.25
    },
    {
      "left": "3900689695606909/2842914473451959",
      "right": "3745523421298553/2141923662755776",
      "policy": 3,
      "policy_k": 1.625
    },
    {
      "left": "3745523421298553/2141923662755776",
      "right": "5317132704338807/2425758463663680",
      "policy": 4,
      "policy_k": 2.0
    },
    {
      "left": "5317132704338807/2425758463663680",
      "right": "3327258932321938/1236425787966335",
      "policy": 5,
      "policy_k": 2.5
    },
    {
      "left": "3327258932321938/1236425787966335",
      "right": "1344775609585227/420993918981017",
      "policy": 6,
      "policy_k": 3.0
    },
    {
      "left": "1344775609585227/420993918981017",
      "right": "4636472333194552/1255187051565491",
      "policy": 7,
      "policy_k": 3.5
    },
    {
      "left": "4636472333194552/1255187051565491",
      "right": "28815038176286951/7107819455596408",
      "policy": 8,
      "policy_k": 4.0
    },
    {
      "left": "28815038176286951/7107819455596408",
      "right": "27118667365661857/6309011496341296",
      "policy": 9,
      "policy_k": 4.25
    },
    {
      "left": "27118667365661857/6309011496341296",
      "right": "17430489410578909/3726876164416282",
      "policy": 10,
      "policy_k": 4.5
    },
    {
      "left": "17430489410578909/3726876164416282",
      "right": "15444127034435591/2988635367101450",
      "policy": 11,
      "policy_k": 5.0
    },
    {
      "left": "15444127034435591/2988635367101450",
      "right": "27678385385554611/4892253832449224",
      "policy": 12,
      "policy_k": 5.5
    },
    {
      "left": "27678385385554611/4892253832449224",
      "right": "25036894977132481/4073057983584376",
      "policy": 13,
      "policy_k": 6.0
    },
    {
      "left": "25036894977132481/4073057983584376",
      "right": "22828923715973013/3440298742137884",
      "policy": 14,
      "policy_k": 6.5
    },
    {
      "left": "22828923715973013/3440298742137884",
      "right": "10479740912727707/1471049913261486",
      "policy": 15,
      "policy_k": 7.0
    },
    {
      "left": "10479740912727707/1471049913261486",
      "right": "19357612103580346/2543133838131099",
      "policy": 16,
      "policy_k": 7.5
    },
    {
      "left": "19357612103580346/2543133838131099",
      "right": "8",
      "policy": 17,
      "policy_k": 8.0
    }
  ],
  "exact_breakpoints_checked": 211,
  "domain": {
    "time": 0,
    "u": [
      "1.98",
      "2.02"
    ],
    "x": [
      "1.24",
      "1.26"
    ],
    "k": [
      ".5",
      "8"
    ]
  },
  "proof": "four-corner concavity/convexity transfer, affine objective continuation, all pairwise active line intersections",
  "policy": "Choose price-indexed stored theta and consumption vector; shift each consumption by (x0-1.25)/Q_r; hold 16 time controls; p=0.",
  "not_claimed": "This is not a near-optimal full-state neural actor/critic certificate or a guarantee at all initial times.",
  "seconds": 29.712233515000207,
  "status": "VALID_UNIFORM_STATE_COST_ENCLOSURE"
}
