	Command being timed: "python revisions/2026-09-22-r14/replication/state_cost_certificate.py --library revisions/2026-09-22-r14/results/independent_library --out revisions/2026-09-22-r14/results/state_cost"
	User time (seconds): 30.59
	System time (seconds): 0.18
	Percent of CPU this job got: 101%
	Elapsed (wall clock) time (h:mm:ss or m:ss): 0:30.38
	Average shared text size (kbytes): 0
	Average unshared data size (kbytes): 0
	Average stack size (kbytes): 0
	Average total size (kbytes): 0
	Maximum resident set size (kbytes): 97056
	Average resident set size (kbytes): 0
	Major (requiring I/O) page faults: 0
	Minor (reclaiming a frame) page faults: 71405
	Voluntary context switches: 12
	Involuntary context switches: 164
	Swaps: 0
	File system inputs: 0
	File system outputs: 1088
	Socket messages sent: 0
	Socket messages received: 0
	Signals delivered: 0
	Page size (bytes): 4096
	Exit status: 0
