{"step": 100, "critic_objective": 0.4290836261610962, "sample_residual_mse": 0.12571641612622464, "sample_boundary_mse": 12.134688401394861, "actor_objective": 1.7349727726847124, "wall_seconds_from_start": 2.5910503640000115, "process_seconds_from_start": 2.5848947869999996}
{"step": 300, "critic_objective": 0.2799754329387096, "sample_residual_mse": 0.012297240116885549, "sample_boundary_mse": 10.70712771287296, "actor_objective": 1.5972168518602716, "wall_seconds_from_start": 5.695344306000152, "process_seconds_from_start": 5.686154726}
{"step": 800, "critic_objective": 0.3027228646974269, "sample_residual_mse": 0.007944598987838662, "sample_boundary_mse": 11.791130628383527, "actor_objective": 1.871915540333742, "wall_seconds_from_start": 13.077956915000186, "process_seconds_from_start": 13.062293304999999}
{
  "status": "completed",
  "wall_seconds": 13.081627691000222,
  "process_seconds": 13.065961239,
  "max_rss_kib": 320392,
  "hardware": "Linux-6.18.44-x86_64-with-glibc2.41",
  "processor": "",
  "logical_cpu_count": 5,
  "torch_threads": 1,
  "torch_version": "2.10.0+cpu",
  "numpy_version": "2.3.5",
  "gpu_used": false,
  "snapshots": [
    {
      "path": "network_step0100.json",
      "sha256": "7e645a3f3aa4ac5b4c1edc9616928054ad631fc6b598aae6dca5fd7c1118ebca",
      "step": 100
    },
    {
      "path": "network_step0300.json",
      "sha256": "372c46ceb1939f041ce19252a4e9d669fe0920fa965ea18eb98e9cb073997971",
      "step": 300
    },
    {
      "path": "network_step0800.json",
      "sha256": "3b8568dacc5edc5b700b34c189034d0b4ab07d87a14fefc57d80380b5e4ff0b9",
      "step": 800
    }
  ],
  "failed_iterations": 0,
  "optimizer_restarts": 0,
  "scope": "Entire fresh run after process entry; interpreter startup/import cost separately recorded by shell time."
}
