	Command being timed: "python revisions/2026-09-22-r14/replication/neural_economy.py --out revisions/2026-09-22-r14/results/neural_run --steps 100 300 800 --batch 128"
	User time (seconds): 15.43
	System time (seconds): 0.83
	Percent of CPU this job got: 102%
	Elapsed (wall clock) time (h:mm:ss or m:ss): 0:15.88
	Average shared text size (kbytes): 0
	Average unshared data size (kbytes): 0
	Average stack size (kbytes): 0
	Average total size (kbytes): 0
	Maximum resident set size (kbytes): 320904
	Average resident set size (kbytes): 0
	Major (requiring I/O) page faults: 0
	Minor (reclaiming a frame) page faults: 85811
	Voluntary context switches: 27
	Involuntary context switches: 452
	Swaps: 0
	File system inputs: 1704
	File system outputs: 1136
	Socket messages sent: 0
	Socket messages received: 0
	Signals delivered: 0
	Page size (bytes): 4096
	Exit status: 0
