nbo_d10_s7919_raw_costate 20.038493649000003 420 None
nbo_d10_s7919_raw_costate_population_n1024 0.000632601111721295 0.002310469075076384
nbo_d10_s7919_value_only 20.06364276299999 280 None
nbo_d10_s7919_value_only_population_n1024 -0.00044250557436463343 0.001222852970324034
nbo_d10_s7919_costate_only 20.035761331999993 420 None
nbo_d10_s7919_costate_only_population_n1024 0.0006306904040101545 0.0023084995252406894
nbo_d10_s7919_updates1 20.05881196599995 580 None
nbo_d10_s7919_updates1_population_n1024 0.0006126017728615395 0.0022903034147782773
nbo_d10_s7919_updates10 20.063479828000027 240 None
nbo_d10_s7919_updates10_population_n1024 0.0006303545727923232 0.0023082966235992166
nbo_d10_s7919_width16 20.026009947000034 400 None
nbo_d10_s7919_width16_population_n1024 0.0006231766670238654 0.0023009199676398023
nbo_d10_s7919_width64 20.038633532000006 300 None
nbo_d10_s7919_width64_population_n1024 0.0006286084662230705 0.0023065662143902767
nbo_d10_s7919_r0.05 20.058923486000026 360 None
nbo_d10_s7919_r0.05_population_n1024 0.000844599774049131 0.00195484953727214
dpo_d10_s7919_r0.05 20.046927052000058 650 None
dpo_d10_s7919_r0.05_population_n1024 0.0007541642619026842 0.0018652976598104297
nbo_d10_s7919_r0.15 20.00936771099998 340 None
nbo_d10_s7919_r0.15_population_n1024 8.930996072367975e-05 0.002851241752556376
dpo_d10_s7919_r0.15 20.040522498999962 640 None
dpo_d10_s7919_r0.15_population_n1024 -5.075495037743239e-06 0.0027575047002733146
nbo_d50_s7919_raw_costate 20.07061257299995 340 None
nbo_d50_s7919_raw_costate_population_n1024 0.0006718620035972457 0.002559565662929099
nbo_d50_s7919_value_only 20.082132763000004 338 None
nbo_d50_s7919_value_only_population_n1024 -0.004478556964443317 -0.0024864319575715536
nbo_d50_s7919_costate_only 20.04827051999996 300 None
nbo_d50_s7919_costate_only_population_n1024 0.0006673301858669429 0.0025550895511334613
nbo_d50_s7919_updates1 20.072631677999993 400 None
nbo_d50_s7919_updates1_population_n1024 0.0006488847861880546 0.002536821533203403
nbo_d50_s7919_updates10 20.101300493000053 260 None
nbo_d50_s7919_updates10_population_n1024 0.0006711375574038773 0.0025588664235658733
nbo_d50_s7919_width16 20.04337086800001 300 None
nbo_d50_s7919_width16_population_n1024 0.000662625849180125 0.002550512648116389
nbo_d50_s7919_width64 20.01482189100011 300 None
nbo_d50_s7919_width64_population_n1024 0.0006682391664986363 0.0025559213739670284
nbo_d50_s7919_r0.05 20.000762054999996 300 None
nbo_d50_s7919_r0.05_population_n1024 0.0007820771288214788 0.0020798364861291953
dpo_d50_s7919_r0.05 20.07408277600007 455 None
dpo_d50_s7919_r0.05_population_n1024 0.0007004102873321035 0.0019984263070221063
nbo_d50_s7919_r0.15 20.07995926400008 280 None
nbo_d50_s7919_r0.15_population_n1024 0.00012824814706687937 0.0031239979658609063
dpo_d50_s7919_r0.15 20.06122230400001 450 None
dpo_d50_s7919_r0.15_population_n1024 3.370738715393017e-05 0.0030301358699514843
nbo_d10_s7919_stress 20.058626269999877 400 None
nbo_d10_s7919_stress_stress_n1024_mu-2_sd0 -0.00045874959232407726 0.0011262785643724575
nbo_d10_s7919_stress_stress_n1024_mu2_sd0 -0.0009781301577344238 0.0006108251212880746
nbo_d10_s7919_stress_stress_n1024_mu0_sd1 0.00019212601286917468 0.0019042394153320852
nbo_d10_s7919_stress_stress_n1024_mu-1_sd1.5 0.0007486894803561624 0.0025267725277765257
dpo_d10_s7919_stress 20.05345338799998 620 None
dpo_d10_s7919_stress_stress_n1024_mu-2_sd0 -0.0005955413223008417 0.0009904916150505715
dpo_d10_s7919_stress_stress_n1024_mu2_sd0 -0.0011358134982619643 0.00045084224094408024
dpo_d10_s7919_stress_stress_n1024_mu0_sd1 0.00011430680846961123 0.001826440603380898
dpo_d10_s7919_stress_stress_n1024_mu-1_sd1.5 0.0007016168259961548 0.0024805790252250643
nbo_d20_s7919_stress 20.043898623000132 380 None
nbo_d20_s7919_stress_stress_n1024_mu-2_sd0 -0.0005640873226335507 0.0011970543696606583
nbo_d20_s7919_stress_stress_n1024_mu2_sd0 -0.0010778631716421075 0.0006865787813561844
nbo_d20_s7919_stress_stress_n1024_mu0_sd1 0.0005470618204508445 0.002448825424424561
nbo_d20_s7919_stress_stress_n1024_mu-1_sd1.5 0.0006532431894362393 0.002622503679670152
dpo_d20_s7919_stress 20.060061285000074 588 None
dpo_d20_s7919_stress_stress_n1024_mu-2_sd0 -0.0006018247318092635 0.0011585044993921265
dpo_d20_s7919_stress_stress_n1024_mu2_sd0 -0.0012992689289142384 0.0004650671603826269
dpo_d20_s7919_stress_stress_n1024_mu0_sd1 0.0004864367616922985 0.002388862755078718
dpo_d20_s7919_stress_stress_n1024_mu-1_sd1.5 0.000600024965789681 0.0025686774595883263
nbo_d50_s7919_stress 20.080758076999928 300 None
nbo_d50_s7919_stress_stress_n1024_mu-2_sd0 -0.0005172011190153085 0.0012860363195271942
nbo_d50_s7919_stress_stress_n1024_mu2_sd0 -0.0011763588435062659 0.0006287052029724031
nbo_d50_s7919_stress_stress_n1024_mu0_sd1 0.0010383077593389286 0.0029810742954223925
nbo_d50_s7919_stress_stress_n1024_mu-1_sd1.5 0.001248993351439309 0.003262412122268752
dpo_d50_s7919_stress 20.05752966099999 462 None
dpo_d50_s7919_stress_stress_n1024_mu-2_sd0 -0.0005457013661264524 0.0012563484370013715
dpo_d50_s7919_stress_stress_n1024_mu2_sd0 -0.0010459638670834302 0.0007599441768851316
dpo_d50_s7919_stress_stress_n1024_mu0_sd1 0.0009535561740828762 0.002896420073801066
dpo_d50_s7919_stress_stress_n1024_mu-1_sd1.5 0.001206102031499469 0.0032192772531771737
