Rc files read:
  /etc/LatexMk
Latexmk: This is Latexmk, John Collins, 31 Jan. 2024. Version 4.83.
No existing .aux file, so I'll make a simple one, and require run of *latex.
Latexmk: applying rule 'pdflatex'...
Rule 'pdflatex':  Reasons for rerun
Category 'other':
  Rerun of 'pdflatex' forced or previously required:
    Reason or flag: 'Initial setup'

------------
Run number 1 of rule 'pdflatex'
------------
------------
Running 'pdflatex  -interaction=nonstopmode -halt-on-error -recorder  "ECTA_R24.tex"'
------------
This is pdfTeX, Version 3.141592653-2.6-1.40.25 (TeX Live 2023/Debian) (preloaded format=pdflatex)
 restricted \write18 enabled.
entering extended mode
(./ECTA_R24.tex
LaTeX2e <2023-11-01> patch level 1
L3 programming layer <2024-01-22>
(./econsocart.cls
Document Class: econsocart 2022/11/21 v1.4.1, The Econometric Society Journals
(/usr/share/texlive/texmf-dist/tex/latex/etoolbox/etoolbox.sty)
(./econsocart.cfg) (/usr/share/texlive/texmf-dist/tex/latex/base/fix-cm.sty
(/usr/share/texlive/texmf-dist/tex/latex/base/ts1enc.def))
(/usr/share/texlive/texmf-dist/tex/latex/graphics/graphicx.sty
(/usr/share/texlive/texmf-dist/tex/latex/graphics/keyval.sty)
(/usr/share/texlive/texmf-dist/tex/latex/graphics/graphics.sty
(/usr/share/texlive/texmf-dist/tex/latex/graphics/trig.sty)
(/usr/share/texlive/texmf-dist/tex/latex/graphics-cfg/graphics.cfg)
(/usr/share/texlive/texmf-dist/tex/latex/graphics-def/pdftex.def)))
(/usr/share/texlive/texmf-dist/tex/latex/base/fontenc.sty)
(/usr/share/texlive/texmf-dist/tex/latex/psnfss/times.sty)
(/usr/share/texlive/texmf-dist/tex/latex/textcase/textcase.sty)
(/usr/share/texlive/texmf-dist/tex/latex/psnfss/helvet.sty)
(/usr/share/texlive/texmf-dist/tex/latex/base/textcomp.sty)
(/usr/share/texlive/texmf-dist/tex/latex/psnfss/t1ptm.fd)
(/usr/share/texlive/texmf-dist/tex/latex/amsfonts/amssymb.sty
(/usr/share/texlive/texmf-dist/tex/latex/amsfonts/amsfonts.sty))
(/usr/share/texlive/texmf-dist/tex/latex/tools/bm.sty)
(/usr/share/texlive/texmf-dist/tex/latex/url/url.sty)
(/usr/share/texlive/texmf-dist/tex/latex/amsmath/amsmath.sty
For additional information on amsmath, use the `?' option.
(/usr/share/texlive/texmf-dist/tex/latex/amsmath/amstext.sty
(/usr/share/texlive/texmf-dist/tex/latex/amsmath/amsgen.sty))
(/usr/share/texlive/texmf-dist/tex/latex/amsmath/amsbsy.sty)
(/usr/share/texlive/texmf-dist/tex/latex/amsmath/amsopn.sty))
(/usr/share/texlive/texmf-dist/tex/latex/amscls/amsthm.sty)
(/usr/share/texlive/texmf-dist/tex/latex/natbib/natbib.sty))
(/usr/share/texlive/texmf-dist/tex/latex/booktabs/booktabs.sty)
(/usr/share/texlive/texmf-dist/tex/latex/tools/tabularx.sty
(/usr/share/texlive/texmf-dist/tex/latex/tools/array.sty))
(/usr/share/texlive/texmf-dist/tex/latex/microtype/microtype.sty
(/usr/share/texlive/texmf-dist/tex/latex/microtype/microtype-pdftex.def)
(/usr/share/texlive/texmf-dist/tex/latex/microtype/microtype.cfg))
(/usr/share/texlive/texmf-dist/tex/latex/hyperref/hyperref.sty
(/usr/share/texlive/texmf-dist/tex/generic/iftex/iftex.sty)
(/usr/share/texlive/texmf-dist/tex/latex/kvsetkeys/kvsetkeys.sty)
(/usr/share/texlive/texmf-dist/tex/generic/kvdefinekeys/kvdefinekeys.sty)
(/usr/share/texlive/texmf-dist/tex/generic/pdfescape/pdfescape.sty
(/usr/share/texlive/texmf-dist/tex/generic/ltxcmds/ltxcmds.sty)
(/usr/share/texlive/texmf-dist/tex/generic/pdftexcmds/pdftexcmds.sty
(/usr/share/texlive/texmf-dist/tex/generic/infwarerr/infwarerr.sty)))
(/usr/share/texlive/texmf-dist/tex/latex/hycolor/hycolor.sty)
(/usr/share/texlive/texmf-dist/tex/latex/auxhook/auxhook.sty)
(/usr/share/texlive/texmf-dist/tex/latex/hyperref/nameref.sty
(/usr/share/texlive/texmf-dist/tex/latex/refcount/refcount.sty)
(/usr/share/texlive/texmf-dist/tex/generic/gettitlestring/gettitlestring.sty
(/usr/share/texlive/texmf-dist/tex/latex/kvoptions/kvoptions.sty)))
(/usr/share/texlive/texmf-dist/tex/latex/hyperref/pd1enc.def)
(/usr/share/texlive/texmf-dist/tex/generic/intcalc/intcalc.sty)
(/usr/share/texlive/texmf-dist/tex/latex/hyperref/puenc.def)
(/usr/share/texlive/texmf-dist/tex/generic/bitset/bitset.sty
(/usr/share/texlive/texmf-dist/tex/generic/bigintcalc/bigintcalc.sty))
(/usr/share/texlive/texmf-dist/tex/latex/base/atbegshi-ltx.sty))
(/usr/share/texlive/texmf-dist/tex/latex/hyperref/hpdftex.def
(/usr/share/texlive/texmf-dist/tex/latex/base/atveryend-ltx.sty)
(/usr/share/texlive/texmf-dist/tex/latex/rerunfilecheck/rerunfilecheck.sty
(/usr/share/texlive/texmf-dist/tex/generic/uniquecounter/uniquecounter.sty)))
(/usr/share/texlive/texmf-dist/tex/latex/xurl/xurl.sty)
(/usr/share/texlive/texmf-dist/tex/latex/tools/longtable.sty)
(./revisions/2026-09-22-r14/paper/result_macros.tex)
(./revisions/2026-09-23-r18/paper/result_macros.tex)
(./revisions/2026-09-23-r18/paper/new_macros.tex)
(./revisions/2026-09-23-r19/paper/result_macros.tex)
(./revisions/2026-09-23-r21/paper/result_macros.tex)
(./revisions/2026-09-23-r22/paper/result_macros.tex)
(./revisions/2026-09-23-r23/paper/result_macros.tex)
(./revisions/2026-09-23-r24/paper/result_macros.tex)
(/usr/share/texlive/texmf-dist/tex/latex/hyperref/backref.sty)
(/usr/share/texlive/texmf-dist/tex/latex/l3backend/l3backend-pdftex.def)
(./ECTA_R24.aux)
(/usr/share/texlive/texmf-dist/tex/context/base/mkii/supp-pdf.mkii
[Loading MPS to PDF converter (version 2006.09.02).]
) (/usr/share/texlive/texmf-dist/tex/latex/epstopdf-pkg/epstopdf-base.sty
(/usr/share/texlive/texmf-dist/tex/latex/latexconfig/epstopdf-sys.cfg))
(/usr/share/texlive/texmf-dist/tex/latex/microtype/mt-ptm.cfg)
(/usr/share/texlive/texmf-dist/tex/latex/microtype/mt-cmr.cfg)
(/usr/share/texlive/texmf-dist/tex/latex/amsfonts/umsa.fd)
(/usr/share/texlive/texmf-dist/tex/latex/microtype/mt-msa.cfg)
(/usr/share/texlive/texmf-dist/tex/latex/amsfonts/umsb.fd)
(/usr/share/texlive/texmf-dist/tex/latex/microtype/mt-msb.cfg)
(./revisions/2026-09-23-r24/paper/introduction.tex

LaTeX Warning: Reference `sec:economy' on page 1 undefined on input line 4.

[1
Non-PDF special ignored!
<special> papersize=487.8225pt,704.63249pt
{/var/lib/texmf/fonts/map/pdftex/updmap/pdftex.map}{/usr/share/texlive/texmf-di
st/fonts/enc/dvips/base/8r.enc}]

LaTeX Warning: Reference `sec:r24results' on page 2 undefined on input line 14.



Package natbib Warning: Citation `Judd1998' on page 2 undefined on input line 1
8.


Package natbib Warning: Citation `KushnerDupuis2001' on page 2 undefined on inp
ut line 18.


Package natbib Warning: Citation `BarlesSouganidis1991' on page 2 undefined on 
input line 18.


Package natbib Warning: Citation `BrummScheidegger2017' on page 2 undefined on 
input line 18.


Package natbib Warning: Citation `BrownSmithSun2010' on page 2 undefined on inp
ut line 18.


Package natbib Warning: Citation `BrownSmith2011' on page 2 undefined on input 
line 18.


Package natbib Warning: Citation `HanE2016' on page 2 undefined on input line 1
8.


Package natbib Warning: Citation `HanJentzenE2018' on page 2 undefined on input
 line 18.

) (./revisions/2026-09-23-r18/paper/retained_foundations.tex [2]

LaTeX Warning: Reference `sec:state' on page 3 undefined on input line 42.


LaTeX Warning: Reference `sec:economy' on page 3 undefined on input line 54.


LaTeX Warning: Reference `ass:verification' on page 3 undefined on input line 5
7.

[3]

LaTeX Warning: Reference `eq:checks' on page 4 undefined on input line 73.


LaTeX Warning: Reference `app:bridge' on page 4 undefined on input line 73.


LaTeX Warning: Reference `eq:bridgebound' on page 4 undefined on input line 76.



LaTeX Warning: Reference `eq:checks' on page 4 undefined on input line 96.


LaTeX Warning: Reference `ass:verification' on page 4 undefined on input line 1
01.

[4]

LaTeX Warning: Reference `eq:transportmodulus' on page 5 undefined on input lin
e 109.


LaTeX Warning: Reference `sec:neural' on page 5 undefined on input line 115.

) (./revisions/2026-09-23-r24/paper/state.tex

Package amsmath Warning: Foreign command \over;
(amsmath)                \frac or \genfrac should be used instead
(amsmath)                 on input line 23.

[5]

LaTeX Warning: Reference `eq:r24manifold' on page 6 undefined on input line 32.



LaTeX Warning: Reference `ass:r24memory' on page 6 undefined on input line 56.

[6]

LaTeX Warning: Reference `eq:r24policy' on page 7 undefined on input line 63.

) (./revisions/2026-09-23-r24/paper/geometry.tex [7] [8]
Underfull \hbox (badness 1622) in paragraph at lines 41--42
[][]\T1/ptm/m/sc/10.5 (+20) Theorem \T1/ptm/m/n/10.5 (+20) 4---Reduced-gradient
 per-tur-ba-tion\T1/ptm/m/sc/10.5 (+20) : \T1/ptm/m/it/10.5 (+20) On a com-mon 
root bracket sup-pose

LaTeX Warning: Reference `thm:r24gradient' on page 9 undefined on input line 55
.

) (./revisions/2026-09-23-r24/paper/design.tex [9] [10])
(./revisions/2026-09-23-r24/paper/results.tex

LaTeX Warning: Reference `tab:r24tuning' on page 11 undefined on input line 5.


LaTeX Warning: Reference `tab:r24heldout' on page 11 undefined on input line 5.


(./revisions/2026-09-23-r24/paper/tuning_table.tex)
(./revisions/2026-09-23-r24/paper/heldout_table.tex) [11]

LaTeX Warning: Reference `tab:r24pairwise' on page 12 undefined on input line 1
0.

(./revisions/2026-09-23-r24/paper/pairwise_table.tex)
Underfull \vbox (badness 3460) has occurred while \output is active [12]

LaTeX Warning: Reference `tab:r24multi' on page 13 undefined on input line 19.

(./revisions/2026-09-23-r24/paper/multicell_table.tex)
(./revisions/2026-09-23-r24/paper/reference_table.tex)
(./revisions/2026-09-23-r24/paper/failure_table.tex) [13] [14])
(./revisions/2026-09-23-r24/paper/conclusion.tex)
(./revisions/2026-09-23-r24/paper/proofs.tex

LaTeX Warning: Reference `prop:r24realization' on page 15 undefined on input li
ne 2.


LaTeX Warning: Reference `eq:r24manifold' on page 15 undefined on input line 7.



LaTeX Warning: Reference `eq:r24policy' on page 15 undefined on input line 7.


LaTeX Warning: Reference `thm:r21finance' on page 15 undefined on input line 7.



LaTeX Warning: Reference `thm:r24value' on page 15 undefined on input line 9.

[15]

LaTeX Warning: Reference `eq:r24generator' on page 16 undefined on input line 1
7.


LaTeX Warning: Reference `eq:r24semigroup' on page 16 undefined on input line 1
9.


LaTeX Warning: Reference `eq:r24HJB' on page 16 undefined on input line 19.


LaTeX Warning: Reference `thm:r24transport' on page 16 undefined on input line 
21.


LaTeX Warning: Reference `prop:r24charts' on page 16 undefined on input line 29
.


LaTeX Warning: Reference `thm:r24gradient' on page 16 undefined on input line 3
2.

[16]

LaTeX Warning: Reference `eq:r24gradienterror' on page 17 undefined on input li
ne 44.


LaTeX Warning: Reference `prop:r24cover' on page 17 undefined on input line 46.



LaTeX Warning: Reference `prop:r24reference' on page 17 undefined on input line
 49.

) (./revisions/2026-09-23-r24/paper/historical_body.tex
(./revisions/2026-09-23-r23/paper/introduction.tex [17] [18]

Package natbib Warning: Citation `Judd1998' on page 19 undefined on input line 
18.


Package natbib Warning: Citation `KushnerDupuis2001' on page 19 undefined on in
put line 18.


Package natbib Warning: Citation `BarlesSouganidis1991' on page 19 undefined on
 input line 18.


Package natbib Warning: Citation `BrummScheidegger2017' on page 19 undefined on
 input line 18.


Package natbib Warning: Citation `BrownSmithSun2010' on page 19 undefined on in
put line 18.


Package natbib Warning: Citation `BrownSmith2011' on page 19 undefined on input
 line 18.


Package natbib Warning: Citation `HanE2016' on page 19 undefined on input line 
18.


Package natbib Warning: Citation `HanJentzenE2018' on page 19 undefined on inpu
t line 18.

) (./revisions/2026-09-23-r22/paper/retained_r21_method.tex [19]

LaTeX Warning: Reference `eq:r21cons' on page 20 undefined on input line 33.


LaTeX Warning: Reference `eq:r21reserve' on page 20 undefined on input line 33.



LaTeX Warning: Reference `eq:r21accept' on page 20 undefined on input line 50.


LaTeX Warning: Reference `eq:r21accept' on page 20 undefined on input line 52.

[20]

LaTeX Warning: Reference `eq:r21mix' on page 21 undefined on input line 66.


LaTeX Warning: Reference `eq:r21mixregret' on page 21 undefined on input line 9
4.

[21]

LaTeX Warning: Reference `thm:r21transfer' on page 22 undefined on input line 1
12.

) (./revisions/2026-09-23-r22/paper/method.tex

LaTeX Warning: Reference `sec:r21method' on page 22 undefined on input line 2.

[22] [23] [24]) (./revisions/2026-09-23-r23/paper/method.tex

LaTeX Warning: Reference `eq:r23projection' on page 25 undefined on input line 
23.

[25]

LaTeX Warning: Reference `prop:r23wealth' on page 26 undefined on input line 54
.

) (./revisions/2026-09-23-r23/paper/results.tex [26]
(./revisions/2026-09-23-r23/paper/crossed_table.tex)

LaTeX Warning: Reference `tab:r23crossed' on page 27 undefined on input line 13
.

(./revisions/2026-09-23-r23/paper/conditional_table.tex
(/usr/share/texlive/texmf-dist/tex/latex/psnfss/ts1ptm.fd))

LaTeX Warning: Reference `tab:r23conditional' on page 27 undefined on input lin
e 17.


LaTeX Warning: Reference `prop:r23class' on page 27 undefined on input line 17.


[27] [28]

LaTeX Warning: Reference `thm:r23budget' on page 29 undefined on input line 22.



LaTeX Warning: Reference `prop:r22cone' on page 29 undefined on input line 29.


LaTeX Warning: Reference `prop:r22cover' on page 29 undefined on input line 34.


[29]

LaTeX Warning: Reference `prop:r23wealth' on page 30 undefined on input line 36
.

) (./revisions/2026-09-23-r23/paper/conclusion.tex))
(./revisions/2026-09-23-r23/paper/proofs.tex

LaTeX Warning: Reference `eq:r23projection' on page 30 undefined on input line 
5.

[30]

LaTeX Warning: Reference `eq:r23bracket' on page 31 undefined on input line 19.



LaTeX Warning: Reference `eq:r23conditioning' on page 31 undefined on input lin
e 21.


LaTeX Warning: Reference `eq:r23bracket' on page 31 undefined on input line 23.



LaTeX Warning: Reference `thm:r23budget' on page 31 undefined on input line 28.



LaTeX Warning: Reference `thm:r23budget' on page 31 undefined on input line 33.


[31]

LaTeX Warning: Reference `prop:r23wealth' on page 32 undefined on input line 35
.

) (./revisions/2026-09-23-r22/paper/proofs.tex

LaTeX Warning: Reference `eq:r22variance' on page 32 undefined on input line 19
.


LaTeX Warning: Reference `eq:r22gamma' on page 32 undefined on input line 25.

[32]

LaTeX Warning: Reference `eq:r22gamma' on page 33 undefined on input line 29.


LaTeX Warning: Reference `eq:r22gain' on page 33 undefined on input line 29.


LaTeX Warning: Reference `eq:r22moments' on page 33 undefined on input line 52.


[33]

LaTeX Warning: Reference `prop:r22cone' on page 34 undefined on input line 75.


LaTeX Warning: Reference `eq:r22suffix' on page 34 undefined on input line 77.

[34]) (./revisions/2026-09-23-r21/paper/proofs.tex

LaTeX Warning: Reference `eq:r21price' on page 35 undefined on input line 3.


LaTeX Warning: Reference `eq:r21reserve' on page 35 undefined on input line 12.


[35]

LaTeX Warning: Reference `thm:r21finance' on page 36 undefined on input line 33
.


LaTeX Warning: Reference `thm:r21finance' on page 36 undefined on input line 46
.


LaTeX Warning: Reference `eq:r21mixlower' on page 36 undefined on input line 46
.


LaTeX Warning: Reference `eq:r21mixregret' on page 36 undefined on input line 5
0.

[36]

LaTeX Warning: Reference `thm:r21gain' on page 37 undefined on input line 73.


LaTeX Warning: Reference `eq:r21gain' on page 37 undefined on input line 73.


LaTeX Warning: Reference `eq:r21ratio' on page 37 undefined on input line 73.

[37] [38]

LaTeX Warning: Reference `eq:r21priceaffine' on page 39 undefined on input line
 117.


LaTeX Warning: Reference `eq:r21pricesuccess' on page 39 undefined on input lin
e 117.


LaTeX Warning: Reference `thm:r21transfer' on page 39 undefined on input line 1
19.


LaTeX Warning: Reference `thm:r21finance' on page 39 undefined on input line 11
9.

) (./revisions/2026-09-22-r14/paper/proofs.tex

LaTeX Warning: Reference `thm:bridge' on page 39 undefined on input line 2.


LaTeX Warning: Reference `eq:checks' on page 39 undefined on input line 11.


LaTeX Warning: Reference `eq:bridgebound' on page 39 undefined on input line 15
.


LaTeX Warning: Reference `prop:transport' on page 39 undefined on input line 18
.


LaTeX Warning: Reference `eq:budgetshift' on page 39 undefined on input line 24
.

[39]

LaTeX Warning: Reference `sec:state' on page 40 undefined on input line 27.


LaTeX Warning: Reference `prop:stateprice' on page 40 undefined on input line 4
2.

[40]

LaTeX Warning: Reference `prop:executed' on page 41 undefined on input line 64.



LaTeX Warning: Reference `eq:stateupper' on page 41 undefined on input line 65.



LaTeX Warning: Reference `lem:concavity' on page 41 undefined on input line 65.



LaTeX Warning: Reference `prop:stateprice' on page 41 undefined on input line 6
5.


LaTeX Warning: Reference `eq:executedprice' on page 41 undefined on input line 
72.


LaTeX Warning: Reference `eq:executedstate' on page 41 undefined on input line 
72.


LaTeX Warning: Reference `eq:welfare' on page 41 undefined on input line 82.

) (./revisions/2026-09-23-r18/paper/new_proofs.tex

LaTeX Warning: Reference `prop:traceconsistency' on page 41 undefined on input 
line 2.

[41]

LaTeX Warning: Reference `eq:tracejump' on page 42 undefined on input line 9.


LaTeX Warning: Reference `thm:accessibility' on page 42 undefined on input line
 14.


LaTeX Warning: Reference `prop:architecture' on page 42 undefined on input line
 31.

[42]

LaTeX Warning: Reference `thm:iteration' on page 43 undefined on input line 43.



LaTeX Warning: Reference `eq:iterationrate' on page 43 undefined on input line 
55.


LaTeX Warning: Reference `thm:inventory' on page 43 undefined on input line 59.



LaTeX Warning: Reference `eq:inventorycertificate' on page 43 undefined on inpu
t line 75.


LaTeX Warning: Reference `prop:topup' on page 43 undefined on input line 79.

[43]

LaTeX Warning: Reference `eq:topup' on page 44 undefined on input line 85.

) (./revisions/2026-09-23-r18/paper/aligned_proofs.tex

LaTeX Warning: Reference `thm:objectivebridge' on page 44 undefined on input li
ne 2.


LaTeX Warning: Reference `thm:accessibility' on page 44 undefined on input line
 7.


LaTeX Warning: Reference `eq:objectivebridge' on page 44 undefined on input lin
e 7.


LaTeX Warning: Reference `eq:entropygap' on page 44 undefined on input line 7.


LaTeX Warning: Reference `thm:accessibility' on page 44 undefined on input line
 9.


LaTeX Warning: Reference `prop:certificateacceptance' on page 44 undefined on i
nput line 12.


LaTeX Warning: Reference `prop:finitehorizon' on page 44 undefined on input lin
e 22.

[44]

LaTeX Warning: Reference `eq:finitehorizon' on page 45 undefined on input line 
32.


Underfull \hbox (badness 1675) in paragraph at lines 31--34
\T1/ptm/m/n/10.5 (+20) with $\OML/cmm/m/it/10.5 A[]; P[] \OMS/cmsy/m/n/10.5 ^^T
 \OML/cmm/m/it/10.5 b$\T1/ptm/m/n/10.5 (+20) . Back-ward it-er-a-tion and the t
ri-an-gle in-equal-ity give []. Fi-nally,

LaTeX Warning: Reference `prop:fixedwitness' on page 45 undefined on input line
 36.


LaTeX Warning: Reference `prop:traceconsistency' on page 45 undefined on input 
line 41.


LaTeX Warning: Reference `eq:fixedwitnessfloor' on page 45 undefined on input l
ine 41.


LaTeX Warning: Reference `thm:nonlinearcontrol' on page 45 undefined on input l
ine 45.


LaTeX Warning: Reference `eq:nonlinearpotential' on page 45 undefined on input 
line 46.

[45]

LaTeX Warning: Reference `eq:nonlinearuniform' on page 46 undefined on input li
ne 76.


LaTeX Warning: Reference `prop:wealthcompensation' on page 46 undefined on inpu
t line 82.


LaTeX Warning: Reference `eq:wealthgain' on page 46 undefined on input line 90.


) (./revisions/2026-09-23-r19/paper/proofs.tex

LaTeX Warning: Reference `prop:r19accept' on page 46 undefined on input line 3.



LaTeX Warning: Reference `eq:r19progress' on page 46 undefined on input line 4.



LaTeX Warning: Reference `thm:r19transfer' on page 46 undefined on input line 8
.

[46]

LaTeX Warning: Reference `eq:r19modulus' on page 47 undefined on input line 24.



LaTeX Warning: Reference `eq:r19modulus' on page 47 undefined on input line 30.


[47]

LaTeX Warning: Reference `eq:r19transfer' on page 48 undefined on input line 49
.


LaTeX Warning: Reference `lem:concavity' on page 48 undefined on input line 53.



LaTeX Warning: Reference `prop:stateprice' on page 48 undefined on input line 5
3.


LaTeX Warning: Reference `prop:r19trace' on page 48 undefined on input line 56.


[48]

LaTeX Warning: Reference `prop:r19wealth' on page 49 undefined on input line 77
.


LaTeX Warning: Reference `thm:r19learned' on page 49 undefined on input line 89
.


LaTeX Warning: Reference `eq:r19learned' on page 49 undefined on input line 95.


[49]) (./revisions/2026-09-23-r23/paper/historical_development.tex [50]
(./revisions/2026-09-23-r22/paper/results.tex

LaTeX Warning: Reference `tab:r22crossed' on page 51 undefined on input line 3.


(./revisions/2026-09-23-r22/paper/crossed_table.tex)

LaTeX Warning: Reference `tab:r22conditional' on page 51 undefined on input lin
e 8.

(./revisions/2026-09-23-r22/paper/conditional_table.tex) [51]

LaTeX Warning: Reference `tab:r22crossed' on page 52 undefined on input line 14
.

[52]

LaTeX Warning: Reference `eq:r22suffix' on page 53 undefined on input line 26.


LaTeX Warning: Reference `tab:r22crossed' on page 53 undefined on input line 26
.


LaTeX Warning: Reference `tab:r22conditional' on page 53 undefined on input lin
e 26.

) (./revisions/2026-09-23-r22/paper/retained_r21_results.tex
(./revisions/2026-09-23-r21/paper/table_policy.tex)

LaTeX Warning: Reference `thm:r21gain' on page 53 undefined on input line 6.

[53]

LaTeX Warning: Reference `eq:r21cons' on page 54 undefined on input line 9.


LaTeX Warning: Reference `eq:r21reserve' on page 54 undefined on input line 19.


[54]) (./revisions/2026-09-23-r21/paper/snapshot_review.tex [55]

LaTeX Warning: Reference `eq:r21mix' on page 56 undefined on input line 23.

(./revisions/2026-09-23-r21/paper/table_representation.tex)
(./revisions/2026-09-23-r21/paper/table_generation.tex) [56])
(./revisions/2026-09-23-r19/paper/policy_method.tex [57]

LaTeX Warning: Reference `eq:r19progress' on page 58 undefined on input line 22
.

[58]) (./revisions/2026-09-23-r19/paper/policy_results.tex

LaTeX Warning: Reference `tab:r19values' on page 59 undefined on input line 2.

(./revisions/2026-09-23-r19/paper/tables/neural_values.tex) [59]

LaTeX Warning: Reference `prop:stateprice' on page 60 undefined on input line 5
.


LaTeX Warning: Reference `eq:r19ratio' on page 60 undefined on input line 7.


LaTeX Warning: Reference `eq:r19progress' on page 60 undefined on input line 7.



LaTeX Warning: Reference `tab:r19frontier' on page 60 undefined on input line 1
0.

(./revisions/2026-09-23-r19/paper/tables/matched_economy.tex)

LaTeX Warning: Reference `thm:r19transfer' on page 60 undefined on input line 1
3.

[60]) (./revisions/2026-09-23-r19/paper/trace_analysis.tex [61]

LaTeX Warning: Reference `tab:r19intervention' on page 62 undefined on input li
ne 11.

(./revisions/2026-09-23-r19/paper/tables/trace_intervention.tex)

LaTeX Warning: Reference `tab:r19factorial' on page 62 undefined on input line 
15.


LaTeX Warning: Reference `sec:r19results' on page 62 undefined on input line 15
.

(./revisions/2026-09-23-r19/paper/tables/factorial.tex))
(./revisions/2026-09-23-r18/paper/new_method.tex [62]

LaTeX Warning: Reference `sec:economy' on page 63 undefined on input line 5.

[63]

LaTeX Warning: Reference `ass:verification' on page 64 undefined on input line 
24.


LaTeX Warning: Reference `thm:bridge' on page 64 undefined on input line 37.


LaTeX Warning: Reference `prop:traceconsistency' on page 64 undefined on input 
line 37.


LaTeX Warning: Reference `eq:invariantactor' on page 64 undefined on input line
 50.


LaTeX Warning: Reference `eq:accessiblecritic' on page 64 undefined on input li
ne 50.


LaTeX Warning: Reference `eq:accessbound' on page 64 undefined on input line 50
.

[64]

LaTeX Warning: Reference `eq:accessbound' on page 65 undefined on input line 54
.


LaTeX Warning: Reference `sec:aligned' on page 65 undefined on input line 57.


LaTeX Warning: Reference `eq:policydefects' on page 65 undefined on input line 
68.


LaTeX Warning: Reference `eq:iterationrate' on page 65 undefined on input line 
73.


LaTeX Warning: Reference `thm:accessibility' on page 65 undefined on input line
 77.


LaTeX Warning: Reference `prop:traceconsistency' on page 65 undefined on input 
line 77.

[65]

LaTeX Warning: Reference `eq:iterationrate' on page 66 undefined on input line 
79.


LaTeX Warning: Reference `sec:inventory' on page 66 undefined on input line 79.


) (./revisions/2026-09-23-r19/paper/benchmark_method.tex

LaTeX Warning: Reference `sec:accessibility' on page 66 undefined on input line
 2.


LaTeX Warning: Reference `thm:accessibility' on page 66 undefined on input line
 19.

[66] (/usr/share/texlive/texmf-dist/tex/latex/psnfss/t1pcr.fd)

LaTeX Warning: Reference `thm:objectivebridge' on page 67 undefined on input li
ne 41.

[67]

LaTeX Warning: Reference `sec:certifiediteration' on page 68 undefined on input
 line 49.


LaTeX Warning: Reference `thm:objectivebridge' on page 68 undefined on input li
ne 65.

) (./revisions/2026-09-23-r18/paper/retained_dual_state.tex

LaTeX Warning: Reference `eq:value' on page 68 undefined on input line 12.

[68]

LaTeX Warning: Reference `eq:plane' on page 69 undefined on input line 37.

[69]

LaTeX Warning: Reference `eq:dual' on page 70 undefined on input line 66.


LaTeX Warning: Reference `eq:stateupper' on page 70 undefined on input line 71.


[70]

LaTeX Warning: Reference `eq:value' on page 71 undefined on input line 98.


LaTeX Warning: Reference `eq:budgetshift' on page 71 undefined on input line 98
.


LaTeX Warning: Reference `prop:stateprice' on page 71 undefined on input line 9
8.


LaTeX Warning: Reference `eq:executedstate' on page 71 undefined on input line 
116.


LaTeX Warning: Reference `app:stateprice' on page 71 undefined on input line 11
6.

) (./revisions/2026-09-23-r18/paper/new_results.tex [71]

LaTeX Warning: Reference `tab:r18neural' on page 72 undefined on input line 5.

(./revisions/2026-09-23-r18/paper/aligned_neural_table.tex)

LaTeX Warning: Reference `thm:objectivebridge' on page 72 undefined on input li
ne 8.

[72]

LaTeX Warning: Reference `prop:traceconsistency' on page 73 undefined on input 
line 13.


LaTeX Warning: Reference `eq:fixedwitnessfloor' on page 73 undefined on input l
ine 26.


LaTeX Warning: Reference `tab:r18classical' on page 73 undefined on input line 
33.

(./revisions/2026-09-23-r18/paper/unrestricted_table.tex) [73])
(./revisions/2026-09-23-r18/paper/nonlinear_control.tex

LaTeX Warning: Reference `sec:inventory' on page 74 undefined on input line 2.

[74]

LaTeX Warning: Reference `eq:nonlinearcost' on page 75 undefined on input line 
31.

[75]

LaTeX Warning: Reference `tab:r18nonlinearuniform' on page 76 undefined on inpu
t line 53.

(./revisions/2026-09-23-r18/paper/nonlinear_uniform_table.tex)

LaTeX Warning: Reference `eq:nonlinearuniform' on page 76 undefined on input li
ne 56.


LaTeX Warning: Reference `tab:r18nonlinearcomparisons' on page 76 undefined on 
input line 59.

(./revisions/2026-09-23-r18/paper/nonlinear_comparison_table.tex

LaTeX Warning: Reference `tab:r18nonlinearuniform' on page 76 undefined on inpu
t line 14.

)) (./revisions/2026-09-23-r19/paper/learned_frontier.tex [76]

LaTeX Warning: Reference `eq:r19learned' on page 77 undefined on input line 15.


[77] (./revisions/2026-09-23-r19/paper/tables/warm_main.tex) [78])
(./revisions/2026-09-23-r18/paper/inventory.tex

LaTeX Warning: Reference `sec:nonlinearinventory' on page 79 undefined on input
 line 2.

[79]

LaTeX Warning: Reference `tab:inventory' on page 80 undefined on input line 40.


(./revisions/2026-09-23-r18/paper/inventory_table.tex))
(./revisions/2026-09-23-r18/paper/riccati_extension.tex [80]

LaTeX Warning: Reference `tab:r18riccati' on page 81 undefined on input line 12
.

(./revisions/2026-09-23-r18/paper/riccati_table.tex))
(./revisions/2026-09-23-r18/paper/new_experiments.tex

LaTeX Warning: Reference `eq:invariantactor' on page 81 undefined on input line
 2.


LaTeX Warning: Reference `eq:accessiblecritic' on page 81 undefined on input li
ne 2.

[81] (./revisions/2026-09-23-r18/paper/neural_table.tex)

LaTeX Warning: Reference `tab:r16neural' on page 82 undefined on input line 7.

(./revisions/2026-09-23-r18/paper/baseline_table.tex) [82]

LaTeX Warning: Reference `sec:r18original' on page 83 undefined on input line 1
5.

[83] (./revisions/2026-09-23-r18/paper/price_table.tex))
(./revisions/2026-09-23-r18/paper/retained_experiments.tex [84]
(./revisions/2026-09-22-r14/paper/tables/neural.tex)

LaTeX Warning: Reference `tab:neural' on page 85 undefined on input line 21.

(./revisions/2026-09-22-r14/paper/tables/boundary.tex) [85]

LaTeX Warning: Reference `prop:transport' on page 86 undefined on input line 37
.

(./revisions/2026-09-22-r14/paper/tables/nodes.tex) [86]
(./revisions/2026-09-22-r14/paper/tables/dual_budget.tex)
(./revisions/2026-09-22-r14/paper/tables/robustness.tex) [87]
(./revisions/2026-09-22-r14/paper/tables/frontier.tex) [88]

LaTeX Warning: Reference `sec:economy' on page 89 undefined on input line 94.

(./revisions/2026-09-22-r14/paper/tables/welfare.tex)
(./revisions/2026-09-22-r14/paper/tables/regions.tex) [89]

LaTeX Warning: Reference `eq:value' on page 90 undefined on input line 129.


LaTeX Warning: Reference `eq:welfare' on page 90 undefined on input line 129.

) (./revisions/2026-09-23-r18/paper/normalization.tex [90])
(./revisions/2026-09-23-r18/paper/wealth_compensation.tex
Underfull \hbox (badness 1092) in paragraph at lines 21--22
[]\T1/ptm/m/n/10.5 (+20) Directed cal-cu-la-tions check ev-ery one of the 20 fr
eshly gen-er-ated li-brary poli-cies.
) [91]) [92] (./revisions/2026-09-23-r18/paper/references.tex
No file ECTA_R24.brf.
)

Package natbib Warning: There were undefined citations.

[93] (./ECTA_R24.aux

Package natbib Warning: Citation(s) may have changed.
(natbib)                Rerun to get citations correct.

)

LaTeX Warning: There were undefined references.


LaTeX Warning: Label(s) may have changed. Rerun to get cross-references right.


Package rerunfilecheck Warning: File `ECTA_R24.out' has changed.
(rerunfilecheck)                Rerun to get outlines right
(rerunfilecheck)                or use package `bookmark'.


Package rerunfilecheck Warning: File `ECTA_R24.brf' has changed.
(rerunfilecheck)                Rerun to get bibliographical references right.

 )
(see the transcript file for additional information)</usr/share/texlive/texmf-d
ist/fonts/type1/public/amsfonts/cm/cmbx10.pfb></usr/share/texlive/texmf-dist/fo
nts/type1/public/amsfonts/cm/cmex10.pfb></usr/share/texlive/texmf-dist/fonts/ty
pe1/public/amsfonts/cm/cmmi10.pfb></usr/share/texlive/texmf-dist/fonts/type1/pu
blic/amsfonts/cm/cmmi5.pfb></usr/share/texlive/texmf-dist/fonts/type1/public/am
sfonts/cm/cmmi6.pfb></usr/share/texlive/texmf-dist/fonts/type1/public/amsfonts/
cm/cmmi8.pfb></usr/share/texlive/texmf-dist/fonts/type1/public/amsfonts/cm/cmmi
9.pfb></usr/share/texlive/texmf-dist/fonts/type1/public/amsfonts/cm/cmr10.pfb><
/usr/share/texlive/texmf-dist/fonts/type1/public/amsfonts/cm/cmr5.pfb></usr/sha
re/texlive/texmf-dist/fonts/type1/public/amsfonts/cm/cmr6.pfb></usr/share/texli
ve/texmf-dist/fonts/type1/public/amsfonts/cm/cmr8.pfb></usr/share/texlive/texmf
-dist/fonts/type1/public/amsfonts/cm/cmr9.pfb></usr/share/texlive/texmf-dist/fo
nts/type1/public/amsfonts/cm/cmsy10.pfb></usr/share/texlive/texmf-dist/fonts/ty
pe1/public/amsfonts/cm/cmsy5.pfb></usr/share/texlive/texmf-dist/fonts/type1/pub
lic/amsfonts/cm/cmsy6.pfb></usr/share/texlive/texmf-dist/fonts/type1/public/ams
fonts/cm/cmsy8.pfb></usr/share/texlive/texmf-dist/fonts/type1/public/amsfonts/c
m/cmsy9.pfb></usr/share/texlive/texmf-dist/fonts/type1/public/amsfonts/symbols/
msam10.pfb></usr/share/texlive/texmf-dist/fonts/type1/public/amsfonts/symbols/m
sbm10.pfb></usr/share/texlive/texmf-dist/fonts/type1/public/amsfonts/symbols/ms
bm7.pfb></usr/share/texlive/texmf-dist/fonts/type1/urw/courier/ucrr8a.pfb></usr
/share/texlive/texmf-dist/fonts/type1/urw/times/utmb8a.pfb></usr/share/texlive/
texmf-dist/fonts/type1/urw/times/utmr8a.pfb></usr/share/texlive/texmf-dist/font
s/type1/urw/times/utmri8a.pfb>
Output written on ECTA_R24.pdf (93 pages, 672885 bytes).
Transcript written on ECTA_R24.log.
Latexmk: Missing input file 'ECTA_R24.brf' (or dependence on it) from following:
  No file ECTA_R24.brf.
Latexmk: Getting log file 'ECTA_R24.log'
Latexmk: Examining 'ECTA_R24.fls'
Latexmk: Examining 'ECTA_R24.log'
Latexmk: References changed.
Latexmk: References changed.
Latexmk: References changed.
Latexmk: References changed.
Latexmk: Log file says output to 'ECTA_R24.pdf'
Latexmk: applying rule 'pdflatex'...
Rule 'pdflatex':  Reasons for rerun
Changed files or newly in use/created:
  ECTA_R24.aux
  ECTA_R24.brf
  ECTA_R24.out

------------
Run number 2 of rule 'pdflatex'
------------
------------
Running 'pdflatex  -interaction=nonstopmode -halt-on-error -recorder  "ECTA_R24.tex"'
------------
This is pdfTeX, Version 3.141592653-2.6-1.40.25 (TeX Live 2023/Debian) (preloaded format=pdflatex)
 restricted \write18 enabled.
entering extended mode
(./ECTA_R24.tex
LaTeX2e <2023-11-01> patch level 1
L3 programming layer <2024-01-22>
(./econsocart.cls
Document Class: econsocart 2022/11/21 v1.4.1, The Econometric Society Journals
(/usr/share/texlive/texmf-dist/tex/latex/etoolbox/etoolbox.sty)
(./econsocart.cfg) (/usr/share/texlive/texmf-dist/tex/latex/base/fix-cm.sty
(/usr/share/texlive/texmf-dist/tex/latex/base/ts1enc.def))
(/usr/share/texlive/texmf-dist/tex/latex/graphics/graphicx.sty
(/usr/share/texlive/texmf-dist/tex/latex/graphics/keyval.sty)
(/usr/share/texlive/texmf-dist/tex/latex/graphics/graphics.sty
(/usr/share/texlive/texmf-dist/tex/latex/graphics/trig.sty)
(/usr/share/texlive/texmf-dist/tex/latex/graphics-cfg/graphics.cfg)
(/usr/share/texlive/texmf-dist/tex/latex/graphics-def/pdftex.def)))
(/usr/share/texlive/texmf-dist/tex/latex/base/fontenc.sty)
(/usr/share/texlive/texmf-dist/tex/latex/psnfss/times.sty)
(/usr/share/texlive/texmf-dist/tex/latex/textcase/textcase.sty)
(/usr/share/texlive/texmf-dist/tex/latex/psnfss/helvet.sty)
(/usr/share/texlive/texmf-dist/tex/latex/base/textcomp.sty)
(/usr/share/texlive/texmf-dist/tex/latex/psnfss/t1ptm.fd)
(/usr/share/texlive/texmf-dist/tex/latex/amsfonts/amssymb.sty
(/usr/share/texlive/texmf-dist/tex/latex/amsfonts/amsfonts.sty))
(/usr/share/texlive/texmf-dist/tex/latex/tools/bm.sty)
(/usr/share/texlive/texmf-dist/tex/latex/url/url.sty)
(/usr/share/texlive/texmf-dist/tex/latex/amsmath/amsmath.sty
For additional information on amsmath, use the `?' option.
(/usr/share/texlive/texmf-dist/tex/latex/amsmath/amstext.sty
(/usr/share/texlive/texmf-dist/tex/latex/amsmath/amsgen.sty))
(/usr/share/texlive/texmf-dist/tex/latex/amsmath/amsbsy.sty)
(/usr/share/texlive/texmf-dist/tex/latex/amsmath/amsopn.sty))
(/usr/share/texlive/texmf-dist/tex/latex/amscls/amsthm.sty)
(/usr/share/texlive/texmf-dist/tex/latex/natbib/natbib.sty))
(/usr/share/texlive/texmf-dist/tex/latex/booktabs/booktabs.sty)
(/usr/share/texlive/texmf-dist/tex/latex/tools/tabularx.sty
(/usr/share/texlive/texmf-dist/tex/latex/tools/array.sty))
(/usr/share/texlive/texmf-dist/tex/latex/microtype/microtype.sty
(/usr/share/texlive/texmf-dist/tex/latex/microtype/microtype-pdftex.def)
(/usr/share/texlive/texmf-dist/tex/latex/microtype/microtype.cfg))
(/usr/share/texlive/texmf-dist/tex/latex/hyperref/hyperref.sty
(/usr/share/texlive/texmf-dist/tex/generic/iftex/iftex.sty)
(/usr/share/texlive/texmf-dist/tex/latex/kvsetkeys/kvsetkeys.sty)
(/usr/share/texlive/texmf-dist/tex/generic/kvdefinekeys/kvdefinekeys.sty)
(/usr/share/texlive/texmf-dist/tex/generic/pdfescape/pdfescape.sty
(/usr/share/texlive/texmf-dist/tex/generic/ltxcmds/ltxcmds.sty)
(/usr/share/texlive/texmf-dist/tex/generic/pdftexcmds/pdftexcmds.sty
(/usr/share/texlive/texmf-dist/tex/generic/infwarerr/infwarerr.sty)))
(/usr/share/texlive/texmf-dist/tex/latex/hycolor/hycolor.sty)
(/usr/share/texlive/texmf-dist/tex/latex/auxhook/auxhook.sty)
(/usr/share/texlive/texmf-dist/tex/latex/hyperref/nameref.sty
(/usr/share/texlive/texmf-dist/tex/latex/refcount/refcount.sty)
(/usr/share/texlive/texmf-dist/tex/generic/gettitlestring/gettitlestring.sty
(/usr/share/texlive/texmf-dist/tex/latex/kvoptions/kvoptions.sty)))
(/usr/share/texlive/texmf-dist/tex/latex/hyperref/pd1enc.def)
(/usr/share/texlive/texmf-dist/tex/generic/intcalc/intcalc.sty)
(/usr/share/texlive/texmf-dist/tex/latex/hyperref/puenc.def)
(/usr/share/texlive/texmf-dist/tex/generic/bitset/bitset.sty
(/usr/share/texlive/texmf-dist/tex/generic/bigintcalc/bigintcalc.sty))
(/usr/share/texlive/texmf-dist/tex/latex/base/atbegshi-ltx.sty))
(/usr/share/texlive/texmf-dist/tex/latex/hyperref/hpdftex.def
(/usr/share/texlive/texmf-dist/tex/latex/base/atveryend-ltx.sty)
(/usr/share/texlive/texmf-dist/tex/latex/rerunfilecheck/rerunfilecheck.sty
(/usr/share/texlive/texmf-dist/tex/generic/uniquecounter/uniquecounter.sty)))
(/usr/share/texlive/texmf-dist/tex/latex/xurl/xurl.sty)
(/usr/share/texlive/texmf-dist/tex/latex/tools/longtable.sty)
(./revisions/2026-09-22-r14/paper/result_macros.tex)
(./revisions/2026-09-23-r18/paper/result_macros.tex)
(./revisions/2026-09-23-r18/paper/new_macros.tex)
(./revisions/2026-09-23-r19/paper/result_macros.tex)
(./revisions/2026-09-23-r21/paper/result_macros.tex)
(./revisions/2026-09-23-r22/paper/result_macros.tex)
(./revisions/2026-09-23-r23/paper/result_macros.tex)
(./revisions/2026-09-23-r24/paper/result_macros.tex)
(/usr/share/texlive/texmf-dist/tex/latex/hyperref/backref.sty)
(/usr/share/texlive/texmf-dist/tex/latex/l3backend/l3backend-pdftex.def)
(./ECTA_R24.aux)
(/usr/share/texlive/texmf-dist/tex/context/base/mkii/supp-pdf.mkii
[Loading MPS to PDF converter (version 2006.09.02).]
) (/usr/share/texlive/texmf-dist/tex/latex/epstopdf-pkg/epstopdf-base.sty
(/usr/share/texlive/texmf-dist/tex/latex/latexconfig/epstopdf-sys.cfg))
(/usr/share/texlive/texmf-dist/tex/latex/microtype/mt-ptm.cfg) (./ECTA_R24.out)
 (./ECTA_R24.out) (/usr/share/texlive/texmf-dist/tex/latex/microtype/mt-cmr.cfg
) (/usr/share/texlive/texmf-dist/tex/latex/amsfonts/umsa.fd)
(/usr/share/texlive/texmf-dist/tex/latex/microtype/mt-msa.cfg)
(/usr/share/texlive/texmf-dist/tex/latex/amsfonts/umsb.fd)
(/usr/share/texlive/texmf-dist/tex/latex/microtype/mt-msb.cfg)

Package hyperref Warning: Ignoring empty anchor on input line 42.

(./revisions/2026-09-23-r24/paper/introduction.tex [1
Non-PDF special ignored!
<special> papersize=487.8225pt,704.63249pt
{/var/lib/texmf/fonts/map/pdftex/updmap/pdftex.map}{/usr/share/texlive/texmf-di
st/fonts/enc/dvips/base/8r.enc}])
(./revisions/2026-09-23-r18/paper/retained_foundations.tex [2] [3] [4])
(./revisions/2026-09-23-r24/paper/state.tex

Package amsmath Warning: Foreign command \over;
(amsmath)                \frac or \genfrac should be used instead
(amsmath)                 on input line 23.

[5] [6]) (./revisions/2026-09-23-r24/paper/geometry.tex [7] [8]
Underfull \hbox (badness 1622) in paragraph at lines 41--42
[][]\T1/ptm/m/sc/10.5 (+20) Theorem \T1/ptm/m/n/10.5 (+20) 4---Reduced-gradient
 per-tur-ba-tion\T1/ptm/m/sc/10.5 (+20) : \T1/ptm/m/it/10.5 (+20) On a com-mon 
root bracket sup-pose
[9]) (./revisions/2026-09-23-r24/paper/design.tex [10])
(./revisions/2026-09-23-r24/paper/results.tex [11]
(./revisions/2026-09-23-r24/paper/tuning_table.tex)
(./revisions/2026-09-23-r24/paper/heldout_table.tex)
(./revisions/2026-09-23-r24/paper/pairwise_table.tex) [12] [13]
(./revisions/2026-09-23-r24/paper/multicell_table.tex)
(./revisions/2026-09-23-r24/paper/reference_table.tex)
(./revisions/2026-09-23-r24/paper/failure_table.tex) [14])
(./revisions/2026-09-23-r24/paper/conclusion.tex [15])
(./revisions/2026-09-23-r24/paper/proofs.tex [16])
(./revisions/2026-09-23-r24/paper/historical_body.tex [17]
(./revisions/2026-09-23-r23/paper/introduction.tex [18])
(./revisions/2026-09-23-r22/paper/retained_r21_method.tex [19] [20] [21])
(./revisions/2026-09-23-r22/paper/method.tex [22] [23] [24])
(./revisions/2026-09-23-r23/paper/method.tex [25] [26])
(./revisions/2026-09-23-r23/paper/results.tex [27]
(./revisions/2026-09-23-r23/paper/crossed_table.tex)
(./revisions/2026-09-23-r23/paper/conditional_table.tex
(/usr/share/texlive/texmf-dist/tex/latex/psnfss/ts1ptm.fd)) [28] [29])
(./revisions/2026-09-23-r23/paper/conclusion.tex) [30])
(./revisions/2026-09-23-r23/paper/proofs.tex [31])
(./revisions/2026-09-23-r22/paper/proofs.tex [32] [33] [34])
(./revisions/2026-09-23-r21/paper/proofs.tex [35] [36] [37] [38])
(./revisions/2026-09-22-r14/paper/proofs.tex [39] [40] [41])
(./revisions/2026-09-23-r18/paper/new_proofs.tex [42] [43])
(./revisions/2026-09-23-r18/paper/aligned_proofs.tex [44]
Underfull \hbox (badness 1675) in paragraph at lines 31--34
\T1/ptm/m/n/10.5 (+20) with $\OML/cmm/m/it/10.5 A[]; P[] \OMS/cmsy/m/n/10.5 ^^T
 \OML/cmm/m/it/10.5 b$\T1/ptm/m/n/10.5 (+20) . Back-ward it-er-a-tion and the t
ri-an-gle in-equal-ity give []. Fi-nally,
[45] [46]) (./revisions/2026-09-23-r19/paper/proofs.tex [47] [48] [49])
(./revisions/2026-09-23-r23/paper/historical_development.tex [50]
(./revisions/2026-09-23-r22/paper/results.tex
(./revisions/2026-09-23-r22/paper/crossed_table.tex)
(./revisions/2026-09-23-r22/paper/conditional_table.tex) [51] [52])
(./revisions/2026-09-23-r22/paper/retained_r21_results.tex
(./revisions/2026-09-23-r21/paper/table_policy.tex) [53] [54])
(./revisions/2026-09-23-r21/paper/snapshot_review.tex [55]
(./revisions/2026-09-23-r21/paper/table_representation.tex)
(./revisions/2026-09-23-r21/paper/table_generation.tex) [56])
(./revisions/2026-09-23-r19/paper/policy_method.tex [57] [58])
(./revisions/2026-09-23-r19/paper/policy_results.tex
(./revisions/2026-09-23-r19/paper/tables/neural_values.tex) [59]
(./revisions/2026-09-23-r19/paper/tables/matched_economy.tex) [60])
(./revisions/2026-09-23-r19/paper/trace_analysis.tex [61]
(./revisions/2026-09-23-r19/paper/tables/trace_intervention.tex)
(./revisions/2026-09-23-r19/paper/tables/factorial.tex))
(./revisions/2026-09-23-r18/paper/new_method.tex [62] [63] [64] [65])
(./revisions/2026-09-23-r19/paper/benchmark_method.tex [66]
(/usr/share/texlive/texmf-dist/tex/latex/psnfss/t1pcr.fd) [67])
(./revisions/2026-09-23-r18/paper/retained_dual_state.tex [68] [69] [70])
(./revisions/2026-09-23-r18/paper/new_results.tex [71]
(./revisions/2026-09-23-r18/paper/aligned_neural_table.tex) [72]
(./revisions/2026-09-23-r18/paper/unrestricted_table.tex) [73])
(./revisions/2026-09-23-r18/paper/nonlinear_control.tex [74] [75]
(./revisions/2026-09-23-r18/paper/nonlinear_uniform_table.tex)
(./revisions/2026-09-23-r18/paper/nonlinear_comparison_table.tex))
(./revisions/2026-09-23-r19/paper/learned_frontier.tex [76] [77]
(./revisions/2026-09-23-r19/paper/tables/warm_main.tex) [78])
(./revisions/2026-09-23-r18/paper/inventory.tex [79]
(./revisions/2026-09-23-r18/paper/inventory_table.tex))
(./revisions/2026-09-23-r18/paper/riccati_extension.tex [80]
(./revisions/2026-09-23-r18/paper/riccati_table.tex))
(./revisions/2026-09-23-r18/paper/new_experiments.tex [81]
(./revisions/2026-09-23-r18/paper/neural_table.tex)
(./revisions/2026-09-23-r18/paper/baseline_table.tex) [82] [83]
(./revisions/2026-09-23-r18/paper/price_table.tex))
(./revisions/2026-09-23-r18/paper/retained_experiments.tex [84]
(./revisions/2026-09-22-r14/paper/tables/neural.tex)
(./revisions/2026-09-22-r14/paper/tables/boundary.tex) [85]
(./revisions/2026-09-22-r14/paper/tables/nodes.tex) [86]
(./revisions/2026-09-22-r14/paper/tables/dual_budget.tex)
(./revisions/2026-09-22-r14/paper/tables/robustness.tex) [87]
(./revisions/2026-09-22-r14/paper/tables/frontier.tex) [88]
(./revisions/2026-09-22-r14/paper/tables/welfare.tex)
(./revisions/2026-09-22-r14/paper/tables/regions.tex) [89])
(./revisions/2026-09-23-r18/paper/normalization.tex [90])
(./revisions/2026-09-23-r18/paper/wealth_compensation.tex
Underfull \hbox (badness 1092) in paragraph at lines 21--22
[]\T1/ptm/m/n/10.5 (+20) Directed cal-cu-la-tions check ev-ery one of the 20 fr
eshly gen-er-ated li-brary poli-cies.
) [91]) [92] (./revisions/2026-09-23-r18/paper/references.tex (./ECTA_R24.brf))
 [93] (./ECTA_R24.aux)

LaTeX Warning: Label(s) may have changed. Rerun to get cross-references right.


Package rerunfilecheck Warning: File `ECTA_R24.out' has changed.
(rerunfilecheck)                Rerun to get outlines right
(rerunfilecheck)                or use package `bookmark'.


Package rerunfilecheck Warning: File `ECTA_R24.brf' has changed.
(rerunfilecheck)                Rerun to get bibliographical references right.

 )
(see the transcript file for additional information)</usr/share/texlive/texmf-d
ist/fonts/type1/public/amsfonts/cm/cmbx10.pfb></usr/share/texlive/texmf-dist/fo
nts/type1/public/amsfonts/cm/cmex10.pfb></usr/share/texlive/texmf-dist/fonts/ty
pe1/public/amsfonts/cm/cmmi10.pfb></usr/share/texlive/texmf-dist/fonts/type1/pu
blic/amsfonts/cm/cmmi5.pfb></usr/share/texlive/texmf-dist/fonts/type1/public/am
sfonts/cm/cmmi6.pfb></usr/share/texlive/texmf-dist/fonts/type1/public/amsfonts/
cm/cmmi8.pfb></usr/share/texlive/texmf-dist/fonts/type1/public/amsfonts/cm/cmmi
9.pfb></usr/share/texlive/texmf-dist/fonts/type1/public/amsfonts/cm/cmr10.pfb><
/usr/share/texlive/texmf-dist/fonts/type1/public/amsfonts/cm/cmr5.pfb></usr/sha
re/texlive/texmf-dist/fonts/type1/public/amsfonts/cm/cmr6.pfb></usr/share/texli
ve/texmf-dist/fonts/type1/public/amsfonts/cm/cmr8.pfb></usr/share/texlive/texmf
-dist/fonts/type1/public/amsfonts/cm/cmr9.pfb></usr/share/texlive/texmf-dist/fo
nts/type1/public/amsfonts/cm/cmsy10.pfb></usr/share/texlive/texmf-dist/fonts/ty
pe1/public/amsfonts/cm/cmsy5.pfb></usr/share/texlive/texmf-dist/fonts/type1/pub
lic/amsfonts/cm/cmsy6.pfb></usr/share/texlive/texmf-dist/fonts/type1/public/ams
fonts/cm/cmsy8.pfb></usr/share/texlive/texmf-dist/fonts/type1/public/amsfonts/c
m/cmsy9.pfb></usr/share/texlive/texmf-dist/fonts/type1/public/amsfonts/symbols/
msam10.pfb></usr/share/texlive/texmf-dist/fonts/type1/public/amsfonts/symbols/m
sbm10.pfb></usr/share/texlive/texmf-dist/fonts/type1/public/amsfonts/symbols/ms
bm7.pfb></usr/share/texlive/texmf-dist/fonts/type1/urw/courier/ucrr8a.pfb></usr
/share/texlive/texmf-dist/fonts/type1/urw/times/utmr8a.pfb></usr/share/texlive/
texmf-dist/fonts/type1/urw/times/utmri8a.pfb>
Output written on ECTA_R24.pdf (93 pages, 683083 bytes).
Transcript written on ECTA_R24.log.
Latexmk: Getting log file 'ECTA_R24.log'
Latexmk: Examining 'ECTA_R24.fls'
Latexmk: Examining 'ECTA_R24.log'
Latexmk: References changed.
Latexmk: References changed.
Latexmk: References changed.
Latexmk: Log file says output to 'ECTA_R24.pdf'
Latexmk: applying rule 'pdflatex'...
Rule 'pdflatex':  Reasons for rerun
Changed files or newly in use/created:
  ECTA_R24.aux
  ECTA_R24.brf
  ECTA_R24.out

------------
Run number 3 of rule 'pdflatex'
------------
------------
Running 'pdflatex  -interaction=nonstopmode -halt-on-error -recorder  "ECTA_R24.tex"'
------------
This is pdfTeX, Version 3.141592653-2.6-1.40.25 (TeX Live 2023/Debian) (preloaded format=pdflatex)
 restricted \write18 enabled.
entering extended mode
(./ECTA_R24.tex
LaTeX2e <2023-11-01> patch level 1
L3 programming layer <2024-01-22>
(./econsocart.cls
Document Class: econsocart 2022/11/21 v1.4.1, The Econometric Society Journals
(/usr/share/texlive/texmf-dist/tex/latex/etoolbox/etoolbox.sty)
(./econsocart.cfg) (/usr/share/texlive/texmf-dist/tex/latex/base/fix-cm.sty
(/usr/share/texlive/texmf-dist/tex/latex/base/ts1enc.def))
(/usr/share/texlive/texmf-dist/tex/latex/graphics/graphicx.sty
(/usr/share/texlive/texmf-dist/tex/latex/graphics/keyval.sty)
(/usr/share/texlive/texmf-dist/tex/latex/graphics/graphics.sty
(/usr/share/texlive/texmf-dist/tex/latex/graphics/trig.sty)
(/usr/share/texlive/texmf-dist/tex/latex/graphics-cfg/graphics.cfg)
(/usr/share/texlive/texmf-dist/tex/latex/graphics-def/pdftex.def)))
(/usr/share/texlive/texmf-dist/tex/latex/base/fontenc.sty)
(/usr/share/texlive/texmf-dist/tex/latex/psnfss/times.sty)
(/usr/share/texlive/texmf-dist/tex/latex/textcase/textcase.sty)
(/usr/share/texlive/texmf-dist/tex/latex/psnfss/helvet.sty)
(/usr/share/texlive/texmf-dist/tex/latex/base/textcomp.sty)
(/usr/share/texlive/texmf-dist/tex/latex/psnfss/t1ptm.fd)
(/usr/share/texlive/texmf-dist/tex/latex/amsfonts/amssymb.sty
(/usr/share/texlive/texmf-dist/tex/latex/amsfonts/amsfonts.sty))
(/usr/share/texlive/texmf-dist/tex/latex/tools/bm.sty)
(/usr/share/texlive/texmf-dist/tex/latex/url/url.sty)
(/usr/share/texlive/texmf-dist/tex/latex/amsmath/amsmath.sty
For additional information on amsmath, use the `?' option.
(/usr/share/texlive/texmf-dist/tex/latex/amsmath/amstext.sty
(/usr/share/texlive/texmf-dist/tex/latex/amsmath/amsgen.sty))
(/usr/share/texlive/texmf-dist/tex/latex/amsmath/amsbsy.sty)
(/usr/share/texlive/texmf-dist/tex/latex/amsmath/amsopn.sty))
(/usr/share/texlive/texmf-dist/tex/latex/amscls/amsthm.sty)
(/usr/share/texlive/texmf-dist/tex/latex/natbib/natbib.sty))
(/usr/share/texlive/texmf-dist/tex/latex/booktabs/booktabs.sty)
(/usr/share/texlive/texmf-dist/tex/latex/tools/tabularx.sty
(/usr/share/texlive/texmf-dist/tex/latex/tools/array.sty))
(/usr/share/texlive/texmf-dist/tex/latex/microtype/microtype.sty
(/usr/share/texlive/texmf-dist/tex/latex/microtype/microtype-pdftex.def)
(/usr/share/texlive/texmf-dist/tex/latex/microtype/microtype.cfg))
(/usr/share/texlive/texmf-dist/tex/latex/hyperref/hyperref.sty
(/usr/share/texlive/texmf-dist/tex/generic/iftex/iftex.sty)
(/usr/share/texlive/texmf-dist/tex/latex/kvsetkeys/kvsetkeys.sty)
(/usr/share/texlive/texmf-dist/tex/generic/kvdefinekeys/kvdefinekeys.sty)
(/usr/share/texlive/texmf-dist/tex/generic/pdfescape/pdfescape.sty
(/usr/share/texlive/texmf-dist/tex/generic/ltxcmds/ltxcmds.sty)
(/usr/share/texlive/texmf-dist/tex/generic/pdftexcmds/pdftexcmds.sty
(/usr/share/texlive/texmf-dist/tex/generic/infwarerr/infwarerr.sty)))
(/usr/share/texlive/texmf-dist/tex/latex/hycolor/hycolor.sty)
(/usr/share/texlive/texmf-dist/tex/latex/auxhook/auxhook.sty)
(/usr/share/texlive/texmf-dist/tex/latex/hyperref/nameref.sty
(/usr/share/texlive/texmf-dist/tex/latex/refcount/refcount.sty)
(/usr/share/texlive/texmf-dist/tex/generic/gettitlestring/gettitlestring.sty
(/usr/share/texlive/texmf-dist/tex/latex/kvoptions/kvoptions.sty)))
(/usr/share/texlive/texmf-dist/tex/latex/hyperref/pd1enc.def)
(/usr/share/texlive/texmf-dist/tex/generic/intcalc/intcalc.sty)
(/usr/share/texlive/texmf-dist/tex/latex/hyperref/puenc.def)
(/usr/share/texlive/texmf-dist/tex/generic/bitset/bitset.sty
(/usr/share/texlive/texmf-dist/tex/generic/bigintcalc/bigintcalc.sty))
(/usr/share/texlive/texmf-dist/tex/latex/base/atbegshi-ltx.sty))
(/usr/share/texlive/texmf-dist/tex/latex/hyperref/hpdftex.def
(/usr/share/texlive/texmf-dist/tex/latex/base/atveryend-ltx.sty)
(/usr/share/texlive/texmf-dist/tex/latex/rerunfilecheck/rerunfilecheck.sty
(/usr/share/texlive/texmf-dist/tex/generic/uniquecounter/uniquecounter.sty)))
(/usr/share/texlive/texmf-dist/tex/latex/xurl/xurl.sty)
(/usr/share/texlive/texmf-dist/tex/latex/tools/longtable.sty)
(./revisions/2026-09-22-r14/paper/result_macros.tex)
(./revisions/2026-09-23-r18/paper/result_macros.tex)
(./revisions/2026-09-23-r18/paper/new_macros.tex)
(./revisions/2026-09-23-r19/paper/result_macros.tex)
(./revisions/2026-09-23-r21/paper/result_macros.tex)
(./revisions/2026-09-23-r22/paper/result_macros.tex)
(./revisions/2026-09-23-r23/paper/result_macros.tex)
(./revisions/2026-09-23-r24/paper/result_macros.tex)
(/usr/share/texlive/texmf-dist/tex/latex/hyperref/backref.sty)
(/usr/share/texlive/texmf-dist/tex/latex/l3backend/l3backend-pdftex.def)
(./ECTA_R24.aux)
(/usr/share/texlive/texmf-dist/tex/context/base/mkii/supp-pdf.mkii
[Loading MPS to PDF converter (version 2006.09.02).]
) (/usr/share/texlive/texmf-dist/tex/latex/epstopdf-pkg/epstopdf-base.sty
(/usr/share/texlive/texmf-dist/tex/latex/latexconfig/epstopdf-sys.cfg))
(/usr/share/texlive/texmf-dist/tex/latex/microtype/mt-ptm.cfg) (./ECTA_R24.out)
 (./ECTA_R24.out) (/usr/share/texlive/texmf-dist/tex/latex/microtype/mt-cmr.cfg
) (/usr/share/texlive/texmf-dist/tex/latex/amsfonts/umsa.fd)
(/usr/share/texlive/texmf-dist/tex/latex/microtype/mt-msa.cfg)
(/usr/share/texlive/texmf-dist/tex/latex/amsfonts/umsb.fd)
(/usr/share/texlive/texmf-dist/tex/latex/microtype/mt-msb.cfg)

Package hyperref Warning: Ignoring empty anchor on input line 42.

(./revisions/2026-09-23-r24/paper/introduction.tex [1
Non-PDF special ignored!
<special> papersize=487.8225pt,704.63249pt
{/var/lib/texmf/fonts/map/pdftex/updmap/pdftex.map}{/usr/share/texlive/texmf-di
st/fonts/enc/dvips/base/8r.enc}])
(./revisions/2026-09-23-r18/paper/retained_foundations.tex [2] [3] [4])
(./revisions/2026-09-23-r24/paper/state.tex

Package amsmath Warning: Foreign command \over;
(amsmath)                \frac or \genfrac should be used instead
(amsmath)                 on input line 23.

[5] [6]) (./revisions/2026-09-23-r24/paper/geometry.tex [7] [8]
Underfull \hbox (badness 1622) in paragraph at lines 41--42
[][]\T1/ptm/m/sc/10.5 (+20) Theorem \T1/ptm/m/n/10.5 (+20) 4---Reduced-gradient
 per-tur-ba-tion\T1/ptm/m/sc/10.5 (+20) : \T1/ptm/m/it/10.5 (+20) On a com-mon 
root bracket sup-pose
[9]) (./revisions/2026-09-23-r24/paper/design.tex [10])
(./revisions/2026-09-23-r24/paper/results.tex [11]
(./revisions/2026-09-23-r24/paper/tuning_table.tex)
(./revisions/2026-09-23-r24/paper/heldout_table.tex)
(./revisions/2026-09-23-r24/paper/pairwise_table.tex) [12] [13]
(./revisions/2026-09-23-r24/paper/multicell_table.tex)
(./revisions/2026-09-23-r24/paper/reference_table.tex)
(./revisions/2026-09-23-r24/paper/failure_table.tex) [14])
(./revisions/2026-09-23-r24/paper/conclusion.tex [15])
(./revisions/2026-09-23-r24/paper/proofs.tex [16])
(./revisions/2026-09-23-r24/paper/historical_body.tex [17]
(./revisions/2026-09-23-r23/paper/introduction.tex [18])
(./revisions/2026-09-23-r22/paper/retained_r21_method.tex [19] [20] [21])
(./revisions/2026-09-23-r22/paper/method.tex [22] [23] [24])
(./revisions/2026-09-23-r23/paper/method.tex [25] [26])
(./revisions/2026-09-23-r23/paper/results.tex [27]
(./revisions/2026-09-23-r23/paper/crossed_table.tex)
(./revisions/2026-09-23-r23/paper/conditional_table.tex
(/usr/share/texlive/texmf-dist/tex/latex/psnfss/ts1ptm.fd)) [28] [29])
(./revisions/2026-09-23-r23/paper/conclusion.tex) [30])
(./revisions/2026-09-23-r23/paper/proofs.tex [31])
(./revisions/2026-09-23-r22/paper/proofs.tex [32] [33] [34])
(./revisions/2026-09-23-r21/paper/proofs.tex [35] [36] [37] [38])
(./revisions/2026-09-22-r14/paper/proofs.tex [39] [40] [41])
(./revisions/2026-09-23-r18/paper/new_proofs.tex [42] [43])
(./revisions/2026-09-23-r18/paper/aligned_proofs.tex [44]
Underfull \hbox (badness 1675) in paragraph at lines 31--34
\T1/ptm/m/n/10.5 (+20) with $\OML/cmm/m/it/10.5 A[]; P[] \OMS/cmsy/m/n/10.5 ^^T
 \OML/cmm/m/it/10.5 b$\T1/ptm/m/n/10.5 (+20) . Back-ward it-er-a-tion and the t
ri-an-gle in-equal-ity give []. Fi-nally,
[45] [46]) (./revisions/2026-09-23-r19/paper/proofs.tex [47] [48] [49])
(./revisions/2026-09-23-r23/paper/historical_development.tex [50]
(./revisions/2026-09-23-r22/paper/results.tex
(./revisions/2026-09-23-r22/paper/crossed_table.tex)
(./revisions/2026-09-23-r22/paper/conditional_table.tex) [51] [52])
(./revisions/2026-09-23-r22/paper/retained_r21_results.tex
(./revisions/2026-09-23-r21/paper/table_policy.tex) [53] [54])
(./revisions/2026-09-23-r21/paper/snapshot_review.tex [55]
(./revisions/2026-09-23-r21/paper/table_representation.tex)
(./revisions/2026-09-23-r21/paper/table_generation.tex) [56])
(./revisions/2026-09-23-r19/paper/policy_method.tex [57] [58])
(./revisions/2026-09-23-r19/paper/policy_results.tex
(./revisions/2026-09-23-r19/paper/tables/neural_values.tex) [59]
(./revisions/2026-09-23-r19/paper/tables/matched_economy.tex) [60])
(./revisions/2026-09-23-r19/paper/trace_analysis.tex [61]
(./revisions/2026-09-23-r19/paper/tables/trace_intervention.tex)
(./revisions/2026-09-23-r19/paper/tables/factorial.tex))
(./revisions/2026-09-23-r18/paper/new_method.tex [62] [63] [64] [65])
(./revisions/2026-09-23-r19/paper/benchmark_method.tex [66]
(/usr/share/texlive/texmf-dist/tex/latex/psnfss/t1pcr.fd) [67])
(./revisions/2026-09-23-r18/paper/retained_dual_state.tex [68] [69] [70])
(./revisions/2026-09-23-r18/paper/new_results.tex [71]
(./revisions/2026-09-23-r18/paper/aligned_neural_table.tex) [72]
(./revisions/2026-09-23-r18/paper/unrestricted_table.tex) [73])
(./revisions/2026-09-23-r18/paper/nonlinear_control.tex [74] [75]
(./revisions/2026-09-23-r18/paper/nonlinear_uniform_table.tex)
(./revisions/2026-09-23-r18/paper/nonlinear_comparison_table.tex))
(./revisions/2026-09-23-r19/paper/learned_frontier.tex [76] [77]
(./revisions/2026-09-23-r19/paper/tables/warm_main.tex) [78])
(./revisions/2026-09-23-r18/paper/inventory.tex [79]
(./revisions/2026-09-23-r18/paper/inventory_table.tex))
(./revisions/2026-09-23-r18/paper/riccati_extension.tex [80]
(./revisions/2026-09-23-r18/paper/riccati_table.tex))
(./revisions/2026-09-23-r18/paper/new_experiments.tex [81]
(./revisions/2026-09-23-r18/paper/neural_table.tex)
(./revisions/2026-09-23-r18/paper/baseline_table.tex) [82] [83]
(./revisions/2026-09-23-r18/paper/price_table.tex))
(./revisions/2026-09-23-r18/paper/retained_experiments.tex [84]
(./revisions/2026-09-22-r14/paper/tables/neural.tex)
(./revisions/2026-09-22-r14/paper/tables/boundary.tex) [85]
(./revisions/2026-09-22-r14/paper/tables/nodes.tex) [86]
(./revisions/2026-09-22-r14/paper/tables/dual_budget.tex)
(./revisions/2026-09-22-r14/paper/tables/robustness.tex) [87]
(./revisions/2026-09-22-r14/paper/tables/frontier.tex) [88]
(./revisions/2026-09-22-r14/paper/tables/welfare.tex)
(./revisions/2026-09-22-r14/paper/tables/regions.tex) [89])
(./revisions/2026-09-23-r18/paper/normalization.tex [90])
(./revisions/2026-09-23-r18/paper/wealth_compensation.tex
Underfull \hbox (badness 1092) in paragraph at lines 21--22
[]\T1/ptm/m/n/10.5 (+20) Directed cal-cu-la-tions check ev-ery one of the 20 fr
eshly gen-er-ated li-brary poli-cies.
) [91]) [92] (./revisions/2026-09-23-r18/paper/references.tex (./ECTA_R24.brf))
 [93] (./ECTA_R24.aux) )
(see the transcript file for additional information)</usr/share/texlive/texmf-d
ist/fonts/type1/public/amsfonts/cm/cmbx10.pfb></usr/share/texlive/texmf-dist/fo
nts/type1/public/amsfonts/cm/cmex10.pfb></usr/share/texlive/texmf-dist/fonts/ty
pe1/public/amsfonts/cm/cmmi10.pfb></usr/share/texlive/texmf-dist/fonts/type1/pu
blic/amsfonts/cm/cmmi5.pfb></usr/share/texlive/texmf-dist/fonts/type1/public/am
sfonts/cm/cmmi6.pfb></usr/share/texlive/texmf-dist/fonts/type1/public/amsfonts/
cm/cmmi8.pfb></usr/share/texlive/texmf-dist/fonts/type1/public/amsfonts/cm/cmmi
9.pfb></usr/share/texlive/texmf-dist/fonts/type1/public/amsfonts/cm/cmr10.pfb><
/usr/share/texlive/texmf-dist/fonts/type1/public/amsfonts/cm/cmr5.pfb></usr/sha
re/texlive/texmf-dist/fonts/type1/public/amsfonts/cm/cmr6.pfb></usr/share/texli
ve/texmf-dist/fonts/type1/public/amsfonts/cm/cmr8.pfb></usr/share/texlive/texmf
-dist/fonts/type1/public/amsfonts/cm/cmr9.pfb></usr/share/texlive/texmf-dist/fo
nts/type1/public/amsfonts/cm/cmsy10.pfb></usr/share/texlive/texmf-dist/fonts/ty
pe1/public/amsfonts/cm/cmsy5.pfb></usr/share/texlive/texmf-dist/fonts/type1/pub
lic/amsfonts/cm/cmsy6.pfb></usr/share/texlive/texmf-dist/fonts/type1/public/ams
fonts/cm/cmsy8.pfb></usr/share/texlive/texmf-dist/fonts/type1/public/amsfonts/c
m/cmsy9.pfb></usr/share/texlive/texmf-dist/fonts/type1/public/amsfonts/symbols/
msam10.pfb></usr/share/texlive/texmf-dist/fonts/type1/public/amsfonts/symbols/m
sbm10.pfb></usr/share/texlive/texmf-dist/fonts/type1/public/amsfonts/symbols/ms
bm7.pfb></usr/share/texlive/texmf-dist/fonts/type1/urw/courier/ucrr8a.pfb></usr
/share/texlive/texmf-dist/fonts/type1/urw/times/utmr8a.pfb></usr/share/texlive/
texmf-dist/fonts/type1/urw/times/utmri8a.pfb>
Output written on ECTA_R24.pdf (93 pages, 683114 bytes).
Transcript written on ECTA_R24.log.
Latexmk: Getting log file 'ECTA_R24.log'
Latexmk: Examining 'ECTA_R24.fls'
Latexmk: Examining 'ECTA_R24.log'
Latexmk: Log file says output to 'ECTA_R24.pdf'
Latexmk: All targets (ECTA_R24.pdf) are up-to-date

