Rc files read:
  /etc/LatexMk
Latexmk: This is Latexmk, John Collins, 31 Jan. 2024. Version 4.83.
No existing .aux file, so I'll make a simple one, and require run of *latex.
Latexmk: applying rule 'pdflatex'...
Rule 'pdflatex':  Reasons for rerun
Category 'other':
  Rerun of 'pdflatex' forced or previously required:
    Reason or flag: 'Initial setup'

------------
Run number 1 of rule 'pdflatex'
------------
------------
Running 'pdflatex  -interaction=nonstopmode -halt-on-error -recorder  "SUPP_R24.tex"'
------------
This is pdfTeX, Version 3.141592653-2.6-1.40.25 (TeX Live 2023/Debian) (preloaded format=pdflatex)
 restricted \write18 enabled.
entering extended mode
(./SUPP_R24.tex
LaTeX2e <2023-11-01> patch level 1
L3 programming layer <2024-01-22>
(./econsocart.cls
Document Class: econsocart 2022/11/21 v1.4.1, The Econometric Society Journals
(/usr/share/texlive/texmf-dist/tex/latex/etoolbox/etoolbox.sty)
(./econsocart.cfg) (/usr/share/texlive/texmf-dist/tex/latex/base/fix-cm.sty
(/usr/share/texlive/texmf-dist/tex/latex/base/ts1enc.def))
(/usr/share/texlive/texmf-dist/tex/latex/graphics/graphicx.sty
(/usr/share/texlive/texmf-dist/tex/latex/graphics/keyval.sty)
(/usr/share/texlive/texmf-dist/tex/latex/graphics/graphics.sty
(/usr/share/texlive/texmf-dist/tex/latex/graphics/trig.sty)
(/usr/share/texlive/texmf-dist/tex/latex/graphics-cfg/graphics.cfg)
(/usr/share/texlive/texmf-dist/tex/latex/graphics-def/pdftex.def)))
(/usr/share/texlive/texmf-dist/tex/latex/base/fontenc.sty)
(/usr/share/texlive/texmf-dist/tex/latex/psnfss/times.sty)
(/usr/share/texlive/texmf-dist/tex/latex/textcase/textcase.sty)
(/usr/share/texlive/texmf-dist/tex/latex/psnfss/helvet.sty)
(/usr/share/texlive/texmf-dist/tex/latex/base/textcomp.sty)
(/usr/share/texlive/texmf-dist/tex/latex/psnfss/t1ptm.fd)
(/usr/share/texlive/texmf-dist/tex/latex/amsfonts/amssymb.sty
(/usr/share/texlive/texmf-dist/tex/latex/amsfonts/amsfonts.sty))
(/usr/share/texlive/texmf-dist/tex/latex/tools/bm.sty)
(/usr/share/texlive/texmf-dist/tex/latex/url/url.sty)
(/usr/share/texlive/texmf-dist/tex/latex/amsmath/amsmath.sty
For additional information on amsmath, use the `?' option.
(/usr/share/texlive/texmf-dist/tex/latex/amsmath/amstext.sty
(/usr/share/texlive/texmf-dist/tex/latex/amsmath/amsgen.sty))
(/usr/share/texlive/texmf-dist/tex/latex/amsmath/amsbsy.sty)
(/usr/share/texlive/texmf-dist/tex/latex/amsmath/amsopn.sty))
(/usr/share/texlive/texmf-dist/tex/latex/amscls/amsthm.sty)
(/usr/share/texlive/texmf-dist/tex/latex/natbib/natbib.sty))
(/usr/share/texlive/texmf-dist/tex/latex/booktabs/booktabs.sty)
(/usr/share/texlive/texmf-dist/tex/latex/tools/tabularx.sty
(/usr/share/texlive/texmf-dist/tex/latex/tools/array.sty))
(/usr/share/texlive/texmf-dist/tex/latex/microtype/microtype.sty
(/usr/share/texlive/texmf-dist/tex/latex/microtype/microtype-pdftex.def)
(/usr/share/texlive/texmf-dist/tex/latex/microtype/microtype.cfg))
(/usr/share/texlive/texmf-dist/tex/latex/hyperref/hyperref.sty
(/usr/share/texlive/texmf-dist/tex/generic/iftex/iftex.sty)
(/usr/share/texlive/texmf-dist/tex/latex/kvsetkeys/kvsetkeys.sty)
(/usr/share/texlive/texmf-dist/tex/generic/kvdefinekeys/kvdefinekeys.sty)
(/usr/share/texlive/texmf-dist/tex/generic/pdfescape/pdfescape.sty
(/usr/share/texlive/texmf-dist/tex/generic/ltxcmds/ltxcmds.sty)
(/usr/share/texlive/texmf-dist/tex/generic/pdftexcmds/pdftexcmds.sty
(/usr/share/texlive/texmf-dist/tex/generic/infwarerr/infwarerr.sty)))
(/usr/share/texlive/texmf-dist/tex/latex/hycolor/hycolor.sty)
(/usr/share/texlive/texmf-dist/tex/latex/auxhook/auxhook.sty)
(/usr/share/texlive/texmf-dist/tex/latex/hyperref/nameref.sty
(/usr/share/texlive/texmf-dist/tex/latex/refcount/refcount.sty)
(/usr/share/texlive/texmf-dist/tex/generic/gettitlestring/gettitlestring.sty
(/usr/share/texlive/texmf-dist/tex/latex/kvoptions/kvoptions.sty)))
(/usr/share/texlive/texmf-dist/tex/latex/hyperref/pd1enc.def)
(/usr/share/texlive/texmf-dist/tex/generic/intcalc/intcalc.sty)
(/usr/share/texlive/texmf-dist/tex/latex/hyperref/puenc.def)
(/usr/share/texlive/texmf-dist/tex/generic/bitset/bitset.sty
(/usr/share/texlive/texmf-dist/tex/generic/bigintcalc/bigintcalc.sty))
(/usr/share/texlive/texmf-dist/tex/latex/base/atbegshi-ltx.sty))
(/usr/share/texlive/texmf-dist/tex/latex/hyperref/hpdftex.def
(/usr/share/texlive/texmf-dist/tex/latex/base/atveryend-ltx.sty)
(/usr/share/texlive/texmf-dist/tex/latex/rerunfilecheck/rerunfilecheck.sty
(/usr/share/texlive/texmf-dist/tex/generic/uniquecounter/uniquecounter.sty)))
(/usr/share/texlive/texmf-dist/tex/latex/xurl/xurl.sty)
(/usr/share/texlive/texmf-dist/tex/latex/tools/longtable.sty)
(/usr/share/texlive/texmf-dist/tex/latex/tools/xr.sty)
(/usr/share/texlive/texmf-dist/tex/latex/pgfplots/pgfplots.sty
(/usr/share/texlive/texmf-dist/tex/generic/pgfplots/pgfplots.revision.tex)
(/usr/share/texlive/texmf-dist/tex/latex/pgf/frontendlayer/tikz.sty
(/usr/share/texlive/texmf-dist/tex/latex/pgf/basiclayer/pgf.sty
(/usr/share/texlive/texmf-dist/tex/latex/pgf/utilities/pgfrcs.sty
(/usr/share/texlive/texmf-dist/tex/generic/pgf/utilities/pgfutil-common.tex)
(/usr/share/texlive/texmf-dist/tex/generic/pgf/utilities/pgfutil-latex.def)
(/usr/share/texlive/texmf-dist/tex/generic/pgf/utilities/pgfrcs.code.tex
(/usr/share/texlive/texmf-dist/tex/generic/pgf/pgf.revision.tex)))
(/usr/share/texlive/texmf-dist/tex/latex/pgf/basiclayer/pgfcore.sty
(/usr/share/texlive/texmf-dist/tex/latex/pgf/systemlayer/pgfsys.sty
(/usr/share/texlive/texmf-dist/tex/generic/pgf/systemlayer/pgfsys.code.tex
(/usr/share/texlive/texmf-dist/tex/generic/pgf/utilities/pgfkeys.code.tex
(/usr/share/texlive/texmf-dist/tex/generic/pgf/utilities/pgfkeyslibraryfiltered
.code.tex)) (/usr/share/texlive/texmf-dist/tex/generic/pgf/systemlayer/pgf.cfg)
(/usr/share/texlive/texmf-dist/tex/generic/pgf/systemlayer/pgfsys-pdftex.def
(/usr/share/texlive/texmf-dist/tex/generic/pgf/systemlayer/pgfsys-common-pdf.de
f)))
(/usr/share/texlive/texmf-dist/tex/generic/pgf/systemlayer/pgfsyssoftpath.code.
tex)
(/usr/share/texlive/texmf-dist/tex/generic/pgf/systemlayer/pgfsysprotocol.code.
tex)) (/usr/share/texlive/texmf-dist/tex/latex/xcolor/xcolor.sty
(/usr/share/texlive/texmf-dist/tex/latex/graphics-cfg/color.cfg)
(/usr/share/texlive/texmf-dist/tex/latex/graphics/mathcolor.ltx))
(/usr/share/texlive/texmf-dist/tex/generic/pgf/basiclayer/pgfcore.code.tex
(/usr/share/texlive/texmf-dist/tex/generic/pgf/math/pgfmath.code.tex
(/usr/share/texlive/texmf-dist/tex/generic/pgf/math/pgfmathutil.code.tex)
(/usr/share/texlive/texmf-dist/tex/generic/pgf/math/pgfmathparser.code.tex)
(/usr/share/texlive/texmf-dist/tex/generic/pgf/math/pgfmathfunctions.code.tex)
(/usr/share/texlive/texmf-dist/tex/generic/pgf/math/pgfmathfunctions.basic.code
.tex)
(/usr/share/texlive/texmf-dist/tex/generic/pgf/math/pgfmathfunctions.trigonomet
ric.code.tex)
(/usr/share/texlive/texmf-dist/tex/generic/pgf/math/pgfmathfunctions.random.cod
e.tex)
(/usr/share/texlive/texmf-dist/tex/generic/pgf/math/pgfmathfunctions.comparison
.code.tex)
(/usr/share/texlive/texmf-dist/tex/generic/pgf/math/pgfmathfunctions.base.code.
tex)
(/usr/share/texlive/texmf-dist/tex/generic/pgf/math/pgfmathfunctions.round.code
.tex)
(/usr/share/texlive/texmf-dist/tex/generic/pgf/math/pgfmathfunctions.misc.code.
tex)
(/usr/share/texlive/texmf-dist/tex/generic/pgf/math/pgfmathfunctions.integerari
thmetics.code.tex)
(/usr/share/texlive/texmf-dist/tex/generic/pgf/math/pgfmathcalc.code.tex)
(/usr/share/texlive/texmf-dist/tex/generic/pgf/math/pgfmathfloat.code.tex))
(/usr/share/texlive/texmf-dist/tex/generic/pgf/math/pgfint.code.tex)
(/usr/share/texlive/texmf-dist/tex/generic/pgf/basiclayer/pgfcorepoints.code.te
x)
(/usr/share/texlive/texmf-dist/tex/generic/pgf/basiclayer/pgfcorepathconstruct.
code.tex)
(/usr/share/texlive/texmf-dist/tex/generic/pgf/basiclayer/pgfcorepathusage.code
.tex)
(/usr/share/texlive/texmf-dist/tex/generic/pgf/basiclayer/pgfcorescopes.code.te
x)
(/usr/share/texlive/texmf-dist/tex/generic/pgf/basiclayer/pgfcoregraphicstate.c
ode.tex)
(/usr/share/texlive/texmf-dist/tex/generic/pgf/basiclayer/pgfcoretransformation
s.code.tex)
(/usr/share/texlive/texmf-dist/tex/generic/pgf/basiclayer/pgfcorequick.code.tex
)
(/usr/share/texlive/texmf-dist/tex/generic/pgf/basiclayer/pgfcoreobjects.code.t
ex)
(/usr/share/texlive/texmf-dist/tex/generic/pgf/basiclayer/pgfcorepathprocessing
.code.tex)
(/usr/share/texlive/texmf-dist/tex/generic/pgf/basiclayer/pgfcorearrows.code.te
x)
(/usr/share/texlive/texmf-dist/tex/generic/pgf/basiclayer/pgfcoreshade.code.tex
)
(/usr/share/texlive/texmf-dist/tex/generic/pgf/basiclayer/pgfcoreimage.code.tex
)
(/usr/share/texlive/texmf-dist/tex/generic/pgf/basiclayer/pgfcoreexternal.code.
tex)
(/usr/share/texlive/texmf-dist/tex/generic/pgf/basiclayer/pgfcorelayers.code.te
x)
(/usr/share/texlive/texmf-dist/tex/generic/pgf/basiclayer/pgfcoretransparency.c
ode.tex)
(/usr/share/texlive/texmf-dist/tex/generic/pgf/basiclayer/pgfcorepatterns.code.
tex)
(/usr/share/texlive/texmf-dist/tex/generic/pgf/basiclayer/pgfcorerdf.code.tex))
)
(/usr/share/texlive/texmf-dist/tex/generic/pgf/modules/pgfmoduleshapes.code.tex
) (/usr/share/texlive/texmf-dist/tex/generic/pgf/modules/pgfmoduleplot.code.tex
)
(/usr/share/texlive/texmf-dist/tex/latex/pgf/compatibility/pgfcomp-version-0-65
.sty)
(/usr/share/texlive/texmf-dist/tex/latex/pgf/compatibility/pgfcomp-version-1-18
.sty)) (/usr/share/texlive/texmf-dist/tex/latex/pgf/utilities/pgffor.sty
(/usr/share/texlive/texmf-dist/tex/latex/pgf/utilities/pgfkeys.sty
(/usr/share/texlive/texmf-dist/tex/generic/pgf/utilities/pgfkeys.code.tex))
(/usr/share/texlive/texmf-dist/tex/latex/pgf/math/pgfmath.sty
(/usr/share/texlive/texmf-dist/tex/generic/pgf/math/pgfmath.code.tex))
(/usr/share/texlive/texmf-dist/tex/generic/pgf/utilities/pgffor.code.tex))
(/usr/share/texlive/texmf-dist/tex/generic/pgf/frontendlayer/tikz/tikz.code.tex

(/usr/share/texlive/texmf-dist/tex/generic/pgf/libraries/pgflibraryplothandlers
.code.tex)
(/usr/share/texlive/texmf-dist/tex/generic/pgf/modules/pgfmodulematrix.code.tex
)
(/usr/share/texlive/texmf-dist/tex/generic/pgf/frontendlayer/tikz/libraries/tik
zlibrarytopaths.code.tex)))
(/usr/share/texlive/texmf-dist/tex/generic/pgfplots/pgfplots.code.tex
(/usr/share/texlive/texmf-dist/tex/generic/pgfplots/pgfplotscore.code.tex
(/usr/share/texlive/texmf-dist/tex/generic/pgfplots/sys/pgfplotssysgeneric.code
.tex))
(/usr/share/texlive/texmf-dist/tex/generic/pgfplots/libs/pgfplotslibrary.code.t
ex)
(/usr/share/texlive/texmf-dist/tex/generic/pgfplots/oldpgfcompatib/pgfplotsoldp
gfsupp_loader.code.tex
(/usr/share/texlive/texmf-dist/tex/generic/pgf/libraries/pgflibraryfpu.code.tex
)
Package pgfplots: loading complementary utilities for your pgf version...

(/usr/share/texlive/texmf-dist/tex/generic/pgfplots/oldpgfcompatib/pgfplotsoldp
gfsupp_pgfutil-common-lists.tex))
(/usr/share/texlive/texmf-dist/tex/generic/pgfplots/util/pgfplotsutil.code.tex
(/usr/share/texlive/texmf-dist/tex/generic/pgfplots/liststructure/pgfplotslists
tructure.code.tex)
(/usr/share/texlive/texmf-dist/tex/generic/pgfplots/liststructure/pgfplotslists
tructureext.code.tex)
(/usr/share/texlive/texmf-dist/tex/generic/pgfplots/liststructure/pgfplotsarray
.code.tex)
(/usr/share/texlive/texmf-dist/tex/generic/pgfplots/liststructure/pgfplotsmatri
x.code.tex)
(/usr/share/texlive/texmf-dist/tex/generic/pgfplots/numtable/pgfplotstableshare
d.code.tex)
(/usr/share/texlive/texmf-dist/tex/generic/pgfplots/liststructure/pgfplotsdeque
.code.tex)
(/usr/share/texlive/texmf-dist/tex/generic/pgfplots/util/pgfplotsbinary.code.te
x
(/usr/share/texlive/texmf-dist/tex/generic/pgfplots/util/pgfplotsbinary.data.co
de.tex))
(/usr/share/texlive/texmf-dist/tex/generic/pgfplots/util/pgfplotsutil.verb.code
.tex)
(/usr/share/texlive/texmf-dist/tex/generic/pgfplots/libs/pgflibrarypgfplots.sur
fshading.code.tex
(/usr/share/texlive/texmf-dist/tex/generic/pgfplots/sys/pgflibrarypgfplots.surf
shading.pgfsys-pdftex.def)))
(/usr/share/texlive/texmf-dist/tex/generic/pgfplots/util/pgfplotscolormap.code.
tex
(/usr/share/texlive/texmf-dist/tex/generic/pgfplots/util/pgfplotscolor.code.tex
))
(/usr/share/texlive/texmf-dist/tex/generic/pgfplots/pgfplotsstackedplots.code.t
ex)
(/usr/share/texlive/texmf-dist/tex/generic/pgfplots/pgfplotsplothandlers.code.t
ex
(/usr/share/texlive/texmf-dist/tex/generic/pgfplots/pgfplotsmeshplothandler.cod
e.tex
(/usr/share/texlive/texmf-dist/tex/generic/pgfplots/pgfplotsmeshplotimage.code.
tex)))
(/usr/share/texlive/texmf-dist/tex/generic/pgfplots/pgfplots.scaling.code.tex)
(/usr/share/texlive/texmf-dist/tex/generic/pgfplots/pgfplotscoordprocessing.cod
e.tex)
(/usr/share/texlive/texmf-dist/tex/generic/pgfplots/pgfplots.errorbars.code.tex
) (/usr/share/texlive/texmf-dist/tex/generic/pgfplots/pgfplots.markers.code.tex
) (/usr/share/texlive/texmf-dist/tex/generic/pgfplots/pgfplotsticks.code.tex)
(/usr/share/texlive/texmf-dist/tex/generic/pgfplots/pgfplots.paths.code.tex)
(/usr/share/texlive/texmf-dist/tex/generic/pgf/frontendlayer/tikz/libraries/tik
zlibrarydecorations.code.tex
(/usr/share/texlive/texmf-dist/tex/generic/pgf/modules/pgfmoduledecorations.cod
e.tex))
(/usr/share/texlive/texmf-dist/tex/generic/pgf/frontendlayer/tikz/libraries/tik
zlibrarydecorations.pathmorphing.code.tex
(/usr/share/texlive/texmf-dist/tex/generic/pgf/libraries/decorations/pgflibrary
decorations.pathmorphing.code.tex))
(/usr/share/texlive/texmf-dist/tex/generic/pgf/frontendlayer/tikz/libraries/tik
zlibrarydecorations.pathreplacing.code.tex
(/usr/share/texlive/texmf-dist/tex/generic/pgf/libraries/decorations/pgflibrary
decorations.pathreplacing.code.tex))
(/usr/share/texlive/texmf-dist/tex/generic/pgfplots/libs/tikzlibrarypgfplots.co
ntourlua.code.tex))
(/usr/share/texlive/texmf-dist/tex/generic/pgf/frontendlayer/tikz/libraries/tik
zlibraryplotmarks.code.tex
(/usr/share/texlive/texmf-dist/tex/generic/pgf/libraries/pgflibraryplotmarks.co
de.tex))) (./revisions/2026-09-22-r14/paper/result_macros.tex)
(./revisions/2026-09-23-r18/paper/result_macros.tex)
(./revisions/2026-09-23-r18/paper/new_macros.tex)
(./revisions/2026-09-23-r19/paper/result_macros.tex)
(./revisions/2026-09-23-r21/paper/result_macros.tex)
(./revisions/2026-09-23-r22/paper/result_macros.tex)
(./revisions/2026-09-23-r23/paper/result_macros.tex)
(./revisions/2026-09-23-r24/paper/result_macros.tex)
(/usr/share/texlive/texmf-dist/tex/latex/hyperref/backref.sty)
(/usr/share/texlive/texmf-dist/tex/latex/l3backend/l3backend-pdftex.def)
(./SUPP_R24.aux)
(/usr/share/texlive/texmf-dist/tex/context/base/mkii/supp-pdf.mkii
[Loading MPS to PDF converter (version 2006.09.02).]
) (/usr/share/texlive/texmf-dist/tex/latex/epstopdf-pkg/epstopdf-base.sty
(/usr/share/texlive/texmf-dist/tex/latex/latexconfig/epstopdf-sys.cfg))
(/usr/share/texlive/texmf-dist/tex/latex/microtype/mt-ptm.cfg)
Package pgfplots notification 'compat/show suggested version=true': document ha
s been generated with the most recent feature set (\pgfplotsset{compat=1.18}).

(./revisions/2026-09-23-r24/paper/supplement.tex
(/usr/share/texlive/texmf-dist/tex/latex/psnfss/t1pcr.fd)
(/usr/share/texlive/texmf-dist/tex/latex/microtype/mt-cmr.cfg)
(/usr/share/texlive/texmf-dist/tex/latex/amsfonts/umsa.fd)
(/usr/share/texlive/texmf-dist/tex/latex/microtype/mt-msa.cfg)
(/usr/share/texlive/texmf-dist/tex/latex/amsfonts/umsb.fd)
(/usr/share/texlive/texmf-dist/tex/latex/microtype/mt-msb.cfg)
Underfull \hbox (badness 2334) in paragraph at lines 23--23
\T1/ptm/m/n/9.5 (+20) weights; conditional-price iden-tity;

Underfull \hbox (badness 6252) in paragraph at lines 23--23
[]|\T1/ptm/m/n/9.5 (+20) Original full Brow-n-ian fil-tra-tion;

Underfull \hbox (badness 857) in paragraph at lines 23--23
\T1/ptm/m/n/9.5 (+20) shared shocks; con-vex ex-plicit up-

Underfull \hbox (badness 804) in paragraph at lines 23--23
[]|\T1/ptm/m/n/9.5 (+20) Deterministic ref-er-ence; ex-act con-
(./revisions/2026-09-23-r24/paper/cost_table.tex)
(./revisions/2026-09-23-r24/paper/curves.tex [1
Non-PDF special ignored!
<special> papersize=487.8225pt,704.63249pt
{/var/lib/texmf/fonts/map/pdftex/updmap/pdftex.map}{/usr/share/texlive/texmf-di
st/fonts/enc/dvips/base/8r.enc}] [2]) [3] [4] [5] [6]
(./revisions/2026-09-23-r24/paper/full_ledger.tex

Package longtable Warning: Column widths have changed
(longtable)                in table III on input line 113.

[7] [8]

Package longtable Warning: Column widths have changed
(longtable)                in table IV on input line 256.

[9] [10] [11])) [12] (./revisions/2026-09-23-r23/paper/supplement.tex
(./revisions/2026-09-23-r23/paper/dependency_table.tex
Underfull \hbox (badness 10000) in paragraph at lines 5--5
[]|\T1/ptm/m/n/8.5 (+20) Financed quo-

Underfull \hbox (badness 10000) in paragraph at lines 5--5
\T1/ptm/m/n/8.5 (+20) bracket and

Underfull \hbox (badness 10000) in paragraph at lines 5--5
[]|\T1/ptm/m/n/8.5 (+20) MPFR di-rected

Underfull \hbox (badness 10000) in paragraph at lines 5--5
\T1/ptm/m/n/8.5 (+20) en-clo-sures; proof-

Underfull \hbox (badness 10000) in paragraph at lines 5--5
\T1/ptm/m/n/8.5 (+20) for 72 frozen

Underfull \hbox (badness 10000) in paragraph at lines 6--6
[]|\T1/ptm/m/n/8.5 (+20) MPFR in-ter-val

Underfull \hbox (badness 1331) in paragraph at lines 6--6
\T1/ptm/m/n/8.5 (+20) elim-i-na-tion; proof-

Underfull \hbox (badness 6032) in paragraph at lines 7--7
[]|\T1/ptm/m/n/8.5 (+20) Uniform pay-off

Underfull \hbox (badness 900) in paragraph at lines 7--7
\T1/ptm/m/n/8.5 (+20) Hes-sian bounds, pair mo-

Underfull \hbox (badness 1137) in paragraph at lines 7--7
\T1/pcr/m/n/8.5 m _ a u d i t . py$\T1/ptm/m/n/8.5 (+20) , \T1/pcr/m/n/8.5 main
\T1/ptm/m/n/8.5 (+20) ; $\T1/pcr/m/n/8.5 r e s u

Underfull \hbox (badness 3118) in paragraph at lines 7--7
\T1/pcr/m/n/8.5 l t s / c o n t i n u u m . j s on$\T1/ptm/m/n/8.5 (+20) ;

Underfull \hbox (badness 1297) in paragraph at lines 7--7
\T1/ptm/m/n/8.5 (+20) R22 $\T1/pcr/m/n/8.5 m o m e n t _ j e n s e n . py$\T1/p
tm/m/n/8.5 (+20) ,

Underfull \hbox (badness 10000) in paragraph at lines 7--7
[]|\T1/ptm/m/n/8.5 (+20) Directed ra-tio-

Underfull \hbox (badness 7832) in paragraph at lines 7--7
\T1/ptm/m/n/8.5 (+20) proof-critical con-

Underfull \hbox (badness 10000) in paragraph at lines 7--7
\T1/ptm/m/n/8.5 (+20) tin-uum trans-fer.

Underfull \hbox (badness 1831) in paragraph at lines 7--7
\T1/ptm/m/n/8.5 (+20) uses the in-her-ited

Underfull \hbox (badness 10000) in paragraph at lines 8--8
[]|\T1/ptm/m/n/8.5 (+20) Fixed-policy lower/upper

Underfull \hbox (badness 10000) in paragraph at lines 8--8
\T1/ptm/m/n/8.5 (+20) sep-a-ra-tion; un-changed

Underfull \hbox (badness 1776) in paragraph at lines 8--8
\T1/ptm/m/n/8.5 (+20) con-tin-u-ous stopped-model

Underfull \hbox (badness 10000) in paragraph at lines 8--8
[]|\T1/ptm/m/n/8.5 (+20) Directed pay-off

Underfull \hbox (badness 10000) in paragraph at lines 8--8
\T1/ptm/m/n/8.5 (+20) cer-tifi-cate; proof-

Underfull \hbox (badness 1902) in paragraph at lines 8--8
\T1/ptm/m/n/8.5 (+20) Pro-posal ob-jec-tive

Underfull \hbox (badness 10000) in paragraph at lines 9--9
[]|\T1/ptm/m/n/8.5 (+20) Global all-start-

Underfull \hbox (badness 1297) in paragraph at lines 9--9
[]|\T1/ptm/m/n/8.5 (+20) R22 $\T1/pcr/m/n/8.5 t i m e _ e n v e l o p e . py$\T
1/ptm/m/n/8.5 (+20) ,

Underfull \hbox (badness 3780) in paragraph at lines 9--9
[]|\T1/ptm/m/n/8.5 (+20) MPFR cell cover

Underfull \hbox (badness 8075) in paragraph at lines 9--9
\T1/ptm/m/n/8.5 (+20) and di-rected dis-

Underfull \hbox (badness 10000) in paragraph at lines 9--9
\T1/ptm/m/n/8.5 (+20) counted suf-fix;

Underfull \hbox (badness 3701) in paragraph at lines 9--9
\T1/ptm/m/n/8.5 (+20) proof-critical. Not

Underfull \hbox (badness 10000) in paragraph at lines 9--9
\T1/ptm/m/n/8.5 (+20) iden-ti-fied ac-tor

Underfull \hbox (badness 10000) in paragraph at lines 10--10
[]|\T1/ptm/m/n/8.5 (+20) Root deriva-tive

Underfull \hbox (badness 10000) in paragraph at lines 10--10
\T1/ptm/m/n/8.5 (+20) and quo-tient

Underfull \hbox (badness 1400) in paragraph at lines 10--10
[]|\T1/ptm/m/n/8.5 (+20) Ordinary bi-nary64

Underfull \hbox (badness 10000) in paragraph at lines 10--10
\T1/ptm/m/n/8.5 (+20) fi-nite dif-fer-ences

Underfull \hbox (badness 5245) in paragraph at lines 11--11
[]|\T1/ptm/m/n/8.5 (+20) Restoration and

Underfull \hbox (badness 6188) in paragraph at lines 11--11
[]|\T1/ptm/m/n/8.5 (+20) State hashes and

Underfull \hbox (badness 10000) in paragraph at lines 11--11
\T1/ptm/m/n/8.5 (+20) di-rected pay-off

Underfull \hbox (badness 10000) in paragraph at lines 11--11
\T1/ptm/m/n/8.5 (+20) in-ter-vals; im-ple-

Underfull \hbox (badness 10000) in paragraph at lines 11--11
\T1/ptm/m/n/8.5 (+20) not con-ver-gence

Underfull \hbox (badness 10000) in paragraph at lines 12--12
[]|\T1/ptm/m/n/8.5 (+20) Sufficient re-

Underfull \hbox (badness 10000) in paragraph at lines 12--12
\T1/ptm/m/n/8.5 (+20) budgeted in-cre-

Underfull \hbox (badness 1789) in paragraph at lines 12--12
\T1/ptm/m/n/8.5 (+20) par-i-son; not min-i-

Underfull \hbox (badness 3386) in paragraph at lines 13--13
[]|\T1/ptm/m/n/8.5 (+20) Analytic com-plex-

Underfull \hbox (badness 6741) in paragraph at lines 13--13
\T1/ptm/m/n/8.5 (+20) ity plus or-di-nary
[13]) (./revisions/2026-09-23-r23/paper/full_ledger.tex [14] [15]) [16])
(./revisions/2026-09-23-r22/paper/supplement.tex
Underfull \hbox (badness 10000) in paragraph at lines 21--21
[]|\T1/ptm/m/n/9.5 (+20) Unequal-

Underfull \hbox (badness 10000) in paragraph at lines 21--21
\T1/ptm/m/n/9.5 (+20) initialization

Underfull \hbox (badness 10000) in paragraph at lines 21--21
[]|\T1/ptm/m/n/9.5 (+20) Complex quadra-

Underfull \hbox (badness 10000) in paragraph at lines 21--21
[]|\T1/ptm/m/n/9.5 (+20) Full-state global

Underfull \hbox (badness 1072) in paragraph at lines 21--21
[]|\T1/ptm/m/n/9.5 (+20) Accessible-face trace the-o-rem and

Underfull \hbox (badness 1354) in paragraph at lines 21--21
[]|\T1/ptm/m/n/9.5 (+20) Matched ini-tial-iza-

Underfull \hbox (badness 2245) in paragraph at lines 21--21
[]|$\T1/pcr/m/n/9.5 c r o s s e d . py$\T1/ptm/m/n/9.5 (+20) ; ex-act delivered
-

Underfull \hbox (badness 832) in paragraph at lines 21--21
[]|\T1/ptm/m/n/9.5 (+20) Actor deriva-tives at four spec-i-fied
(./revisions/2026-09-23-r22/paper/full_ledger.tex [17]

Package longtable Warning: Column widths have changed
(longtable)                in table VIII on input line 55.

[18]) (./revisions/2026-09-23-r22/paper/repair_table.tex)
(./revisions/2026-09-23-r22/paper/runtime_table.tex) [19])
(./revisions/2026-09-23-r21/paper/supplement.tex [20]
(./revisions/2026-09-23-r21/paper/table_cost.tex)
(./revisions/2026-09-23-r21/paper/table_price.tex) [21])
(./revisions/2026-09-23-r19/paper/supplement.tex [22]

LaTeX Warning: Reference `tab:r19traces0' on page 23 undefined on input line 7.



LaTeX Warning: Reference `tab:r19traces1' on page 23 undefined on input line 7.


(./revisions/2026-09-23-r19/paper/tables/traces0.tex)
(./revisions/2026-09-23-r19/paper/tables/traces1.tex)
(./revisions/2026-09-23-r19/paper/tables/classical_signed.tex) [23]
(./revisions/2026-09-23-r19/paper/tables/warm_details_8.tex)
(./revisions/2026-09-23-r19/paper/tables/warm_details_32.tex)
(./revisions/2026-09-23-r19/paper/tables/warm_details_128.tex) [24] [25])
(./revisions/2026-09-23-r18/paper/aligned_supplement.tex
Underfull \hbox (badness 2042) in paragraph at lines 2--3
[]\T1/ptm/m/n/10.5 (+20) The cur-rent manuscript is \T1/pcr/m/n/10.5 ECTA_R18.t
ex \T1/ptm/m/n/10.5 (+20) with its com-piled PDF. This sup-ple-

Underfull \hbox (badness 3396) in paragraph at lines 2--3
\T1/ptm/m/n/10.5 (+20) ment is \T1/pcr/m/n/10.5 SUPP_R18.tex\T1/ptm/m/n/10.5 (+
20) . The point-by-point re-sponse is sup-plied in both Mark-

Underfull \hbox (badness 4660) in paragraph at lines 2--3
\T1/pcr/m/n/10.5 reviews/2026-09-23-econometrica-r16/\T1/ptm/m/n/10.5 (+20) . I
ts im-mutable re-view com-mit is
[26] [27] [28] [29] [30] [31] [32])
(./revisions/2026-09-23-r18/paper/supplement.tex [33]
(./revisions/2026-09-23-r18/paper/neural_refinement_table.tex) [34]
(./revisions/2026-09-23-r18/paper/mpfr_nodes_table.tex) [35]
(./revisions/2026-09-23-r18/paper/inventory_refinement_table.tex)
(./revisions/2026-09-23-r18/paper/inventory_dimension_table.tex)
(./revisions/2026-09-23-r18/paper/resource_table.tex) [36] [37])
(./revisions/2026-09-22-r14/paper/supplement.tex [38]

LaTeX Warning: Reference `supp:plane' on page 39 undefined on input line 36.


LaTeX Warning: Reference `supp:Psi' on page 39 undefined on input line 43.

[39] [40]

LaTeX Warning: Reference `supp:exactA' on page 41 undefined on input line 112.


LaTeX Warning: Reference `supp:D2' on page 41 undefined on input line 112.


LaTeX Warning: Reference `supp:exactA' on page 41 undefined on input line 125.


LaTeX Warning: Reference `supp:primitive' on page 41 undefined on input line 13
2.


LaTeX Warning: Reference `supp:floor' on page 41 undefined on input line 150.

[41]

Package natbib Warning: Citation `NISTQuadrature' on page 42 undefined on input
 line 179.

[42]

LaTeX Warning: Reference `supp:cauchy' on page 43 undefined on input line 201.

[43]

LaTeX Warning: Reference `supp:stop' on page 44 undefined on input line 219.


LaTeX Warning: Reference `supp:Psi' on page 44 undefined on input line 224.

[44] [45] (./revisions/2026-09-22-r14/paper/tables/policy_regions.tex) [46]
Underfull \hbox (badness 10000) in paragraph at lines 311--311
[]|\T1/ptm/m/n/9.5 (+20) Recursive util-ity, so-phis-ti-cated

Underfull \hbox (badness 10000) in paragraph at lines 311--311
\T1/ptm/m/n/9.5 (+20) selves, games, stochas-tic trace
) [47] (./revisions/2026-09-23-r18/paper/introduction.tex [48]

Package natbib Warning: Citation `Judd1998' on page 49 undefined on input line 
15.


Package natbib Warning: Citation `KushnerDupuis2001' on page 49 undefined on in
put line 15.


Package natbib Warning: Citation `BarlesSouganidis1991' on page 49 undefined on
 input line 15.


Package natbib Warning: Citation `BrummScheidegger2017' on page 49 undefined on
 input line 15.


Package natbib Warning: Citation `BrownSmithSun2010' on page 49 undefined on in
put line 15.


Package natbib Warning: Citation `BrownSmith2011' on page 49 undefined on input
 line 15.


Package natbib Warning: Citation `HanE2016' on page 49 undefined on input line 
15.


Package natbib Warning: Citation `HanJentzenE2018' on page 49 undefined on inpu
t line 15.


Package natbib Warning: Citation `CaiFangZhou2025' on page 49 undefined on inpu
t line 15.


Package natbib Warning: Citation `FousseEtAl2007' on page 49 undefined on input
 line 17.

) (./revisions/2026-09-23-r18/paper/conclusion.tex) [49] [50]
(./revisions/2026-09-23-r19/paper/introduction.tex [51]

Package natbib Warning: Citation `Judd1998' on page 52 undefined on input line 
19.


Package natbib Warning: Citation `KushnerDupuis2001' on page 52 undefined on in
put line 19.


Package natbib Warning: Citation `BarlesSouganidis1991' on page 52 undefined on
 input line 19.


Package natbib Warning: Citation `BrummScheidegger2017' on page 52 undefined on
 input line 19.


Package natbib Warning: Citation `BrownSmithSun2010' on page 52 undefined on in
put line 19.


Package natbib Warning: Citation `BrownSmith2011' on page 52 undefined on input
 line 19.


Package natbib Warning: Citation `HanE2016' on page 52 undefined on input line 
19.


Package natbib Warning: Citation `HanJentzenE2018' on page 52 undefined on inpu
t line 19.


Package natbib Warning: Citation `CaiFangZhou2025' on page 52 undefined on inpu
t line 19.


Package natbib Warning: Citation `FousseEtAl2007' on page 52 undefined on input
 line 19.

) (./revisions/2026-09-23-r19/paper/conclusion.tex) [52] [53]
(./revisions/2026-09-23-r21/paper/introduction.tex)
(./revisions/2026-09-23-r21/paper/conclusion.tex [54]) [55]
(./revisions/2026-09-23-r22/paper/introduction.tex)
(./revisions/2026-09-23-r22/paper/conclusion.tex [56]) [57]
(./revisions/2026-09-23-r18/paper/references.tex
No file SUPP_R24.brf.
)

Package natbib Warning: There were undefined citations.

[58]

Package longtable Warning: Table widths have changed. Rerun LaTeX.

(./SUPP_R24.aux

Package natbib Warning: Citation(s) may have changed.
(natbib)                Rerun to get citations correct.

)

LaTeX Warning: There were undefined references.


LaTeX Warning: Label(s) may have changed. Rerun to get cross-references right.


Package rerunfilecheck Warning: File `SUPP_R24.out' has changed.
(rerunfilecheck)                Rerun to get outlines right
(rerunfilecheck)                or use package `bookmark'.


Package rerunfilecheck Warning: File `SUPP_R24.brf' has changed.
(rerunfilecheck)                Rerun to get bibliographical references right.

 )
(see the transcript file for additional information)
pdfTeX warning (dest): name{proposition.17} has been referenced but does not ex
ist, replaced by a fixed one


pdfTeX warning (dest): name{theorem.13} has been referenced but does not exist,
 replaced by a fixed one


pdfTeX warning (dest): name{equation.E.38} has been referenced but does not exi
st, replaced by a fixed one


pdfTeX warning (dest): name{subsection.L.2} has been referenced but does not ex
ist, replaced by a fixed one


pdfTeX warning (dest): name{appendix.L} has been referenced but does not exist,
 replaced by a fixed one


pdfTeX warning (dest): name{proposition.7} has been referenced but does not exi
st, replaced by a fixed one


pdfTeX warning (dest): name{proposition.9} has been referenced but does not exi
st, replaced by a fixed one


pdfTeX warning (dest): name{proposition.6} has been referenced but does not exi
st, replaced by a fixed one


pdfTeX warning (dest): name{theorem.8} has been referenced but does not exist, 
replaced by a fixed one


pdfTeX warning (dest): name{proposition.8} has been referenced but does not exi
st, replaced by a fixed one


pdfTeX warning (dest): name{theorem.9} has been referenced but does not exist, 
replaced by a fixed one

</usr/share/texlive/texmf-dist/fonts/type1/public/amsfonts/cm/cmex10.pfb></usr/
share/texlive/texmf-dist/fonts/type1/public/amsfonts/cm/cmmi10.pfb></usr/share/
texlive/texmf-dist/fonts/type1/public/amsfonts/cm/cmmi5.pfb></usr/share/texlive
/texmf-dist/fonts/type1/public/amsfonts/cm/cmmi6.pfb></usr/share/texlive/texmf-
dist/fonts/type1/public/amsfonts/cm/cmmi8.pfb></usr/share/texlive/texmf-dist/fo
nts/type1/public/amsfonts/cm/cmmi9.pfb></usr/share/texlive/texmf-dist/fonts/typ
e1/public/amsfonts/cm/cmr10.pfb></usr/share/texlive/texmf-dist/fonts/type1/publ
ic/amsfonts/cm/cmr5.pfb></usr/share/texlive/texmf-dist/fonts/type1/public/amsfo
nts/cm/cmr6.pfb></usr/share/texlive/texmf-dist/fonts/type1/public/amsfonts/cm/c
mr8.pfb></usr/share/texlive/texmf-dist/fonts/type1/public/amsfonts/cm/cmr9.pfb>
</usr/share/texlive/texmf-dist/fonts/type1/public/amsfonts/cm/cmsy10.pfb></usr/
share/texlive/texmf-dist/fonts/type1/public/amsfonts/cm/cmsy5.pfb></usr/share/t
exlive/texmf-dist/fonts/type1/public/amsfonts/cm/cmsy6.pfb></usr/share/texlive/
texmf-dist/fonts/type1/public/amsfonts/cm/cmsy8.pfb></usr/share/texlive/texmf-d
ist/fonts/type1/public/amsfonts/cm/cmsy9.pfb></usr/share/texlive/texmf-dist/fon
ts/type1/public/amsfonts/symbols/msbm10.pfb></usr/share/texlive/texmf-dist/font
s/type1/urw/courier/ucrr8a.pfb></usr/share/texlive/texmf-dist/fonts/type1/urw/t
imes/utmb8a.pfb></usr/share/texlive/texmf-dist/fonts/type1/urw/times/utmr8a.pfb
></usr/share/texlive/texmf-dist/fonts/type1/urw/times/utmri8a.pfb>
Output written on SUPP_R24.pdf (58 pages, 432212 bytes).
Transcript written on SUPP_R24.log.
Latexmk: Missing input file 'SUPP_R24.brf' (or dependence on it) from following:
  No file SUPP_R24.brf.
Latexmk: Getting log file 'SUPP_R24.log'
Latexmk: Examining 'SUPP_R24.fls'
Latexmk: Examining 'SUPP_R24.log'
Latexmk: References changed.
Latexmk: References changed.
Latexmk: References changed.
Latexmk: References changed.
Latexmk: Log file says output to 'SUPP_R24.pdf'
Latexmk: applying rule 'pdflatex'...
Rule 'pdflatex':  Reasons for rerun
Changed files or newly in use/created:
  SUPP_R24.aux
  SUPP_R24.brf
  SUPP_R24.out

------------
Run number 2 of rule 'pdflatex'
------------
------------
Running 'pdflatex  -interaction=nonstopmode -halt-on-error -recorder  "SUPP_R24.tex"'
------------
This is pdfTeX, Version 3.141592653-2.6-1.40.25 (TeX Live 2023/Debian) (preloaded format=pdflatex)
 restricted \write18 enabled.
entering extended mode
(./SUPP_R24.tex
LaTeX2e <2023-11-01> patch level 1
L3 programming layer <2024-01-22>
(./econsocart.cls
Document Class: econsocart 2022/11/21 v1.4.1, The Econometric Society Journals
(/usr/share/texlive/texmf-dist/tex/latex/etoolbox/etoolbox.sty)
(./econsocart.cfg) (/usr/share/texlive/texmf-dist/tex/latex/base/fix-cm.sty
(/usr/share/texlive/texmf-dist/tex/latex/base/ts1enc.def))
(/usr/share/texlive/texmf-dist/tex/latex/graphics/graphicx.sty
(/usr/share/texlive/texmf-dist/tex/latex/graphics/keyval.sty)
(/usr/share/texlive/texmf-dist/tex/latex/graphics/graphics.sty
(/usr/share/texlive/texmf-dist/tex/latex/graphics/trig.sty)
(/usr/share/texlive/texmf-dist/tex/latex/graphics-cfg/graphics.cfg)
(/usr/share/texlive/texmf-dist/tex/latex/graphics-def/pdftex.def)))
(/usr/share/texlive/texmf-dist/tex/latex/base/fontenc.sty)
(/usr/share/texlive/texmf-dist/tex/latex/psnfss/times.sty)
(/usr/share/texlive/texmf-dist/tex/latex/textcase/textcase.sty)
(/usr/share/texlive/texmf-dist/tex/latex/psnfss/helvet.sty)
(/usr/share/texlive/texmf-dist/tex/latex/base/textcomp.sty)
(/usr/share/texlive/texmf-dist/tex/latex/psnfss/t1ptm.fd)
(/usr/share/texlive/texmf-dist/tex/latex/amsfonts/amssymb.sty
(/usr/share/texlive/texmf-dist/tex/latex/amsfonts/amsfonts.sty))
(/usr/share/texlive/texmf-dist/tex/latex/tools/bm.sty)
(/usr/share/texlive/texmf-dist/tex/latex/url/url.sty)
(/usr/share/texlive/texmf-dist/tex/latex/amsmath/amsmath.sty
For additional information on amsmath, use the `?' option.
(/usr/share/texlive/texmf-dist/tex/latex/amsmath/amstext.sty
(/usr/share/texlive/texmf-dist/tex/latex/amsmath/amsgen.sty))
(/usr/share/texlive/texmf-dist/tex/latex/amsmath/amsbsy.sty)
(/usr/share/texlive/texmf-dist/tex/latex/amsmath/amsopn.sty))
(/usr/share/texlive/texmf-dist/tex/latex/amscls/amsthm.sty)
(/usr/share/texlive/texmf-dist/tex/latex/natbib/natbib.sty))
(/usr/share/texlive/texmf-dist/tex/latex/booktabs/booktabs.sty)
(/usr/share/texlive/texmf-dist/tex/latex/tools/tabularx.sty
(/usr/share/texlive/texmf-dist/tex/latex/tools/array.sty))
(/usr/share/texlive/texmf-dist/tex/latex/microtype/microtype.sty
(/usr/share/texlive/texmf-dist/tex/latex/microtype/microtype-pdftex.def)
(/usr/share/texlive/texmf-dist/tex/latex/microtype/microtype.cfg))
(/usr/share/texlive/texmf-dist/tex/latex/hyperref/hyperref.sty
(/usr/share/texlive/texmf-dist/tex/generic/iftex/iftex.sty)
(/usr/share/texlive/texmf-dist/tex/latex/kvsetkeys/kvsetkeys.sty)
(/usr/share/texlive/texmf-dist/tex/generic/kvdefinekeys/kvdefinekeys.sty)
(/usr/share/texlive/texmf-dist/tex/generic/pdfescape/pdfescape.sty
(/usr/share/texlive/texmf-dist/tex/generic/ltxcmds/ltxcmds.sty)
(/usr/share/texlive/texmf-dist/tex/generic/pdftexcmds/pdftexcmds.sty
(/usr/share/texlive/texmf-dist/tex/generic/infwarerr/infwarerr.sty)))
(/usr/share/texlive/texmf-dist/tex/latex/hycolor/hycolor.sty)
(/usr/share/texlive/texmf-dist/tex/latex/auxhook/auxhook.sty)
(/usr/share/texlive/texmf-dist/tex/latex/hyperref/nameref.sty
(/usr/share/texlive/texmf-dist/tex/latex/refcount/refcount.sty)
(/usr/share/texlive/texmf-dist/tex/generic/gettitlestring/gettitlestring.sty
(/usr/share/texlive/texmf-dist/tex/latex/kvoptions/kvoptions.sty)))
(/usr/share/texlive/texmf-dist/tex/latex/hyperref/pd1enc.def)
(/usr/share/texlive/texmf-dist/tex/generic/intcalc/intcalc.sty)
(/usr/share/texlive/texmf-dist/tex/latex/hyperref/puenc.def)
(/usr/share/texlive/texmf-dist/tex/generic/bitset/bitset.sty
(/usr/share/texlive/texmf-dist/tex/generic/bigintcalc/bigintcalc.sty))
(/usr/share/texlive/texmf-dist/tex/latex/base/atbegshi-ltx.sty))
(/usr/share/texlive/texmf-dist/tex/latex/hyperref/hpdftex.def
(/usr/share/texlive/texmf-dist/tex/latex/base/atveryend-ltx.sty)
(/usr/share/texlive/texmf-dist/tex/latex/rerunfilecheck/rerunfilecheck.sty
(/usr/share/texlive/texmf-dist/tex/generic/uniquecounter/uniquecounter.sty)))
(/usr/share/texlive/texmf-dist/tex/latex/xurl/xurl.sty)
(/usr/share/texlive/texmf-dist/tex/latex/tools/longtable.sty)
(/usr/share/texlive/texmf-dist/tex/latex/tools/xr.sty)
(/usr/share/texlive/texmf-dist/tex/latex/pgfplots/pgfplots.sty
(/usr/share/texlive/texmf-dist/tex/generic/pgfplots/pgfplots.revision.tex)
(/usr/share/texlive/texmf-dist/tex/latex/pgf/frontendlayer/tikz.sty
(/usr/share/texlive/texmf-dist/tex/latex/pgf/basiclayer/pgf.sty
(/usr/share/texlive/texmf-dist/tex/latex/pgf/utilities/pgfrcs.sty
(/usr/share/texlive/texmf-dist/tex/generic/pgf/utilities/pgfutil-common.tex)
(/usr/share/texlive/texmf-dist/tex/generic/pgf/utilities/pgfutil-latex.def)
(/usr/share/texlive/texmf-dist/tex/generic/pgf/utilities/pgfrcs.code.tex
(/usr/share/texlive/texmf-dist/tex/generic/pgf/pgf.revision.tex)))
(/usr/share/texlive/texmf-dist/tex/latex/pgf/basiclayer/pgfcore.sty
(/usr/share/texlive/texmf-dist/tex/latex/pgf/systemlayer/pgfsys.sty
(/usr/share/texlive/texmf-dist/tex/generic/pgf/systemlayer/pgfsys.code.tex
(/usr/share/texlive/texmf-dist/tex/generic/pgf/utilities/pgfkeys.code.tex
(/usr/share/texlive/texmf-dist/tex/generic/pgf/utilities/pgfkeyslibraryfiltered
.code.tex)) (/usr/share/texlive/texmf-dist/tex/generic/pgf/systemlayer/pgf.cfg)
(/usr/share/texlive/texmf-dist/tex/generic/pgf/systemlayer/pgfsys-pdftex.def
(/usr/share/texlive/texmf-dist/tex/generic/pgf/systemlayer/pgfsys-common-pdf.de
f)))
(/usr/share/texlive/texmf-dist/tex/generic/pgf/systemlayer/pgfsyssoftpath.code.
tex)
(/usr/share/texlive/texmf-dist/tex/generic/pgf/systemlayer/pgfsysprotocol.code.
tex)) (/usr/share/texlive/texmf-dist/tex/latex/xcolor/xcolor.sty
(/usr/share/texlive/texmf-dist/tex/latex/graphics-cfg/color.cfg)
(/usr/share/texlive/texmf-dist/tex/latex/graphics/mathcolor.ltx))
(/usr/share/texlive/texmf-dist/tex/generic/pgf/basiclayer/pgfcore.code.tex
(/usr/share/texlive/texmf-dist/tex/generic/pgf/math/pgfmath.code.tex
(/usr/share/texlive/texmf-dist/tex/generic/pgf/math/pgfmathutil.code.tex)
(/usr/share/texlive/texmf-dist/tex/generic/pgf/math/pgfmathparser.code.tex)
(/usr/share/texlive/texmf-dist/tex/generic/pgf/math/pgfmathfunctions.code.tex)
(/usr/share/texlive/texmf-dist/tex/generic/pgf/math/pgfmathfunctions.basic.code
.tex)
(/usr/share/texlive/texmf-dist/tex/generic/pgf/math/pgfmathfunctions.trigonomet
ric.code.tex)
(/usr/share/texlive/texmf-dist/tex/generic/pgf/math/pgfmathfunctions.random.cod
e.tex)
(/usr/share/texlive/texmf-dist/tex/generic/pgf/math/pgfmathfunctions.comparison
.code.tex)
(/usr/share/texlive/texmf-dist/tex/generic/pgf/math/pgfmathfunctions.base.code.
tex)
(/usr/share/texlive/texmf-dist/tex/generic/pgf/math/pgfmathfunctions.round.code
.tex)
(/usr/share/texlive/texmf-dist/tex/generic/pgf/math/pgfmathfunctions.misc.code.
tex)
(/usr/share/texlive/texmf-dist/tex/generic/pgf/math/pgfmathfunctions.integerari
thmetics.code.tex)
(/usr/share/texlive/texmf-dist/tex/generic/pgf/math/pgfmathcalc.code.tex)
(/usr/share/texlive/texmf-dist/tex/generic/pgf/math/pgfmathfloat.code.tex))
(/usr/share/texlive/texmf-dist/tex/generic/pgf/math/pgfint.code.tex)
(/usr/share/texlive/texmf-dist/tex/generic/pgf/basiclayer/pgfcorepoints.code.te
x)
(/usr/share/texlive/texmf-dist/tex/generic/pgf/basiclayer/pgfcorepathconstruct.
code.tex)
(/usr/share/texlive/texmf-dist/tex/generic/pgf/basiclayer/pgfcorepathusage.code
.tex)
(/usr/share/texlive/texmf-dist/tex/generic/pgf/basiclayer/pgfcorescopes.code.te
x)
(/usr/share/texlive/texmf-dist/tex/generic/pgf/basiclayer/pgfcoregraphicstate.c
ode.tex)
(/usr/share/texlive/texmf-dist/tex/generic/pgf/basiclayer/pgfcoretransformation
s.code.tex)
(/usr/share/texlive/texmf-dist/tex/generic/pgf/basiclayer/pgfcorequick.code.tex
)
(/usr/share/texlive/texmf-dist/tex/generic/pgf/basiclayer/pgfcoreobjects.code.t
ex)
(/usr/share/texlive/texmf-dist/tex/generic/pgf/basiclayer/pgfcorepathprocessing
.code.tex)
(/usr/share/texlive/texmf-dist/tex/generic/pgf/basiclayer/pgfcorearrows.code.te
x)
(/usr/share/texlive/texmf-dist/tex/generic/pgf/basiclayer/pgfcoreshade.code.tex
)
(/usr/share/texlive/texmf-dist/tex/generic/pgf/basiclayer/pgfcoreimage.code.tex
)
(/usr/share/texlive/texmf-dist/tex/generic/pgf/basiclayer/pgfcoreexternal.code.
tex)
(/usr/share/texlive/texmf-dist/tex/generic/pgf/basiclayer/pgfcorelayers.code.te
x)
(/usr/share/texlive/texmf-dist/tex/generic/pgf/basiclayer/pgfcoretransparency.c
ode.tex)
(/usr/share/texlive/texmf-dist/tex/generic/pgf/basiclayer/pgfcorepatterns.code.
tex)
(/usr/share/texlive/texmf-dist/tex/generic/pgf/basiclayer/pgfcorerdf.code.tex))
)
(/usr/share/texlive/texmf-dist/tex/generic/pgf/modules/pgfmoduleshapes.code.tex
) (/usr/share/texlive/texmf-dist/tex/generic/pgf/modules/pgfmoduleplot.code.tex
)
(/usr/share/texlive/texmf-dist/tex/latex/pgf/compatibility/pgfcomp-version-0-65
.sty)
(/usr/share/texlive/texmf-dist/tex/latex/pgf/compatibility/pgfcomp-version-1-18
.sty)) (/usr/share/texlive/texmf-dist/tex/latex/pgf/utilities/pgffor.sty
(/usr/share/texlive/texmf-dist/tex/latex/pgf/utilities/pgfkeys.sty
(/usr/share/texlive/texmf-dist/tex/generic/pgf/utilities/pgfkeys.code.tex))
(/usr/share/texlive/texmf-dist/tex/latex/pgf/math/pgfmath.sty
(/usr/share/texlive/texmf-dist/tex/generic/pgf/math/pgfmath.code.tex))
(/usr/share/texlive/texmf-dist/tex/generic/pgf/utilities/pgffor.code.tex))
(/usr/share/texlive/texmf-dist/tex/generic/pgf/frontendlayer/tikz/tikz.code.tex

(/usr/share/texlive/texmf-dist/tex/generic/pgf/libraries/pgflibraryplothandlers
.code.tex)
(/usr/share/texlive/texmf-dist/tex/generic/pgf/modules/pgfmodulematrix.code.tex
)
(/usr/share/texlive/texmf-dist/tex/generic/pgf/frontendlayer/tikz/libraries/tik
zlibrarytopaths.code.tex)))
(/usr/share/texlive/texmf-dist/tex/generic/pgfplots/pgfplots.code.tex
(/usr/share/texlive/texmf-dist/tex/generic/pgfplots/pgfplotscore.code.tex
(/usr/share/texlive/texmf-dist/tex/generic/pgfplots/sys/pgfplotssysgeneric.code
.tex))
(/usr/share/texlive/texmf-dist/tex/generic/pgfplots/libs/pgfplotslibrary.code.t
ex)
(/usr/share/texlive/texmf-dist/tex/generic/pgfplots/oldpgfcompatib/pgfplotsoldp
gfsupp_loader.code.tex
(/usr/share/texlive/texmf-dist/tex/generic/pgf/libraries/pgflibraryfpu.code.tex
)
Package pgfplots: loading complementary utilities for your pgf version...

(/usr/share/texlive/texmf-dist/tex/generic/pgfplots/oldpgfcompatib/pgfplotsoldp
gfsupp_pgfutil-common-lists.tex))
(/usr/share/texlive/texmf-dist/tex/generic/pgfplots/util/pgfplotsutil.code.tex
(/usr/share/texlive/texmf-dist/tex/generic/pgfplots/liststructure/pgfplotslists
tructure.code.tex)
(/usr/share/texlive/texmf-dist/tex/generic/pgfplots/liststructure/pgfplotslists
tructureext.code.tex)
(/usr/share/texlive/texmf-dist/tex/generic/pgfplots/liststructure/pgfplotsarray
.code.tex)
(/usr/share/texlive/texmf-dist/tex/generic/pgfplots/liststructure/pgfplotsmatri
x.code.tex)
(/usr/share/texlive/texmf-dist/tex/generic/pgfplots/numtable/pgfplotstableshare
d.code.tex)
(/usr/share/texlive/texmf-dist/tex/generic/pgfplots/liststructure/pgfplotsdeque
.code.tex)
(/usr/share/texlive/texmf-dist/tex/generic/pgfplots/util/pgfplotsbinary.code.te
x
(/usr/share/texlive/texmf-dist/tex/generic/pgfplots/util/pgfplotsbinary.data.co
de.tex))
(/usr/share/texlive/texmf-dist/tex/generic/pgfplots/util/pgfplotsutil.verb.code
.tex)
(/usr/share/texlive/texmf-dist/tex/generic/pgfplots/libs/pgflibrarypgfplots.sur
fshading.code.tex
(/usr/share/texlive/texmf-dist/tex/generic/pgfplots/sys/pgflibrarypgfplots.surf
shading.pgfsys-pdftex.def)))
(/usr/share/texlive/texmf-dist/tex/generic/pgfplots/util/pgfplotscolormap.code.
tex
(/usr/share/texlive/texmf-dist/tex/generic/pgfplots/util/pgfplotscolor.code.tex
))
(/usr/share/texlive/texmf-dist/tex/generic/pgfplots/pgfplotsstackedplots.code.t
ex)
(/usr/share/texlive/texmf-dist/tex/generic/pgfplots/pgfplotsplothandlers.code.t
ex
(/usr/share/texlive/texmf-dist/tex/generic/pgfplots/pgfplotsmeshplothandler.cod
e.tex
(/usr/share/texlive/texmf-dist/tex/generic/pgfplots/pgfplotsmeshplotimage.code.
tex)))
(/usr/share/texlive/texmf-dist/tex/generic/pgfplots/pgfplots.scaling.code.tex)
(/usr/share/texlive/texmf-dist/tex/generic/pgfplots/pgfplotscoordprocessing.cod
e.tex)
(/usr/share/texlive/texmf-dist/tex/generic/pgfplots/pgfplots.errorbars.code.tex
) (/usr/share/texlive/texmf-dist/tex/generic/pgfplots/pgfplots.markers.code.tex
) (/usr/share/texlive/texmf-dist/tex/generic/pgfplots/pgfplotsticks.code.tex)
(/usr/share/texlive/texmf-dist/tex/generic/pgfplots/pgfplots.paths.code.tex)
(/usr/share/texlive/texmf-dist/tex/generic/pgf/frontendlayer/tikz/libraries/tik
zlibrarydecorations.code.tex
(/usr/share/texlive/texmf-dist/tex/generic/pgf/modules/pgfmoduledecorations.cod
e.tex))
(/usr/share/texlive/texmf-dist/tex/generic/pgf/frontendlayer/tikz/libraries/tik
zlibrarydecorations.pathmorphing.code.tex
(/usr/share/texlive/texmf-dist/tex/generic/pgf/libraries/decorations/pgflibrary
decorations.pathmorphing.code.tex))
(/usr/share/texlive/texmf-dist/tex/generic/pgf/frontendlayer/tikz/libraries/tik
zlibrarydecorations.pathreplacing.code.tex
(/usr/share/texlive/texmf-dist/tex/generic/pgf/libraries/decorations/pgflibrary
decorations.pathreplacing.code.tex))
(/usr/share/texlive/texmf-dist/tex/generic/pgfplots/libs/tikzlibrarypgfplots.co
ntourlua.code.tex))
(/usr/share/texlive/texmf-dist/tex/generic/pgf/frontendlayer/tikz/libraries/tik
zlibraryplotmarks.code.tex
(/usr/share/texlive/texmf-dist/tex/generic/pgf/libraries/pgflibraryplotmarks.co
de.tex))) (./revisions/2026-09-22-r14/paper/result_macros.tex)
(./revisions/2026-09-23-r18/paper/result_macros.tex)
(./revisions/2026-09-23-r18/paper/new_macros.tex)
(./revisions/2026-09-23-r19/paper/result_macros.tex)
(./revisions/2026-09-23-r21/paper/result_macros.tex)
(./revisions/2026-09-23-r22/paper/result_macros.tex)
(./revisions/2026-09-23-r23/paper/result_macros.tex)
(./revisions/2026-09-23-r24/paper/result_macros.tex)
(/usr/share/texlive/texmf-dist/tex/latex/hyperref/backref.sty)
(/usr/share/texlive/texmf-dist/tex/latex/l3backend/l3backend-pdftex.def)
(./SUPP_R24.aux)
(/usr/share/texlive/texmf-dist/tex/context/base/mkii/supp-pdf.mkii
[Loading MPS to PDF converter (version 2006.09.02).]
) (/usr/share/texlive/texmf-dist/tex/latex/epstopdf-pkg/epstopdf-base.sty
(/usr/share/texlive/texmf-dist/tex/latex/latexconfig/epstopdf-sys.cfg))
(/usr/share/texlive/texmf-dist/tex/latex/microtype/mt-ptm.cfg) (./SUPP_R24.out)
 (./SUPP_R24.out)
Package pgfplots notification 'compat/show suggested version=true': document ha
s been generated with the most recent feature set (\pgfplotsset{compat=1.18}).

(/usr/share/texlive/texmf-dist/tex/latex/microtype/mt-cmr.cfg)
(/usr/share/texlive/texmf-dist/tex/latex/amsfonts/umsa.fd)
(/usr/share/texlive/texmf-dist/tex/latex/microtype/mt-msa.cfg)
(/usr/share/texlive/texmf-dist/tex/latex/amsfonts/umsb.fd)
(/usr/share/texlive/texmf-dist/tex/latex/microtype/mt-msb.cfg)

Package hyperref Warning: Ignoring empty anchor on input line 47.

(./revisions/2026-09-23-r24/paper/supplement.tex
(/usr/share/texlive/texmf-dist/tex/latex/psnfss/t1pcr.fd)
Underfull \hbox (badness 2334) in paragraph at lines 23--23
\T1/ptm/m/n/9.5 (+20) weights; conditional-price iden-tity;

Underfull \hbox (badness 6252) in paragraph at lines 23--23
[]|\T1/ptm/m/n/9.5 (+20) Original full Brow-n-ian fil-tra-tion;

Underfull \hbox (badness 857) in paragraph at lines 23--23
\T1/ptm/m/n/9.5 (+20) shared shocks; con-vex ex-plicit up-

Underfull \hbox (badness 804) in paragraph at lines 23--23
[]|\T1/ptm/m/n/9.5 (+20) Deterministic ref-er-ence; ex-act con-
(./revisions/2026-09-23-r24/paper/cost_table.tex)
(./revisions/2026-09-23-r24/paper/curves.tex [1
Non-PDF special ignored!
<special> papersize=487.8225pt,704.63249pt
{/var/lib/texmf/fonts/map/pdftex/updmap/pdftex.map}{/usr/share/texlive/texmf-di
st/fonts/enc/dvips/base/8r.enc}] [2]) [3] [4] [5] [6]
(./revisions/2026-09-23-r24/paper/full_ledger.tex [7] [8] [9] [10] [11]))
[12] (./revisions/2026-09-23-r23/paper/supplement.tex
(./revisions/2026-09-23-r23/paper/dependency_table.tex
Underfull \hbox (badness 10000) in paragraph at lines 5--5
[]|\T1/ptm/m/n/8.5 (+20) Financed quo-

Underfull \hbox (badness 10000) in paragraph at lines 5--5
\T1/ptm/m/n/8.5 (+20) bracket and

Underfull \hbox (badness 10000) in paragraph at lines 5--5
[]|\T1/ptm/m/n/8.5 (+20) MPFR di-rected

Underfull \hbox (badness 10000) in paragraph at lines 5--5
\T1/ptm/m/n/8.5 (+20) en-clo-sures; proof-

Underfull \hbox (badness 10000) in paragraph at lines 5--5
\T1/ptm/m/n/8.5 (+20) for 72 frozen

Underfull \hbox (badness 10000) in paragraph at lines 6--6
[]|\T1/ptm/m/n/8.5 (+20) MPFR in-ter-val

Underfull \hbox (badness 1331) in paragraph at lines 6--6
\T1/ptm/m/n/8.5 (+20) elim-i-na-tion; proof-

Underfull \hbox (badness 6032) in paragraph at lines 7--7
[]|\T1/ptm/m/n/8.5 (+20) Uniform pay-off

Underfull \hbox (badness 900) in paragraph at lines 7--7
\T1/ptm/m/n/8.5 (+20) Hes-sian bounds, pair mo-

Underfull \hbox (badness 1137) in paragraph at lines 7--7
\T1/pcr/m/n/8.5 m _ a u d i t . py$\T1/ptm/m/n/8.5 (+20) , \T1/pcr/m/n/8.5 main
\T1/ptm/m/n/8.5 (+20) ; $\T1/pcr/m/n/8.5 r e s u

Underfull \hbox (badness 3118) in paragraph at lines 7--7
\T1/pcr/m/n/8.5 l t s / c o n t i n u u m . j s on$\T1/ptm/m/n/8.5 (+20) ;

Underfull \hbox (badness 1297) in paragraph at lines 7--7
\T1/ptm/m/n/8.5 (+20) R22 $\T1/pcr/m/n/8.5 m o m e n t _ j e n s e n . py$\T1/p
tm/m/n/8.5 (+20) ,

Underfull \hbox (badness 10000) in paragraph at lines 7--7
[]|\T1/ptm/m/n/8.5 (+20) Directed ra-tio-

Underfull \hbox (badness 7832) in paragraph at lines 7--7
\T1/ptm/m/n/8.5 (+20) proof-critical con-

Underfull \hbox (badness 10000) in paragraph at lines 7--7
\T1/ptm/m/n/8.5 (+20) tin-uum trans-fer.

Underfull \hbox (badness 1831) in paragraph at lines 7--7
\T1/ptm/m/n/8.5 (+20) uses the in-her-ited

Underfull \hbox (badness 10000) in paragraph at lines 8--8
[]|\T1/ptm/m/n/8.5 (+20) Fixed-policy lower/upper

Underfull \hbox (badness 10000) in paragraph at lines 8--8
\T1/ptm/m/n/8.5 (+20) sep-a-ra-tion; un-changed

Underfull \hbox (badness 1776) in paragraph at lines 8--8
\T1/ptm/m/n/8.5 (+20) con-tin-u-ous stopped-model

Underfull \hbox (badness 10000) in paragraph at lines 8--8
[]|\T1/ptm/m/n/8.5 (+20) Directed pay-off

Underfull \hbox (badness 10000) in paragraph at lines 8--8
\T1/ptm/m/n/8.5 (+20) cer-tifi-cate; proof-

Underfull \hbox (badness 1902) in paragraph at lines 8--8
\T1/ptm/m/n/8.5 (+20) Pro-posal ob-jec-tive

Underfull \hbox (badness 10000) in paragraph at lines 9--9
[]|\T1/ptm/m/n/8.5 (+20) Global all-start-

Underfull \hbox (badness 1297) in paragraph at lines 9--9
[]|\T1/ptm/m/n/8.5 (+20) R22 $\T1/pcr/m/n/8.5 t i m e _ e n v e l o p e . py$\T
1/ptm/m/n/8.5 (+20) ,

Underfull \hbox (badness 3780) in paragraph at lines 9--9
[]|\T1/ptm/m/n/8.5 (+20) MPFR cell cover

Underfull \hbox (badness 8075) in paragraph at lines 9--9
\T1/ptm/m/n/8.5 (+20) and di-rected dis-

Underfull \hbox (badness 10000) in paragraph at lines 9--9
\T1/ptm/m/n/8.5 (+20) counted suf-fix;

Underfull \hbox (badness 3701) in paragraph at lines 9--9
\T1/ptm/m/n/8.5 (+20) proof-critical. Not

Underfull \hbox (badness 10000) in paragraph at lines 9--9
\T1/ptm/m/n/8.5 (+20) iden-ti-fied ac-tor

Underfull \hbox (badness 10000) in paragraph at lines 10--10
[]|\T1/ptm/m/n/8.5 (+20) Root deriva-tive

Underfull \hbox (badness 10000) in paragraph at lines 10--10
\T1/ptm/m/n/8.5 (+20) and quo-tient

Underfull \hbox (badness 1400) in paragraph at lines 10--10
[]|\T1/ptm/m/n/8.5 (+20) Ordinary bi-nary64

Underfull \hbox (badness 10000) in paragraph at lines 10--10
\T1/ptm/m/n/8.5 (+20) fi-nite dif-fer-ences

Underfull \hbox (badness 5245) in paragraph at lines 11--11
[]|\T1/ptm/m/n/8.5 (+20) Restoration and

Underfull \hbox (badness 6188) in paragraph at lines 11--11
[]|\T1/ptm/m/n/8.5 (+20) State hashes and

Underfull \hbox (badness 10000) in paragraph at lines 11--11
\T1/ptm/m/n/8.5 (+20) di-rected pay-off

Underfull \hbox (badness 10000) in paragraph at lines 11--11
\T1/ptm/m/n/8.5 (+20) in-ter-vals; im-ple-

Underfull \hbox (badness 10000) in paragraph at lines 11--11
\T1/ptm/m/n/8.5 (+20) not con-ver-gence

Underfull \hbox (badness 10000) in paragraph at lines 12--12
[]|\T1/ptm/m/n/8.5 (+20) Sufficient re-

Underfull \hbox (badness 10000) in paragraph at lines 12--12
\T1/ptm/m/n/8.5 (+20) budgeted in-cre-

Underfull \hbox (badness 1789) in paragraph at lines 12--12
\T1/ptm/m/n/8.5 (+20) par-i-son; not min-i-

Underfull \hbox (badness 3386) in paragraph at lines 13--13
[]|\T1/ptm/m/n/8.5 (+20) Analytic com-plex-

Underfull \hbox (badness 6741) in paragraph at lines 13--13
\T1/ptm/m/n/8.5 (+20) ity plus or-di-nary
[13]) (./revisions/2026-09-23-r23/paper/full_ledger.tex [14] [15]) [16])
(./revisions/2026-09-23-r22/paper/supplement.tex
Underfull \hbox (badness 10000) in paragraph at lines 21--21
[]|\T1/ptm/m/n/9.5 (+20) Unequal-

Underfull \hbox (badness 10000) in paragraph at lines 21--21
\T1/ptm/m/n/9.5 (+20) initialization

Underfull \hbox (badness 10000) in paragraph at lines 21--21
[]|\T1/ptm/m/n/9.5 (+20) Complex quadra-

Underfull \hbox (badness 10000) in paragraph at lines 21--21
[]|\T1/ptm/m/n/9.5 (+20) Full-state global

Underfull \hbox (badness 1072) in paragraph at lines 21--21
[]|\T1/ptm/m/n/9.5 (+20) Accessible-face trace the-o-rem and

Underfull \hbox (badness 1354) in paragraph at lines 21--21
[]|\T1/ptm/m/n/9.5 (+20) Matched ini-tial-iza-

Underfull \hbox (badness 2245) in paragraph at lines 21--21
[]|$\T1/pcr/m/n/9.5 c r o s s e d . py$\T1/ptm/m/n/9.5 (+20) ; ex-act delivered
-

Underfull \hbox (badness 832) in paragraph at lines 21--21
[]|\T1/ptm/m/n/9.5 (+20) Actor deriva-tives at four spec-i-fied
(./revisions/2026-09-23-r22/paper/full_ledger.tex [17] [18])
(./revisions/2026-09-23-r22/paper/repair_table.tex)
(./revisions/2026-09-23-r22/paper/runtime_table.tex) [19])
(./revisions/2026-09-23-r21/paper/supplement.tex [20]
(./revisions/2026-09-23-r21/paper/table_cost.tex)
(./revisions/2026-09-23-r21/paper/table_price.tex) [21])
(./revisions/2026-09-23-r19/paper/supplement.tex [22]
(./revisions/2026-09-23-r19/paper/tables/traces0.tex)
(./revisions/2026-09-23-r19/paper/tables/traces1.tex)
(./revisions/2026-09-23-r19/paper/tables/classical_signed.tex) [23]
(./revisions/2026-09-23-r19/paper/tables/warm_details_8.tex)
(./revisions/2026-09-23-r19/paper/tables/warm_details_32.tex)
(./revisions/2026-09-23-r19/paper/tables/warm_details_128.tex) [24] [25])
(./revisions/2026-09-23-r18/paper/aligned_supplement.tex
Underfull \hbox (badness 2042) in paragraph at lines 2--3
[]\T1/ptm/m/n/10.5 (+20) The cur-rent manuscript is \T1/pcr/m/n/10.5 ECTA_R18.t
ex \T1/ptm/m/n/10.5 (+20) with its com-piled PDF. This sup-ple-

Underfull \hbox (badness 3396) in paragraph at lines 2--3
\T1/ptm/m/n/10.5 (+20) ment is \T1/pcr/m/n/10.5 SUPP_R18.tex\T1/ptm/m/n/10.5 (+
20) . The point-by-point re-sponse is sup-plied in both Mark-

Underfull \hbox (badness 4660) in paragraph at lines 2--3
\T1/pcr/m/n/10.5 reviews/2026-09-23-econometrica-r16/\T1/ptm/m/n/10.5 (+20) . I
ts im-mutable re-view com-mit is
[26] [27] [28] [29] [30] [31] [32])
(./revisions/2026-09-23-r18/paper/supplement.tex [33]
(./revisions/2026-09-23-r18/paper/neural_refinement_table.tex) [34]
(./revisions/2026-09-23-r18/paper/mpfr_nodes_table.tex) [35]
(./revisions/2026-09-23-r18/paper/inventory_refinement_table.tex)
(./revisions/2026-09-23-r18/paper/inventory_dimension_table.tex)
(./revisions/2026-09-23-r18/paper/resource_table.tex) [36] [37])
(./revisions/2026-09-22-r14/paper/supplement.tex [38] [39] [40] [41] [42]
[43] [44] [45] (./revisions/2026-09-22-r14/paper/tables/policy_regions.tex)
[46]
Underfull \hbox (badness 10000) in paragraph at lines 311--311
[]|\T1/ptm/m/n/9.5 (+20) Recursive util-ity, so-phis-ti-cated

Underfull \hbox (badness 10000) in paragraph at lines 311--311
\T1/ptm/m/n/9.5 (+20) selves, games, stochas-tic trace
) [47] (./revisions/2026-09-23-r18/paper/introduction.tex [48])
(./revisions/2026-09-23-r18/paper/conclusion.tex [49]) [50]
(./revisions/2026-09-23-r19/paper/introduction.tex [51])
(./revisions/2026-09-23-r19/paper/conclusion.tex [52]) [53]
(./revisions/2026-09-23-r21/paper/introduction.tex)
(./revisions/2026-09-23-r21/paper/conclusion.tex [54]) [55]
(./revisions/2026-09-23-r22/paper/introduction.tex)
(./revisions/2026-09-23-r22/paper/conclusion.tex [56]) [57]
(./revisions/2026-09-23-r18/paper/references.tex (./SUPP_R24.brf)) [58]
(./SUPP_R24.aux)

Package rerunfilecheck Warning: File `SUPP_R24.brf' has changed.
(rerunfilecheck)                Rerun to get bibliographical references right.

 )
(see the transcript file for additional information)
pdfTeX warning (dest): name{proposition.17} has been referenced but does not ex
ist, replaced by a fixed one


pdfTeX warning (dest): name{theorem.13} has been referenced but does not exist,
 replaced by a fixed one


pdfTeX warning (dest): name{equation.E.38} has been referenced but does not exi
st, replaced by a fixed one


pdfTeX warning (dest): name{subsection.L.2} has been referenced but does not ex
ist, replaced by a fixed one


pdfTeX warning (dest): name{appendix.L} has been referenced but does not exist,
 replaced by a fixed one


pdfTeX warning (dest): name{proposition.7} has been referenced but does not exi
st, replaced by a fixed one


pdfTeX warning (dest): name{proposition.9} has been referenced but does not exi
st, replaced by a fixed one


pdfTeX warning (dest): name{proposition.6} has been referenced but does not exi
st, replaced by a fixed one


pdfTeX warning (dest): name{theorem.8} has been referenced but does not exist, 
replaced by a fixed one


pdfTeX warning (dest): name{proposition.8} has been referenced but does not exi
st, replaced by a fixed one


pdfTeX warning (dest): name{theorem.9} has been referenced but does not exist, 
replaced by a fixed one

</usr/share/texlive/texmf-dist/fonts/type1/public/amsfonts/cm/cmex10.pfb></usr/
share/texlive/texmf-dist/fonts/type1/public/amsfonts/cm/cmmi10.pfb></usr/share/
texlive/texmf-dist/fonts/type1/public/amsfonts/cm/cmmi5.pfb></usr/share/texlive
/texmf-dist/fonts/type1/public/amsfonts/cm/cmmi6.pfb></usr/share/texlive/texmf-
dist/fonts/type1/public/amsfonts/cm/cmmi8.pfb></usr/share/texlive/texmf-dist/fo
nts/type1/public/amsfonts/cm/cmmi9.pfb></usr/share/texlive/texmf-dist/fonts/typ
e1/public/amsfonts/cm/cmr10.pfb></usr/share/texlive/texmf-dist/fonts/type1/publ
ic/amsfonts/cm/cmr5.pfb></usr/share/texlive/texmf-dist/fonts/type1/public/amsfo
nts/cm/cmr6.pfb></usr/share/texlive/texmf-dist/fonts/type1/public/amsfonts/cm/c
mr8.pfb></usr/share/texlive/texmf-dist/fonts/type1/public/amsfonts/cm/cmr9.pfb>
</usr/share/texlive/texmf-dist/fonts/type1/public/amsfonts/cm/cmsy10.pfb></usr/
share/texlive/texmf-dist/fonts/type1/public/amsfonts/cm/cmsy5.pfb></usr/share/t
exlive/texmf-dist/fonts/type1/public/amsfonts/cm/cmsy6.pfb></usr/share/texlive/
texmf-dist/fonts/type1/public/amsfonts/cm/cmsy8.pfb></usr/share/texlive/texmf-d
ist/fonts/type1/public/amsfonts/cm/cmsy9.pfb></usr/share/texlive/texmf-dist/fon
ts/type1/public/amsfonts/symbols/msbm10.pfb></usr/share/texlive/texmf-dist/font
s/type1/urw/courier/ucrr8a.pfb></usr/share/texlive/texmf-dist/fonts/type1/urw/t
imes/utmr8a.pfb></usr/share/texlive/texmf-dist/fonts/type1/urw/times/utmri8a.pf
b>
Output written on SUPP_R24.pdf (58 pages, 433240 bytes).
Transcript written on SUPP_R24.log.
Latexmk: Getting log file 'SUPP_R24.log'
Latexmk: Examining 'SUPP_R24.fls'
Latexmk: Examining 'SUPP_R24.log'
Latexmk: References changed.
Latexmk: Log file says output to 'SUPP_R24.pdf'
Latexmk: applying rule 'pdflatex'...
Rule 'pdflatex':  Reasons for rerun
Changed files or newly in use/created:
  SUPP_R24.aux
  SUPP_R24.brf

------------
Run number 3 of rule 'pdflatex'
------------
------------
Running 'pdflatex  -interaction=nonstopmode -halt-on-error -recorder  "SUPP_R24.tex"'
------------
This is pdfTeX, Version 3.141592653-2.6-1.40.25 (TeX Live 2023/Debian) (preloaded format=pdflatex)
 restricted \write18 enabled.
entering extended mode
(./SUPP_R24.tex
LaTeX2e <2023-11-01> patch level 1
L3 programming layer <2024-01-22>
(./econsocart.cls
Document Class: econsocart 2022/11/21 v1.4.1, The Econometric Society Journals
(/usr/share/texlive/texmf-dist/tex/latex/etoolbox/etoolbox.sty)
(./econsocart.cfg) (/usr/share/texlive/texmf-dist/tex/latex/base/fix-cm.sty
(/usr/share/texlive/texmf-dist/tex/latex/base/ts1enc.def))
(/usr/share/texlive/texmf-dist/tex/latex/graphics/graphicx.sty
(/usr/share/texlive/texmf-dist/tex/latex/graphics/keyval.sty)
(/usr/share/texlive/texmf-dist/tex/latex/graphics/graphics.sty
(/usr/share/texlive/texmf-dist/tex/latex/graphics/trig.sty)
(/usr/share/texlive/texmf-dist/tex/latex/graphics-cfg/graphics.cfg)
(/usr/share/texlive/texmf-dist/tex/latex/graphics-def/pdftex.def)))
(/usr/share/texlive/texmf-dist/tex/latex/base/fontenc.sty)
(/usr/share/texlive/texmf-dist/tex/latex/psnfss/times.sty)
(/usr/share/texlive/texmf-dist/tex/latex/textcase/textcase.sty)
(/usr/share/texlive/texmf-dist/tex/latex/psnfss/helvet.sty)
(/usr/share/texlive/texmf-dist/tex/latex/base/textcomp.sty)
(/usr/share/texlive/texmf-dist/tex/latex/psnfss/t1ptm.fd)
(/usr/share/texlive/texmf-dist/tex/latex/amsfonts/amssymb.sty
(/usr/share/texlive/texmf-dist/tex/latex/amsfonts/amsfonts.sty))
(/usr/share/texlive/texmf-dist/tex/latex/tools/bm.sty)
(/usr/share/texlive/texmf-dist/tex/latex/url/url.sty)
(/usr/share/texlive/texmf-dist/tex/latex/amsmath/amsmath.sty
For additional information on amsmath, use the `?' option.
(/usr/share/texlive/texmf-dist/tex/latex/amsmath/amstext.sty
(/usr/share/texlive/texmf-dist/tex/latex/amsmath/amsgen.sty))
(/usr/share/texlive/texmf-dist/tex/latex/amsmath/amsbsy.sty)
(/usr/share/texlive/texmf-dist/tex/latex/amsmath/amsopn.sty))
(/usr/share/texlive/texmf-dist/tex/latex/amscls/amsthm.sty)
(/usr/share/texlive/texmf-dist/tex/latex/natbib/natbib.sty))
(/usr/share/texlive/texmf-dist/tex/latex/booktabs/booktabs.sty)
(/usr/share/texlive/texmf-dist/tex/latex/tools/tabularx.sty
(/usr/share/texlive/texmf-dist/tex/latex/tools/array.sty))
(/usr/share/texlive/texmf-dist/tex/latex/microtype/microtype.sty
(/usr/share/texlive/texmf-dist/tex/latex/microtype/microtype-pdftex.def)
(/usr/share/texlive/texmf-dist/tex/latex/microtype/microtype.cfg))
(/usr/share/texlive/texmf-dist/tex/latex/hyperref/hyperref.sty
(/usr/share/texlive/texmf-dist/tex/generic/iftex/iftex.sty)
(/usr/share/texlive/texmf-dist/tex/latex/kvsetkeys/kvsetkeys.sty)
(/usr/share/texlive/texmf-dist/tex/generic/kvdefinekeys/kvdefinekeys.sty)
(/usr/share/texlive/texmf-dist/tex/generic/pdfescape/pdfescape.sty
(/usr/share/texlive/texmf-dist/tex/generic/ltxcmds/ltxcmds.sty)
(/usr/share/texlive/texmf-dist/tex/generic/pdftexcmds/pdftexcmds.sty
(/usr/share/texlive/texmf-dist/tex/generic/infwarerr/infwarerr.sty)))
(/usr/share/texlive/texmf-dist/tex/latex/hycolor/hycolor.sty)
(/usr/share/texlive/texmf-dist/tex/latex/auxhook/auxhook.sty)
(/usr/share/texlive/texmf-dist/tex/latex/hyperref/nameref.sty
(/usr/share/texlive/texmf-dist/tex/latex/refcount/refcount.sty)
(/usr/share/texlive/texmf-dist/tex/generic/gettitlestring/gettitlestring.sty
(/usr/share/texlive/texmf-dist/tex/latex/kvoptions/kvoptions.sty)))
(/usr/share/texlive/texmf-dist/tex/latex/hyperref/pd1enc.def)
(/usr/share/texlive/texmf-dist/tex/generic/intcalc/intcalc.sty)
(/usr/share/texlive/texmf-dist/tex/latex/hyperref/puenc.def)
(/usr/share/texlive/texmf-dist/tex/generic/bitset/bitset.sty
(/usr/share/texlive/texmf-dist/tex/generic/bigintcalc/bigintcalc.sty))
(/usr/share/texlive/texmf-dist/tex/latex/base/atbegshi-ltx.sty))
(/usr/share/texlive/texmf-dist/tex/latex/hyperref/hpdftex.def
(/usr/share/texlive/texmf-dist/tex/latex/base/atveryend-ltx.sty)
(/usr/share/texlive/texmf-dist/tex/latex/rerunfilecheck/rerunfilecheck.sty
(/usr/share/texlive/texmf-dist/tex/generic/uniquecounter/uniquecounter.sty)))
(/usr/share/texlive/texmf-dist/tex/latex/xurl/xurl.sty)
(/usr/share/texlive/texmf-dist/tex/latex/tools/longtable.sty)
(/usr/share/texlive/texmf-dist/tex/latex/tools/xr.sty)
(/usr/share/texlive/texmf-dist/tex/latex/pgfplots/pgfplots.sty
(/usr/share/texlive/texmf-dist/tex/generic/pgfplots/pgfplots.revision.tex)
(/usr/share/texlive/texmf-dist/tex/latex/pgf/frontendlayer/tikz.sty
(/usr/share/texlive/texmf-dist/tex/latex/pgf/basiclayer/pgf.sty
(/usr/share/texlive/texmf-dist/tex/latex/pgf/utilities/pgfrcs.sty
(/usr/share/texlive/texmf-dist/tex/generic/pgf/utilities/pgfutil-common.tex)
(/usr/share/texlive/texmf-dist/tex/generic/pgf/utilities/pgfutil-latex.def)
(/usr/share/texlive/texmf-dist/tex/generic/pgf/utilities/pgfrcs.code.tex
(/usr/share/texlive/texmf-dist/tex/generic/pgf/pgf.revision.tex)))
(/usr/share/texlive/texmf-dist/tex/latex/pgf/basiclayer/pgfcore.sty
(/usr/share/texlive/texmf-dist/tex/latex/pgf/systemlayer/pgfsys.sty
(/usr/share/texlive/texmf-dist/tex/generic/pgf/systemlayer/pgfsys.code.tex
(/usr/share/texlive/texmf-dist/tex/generic/pgf/utilities/pgfkeys.code.tex
(/usr/share/texlive/texmf-dist/tex/generic/pgf/utilities/pgfkeyslibraryfiltered
.code.tex)) (/usr/share/texlive/texmf-dist/tex/generic/pgf/systemlayer/pgf.cfg)
(/usr/share/texlive/texmf-dist/tex/generic/pgf/systemlayer/pgfsys-pdftex.def
(/usr/share/texlive/texmf-dist/tex/generic/pgf/systemlayer/pgfsys-common-pdf.de
f)))
(/usr/share/texlive/texmf-dist/tex/generic/pgf/systemlayer/pgfsyssoftpath.code.
tex)
(/usr/share/texlive/texmf-dist/tex/generic/pgf/systemlayer/pgfsysprotocol.code.
tex)) (/usr/share/texlive/texmf-dist/tex/latex/xcolor/xcolor.sty
(/usr/share/texlive/texmf-dist/tex/latex/graphics-cfg/color.cfg)
(/usr/share/texlive/texmf-dist/tex/latex/graphics/mathcolor.ltx))
(/usr/share/texlive/texmf-dist/tex/generic/pgf/basiclayer/pgfcore.code.tex
(/usr/share/texlive/texmf-dist/tex/generic/pgf/math/pgfmath.code.tex
(/usr/share/texlive/texmf-dist/tex/generic/pgf/math/pgfmathutil.code.tex)
(/usr/share/texlive/texmf-dist/tex/generic/pgf/math/pgfmathparser.code.tex)
(/usr/share/texlive/texmf-dist/tex/generic/pgf/math/pgfmathfunctions.code.tex)
(/usr/share/texlive/texmf-dist/tex/generic/pgf/math/pgfmathfunctions.basic.code
.tex)
(/usr/share/texlive/texmf-dist/tex/generic/pgf/math/pgfmathfunctions.trigonomet
ric.code.tex)
(/usr/share/texlive/texmf-dist/tex/generic/pgf/math/pgfmathfunctions.random.cod
e.tex)
(/usr/share/texlive/texmf-dist/tex/generic/pgf/math/pgfmathfunctions.comparison
.code.tex)
(/usr/share/texlive/texmf-dist/tex/generic/pgf/math/pgfmathfunctions.base.code.
tex)
(/usr/share/texlive/texmf-dist/tex/generic/pgf/math/pgfmathfunctions.round.code
.tex)
(/usr/share/texlive/texmf-dist/tex/generic/pgf/math/pgfmathfunctions.misc.code.
tex)
(/usr/share/texlive/texmf-dist/tex/generic/pgf/math/pgfmathfunctions.integerari
thmetics.code.tex)
(/usr/share/texlive/texmf-dist/tex/generic/pgf/math/pgfmathcalc.code.tex)
(/usr/share/texlive/texmf-dist/tex/generic/pgf/math/pgfmathfloat.code.tex))
(/usr/share/texlive/texmf-dist/tex/generic/pgf/math/pgfint.code.tex)
(/usr/share/texlive/texmf-dist/tex/generic/pgf/basiclayer/pgfcorepoints.code.te
x)
(/usr/share/texlive/texmf-dist/tex/generic/pgf/basiclayer/pgfcorepathconstruct.
code.tex)
(/usr/share/texlive/texmf-dist/tex/generic/pgf/basiclayer/pgfcorepathusage.code
.tex)
(/usr/share/texlive/texmf-dist/tex/generic/pgf/basiclayer/pgfcorescopes.code.te
x)
(/usr/share/texlive/texmf-dist/tex/generic/pgf/basiclayer/pgfcoregraphicstate.c
ode.tex)
(/usr/share/texlive/texmf-dist/tex/generic/pgf/basiclayer/pgfcoretransformation
s.code.tex)
(/usr/share/texlive/texmf-dist/tex/generic/pgf/basiclayer/pgfcorequick.code.tex
)
(/usr/share/texlive/texmf-dist/tex/generic/pgf/basiclayer/pgfcoreobjects.code.t
ex)
(/usr/share/texlive/texmf-dist/tex/generic/pgf/basiclayer/pgfcorepathprocessing
.code.tex)
(/usr/share/texlive/texmf-dist/tex/generic/pgf/basiclayer/pgfcorearrows.code.te
x)
(/usr/share/texlive/texmf-dist/tex/generic/pgf/basiclayer/pgfcoreshade.code.tex
)
(/usr/share/texlive/texmf-dist/tex/generic/pgf/basiclayer/pgfcoreimage.code.tex
)
(/usr/share/texlive/texmf-dist/tex/generic/pgf/basiclayer/pgfcoreexternal.code.
tex)
(/usr/share/texlive/texmf-dist/tex/generic/pgf/basiclayer/pgfcorelayers.code.te
x)
(/usr/share/texlive/texmf-dist/tex/generic/pgf/basiclayer/pgfcoretransparency.c
ode.tex)
(/usr/share/texlive/texmf-dist/tex/generic/pgf/basiclayer/pgfcorepatterns.code.
tex)
(/usr/share/texlive/texmf-dist/tex/generic/pgf/basiclayer/pgfcorerdf.code.tex))
)
(/usr/share/texlive/texmf-dist/tex/generic/pgf/modules/pgfmoduleshapes.code.tex
) (/usr/share/texlive/texmf-dist/tex/generic/pgf/modules/pgfmoduleplot.code.tex
)
(/usr/share/texlive/texmf-dist/tex/latex/pgf/compatibility/pgfcomp-version-0-65
.sty)
(/usr/share/texlive/texmf-dist/tex/latex/pgf/compatibility/pgfcomp-version-1-18
.sty)) (/usr/share/texlive/texmf-dist/tex/latex/pgf/utilities/pgffor.sty
(/usr/share/texlive/texmf-dist/tex/latex/pgf/utilities/pgfkeys.sty
(/usr/share/texlive/texmf-dist/tex/generic/pgf/utilities/pgfkeys.code.tex))
(/usr/share/texlive/texmf-dist/tex/latex/pgf/math/pgfmath.sty
(/usr/share/texlive/texmf-dist/tex/generic/pgf/math/pgfmath.code.tex))
(/usr/share/texlive/texmf-dist/tex/generic/pgf/utilities/pgffor.code.tex))
(/usr/share/texlive/texmf-dist/tex/generic/pgf/frontendlayer/tikz/tikz.code.tex

(/usr/share/texlive/texmf-dist/tex/generic/pgf/libraries/pgflibraryplothandlers
.code.tex)
(/usr/share/texlive/texmf-dist/tex/generic/pgf/modules/pgfmodulematrix.code.tex
)
(/usr/share/texlive/texmf-dist/tex/generic/pgf/frontendlayer/tikz/libraries/tik
zlibrarytopaths.code.tex)))
(/usr/share/texlive/texmf-dist/tex/generic/pgfplots/pgfplots.code.tex
(/usr/share/texlive/texmf-dist/tex/generic/pgfplots/pgfplotscore.code.tex
(/usr/share/texlive/texmf-dist/tex/generic/pgfplots/sys/pgfplotssysgeneric.code
.tex))
(/usr/share/texlive/texmf-dist/tex/generic/pgfplots/libs/pgfplotslibrary.code.t
ex)
(/usr/share/texlive/texmf-dist/tex/generic/pgfplots/oldpgfcompatib/pgfplotsoldp
gfsupp_loader.code.tex
(/usr/share/texlive/texmf-dist/tex/generic/pgf/libraries/pgflibraryfpu.code.tex
)
Package pgfplots: loading complementary utilities for your pgf version...

(/usr/share/texlive/texmf-dist/tex/generic/pgfplots/oldpgfcompatib/pgfplotsoldp
gfsupp_pgfutil-common-lists.tex))
(/usr/share/texlive/texmf-dist/tex/generic/pgfplots/util/pgfplotsutil.code.tex
(/usr/share/texlive/texmf-dist/tex/generic/pgfplots/liststructure/pgfplotslists
tructure.code.tex)
(/usr/share/texlive/texmf-dist/tex/generic/pgfplots/liststructure/pgfplotslists
tructureext.code.tex)
(/usr/share/texlive/texmf-dist/tex/generic/pgfplots/liststructure/pgfplotsarray
.code.tex)
(/usr/share/texlive/texmf-dist/tex/generic/pgfplots/liststructure/pgfplotsmatri
x.code.tex)
(/usr/share/texlive/texmf-dist/tex/generic/pgfplots/numtable/pgfplotstableshare
d.code.tex)
(/usr/share/texlive/texmf-dist/tex/generic/pgfplots/liststructure/pgfplotsdeque
.code.tex)
(/usr/share/texlive/texmf-dist/tex/generic/pgfplots/util/pgfplotsbinary.code.te
x
(/usr/share/texlive/texmf-dist/tex/generic/pgfplots/util/pgfplotsbinary.data.co
de.tex))
(/usr/share/texlive/texmf-dist/tex/generic/pgfplots/util/pgfplotsutil.verb.code
.tex)
(/usr/share/texlive/texmf-dist/tex/generic/pgfplots/libs/pgflibrarypgfplots.sur
fshading.code.tex
(/usr/share/texlive/texmf-dist/tex/generic/pgfplots/sys/pgflibrarypgfplots.surf
shading.pgfsys-pdftex.def)))
(/usr/share/texlive/texmf-dist/tex/generic/pgfplots/util/pgfplotscolormap.code.
tex
(/usr/share/texlive/texmf-dist/tex/generic/pgfplots/util/pgfplotscolor.code.tex
))
(/usr/share/texlive/texmf-dist/tex/generic/pgfplots/pgfplotsstackedplots.code.t
ex)
(/usr/share/texlive/texmf-dist/tex/generic/pgfplots/pgfplotsplothandlers.code.t
ex
(/usr/share/texlive/texmf-dist/tex/generic/pgfplots/pgfplotsmeshplothandler.cod
e.tex
(/usr/share/texlive/texmf-dist/tex/generic/pgfplots/pgfplotsmeshplotimage.code.
tex)))
(/usr/share/texlive/texmf-dist/tex/generic/pgfplots/pgfplots.scaling.code.tex)
(/usr/share/texlive/texmf-dist/tex/generic/pgfplots/pgfplotscoordprocessing.cod
e.tex)
(/usr/share/texlive/texmf-dist/tex/generic/pgfplots/pgfplots.errorbars.code.tex
) (/usr/share/texlive/texmf-dist/tex/generic/pgfplots/pgfplots.markers.code.tex
) (/usr/share/texlive/texmf-dist/tex/generic/pgfplots/pgfplotsticks.code.tex)
(/usr/share/texlive/texmf-dist/tex/generic/pgfplots/pgfplots.paths.code.tex)
(/usr/share/texlive/texmf-dist/tex/generic/pgf/frontendlayer/tikz/libraries/tik
zlibrarydecorations.code.tex
(/usr/share/texlive/texmf-dist/tex/generic/pgf/modules/pgfmoduledecorations.cod
e.tex))
(/usr/share/texlive/texmf-dist/tex/generic/pgf/frontendlayer/tikz/libraries/tik
zlibrarydecorations.pathmorphing.code.tex
(/usr/share/texlive/texmf-dist/tex/generic/pgf/libraries/decorations/pgflibrary
decorations.pathmorphing.code.tex))
(/usr/share/texlive/texmf-dist/tex/generic/pgf/frontendlayer/tikz/libraries/tik
zlibrarydecorations.pathreplacing.code.tex
(/usr/share/texlive/texmf-dist/tex/generic/pgf/libraries/decorations/pgflibrary
decorations.pathreplacing.code.tex))
(/usr/share/texlive/texmf-dist/tex/generic/pgfplots/libs/tikzlibrarypgfplots.co
ntourlua.code.tex))
(/usr/share/texlive/texmf-dist/tex/generic/pgf/frontendlayer/tikz/libraries/tik
zlibraryplotmarks.code.tex
(/usr/share/texlive/texmf-dist/tex/generic/pgf/libraries/pgflibraryplotmarks.co
de.tex))) (./revisions/2026-09-22-r14/paper/result_macros.tex)
(./revisions/2026-09-23-r18/paper/result_macros.tex)
(./revisions/2026-09-23-r18/paper/new_macros.tex)
(./revisions/2026-09-23-r19/paper/result_macros.tex)
(./revisions/2026-09-23-r21/paper/result_macros.tex)
(./revisions/2026-09-23-r22/paper/result_macros.tex)
(./revisions/2026-09-23-r23/paper/result_macros.tex)
(./revisions/2026-09-23-r24/paper/result_macros.tex)
(/usr/share/texlive/texmf-dist/tex/latex/hyperref/backref.sty)
(/usr/share/texlive/texmf-dist/tex/latex/l3backend/l3backend-pdftex.def)
(./SUPP_R24.aux)
(/usr/share/texlive/texmf-dist/tex/context/base/mkii/supp-pdf.mkii
[Loading MPS to PDF converter (version 2006.09.02).]
) (/usr/share/texlive/texmf-dist/tex/latex/epstopdf-pkg/epstopdf-base.sty
(/usr/share/texlive/texmf-dist/tex/latex/latexconfig/epstopdf-sys.cfg))
(/usr/share/texlive/texmf-dist/tex/latex/microtype/mt-ptm.cfg) (./SUPP_R24.out)
 (./SUPP_R24.out)
Package pgfplots notification 'compat/show suggested version=true': document ha
s been generated with the most recent feature set (\pgfplotsset{compat=1.18}).

(/usr/share/texlive/texmf-dist/tex/latex/microtype/mt-cmr.cfg)
(/usr/share/texlive/texmf-dist/tex/latex/amsfonts/umsa.fd)
(/usr/share/texlive/texmf-dist/tex/latex/microtype/mt-msa.cfg)
(/usr/share/texlive/texmf-dist/tex/latex/amsfonts/umsb.fd)
(/usr/share/texlive/texmf-dist/tex/latex/microtype/mt-msb.cfg)

Package hyperref Warning: Ignoring empty anchor on input line 47.

(./revisions/2026-09-23-r24/paper/supplement.tex
(/usr/share/texlive/texmf-dist/tex/latex/psnfss/t1pcr.fd)
Underfull \hbox (badness 2334) in paragraph at lines 23--23
\T1/ptm/m/n/9.5 (+20) weights; conditional-price iden-tity;

Underfull \hbox (badness 6252) in paragraph at lines 23--23
[]|\T1/ptm/m/n/9.5 (+20) Original full Brow-n-ian fil-tra-tion;

Underfull \hbox (badness 857) in paragraph at lines 23--23
\T1/ptm/m/n/9.5 (+20) shared shocks; con-vex ex-plicit up-

Underfull \hbox (badness 804) in paragraph at lines 23--23
[]|\T1/ptm/m/n/9.5 (+20) Deterministic ref-er-ence; ex-act con-
(./revisions/2026-09-23-r24/paper/cost_table.tex)
(./revisions/2026-09-23-r24/paper/curves.tex [1
Non-PDF special ignored!
<special> papersize=487.8225pt,704.63249pt
{/var/lib/texmf/fonts/map/pdftex/updmap/pdftex.map}{/usr/share/texlive/texmf-di
st/fonts/enc/dvips/base/8r.enc}] [2]) [3] [4] [5] [6]
(./revisions/2026-09-23-r24/paper/full_ledger.tex [7] [8] [9] [10] [11]))
[12] (./revisions/2026-09-23-r23/paper/supplement.tex
(./revisions/2026-09-23-r23/paper/dependency_table.tex
Underfull \hbox (badness 10000) in paragraph at lines 5--5
[]|\T1/ptm/m/n/8.5 (+20) Financed quo-

Underfull \hbox (badness 10000) in paragraph at lines 5--5
\T1/ptm/m/n/8.5 (+20) bracket and

Underfull \hbox (badness 10000) in paragraph at lines 5--5
[]|\T1/ptm/m/n/8.5 (+20) MPFR di-rected

Underfull \hbox (badness 10000) in paragraph at lines 5--5
\T1/ptm/m/n/8.5 (+20) en-clo-sures; proof-

Underfull \hbox (badness 10000) in paragraph at lines 5--5
\T1/ptm/m/n/8.5 (+20) for 72 frozen

Underfull \hbox (badness 10000) in paragraph at lines 6--6
[]|\T1/ptm/m/n/8.5 (+20) MPFR in-ter-val

Underfull \hbox (badness 1331) in paragraph at lines 6--6
\T1/ptm/m/n/8.5 (+20) elim-i-na-tion; proof-

Underfull \hbox (badness 6032) in paragraph at lines 7--7
[]|\T1/ptm/m/n/8.5 (+20) Uniform pay-off

Underfull \hbox (badness 900) in paragraph at lines 7--7
\T1/ptm/m/n/8.5 (+20) Hes-sian bounds, pair mo-

Underfull \hbox (badness 1137) in paragraph at lines 7--7
\T1/pcr/m/n/8.5 m _ a u d i t . py$\T1/ptm/m/n/8.5 (+20) , \T1/pcr/m/n/8.5 main
\T1/ptm/m/n/8.5 (+20) ; $\T1/pcr/m/n/8.5 r e s u

Underfull \hbox (badness 3118) in paragraph at lines 7--7
\T1/pcr/m/n/8.5 l t s / c o n t i n u u m . j s on$\T1/ptm/m/n/8.5 (+20) ;

Underfull \hbox (badness 1297) in paragraph at lines 7--7
\T1/ptm/m/n/8.5 (+20) R22 $\T1/pcr/m/n/8.5 m o m e n t _ j e n s e n . py$\T1/p
tm/m/n/8.5 (+20) ,

Underfull \hbox (badness 10000) in paragraph at lines 7--7
[]|\T1/ptm/m/n/8.5 (+20) Directed ra-tio-

Underfull \hbox (badness 7832) in paragraph at lines 7--7
\T1/ptm/m/n/8.5 (+20) proof-critical con-

Underfull \hbox (badness 10000) in paragraph at lines 7--7
\T1/ptm/m/n/8.5 (+20) tin-uum trans-fer.

Underfull \hbox (badness 1831) in paragraph at lines 7--7
\T1/ptm/m/n/8.5 (+20) uses the in-her-ited

Underfull \hbox (badness 10000) in paragraph at lines 8--8
[]|\T1/ptm/m/n/8.5 (+20) Fixed-policy lower/upper

Underfull \hbox (badness 10000) in paragraph at lines 8--8
\T1/ptm/m/n/8.5 (+20) sep-a-ra-tion; un-changed

Underfull \hbox (badness 1776) in paragraph at lines 8--8
\T1/ptm/m/n/8.5 (+20) con-tin-u-ous stopped-model

Underfull \hbox (badness 10000) in paragraph at lines 8--8
[]|\T1/ptm/m/n/8.5 (+20) Directed pay-off

Underfull \hbox (badness 10000) in paragraph at lines 8--8
\T1/ptm/m/n/8.5 (+20) cer-tifi-cate; proof-

Underfull \hbox (badness 1902) in paragraph at lines 8--8
\T1/ptm/m/n/8.5 (+20) Pro-posal ob-jec-tive

Underfull \hbox (badness 10000) in paragraph at lines 9--9
[]|\T1/ptm/m/n/8.5 (+20) Global all-start-

Underfull \hbox (badness 1297) in paragraph at lines 9--9
[]|\T1/ptm/m/n/8.5 (+20) R22 $\T1/pcr/m/n/8.5 t i m e _ e n v e l o p e . py$\T
1/ptm/m/n/8.5 (+20) ,

Underfull \hbox (badness 3780) in paragraph at lines 9--9
[]|\T1/ptm/m/n/8.5 (+20) MPFR cell cover

Underfull \hbox (badness 8075) in paragraph at lines 9--9
\T1/ptm/m/n/8.5 (+20) and di-rected dis-

Underfull \hbox (badness 10000) in paragraph at lines 9--9
\T1/ptm/m/n/8.5 (+20) counted suf-fix;

Underfull \hbox (badness 3701) in paragraph at lines 9--9
\T1/ptm/m/n/8.5 (+20) proof-critical. Not

Underfull \hbox (badness 10000) in paragraph at lines 9--9
\T1/ptm/m/n/8.5 (+20) iden-ti-fied ac-tor

Underfull \hbox (badness 10000) in paragraph at lines 10--10
[]|\T1/ptm/m/n/8.5 (+20) Root deriva-tive

Underfull \hbox (badness 10000) in paragraph at lines 10--10
\T1/ptm/m/n/8.5 (+20) and quo-tient

Underfull \hbox (badness 1400) in paragraph at lines 10--10
[]|\T1/ptm/m/n/8.5 (+20) Ordinary bi-nary64

Underfull \hbox (badness 10000) in paragraph at lines 10--10
\T1/ptm/m/n/8.5 (+20) fi-nite dif-fer-ences

Underfull \hbox (badness 5245) in paragraph at lines 11--11
[]|\T1/ptm/m/n/8.5 (+20) Restoration and

Underfull \hbox (badness 6188) in paragraph at lines 11--11
[]|\T1/ptm/m/n/8.5 (+20) State hashes and

Underfull \hbox (badness 10000) in paragraph at lines 11--11
\T1/ptm/m/n/8.5 (+20) di-rected pay-off

Underfull \hbox (badness 10000) in paragraph at lines 11--11
\T1/ptm/m/n/8.5 (+20) in-ter-vals; im-ple-

Underfull \hbox (badness 10000) in paragraph at lines 11--11
\T1/ptm/m/n/8.5 (+20) not con-ver-gence

Underfull \hbox (badness 10000) in paragraph at lines 12--12
[]|\T1/ptm/m/n/8.5 (+20) Sufficient re-

Underfull \hbox (badness 10000) in paragraph at lines 12--12
\T1/ptm/m/n/8.5 (+20) budgeted in-cre-

Underfull \hbox (badness 1789) in paragraph at lines 12--12
\T1/ptm/m/n/8.5 (+20) par-i-son; not min-i-

Underfull \hbox (badness 3386) in paragraph at lines 13--13
[]|\T1/ptm/m/n/8.5 (+20) Analytic com-plex-

Underfull \hbox (badness 6741) in paragraph at lines 13--13
\T1/ptm/m/n/8.5 (+20) ity plus or-di-nary
[13]) (./revisions/2026-09-23-r23/paper/full_ledger.tex [14] [15]) [16])
(./revisions/2026-09-23-r22/paper/supplement.tex
Underfull \hbox (badness 10000) in paragraph at lines 21--21
[]|\T1/ptm/m/n/9.5 (+20) Unequal-

Underfull \hbox (badness 10000) in paragraph at lines 21--21
\T1/ptm/m/n/9.5 (+20) initialization

Underfull \hbox (badness 10000) in paragraph at lines 21--21
[]|\T1/ptm/m/n/9.5 (+20) Complex quadra-

Underfull \hbox (badness 10000) in paragraph at lines 21--21
[]|\T1/ptm/m/n/9.5 (+20) Full-state global

Underfull \hbox (badness 1072) in paragraph at lines 21--21
[]|\T1/ptm/m/n/9.5 (+20) Accessible-face trace the-o-rem and

Underfull \hbox (badness 1354) in paragraph at lines 21--21
[]|\T1/ptm/m/n/9.5 (+20) Matched ini-tial-iza-

Underfull \hbox (badness 2245) in paragraph at lines 21--21
[]|$\T1/pcr/m/n/9.5 c r o s s e d . py$\T1/ptm/m/n/9.5 (+20) ; ex-act delivered
-

Underfull \hbox (badness 832) in paragraph at lines 21--21
[]|\T1/ptm/m/n/9.5 (+20) Actor deriva-tives at four spec-i-fied
(./revisions/2026-09-23-r22/paper/full_ledger.tex [17] [18])
(./revisions/2026-09-23-r22/paper/repair_table.tex)
(./revisions/2026-09-23-r22/paper/runtime_table.tex) [19])
(./revisions/2026-09-23-r21/paper/supplement.tex [20]
(./revisions/2026-09-23-r21/paper/table_cost.tex)
(./revisions/2026-09-23-r21/paper/table_price.tex) [21])
(./revisions/2026-09-23-r19/paper/supplement.tex [22]
(./revisions/2026-09-23-r19/paper/tables/traces0.tex)
(./revisions/2026-09-23-r19/paper/tables/traces1.tex)
(./revisions/2026-09-23-r19/paper/tables/classical_signed.tex) [23]
(./revisions/2026-09-23-r19/paper/tables/warm_details_8.tex)
(./revisions/2026-09-23-r19/paper/tables/warm_details_32.tex)
(./revisions/2026-09-23-r19/paper/tables/warm_details_128.tex) [24] [25])
(./revisions/2026-09-23-r18/paper/aligned_supplement.tex
Underfull \hbox (badness 2042) in paragraph at lines 2--3
[]\T1/ptm/m/n/10.5 (+20) The cur-rent manuscript is \T1/pcr/m/n/10.5 ECTA_R18.t
ex \T1/ptm/m/n/10.5 (+20) with its com-piled PDF. This sup-ple-

Underfull \hbox (badness 3396) in paragraph at lines 2--3
\T1/ptm/m/n/10.5 (+20) ment is \T1/pcr/m/n/10.5 SUPP_R18.tex\T1/ptm/m/n/10.5 (+
20) . The point-by-point re-sponse is sup-plied in both Mark-

Underfull \hbox (badness 4660) in paragraph at lines 2--3
\T1/pcr/m/n/10.5 reviews/2026-09-23-econometrica-r16/\T1/ptm/m/n/10.5 (+20) . I
ts im-mutable re-view com-mit is
[26] [27] [28] [29] [30] [31] [32])
(./revisions/2026-09-23-r18/paper/supplement.tex [33]
(./revisions/2026-09-23-r18/paper/neural_refinement_table.tex) [34]
(./revisions/2026-09-23-r18/paper/mpfr_nodes_table.tex) [35]
(./revisions/2026-09-23-r18/paper/inventory_refinement_table.tex)
(./revisions/2026-09-23-r18/paper/inventory_dimension_table.tex)
(./revisions/2026-09-23-r18/paper/resource_table.tex) [36] [37])
(./revisions/2026-09-22-r14/paper/supplement.tex [38] [39] [40] [41] [42]
[43] [44] [45] (./revisions/2026-09-22-r14/paper/tables/policy_regions.tex)
[46]
Underfull \hbox (badness 10000) in paragraph at lines 311--311
[]|\T1/ptm/m/n/9.5 (+20) Recursive util-ity, so-phis-ti-cated

Underfull \hbox (badness 10000) in paragraph at lines 311--311
\T1/ptm/m/n/9.5 (+20) selves, games, stochas-tic trace
) [47] (./revisions/2026-09-23-r18/paper/introduction.tex [48])
(./revisions/2026-09-23-r18/paper/conclusion.tex [49]) [50]
(./revisions/2026-09-23-r19/paper/introduction.tex [51])
(./revisions/2026-09-23-r19/paper/conclusion.tex [52]) [53]
(./revisions/2026-09-23-r21/paper/introduction.tex)
(./revisions/2026-09-23-r21/paper/conclusion.tex [54]) [55]
(./revisions/2026-09-23-r22/paper/introduction.tex)
(./revisions/2026-09-23-r22/paper/conclusion.tex [56]) [57]
(./revisions/2026-09-23-r18/paper/references.tex (./SUPP_R24.brf)) [58]
(./SUPP_R24.aux) )
(see the transcript file for additional information)
pdfTeX warning (dest): name{proposition.17} has been referenced but does not ex
ist, replaced by a fixed one


pdfTeX warning (dest): name{theorem.13} has been referenced but does not exist,
 replaced by a fixed one


pdfTeX warning (dest): name{equation.E.38} has been referenced but does not exi
st, replaced by a fixed one


pdfTeX warning (dest): name{subsection.L.2} has been referenced but does not ex
ist, replaced by a fixed one


pdfTeX warning (dest): name{appendix.L} has been referenced but does not exist,
 replaced by a fixed one


pdfTeX warning (dest): name{proposition.7} has been referenced but does not exi
st, replaced by a fixed one


pdfTeX warning (dest): name{proposition.9} has been referenced but does not exi
st, replaced by a fixed one


pdfTeX warning (dest): name{proposition.6} has been referenced but does not exi
st, replaced by a fixed one


pdfTeX warning (dest): name{theorem.8} has been referenced but does not exist, 
replaced by a fixed one


pdfTeX warning (dest): name{proposition.8} has been referenced but does not exi
st, replaced by a fixed one


pdfTeX warning (dest): name{theorem.9} has been referenced but does not exist, 
replaced by a fixed one

</usr/share/texlive/texmf-dist/fonts/type1/public/amsfonts/cm/cmex10.pfb></usr/
share/texlive/texmf-dist/fonts/type1/public/amsfonts/cm/cmmi10.pfb></usr/share/
texlive/texmf-dist/fonts/type1/public/amsfonts/cm/cmmi5.pfb></usr/share/texlive
/texmf-dist/fonts/type1/public/amsfonts/cm/cmmi6.pfb></usr/share/texlive/texmf-
dist/fonts/type1/public/amsfonts/cm/cmmi8.pfb></usr/share/texlive/texmf-dist/fo
nts/type1/public/amsfonts/cm/cmmi9.pfb></usr/share/texlive/texmf-dist/fonts/typ
e1/public/amsfonts/cm/cmr10.pfb></usr/share/texlive/texmf-dist/fonts/type1/publ
ic/amsfonts/cm/cmr5.pfb></usr/share/texlive/texmf-dist/fonts/type1/public/amsfo
nts/cm/cmr6.pfb></usr/share/texlive/texmf-dist/fonts/type1/public/amsfonts/cm/c
mr8.pfb></usr/share/texlive/texmf-dist/fonts/type1/public/amsfonts/cm/cmr9.pfb>
</usr/share/texlive/texmf-dist/fonts/type1/public/amsfonts/cm/cmsy10.pfb></usr/
share/texlive/texmf-dist/fonts/type1/public/amsfonts/cm/cmsy5.pfb></usr/share/t
exlive/texmf-dist/fonts/type1/public/amsfonts/cm/cmsy6.pfb></usr/share/texlive/
texmf-dist/fonts/type1/public/amsfonts/cm/cmsy8.pfb></usr/share/texlive/texmf-d
ist/fonts/type1/public/amsfonts/cm/cmsy9.pfb></usr/share/texlive/texmf-dist/fon
ts/type1/public/amsfonts/symbols/msbm10.pfb></usr/share/texlive/texmf-dist/font
s/type1/urw/courier/ucrr8a.pfb></usr/share/texlive/texmf-dist/fonts/type1/urw/t
imes/utmr8a.pfb></usr/share/texlive/texmf-dist/fonts/type1/urw/times/utmri8a.pf
b>
Output written on SUPP_R24.pdf (58 pages, 433269 bytes).
Transcript written on SUPP_R24.log.
Latexmk: Getting log file 'SUPP_R24.log'
Latexmk: Examining 'SUPP_R24.fls'
Latexmk: Examining 'SUPP_R24.log'
Latexmk: Log file says output to 'SUPP_R24.pdf'
Latexmk: All targets (SUPP_R24.pdf) are up-to-date

