Rc files read:
  /etc/LatexMk
Latexmk: This is Latexmk, John Collins, 31 Jan. 2024. Version 4.83.
No existing .aux file, so I'll make a simple one, and require run of *latex.
Latexmk: applying rule 'pdflatex'...
Rule 'pdflatex':  Reasons for rerun
Category 'other':
  Rerun of 'pdflatex' forced or previously required:
    Reason or flag: 'Initial setup'

------------
Run number 1 of rule 'pdflatex'
------------
------------
Running 'pdflatex  -interaction=nonstopmode -halt-on-error -recorder  "SUPP_R40.tex"'
------------
This is pdfTeX, Version 3.141592653-2.6-1.40.25 (TeX Live 2023/Debian) (preloaded format=pdflatex)
 restricted \write18 enabled.
entering extended mode
(./SUPP_R40.tex
LaTeX2e <2023-11-01> patch level 1
L3 programming layer <2024-01-22>
(./revisions/2026-09-25-r40/paper/supplement.tex
(./revisions/2026-09-25-r40/paper/preamble.tex (./econsocart.cls
Document Class: econsocart 2022/11/21 v1.4.1, The Econometric Society Journals
(/usr/share/texlive/texmf-dist/tex/latex/etoolbox/etoolbox.sty)
(./econsocart.cfg) (/usr/share/texlive/texmf-dist/tex/latex/base/fix-cm.sty
(/usr/share/texlive/texmf-dist/tex/latex/base/ts1enc.def))
(/usr/share/texlive/texmf-dist/tex/latex/graphics/graphicx.sty
(/usr/share/texlive/texmf-dist/tex/latex/graphics/keyval.sty)
(/usr/share/texlive/texmf-dist/tex/latex/graphics/graphics.sty
(/usr/share/texlive/texmf-dist/tex/latex/graphics/trig.sty)
(/usr/share/texlive/texmf-dist/tex/latex/graphics-cfg/graphics.cfg)
(/usr/share/texlive/texmf-dist/tex/latex/graphics-def/pdftex.def)))
(/usr/share/texlive/texmf-dist/tex/latex/base/fontenc.sty)
(/usr/share/texlive/texmf-dist/tex/latex/psnfss/times.sty)
(/usr/share/texlive/texmf-dist/tex/latex/textcase/textcase.sty)
(/usr/share/texlive/texmf-dist/tex/latex/psnfss/helvet.sty)
(/usr/share/texlive/texmf-dist/tex/latex/base/textcomp.sty)
(/usr/share/texlive/texmf-dist/tex/latex/psnfss/t1ptm.fd)
(/usr/share/texlive/texmf-dist/tex/latex/amsfonts/amssymb.sty
(/usr/share/texlive/texmf-dist/tex/latex/amsfonts/amsfonts.sty))
(/usr/share/texlive/texmf-dist/tex/latex/tools/bm.sty)
(/usr/share/texlive/texmf-dist/tex/latex/url/url.sty)
(/usr/share/texlive/texmf-dist/tex/latex/amsmath/amsmath.sty
For additional information on amsmath, use the `?' option.
(/usr/share/texlive/texmf-dist/tex/latex/amsmath/amstext.sty
(/usr/share/texlive/texmf-dist/tex/latex/amsmath/amsgen.sty))
(/usr/share/texlive/texmf-dist/tex/latex/amsmath/amsbsy.sty)
(/usr/share/texlive/texmf-dist/tex/latex/amsmath/amsopn.sty))
(/usr/share/texlive/texmf-dist/tex/latex/amscls/amsthm.sty)
(/usr/share/texlive/texmf-dist/tex/latex/natbib/natbib.sty))
(/usr/share/texlive/texmf-dist/tex/latex/booktabs/booktabs.sty)
(/usr/share/texlive/texmf-dist/tex/latex/tools/tabularx.sty
(/usr/share/texlive/texmf-dist/tex/latex/tools/array.sty))
(/usr/share/texlive/texmf-dist/tex/latex/microtype/microtype.sty
(/usr/share/texlive/texmf-dist/tex/latex/microtype/microtype-pdftex.def)
(/usr/share/texlive/texmf-dist/tex/latex/microtype/microtype.cfg))
(/usr/share/texlive/texmf-dist/tex/latex/tools/longtable.sty)
(/usr/share/texlive/texmf-dist/tex/latex/pdfpages/pdfpages.sty
(/usr/share/texlive/texmf-dist/tex/latex/base/ifthen.sty)
(/usr/share/texlive/texmf-dist/tex/latex/tools/calc.sty)
(/usr/share/texlive/texmf-dist/tex/latex/eso-pic/eso-pic.sty
(/usr/share/texlive/texmf-dist/tex/latex/xcolor/xcolor.sty
(/usr/share/texlive/texmf-dist/tex/latex/graphics-cfg/color.cfg)
(/usr/share/texlive/texmf-dist/tex/latex/graphics/mathcolor.ltx)))
(/usr/share/texlive/texmf-dist/tex/latex/pdfpages/pppdftex.def))
(/usr/share/texlive/texmf-dist/tex/latex/hyperref/hyperref.sty
(/usr/share/texlive/texmf-dist/tex/generic/iftex/iftex.sty)
(/usr/share/texlive/texmf-dist/tex/latex/kvsetkeys/kvsetkeys.sty)
(/usr/share/texlive/texmf-dist/tex/generic/kvdefinekeys/kvdefinekeys.sty)
(/usr/share/texlive/texmf-dist/tex/generic/pdfescape/pdfescape.sty
(/usr/share/texlive/texmf-dist/tex/generic/ltxcmds/ltxcmds.sty)
(/usr/share/texlive/texmf-dist/tex/generic/pdftexcmds/pdftexcmds.sty
(/usr/share/texlive/texmf-dist/tex/generic/infwarerr/infwarerr.sty)))
(/usr/share/texlive/texmf-dist/tex/latex/hycolor/hycolor.sty)
(/usr/share/texlive/texmf-dist/tex/latex/auxhook/auxhook.sty)
(/usr/share/texlive/texmf-dist/tex/latex/hyperref/nameref.sty
(/usr/share/texlive/texmf-dist/tex/latex/refcount/refcount.sty)
(/usr/share/texlive/texmf-dist/tex/generic/gettitlestring/gettitlestring.sty
(/usr/share/texlive/texmf-dist/tex/latex/kvoptions/kvoptions.sty)))
(/usr/share/texlive/texmf-dist/tex/latex/hyperref/pd1enc.def)
(/usr/share/texlive/texmf-dist/tex/generic/intcalc/intcalc.sty)
(/usr/share/texlive/texmf-dist/tex/latex/hyperref/puenc.def)
(/usr/share/texlive/texmf-dist/tex/generic/bitset/bitset.sty
(/usr/share/texlive/texmf-dist/tex/generic/bigintcalc/bigintcalc.sty))
(/usr/share/texlive/texmf-dist/tex/latex/base/atbegshi-ltx.sty))
(/usr/share/texlive/texmf-dist/tex/latex/hyperref/hpdftex.def
(/usr/share/texlive/texmf-dist/tex/latex/base/atveryend-ltx.sty)
(/usr/share/texlive/texmf-dist/tex/latex/rerunfilecheck/rerunfilecheck.sty
(/usr/share/texlive/texmf-dist/tex/generic/uniquecounter/uniquecounter.sty)))
(/usr/share/texlive/texmf-dist/tex/latex/xurl/xurl.sty))
(./revisions/2026-09-25-r40/paper/generated/metrics.tex)
(/usr/share/texlive/texmf-dist/tex/latex/hyperref/backref.sty)
(/usr/share/texlive/texmf-dist/tex/latex/l3backend/l3backend-pdftex.def)
(./SUPP_R40.aux)
(/usr/share/texlive/texmf-dist/tex/context/base/mkii/supp-pdf.mkii
[Loading MPS to PDF converter (version 2006.09.02).]
) (/usr/share/texlive/texmf-dist/tex/latex/epstopdf-pkg/epstopdf-base.sty
(/usr/share/texlive/texmf-dist/tex/latex/latexconfig/epstopdf-sys.cfg))
(/usr/share/texlive/texmf-dist/tex/latex/microtype/mt-ptm.cfg)
(/usr/share/texlive/texmf-dist/tex/latex/pdflscape/pdflscape.sty
(/usr/share/texlive/texmf-dist/tex/latex/pdflscape/pdflscape-nometadata.sty
(/usr/share/texlive/texmf-dist/tex/latex/graphics/lscape.sty)))
(/usr/share/texlive/texmf-dist/tex/latex/microtype/mt-cmr.cfg)
(/usr/share/texlive/texmf-dist/tex/latex/amsfonts/umsa.fd)
(/usr/share/texlive/texmf-dist/tex/latex/microtype/mt-msa.cfg)
(/usr/share/texlive/texmf-dist/tex/latex/amsfonts/umsb.fd)
(/usr/share/texlive/texmf-dist/tex/latex/microtype/mt-msb.cfg)
Underfull \hbox (badness 4967) in paragraph at lines 18--18
[]|\T1/ptm/m/n/10.5 (+20) Witness-driven re-

Underfull \hbox (badness 1092) in paragraph at lines 18--18
[]|\T1/ptm/m/n/10.5 (+20) Uniform er-ror bounds over all

Underfull \hbox (badness 10000) in paragraph at lines 18--18
[]|\T1/ptm/m/n/10.5 (+20) Administration

Underfull \hbox (badness 1394) in paragraph at lines 18--18
[]|\T1/ptm/m/n/10.5 (+20) All 126 ex-act known-model

Underfull \hbox (badness 10000) in paragraph at lines 18--18
[]|\T1/ptm/m/n/10.5 (+20) Finite com-plete

Underfull \hbox (badness 10000) in paragraph at lines 20--20
[]|\T1/ptm/m/n/10.5 (+20) Unchanged one-state, atomic

Underfull \hbox (badness 10000) in paragraph at lines 20--20
\T1/ptm/m/n/10.5 (+20) affine-shock model; all-state

Underfull \hbox (badness 10000) in paragraph at lines 21--21
[]|\T1/ptm/m/n/10.5 (+20) Deterministic

Underfull \hbox (badness 887) in paragraph at lines 21--22
[]|\T1/ptm/m/n/10.5 (+20) R38 proof ob-jects and in-de-

Underfull \hbox (badness 2050) in paragraph at lines 21--22
\T1/ptm/m/n/10.5 (+20) bound is not a ran-dom-ized

Underfull \hbox (badness 2894) in paragraph at lines 22--23
\T1/ptm/m/n/10.5 (+20) all 20 meshes; in-de-pen-dent

Underfull \hbox (badness 832) in paragraph at lines 22--23
\T1/ptm/m/n/10.5 (+20) ob-jects and a new com-plete

Underfull \hbox (badness 10000) in paragraph at lines 24--25
[]|\T1/ptm/m/n/10.5 (+20) Archival deriva-tion, not a

Underfull \hbox (badness 6725) in paragraph at lines 24--25
\T1/ptm/m/n/10.5 (+20) solved nu-mer-i-cal tar-get or
[1
Non-PDF special ignored!
<special> papersize=487.8225pt,704.63249pt
{/var/lib/texmf/fonts/map/pdftex/updmap/pdftex.map}{/usr/share/texlive/texmf-di
st/fonts/enc/dvips/base/8r.enc}] [2] [3]

LaTeX Warning: Reference `tab:finitework' on page 4 undefined on input line 67.


[4] (/usr/share/texlive/texmf-dist/tex/latex/psnfss/t1pcr.fd)
(./revisions/2026-09-25-r40/paper/generated/finite_work.tex)

Package longtable Warning: Column widths have changed
(longtable)                in table II on input line 89.

[5] (./revisions/2026-09-25-r40/paper/generated/primary_uniform.tex)

Package longtable Warning: Column widths have changed
(longtable)                in table III on input line 112.

[6]

Package hyperref Warning: Token not allowed in a PDF string (Unicode):
(hyperref)                removing `math shift' on input line 113.


Package hyperref Warning: Token not allowed in a PDF string (Unicode):
(hyperref)                removing `math shift' on input line 113.

(./revisions/2026-09-25-r40/paper/generated/primary_high_condition.tex)

Package longtable Warning: Column widths have changed
(longtable)                in table IV on input line 118.

[7]

Package hyperref Warning: Token not allowed in a PDF string (Unicode):
(hyperref)                removing `math shift' on input line 119.


Package hyperref Warning: Token not allowed in a PDF string (Unicode):
(hyperref)                removing `math shift' on input line 119.

(./revisions/2026-09-25-r40/paper/generated/primary_low_condition.tex)

Package longtable Warning: Column widths have changed
(longtable)                in table V on input line 124.

[8] (./revisions/2026-09-25-r40/paper/generated/deterministic_gaps.tex)
[9]

Package longtable Warning: Column widths have changed
(longtable)                in table VI on input line 134.


Package hyperref Warning: Token not allowed in a PDF string (Unicode):
(hyperref)                removing `math shift' on input line 136.


Package hyperref Warning: Token not allowed in a PDF string (Unicode):
(hyperref)                removing `math shift' on input line 136.

[10] (./revisions/2026-09-25-r40/paper/generated/exception_locus.tex)
(./revisions/2026-09-25-r40/paper/generated/nonlinear_all.tex)

Package longtable Warning: Column widths have changed
(longtable)                in table VII on input line 148.

[11]

Package hyperref Warning: Token not allowed in a PDF string (Unicode):
(hyperref)                removing `math shift' on input line 152.


Package hyperref Warning: Token not allowed in a PDF string (Unicode):
(hyperref)                removing `math shift' on input line 152.

(./revisions/2026-09-25-r40/paper/generated/nonlinear_tight.tex)

Package longtable Warning: Column widths have changed
(longtable)                in table VIII on input line 158.

(./revisions/2026-09-25-r40/paper/generated/local_work.tex) [12]

Package longtable Warning: Column widths have changed
(longtable)                in table IX on input line 167.

[13] [14] [15 <./revisions/2026-09-25-r40/paper/generated/local_cells.pdf> <./r
evisions/2026-09-25-r40/paper/generated/local_seconds.pdf>] [16] [17 <./ECTA_R3
8.pdf>] [18 <./ECTA_R38.pdf>] [19 <./ECTA_R38.pdf>] [20 <./ECTA_R38.pdf>]
[21 <./ECTA_R38.pdf>] [22 <./ECTA_R38.pdf>] [23 <./ECTA_R38.pdf>] [24 <./ECTA_R
38.pdf>] [25 <./ECTA_R38.pdf>] [26 <./ECTA_R38.pdf>] [27 <./ECTA_R38.pdf>]
[28 <./ECTA_R38.pdf>] [29 <./ECTA_R38.pdf>] [30 <./ECTA_R38.pdf>] [31 <./ECTA_R
38.pdf>] [32] [33 <./SUPP_R38.pdf>] [34 <./SUPP_R38.pdf>] [35 <./SUPP_R38.pdf>]
[36 <./SUPP_R38.pdf>] [37 <./SUPP_R38.pdf>] [38 <./SUPP_R38.pdf>] [39 <./SUPP_R
38.pdf>] [40 <./SUPP_R38.pdf>] [41 <./SUPP_R38.pdf>] [42 <./SUPP_R38.pdf>]
[43 <./SUPP_R38.pdf>] [44 <./SUPP_R38.pdf>] [45 <./SUPP_R38.pdf>] [46 <./SUPP_R
38.pdf>] [47 <./SUPP_R38.pdf>]

Package longtable Warning: Table widths have changed. Rerun LaTeX.

(./SUPP_R40.aux)

LaTeX Warning: There were undefined references.


LaTeX Warning: Label(s) may have changed. Rerun to get cross-references right.


Package rerunfilecheck Warning: File `SUPP_R40.out' has changed.
(rerunfilecheck)                Rerun to get outlines right
(rerunfilecheck)                or use package `bookmark'.

 ) )
(see the transcript file for additional information)</usr/share/texlive/texmf-d
ist/fonts/type1/public/amsfonts/cm/cmbx10.pfb></usr/share/texlive/texmf-dist/fo
nts/type1/public/amsfonts/cm/cmex10.pfb></usr/share/texlive/texmf-dist/fonts/ty
pe1/public/amsfonts/cmextra/cmex7.pfb></usr/share/texlive/texmf-dist/fonts/type
1/public/amsfonts/cm/cmmi10.pfb></usr/share/texlive/texmf-dist/fonts/type1/publ
ic/amsfonts/cm/cmmi5.pfb></usr/share/texlive/texmf-dist/fonts/type1/public/amsf
onts/cm/cmmi6.pfb></usr/share/texlive/texmf-dist/fonts/type1/public/amsfonts/cm
/cmmi8.pfb></usr/share/texlive/texmf-dist/fonts/type1/public/amsfonts/cm/cmmi9.
pfb></usr/share/texlive/texmf-dist/fonts/type1/public/amsfonts/cm/cmr10.pfb></u
sr/share/texlive/texmf-dist/fonts/type1/public/amsfonts/cm/cmr5.pfb></usr/share
/texlive/texmf-dist/fonts/type1/public/amsfonts/cm/cmr6.pfb></usr/share/texlive
/texmf-dist/fonts/type1/public/amsfonts/cm/cmr8.pfb></usr/share/texlive/texmf-d
ist/fonts/type1/public/amsfonts/cm/cmr9.pfb></usr/share/texlive/texmf-dist/font
s/type1/public/amsfonts/cm/cmss10.pfb></usr/share/texlive/texmf-dist/fonts/type
1/public/amsfonts/cm/cmsy10.pfb></usr/share/texlive/texmf-dist/fonts/type1/publ
ic/amsfonts/cm/cmsy6.pfb></usr/share/texlive/texmf-dist/fonts/type1/public/amsf
onts/symbols/msbm10.pfb></usr/share/texlive/texmf-dist/fonts/type1/urw/courier/
ucrr8a.pfb></usr/share/texlive/texmf-dist/fonts/type1/urw/times/utmb8a.pfb></us
r/share/texlive/texmf-dist/fonts/type1/urw/times/utmr8a.pfb></usr/share/texlive
/texmf-dist/fonts/type1/urw/times/utmri8a.pfb>
Output written on SUPP_R40.pdf (47 pages, 453206 bytes).
Transcript written on SUPP_R40.log.
Latexmk: Getting log file 'SUPP_R40.log'
Latexmk: Examining 'SUPP_R40.fls'
Latexmk: Examining 'SUPP_R40.log'
Latexmk: References changed.
Latexmk: References changed.
Latexmk: Log file says output to 'SUPP_R40.pdf'
Latexmk: applying rule 'pdflatex'...
Rule 'pdflatex':  Reasons for rerun
Changed files or newly in use/created:
  SUPP_R40.aux
  SUPP_R40.out

------------
Run number 2 of rule 'pdflatex'
------------
------------
Running 'pdflatex  -interaction=nonstopmode -halt-on-error -recorder  "SUPP_R40.tex"'
------------
This is pdfTeX, Version 3.141592653-2.6-1.40.25 (TeX Live 2023/Debian) (preloaded format=pdflatex)
 restricted \write18 enabled.
entering extended mode
(./SUPP_R40.tex
LaTeX2e <2023-11-01> patch level 1
L3 programming layer <2024-01-22>
(./revisions/2026-09-25-r40/paper/supplement.tex
(./revisions/2026-09-25-r40/paper/preamble.tex (./econsocart.cls
Document Class: econsocart 2022/11/21 v1.4.1, The Econometric Society Journals
(/usr/share/texlive/texmf-dist/tex/latex/etoolbox/etoolbox.sty)
(./econsocart.cfg) (/usr/share/texlive/texmf-dist/tex/latex/base/fix-cm.sty
(/usr/share/texlive/texmf-dist/tex/latex/base/ts1enc.def))
(/usr/share/texlive/texmf-dist/tex/latex/graphics/graphicx.sty
(/usr/share/texlive/texmf-dist/tex/latex/graphics/keyval.sty)
(/usr/share/texlive/texmf-dist/tex/latex/graphics/graphics.sty
(/usr/share/texlive/texmf-dist/tex/latex/graphics/trig.sty)
(/usr/share/texlive/texmf-dist/tex/latex/graphics-cfg/graphics.cfg)
(/usr/share/texlive/texmf-dist/tex/latex/graphics-def/pdftex.def)))
(/usr/share/texlive/texmf-dist/tex/latex/base/fontenc.sty)
(/usr/share/texlive/texmf-dist/tex/latex/psnfss/times.sty)
(/usr/share/texlive/texmf-dist/tex/latex/textcase/textcase.sty)
(/usr/share/texlive/texmf-dist/tex/latex/psnfss/helvet.sty)
(/usr/share/texlive/texmf-dist/tex/latex/base/textcomp.sty)
(/usr/share/texlive/texmf-dist/tex/latex/psnfss/t1ptm.fd)
(/usr/share/texlive/texmf-dist/tex/latex/amsfonts/amssymb.sty
(/usr/share/texlive/texmf-dist/tex/latex/amsfonts/amsfonts.sty))
(/usr/share/texlive/texmf-dist/tex/latex/tools/bm.sty)
(/usr/share/texlive/texmf-dist/tex/latex/url/url.sty)
(/usr/share/texlive/texmf-dist/tex/latex/amsmath/amsmath.sty
For additional information on amsmath, use the `?' option.
(/usr/share/texlive/texmf-dist/tex/latex/amsmath/amstext.sty
(/usr/share/texlive/texmf-dist/tex/latex/amsmath/amsgen.sty))
(/usr/share/texlive/texmf-dist/tex/latex/amsmath/amsbsy.sty)
(/usr/share/texlive/texmf-dist/tex/latex/amsmath/amsopn.sty))
(/usr/share/texlive/texmf-dist/tex/latex/amscls/amsthm.sty)
(/usr/share/texlive/texmf-dist/tex/latex/natbib/natbib.sty))
(/usr/share/texlive/texmf-dist/tex/latex/booktabs/booktabs.sty)
(/usr/share/texlive/texmf-dist/tex/latex/tools/tabularx.sty
(/usr/share/texlive/texmf-dist/tex/latex/tools/array.sty))
(/usr/share/texlive/texmf-dist/tex/latex/microtype/microtype.sty
(/usr/share/texlive/texmf-dist/tex/latex/microtype/microtype-pdftex.def)
(/usr/share/texlive/texmf-dist/tex/latex/microtype/microtype.cfg))
(/usr/share/texlive/texmf-dist/tex/latex/tools/longtable.sty)
(/usr/share/texlive/texmf-dist/tex/latex/pdfpages/pdfpages.sty
(/usr/share/texlive/texmf-dist/tex/latex/base/ifthen.sty)
(/usr/share/texlive/texmf-dist/tex/latex/tools/calc.sty)
(/usr/share/texlive/texmf-dist/tex/latex/eso-pic/eso-pic.sty
(/usr/share/texlive/texmf-dist/tex/latex/xcolor/xcolor.sty
(/usr/share/texlive/texmf-dist/tex/latex/graphics-cfg/color.cfg)
(/usr/share/texlive/texmf-dist/tex/latex/graphics/mathcolor.ltx)))
(/usr/share/texlive/texmf-dist/tex/latex/pdfpages/pppdftex.def))
(/usr/share/texlive/texmf-dist/tex/latex/hyperref/hyperref.sty
(/usr/share/texlive/texmf-dist/tex/generic/iftex/iftex.sty)
(/usr/share/texlive/texmf-dist/tex/latex/kvsetkeys/kvsetkeys.sty)
(/usr/share/texlive/texmf-dist/tex/generic/kvdefinekeys/kvdefinekeys.sty)
(/usr/share/texlive/texmf-dist/tex/generic/pdfescape/pdfescape.sty
(/usr/share/texlive/texmf-dist/tex/generic/ltxcmds/ltxcmds.sty)
(/usr/share/texlive/texmf-dist/tex/generic/pdftexcmds/pdftexcmds.sty
(/usr/share/texlive/texmf-dist/tex/generic/infwarerr/infwarerr.sty)))
(/usr/share/texlive/texmf-dist/tex/latex/hycolor/hycolor.sty)
(/usr/share/texlive/texmf-dist/tex/latex/auxhook/auxhook.sty)
(/usr/share/texlive/texmf-dist/tex/latex/hyperref/nameref.sty
(/usr/share/texlive/texmf-dist/tex/latex/refcount/refcount.sty)
(/usr/share/texlive/texmf-dist/tex/generic/gettitlestring/gettitlestring.sty
(/usr/share/texlive/texmf-dist/tex/latex/kvoptions/kvoptions.sty)))
(/usr/share/texlive/texmf-dist/tex/latex/hyperref/pd1enc.def)
(/usr/share/texlive/texmf-dist/tex/generic/intcalc/intcalc.sty)
(/usr/share/texlive/texmf-dist/tex/latex/hyperref/puenc.def)
(/usr/share/texlive/texmf-dist/tex/generic/bitset/bitset.sty
(/usr/share/texlive/texmf-dist/tex/generic/bigintcalc/bigintcalc.sty))
(/usr/share/texlive/texmf-dist/tex/latex/base/atbegshi-ltx.sty))
(/usr/share/texlive/texmf-dist/tex/latex/hyperref/hpdftex.def
(/usr/share/texlive/texmf-dist/tex/latex/base/atveryend-ltx.sty)
(/usr/share/texlive/texmf-dist/tex/latex/rerunfilecheck/rerunfilecheck.sty
(/usr/share/texlive/texmf-dist/tex/generic/uniquecounter/uniquecounter.sty)))
(/usr/share/texlive/texmf-dist/tex/latex/xurl/xurl.sty))
(./revisions/2026-09-25-r40/paper/generated/metrics.tex)
(/usr/share/texlive/texmf-dist/tex/latex/hyperref/backref.sty)
(/usr/share/texlive/texmf-dist/tex/latex/l3backend/l3backend-pdftex.def)
(./SUPP_R40.aux)
(/usr/share/texlive/texmf-dist/tex/context/base/mkii/supp-pdf.mkii
[Loading MPS to PDF converter (version 2006.09.02).]
) (/usr/share/texlive/texmf-dist/tex/latex/epstopdf-pkg/epstopdf-base.sty
(/usr/share/texlive/texmf-dist/tex/latex/latexconfig/epstopdf-sys.cfg))
(/usr/share/texlive/texmf-dist/tex/latex/microtype/mt-ptm.cfg)
(/usr/share/texlive/texmf-dist/tex/latex/pdflscape/pdflscape.sty
(/usr/share/texlive/texmf-dist/tex/latex/pdflscape/pdflscape-nometadata.sty
(/usr/share/texlive/texmf-dist/tex/latex/graphics/lscape.sty))) (./SUPP_R40.out
) (./SUPP_R40.out)
(/usr/share/texlive/texmf-dist/tex/latex/microtype/mt-cmr.cfg)
(/usr/share/texlive/texmf-dist/tex/latex/amsfonts/umsa.fd)
(/usr/share/texlive/texmf-dist/tex/latex/microtype/mt-msa.cfg)
(/usr/share/texlive/texmf-dist/tex/latex/amsfonts/umsb.fd)
(/usr/share/texlive/texmf-dist/tex/latex/microtype/mt-msb.cfg)
Underfull \hbox (badness 4967) in paragraph at lines 18--18
[]|\T1/ptm/m/n/10.5 (+20) Witness-driven re-

Underfull \hbox (badness 1092) in paragraph at lines 18--18
[]|\T1/ptm/m/n/10.5 (+20) Uniform er-ror bounds over all

Underfull \hbox (badness 10000) in paragraph at lines 18--18
[]|\T1/ptm/m/n/10.5 (+20) Administration

Underfull \hbox (badness 1394) in paragraph at lines 18--18
[]|\T1/ptm/m/n/10.5 (+20) All 126 ex-act known-model

Underfull \hbox (badness 10000) in paragraph at lines 18--18
[]|\T1/ptm/m/n/10.5 (+20) Finite com-plete

Underfull \hbox (badness 10000) in paragraph at lines 20--20
[]|\T1/ptm/m/n/10.5 (+20) Unchanged one-state, atomic

Underfull \hbox (badness 10000) in paragraph at lines 20--20
\T1/ptm/m/n/10.5 (+20) affine-shock model; all-state

Underfull \hbox (badness 10000) in paragraph at lines 21--21
[]|\T1/ptm/m/n/10.5 (+20) Deterministic

Underfull \hbox (badness 887) in paragraph at lines 21--22
[]|\T1/ptm/m/n/10.5 (+20) R38 proof ob-jects and in-de-

Underfull \hbox (badness 2050) in paragraph at lines 21--22
\T1/ptm/m/n/10.5 (+20) bound is not a ran-dom-ized

Underfull \hbox (badness 2894) in paragraph at lines 22--23
\T1/ptm/m/n/10.5 (+20) all 20 meshes; in-de-pen-dent

Underfull \hbox (badness 832) in paragraph at lines 22--23
\T1/ptm/m/n/10.5 (+20) ob-jects and a new com-plete

Underfull \hbox (badness 10000) in paragraph at lines 24--25
[]|\T1/ptm/m/n/10.5 (+20) Archival deriva-tion, not a

Underfull \hbox (badness 6725) in paragraph at lines 24--25
\T1/ptm/m/n/10.5 (+20) solved nu-mer-i-cal tar-get or
[1
Non-PDF special ignored!
<special> papersize=487.8225pt,704.63249pt
{/var/lib/texmf/fonts/map/pdftex/updmap/pdftex.map}{/usr/share/texlive/texmf-di
st/fonts/enc/dvips/base/8r.enc}] [2] [3] [4]
(/usr/share/texlive/texmf-dist/tex/latex/psnfss/t1pcr.fd)
(./revisions/2026-09-25-r40/paper/generated/finite_work.tex) [5]
(./revisions/2026-09-25-r40/paper/generated/primary_uniform.tex) [6]

Package hyperref Warning: Token not allowed in a PDF string (Unicode):
(hyperref)                removing `math shift' on input line 113.


Package hyperref Warning: Token not allowed in a PDF string (Unicode):
(hyperref)                removing `math shift' on input line 113.

(./revisions/2026-09-25-r40/paper/generated/primary_high_condition.tex)
[7]

Package hyperref Warning: Token not allowed in a PDF string (Unicode):
(hyperref)                removing `math shift' on input line 119.


Package hyperref Warning: Token not allowed in a PDF string (Unicode):
(hyperref)                removing `math shift' on input line 119.

(./revisions/2026-09-25-r40/paper/generated/primary_low_condition.tex) [8]
(./revisions/2026-09-25-r40/paper/generated/deterministic_gaps.tex) [9]

Package hyperref Warning: Token not allowed in a PDF string (Unicode):
(hyperref)                removing `math shift' on input line 136.


Package hyperref Warning: Token not allowed in a PDF string (Unicode):
(hyperref)                removing `math shift' on input line 136.

[10] (./revisions/2026-09-25-r40/paper/generated/exception_locus.tex)
(./revisions/2026-09-25-r40/paper/generated/nonlinear_all.tex) [11]

Package hyperref Warning: Token not allowed in a PDF string (Unicode):
(hyperref)                removing `math shift' on input line 152.


Package hyperref Warning: Token not allowed in a PDF string (Unicode):
(hyperref)                removing `math shift' on input line 152.

(./revisions/2026-09-25-r40/paper/generated/nonlinear_tight.tex)
(./revisions/2026-09-25-r40/paper/generated/local_work.tex) [12] [13] [14]
[15 <./revisions/2026-09-25-r40/paper/generated/local_cells.pdf> <./revisions/2
026-09-25-r40/paper/generated/local_seconds.pdf>] [16] [17 <./ECTA_R38.pdf>]
[18 <./ECTA_R38.pdf>] [19 <./ECTA_R38.pdf>] [20 <./ECTA_R38.pdf>] [21 <./ECTA_R
38.pdf>] [22 <./ECTA_R38.pdf>] [23 <./ECTA_R38.pdf>] [24 <./ECTA_R38.pdf>]
[25 <./ECTA_R38.pdf>] [26 <./ECTA_R38.pdf>] [27 <./ECTA_R38.pdf>] [28 <./ECTA_R
38.pdf>] [29 <./ECTA_R38.pdf>] [30 <./ECTA_R38.pdf>] [31 <./ECTA_R38.pdf>]
[32] [33 <./SUPP_R38.pdf>] [34 <./SUPP_R38.pdf>] [35 <./SUPP_R38.pdf>] [36 <./S
UPP_R38.pdf>] [37 <./SUPP_R38.pdf>] [38 <./SUPP_R38.pdf>] [39 <./SUPP_R38.pdf>]
[40 <./SUPP_R38.pdf>] [41 <./SUPP_R38.pdf>] [42 <./SUPP_R38.pdf>] [43 <./SUPP_R
38.pdf>] [44 <./SUPP_R38.pdf>] [45 <./SUPP_R38.pdf>] [46 <./SUPP_R38.pdf>]
[47 <./SUPP_R38.pdf>] (./SUPP_R40.aux) ) )
(see the transcript file for additional information)</usr/share/texlive/texmf-d
ist/fonts/type1/public/amsfonts/cm/cmbx10.pfb></usr/share/texlive/texmf-dist/fo
nts/type1/public/amsfonts/cm/cmex10.pfb></usr/share/texlive/texmf-dist/fonts/ty
pe1/public/amsfonts/cmextra/cmex7.pfb></usr/share/texlive/texmf-dist/fonts/type
1/public/amsfonts/cm/cmmi10.pfb></usr/share/texlive/texmf-dist/fonts/type1/publ
ic/amsfonts/cm/cmmi5.pfb></usr/share/texlive/texmf-dist/fonts/type1/public/amsf
onts/cm/cmmi6.pfb></usr/share/texlive/texmf-dist/fonts/type1/public/amsfonts/cm
/cmmi8.pfb></usr/share/texlive/texmf-dist/fonts/type1/public/amsfonts/cm/cmmi9.
pfb></usr/share/texlive/texmf-dist/fonts/type1/public/amsfonts/cm/cmr10.pfb></u
sr/share/texlive/texmf-dist/fonts/type1/public/amsfonts/cm/cmr5.pfb></usr/share
/texlive/texmf-dist/fonts/type1/public/amsfonts/cm/cmr6.pfb></usr/share/texlive
/texmf-dist/fonts/type1/public/amsfonts/cm/cmr8.pfb></usr/share/texlive/texmf-d
ist/fonts/type1/public/amsfonts/cm/cmr9.pfb></usr/share/texlive/texmf-dist/font
s/type1/public/amsfonts/cm/cmss10.pfb></usr/share/texlive/texmf-dist/fonts/type
1/public/amsfonts/cm/cmsy10.pfb></usr/share/texlive/texmf-dist/fonts/type1/publ
ic/amsfonts/cm/cmsy6.pfb></usr/share/texlive/texmf-dist/fonts/type1/public/amsf
onts/symbols/msbm10.pfb></usr/share/texlive/texmf-dist/fonts/type1/urw/courier/
ucrr8a.pfb></usr/share/texlive/texmf-dist/fonts/type1/urw/times/utmr8a.pfb></us
r/share/texlive/texmf-dist/fonts/type1/urw/times/utmri8a.pfb>
Output written on SUPP_R40.pdf (47 pages, 448280 bytes).
Transcript written on SUPP_R40.log.
Latexmk: Getting log file 'SUPP_R40.log'
Latexmk: Examining 'SUPP_R40.fls'
Latexmk: Examining 'SUPP_R40.log'
Latexmk: Log file says output to 'SUPP_R40.pdf'
Latexmk: applying rule 'pdflatex'...
Rule 'pdflatex':  Reasons for rerun
Changed files or newly in use/created:
  SUPP_R40.aux

------------
Run number 3 of rule 'pdflatex'
------------
------------
Running 'pdflatex  -interaction=nonstopmode -halt-on-error -recorder  "SUPP_R40.tex"'
------------
This is pdfTeX, Version 3.141592653-2.6-1.40.25 (TeX Live 2023/Debian) (preloaded format=pdflatex)
 restricted \write18 enabled.
entering extended mode
(./SUPP_R40.tex
LaTeX2e <2023-11-01> patch level 1
L3 programming layer <2024-01-22>
(./revisions/2026-09-25-r40/paper/supplement.tex
(./revisions/2026-09-25-r40/paper/preamble.tex (./econsocart.cls
Document Class: econsocart 2022/11/21 v1.4.1, The Econometric Society Journals
(/usr/share/texlive/texmf-dist/tex/latex/etoolbox/etoolbox.sty)
(./econsocart.cfg) (/usr/share/texlive/texmf-dist/tex/latex/base/fix-cm.sty
(/usr/share/texlive/texmf-dist/tex/latex/base/ts1enc.def))
(/usr/share/texlive/texmf-dist/tex/latex/graphics/graphicx.sty
(/usr/share/texlive/texmf-dist/tex/latex/graphics/keyval.sty)
(/usr/share/texlive/texmf-dist/tex/latex/graphics/graphics.sty
(/usr/share/texlive/texmf-dist/tex/latex/graphics/trig.sty)
(/usr/share/texlive/texmf-dist/tex/latex/graphics-cfg/graphics.cfg)
(/usr/share/texlive/texmf-dist/tex/latex/graphics-def/pdftex.def)))
(/usr/share/texlive/texmf-dist/tex/latex/base/fontenc.sty)
(/usr/share/texlive/texmf-dist/tex/latex/psnfss/times.sty)
(/usr/share/texlive/texmf-dist/tex/latex/textcase/textcase.sty)
(/usr/share/texlive/texmf-dist/tex/latex/psnfss/helvet.sty)
(/usr/share/texlive/texmf-dist/tex/latex/base/textcomp.sty)
(/usr/share/texlive/texmf-dist/tex/latex/psnfss/t1ptm.fd)
(/usr/share/texlive/texmf-dist/tex/latex/amsfonts/amssymb.sty
(/usr/share/texlive/texmf-dist/tex/latex/amsfonts/amsfonts.sty))
(/usr/share/texlive/texmf-dist/tex/latex/tools/bm.sty)
(/usr/share/texlive/texmf-dist/tex/latex/url/url.sty)
(/usr/share/texlive/texmf-dist/tex/latex/amsmath/amsmath.sty
For additional information on amsmath, use the `?' option.
(/usr/share/texlive/texmf-dist/tex/latex/amsmath/amstext.sty
(/usr/share/texlive/texmf-dist/tex/latex/amsmath/amsgen.sty))
(/usr/share/texlive/texmf-dist/tex/latex/amsmath/amsbsy.sty)
(/usr/share/texlive/texmf-dist/tex/latex/amsmath/amsopn.sty))
(/usr/share/texlive/texmf-dist/tex/latex/amscls/amsthm.sty)
(/usr/share/texlive/texmf-dist/tex/latex/natbib/natbib.sty))
(/usr/share/texlive/texmf-dist/tex/latex/booktabs/booktabs.sty)
(/usr/share/texlive/texmf-dist/tex/latex/tools/tabularx.sty
(/usr/share/texlive/texmf-dist/tex/latex/tools/array.sty))
(/usr/share/texlive/texmf-dist/tex/latex/microtype/microtype.sty
(/usr/share/texlive/texmf-dist/tex/latex/microtype/microtype-pdftex.def)
(/usr/share/texlive/texmf-dist/tex/latex/microtype/microtype.cfg))
(/usr/share/texlive/texmf-dist/tex/latex/tools/longtable.sty)
(/usr/share/texlive/texmf-dist/tex/latex/pdfpages/pdfpages.sty
(/usr/share/texlive/texmf-dist/tex/latex/base/ifthen.sty)
(/usr/share/texlive/texmf-dist/tex/latex/tools/calc.sty)
(/usr/share/texlive/texmf-dist/tex/latex/eso-pic/eso-pic.sty
(/usr/share/texlive/texmf-dist/tex/latex/xcolor/xcolor.sty
(/usr/share/texlive/texmf-dist/tex/latex/graphics-cfg/color.cfg)
(/usr/share/texlive/texmf-dist/tex/latex/graphics/mathcolor.ltx)))
(/usr/share/texlive/texmf-dist/tex/latex/pdfpages/pppdftex.def))
(/usr/share/texlive/texmf-dist/tex/latex/hyperref/hyperref.sty
(/usr/share/texlive/texmf-dist/tex/generic/iftex/iftex.sty)
(/usr/share/texlive/texmf-dist/tex/latex/kvsetkeys/kvsetkeys.sty)
(/usr/share/texlive/texmf-dist/tex/generic/kvdefinekeys/kvdefinekeys.sty)
(/usr/share/texlive/texmf-dist/tex/generic/pdfescape/pdfescape.sty
(/usr/share/texlive/texmf-dist/tex/generic/ltxcmds/ltxcmds.sty)
(/usr/share/texlive/texmf-dist/tex/generic/pdftexcmds/pdftexcmds.sty
(/usr/share/texlive/texmf-dist/tex/generic/infwarerr/infwarerr.sty)))
(/usr/share/texlive/texmf-dist/tex/latex/hycolor/hycolor.sty)
(/usr/share/texlive/texmf-dist/tex/latex/auxhook/auxhook.sty)
(/usr/share/texlive/texmf-dist/tex/latex/hyperref/nameref.sty
(/usr/share/texlive/texmf-dist/tex/latex/refcount/refcount.sty)
(/usr/share/texlive/texmf-dist/tex/generic/gettitlestring/gettitlestring.sty
(/usr/share/texlive/texmf-dist/tex/latex/kvoptions/kvoptions.sty)))
(/usr/share/texlive/texmf-dist/tex/latex/hyperref/pd1enc.def)
(/usr/share/texlive/texmf-dist/tex/generic/intcalc/intcalc.sty)
(/usr/share/texlive/texmf-dist/tex/latex/hyperref/puenc.def)
(/usr/share/texlive/texmf-dist/tex/generic/bitset/bitset.sty
(/usr/share/texlive/texmf-dist/tex/generic/bigintcalc/bigintcalc.sty))
(/usr/share/texlive/texmf-dist/tex/latex/base/atbegshi-ltx.sty))
(/usr/share/texlive/texmf-dist/tex/latex/hyperref/hpdftex.def
(/usr/share/texlive/texmf-dist/tex/latex/base/atveryend-ltx.sty)
(/usr/share/texlive/texmf-dist/tex/latex/rerunfilecheck/rerunfilecheck.sty
(/usr/share/texlive/texmf-dist/tex/generic/uniquecounter/uniquecounter.sty)))
(/usr/share/texlive/texmf-dist/tex/latex/xurl/xurl.sty))
(./revisions/2026-09-25-r40/paper/generated/metrics.tex)
(/usr/share/texlive/texmf-dist/tex/latex/hyperref/backref.sty)
(/usr/share/texlive/texmf-dist/tex/latex/l3backend/l3backend-pdftex.def)
(./SUPP_R40.aux)
(/usr/share/texlive/texmf-dist/tex/context/base/mkii/supp-pdf.mkii
[Loading MPS to PDF converter (version 2006.09.02).]
) (/usr/share/texlive/texmf-dist/tex/latex/epstopdf-pkg/epstopdf-base.sty
(/usr/share/texlive/texmf-dist/tex/latex/latexconfig/epstopdf-sys.cfg))
(/usr/share/texlive/texmf-dist/tex/latex/microtype/mt-ptm.cfg)
(/usr/share/texlive/texmf-dist/tex/latex/pdflscape/pdflscape.sty
(/usr/share/texlive/texmf-dist/tex/latex/pdflscape/pdflscape-nometadata.sty
(/usr/share/texlive/texmf-dist/tex/latex/graphics/lscape.sty))) (./SUPP_R40.out
) (./SUPP_R40.out)
(/usr/share/texlive/texmf-dist/tex/latex/microtype/mt-cmr.cfg)
(/usr/share/texlive/texmf-dist/tex/latex/amsfonts/umsa.fd)
(/usr/share/texlive/texmf-dist/tex/latex/microtype/mt-msa.cfg)
(/usr/share/texlive/texmf-dist/tex/latex/amsfonts/umsb.fd)
(/usr/share/texlive/texmf-dist/tex/latex/microtype/mt-msb.cfg)
Underfull \hbox (badness 4967) in paragraph at lines 18--18
[]|\T1/ptm/m/n/10.5 (+20) Witness-driven re-

Underfull \hbox (badness 1092) in paragraph at lines 18--18
[]|\T1/ptm/m/n/10.5 (+20) Uniform er-ror bounds over all

Underfull \hbox (badness 10000) in paragraph at lines 18--18
[]|\T1/ptm/m/n/10.5 (+20) Administration

Underfull \hbox (badness 1394) in paragraph at lines 18--18
[]|\T1/ptm/m/n/10.5 (+20) All 126 ex-act known-model

Underfull \hbox (badness 10000) in paragraph at lines 18--18
[]|\T1/ptm/m/n/10.5 (+20) Finite com-plete

Underfull \hbox (badness 10000) in paragraph at lines 20--20
[]|\T1/ptm/m/n/10.5 (+20) Unchanged one-state, atomic

Underfull \hbox (badness 10000) in paragraph at lines 20--20
\T1/ptm/m/n/10.5 (+20) affine-shock model; all-state

Underfull \hbox (badness 10000) in paragraph at lines 21--21
[]|\T1/ptm/m/n/10.5 (+20) Deterministic

Underfull \hbox (badness 887) in paragraph at lines 21--22
[]|\T1/ptm/m/n/10.5 (+20) R38 proof ob-jects and in-de-

Underfull \hbox (badness 2050) in paragraph at lines 21--22
\T1/ptm/m/n/10.5 (+20) bound is not a ran-dom-ized

Underfull \hbox (badness 2894) in paragraph at lines 22--23
\T1/ptm/m/n/10.5 (+20) all 20 meshes; in-de-pen-dent

Underfull \hbox (badness 832) in paragraph at lines 22--23
\T1/ptm/m/n/10.5 (+20) ob-jects and a new com-plete

Underfull \hbox (badness 10000) in paragraph at lines 24--25
[]|\T1/ptm/m/n/10.5 (+20) Archival deriva-tion, not a

Underfull \hbox (badness 6725) in paragraph at lines 24--25
\T1/ptm/m/n/10.5 (+20) solved nu-mer-i-cal tar-get or
[1
Non-PDF special ignored!
<special> papersize=487.8225pt,704.63249pt
{/var/lib/texmf/fonts/map/pdftex/updmap/pdftex.map}{/usr/share/texlive/texmf-di
st/fonts/enc/dvips/base/8r.enc}] [2] [3] [4]
(/usr/share/texlive/texmf-dist/tex/latex/psnfss/t1pcr.fd)
(./revisions/2026-09-25-r40/paper/generated/finite_work.tex) [5]
(./revisions/2026-09-25-r40/paper/generated/primary_uniform.tex) [6]

Package hyperref Warning: Token not allowed in a PDF string (Unicode):
(hyperref)                removing `math shift' on input line 113.


Package hyperref Warning: Token not allowed in a PDF string (Unicode):
(hyperref)                removing `math shift' on input line 113.

(./revisions/2026-09-25-r40/paper/generated/primary_high_condition.tex)
[7]

Package hyperref Warning: Token not allowed in a PDF string (Unicode):
(hyperref)                removing `math shift' on input line 119.


Package hyperref Warning: Token not allowed in a PDF string (Unicode):
(hyperref)                removing `math shift' on input line 119.

(./revisions/2026-09-25-r40/paper/generated/primary_low_condition.tex) [8]
(./revisions/2026-09-25-r40/paper/generated/deterministic_gaps.tex) [9]

Package hyperref Warning: Token not allowed in a PDF string (Unicode):
(hyperref)                removing `math shift' on input line 136.


Package hyperref Warning: Token not allowed in a PDF string (Unicode):
(hyperref)                removing `math shift' on input line 136.

[10] (./revisions/2026-09-25-r40/paper/generated/exception_locus.tex)
(./revisions/2026-09-25-r40/paper/generated/nonlinear_all.tex) [11]

Package hyperref Warning: Token not allowed in a PDF string (Unicode):
(hyperref)                removing `math shift' on input line 152.


Package hyperref Warning: Token not allowed in a PDF string (Unicode):
(hyperref)                removing `math shift' on input line 152.

(./revisions/2026-09-25-r40/paper/generated/nonlinear_tight.tex)
(./revisions/2026-09-25-r40/paper/generated/local_work.tex) [12] [13] [14]
[15 <./revisions/2026-09-25-r40/paper/generated/local_cells.pdf> <./revisions/2
026-09-25-r40/paper/generated/local_seconds.pdf>] [16] [17 <./ECTA_R38.pdf>]
[18 <./ECTA_R38.pdf>] [19 <./ECTA_R38.pdf>] [20 <./ECTA_R38.pdf>] [21 <./ECTA_R
38.pdf>] [22 <./ECTA_R38.pdf>] [23 <./ECTA_R38.pdf>] [24 <./ECTA_R38.pdf>]
[25 <./ECTA_R38.pdf>] [26 <./ECTA_R38.pdf>] [27 <./ECTA_R38.pdf>] [28 <./ECTA_R
38.pdf>] [29 <./ECTA_R38.pdf>] [30 <./ECTA_R38.pdf>] [31 <./ECTA_R38.pdf>]
[32] [33 <./SUPP_R38.pdf>] [34 <./SUPP_R38.pdf>] [35 <./SUPP_R38.pdf>] [36 <./S
UPP_R38.pdf>] [37 <./SUPP_R38.pdf>] [38 <./SUPP_R38.pdf>] [39 <./SUPP_R38.pdf>]
[40 <./SUPP_R38.pdf>] [41 <./SUPP_R38.pdf>] [42 <./SUPP_R38.pdf>] [43 <./SUPP_R
38.pdf>] [44 <./SUPP_R38.pdf>] [45 <./SUPP_R38.pdf>] [46 <./SUPP_R38.pdf>]
[47 <./SUPP_R38.pdf>] (./SUPP_R40.aux) ) )
(see the transcript file for additional information)</usr/share/texlive/texmf-d
ist/fonts/type1/public/amsfonts/cm/cmbx10.pfb></usr/share/texlive/texmf-dist/fo
nts/type1/public/amsfonts/cm/cmex10.pfb></usr/share/texlive/texmf-dist/fonts/ty
pe1/public/amsfonts/cmextra/cmex7.pfb></usr/share/texlive/texmf-dist/fonts/type
1/public/amsfonts/cm/cmmi10.pfb></usr/share/texlive/texmf-dist/fonts/type1/publ
ic/amsfonts/cm/cmmi5.pfb></usr/share/texlive/texmf-dist/fonts/type1/public/amsf
onts/cm/cmmi6.pfb></usr/share/texlive/texmf-dist/fonts/type1/public/amsfonts/cm
/cmmi8.pfb></usr/share/texlive/texmf-dist/fonts/type1/public/amsfonts/cm/cmmi9.
pfb></usr/share/texlive/texmf-dist/fonts/type1/public/amsfonts/cm/cmr10.pfb></u
sr/share/texlive/texmf-dist/fonts/type1/public/amsfonts/cm/cmr5.pfb></usr/share
/texlive/texmf-dist/fonts/type1/public/amsfonts/cm/cmr6.pfb></usr/share/texlive
/texmf-dist/fonts/type1/public/amsfonts/cm/cmr8.pfb></usr/share/texlive/texmf-d
ist/fonts/type1/public/amsfonts/cm/cmr9.pfb></usr/share/texlive/texmf-dist/font
s/type1/public/amsfonts/cm/cmss10.pfb></usr/share/texlive/texmf-dist/fonts/type
1/public/amsfonts/cm/cmsy10.pfb></usr/share/texlive/texmf-dist/fonts/type1/publ
ic/amsfonts/cm/cmsy6.pfb></usr/share/texlive/texmf-dist/fonts/type1/public/amsf
onts/symbols/msbm10.pfb></usr/share/texlive/texmf-dist/fonts/type1/urw/courier/
ucrr8a.pfb></usr/share/texlive/texmf-dist/fonts/type1/urw/times/utmr8a.pfb></us
r/share/texlive/texmf-dist/fonts/type1/urw/times/utmri8a.pfb>
Output written on SUPP_R40.pdf (47 pages, 448280 bytes).
Transcript written on SUPP_R40.log.
Latexmk: Getting log file 'SUPP_R40.log'
Latexmk: Examining 'SUPP_R40.fls'
Latexmk: Examining 'SUPP_R40.log'
Latexmk: Log file says output to 'SUPP_R40.pdf'
Latexmk: All targets (SUPP_R40.pdf) are up-to-date

