{
  "records": [
    {
      "method": "actor",
      "seed": 11,
      "guarded": false,
      "source": "revisions/2026-10-03-r9/results/grid_33_49_40/continuous_actor_s11_search.npz",
      "source_sha256": "cf6f9ee6bbc94ffd9e0e940fbcb677aa1bfbcd00eb66148902feaaf8c525d8e7",
      "training_seconds": 89.57823038100003,
      "policy_evaluation_seconds": 4.221657369000241,
      "shared_cover_seconds": 1633.7975829509999,
      "regret_upper": 0.0963049744639717,
      "all_node_target_pass": true,
      "guard_fraction": null,
      "max_indexed_target_residual": null,
      "independent_policy_residual_upper": 0.11005268668648861,
      "indexed_correction_uncompressed_bytes": 0,
      "correction_storage_includes_all_dates": true,
      "continuous_state_time_error": null,
      "maximum": 0.09322551428529602,
      "positive_quantiles": {
        "0": 0.0,
        "50": 0.0,
        "90": 0.0011664454287185768,
        "95": 0.0026892532265091686,
        "99": 0.0056996249173217085,
        "100": 0.09322551428529602
      },
      "location": {
        "time_index": 36,
        "time": 0.9,
        "state_index": 47,
        "u": 1.2,
        "log_wealth": 0.6642660480366142,
        "wealth": 1.9430638823072115
      },
      "lower_wealth_region_max": 0.005035509808571703,
      "upper_wealth_region_max": 0.09322551428529602,
      "interior_max": 0.02668754908627502,
      "fraction_above_point1": 0.0,
      "states": 1617,
      "time_levels": 41,
      "lower_action_frequency": [
        0.0,
        0.002127659574468085,
        0.27770793036750485
      ],
      "upper_action_frequency": [
        0.9657640232108318,
        0.5243391360412637,
        0.4208413926499033
      ]
    },
    {
      "method": "actor",
      "seed": 29,
      "guarded": false,
      "source": "revisions/2026-10-03-r9/results/grid_33_49_40/continuous_actor_s29_search.npz",
      "source_sha256": "4ef4d28ed462653e47584c165219f6e22f6f8ad542eb02e78f9b185f9f24fe8a",
      "training_seconds": 89.59856279099995,
      "policy_evaluation_seconds": 4.202400397000019,
      "shared_cover_seconds": 1633.7975829509999,
      "regret_upper": 0.06535667704949778,
      "all_node_target_pass": true,
      "guard_fraction": null,
      "max_indexed_target_residual": null,
      "independent_policy_residual_upper": 0.09625557460622415,
      "indexed_correction_uncompressed_bytes": 0,
      "correction_storage_includes_all_dates": true,
      "continuous_state_time_error": null,
      "maximum": 0.06247860702447383,
      "positive_quantiles": {
        "0": 0.0,
        "50": 0.0,
        "90": 0.0005484606549615023,
        "95": 0.0009636690150902172,
        "99": 0.0018292326389675142,
        "100": 0.06247860702447383
      },
      "location": {
        "time_index": 37,
        "time": 0.925,
        "state_index": 47,
        "u": 1.2,
        "log_wealth": 0.6642660480366142,
        "wealth": 1.9430638823072115
      },
      "lower_wealth_region_max": 0.003583815463430895,
      "upper_wealth_region_max": 0.06247860702447383,
      "interior_max": 0.021134562850251726,
      "fraction_above_point1": 0.0,
      "states": 1617,
      "time_levels": 41,
      "lower_action_frequency": [
        0.0,
        0.0014990328820116054,
        0.27825596389426177
      ],
      "upper_action_frequency": [
        0.965538362346873,
        0.5270470664087685,
        0.42030947775628624
      ]
    },
    {
      "method": "actor",
      "seed": 47,
      "guarded": false,
      "source": "revisions/2026-10-03-r9/results/grid_33_49_40/continuous_actor_s47_search.npz",
      "source_sha256": "65442cbb9a9b3abd1e046b7bc1b29680776fe19ef5cd14b3bda316a99a456b6b",
      "training_seconds": 85.79539556299983,
      "policy_evaluation_seconds": 4.477570198000194,
      "shared_cover_seconds": 1633.7975829509999,
      "regret_upper": 0.09025465649714627,
      "all_node_target_pass": true,
      "guard_fraction": null,
      "max_indexed_target_residual": null,
      "independent_policy_residual_upper": 0.11268438387057157,
      "indexed_correction_uncompressed_bytes": 0,
      "correction_storage_includes_all_dates": true,
      "continuous_state_time_error": null,
      "maximum": 0.08717519631846882,
      "positive_quantiles": {
        "0": 0.0,
        "50": 0.0,
        "90": 0.0003350276745989867,
        "95": 0.0007287758776329589,
        "99": 0.001549776271959573,
        "100": 0.08717519631846882
      },
      "location": {
        "time_index": 36,
        "time": 0.9,
        "state_index": 47,
        "u": 1.2,
        "log_wealth": 0.6642660480366142,
        "wealth": 1.9430638823072115
      },
      "lower_wealth_region_max": 0.0021361807337996197,
      "upper_wealth_region_max": 0.08717519631846882,
      "interior_max": 0.03798197260857483,
      "fraction_above_point1": 0.0,
      "states": 1617,
      "time_levels": 41,
      "lower_action_frequency": [
        0.0,
        0.0024339136041263702,
        0.2716956802063185
      ],
      "upper_action_frequency": [
        0.9648130238555771,
        0.5254190844616377,
        0.4216473243068988
      ]
    },
    {
      "method": "search",
      "seed": 11,
      "guarded": false,
      "source": "revisions/2026-10-03-r9/results/grid_33_49_40/continuous_direct_s11_steps0_search.npz",
      "source_sha256": "54dc4e8eedc6624e68b89d5bf6f108218492fe7b7255ae885cfb753f5d6cb944",
      "training_seconds": 56.657993444999875,
      "policy_evaluation_seconds": 5.014558040999873,
      "shared_cover_seconds": 1633.7975829509999,
      "regret_upper": 0.09630300221079492,
      "all_node_target_pass": true,
      "guard_fraction": null,
      "max_indexed_target_residual": null,
      "independent_policy_residual_upper": 0.1103166360296255,
      "indexed_correction_uncompressed_bytes": 0,
      "correction_storage_includes_all_dates": true,
      "continuous_state_time_error": null,
      "maximum": 0.09322354203210947,
      "positive_quantiles": {
        "0": 0.0,
        "50": 0.0,
        "90": 0.0015502585595717387,
        "95": 0.0029461497007433834,
        "99": 0.006002795223086541,
        "100": 0.09322354203210947
      },
      "location": {
        "time_index": 36,
        "time": 0.9,
        "state_index": 47,
        "u": 1.2,
        "log_wealth": 0.6642660480366142,
        "wealth": 1.9430638823072115
      },
      "lower_wealth_region_max": 0.005035622260379569,
      "upper_wealth_region_max": 0.09322354203210947,
      "interior_max": 0.042711527366035895,
      "fraction_above_point1": 0.0,
      "states": 1617,
      "time_levels": 41,
      "lower_action_frequency": [
        0.0,
        0.002498388136686009,
        0.27757898130238556
      ],
      "upper_action_frequency": [
        0.9649580915538363,
        0.5378465506125081,
        0.4194229529335912
      ]
    },
    {
      "method": "search",
      "seed": 29,
      "guarded": false,
      "source": "revisions/2026-10-03-r9/results/grid_33_49_40/continuous_direct_s29_steps0_search.npz",
      "source_sha256": "4d0ed40be0cf10f17da4730a805d3e7698f0045759e1d66b400aa6010be40b85",
      "training_seconds": 50.83585125299987,
      "policy_evaluation_seconds": 4.994596847000139,
      "shared_cover_seconds": 1633.7975829509999,
      "regret_upper": 0.0655126782565061,
      "all_node_target_pass": true,
      "guard_fraction": null,
      "max_indexed_target_residual": null,
      "independent_policy_residual_upper": 0.0967996950413408,
      "indexed_correction_uncompressed_bytes": 0,
      "correction_storage_includes_all_dates": true,
      "continuous_state_time_error": null,
      "maximum": 0.06263460823147327,
      "positive_quantiles": {
        "0": 0.0,
        "50": 0.0,
        "90": 0.0003703513971811568,
        "95": 0.0007441433933996322,
        "99": 0.0016670470013175423,
        "100": 0.06263460823147327
      },
      "location": {
        "time_index": 37,
        "time": 0.925,
        "state_index": 47,
        "u": 1.2,
        "log_wealth": 0.6642660480366142,
        "wealth": 1.9430638823072115
      },
      "lower_wealth_region_max": 0.0035010564779973663,
      "upper_wealth_region_max": 0.06263460823147327,
      "interior_max": 0.021134562850251726,
      "fraction_above_point1": 0.0,
      "states": 1617,
      "time_levels": 41,
      "lower_action_frequency": [
        0.0,
        0.0027079303675048355,
        0.2776112185686654
      ],
      "upper_action_frequency": [
        0.963571889103804,
        0.5244036105738233,
        0.41434558349451966
      ]
    },
    {
      "method": "search",
      "seed": 47,
      "guarded": false,
      "source": "revisions/2026-10-03-r9/results/grid_33_49_40/continuous_direct_s47_steps0_search.npz",
      "source_sha256": "4dceadd5febc81bad75786595294218ebea0859a7e6c7075693d64c6e045ce84",
      "training_seconds": 45.71037824700011,
      "policy_evaluation_seconds": 5.003208128000097,
      "shared_cover_seconds": 1633.7975829509999,
      "regret_upper": 0.09631348720015699,
      "all_node_target_pass": true,
      "guard_fraction": null,
      "max_indexed_target_residual": null,
      "independent_policy_residual_upper": 0.11307999432574435,
      "indexed_correction_uncompressed_bytes": 0,
      "correction_storage_includes_all_dates": true,
      "continuous_state_time_error": null,
      "maximum": 0.09323402702147154,
      "positive_quantiles": {
        "0": 0.0,
        "50": 0.0,
        "90": 0.0009005625259569612,
        "95": 0.0016978940171539665,
        "99": 0.0031579021312480443,
        "100": 0.09323402702147154
      },
      "location": {
        "time_index": 36,
        "time": 0.9,
        "state_index": 47,
        "u": 1.2,
        "log_wealth": 0.6642660480366142,
        "wealth": 1.9430638823072115
      },
      "lower_wealth_region_max": 0.007258911966186332,
      "upper_wealth_region_max": 0.09323402702147154,
      "interior_max": 0.03658773292146433,
      "fraction_above_point1": 0.0,
      "states": 1617,
      "time_levels": 41,
      "lower_action_frequency": [
        0.0,
        0.002562862669245648,
        0.2730174081237911
      ],
      "upper_action_frequency": [
        0.9640070921985816,
        0.5329787234042553,
        0.41958413926499033
      ]
    },
    {
      "method": "actor",
      "seed": 11,
      "guarded": true,
      "source": "revisions/2026-10-03-r9/results/grid_33_49_40_guarded/continuous_actor_s11_search.npz",
      "source_sha256": "b0ada54edeec30fcb71c1cab013092d950b559032b3be48a1283e400cb9ecc22",
      "training_seconds": 88.85165335700003,
      "policy_evaluation_seconds": 4.197230263000165,
      "shared_cover_seconds": 1633.7975829509999,
      "regret_upper": 0.014015029384724544,
      "all_node_target_pass": true,
      "guard_fraction": 0.9499845392702535,
      "max_indexed_target_residual": 6.228832005739095e-05,
      "independent_policy_residual_upper": 6.22883200760427e-05,
      "indexed_correction_uncompressed_bytes": 582120,
      "correction_storage_includes_all_dates": true,
      "continuous_state_time_error": null,
      "maximum": 0.00409683808669925,
      "positive_quantiles": {
        "0": 0.0,
        "50": 0.0,
        "90": 0.0,
        "95": 0.0,
        "99": 0.0,
        "100": 0.00409683808669925
      },
      "location": {
        "time_index": 22,
        "time": 0.55,
        "state_index": 1,
        "u": 1.2,
        "log_wealth": -0.6642660480366143,
        "wealth": 0.514651118321746
      },
      "lower_wealth_region_max": 0.00409683808669925,
      "upper_wealth_region_max": 0.0,
      "interior_max": 0.0021145612198116837,
      "fraction_above_point1": 0.0,
      "states": 1617,
      "time_levels": 41,
      "lower_action_frequency": [
        0.0,
        0.0017408123791102514,
        0.2740006447453256
      ],
      "upper_action_frequency": [
        0.963926499032882,
        0.5118149580915539,
        0.41368471953578334
      ]
    },
    {
      "method": "actor",
      "seed": 29,
      "guarded": true,
      "source": "revisions/2026-10-03-r9/results/grid_33_49_40_guarded/continuous_actor_s29_search.npz",
      "source_sha256": "b23da5ff211d50e7a0822d1272838ba32d80500c6fcd067501d5177392d40c21",
      "training_seconds": 85.55342464299997,
      "policy_evaluation_seconds": 4.241102716000114,
      "shared_cover_seconds": 1633.7975829509999,
      "regret_upper": 0.03105793191827733,
      "all_node_target_pass": true,
      "guard_fraction": 0.9508812615955473,
      "max_indexed_target_residual": 6.248642497075353e-05,
      "independent_policy_residual_upper": 6.248642497697078e-05,
      "indexed_correction_uncompressed_bytes": 582120,
      "correction_storage_includes_all_dates": true,
      "continuous_state_time_error": null,
      "maximum": 0.009302977725694994,
      "positive_quantiles": {
        "0": 0.0,
        "50": 0.0,
        "90": 0.0,
        "95": 0.0,
        "99": 0.0,
        "100": 0.009302977725694994
      },
      "location": {
        "time_index": 3,
        "time": 0.075,
        "state_index": 247,
        "u": 1.48125,
        "log_wealth": -0.6353849155132831,
        "wealth": 0.5297315471796477
      },
      "lower_wealth_region_max": 0.004059014886575341,
      "upper_wealth_region_max": 0.0,
      "interior_max": 0.009302977725694994,
      "fraction_above_point1": 0.0,
      "states": 1617,
      "time_levels": 41,
      "lower_action_frequency": [
        0.0,
        0.0021598968407479046,
        0.2738394584139265
      ],
      "upper_action_frequency": [
        0.9642649903288201,
        0.5118149580915539,
        0.41382978723404257
      ]
    },
    {
      "method": "actor",
      "seed": 47,
      "guarded": true,
      "source": "revisions/2026-10-03-r9/results/grid_33_49_40_guarded/continuous_actor_s47_search.npz",
      "source_sha256": "57786e51013ab32997792fe1828fb8c1abbaff9e5ea5220bf763eb8dbeec9db7",
      "training_seconds": 88.85959978999995,
      "policy_evaluation_seconds": 4.277076033999947,
      "shared_cover_seconds": 1633.7975829509999,
      "regret_upper": 0.03564678383414855,
      "all_node_target_pass": true,
      "guard_fraction": 0.9501236858379716,
      "max_indexed_target_residual": 6.239341021352375e-05,
      "independent_policy_residual_upper": 6.239341022951096e-05,
      "indexed_correction_uncompressed_bytes": 582120,
      "correction_storage_includes_all_dates": true,
      "continuous_state_time_error": null,
      "maximum": 0.015547439202265867,
      "positive_quantiles": {
        "0": 0.0,
        "50": 0.0,
        "90": 0.0,
        "95": 0.0,
        "99": 0.0,
        "100": 0.015547439202265867
      },
      "location": {
        "time_index": 0,
        "time": 0.0,
        "state_index": 296,
        "u": 1.5375,
        "log_wealth": -0.6353849155132831,
        "wealth": 0.5297315471796477
      },
      "lower_wealth_region_max": 0.004094715023727602,
      "upper_wealth_region_max": 0.0,
      "interior_max": 0.015547439202265867,
      "fraction_above_point1": 0.0,
      "states": 1617,
      "time_levels": 41,
      "lower_action_frequency": [
        0.0,
        0.0024822695035460994,
        0.27411347517730494
      ],
      "upper_action_frequency": [
        0.9631850419084461,
        0.5118149580915539,
        0.4135557704706641
      ]
    },
    {
      "method": "search",
      "seed": 11,
      "guarded": true,
      "source": "revisions/2026-10-03-r9/results/grid_33_49_40_guarded/continuous_direct_s11_steps0_search.npz",
      "source_sha256": "704f094d0d3703c2203cb97ccfb552d9548d48449b5550bb763e67253f182a8f",
      "training_seconds": 47.69016145899991,
      "policy_evaluation_seconds": 5.005782318999991,
      "shared_cover_seconds": 1633.7975829509999,
      "regret_upper": 0.03544013496174259,
      "all_node_target_pass": true,
      "guard_fraction": 0.9495052566481138,
      "max_indexed_target_residual": 6.242816672763497e-05,
      "independent_policy_residual_upper": 6.24281667551685e-05,
      "indexed_correction_uncompressed_bytes": 582120,
      "correction_storage_includes_all_dates": true,
      "continuous_state_time_error": null,
      "maximum": 0.013848528094064783,
      "positive_quantiles": {
        "0": 0.0,
        "50": 0.0,
        "90": 0.0,
        "95": 0.0,
        "99": 0.0,
        "100": 0.013848528094064783
      },
      "location": {
        "time_index": 1,
        "time": 0.025,
        "state_index": 247,
        "u": 1.48125,
        "log_wealth": -0.6353849155132831,
        "wealth": 0.5297315471796477
      },
      "lower_wealth_region_max": 0.00406203298729757,
      "upper_wealth_region_max": 0.0002569766902859594,
      "interior_max": 0.013848528094064783,
      "fraction_above_point1": 0.0,
      "states": 1617,
      "time_levels": 41,
      "lower_action_frequency": [
        0.0,
        0.002498388136686009,
        0.27741779497098645
      ],
      "upper_action_frequency": [
        0.9635880077369439,
        0.5118955512572534,
        0.4102998065764023
      ]
    },
    {
      "method": "search",
      "seed": 29,
      "guarded": true,
      "source": "revisions/2026-10-03-r9/results/grid_33_49_40_guarded/continuous_direct_s29_steps0_search.npz",
      "source_sha256": "a278aaf3522d3ae234835bdfd9564b7a70145830913402b10e33c150806a45ca",
      "training_seconds": 49.151978020000115,
      "policy_evaluation_seconds": 5.011286746999758,
      "shared_cover_seconds": 1633.7975829509999,
      "regret_upper": 0.03565540448174432,
      "all_node_target_pass": true,
      "guard_fraction": 0.9509894867037724,
      "max_indexed_target_residual": 6.216469385700309e-05,
      "independent_policy_residual_upper": 6.216469386943758e-05,
      "indexed_correction_uncompressed_bytes": 582120,
      "correction_storage_includes_all_dates": true,
      "continuous_state_time_error": null,
      "maximum": 0.015558338336998379,
      "positive_quantiles": {
        "0": 0.0,
        "50": 0.0,
        "90": 0.0,
        "95": 0.0,
        "99": 0.0,
        "100": 0.015558338336998379
      },
      "location": {
        "time_index": 0,
        "time": 0.0,
        "state_index": 296,
        "u": 1.5375,
        "log_wealth": -0.6353849155132831,
        "wealth": 0.5297315471796477
      },
      "lower_wealth_region_max": 0.004079674155560653,
      "upper_wealth_region_max": 0.00025711170936865146,
      "interior_max": 0.015558338336998379,
      "fraction_above_point1": 0.0,
      "states": 1617,
      "time_levels": 41,
      "lower_action_frequency": [
        0.0,
        0.002385557704706641,
        0.27728884590586717
      ],
      "upper_action_frequency": [
        0.9630077369439072,
        0.5118310767246937,
        0.410170857511283
      ]
    },
    {
      "method": "search",
      "seed": 47,
      "guarded": true,
      "source": "revisions/2026-10-03-r9/results/grid_33_49_40_guarded/continuous_direct_s47_steps0_search.npz",
      "source_sha256": "47e5b6dd4823166abf20ad0750d4427aa7b7a3c0713b46a021a30f02708a6d97",
      "training_seconds": 45.36072327599982,
      "policy_evaluation_seconds": 5.006791778999741,
      "shared_cover_seconds": 1633.7975829509999,
      "regret_upper": 0.03493897293511062,
      "all_node_target_pass": true,
      "guard_fraction": 0.9516233766233766,
      "max_indexed_target_residual": 6.242615955187604e-05,
      "independent_policy_residual_upper": 6.242615955986965e-05,
      "indexed_correction_uncompressed_bytes": 582120,
      "correction_storage_includes_all_dates": true,
      "continuous_state_time_error": null,
      "maximum": 0.015559713046478407,
      "positive_quantiles": {
        "0": 0.0,
        "50": 0.0,
        "90": 0.0,
        "95": 0.0,
        "99": 0.0,
        "100": 0.015559713046478407
      },
      "location": {
        "time_index": 0,
        "time": 0.0,
        "state_index": 296,
        "u": 1.5375,
        "log_wealth": -0.6353849155132831,
        "wealth": 0.5297315471796477
      },
      "lower_wealth_region_max": 0.00406061301037397,
      "upper_wealth_region_max": 0.00025697683431513685,
      "interior_max": 0.015559713046478407,
      "fraction_above_point1": 0.0,
      "states": 1617,
      "time_levels": 41,
      "lower_action_frequency": [
        0.0,
        0.00245003223726628,
        0.27728884590586717
      ],
      "upper_action_frequency": [
        0.9629271437782077,
        0.5118633139909735,
        0.41015473887814313
      ]
    }
  ],
  "optimal_upper_sha256": "192465270435aac31f5b836e2766a87affa81584467e3b4dd08ecd25f34b83ff",
  "scope": "complete continuous controls on 33 x 49 states and 40 dates; separate from continuous state/time transfer",
  "raw_sha256": "cf07d6e35f364f18018fd6c77c432dc23b55dc9bb7ebad4b6bc85ff905b41df3"
}
