{
  "bounds": [
    {
      "dimension": 10,
      "initial_state": "every log capital equals zero",
      "horizon": 1.0,
      "panels": 4096,
      "global_optimal_upper": -1.051803351862987,
      "feasible_schedule_lower": -1.4890639274399589,
      "optimal_value_enclosure": [
        -1.4890639274399589,
        -1.051803351862987
      ],
      "quadrature_upper_bracket": [
        -1.052323701382922,
        -1.051803351862987
      ],
      "width": 0.4372605755769719,
      "terminal_dispersion_upper": 0.0854407484122732,
      "scope": "continuous-time original nonlinear dense economy on R^d, all admissible controls; not a tight neural-policy regret certificate",
      "arithmetic": "outward elementary arithmetic and polynomial exp/log; square roots checked by interval squaring"
    },
    {
      "dimension": 10,
      "initial_state": "every log capital equals zero",
      "horizon": 1.0,
      "panels": 16384,
      "global_optimal_upper": -1.0519984723745506,
      "feasible_schedule_lower": -1.4888828018576221,
      "optimal_value_enclosure": [
        -1.4888828018576221,
        -1.0519984723745506
      ],
      "quadrature_upper_bracket": [
        -1.0521285597542749,
        -1.0519984723745506
      ],
      "width": 0.4368843294830716,
      "terminal_dispersion_upper": 0.0854407484122732,
      "scope": "continuous-time original nonlinear dense economy on R^d, all admissible controls; not a tight neural-policy regret certificate",
      "arithmetic": "outward elementary arithmetic and polynomial exp/log; square roots checked by interval squaring"
    },
    {
      "dimension": 20,
      "initial_state": "every log capital equals zero",
      "horizon": 1.0,
      "panels": 4096,
      "global_optimal_upper": -1.051803351862987,
      "feasible_schedule_lower": -1.4891300727815409,
      "optimal_value_enclosure": [
        -1.4891300727815409,
        -1.051803351862987
      ],
      "quadrature_upper_bracket": [
        -1.052323701382922,
        -1.051803351862987
      ],
      "width": 0.4373267209185539,
      "terminal_dispersion_upper": 0.08773557455164045,
      "scope": "continuous-time original nonlinear dense economy on R^d, all admissible controls; not a tight neural-policy regret certificate",
      "arithmetic": "outward elementary arithmetic and polynomial exp/log; square roots checked by interval squaring"
    },
    {
      "dimension": 20,
      "initial_state": "every log capital equals zero",
      "horizon": 1.0,
      "panels": 16384,
      "global_optimal_upper": -1.0519984723745506,
      "feasible_schedule_lower": -1.4889489471992041,
      "optimal_value_enclosure": [
        -1.4889489471992041,
        -1.0519984723745506
      ],
      "quadrature_upper_bracket": [
        -1.0521285597542749,
        -1.0519984723745506
      ],
      "width": 0.4369504748246536,
      "terminal_dispersion_upper": 0.08773557455164045,
      "scope": "continuous-time original nonlinear dense economy on R^d, all admissible controls; not a tight neural-policy regret certificate",
      "arithmetic": "outward elementary arithmetic and polynomial exp/log; square roots checked by interval squaring"
    }
  ],
  "simulations": [
    {
      "dimension": 10,
      "paths": 512,
      "brownian_seed": 20261013,
      "seconds": 0.06619610100005957,
      "records": [
        {
          "steps": 40,
          "mean": -1.2554693735924771,
          "standard_error": 0.007077776756685702,
          "confidence_interval": [
            -1.2693744957044717,
            -1.2415642514804826
          ],
          "paths": 512,
          "confidence": "pointwise 95 percent Student t; Monte Carlo error only"
        },
        {
          "steps": 80,
          "mean": -1.2583285073838315,
          "standard_error": 0.007104726982672184,
          "confidence_interval": [
            -1.2722865763739448,
            -1.2443704383937182
          ],
          "paths": 512,
          "confidence": "pointwise 95 percent Student t; Monte Carlo error only"
        },
        {
          "steps": 160,
          "mean": -1.2598252172004016,
          "standard_error": 0.007117079117416047,
          "confidence_interval": [
            -1.2738075534071653,
            -1.245842880993638
          ],
          "paths": 512,
          "confidence": "pointwise 95 percent Student t; Monte Carlo error only"
        }
      ],
      "comparisons": [
        {
          "method": "nbo_exact",
          "seed": 11,
          "wide": false,
          "source_sha256": "d0a11787c5843aeb8a0ab9b4f39f4f96d39c78458e00dfe9bcc25a6095d14fb4",
          "learned_minus_schedule": {
            "mean": -0.05443805367402653,
            "standard_error": 0.0013849497699252344,
            "confidence_interval": [
              -0.05715894984408417,
              -0.05171715750396889
            ],
            "paths": 512,
            "confidence": "pointwise 95 percent Student t; Monte Carlo error only"
          },
          "interpretation": "paired Euler-grid payoff difference; discretization bias not included"
        },
        {
          "method": "nbo_exact",
          "seed": 11,
          "wide": true,
          "source_sha256": "7823fe1318e25b8838dab95a8fddcf47d8d51851a01d9dacfa904824b8966ca1",
          "learned_minus_schedule": {
            "mean": 0.0008028256251178124,
            "standard_error": 1.11766767914899e-05,
            "confidence_interval": [
              0.0007808677334048309,
              0.0008247835168307939
            ],
            "paths": 512,
            "confidence": "pointwise 95 percent Student t; Monte Carlo error only"
          },
          "interpretation": "paired Euler-grid payoff difference; discretization bias not included"
        },
        {
          "method": "nbo_exact",
          "seed": 29,
          "wide": false,
          "source_sha256": "64fcf564ee5678f975f971c598ed34d083ba8c2284a512fe659be165faa380be",
          "learned_minus_schedule": {
            "mean": -0.04899933450823804,
            "standard_error": 0.0010220178782865356,
            "confidence_interval": [
              -0.051007208433449344,
              -0.04699146058302674
            ],
            "paths": 512,
            "confidence": "pointwise 95 percent Student t; Monte Carlo error only"
          },
          "interpretation": "paired Euler-grid payoff difference; discretization bias not included"
        },
        {
          "method": "nbo_exact",
          "seed": 29,
          "wide": true,
          "source_sha256": "74114d9a684b1dd97c8ed883211c93684840efcaf84e07b68249133524965921",
          "learned_minus_schedule": {
            "mean": 0.0008307426714351815,
            "standard_error": 1.0892096546320922e-05,
            "confidence_interval": [
              0.0008093438709729939,
              0.0008521414718973691
            ],
            "paths": 512,
            "confidence": "pointwise 95 percent Student t; Monte Carlo error only"
          },
          "interpretation": "paired Euler-grid payoff difference; discretization bias not included"
        },
        {
          "method": "nbo_exact",
          "seed": 47,
          "wide": false,
          "source_sha256": "e22b0a53a2b8d2153dd19dd6ce500d50341b2f9913929a73e80af0e705325016",
          "learned_minus_schedule": {
            "mean": -0.04522576008020236,
            "standard_error": 0.0012000898959710273,
            "confidence_interval": [
              -0.04758347735817174,
              -0.04286804280223298
            ],
            "paths": 512,
            "confidence": "pointwise 95 percent Student t; Monte Carlo error only"
          },
          "interpretation": "paired Euler-grid payoff difference; discretization bias not included"
        },
        {
          "method": "nbo_exact",
          "seed": 47,
          "wide": true,
          "source_sha256": "93722135edb11003aa646c8d3dfd4f96b13517c31c20891a36c7e0b23e6368ad",
          "learned_minus_schedule": {
            "mean": 0.0002833282777722425,
            "standard_error": 1.765235547797252e-05,
            "confidence_interval": [
              0.00024864815618551924,
              0.00031800839935896576
            ],
            "paths": 512,
            "confidence": "pointwise 95 percent Student t; Monte Carlo error only"
          },
          "interpretation": "paired Euler-grid payoff difference; discretization bias not included"
        },
        {
          "method": "direct",
          "seed": 11,
          "wide": false,
          "source_sha256": "907bb7c206bc5c0c2fb98618fec362d90fcfa1de9b0c95423d2aaeefe73e2051",
          "learned_minus_schedule": {
            "mean": -0.0210531114202014,
            "standard_error": 0.0003619756903789992,
            "confidence_interval": [
              -0.02176425509558492,
              -0.02034196774481788
            ],
            "paths": 512,
            "confidence": "pointwise 95 percent Student t; Monte Carlo error only"
          },
          "interpretation": "paired Euler-grid payoff difference; discretization bias not included"
        },
        {
          "method": "direct",
          "seed": 11,
          "wide": true,
          "source_sha256": "7bbc508d2c85af264ddff5ec928e20570e916fa046a06d0faac83b70e387cfd5",
          "learned_minus_schedule": {
            "mean": 0.00028744734859023407,
            "standard_error": 2.257143034240292e-05,
            "confidence_interval": [
              0.00024310312780691825,
              0.0003317915693735499
            ],
            "paths": 512,
            "confidence": "pointwise 95 percent Student t; Monte Carlo error only"
          },
          "interpretation": "paired Euler-grid payoff difference; discretization bias not included"
        },
        {
          "method": "direct",
          "seed": 29,
          "wide": false,
          "source_sha256": "5ee5668308e217c34e4f8f8da1b748b9cc6f039118c73a3cc283b22bfafb8f77",
          "learned_minus_schedule": {
            "mean": -0.018059432467941644,
            "standard_error": 0.0002463725592176522,
            "confidence_interval": [
              -0.01854346024089026,
              -0.017575404694993028
            ],
            "paths": 512,
            "confidence": "pointwise 95 percent Student t; Monte Carlo error only"
          },
          "interpretation": "paired Euler-grid payoff difference; discretization bias not included"
        },
        {
          "method": "direct",
          "seed": 29,
          "wide": true,
          "source_sha256": "a0aca1343357256d79db954ff6eced6f263e5b1cea379352b1b74551dd27b183",
          "learned_minus_schedule": {
            "mean": 0.0008604988061956926,
            "standard_error": 1.3843095567097492e-05,
            "confidence_interval": [
              0.0008333024222342072,
              0.000887695190157178
            ],
            "paths": 512,
            "confidence": "pointwise 95 percent Student t; Monte Carlo error only"
          },
          "interpretation": "paired Euler-grid payoff difference; discretization bias not included"
        },
        {
          "method": "direct",
          "seed": 47,
          "wide": false,
          "source_sha256": "d54a8ba6f01f2d8d465596f6a8493a303ec9287906c5c10204dd7a978f3014d4",
          "learned_minus_schedule": {
            "mean": -0.017674462163918606,
            "standard_error": 0.00028254690388943417,
            "confidence_interval": [
              -0.018229558677415922,
              -0.01711936565042129
            ],
            "paths": 512,
            "confidence": "pointwise 95 percent Student t; Monte Carlo error only"
          },
          "interpretation": "paired Euler-grid payoff difference; discretization bias not included"
        },
        {
          "method": "direct",
          "seed": 47,
          "wide": true,
          "source_sha256": "2e139ba925c5c39c8d3077c50fa979000f1f57a2abbaf0d486c30481462da384",
          "learned_minus_schedule": {
            "mean": 0.0002819818142601204,
            "standard_error": 2.0079272786552734e-05,
            "confidence_interval": [
              0.00024253372913178874,
              0.0003214298993884521
            ],
            "paths": 512,
            "confidence": "pointwise 95 percent Student t; Monte Carlo error only"
          },
          "interpretation": "paired Euler-grid payoff difference; discretization bias not included"
        }
      ],
      "continuous_policy_evaluation_error": null
    },
    {
      "dimension": 20,
      "paths": 512,
      "brownian_seed": 20261023,
      "seconds": 0.08817256900010761,
      "records": [
        {
          "steps": 40,
          "mean": -1.2564626696921244,
          "standard_error": 0.006719646167409343,
          "confidence_interval": [
            -1.2696642022805833,
            -1.2432611371036655
          ],
          "paths": 512,
          "confidence": "pointwise 95 percent Student t; Monte Carlo error only"
        },
        {
          "steps": 80,
          "mean": -1.2595311654937178,
          "standard_error": 0.00674743034550174,
          "confidence_interval": [
            -1.2727872833569653,
            -1.2462750476304703
          ],
          "paths": 512,
          "confidence": "pointwise 95 percent Student t; Monte Carlo error only"
        },
        {
          "steps": 160,
          "mean": -1.261094142168318,
          "standard_error": 0.006760829454419387,
          "confidence_interval": [
            -1.274376584151709,
            -1.247811700184927
          ],
          "paths": 512,
          "confidence": "pointwise 95 percent Student t; Monte Carlo error only"
        }
      ],
      "comparisons": [
        {
          "method": "nbo_exact",
          "seed": 11,
          "wide": false,
          "source_sha256": "fafbc6ea437b6e287770cc5692040c1a7bcefe5d7a1ac4a5e42d75ea9c820bf6",
          "learned_minus_schedule": {
            "mean": -0.08221660515850042,
            "standard_error": 0.0016022823052147988,
            "confidence_interval": [
              -0.08536447657036067,
              -0.07906873374664017
            ],
            "paths": 512,
            "confidence": "pointwise 95 percent Student t; Monte Carlo error only"
          },
          "interpretation": "paired Euler-grid payoff difference; discretization bias not included"
        },
        {
          "method": "nbo_exact",
          "seed": 11,
          "wide": true,
          "source_sha256": "9fdff5b1f76aa162d26e28d2c76428a081676ec616c130c2397713fcad9311b1",
          "learned_minus_schedule": {
            "mean": 0.00026152006302435516,
            "standard_error": 1.0537378277606056e-05,
            "confidence_interval": [
              0.00024081814818196,
              0.0002822219778667503
            ],
            "paths": 512,
            "confidence": "pointwise 95 percent Student t; Monte Carlo error only"
          },
          "interpretation": "paired Euler-grid payoff difference; discretization bias not included"
        },
        {
          "method": "nbo_exact",
          "seed": 29,
          "wide": false,
          "source_sha256": "3d71125cc6e6c71dfa6b4e0d7b60ce58b66c09f85f3b02fab5aecc85f5baee09",
          "learned_minus_schedule": {
            "mean": -0.025619746188481146,
            "standard_error": 0.00034280464634134166,
            "confidence_interval": [
              -0.02629322610057823,
              -0.024946266276384063
            ],
            "paths": 512,
            "confidence": "pointwise 95 percent Student t; Monte Carlo error only"
          },
          "interpretation": "paired Euler-grid payoff difference; discretization bias not included"
        },
        {
          "method": "nbo_exact",
          "seed": 29,
          "wide": true,
          "source_sha256": "5553110e49aa6c9bd97b3fc4a9869c81c5c278245b198146a19a4f5006b00f94",
          "learned_minus_schedule": {
            "mean": 0.00032733786710967315,
            "standard_error": 7.878599507856467e-06,
            "confidence_interval": [
              0.0003118594348286945,
              0.00034281629939065183
            ],
            "paths": 512,
            "confidence": "pointwise 95 percent Student t; Monte Carlo error only"
          },
          "interpretation": "paired Euler-grid payoff difference; discretization bias not included"
        },
        {
          "method": "nbo_exact",
          "seed": 47,
          "wide": false,
          "source_sha256": "249af82a963d4fed0214ba9a99323b117ed338ea879f559a1d8e27d29cd1fedc",
          "learned_minus_schedule": {
            "mean": -0.24290701187259123,
            "standard_error": 0.000613078027487942,
            "confidence_interval": [
              -0.2441114755240264,
              -0.24170254822115605
            ],
            "paths": 512,
            "confidence": "pointwise 95 percent Student t; Monte Carlo error only"
          },
          "interpretation": "paired Euler-grid payoff difference; discretization bias not included"
        },
        {
          "method": "nbo_exact",
          "seed": 47,
          "wide": true,
          "source_sha256": "d01e9c7418cc9039ffb1e363443c00e79b21f095c908e065e05f1b60143bfd59",
          "learned_minus_schedule": {
            "mean": 0.000388546511440871,
            "standard_error": 7.331199989025462e-06,
            "confidence_interval": [
              0.0003741435096820831,
              0.0004029495131996589
            ],
            "paths": 512,
            "confidence": "pointwise 95 percent Student t; Monte Carlo error only"
          },
          "interpretation": "paired Euler-grid payoff difference; discretization bias not included"
        },
        {
          "method": "direct",
          "seed": 11,
          "wide": false,
          "source_sha256": "e086db4487e4834a6ad33546dd6b2fc6b468068dfd1210eea3fe6ac0f84538e7",
          "learned_minus_schedule": {
            "mean": -0.019196048961089222,
            "standard_error": 0.00024228626855394964,
            "confidence_interval": [
              -0.01967204873702448,
              -0.018720049185153964
            ],
            "paths": 512,
            "confidence": "pointwise 95 percent Student t; Monte Carlo error only"
          },
          "interpretation": "paired Euler-grid payoff difference; discretization bias not included"
        },
        {
          "method": "direct",
          "seed": 11,
          "wide": true,
          "source_sha256": "2091c637af3c78151660149d2d1448dc553831490c099806fa257bf502d70cd1",
          "learned_minus_schedule": {
            "mean": -0.0005781080852255566,
            "standard_error": 2.7457881260582136e-05,
            "confidence_interval": [
              -0.0006320523116387994,
              -0.0005241638588123137
            ],
            "paths": 512,
            "confidence": "pointwise 95 percent Student t; Monte Carlo error only"
          },
          "interpretation": "paired Euler-grid payoff difference; discretization bias not included"
        },
        {
          "method": "direct",
          "seed": 29,
          "wide": false,
          "source_sha256": "eb381f847a054ba89414ba95e9b77c594411e0990d33ada314cdd6a3591f7bff",
          "learned_minus_schedule": {
            "mean": -0.01112987122482471,
            "standard_error": 0.00014473339703073367,
            "confidence_interval": [
              -0.011414216949277673,
              -0.010845525500371747
            ],
            "paths": 512,
            "confidence": "pointwise 95 percent Student t; Monte Carlo error only"
          },
          "interpretation": "paired Euler-grid payoff difference; discretization bias not included"
        },
        {
          "method": "direct",
          "seed": 29,
          "wide": true,
          "source_sha256": "3b003457d9e2e71870c5fc94b55aab1a61acfdbbecd5bcef948b1d4494f82b70",
          "learned_minus_schedule": {
            "mean": -0.003765911719731554,
            "standard_error": 8.170826238569452e-05,
            "confidence_interval": [
              -0.003926437179221181,
              -0.0036053862602419273
            ],
            "paths": 512,
            "confidence": "pointwise 95 percent Student t; Monte Carlo error only"
          },
          "interpretation": "paired Euler-grid payoff difference; discretization bias not included"
        },
        {
          "method": "direct",
          "seed": 47,
          "wide": false,
          "source_sha256": "4cfe90f2f2c2c2188294340d084b20f5e81433d427174c1d3d693a5d301c4bc6",
          "learned_minus_schedule": {
            "mean": -0.04129982595255292,
            "standard_error": 0.0004888391775649237,
            "confidence_interval": [
              -0.0422602078197468,
              -0.040339444085359034
            ],
            "paths": 512,
            "confidence": "pointwise 95 percent Student t; Monte Carlo error only"
          },
          "interpretation": "paired Euler-grid payoff difference; discretization bias not included"
        },
        {
          "method": "direct",
          "seed": 47,
          "wide": true,
          "source_sha256": "7ccca9011cedd05f838f63a3aa76e2d1f9cbe7f55fc36778f552ce4c8654ecaa",
          "learned_minus_schedule": {
            "mean": -0.00019054066331878326,
            "standard_error": 2.5346324758222004e-05,
            "confidence_interval": [
              -0.0002403364894615657,
              -0.00014074483717600082
            ],
            "paths": 512,
            "confidence": "pointwise 95 percent Student t; Monte Carlo error only"
          },
          "interpretation": "paired Euler-grid payoff difference; discretization bias not included"
        }
      ],
      "continuous_policy_evaluation_error": null
    }
  ],
  "seconds": 0.39970528699996066,
  "raw_sha256": "0fcae62ae5efb5fb380a070807fdb2e4685ec00f1c97103dcd671484d532de53",
  "parameters": {
    "T": 1.0,
    "discount": 0.04,
    "productivity": 0.1,
    "coupling": 0.15,
    "idiosyncratic_sigma": 0.15,
    "common_sigma": 0.1,
    "adjustment": 0.2,
    "lower": 0.02,
    "upper": 2.0
  }
}
