test_bad_joint_loss_is_not_accepted (test_r6.R6Tests.test_bad_joint_loss_is_not_accepted) ... ok
test_consumption_reference_grid_refinement (test_r6.R6Tests.test_consumption_reference_grid_refinement) ... ok
test_dense_action_solver_against_constrained_optimizer (test_r6.R6Tests.test_dense_action_solver_against_constrained_optimizer) ... ok
test_finite_certificate_with_nonzero_approximation (test_r6.R6Tests.test_finite_certificate_with_nonzero_approximation) ... ok
test_hvp_trace_contraction (test_r6.R6Tests.test_hvp_trace_contraction) ... ok
test_independent_dynamic_best_response (test_r6.R6Tests.test_independent_dynamic_best_response) ... ok
test_interval_jets_against_autodiff (test_r6.R6Tests.test_interval_jets_against_autodiff) ... ok
test_missing_pure_stage_equilibrium_is_reported (test_r6.R6Tests.test_missing_pure_stage_equilibrium_is_reported) ... ok
test_ndu_referee_action_sensitivity (test_r6.R6Tests.test_ndu_referee_action_sensitivity) ... ok
test_saved_continuous_certificates_and_full_cover (test_r6.R6Tests.test_saved_continuous_certificates_and_full_cover) ... ok
test_trace_product_value_and_gradient (test_r6.R6Tests.test_trace_product_value_and_gradient) ... ok
test_transcendental_enclosures (test_r6.R6Tests.test_transcendental_enclosures) ... ok

----------------------------------------------------------------------
Ran 12 tests in 1.971s

OK
test_all_primary_arrays_and_actor_snapshots (test_r7.R7Tests.test_all_primary_arrays_and_actor_snapshots) ... replaying ndu_direct_s11.json
replaying ndu_direct_s29.json
replaying ndu_direct_s47.json
replaying ndu_guarded_nbo_s11.json
replaying ndu_guarded_nbo_s29.json
replaying ndu_guarded_nbo_s47.json
replaying game_M1_s11.json
replaying game_M1_s29.json
replaying game_M1_s47.json
replaying game_M2_s11.json
replaying game_M2_s29.json
replaying game_M2_s47.json
ok
test_exit_bound_monotonicity (test_r7.R7Tests.test_exit_bound_monotonicity) ... ok
test_game_rival_indexing (test_r7.R7Tests.test_game_rival_indexing) ... ok
test_invalid_indices (test_r7.R7Tests.test_invalid_indices) ... ok
test_invalid_shape (test_r7.R7Tests.test_invalid_shape) ... ok
test_noninteger_indices (test_r7.R7Tests.test_noninteger_indices) ... ok
test_optimal_finite_policy (test_r7.R7Tests.test_optimal_finite_policy) ... ok
test_paired_increment_identity (test_r7.R7Tests.test_paired_increment_identity) ... ok
test_positive_kernel_enclosure (test_r7.R7Tests.test_positive_kernel_enclosure) ... ok
test_snapshot_is_immutable (test_r7.R7Tests.test_snapshot_is_immutable) ... ok
test_suboptimal_full_dynamic_return (test_r7.R7Tests.test_suboptimal_full_dynamic_return) ... ok

----------------------------------------------------------------------
Ran 11 tests in 42.824s

OK
test_01_continuous_evaluator_matches_finite_actions (test_r8.R8Tests.test_01_continuous_evaluator_matches_finite_actions) ... ok
test_02_reflection_inclusion (test_r8.R8Tests.test_02_reflection_inclusion) ... ok
test_03_both_action_enclosers_include_samples (test_r8.R8Tests.test_03_both_action_enclosers_include_samples) ... ok
test_04_budget_exhaustion_retains_full_upper (test_r8.R8Tests.test_04_budget_exhaustion_retains_full_upper) ... ok
test_05_boundary_and_domain (test_r8.R8Tests.test_05_boundary_and_domain) ... ok
test_06_principal_files_hashes_feasibility_and_scope (test_r8.R8Tests.test_06_principal_files_hashes_feasibility_and_scope) ... ok
test_07_raw_actor_snapshot_extraction (test_r8.R8Tests.test_07_raw_actor_snapshot_extraction) ... ok
test_08_pilot_failures_are_not_deleted_or_relabelled (test_r8.R8Tests.test_08_pilot_failures_are_not_deleted_or_relabelled) ... ok
test_09_shared_bounds_and_arithmetic_width (test_r8.R8Tests.test_09_shared_bounds_and_arithmetic_width) ... ok
test_10_paired_rows_and_missing_nodes (test_r8.R8Tests.test_10_paired_rows_and_missing_nodes) ... ok
test_11_comparators_include_every_declared_case (test_r8.R8Tests.test_11_comparators_include_every_declared_case) ... ok
test_12_frozen_refinements_cover_all_levels (test_r8.R8Tests.test_12_frozen_refinements_cover_all_levels) ... ok
test_13_preceding_sources_are_preserved (test_r8.R8Tests.test_13_preceding_sources_are_preserved) ... ok
test_14_generated_table_hashes (test_r8.R8Tests.test_14_generated_table_hashes) ... ok
test_15_training_oracle_boundary_is_explicit (test_r8.R8Tests.test_15_training_oracle_boundary_is_explicit) ... ok

----------------------------------------------------------------------
Ran 15 tests in 0.512s

OK
