test_01_derivatives_include_autodiff (__main__.R9Tests.test_01_derivatives_include_autodiff) ... ok
test_02_signed_bounds_include_points (__main__.R9Tests.test_02_signed_bounds_include_points) ... ok
test_03_stopping_crossings_disable_derivative_bound (__main__.R9Tests.test_03_stopping_crossings_disable_derivative_bound) ... ok
test_04_budget_never_means_success (__main__.R9Tests.test_04_budget_never_means_success) ... ok
test_05_verified_face_reduction_is_exercised (__main__.R9Tests.test_05_verified_face_reduction_is_exercised) ... ok
test_06_interval_sqrt_is_checked (__main__.R9Tests.test_06_interval_sqrt_is_checked) ... ok
test_07_relaxation_improves_with_quadrature (__main__.R9Tests.test_07_relaxation_improves_with_quadrature) ... ok
test_08_relaxation_not_a_sampled_claim (__main__.R9Tests.test_08_relaxation_not_a_sampled_claim) ... ok
test_09_schedule_is_feasible (__main__.R9Tests.test_09_schedule_is_feasible) ... ok
test_10_flow_transfer_is_monotone (__main__.R9Tests.test_10_flow_transfer_is_monotone) ... ok
test_11_complete_domain_location_not_center_only (__main__.R9Tests.test_11_complete_domain_location_not_center_only) ... ok
test_12_historical_inputs_are_unchanged (__main__.R9Tests.test_12_historical_inputs_are_unchanged) ... ok
test_13_same_frozen_policy_accounts_keep_failures (__main__.R9Tests.test_13_same_frozen_policy_accounts_keep_failures) ... ok
test_14_refinement_failure_keeps_worst_state (__main__.R9Tests.test_14_refinement_failure_keeps_worst_state) ... ok
test_15_nested_all_seeds_and_guard_account (__main__.R9Tests.test_15_nested_all_seeds_and_guard_account) ... ok
test_16_global_benchmark_includes_two_dimensions (__main__.R9Tests.test_16_global_benchmark_includes_two_dimensions) ... ok
test_17_guard_is_own_policy_not_maximizing_label (__main__.R9Tests.test_17_guard_is_own_policy_not_maximizing_label) ... ok
test_18_fine_certificates_match_saved_inputs (__main__.R9Tests.test_18_fine_certificates_match_saved_inputs) ... ok
test_19_matching_cover_comparison (__main__.R9Tests.test_19_matching_cover_comparison) ... ok
test_20_guarded_policies_have_no_action_labels (__main__.R9Tests.test_20_guarded_policies_have_no_action_labels) ... ok

----------------------------------------------------------------------
Ran 20 tests in 5.660s

OK
