{
  "original_records_verified": 150,
  "original_sources_verified": 5,
  "recertified_unchanged_policies": 7,
  "original_failures_reclassified": 0,
  "paired_comparisons": 24,
  "paired_unresolved": 24,
  "paired_width_min": 0.00019468885525231503,
  "paired_width_max": 0.0002698183813589405,
  "ambiguous_actions_total": 0,
  "precision": {
    "fixed64-cached": {
      "services": 36,
      "certified": 36,
      "seconds": 17.843725594999796,
      "accepted32": 0,
      "rejected32": 0,
      "attempts32": 0,
      "accepted64": 474,
      "rejected64": 0,
      "attempts64": 474
    },
    "adaptive-cached": {
      "services": 36,
      "certified": 36,
      "seconds": 18.017938833999807,
      "accepted32": 348,
      "rejected32": 126,
      "attempts32": 474,
      "accepted64": 126,
      "rejected64": 0,
      "attempts64": 126
    },
    "fixed32-cached": {
      "services": 36,
      "certified": 6,
      "seconds": 7.337918087999384,
      "accepted32": 147,
      "rejected32": 30,
      "attempts32": 177,
      "accepted64": 0,
      "rejected64": 0,
      "attempts64": 0
    }
  },
  "adaptive_faster": 10,
  "adaptive_slower": 26,
  "adaptive_ratio_median": 1.0182741355672116,
  "adaptive_aggregate_percent": 0.9763277185165231
}
