This is pdfTeX, Version 3.141592653-2.6-1.40.25 (TeX Live 2023/Debian) (preloaded format=pdflatex)
entering extended mode
(./supp.tex
LaTeX2e <2023-11-01> patch level 1
L3 programming layer <2024-01-22>
(./econsocart.cls
Document Class: econsocart 2022/11/21 v1.4.1, The Econometric Society Journals
(/usr/share/texlive/texmf-dist/tex/latex/etoolbox/etoolbox.sty)
(./econsocart.cfg) (/usr/share/texlive/texmf-dist/tex/latex/base/fix-cm.sty
(/usr/share/texlive/texmf-dist/tex/latex/base/ts1enc.def))
(/usr/share/texlive/texmf-dist/tex/latex/graphics/graphicx.sty
(/usr/share/texlive/texmf-dist/tex/latex/graphics/keyval.sty)
(/usr/share/texlive/texmf-dist/tex/latex/graphics/graphics.sty
(/usr/share/texlive/texmf-dist/tex/latex/graphics/trig.sty)
(/usr/share/texlive/texmf-dist/tex/latex/graphics-cfg/graphics.cfg)
(/usr/share/texlive/texmf-dist/tex/latex/graphics-def/pdftex.def)))
(/usr/share/texlive/texmf-dist/tex/latex/base/fontenc.sty)
(/usr/share/texlive/texmf-dist/tex/latex/psnfss/times.sty)
(/usr/share/texlive/texmf-dist/tex/latex/textcase/textcase.sty)
(/usr/share/texlive/texmf-dist/tex/latex/psnfss/helvet.sty)
(/usr/share/texlive/texmf-dist/tex/latex/base/textcomp.sty)
(/usr/share/texlive/texmf-dist/tex/latex/psnfss/t1ptm.fd)
(/usr/share/texlive/texmf-dist/tex/latex/amsfonts/amssymb.sty
(/usr/share/texlive/texmf-dist/tex/latex/amsfonts/amsfonts.sty))
(/usr/share/texlive/texmf-dist/tex/latex/tools/bm.sty)
(/usr/share/texlive/texmf-dist/tex/latex/url/url.sty)
(/usr/share/texlive/texmf-dist/tex/latex/amsmath/amsmath.sty
For additional information on amsmath, use the `?' option.
(/usr/share/texlive/texmf-dist/tex/latex/amsmath/amstext.sty
(/usr/share/texlive/texmf-dist/tex/latex/amsmath/amsgen.sty))
(/usr/share/texlive/texmf-dist/tex/latex/amsmath/amsbsy.sty)
(/usr/share/texlive/texmf-dist/tex/latex/amsmath/amsopn.sty))
(/usr/share/texlive/texmf-dist/tex/latex/amscls/amsthm.sty)
(/usr/share/texlive/texmf-dist/tex/latex/natbib/natbib.sty))
(/usr/share/texlive/texmf-dist/tex/latex/hyperref/xr-hyper.sty)
(/usr/share/texlive/texmf-dist/tex/latex/hyperref/hyperref.sty
(/usr/share/texlive/texmf-dist/tex/generic/iftex/iftex.sty)
(/usr/share/texlive/texmf-dist/tex/latex/kvsetkeys/kvsetkeys.sty)
(/usr/share/texlive/texmf-dist/tex/generic/kvdefinekeys/kvdefinekeys.sty)
(/usr/share/texlive/texmf-dist/tex/generic/pdfescape/pdfescape.sty
(/usr/share/texlive/texmf-dist/tex/generic/ltxcmds/ltxcmds.sty)
(/usr/share/texlive/texmf-dist/tex/generic/pdftexcmds/pdftexcmds.sty
(/usr/share/texlive/texmf-dist/tex/generic/infwarerr/infwarerr.sty)))
(/usr/share/texlive/texmf-dist/tex/latex/hycolor/hycolor.sty)
(/usr/share/texlive/texmf-dist/tex/latex/auxhook/auxhook.sty)
(/usr/share/texlive/texmf-dist/tex/latex/hyperref/nameref.sty
(/usr/share/texlive/texmf-dist/tex/latex/refcount/refcount.sty)
(/usr/share/texlive/texmf-dist/tex/generic/gettitlestring/gettitlestring.sty
(/usr/share/texlive/texmf-dist/tex/latex/kvoptions/kvoptions.sty)))
(/usr/share/texlive/texmf-dist/tex/latex/hyperref/pd1enc.def)
(/usr/share/texlive/texmf-dist/tex/generic/intcalc/intcalc.sty)
(/usr/share/texlive/texmf-dist/tex/latex/hyperref/puenc.def)
(/usr/share/texlive/texmf-dist/tex/generic/bitset/bitset.sty
(/usr/share/texlive/texmf-dist/tex/generic/bigintcalc/bigintcalc.sty))
(/usr/share/texlive/texmf-dist/tex/latex/base/atbegshi-ltx.sty))
(/usr/share/texlive/texmf-dist/tex/latex/hyperref/hpdftex.def
(/usr/share/texlive/texmf-dist/tex/latex/base/atveryend-ltx.sty)
(/usr/share/texlive/texmf-dist/tex/latex/rerunfilecheck/rerunfilecheck.sty
(/usr/share/texlive/texmf-dist/tex/generic/uniquecounter/uniquecounter.sty)))
(/usr/share/texlive/texmf-dist/tex/latex/booktabs/booktabs.sty)
(/usr/share/texlive/texmf-dist/tex/latex/tools/array.sty)
(/usr/share/texlive/texmf-dist/tex/latex/tools/longtable.sty)
(/usr/share/texlive/texmf-dist/tex/latex/algorithms/algorithm.sty
(/usr/share/texlive/texmf-dist/tex/latex/float/float.sty)
(/usr/share/texlive/texmf-dist/tex/latex/base/ifthen.sty))
(/usr/share/texlive/texmf-dist/tex/latex/algorithmicx/algpseudocode.sty
(/usr/share/texlive/texmf-dist/tex/latex/algorithmicx/algorithmicx.sty
Document Style algorithmicx 1.2 - a greatly improved `algorithmic' style
)
Document Style - pseudocode environments for use with the `algorithmicx' style
) (/usr/share/texlive/texmf-dist/tex/latex/enumitem/enumitem.sty)
(/usr/share/texlive/texmf-dist/tex/latex/base/fontenc.sty)
(/usr/share/texlive/texmf-dist/tex/latex/psnfss/mathpazo.sty)
(/usr/share/texlive/texmf-dist/tex/latex/microtype/microtype.sty
(/usr/share/texlive/texmf-dist/tex/latex/microtype/microtype-pdftex.def)
(/usr/share/texlive/texmf-dist/tex/latex/microtype/microtype.cfg))
(/usr/share/texlive/texmf-dist/tex/latex/psnfss/t1pcr.fd)
(/usr/share/texlive/texmf-dist/tex/latex/hyperref/backref.sty)
(/usr/share/texlive/texmf-dist/tex/latex/psnfss/t1ppl.fd)
(/usr/share/texlive/texmf-dist/tex/latex/l3backend/l3backend-pdftex.def)

LaTeX Warning: Unused global option(s):
    [nameyear].

(revisions/2026-10-04-r14/build/supp.aux)
(/usr/share/texlive/texmf-dist/tex/context/base/mkii/supp-pdf.mkii
[Loading MPS to PDF converter (version 2006.09.02).]
) (/usr/share/texlive/texmf-dist/tex/latex/graphics/color.sty
(/usr/share/texlive/texmf-dist/tex/latex/graphics-cfg/color.cfg)
(/usr/share/texlive/texmf-dist/tex/latex/graphics/mathcolor.ltx))
(revisions/2026-10-04-r14/build/supp.out)
(revisions/2026-10-04-r14/build/supp.out)
(/usr/share/texlive/texmf-dist/tex/latex/microtype/mt-ppl.cfg)
(./revisions/2026-10-04-r14/manuscript/proofs_r12.tex
(/usr/share/texlive/texmf-dist/tex/latex/psnfss/ot1ppl.fd)
(/usr/share/texlive/texmf-dist/tex/latex/psnfss/omlzplm.fd)
(/usr/share/texlive/texmf-dist/tex/latex/psnfss/omszplm.fd)
(/usr/share/texlive/texmf-dist/tex/latex/psnfss/omxzplm.fd)
(/usr/share/texlive/texmf-dist/tex/latex/microtype/mt-msa.cfg)
(/usr/share/texlive/texmf-dist/tex/latex/microtype/mt-msb.cfg)
(/usr/share/texlive/texmf-dist/tex/latex/microtype/mt-cmr.cfg)
(/usr/share/texlive/texmf-dist/tex/latex/psnfss/ot1zplm.fd)
(/usr/share/texlive/texmf-dist/tex/latex/psnfss/ufplmbb.fd) [1
Non-PDF special ignored!
<special> papersize=614.295pt,794.96999pt
{/var/lib/texmf/fonts/map/pdftex/updmap/pdftex.map}{/usr/share/texlive/texmf-di
st/fonts/enc/dvips/base/8r.enc}]

LaTeX Font Warning: Font shape `T1/ppl/m/uc' undefined
(Font)              using `T1/ppl/m/n' instead on input line 36.


LaTeX Font Warning: Font shape `T1/ppl/m/up' undefined
(Font)              using `T1/ppl/m/n' instead on input line 36.

[2] [3] [4]) (./revisions/2026-10-04-r14/manuscript/proofs_new.tex [5] [6])
(./revisions/2026-10-04-r14/manuscript/full_results.tex
(./revisions/2026-10-04-r14/manuscript/table_seed_all.tex [7] [8] [9] [10]
[11] [12]) (./revisions/2026-10-04-r14/manuscript/table_aux_all.tex [13])
(./revisions/2026-10-04-r14/manuscript/table_frontier_all.tex [14])
(./revisions/2026-10-04-r14/manuscript/table_paired_seed_all.tex [15] [16]
[17] [18])) (./revisions/2026-10-04-r14/manuscript/extension_supplement.tex
(./revisions/2026-10-04-r14/manuscript/table_extension_policy_all.tex [19]
[20]) (./revisions/2026-10-04-r14/manuscript/table_extension_paired.tex
[21]) (./revisions/2026-10-04-r14/manuscript/table_extension_work_targets.tex
Underfull \vbox (badness 3158) has occurred while \output is active [22]
[23] [24])
(./revisions/2026-10-04-r14/manuscript/table_extension_environment.tex [25]))
(./revisions/2026-10-04-r14/manuscript/reference_supplement.tex
(./revisions/2026-10-04-r14/results/reference/reference_scope.tex [26] [27]
[28]) (./revisions/2026-10-04-r14/results/reference/table_reference_losses.tex)
(./revisions/2026-10-04-r14/results/reference/table_reference_refinement.tex)
[29] [30
pdfTeX warning (ext4): destination with the same identifier (name{table.0.9}) h
as been already used, duplicate ignored
<argument> ...shipout:D \box_use:N \l_shipout_box 
                                                  \__shipout_drop_firstpage_...
l.5 \clearpage
              ] [31
pdfTeX warning (ext4): destination with the same identifier (name{table.0.10}) 
has been already used, duplicate ignored
<argument> ...shipout:D \box_use:N \l_shipout_box 
                                                  \__shipout_drop_firstpage_...
l.5 \clearpage
              ]) (./revisions/2026-10-04-r14/manuscript/sensing_supplement.tex
(./revisions/2026-10-04-r14/manuscript/table_sensing_accounts.tex))
(./revisions/2026-10-04-r11/manuscript/proofs.tex
Underfull \vbox (badness 2762) has occurred while \output is active [32]
[33] [34] [35]
Underfull \vbox (badness 5091) has occurred while \output is active [36]
Underfull \hbox (badness 922) in paragraph at lines 98--99
[]\T1/ppl/m/up/12 (+20) The sam-pling con-tract is ideal in-de-pen-dent standar
d-normal in-no-va-tions
[37] [38])
Underfull \vbox (badness 10000) has occurred while \output is active [39]
Underfull \vbox (badness 3482) has occurred while \output is active [40]
[41] [42] [43] [44] [45]
Underfull \vbox (badness 2057) has occurred while \output is active [46]
[47] (./revisions/2026-09-29-r6/manuscript/supplement_details.tex [48] [49]
Underfull \vbox (badness 3930) has occurred while \output is active [50]
[51]) (./revisions/2026-09-29-r6/manuscript/tables_supplement.tex [52] [53]
[54] [55]) (./revisions/2026-10-04-r11/manuscript/r8_supplement_layout.tex
[56] [57] [58] (./revisions/2026-10-03-r8/manuscript/table_refinement.tex
[59]) [60] (./revisions/2026-10-03-r8/manuscript/table_missing_pure.tex)
(./revisions/2026-10-03-r8/manuscript/table_paired_all.tex [61
pdfTeX warning (ext4): destination with the same identifier (name{table.0.17}) 
has been already used, duplicate ignored
<argument> ...shipout:D \box_use:N \l_shipout_box 
                                                  \__shipout_drop_firstpage_...
l.2 \begin{longtable}
                     {lrrrrrr}] [62])
(./revisions/2026-10-03-r8/manuscript/table_additional_comparisons.tex)
[63
pdfTeX warning (ext4): destination with the same identifier (name{table.0.19}) 
has been already used, duplicate ignored
<argument> ...shipout:D \box_use:N \l_shipout_box 
                                                  \__shipout_drop_firstpage_...
l.65 
     ] (./revisions/2026-10-03-r8/manuscript/table_failures.tex) [64
pdfTeX warning (ext4): destination with the same identifier (name{table.0.20}) 
has been already used, duplicate ignored
<argument> ...shipout:D \box_use:N \l_shipout_box 
                                                  \__shipout_drop_firstpage_...
l.71 \subsection
                {R6 preference-policy discussion (historical)}]
(./revisions/2026-10-04-r11/manuscript/history_ndu_layout.tex
(./revisions/2026-09-29-r6/manuscript/table_ndu.tex) [65])
Underfull \vbox (badness 2846) has occurred while \output is active [66
pdfTeX warning (ext4): destination with the same identifier (name{table.0.21}) 
has been already used, duplicate ignored
<argument> ...shipout:D \box_use:N \l_shipout_box 
                                                  \__shipout_drop_firstpage_...
l.73 \subsection
                {R6 dynamic-game discussion (historical)}]
(./revisions/2026-10-04-r11/manuscript/history_games_layout.tex
(./revisions/2026-09-29-r6/manuscript/table_game.tex)))
(./revisions/2026-10-03-r9/manuscript/supplement.tex [67
pdfTeX warning (ext4): destination with the same identifier (name{table.0.22}) 
has been already used, duplicate ignored
<argument> ...shipout:D \box_use:N \l_shipout_box 
                                                  \__shipout_drop_firstpage_...
l.1 \section
            {Complete R9 Refinement and Verification Accounts}]
(./revisions/2026-10-03-r9/manuscript/table_full_domain.tex)
(./revisions/2026-10-03-r9/manuscript/table_boundary.tex)
(./revisions/2026-10-03-r9/manuscript/table_saturation.tex) [68] [69
pdfTeX warning (ext4): destination with the same identifier (name{table.0.23}) 
has been already used, duplicate ignored
<argument> ...shipout:D \box_use:N \l_shipout_box 
                                                  \__shipout_drop_firstpage_...
l.6 \clearpage
              ] [70
pdfTeX warning (ext4): destination with the same identifier (name{table.0.24}) 
has been already used, duplicate ignored
<argument> ...shipout:D \box_use:N \l_shipout_box 
                                                  \__shipout_drop_firstpage_...
l.6 \clearpage
              ] [71
pdfTeX warning (ext4): destination with the same identifier (name{table.0.25}) 
has been already used, duplicate ignored
<argument> ...shipout:D \box_use:N \l_shipout_box 
                                                  \__shipout_drop_firstpage_...
l.6 \clearpage
              ] (./revisions/2026-10-03-r9/manuscript/table_nested_all.tex)
(./revisions/2026-10-03-r9/manuscript/table_nested_cert.tex)
(./revisions/2026-10-03-r9/manuscript/table_cost.tex) [72
pdfTeX warning (ext4): destination with the same identifier (name{table.0.26}) 
has been already used, duplicate ignored
<argument> ...shipout:D \box_use:N \l_shipout_box 
                                                  \__shipout_drop_firstpage_...
l.12 \clearpage
               ] [73
pdfTeX warning (ext4): destination with the same identifier (name{table.0.27}) 
has been already used, duplicate ignored
<argument> ...shipout:D \box_use:N \l_shipout_box 
                                                  \__shipout_drop_firstpage_...
l.12 \clearpage
               ] [74
pdfTeX warning (ext4): destination with the same identifier (name{table.0.28}) 
has been already used, duplicate ignored
<argument> ...shipout:D \box_use:N \l_shipout_box 
                                                  \__shipout_drop_firstpage_...
l.12 \clearpage
               ] (./revisions/2026-10-03-r9/manuscript/table_schedule.tex)
(./revisions/2026-10-03-r9/manuscript/table_schedule_pairs.tex))
(./revisions/2026-10-04-r11/manuscript/r10_supplement_layout.tex
(./revisions/2026-10-04-r11/manuscript/r10_layout_table_all_fits.tex [75
pdfTeX warning (ext4): destination with the same identifier (name{table.0.29}) 
has been already used, duplicate ignored
<argument> ...shipout:D \box_use:N \l_shipout_box 
                                                  \__shipout_drop_firstpage_...
l.1 \begin{longtable}
                     {rlrrrrrr}]
Underfull \vbox (badness 7888) has occurred while \output is active [76
pdfTeX warning (ext4): destination with the same identifier (name{table.0.30}) 
has been already used, duplicate ignored
<argument> ...shipout:D \box_use:N \l_shipout_box 
                                                  \__shipout_drop_firstpage_...
l.37 \end{longtable}
                    ] [77])
(./revisions/2026-10-04-r11/manuscript/r10_layout_table_all_bounds.tex [78]
[79]) [80]) (./revisions/2026-10-04-r11/manuscript/retained_applications.tex
Underfull \vbox (badness 10000) has occurred while \output is active [81]
[82] [83
pdfTeX warning (ext4): destination with the same identifier (name{table.0.33}) 
has been already used, duplicate ignored
<argument> ...shipout:D \box_use:N \l_shipout_box 
                                                  \__shipout_drop_firstpage_...
l.51 F
      or a homothetic candidate $V=KX^b/b$, the maximization equation becomes]
[84] [85] [86] [87] (./revisions/2026-10-03-r8/manuscript/ndu.tex
Underfull \vbox (badness 10000) has occurred while \output is active [88]
(./revisions/2026-10-03-r8/manuscript/table_r7_ndu.tex) [89]
(./revisions/2026-10-03-r8/manuscript/table_continuous.tex)
(./revisions/2026-10-03-r8/manuscript/table_action_bounds.tex) [90
pdfTeX warning (ext4): destination with the same identifier (name{table.0.34}) 
has been already used, duplicate ignored
<argument> ...shipout:D \box_use:N \l_shipout_box 
                                                  \__shipout_drop_firstpage_...
l.23 
     ] [91
pdfTeX warning (ext4): destination with the same identifier (name{table.0.35}) 
has been already used, duplicate ignored
<argument> ...shipout:D \box_use:N \l_shipout_box 
                                                  \__shipout_drop_firstpage_...
l.24 \paragraph
               *{Alternative representations and economic units.}] [92
pdfTeX warning (ext4): destination with the same identifier (name{table.0.36}) 
has been already used, duplicate ignored
<argument> ...shipout:D \box_use:N \l_shipout_box 
                                                  \__shipout_drop_firstpage_...
l.28 
     ]) [93] [94] [95] (./revisions/2026-10-03-r8/manuscript/games.tex
Underfull \vbox (badness 3930) has occurred while \output is active [96]
(./revisions/2026-10-03-r8/manuscript/table_r7_games.tex)
Underfull \vbox (badness 3930) has occurred while \output is active [97]
(./revisions/2026-10-03-r8/manuscript/table_game_comparisons.tex)) [98
pdfTeX warning (ext4): destination with the same identifier (name{table.0.37}) 
has been already used, duplicate ignored
<argument> ...shipout:D \box_use:N \l_shipout_box 
                                                  \__shipout_drop_firstpage_...
l.221 T
       o test a coupled generator, the new laboratory instead uses] [99
pdfTeX warning (ext4): destination with the same identifier (name{table.0.38}) 
has been already used, duplicate ignored
<argument> ...shipout:D \box_use:N \l_shipout_box 
                                                  \__shipout_drop_firstpage_...
l.234 
      ] (./revisions/2026-09-29-r6/manuscript/coupled.tex [100]
(./revisions/2026-09-29-r6/manuscript/table_coupled.tex))
(./revisions/2026-10-03-r8/manuscript/coverage.tex
Underfull \vbox (badness 2073) has occurred while \output is active [101
pdfTeX warning (ext4): destination with the same identifier (name{table.0.39}) 
has been already used, duplicate ignored
<argument> ...shipout:D \box_use:N \l_shipout_box 
                                                  \__shipout_drop_firstpage_...
l.1 \subsection
               {Method-paired payoff evidence and arithmetic replay}\label{s...
] (./revisions/2026-10-03-r8/manuscript/table_paired_summary.tex))
Underfull \vbox (badness 3199) has occurred while \output is active [102]
[103
pdfTeX warning (ext4): destination with the same identifier (name{table.0.40}) 
has been already used, duplicate ignored
<argument> ...shipout:D \box_use:N \l_shipout_box 
                                                  \__shipout_drop_firstpage_...
l.251 T
       wo conditionally independent probe banks repair this particular bias:]
(./revisions/2026-09-29-r6/manuscript/trace.tex)
(./revisions/2026-10-03-r9/manuscript/method.tex
Underfull \vbox (badness 10000) has occurred while \output is active [104]
[105] [106]) (./revisions/2026-10-03-r9/manuscript/results.tex [107]
(./revisions/2026-10-03-r9/manuscript/table_common.tex)
(./revisions/2026-10-03-r9/manuscript/table_matched.tex) [108]
(./revisions/2026-10-03-r9/manuscript/table_nested.tex) [109
pdfTeX warning (ext4): destination with the same identifier (name{table.0.41}) 
has been already used, duplicate ignored
<argument> ...shipout:D \box_use:N \l_shipout_box 
                                                  \__shipout_drop_firstpage_...
l.20 
     ]
Underfull \vbox (badness 1354) has occurred while \output is active [110
pdfTeX warning (ext4): destination with the same identifier (name{table.0.42}) 
has been already used, duplicate ignored
<argument> ...shipout:D \box_use:N \l_shipout_box 
                                                  \__shipout_drop_firstpage_...
l.20 
     
pdfTeX warning (ext4): destination with the same identifier (name{table.0.43}) 
has been already used, duplicate ignored
<argument> ...shipout:D \box_use:N \l_shipout_box 
                                                  \__shipout_drop_firstpage_...
l.20 
     ] (./revisions/2026-10-03-r9/manuscript/table_welfare.tex)
(./revisions/2026-10-03-r9/manuscript/capital.tex
Underfull \vbox (badness 10000) has occurred while \output is active [111]
Underfull \vbox (badness 10000) has occurred while \output is active [112
pdfTeX warning (ext4): destination with the same identifier (name{table.0.44}) 
has been already used, duplicate ignored
<argument> ...shipout:D \box_use:N \l_shipout_box 
                                                  \__shipout_drop_firstpage_...
l.13 \]
       ] (./revisions/2026-10-03-r9/manuscript/table_capital.tex))))
(./revisions/2026-10-04-r10/manuscript/study.tex [113] [114
pdfTeX warning (ext4): destination with the same identifier (name{table.0.45}) 
has been already used, duplicate ignored
<argument> ...shipout:D \box_use:N \l_shipout_box 
                                                  \__shipout_drop_firstpage_...
l.10 
     ] (./revisions/2026-10-04-r10/manuscript/table_bounds.tex)
Underfull \vbox (badness 3872) has occurred while \output is active [115
pdfTeX warning (ext4): destination with the same identifier (name{table.0.46}) 
has been already used, duplicate ignored
<argument> ...shipout:D \box_use:N \l_shipout_box 
                                                  \__shipout_drop_firstpage_...
l.16 
     ] (./revisions/2026-10-04-r10/manuscript/table_cost.tex)
(./revisions/2026-10-04-r10/manuscript/table_paired.tex)
Underfull \vbox (badness 3049) has occurred while \output is active [116])
(./revisions/2026-10-04-r11/manuscript/retained_conclusion.tex
Underfull \vbox (badness 10000) has occurred while \output is active [117
pdfTeX warning (ext4): destination with the same identifier (name{table.0.47}) 
has been already used, duplicate ignored
<argument> ...shipout:D \box_use:N \l_shipout_box 
                                                  \__shipout_drop_firstpage_...
l.3 
    ]
Underfull \vbox (badness 10000) has occurred while \output is active [118
pdfTeX warning (ext4): destination with the same identifier (name{table.0.48}) 
has been already used, duplicate ignored
<argument> ...shipout:D \box_use:N \l_shipout_box 
                                                  \__shipout_drop_firstpage_...
l.6 T
     he dense capital experiment now has a feasible-policy lower benchmark a...
]) (./revisions/2026-10-04-r11/manuscript/retained_proofs.tex

LaTeX Font Warning: Font shape `T1/ppl/m/scit' undefined
(Font)              using `T1/ppl/m/sc' instead on input line 3.

[119]

LaTeX Font Warning: Font shape `T1/ppl/m/scit' undefined
(Font)              using `T1/ppl/m/sc' instead on input line 13.


LaTeX Font Warning: Font shape `T1/ppl/m/scit' undefined
(Font)              using `T1/ppl/m/sc' instead on input line 16.


LaTeX Font Warning: Font shape `T1/ppl/m/scit' undefined
(Font)              using `T1/ppl/m/sc' instead on input line 26.

[120]

LaTeX Font Warning: Font shape `T1/ppl/m/scit' undefined
(Font)              using `T1/ppl/m/sc' instead on input line 34.


LaTeX Font Warning: Font shape `T1/ppl/m/scit' undefined
(Font)              using `T1/ppl/m/sc' instead on input line 42.


Underfull \vbox (badness 10000) has occurred while \output is active [121]
(./revisions/2026-10-03-r9/manuscript/proofs.tex

LaTeX Font Warning: Font shape `T1/ppl/m/scit' undefined
(Font)              using `T1/ppl/m/sc' instead on input line 2.


LaTeX Font Warning: Font shape `T1/ppl/m/scit' undefined
(Font)              using `T1/ppl/m/sc' instead on input line 5.

[122]

LaTeX Font Warning: Font shape `T1/ppl/m/scit' undefined
(Font)              using `T1/ppl/m/sc' instead on input line 16.


Underfull \vbox (badness 10000) has occurred while \output is active [123]

LaTeX Font Warning: Font shape `T1/ppl/m/scit' undefined
(Font)              using `T1/ppl/m/sc' instead on input line 33.

[124]

LaTeX Font Warning: Font shape `T1/ppl/m/scit' undefined
(Font)              using `T1/ppl/m/sc' instead on input line 43.

) (./revisions/2026-10-04-r10/manuscript/proofs.tex
Underfull \vbox (badness 10000) has occurred while \output is active [125]

LaTeX Font Warning: Font shape `T1/ppl/m/scit' undefined
(Font)              using `T1/ppl/m/sc' instead on input line 4.


LaTeX Font Warning: Font shape `T1/ppl/m/scit' undefined
(Font)              using `T1/ppl/m/sc' instead on input line 24.

[126]

LaTeX Font Warning: Font shape `T1/ppl/m/scit' undefined
(Font)              using `T1/ppl/m/sc' instead on input line 45.

[127]

LaTeX Font Warning: Font shape `T1/ppl/m/scit' undefined
(Font)              using `T1/ppl/m/sc' instead on input line 81.

) [128]
Underfull \vbox (badness 10000) has occurred while \output is active [129]

Package hyperref Warning: Difference (3) between bookmark levels is greater 
(hyperref)                than one, level fixed on input line 74.


Package hyperref Warning: Difference (2) between bookmark levels is greater 
(hyperref)                than one, level fixed on input line 77.

) (./revisions/2026-10-04-r11/manuscript/table_all_seeds.tex [130] [131]
[132]) (./revisions/2026-10-04-r11/manuscript/table_all_frontiers.tex [133]
[134]) (./revisions/2026-10-04-r11/manuscript/table_all_sensitivity.tex
[135]) (./revisions/2026-10-04-r11/manuscript/table_greedy.tex)
(./revisions/2026-10-04-r11/manuscript/learning.tex [136
pdfTeX warning (ext4): destination with the same identifier (name{table.E.4}) h
as been already used, duplicate ignored
<argument> ...shipout:D \box_use:N \l_shipout_box 
                                                  \__shipout_drop_firstpage_...
l.3 
    ] [137]) (./revisions/2026-10-04-r11/manuscript/study.tex [138]
(./revisions/2026-10-04-r11/manuscript/table_primary.tex)
(./revisions/2026-10-04-r11/manuscript/results_text.tex)
Underfull \vbox (badness 1769) has occurred while \output is active [139
pdfTeX warning (ext4): destination with the same identifier (name{table.H.1}) h
as been already used, duplicate ignored
<argument> ...shipout:D \box_use:N \l_shipout_box 
                                                  \__shipout_drop_firstpage_...
l.9 
    ] (./revisions/2026-10-04-r11/manuscript/table_cost.tex)
(./revisions/2026-10-04-r11/manuscript/table_anchors.tex) [140
pdfTeX warning (ext4): destination with the same identifier (name{table.H.2}) h
as been already used, duplicate ignored
<argument> ...shipout:D \box_use:N \l_shipout_box 
                                                  \__shipout_drop_firstpage_...
l.16 
     ] (./revisions/2026-10-04-r11/manuscript/table_frontier.tex) [141
pdfTeX warning (ext4): destination with the same identifier (name{table.H.3}) h
as been already used, duplicate ignored
<argument> ...shipout:D \box_use:N \l_shipout_box 
                                                  \__shipout_drop_firstpage_...
l.24 
     ] (./revisions/2026-10-04-r11/manuscript/table_sensitivity.tex)
Underfull \vbox (badness 4048) has occurred while \output is active [142
pdfTeX warning (ext4): destination with the same identifier (name{table.H.4}) h
as been already used, duplicate ignored
<argument> ...shipout:D \box_use:N \l_shipout_box 
                                                  \__shipout_drop_firstpage_...
l.32 
     ]) (revisions/2026-10-04-r14/build/supp.bbl
(revisions/2026-10-04-r14/build/supp.brf)
Underfull \vbox (badness 4168) has occurred while \output is active [143
pdfTeX warning (ext4): destination with the same identifier (name{table.H.5}) h
as been already used, duplicate ignored
<argument> ...shipout:D \box_use:N \l_shipout_box 
                                                  \__shipout_drop_firstpage_...
l.17 
     ]) [144] (revisions/2026-10-04-r14/build/supp.aux)

LaTeX Font Warning: Some font shapes were not available, defaults substituted.

 )
(see the transcript file for additional information)</usr/share/texlive/texmf-d
ist/fonts/type1/public/amsfonts/cm/cmbx12.pfb></usr/share/texlive/texmf-dist/fo
nts/type1/public/amsfonts/cm/cmex10.pfb></usr/share/texlive/texmf-dist/fonts/ty
pe1/public/amsfonts/cm/cmmi10.pfb></usr/share/texlive/texmf-dist/fonts/type1/pu
blic/amsfonts/cm/cmr10.pfb></usr/share/texlive/texmf-dist/fonts/type1/public/am
sfonts/cm/cmsy10.pfb></usr/share/texlive/texmf-dist/fonts/type1/public/mathpazo
/fplmbb.pfb></usr/share/texlive/texmf-dist/fonts/type1/public/mathpazo/fplmr.pf
b></usr/share/texlive/texmf-dist/fonts/type1/public/mathpazo/fplmri.pfb></usr/s
hare/texlive/texmf-dist/fonts/type1/public/amsfonts/symbols/msam10.pfb></usr/sh
are/texlive/texmf-dist/fonts/type1/urw/courier/ucrr8a.pfb></usr/share/texlive/t
exmf-dist/fonts/type1/urw/palatino/uplr8a.pfb></usr/share/texlive/texmf-dist/fo
nts/type1/urw/palatino/uplri8a.pfb>
Output written on revisions/2026-10-04-r14/build/supp.pdf (144 pages, 527035 by
tes).
Transcript written on revisions/2026-10-04-r14/build/supp.log.
