\BOOKMARK [1][-]{section.0.1}{\376\377\000G\000u\000i\000d\000e\000\040\000t\000o\000\040\000t\000h\000e\000\040\000S\000u\000p\000p\000l\000e\000m\000e\000n\000t}{}% 1
\BOOKMARK [1][-]{section.0.2}{\376\377\000A\000d\000d\000i\000t\000i\000o\000n\000a\000l\000\040\000P\000r\000o\000o\000f\000s\000\040\000a\000n\000d\000\040\000N\000u\000m\000e\000r\000i\000c\000a\000l\000\040\000C\000o\000n\000t\000r\000a\000c\000t\000s}{}% 2
\BOOKMARK [2][-]{subsection.0.2.1}{\376\377\000C\000o\000s\000t\000a\000t\000e\000\040\000e\000r\000r\000o\000r\000\040\000a\000n\000d\000\040\000a\000c\000t\000i\000o\000n\000\040\000q\000u\000a\000l\000i\000t\000y}{section.0.2}% 3
\BOOKMARK [2][-]{subsection.0.2.2}{\376\377\000C\000a\000n\000c\000e\000l\000l\000a\000t\000i\000o\000n\000,\000\040\000c\000l\000i\000p\000p\000i\000n\000g\000\040\000a\000n\000d\000\040\000f\000i\000n\000i\000t\000e\000-\000p\000o\000p\000u\000l\000a\000t\000i\000o\000n\000\040\000i\000n\000f\000e\000r\000e\000n\000c\000e}{section.0.2}% 4
\BOOKMARK [2][-]{subsection.0.2.3}{\376\377\000O\000b\000s\000e\000r\000v\000e\000d\000-\000h\000i\000s\000t\000o\000r\000y\000\040\000i\000m\000p\000l\000e\000m\000e\000n\000t\000a\000t\000i\000o\000n}{section.0.2}% 5
\BOOKMARK [2][-]{subsection.0.2.4}{\376\377\000I\000n\000d\000e\000p\000e\000n\000d\000e\000n\000t\000\040\000s\000c\000a\000l\000a\000r\000\040\000H\000J\000B\000\040\000a\000p\000p\000r\000o\000x\000i\000m\000a\000t\000i\000o\000n}{section.0.2}% 6
\BOOKMARK [2][-]{subsection.0.2.5}{\376\377\000R\000e\000p\000r\000o\000d\000u\000c\000i\000b\000i\000l\000i\000t\000y\000\040\000a\000n\000d\000\040\000c\000o\000s\000t\000\040\000a\000c\000c\000o\000u\000n\000t\000i\000n\000g}{section.0.2}% 7
\BOOKMARK [1][-]{section.0.3}{\376\377\000F\000i\000n\000i\000t\000e\000-\000O\000b\000s\000e\000r\000v\000a\000t\000i\000o\000n\000\040\000T\000r\000a\000n\000s\000f\000e\000r\000\040\000P\000r\000o\000o\000f}{}% 8
\BOOKMARK [2][-]{subsection.0.3.1}{\376\377\000P\000r\000o\000o\000f\000\040\000o\000f\000\040\000P\000r\000o\000p\000o\000s\000i\000t\000i\000o\000n\000\040\0001\0005}{section.0.3}% 9
\BOOKMARK [1][-]{section.0.4}{\376\377\000C\000o\000m\000p\000l\000e\000t\000e\000\040\000R\0001\0002\000\040\000S\000e\000e\000d\000\040\000a\000n\000d\000\040\000A\000u\000x\000i\000l\000i\000a\000r\000y\000\040\000R\000e\000s\000u\000l\000t\000s}{}% 10
\BOOKMARK [1][-]{section.0.5}{\376\377\000I\000n\000d\000e\000p\000e\000n\000d\000e\000n\000t\000\040\000S\000c\000a\000l\000a\000r\000\040\000R\000e\000f\000e\000r\000e\000n\000c\000e\000:\000\040\000E\000q\000u\000a\000t\000i\000o\000n\000s\000\040\000a\000n\000d\000\040\000C\000o\000m\000p\000l\000e\000t\000e\000\040\000D\000i\000a\000g\000n\000o\000s\000t\000i\000c\000s}{}% 11
\BOOKMARK [2][-]{subsection.0.5.1}{\376\377\000T\000h\000e\000\040\000s\000c\000a\000l\000a\000r\000\040\000r\000e\000f\000e\000r\000e\000n\000c\000e\000\040\000a\000n\000d\000\040\000i\000t\000s\000\040\000r\000e\000s\000i\000d\000u\000a\000l\000\040\000a\000c\000c\000o\000u\000n\000t}{section.0.5}% 12
\BOOKMARK [1][-]{section.0.6}{\376\377\000F\000i\000n\000i\000t\000e\000-\000O\000b\000s\000e\000r\000v\000a\000t\000i\000o\000n\000\040\000D\000i\000a\000g\000n\000o\000s\000t\000i\000c\000\040\000A\000c\000c\000o\000u\000n\000t\000s}{}% 13
\BOOKMARK [1][-]{section.0.7}{\376\377\000E\000a\000r\000l\000i\000e\000r\000\040\000V\000e\000r\000i\000f\000i\000c\000a\000t\000i\000o\000n\000\040\000a\000n\000d\000\040\000A\000p\000p\000l\000i\000c\000a\000t\000i\000o\000n\000\040\000R\000e\000s\000u\000l\000t\000s}{}% 14
\BOOKMARK [1][-]{section.0.8}{\376\377\000P\000r\000o\000o\000f\000s\000\040\000f\000o\000r\000\040\000P\000o\000l\000i\000c\000y\000-\000S\000p\000e\000c\000i\000f\000i\000c\000\040\000V\000e\000r\000i\000f\000i\000c\000a\000t\000i\000o\000n}{}% 15
\BOOKMARK [2][-]{subsection.0.8.1}{\376\377\000G\000e\000n\000e\000r\000a\000t\000o\000r\000\040\000a\000n\000d\000\040\000s\000t\000o\000c\000h\000a\000s\000t\000i\000c\000\040\000l\000o\000c\000a\000l\000-\000e\000r\000r\000o\000r\000\040\000b\000o\000u\000n\000d\000s}{section.0.8}% 16
\BOOKMARK [2][-]{subsection.0.8.2}{\376\377\000C\000l\000i\000p\000p\000e\000d\000\040\000i\000n\000n\000o\000v\000a\000t\000i\000o\000n\000s\000\040\000a\000n\000d\000\040\000n\000u\000m\000e\000r\000i\000c\000a\000l\000\040\000i\000n\000t\000e\000g\000r\000a\000t\000i\000o\000n}{section.0.8}% 17
\BOOKMARK [2][-]{subsection.0.8.3}{\376\377\000A\000r\000i\000t\000h\000m\000e\000t\000i\000c\000\040\000c\000o\000n\000t\000r\000a\000c\000t\000\040\000a\000n\000d\000\040\000f\000o\000r\000w\000a\000r\000d\000-\000e\000r\000r\000o\000r\000\040\000b\000u\000d\000g\000e\000t}{section.0.8}% 18
\BOOKMARK [2][-]{subsection.0.8.4}{\376\377\000A\000\040\000g\000l\000o\000b\000a\000l\000\040\000c\000l\000i\000p\000p\000i\000n\000g\000\040\000e\000n\000v\000e\000l\000o\000p\000e}{section.0.8}% 19
\BOOKMARK [2][-]{subsection.0.8.5}{\376\377\000F\000i\000n\000i\000t\000e\000\040\000f\000a\000m\000i\000l\000i\000e\000s\000,\000\040\000s\000e\000l\000e\000c\000t\000i\000o\000n\000,\000\040\000a\000n\000d\000\040\000i\000n\000t\000e\000r\000p\000r\000e\000t\000a\000t\000i\000o\000n}{section.0.8}% 20
\BOOKMARK [1][-]{section.0.9}{\376\377\000R\000e\000l\000a\000t\000i\000o\000n\000\040\000t\000o\000\040\000t\000h\000e\000\040\000M\000a\000i\000n\000\040\000T\000e\000x\000t}{}% 21
\BOOKMARK [1][-]{section.0.10}{\376\377\000P\000o\000l\000i\000c\000y\000\040\000E\000v\000a\000l\000u\000a\000t\000i\000o\000n\000\040\000a\000n\000d\000\040\000t\000h\000e\000\040\000R\000e\000c\000u\000r\000s\000i\000v\000e\000\040\000P\000o\000l\000i\000c\000y\000\040\000G\000r\000a\000d\000i\000e\000n\000t}{}% 22
\BOOKMARK [1][-]{section.0.11}{\376\377\000R\000e\000p\000r\000e\000s\000e\000n\000t\000a\000t\000i\000o\000n\000,\000\040\000B\000o\000u\000n\000d\000a\000r\000y\000\040\000C\000o\000n\000d\000i\000t\000i\000o\000n\000s\000,\000\040\000a\000n\000d\000\040\000E\000r\000r\000o\000r\000\040\000M\000e\000a\000s\000u\000r\000e\000m\000e\000n\000t}{}% 23
\BOOKMARK [2][-]{subsection.0.11.1}{\376\377\000S\000m\000o\000o\000t\000h\000\040\000a\000p\000p\000r\000o\000x\000i\000m\000a\000t\000i\000o\000n\000\040\000a\000n\000d\000\040\000w\000h\000a\000t\000\040\000i\000t\000\040\000e\000s\000t\000a\000b\000l\000i\000s\000h\000e\000s}{section.0.11}% 24
\BOOKMARK [2][-]{subsection.0.11.2}{\376\377\000F\000r\000o\000m\000\040\000r\000e\000s\000i\000d\000u\000a\000l\000\040\000s\000a\000m\000p\000l\000e\000s\000\040\000t\000o\000\040\000a\000\040\000u\000n\000i\000f\000o\000r\000m\000\040\000b\000o\000u\000n\000d}{section.0.11}% 25
\BOOKMARK [1][-]{section.0.12}{\376\377\000B\000e\000n\000c\000h\000m\000a\000r\000k\000\040\000D\000e\000r\000i\000v\000a\000t\000i\000o\000n\000s}{}% 26
\BOOKMARK [2][-]{subsection.0.12.1}{\376\377\000M\000e\000r\000t\000o\000n\000\040\000c\000o\000n\000s\000u\000m\000p\000t\000i\000o\000n\000\040\000a\000n\000d\000\040\000t\000r\000a\000n\000s\000v\000e\000r\000s\000a\000l\000i\000t\000y}{section.0.12}% 27
\BOOKMARK [2][-]{subsection.0.12.2}{\376\377\000R\000e\000c\000u\000r\000s\000i\000v\000e\000\040\000c\000o\000e\000f\000f\000i\000c\000i\000e\000n\000t\000\040\000a\000n\000d\000\040\000t\000h\000e\000\040\000u\000t\000i\000l\000i\000t\000y\000\040\000i\000n\000t\000e\000r\000v\000a\000l}{section.0.12}% 28
\BOOKMARK [1][-]{section.0.13}{\376\377\000E\000n\000d\000o\000g\000e\000n\000o\000u\000s\000-\000P\000r\000e\000f\000e\000r\000e\000n\000c\000e\000\040\000D\000e\000t\000a\000i\000l\000s}{}% 29
\BOOKMARK [2][-]{subsection.0.13.1}{\376\377\000S\000t\000a\000t\000e\000\040\000r\000e\000s\000t\000r\000i\000c\000t\000i\000o\000n\000s\000\040\000a\000n\000d\000\040\000t\000h\000e\000\040\000r\000e\000f\000e\000r\000e\000n\000c\000e\000\040\000e\000x\000p\000e\000r\000i\000m\000e\000n\000t}{section.0.13}% 30
\BOOKMARK [2][-]{subsection.0.13.2}{\376\377\000P\000o\000l\000i\000c\000y\000\040\000c\000o\000n\000d\000i\000t\000i\000o\000n\000s\000\040\000a\000n\000d\000\040\000c\000o\000m\000p\000a\000r\000a\000t\000i\000v\000e\000\040\000s\000t\000a\000t\000i\000c\000s}{section.0.13}% 31
\BOOKMARK [1][-]{section.0.14}{\376\377\000T\000e\000m\000p\000o\000r\000a\000l\000-\000S\000e\000l\000f\000\040\000D\000e\000v\000i\000a\000t\000i\000o\000n\000s}{}% 32
\BOOKMARK [1][-]{section.0.15}{\376\377\000G\000a\000m\000e\000s\000\040\000a\000n\000d\000\040\000I\000n\000d\000e\000p\000e\000n\000d\000e\000n\000t\000\040\000B\000e\000s\000t\000\040\000R\000e\000s\000p\000o\000n\000s\000e\000s}{}% 33
\BOOKMARK [1][-]{section.0.16}{\376\377\000S\000t\000o\000c\000h\000a\000s\000t\000i\000c\000\040\000H\000e\000s\000s\000i\000a\000n\000\040\000O\000b\000j\000e\000c\000t\000i\000v\000e\000s\000\040\000a\000n\000d\000\040\000C\000o\000m\000p\000l\000e\000x\000i\000t\000y}{}% 34
\BOOKMARK [1][-]{section.0.17}{\376\377\000R\000e\000p\000r\000o\000d\000u\000c\000t\000i\000o\000n\000\040\000a\000n\000d\000\040\000F\000u\000r\000t\000h\000e\000r\000\040\000C\000o\000m\000p\000a\000r\000i\000s\000o\000n\000s}{}% 35
\BOOKMARK [1][-]{section.0.18}{\376\377\000I\000m\000p\000l\000e\000m\000e\000n\000t\000e\000d\000\040\000E\000r\000r\000o\000r\000\040\000A\000c\000c\000o\000u\000n\000t\000s\000\040\000a\000n\000d\000\040\000A\000r\000i\000t\000h\000m\000e\000t\000i\000c}{}% 36
\BOOKMARK [2][-]{subsection.0.18.1}{\376\377\000F\000u\000l\000l\000-\000d\000o\000m\000a\000i\000n\000\040\000i\000n\000t\000e\000r\000v\000a\000l\000\040\000i\000m\000p\000l\000e\000m\000e\000n\000t\000a\000t\000i\000o\000n}{section.0.18}% 37
\BOOKMARK [2][-]{subsection.0.18.2}{\376\377\000A\000p\000p\000l\000i\000c\000a\000t\000i\000o\000n\000-\000s\000p\000e\000c\000i\000f\000i\000c\000\040\000h\000y\000p\000o\000t\000h\000e\000s\000e\000s}{section.0.18}% 38
\BOOKMARK [1][-]{section.0.19}{\376\377\000D\000e\000s\000i\000g\000n\000,\000\040\000B\000u\000d\000g\000e\000t\000s\000,\000\040\000a\000n\000d\000\040\000R\000e\000p\000r\000o\000d\000u\000c\000i\000b\000i\000l\000i\000t\000y}{}% 39
\BOOKMARK [1][-]{section.0.20}{\376\377\000R\000u\000n\000-\000L\000e\000v\000e\000l\000\040\000N\000u\000m\000e\000r\000i\000c\000a\000l\000\040\000A\000c\000c\000o\000u\000n\000t\000s}{}% 40
\BOOKMARK [2][-]{subsection.0.20.1}{\376\377\000C\000o\000n\000s\000u\000m\000p\000t\000i\000o\000n\000\040\000f\000i\000t\000t\000i\000n\000g\000\040\000a\000n\000d\000\040\000v\000e\000r\000i\000f\000i\000c\000a\000t\000i\000o\000n}{section.0.20}% 41
\BOOKMARK [2][-]{subsection.0.20.2}{\376\377\000A\000c\000t\000i\000o\000n\000\040\000b\000o\000u\000n\000d\000s\000\040\000a\000n\000d\000\040\000n\000u\000m\000e\000r\000i\000c\000a\000l\000\040\000d\000o\000m\000a\000i\000n\000s}{section.0.20}% 42
\BOOKMARK [2][-]{subsection.0.20.3}{\376\377\000D\000e\000n\000s\000e\000\040\000n\000e\000u\000r\000a\000l\000\040\000r\000u\000n\000s\000,\000\040\000t\000r\000a\000c\000e\000\040\000e\000s\000t\000i\000m\000a\000t\000o\000r\000s\000,\000\040\000a\000n\000d\000\040\000c\000o\000v\000e\000r\000a\000g\000e}{section.0.20}% 43
\BOOKMARK [2][-]{subsection.0.20.4}{\376\377\000P\000o\000l\000i\000c\000y\000-\000p\000a\000y\000o\000f\000f\000\040\000d\000i\000a\000g\000n\000o\000s\000t\000i\000c\000s}{section.0.20}% 44
\BOOKMARK [1][-]{section.0.21}{\376\377\000P\000r\000o\000o\000f\000\040\000a\000n\000d\000\040\000I\000m\000p\000l\000e\000m\000e\000n\000t\000a\000t\000i\000o\000n\000\040\000o\000f\000\040\000t\000h\000e\000\040\000C\000o\000n\000t\000i\000n\000u\000o\000u\000s\000-\000A\000c\000t\000i\000o\000n\000\040\000E\000n\000v\000e\000l\000o\000p\000e}{}% 45
\BOOKMARK [2][-]{subsection.0.21.1}{\376\377\000C\000o\000m\000p\000l\000e\000t\000e\000-\000c\000o\000v\000e\000r\000\040\000i\000n\000v\000a\000r\000i\000a\000n\000t\000\040\000a\000n\000d\000\040\000b\000a\000c\000k\000w\000a\000r\000d\000\040\000p\000r\000o\000o\000f}{section.0.21}% 46
\BOOKMARK [2][-]{subsection.0.21.2}{\376\377\000I\000n\000t\000e\000r\000p\000o\000l\000a\000t\000i\000o\000n\000,\000\040\000r\000e\000f\000l\000e\000c\000t\000i\000o\000n\000,\000\040\000s\000t\000o\000p\000p\000i\000n\000g\000,\000\040\000a\000n\000d\000\040\000a\000r\000i\000t\000h\000m\000e\000t\000i\000c}{section.0.21}% 47
\BOOKMARK [2][-]{subsection.0.21.3}{\376\377\000A\000\040\000c\000o\000m\000m\000o\000n\000\040\000u\000p\000p\000e\000r\000\040\000e\000n\000v\000e\000l\000o\000p\000e\000\040\000f\000o\000r\000\040\000m\000u\000l\000t\000i\000p\000l\000e\000\040\000p\000o\000l\000i\000c\000i\000e\000s}{section.0.21}% 48
\BOOKMARK [1][-]{section.0.22}{\376\377\000S\000e\000p\000a\000r\000a\000t\000i\000n\000g\000\040\000N\000u\000m\000e\000r\000i\000c\000a\000l\000\040\000a\000n\000d\000\040\000C\000o\000n\000t\000i\000n\000u\000o\000u\000s\000-\000E\000c\000o\000n\000o\000m\000y\000\040\000E\000r\000r\000o\000r}{}% 49
\BOOKMARK [1][-]{section.0.23}{\376\377\000S\000t\000r\000a\000t\000e\000g\000i\000c\000\040\000D\000e\000v\000i\000a\000t\000i\000o\000n\000s\000\040\000a\000n\000d\000\040\000M\000i\000s\000s\000i\000n\000g\000\040\000P\000u\000r\000e\000\040\000S\000t\000a\000g\000e\000s}{}% 50
\BOOKMARK [1][-]{section.0.24}{\376\377\000P\000a\000i\000r\000e\000d\000\040\000P\000a\000y\000o\000f\000f\000s\000,\000\040\000C\000o\000s\000t\000s\000,\000\040\000a\000n\000d\000\040\000E\000c\000o\000n\000o\000m\000i\000c\000\040\000S\000c\000a\000l\000i\000n\000g}{}% 51
\BOOKMARK [1][-]{section.0.25}{\376\377\000H\000i\000s\000t\000o\000r\000i\000c\000a\000l\000\040\000N\000u\000m\000e\000r\000i\000c\000a\000l\000\040\000R\000e\000c\000o\000r\000d\000\040\000a\000n\000d\000\040\000S\000o\000u\000r\000c\000e\000\040\000P\000r\000e\000s\000e\000r\000v\000a\000t\000i\000o\000n}{}% 52
\BOOKMARK [2][-]{subsection.0.25.1}{\376\377\000R\0006\000\040\000p\000r\000e\000f\000e\000r\000e\000n\000c\000e\000-\000p\000o\000l\000i\000c\000y\000\040\000d\000i\000s\000c\000u\000s\000s\000i\000o\000n\000\040\000\050\000h\000i\000s\000t\000o\000r\000i\000c\000a\000l\000\051}{section.0.25}% 53
\BOOKMARK [2][-]{subsection.0.25.2}{\376\377\000N\000e\000u\000r\000a\000l\000\040\000s\000o\000l\000u\000t\000i\000o\000n\000\040\000a\000n\000d\000\040\000a\000c\000t\000i\000o\000n\000-\000d\000o\000m\000a\000i\000n\000\040\000s\000e\000n\000s\000i\000t\000i\000v\000i\000t\000y}{section.0.25}% 54
\BOOKMARK [2][-]{subsection.0.25.3}{\376\377\000R\0006\000\040\000d\000y\000n\000a\000m\000i\000c\000-\000g\000a\000m\000e\000\040\000d\000i\000s\000c\000u\000s\000s\000i\000o\000n\000\040\000\050\000h\000i\000s\000t\000o\000r\000i\000c\000a\000l\000\051}{section.0.25}% 55
\BOOKMARK [2][-]{subsection.0.25.4}{\376\377\000A\000\040\000d\000y\000n\000a\000m\000i\000c\000\040\000c\000a\000p\000i\000t\000a\000l\000-\000g\000a\000m\000e\000\040\000c\000o\000m\000p\000u\000t\000a\000t\000i\000o\000n}{section.0.25}% 56
\BOOKMARK [1][-]{section.0.26}{\376\377\000C\000o\000m\000p\000l\000e\000t\000e\000\040\000R\0009\000\040\000R\000e\000f\000i\000n\000e\000m\000e\000n\000t\000\040\000a\000n\000d\000\040\000V\000e\000r\000i\000f\000i\000c\000a\000t\000i\000o\000n\000\040\000A\000c\000c\000o\000u\000n\000t\000s}{}% 57
\BOOKMARK [1][-]{section.0.27}{\376\377\000F\000r\000e\000s\000h\000\040\000T\000r\000a\000i\000n\000i\000n\000g\000,\000\040\000C\000o\000r\000r\000e\000c\000t\000i\000o\000n\000\040\000S\000t\000o\000r\000a\000g\000e\000,\000\040\000a\000n\000d\000\040\000T\000o\000t\000a\000l\000\040\000C\000o\000s\000t}{}% 58
\BOOKMARK [1][-]{section.0.28}{\376\377\000A\000n\000\040\000A\000b\000s\000o\000l\000u\000t\000e\000\040\000B\000e\000n\000c\000h\000m\000a\000r\000k\000\040\000a\000n\000d\000\040\000P\000a\000i\000r\000e\000d\000\040\000C\000a\000p\000i\000t\000a\000l\000\040\000P\000a\000y\000o\000f\000f\000s}{}% 59
\BOOKMARK [1][-]{section.0.29}{\376\377\000C\000o\000n\000t\000i\000n\000u\000o\000u\000s\000-\000C\000a\000p\000i\000t\000a\000l\000\040\000R\000e\000p\000l\000i\000c\000a\000t\000i\000o\000n\000\040\000D\000e\000t\000a\000i\000l\000s}{}% 60
\BOOKMARK [2][-]{subsection.0.29.1}{\376\377\000C\000o\000m\000p\000l\000e\000t\000e\000\040\000f\000i\000t\000t\000e\000d\000-\000p\000o\000l\000i\000c\000y\000\040\000r\000e\000c\000o\000r\000d}{section.0.29}% 61
\BOOKMARK [2][-]{subsection.0.29.2}{\376\377\000A\000l\000l\000\040\000c\000e\000r\000t\000i\000f\000i\000c\000a\000t\000e\000\040\000s\000e\000t\000t\000i\000n\000g\000s}{section.0.29}% 62
\BOOKMARK [2][-]{subsection.0.29.3}{\376\377\000D\000e\000p\000l\000o\000y\000m\000e\000n\000t\000\040\000a\000n\000d\000\040\000a\000r\000i\000t\000h\000m\000e\000t\000i\000c\000\040\000c\000o\000n\000t\000r\000a\000c\000t}{section.0.29}% 63
\BOOKMARK [2][-]{subsection.0.29.4}{\376\377\000P\000a\000i\000r\000e\000d\000\040\000p\000a\000t\000h\000\040\000a\000r\000c\000h\000i\000v\000e\000\040\000a\000n\000d\000\040\000i\000n\000t\000e\000r\000p\000r\000e\000t\000a\000t\000i\000o\000n}{section.0.29}% 64
\BOOKMARK [1][-]{section.0.30}{\376\377\000A\000n\000a\000l\000y\000t\000i\000c\000a\000l\000\040\000a\000n\000d\000\040\000N\000o\000n\000s\000m\000o\000o\000t\000h\000\040\000B\000e\000n\000c\000h\000m\000a\000r\000k\000s}{}% 65
\BOOKMARK [2][-]{subsection.0.30.1}{\376\377\000E\000x\000e\000c\000u\000t\000e\000d\000\040\000c\000a\000l\000i\000b\000r\000a\000t\000i\000o\000n\000\040\000a\000n\000d\000\040\000i\000n\000t\000e\000r\000p\000r\000e\000t\000a\000t\000i\000o\000n}{section.0.30}% 66
\BOOKMARK [1][-]{section.0.31}{\376\377\000R\000e\000c\000u\000r\000s\000i\000v\000e\000\040\000U\000t\000i\000l\000i\000t\000y}{}% 67
\BOOKMARK [2][-]{subsection.0.31.1}{\376\377\000A\000\040\000w\000e\000l\000l\000-\000d\000e\000f\000i\000n\000e\000d\000\040\000v\000a\000l\000i\000d\000a\000t\000i\000o\000n\000\040\000p\000r\000o\000b\000l\000e\000m\000\040\000a\000t\000\040\000t\000h\000e\000\040\000r\000e\000t\000a\000i\000n\000e\000d\000\040\000p\000a\000r\000a\000m\000e\000t\000e\000r\000s}{section.0.31}% 68
\BOOKMARK [2][-]{subsection.0.31.2}{\376\377\000S\000t\000a\000b\000i\000l\000i\000t\000y\000\040\000a\000n\000d\000\040\000b\000a\000s\000e\000l\000i\000n\000e\000\040\000d\000e\000s\000i\000g\000n}{section.0.31}% 69
\BOOKMARK [1][-]{section.0.32}{\376\377\000E\000n\000d\000o\000g\000e\000n\000o\000u\000s\000\040\000P\000r\000e\000f\000e\000r\000e\000n\000c\000e\000s\000\040\000a\000n\000d\000\040\000P\000o\000r\000t\000f\000o\000l\000i\000o\000\040\000C\000h\000o\000i\000c\000e}{}% 70
\BOOKMARK [2][-]{subsection.0.32.1}{\376\377\000C\000a\000r\000d\000i\000n\000a\000l\000\040\000u\000t\000i\000l\000i\000t\000y\000\040\000a\000n\000d\000\040\000t\000h\000e\000\040\000o\000b\000j\000e\000c\000t\000i\000v\000e}{section.0.32}% 71
\BOOKMARK [2][-]{subsection.0.32.2}{\376\377\000H\000a\000m\000i\000l\000t\000o\000n\000i\000a\000n\000,\000\040\000c\000o\000n\000s\000t\000r\000a\000i\000n\000e\000d\000\040\000p\000o\000l\000i\000c\000i\000e\000s\000,\000\040\000a\000n\000d\000\040\000e\000c\000o\000n\000o\000m\000i\000c\000\040\000i\000m\000p\000l\000i\000c\000a\000t\000i\000o\000n\000s}{section.0.32}% 72
\BOOKMARK [2][-]{subsection.0.32.3}{\376\377\000I\000n\000d\000e\000p\000e\000n\000d\000e\000n\000t\000\040\000t\000w\000o\000-\000s\000t\000a\000t\000e\000\040\000r\000e\000f\000e\000r\000e\000n\000c\000e\000\040\000a\000n\000d\000\040\000i\000d\000e\000n\000t\000i\000f\000i\000c\000a\000t\000i\000o\000n}{section.0.32}% 73
\BOOKMARK [2][-]{subsection.0.32.4}{\376\377\000N\000e\000u\000r\000a\000l\000\040\000p\000r\000e\000f\000e\000r\000e\000n\000c\000e\000\040\000p\000o\000l\000i\000c\000i\000e\000s\000\040\000a\000n\000d\000\040\000t\000h\000e\000\040\000r\000o\000l\000e\000\040\000o\000f\000\040\000t\000h\000e\000\040\000a\000c\000t\000i\000o\000n\000\040\000o\000r\000a\000c\000l\000e}{section.0.32}% 74
\BOOKMARK [1][-]{section.0.33}{\376\377\000S\000o\000p\000h\000i\000s\000t\000i\000c\000a\000t\000e\000d\000\040\000T\000e\000m\000p\000o\000r\000a\000l\000\040\000S\000e\000l\000v\000e\000s}{}% 75
\BOOKMARK [2][-]{subsection.0.33.1}{\376\377\000A\000n\000\040\000e\000q\000u\000i\000l\000i\000b\000r\000i\000u\000m\000\040\000c\000a\000l\000c\000u\000l\000a\000t\000i\000o\000n\000\040\000w\000i\000t\000h\000\040\000e\000n\000d\000o\000g\000e\000n\000o\000u\000s\000\040\000c\000o\000n\000t\000i\000n\000u\000a\000t\000i\000o\000n\000\040\000v\000a\000l\000u\000e\000s}{section.0.33}% 76
\BOOKMARK [1][-]{section.0.34}{\376\377\000D\000y\000n\000a\000m\000i\000c\000\040\000G\000a\000m\000e\000s}{}% 77
\BOOKMARK [2][-]{subsection.0.34.1}{\376\377\000P\000l\000a\000y\000e\000r\000-\000s\000p\000e\000c\000i\000f\000i\000c\000\040\000d\000i\000f\000f\000e\000r\000e\000n\000t\000i\000a\000t\000i\000o\000n\000\040\000a\000n\000d\000\040\000d\000e\000v\000i\000a\000t\000i\000o\000n\000\040\000b\000o\000u\000n\000d\000s}{section.0.34}% 78
\BOOKMARK [2][-]{subsection.0.34.2}{\376\377\000S\000y\000m\000m\000e\000t\000r\000y\000\040\000a\000n\000d\000\040\000m\000a\000r\000k\000e\000t\000\040\000s\000c\000a\000l\000i\000n\000g}{section.0.34}% 79
\BOOKMARK [2][-]{subsection.0.34.3}{\376\377\000N\000e\000u\000r\000a\000l\000\040\000d\000y\000n\000a\000m\000i\000c\000\040\000c\000a\000p\000i\000t\000a\000l\000\040\000p\000o\000l\000i\000c\000i\000e\000s\000\040\000a\000n\000d\000\040\000f\000u\000l\000l\000\040\000u\000n\000i\000l\000a\000t\000e\000r\000a\000l\000\040\000d\000e\000v\000i\000a\000t\000i\000o\000n\000s}{section.0.34}% 80
\BOOKMARK [1][-]{section.0.35}{\376\377\000S\000c\000a\000l\000a\000b\000i\000l\000i\000t\000y\000\040\000a\000n\000d\000\040\000t\000h\000e\000\040\000D\000i\000f\000f\000u\000s\000i\000o\000n\000\040\000T\000r\000a\000c\000e}{}% 81
\BOOKMARK [2][-]{subsection.0.35.1}{\376\377\000T\000r\000a\000i\000n\000e\000d\000,\000\040\000c\000o\000u\000p\000l\000e\000d\000\040\000n\000o\000n\000q\000u\000a\000d\000r\000a\000t\000i\000c\000\040\000c\000a\000p\000i\000t\000a\000l\000\040\000e\000c\000o\000n\000o\000m\000i\000e\000s}{section.0.35}% 82
\BOOKMARK [2][-]{subsection.0.35.2}{\376\377\000M\000e\000t\000h\000o\000d\000-\000p\000a\000i\000r\000e\000d\000\040\000p\000a\000y\000o\000f\000f\000\040\000e\000v\000i\000d\000e\000n\000c\000e\000\040\000a\000n\000d\000\040\000a\000r\000i\000t\000h\000m\000e\000t\000i\000c\000\040\000r\000e\000p\000l\000a\000y}{section.0.35}% 83
\BOOKMARK [2][-]{subsection.0.35.3}{\376\377\000E\000x\000a\000c\000t\000\040\000a\000n\000d\000\040\000s\000t\000o\000c\000h\000a\000s\000t\000i\000c\000\040\000t\000r\000a\000c\000e\000\040\000c\000o\000m\000p\000u\000t\000a\000t\000i\000o\000n}{section.0.35}% 84
\BOOKMARK [1][-]{section.0.36}{\376\377\000V\000a\000l\000i\000d\000a\000t\000e\000d\000\040\000E\000v\000a\000l\000u\000a\000t\000i\000o\000n\000\040\000a\000n\000d\000\040\000A\000c\000t\000i\000o\000n\000\040\000I\000m\000p\000r\000o\000v\000e\000m\000e\000n\000t}{}% 85
\BOOKMARK [2][-]{subsection.0.36.1}{\376\377\000A\000n\000\040\000e\000v\000a\000l\000u\000a\000t\000i\000o\000n\000\040\000r\000u\000l\000e\000\040\000w\000i\000t\000h\000\040\000a\000\040\000p\000r\000e\000s\000c\000r\000i\000b\000e\000d\000\040\000n\000o\000d\000a\000l\000\040\000e\000r\000r\000o\000r}{section.0.36}% 86
\BOOKMARK [2][-]{subsection.0.36.2}{\376\377\000S\000i\000g\000n\000e\000d\000\040\000e\000n\000c\000l\000o\000s\000u\000r\000e\000s\000\040\000f\000o\000r\000\040\000c\000o\000n\000t\000i\000n\000u\000o\000u\000s\000\040\000a\000c\000t\000i\000o\000n\000s}{section.0.36}% 87
\BOOKMARK [1][-]{section.0.37}{\376\377\000C\000o\000s\000t\000,\000\040\000R\000e\000f\000i\000n\000e\000m\000e\000n\000t\000,\000\040\000a\000n\000d\000\040\000E\000c\000o\000n\000o\000m\000i\000c\000\040\000A\000c\000c\000u\000r\000a\000c\000y}{}% 88
\BOOKMARK [2][-]{subsection.0.37.1}{\376\377\000A\000\040\000t\000i\000g\000h\000t\000e\000r\000\040\000c\000e\000r\000t\000i\000f\000i\000c\000a\000t\000e\000\040\000f\000o\000r\000\040\000i\000d\000e\000n\000t\000i\000c\000a\000l\000\040\000f\000r\000o\000z\000e\000n\000\040\000p\000o\000l\000i\000c\000i\000e\000s}{section.0.37}% 89
\BOOKMARK [2][-]{subsection.0.37.2}{\376\377\000T\000h\000e\000\040\000w\000h\000o\000l\000e\000-\000d\000o\000m\000a\000i\000n\000\040\000r\000e\000f\000i\000n\000e\000m\000e\000n\000t\000\040\000f\000a\000i\000l\000u\000r\000e\000\040\000a\000n\000d\000\040\000i\000t\000s\000\040\000r\000e\000p\000a\000i\000r}{section.0.37}% 90
\BOOKMARK [2][-]{subsection.0.37.3}{\376\377\000A\000\040\000m\000o\000d\000e\000l\000-\000s\000p\000e\000c\000i\000f\000i\000c\000\040\000w\000e\000l\000f\000a\000r\000e\000\040\000a\000c\000c\000o\000u\000n\000t}{section.0.37}% 91
\BOOKMARK [2][-]{subsection.0.37.4}{\376\377\000A\000\040\000g\000l\000o\000b\000a\000l\000\040\000b\000e\000n\000c\000h\000m\000a\000r\000k\000\040\000f\000o\000r\000\040\000t\000h\000e\000\040\000c\000o\000u\000p\000l\000e\000d\000\040\000c\000a\000p\000i\000t\000a\000l\000\040\000e\000c\000o\000n\000o\000m\000y}{section.0.37}% 92
\BOOKMARK [1][-]{section.0.38}{\376\377\000T\000r\000a\000i\000n\000i\000n\000g\000,\000\040\000D\000e\000p\000l\000o\000y\000m\000e\000n\000t\000,\000\040\000a\000n\000d\000\040\000C\000e\000r\000t\000i\000f\000i\000e\000d\000\040\000C\000a\000p\000i\000t\000a\000l\000\040\000A\000c\000c\000u\000r\000a\000c\000y}{}% 93
\BOOKMARK [2][-]{subsection.0.38.1}{\376\377\000A\000\040\000f\000i\000x\000e\000d\000\040\000p\000r\000o\000t\000o\000c\000o\000l\000\040\000w\000i\000t\000h\000\040\000s\000t\000r\000o\000n\000g\000\040\000c\000o\000m\000p\000a\000r\000a\000t\000o\000r\000s}{section.0.38}% 94
\BOOKMARK [2][-]{subsection.0.38.2}{\376\377\000C\000o\000n\000t\000i\000n\000u\000o\000u\000s\000-\000t\000i\000m\000e\000\040\000a\000c\000c\000u\000r\000a\000c\000y\000\040\000a\000n\000d\000\040\000i\000t\000s\000\040\000e\000c\000o\000n\000o\000m\000i\000c\000\040\000s\000c\000a\000l\000e}{section.0.38}% 95
\BOOKMARK [2][-]{subsection.0.38.3}{\376\377\000W\000h\000a\000t\000\040\000i\000s\000\040\000l\000e\000a\000r\000n\000e\000d\000,\000\040\000a\000n\000d\000\040\000w\000h\000a\000t\000\040\000i\000s\000\040\000g\000u\000a\000r\000a\000n\000t\000e\000e\000d}{section.0.38}% 96
\BOOKMARK [1][-]{section.0.39}{\376\377\000P\000r\000i\000o\000r\000\040\000C\000o\000n\000c\000l\000u\000d\000i\000n\000g\000\040\000D\000i\000s\000c\000u\000s\000s\000i\000o\000n\000\040\000\050\000R\0001\0000\000\051}{}% 97
\BOOKMARK [1][-]{appendix.A}{\376\377\000A\000p\000p\000e\000n\000d\000i\000x\000\040\000A\000:\000\040\000P\000r\000o\000o\000f\000s}{}% 98
\BOOKMARK [2][-]{subsection.A.1}{\376\377\000P\000r\000o\000o\000f\000\040\000o\000f\000\040\000T\000h\000e\000o\000r\000e\000m\000\040\0002}{appendix.A}% 99
\BOOKMARK [2][-]{subsection.A.2}{\376\377\000E\000x\000a\000c\000t\000\040\000p\000o\000l\000i\000c\000y\000\040\000i\000m\000p\000r\000o\000v\000e\000m\000e\000n\000t}{appendix.A}% 100
\BOOKMARK [2][-]{subsection.A.3}{\376\377\000P\000r\000o\000o\000f\000\040\000o\000f\000\040\000T\000h\000e\000o\000r\000e\000m\000\040\0003}{appendix.A}% 101
\BOOKMARK [2][-]{subsection.A.4}{\376\377\000P\000r\000o\000o\000f\000\040\000o\000f\000\040\000T\000h\000e\000o\000r\000e\000m\000\040\0004}{appendix.A}% 102
\BOOKMARK [2][-]{subsection.A.5}{\376\377\000F\000i\000n\000i\000t\000e\000-\000h\000o\000r\000i\000z\000o\000n\000\040\000B\000e\000l\000l\000m\000a\000n\000\040\000e\000r\000r\000o\000r\000\040\000a\000c\000c\000u\000m\000u\000l\000a\000t\000i\000o\000n}{appendix.A}% 103
\BOOKMARK [2][-]{subsection.A.6}{\376\377\000D\000e\000r\000i\000v\000a\000t\000i\000o\000n\000\040\000o\000f\000\040\000t\000h\000e\000\040\000t\000e\000m\000p\000o\000r\000a\000l\000-\000s\000e\000l\000f\000\040\000c\000o\000n\000d\000i\000t\000i\000o\000n}{appendix.A}% 104
\BOOKMARK [1][-]{appendix.B}{\376\377\000A\000p\000p\000e\000n\000d\000i\000x\000\040\000B\000:\000\040\000P\000r\000o\000o\000f\000s\000\040\000f\000o\000r\000\040\000t\000h\000e\000\040\000G\000u\000a\000r\000d\000e\000d\000\040\000a\000n\000d\000\040\000S\000i\000g\000n\000e\000d\000\040\000M\000a\000p}{}% 105
\BOOKMARK [2][-]{subsection.B.1}{\376\377\000P\000r\000o\000o\000f\000\040\000o\000f\000\040\000P\000r\000o\000p\000o\000s\000i\000t\000i\000o\000n\000\040\0002}{appendix.B}% 106
\BOOKMARK [2][-]{subsection.B.2}{\376\377\000P\000r\000o\000o\000f\000\040\000o\000f\000\040\000T\000h\000e\000o\000r\000e\000m\000\040\0003}{appendix.B}% 107
\BOOKMARK [2][-]{subsection.B.3}{\376\377\000D\000e\000r\000i\000v\000a\000t\000i\000v\000e\000\040\000h\000u\000l\000l\000s\000\040\000f\000o\000r\000\040\000t\000h\000e\000\040\000p\000r\000e\000f\000e\000r\000e\000n\000c\000e\000\040\000e\000c\000o\000n\000o\000m\000y}{appendix.B}% 108
\BOOKMARK [2][-]{subsection.B.4}{\376\377\000P\000r\000o\000o\000f\000\040\000o\000f\000\040\000P\000r\000o\000p\000o\000s\000i\000t\000i\000o\000n\000\040\0004}{appendix.B}% 109
\BOOKMARK [2][-]{subsection.B.5}{\376\377\000C\000o\000m\000p\000e\000n\000s\000a\000t\000i\000o\000n\000\040\000a\000n\000d\000\040\000a\000r\000i\000t\000h\000m\000e\000t\000i\000c\000\040\000s\000c\000o\000p\000e}{appendix.B}% 110
\BOOKMARK [1][-]{appendix.C}{\376\377\000A\000p\000p\000e\000n\000d\000i\000x\000\040\000C\000:\000\040\000P\000r\000o\000o\000f\000\040\000o\000f\000\040\000t\000h\000e\000\040\000C\000o\000n\000t\000i\000n\000u\000o\000u\000s\000-\000C\000a\000p\000i\000t\000a\000l\000\040\000G\000u\000a\000r\000a\000n\000t\000e\000e}{}% 111
\BOOKMARK [2][-]{subsection.C.1}{\376\377\000L\000o\000g\000a\000r\000i\000t\000h\000m\000i\000c\000\040\000t\000a\000n\000g\000e\000n\000t\000\040\000r\000e\000m\000a\000i\000n\000d\000e\000r}{appendix.C}% 112
\BOOKMARK [2][-]{subsection.C.2}{\376\377\000S\000y\000n\000c\000h\000r\000o\000n\000o\000u\000s\000\040\000c\000o\000m\000p\000a\000r\000i\000s\000o\000n\000\040\000a\000n\000d\000\040\000b\000a\000s\000e\000l\000i\000n\000e\000\040\000m\000o\000m\000e\000n\000t\000s}{appendix.C}% 113
\BOOKMARK [2][-]{subsection.C.3}{\376\377\000A\000n\000\040\000e\000x\000a\000c\000t\000\040\000p\000a\000y\000o\000f\000f\000-\000d\000i\000f\000f\000e\000r\000e\000n\000c\000e\000\040\000i\000d\000e\000n\000t\000i\000t\000y}{appendix.C}% 114
\BOOKMARK [2][-]{subsection.C.4}{\376\377\000I\000n\000t\000e\000r\000v\000a\000l\000\040\000s\000p\000e\000c\000t\000r\000a\000l\000\040\000a\000n\000d\000\040\000d\000e\000p\000l\000o\000y\000m\000e\000n\000t\000\040\000c\000h\000e\000c\000k\000s}{appendix.C}% 115
\BOOKMARK [1][-]{appendix.D}{\376\377\000A\000p\000p\000e\000n\000d\000i\000x\000\040\000D\000:\000\040\000R\000e\000p\000l\000i\000c\000a\000t\000i\000o\000n\000\040\000a\000n\000d\000\040\000S\000c\000o\000p\000e\000\040\000o\000f\000\040\000N\000u\000m\000e\000r\000i\000c\000a\000l\000\040\000E\000v\000i\000d\000e\000n\000c\000e}{}% 116
\BOOKMARK [2][-]{paragraph.D.0.0.1}{\376\377\000R\0009\000\040\000r\000e\000v\000i\000s\000i\000o\000n\000\040\000r\000e\000c\000o\000r\000d\000.}{appendix.D}% 117
\BOOKMARK [3][-]{paragraph.D.0.0.2}{\376\377\000R\0001\0000\000\040\000r\000e\000v\000i\000s\000i\000o\000n\000\040\000r\000e\000c\000o\000r\000d\000.}{paragraph.D.0.0.1}% 118
\BOOKMARK [1][-]{appendix.E}{\376\377\000R\0001\0001\000\040\000C\000o\000m\000p\000l\000e\000t\000e\000\040\000N\000u\000m\000e\000r\000i\000c\000a\000l\000\040\000R\000e\000c\000o\000r\000d}{}% 119
\BOOKMARK [1][-]{appendix.F}{\376\377\000E\000a\000r\000l\000i\000e\000r\000\040\000L\000e\000a\000r\000n\000i\000n\000g\000\040\000a\000n\000d\000\040\000E\000x\000p\000e\000r\000i\000m\000e\000n\000t\000a\000l\000\040\000R\000e\000c\000o\000r\000d}{}% 120
\BOOKMARK [1][-]{appendix.G}{\376\377\000B\000e\000l\000l\000m\000a\000n\000\040\000E\000v\000a\000l\000u\000a\000t\000i\000o\000n\000\040\000w\000i\000t\000h\000\040\000C\000o\000s\000t\000a\000t\000e\000\040\000T\000a\000r\000g\000e\000t\000s}{}% 121
\BOOKMARK [2][-]{subsection.G.1}{\376\377\000C\000o\000m\000p\000a\000r\000i\000s\000o\000n\000\040\000a\000n\000d\000\040\000s\000e\000l\000e\000c\000t\000i\000o\000n}{appendix.G}% 122
\BOOKMARK [1][-]{appendix.H}{\376\377\000T\000h\000e\000\040\000E\000c\000o\000n\000o\000m\000i\000c\000\040\000V\000a\000l\000u\000e\000\040\000o\000f\000\040\000S\000t\000a\000t\000e\000-\000D\000e\000p\000e\000n\000d\000e\000n\000t\000\040\000C\000o\000n\000s\000u\000m\000p\000t\000i\000o\000n}{}% 123
\BOOKMARK [2][-]{subsection.H.1}{\376\377\000D\000e\000s\000i\000g\000n\000\040\000a\000n\000d\000\040\000p\000r\000i\000m\000a\000r\000y\000\040\000e\000v\000i\000d\000e\000n\000c\000e}{appendix.H}% 124
\BOOKMARK [2][-]{subsection.H.2}{\376\377\000A\000c\000c\000u\000r\000a\000c\000y\000,\000\040\000c\000o\000s\000t\000,\000\040\000a\000n\000d\000\040\000t\000h\000e\000\040\000r\000o\000l\000e\000\040\000o\000f\000\040\000t\000r\000a\000i\000n\000i\000n\000g}{appendix.H}% 125
\BOOKMARK [2][-]{subsection.H.3}{\376\377\000E\000c\000o\000n\000o\000m\000i\000c\000\040\000n\000o\000r\000m\000a\000l\000i\000z\000a\000t\000i\000o\000n\000\040\000a\000n\000d\000\040\000s\000t\000r\000e\000s\000s}{appendix.H}% 126
\BOOKMARK [2][-]{subsection.H.4}{\376\377\000C\000o\000n\000n\000e\000c\000t\000i\000o\000n\000\040\000t\000o\000\040\000t\000h\000e\000\040\000o\000t\000h\000e\000r\000\040\000e\000c\000o\000n\000o\000m\000i\000c\000\040\000a\000p\000p\000l\000i\000c\000a\000t\000i\000o\000n\000s}{appendix.H}% 127
\BOOKMARK [1][-]{bibliography-section.1}{\376\377\000R\000e\000f\000e\000r\000e\000n\000c\000e\000s}{}% 128
