1/1 feasible solution given by solution candidate storage, new primal bound 1.686744e+01

presolving:
(round 1, fast)       0 del vars, 14979 del conss, 0 add conss, 515 chg bounds, 0 chg sides, 0 chg coeffs, 0 upgd conss, 0 impls, 0 clqs, 0 implints
(round 2, fast)       0 del vars, 15024 del conss, 0 add conss, 654 chg bounds, 0 chg sides, 0 chg coeffs, 0 upgd conss, 0 impls, 0 clqs, 0 implints
(round 3, exhaustive) 0 del vars, 16158 del conss, 0 add conss, 654 chg bounds, 1134 chg sides, 0 chg coeffs, 0 upgd conss, 0 impls, 0 clqs, 0 implints
   (0.9s) symmetry computation started: requiring (bin +, int +, cont +), (fixed: bin -, int -, cont -)
   (1.0s) no symmetry present (symcode time: 0.01)
presolving (4 rounds: 4 fast, 2 medium, 2 exhaustive):
 0 deleted vars, 16158 deleted constraints, 0 added constraints, 654 tightened bounds, 0 added holes, 1134 changed sides, 0 changed coefficients
 0 implications, 0 cliques, 0 implied integral variables (0 bin, 0 int, 0 cont)
presolved problem has 2560 variables (0 bin, 0 int, 2560 cont) and 4322 constraints
   3330 constraints of type <linear>
    992 constraints of type <nonlinear>
Presolving Time: 0.95
transformed 1/1 original solutions to the transformed problem space

 time | node  | left  |LP iter|LP it/n|mem/heur|mdpt |vars |cons |rows |cuts |sepa|confs|strbr|  dualbound   | primalbound  |  gap   | compl. 
 11.0s|     1 |     0 | 17548 |     - |   120M |   0 |  14k|4322 |  21k|   0 |  0 |   0 |   0 | 1.605673e+01 | 1.686744e+01 |   5.05%| unknown
L25.3s|     1 |     0 | 17548 |     - |  subnlp|   0 |  14k|4322 |  21k|   0 |  0 |   0 |   0 | 1.605673e+01 | 1.636585e+01 |   1.93%| unknown
 28.4s|     1 |     0 | 26221 |     - |   140M |   0 |  14k|4322 |  23k|2000 |  1 |   0 |   0 | 1.617123e+01 | 1.636585e+01 |   1.20%| unknown
 29.5s|     1 |     0 | 29307 |     - |   140M |   0 |  14k|4322 |  25k|4000 |  2 |   0 |   0 | 1.628929e+01 | 1.636585e+01 |   0.47%| unknown
 30.0s|     1 |     0 | 30756 |     - |   140M |   0 |  14k|4322 |  25k|4705 |  3 |   0 |   0 | 1.631360e+01 | 1.636585e+01 |   0.32%| unknown
 30.0s|     1 |     0 | 30764 |     - |   140M |   0 |  14k|4322 |  25k|4713 |  4 |   0 |   0 | 1.631382e+01 | 1.636585e+01 |   0.32%| unknown
 30.0s|     1 |     0 | 30766 |     - |   140M |   0 |  14k|4322 |  25k|4714 |  5 |   0 |   0 | 1.631382e+01 | 1.636585e+01 |   0.32%| unknown

SCIP Status        : solving was interrupted [time limit reached]
Solving Time (sec) : 115.38
Solving Nodes      : 1
Primal Bound       : +1.63658527903672e+01 (2 solutions)
Dual Bound         : +1.63138210260961e+01
Gap                : 0.32 %
