1/1 feasible solution given by solution candidate storage, new primal bound 1.133565e+01

presolving:
(round 1, fast)       5 del vars, 3296 del conss, 0 add conss, 68 chg bounds, 0 chg sides, 0 chg coeffs, 0 upgd conss, 0 impls, 0 clqs, 0 implints
(round 2, fast)       5 del vars, 3297 del conss, 0 add conss, 74 chg bounds, 0 chg sides, 0 chg coeffs, 0 upgd conss, 0 impls, 0 clqs, 0 implints
(round 3, exhaustive) 5 del vars, 4166 del conss, 0 add conss, 77 chg bounds, 869 chg sides, 0 chg coeffs, 0 upgd conss, 0 impls, 0 clqs, 0 implints
   (0.2s) symmetry computation started: requiring (bin +, int +, cont +), (fixed: bin -, int -, cont -)
   (0.2s) symmetry computation finished: 80 generators found (max: 1500, log10 of symmetry group size: 29.72) (symcode time: 0.00)
dynamic symmetry handling statistics:
   orbitopal reduction:       no components
   orbital reduction:         no components
   lexicographic reduction:   no permutations
handled 48 out of 48 symmetry components
(round 4, exhaustive) 5 del vars, 4166 del conss, 80 add conss, 80 chg bounds, 869 chg sides, 0 chg coeffs, 0 upgd conss, 0 impls, 0 clqs, 0 implints
presolving (5 rounds: 5 fast, 3 medium, 3 exhaustive):
 5 deleted vars, 4166 deleted constraints, 80 added constraints, 80 tightened bounds, 0 added holes, 869 changed sides, 0 changed coefficients
 0 implications, 0 cliques, 0 implied integral variables (0 bin, 0 int, 0 cont)
presolved problem has 635 variables (0 bin, 0 int, 635 cont) and 778 constraints
    568 constraints of type <linear>
    210 constraints of type <nonlinear>
Presolving Time: 0.21
transformed 1/1 original solutions to the transformed problem space

 time | node  | left  |LP iter|LP it/n|mem/heur|mdpt |vars |cons |rows |cuts |sepa|confs|strbr|  dualbound   | primalbound  |  gap   | compl. 
  0.5s|     1 |     0 |  3942 |     - |    37M |   0 |3449 | 778 |4616 |   0 |  0 |   0 |   0 | 1.102275e+01 | 1.133565e+01 |   2.84%| unknown
L 1.3s|     1 |     0 |  3942 |     - |  subnlp|   0 |3449 | 778 |4616 |   0 |  0 |   0 |   0 | 1.102275e+01 | 1.123589e+01 |   1.93%| unknown
  1.5s|     1 |     0 |  5988 |     - |    43M |   0 |3449 | 778 |5908 |1292 |  1 |   0 |   0 | 1.112752e+01 | 1.123589e+01 |   0.97%| unknown
  1.5s|     1 |     0 |  5988 |     - |    43M |   0 |3449 | 778 |5908 |1292 |  1 |   0 |   0 | 1.112752e+01 | 1.123589e+01 |   0.97%| unknown
  1.6s|     1 |     0 |  6565 |     - |    44M |   0 |3449 | 778 |6123 |1507 |  2 |   0 |   0 | 1.122103e+01 | 1.123589e+01 |   0.13%| unknown
  1.6s|     1 |     0 |  6611 |     - |    44M |   0 |3449 | 778 |6131 |1515 |  3 |   0 |   0 | 1.122107e+01 | 1.123589e+01 |   0.13%| unknown
 16.6s|     1 |     0 |146103 |     - |    49M |   0 |3449 | 751 |6131 |1515 |  4 |   0 |   0 | 1.122107e+01 | 1.123589e+01 |   0.13%| unknown
 16.6s|     1 |     0 |146304 |     - |    49M |   0 |3449 | 751 |6209 |1593 |  5 |   0 |   0 | 1.122174e+01 | 1.123589e+01 |   0.13%| unknown
 16.6s|     1 |     0 |146331 |     - |    49M |   0 |3449 | 751 |6227 |1611 |  6 |   0 |   0 | 1.122174e+01 | 1.123589e+01 |   0.13%| unknown
 16.6s|     1 |     0 |146338 |     - |    49M |   0 |3449 | 751 |6231 |1615 |  7 |   0 |   0 | 1.122174e+01 | 1.123589e+01 |   0.13%| unknown
 16.6s|     1 |     0 |146340 |     - |    49M |   0 |3449 | 751 |6233 |1617 |  8 |   0 |   0 | 1.122174e+01 | 1.123589e+01 |   0.13%| unknown
 35.3s|     1 |     0 |308383 |     - |    52M |   0 |3449 | 722 |6233 |1617 |  9 |   0 |   0 | 1.122174e+01 | 1.123589e+01 |   0.13%| unknown
 35.4s|     1 |     0 |308851 |     - |    52M |   0 |3449 | 722 |6392 |1776 | 10 |   0 |   0 | 1.122887e+01 | 1.123589e+01 |   0.06%| unknown
 35.4s|     1 |     0 |309013 |     - |    52M |   0 |3449 | 722 |3354 |1839 | 11 |   0 |   0 | 1.122932e+01 | 1.123589e+01 |   0.06%| unknown
 35.4s|     1 |     0 |309020 |     - |    52M |   0 |3449 | 722 |3357 |1842 | 12 |   0 |   0 | 1.122932e+01 | 1.123589e+01 |   0.06%| unknown
 time | node  | left  |LP iter|LP it/n|mem/heur|mdpt |vars |cons |rows |cuts |sepa|confs|strbr|  dualbound   | primalbound  |  gap   | compl. 
 38.1s|     1 |     2 |320008 |     - |    54M |   0 |3449 | 722 |3357 |1842 | 13 |   0 |   0 | 1.122932e+01 | 1.123589e+01 |   0.06%| unknown
 40.3s|   100 |   101 |327523 |3105.3 |    64M |  12 |3449 | 722 |2889 |4927 |  2 |   0 |   0 | 1.123114e+01 | 1.123589e+01 |   0.04%| unknown
 42.2s|   200 |   201 |334626 |1580.5 |    66M |  15 |3449 | 722 |2805 |7755 |  2 |   0 |   0 | 1.123139e+01 | 1.123589e+01 |   0.04%| unknown
 43.8s|   300 |   301 |339757 |1069.1 |    67M |  19 |3449 | 722 |2975 |  10k|  2 |   0 |   0 | 1.123146e+01 | 1.123589e+01 |   0.04%| unknown
 45.5s|   400 |   401 |343818 | 811.3 |    70M |  22 |3449 | 722 |3034 |  12k|  2 |   0 |   0 | 1.123148e+01 | 1.123589e+01 |   0.04%| unknown
 47.1s|   500 |   501 |348129 | 657.4 |    72M |  22 |3449 | 722 |2826 |  14k|  3 |   0 |   0 | 1.123157e+01 | 1.123589e+01 |   0.04%| unknown
 48.8s|   600 |   601 |351533 | 553.3 |    73M |  22 |3449 | 722 |2861 |  16k|  2 |   0 |   0 | 1.123157e+01 | 1.123589e+01 |   0.04%| unknown
 50.3s|   700 |   701 |356119 | 480.7 |    76M |  22 |3449 | 722 |2863 |  18k|  3 |   0 |   0 | 1.123160e+01 | 1.123589e+01 |   0.04%| unknown
 51.9s|   800 |   801 |362197 | 428.2 |    77M |  22 |3449 | 722 |2875 |  20k|  2 |   0 |   0 | 1.123166e+01 | 1.123589e+01 |   0.04%| unknown
 53.6s|   900 |   901 |367845 | 386.8 |    79M |  22 |3449 | 722 |2929 |  22k|  3 |   0 |   0 | 1.123171e+01 | 1.123589e+01 |   0.04%| unknown
 55.2s|  1000 |  1001 |372963 | 353.2 |    80M |  22 |3449 | 722 |2885 |  25k|  2 |   0 |   0 | 1.123177e+01 | 1.123589e+01 |   0.04%| unknown
 56.8s|  1100 |  1101 |377458 | 325.2 |    82M |  22 |3449 | 722 |2875 |  26k|  2 |   0 |   0 | 1.123180e+01 | 1.123589e+01 |   0.04%| unknown
 58.5s|  1200 |  1201 |382955 | 302.6 |    84M |  22 |3449 | 722 |2887 |  29k|  3 |   0 |   0 | 1.123181e+01 | 1.123589e+01 |   0.04%| unknown
 60.1s|  1300 |  1301 |389020 | 284.0 |    85M |  22 |3449 | 722 |2880 |  31k|  3 |   0 |   0 | 1.123185e+01 | 1.123589e+01 |   0.04%| unknown
 61.7s|  1400 |  1401 |394086 | 267.3 |    87M |  22 |3449 | 722 |2954 |  33k|  3 |   0 |   0 | 1.123185e+01 | 1.123589e+01 |   0.04%| unknown
 time | node  | left  |LP iter|LP it/n|mem/heur|mdpt |vars |cons |rows |cuts |sepa|confs|strbr|  dualbound   | primalbound  |  gap   | compl. 
 63.3s|  1500 |  1501 |399171 | 252.9 |    89M |  22 |3449 | 722 |2953 |  35k|  3 |   0 |   0 | 1.123185e+01 | 1.123589e+01 |   0.04%| unknown
 65.0s|  1600 |  1599 |404531 | 240.4 |    91M |  22 |3449 | 722 |2896 |  38k|  2 |   0 |   0 | 1.123191e+01 | 1.123589e+01 |   0.04%| unknown
 66.6s|  1700 |  1699 |410888 | 230.0 |    93M |  22 |3449 | 722 |2925 |  40k|  2 |   0 |   0 | 1.123192e+01 | 1.123589e+01 |   0.04%| unknown
 68.3s|  1800 |  1799 |416818 | 220.5 |    95M |  22 |3449 | 722 |2888 |  42k|  2 |   0 |   0 | 1.123196e+01 | 1.123589e+01 |   0.04%| unknown
 69.8s|  1900 |  1897 |422212 | 211.7 |    96M |  22 |3449 | 722 |2920 |  44k|  2 |   0 |   0 | 1.123197e+01 | 1.123589e+01 |   0.03%| unknown
 71.3s|  2000 |  1997 |426930 | 203.5 |    99M |  22 |3449 | 722 |2906 |  46k|  3 |   0 |   0 | 1.123198e+01 | 1.123589e+01 |   0.03%| unknown

SCIP Status        : solving was interrupted [node limit reached]
Solving Time (sec) : 71.99
Solving Nodes      : 2047
Primal Bound       : +1.12358905972930e+01 (5 solutions)
Dual Bound         : +1.12319954654232e+01
Gap                : 0.03 %
  [linear] <c4002>: <S_13_1>[C] (-3.33028423e-10) +16<D_13_1>[C] (-7.48582533e-11) >= 0;
;
violation: left hand side is violated by 1.5307604759179e-09
best solution is not feasible in original problem
