{
  "status": "passed",
  "distinct_actors": 5,
  "aliases": 32,
  "bounds": [
    {
      "policy": "2cc41f05e476",
      "bound": 0.07175185069180287,
      "unclipped": 0.07175185069180287,
      "modes": [
        "relu-native",
        "relu-screened"
      ]
    },
    {
      "policy": "3f2668fe4f2e",
      "bound": 0.07175185069180287,
      "unclipped": 0.07175185069180287,
      "modes": [
        "common-only",
        "quadratic-native"
      ]
    },
    {
      "policy": "4e5b6e263567",
      "bound": 0.30329645212032413,
      "unclipped": 0.30329645212032413,
      "modes": [
        "relu-native",
        "relu-screened"
      ]
    },
    {
      "policy": "718597a76584",
      "bound": 0.06777649624395034,
      "unclipped": 0.06777649624395034,
      "modes": [
        "relu-native",
        "relu-screened"
      ]
    },
    {
      "policy": "a06e05ba7d07",
      "bound": 0.30329645212032413,
      "unclipped": 0.30329645212032413,
      "modes": [
        "common-only",
        "quadratic-native",
        "relu-native",
        "relu-screened"
      ]
    }
  ],
  "replay": true
}
