\BOOKMARK [1][-]{section.0.1}{\376\377\000I\000n\000t\000r\000o\000d\000u\000c\000t\000i\000o\000n}{}% 1
\BOOKMARK [2][-]{subsection.0.1.1}{\376\377\000R\000e\000l\000a\000t\000i\000o\000n\000\040\000t\000o\000\040\000t\000h\000e\000\040\000l\000i\000t\000e\000r\000a\000t\000u\000r\000e}{section.0.1}% 2
\BOOKMARK [2][-]{subsection.0.1.2}{\376\377\000C\000o\000n\000t\000i\000n\000u\000a\000t\000i\000o\000n\000\040\000a\000p\000p\000r\000o\000x\000i\000m\000a\000t\000i\000o\000n\000\040\000a\000n\000d\000\040\000t\000h\000e\000\040\000c\000o\000n\000t\000r\000i\000b\000u\000t\000i\000o\000n\000\040\000o\000f\000\040\000N\000B\000O}{section.0.1}% 3
\BOOKMARK [1][-]{section.0.2}{\376\377\000E\000c\000o\000n\000o\000m\000i\000c\000\040\000D\000e\000c\000i\000s\000i\000o\000n\000s\000\040\000a\000n\000d\000\040\000A\000c\000c\000u\000r\000a\000c\000y\000\040\000T\000a\000r\000g\000e\000t\000s}{}% 4
\BOOKMARK [1][-]{section.0.3}{\376\377\000F\000r\000o\000m\000\040\000a\000\040\000L\000e\000a\000r\000n\000e\000d\000\040\000C\000o\000n\000t\000i\000n\000u\000a\000t\000i\000o\000n\000\040\000t\000o\000\040\000E\000c\000o\000n\000o\000m\000i\000c\000\040\000A\000c\000c\000u\000r\000a\000c\000y}{}% 5
\BOOKMARK [2][-]{subsection.0.3.1}{\376\377\000C\000e\000n\000t\000e\000r\000e\000d\000\040\000a\000p\000p\000r\000o\000x\000i\000m\000a\000t\000i\000o\000n\000\040\000e\000r\000r\000o\000r\000\040\000a\000n\000d\000\040\000t\000h\000e\000\040\000s\000e\000l\000e\000c\000t\000e\000d\000\040\000d\000e\000c\000i\000s\000i\000o\000n}{section.0.3}% 6
\BOOKMARK [2][-]{subsection.0.3.2}{\376\377\000A\000\040\000n\000o\000n\000t\000r\000i\000v\000i\000a\000l\000\040\000r\000e\000u\000s\000e\000\040\000r\000e\000g\000i\000o\000n\000\040\000w\000h\000e\000n\000\040\000t\000h\000e\000\040\000f\000u\000t\000u\000r\000e\000\040\000c\000h\000a\000n\000g\000e\000s}{section.0.3}% 7
\BOOKMARK [2][-]{subsection.0.3.3}{\376\377\000A\000n\000\040\000e\000x\000p\000l\000i\000c\000i\000t\000\040\000a\000m\000o\000r\000t\000i\000z\000a\000t\000i\000o\000n\000\040\000c\000l\000a\000s\000s}{section.0.3}% 8
\BOOKMARK [2][-]{subsection.0.3.4}{\376\377\000A\000c\000t\000u\000a\000l\000\040\000s\000t\000o\000p\000p\000i\000n\000g\000\040\000a\000n\000d\000\040\000t\000h\000e\000\040\000a\000m\000o\000r\000t\000i\000z\000a\000t\000i\000o\000n\000\040\000t\000h\000r\000e\000s\000h\000o\000l\000d}{section.0.3}% 9
\BOOKMARK [1][-]{section.0.4}{\376\377\000F\000r\000o\000m\000\040\000C\000u\000r\000r\000e\000n\000t\000\040\000D\000e\000c\000i\000s\000i\000o\000n\000s\000\040\000t\000o\000\040\000P\000o\000l\000i\000c\000y\000\040\000A\000c\000c\000u\000r\000a\000c\000y}{}% 10
\BOOKMARK [2][-]{paragraph.0.4.0.0.1}{\376\377\000R\000e\000l\000a\000t\000i\000o\000n\000\040\000t\000o\000\040\000t\000h\000e\000\040\000c\000o\000n\000t\000i\000n\000u\000o\000u\000s\000\040\000e\000c\000o\000n\000o\000m\000y\000\040\000a\000n\000d\000\040\000s\000t\000r\000a\000t\000e\000g\000i\000c\000\040\000a\000p\000p\000l\000i\000c\000a\000t\000i\000o\000n\000s\000.}{section.0.4}% 11
\BOOKMARK [2][-]{subsection.0.4.1}{\376\377\000A\000l\000l\000o\000c\000a\000t\000i\000n\000g\000\040\000c\000o\000m\000p\000u\000t\000a\000t\000i\000o\000n\000\040\000a\000c\000r\000o\000s\000s\000\040\000d\000a\000t\000e\000s}{section.0.4}% 12
\BOOKMARK [1][-]{section.0.5}{\376\377\000T\000h\000e\000\040\000C\000o\000n\000t\000r\000o\000l\000l\000e\000d\000\040\000E\000c\000o\000n\000o\000m\000y}{}% 13
\BOOKMARK [2][-]{subsection.0.5.1}{\376\377\000I\000n\000f\000i\000n\000i\000t\000e\000\040\000h\000o\000r\000i\000z\000o\000n\000\040\000a\000n\000d\000\040\000e\000c\000o\000n\000o\000m\000i\000c\000\040\000n\000o\000r\000m\000a\000l\000i\000z\000a\000t\000i\000o\000n}{section.0.5}% 14
\BOOKMARK [1][-]{section.0.6}{\376\377\000N\000e\000u\000r\000a\000l\000\040\000B\000e\000l\000l\000m\000a\000n\000\040\000O\000p\000e\000r\000a\000t\000o\000r\000s}{}% 15
\BOOKMARK [2][-]{subsection.0.6.1}{\376\377\000F\000e\000a\000s\000i\000b\000i\000l\000i\000t\000y\000\040\000a\000n\000d\000\040\000b\000o\000u\000n\000d\000a\000r\000y\000\040\000d\000a\000t\000a}{section.0.6}% 16
\BOOKMARK [2][-]{subsection.0.6.2}{\376\377\000T\000h\000e\000\040\000b\000l\000o\000c\000k\000-\000s\000p\000e\000c\000i\000f\000i\000c\000\040\000c\000o\000m\000p\000u\000t\000a\000t\000i\000o\000n\000a\000l\000\040\000g\000r\000a\000p\000h}{section.0.6}% 17
\BOOKMARK [2][-]{subsection.0.6.3}{\376\377\000R\000o\000l\000l\000o\000u\000t\000\040\000a\000n\000d\000\040\000c\000o\000s\000t\000a\000t\000e\000\040\000e\000v\000a\000l\000u\000a\000t\000i\000o\000n}{section.0.6}% 18
\BOOKMARK [2][-]{subsection.0.6.4}{\376\377\000T\000h\000e\000\040\000i\000m\000p\000l\000e\000m\000e\000n\000t\000e\000d\000\040\000m\000a\000p\000\040\000a\000n\000d\000\040\000i\000t\000s\000\040\000v\000e\000r\000i\000f\000i\000c\000a\000t\000i\000o\000n\000\040\000o\000u\000t\000p\000u\000t}{section.0.6}% 19
\BOOKMARK [1][-]{section.0.7}{\376\377\000E\000c\000o\000n\000o\000m\000i\000c\000\040\000V\000a\000l\000u\000e\000\040\000a\000n\000d\000\040\000C\000o\000m\000p\000u\000t\000a\000t\000i\000o\000n\000a\000l\000\040\000W\000o\000r\000k}{}% 20
\BOOKMARK [2][-]{subsection.0.7.1}{\376\377\000T\000h\000e\000\040\000v\000a\000l\000u\000e\000\040\000o\000f\000\040\000a\000\040\000r\000e\000u\000s\000a\000b\000l\000e\000\040\000c\000o\000n\000t\000i\000n\000u\000a\000t\000i\000o\000n}{section.0.7}% 21
\BOOKMARK [2][-]{subsection.0.7.2}{\376\377\000I\000n\000d\000e\000p\000e\000n\000d\000e\000n\000t\000\040\000p\000a\000y\000o\000f\000f\000\040\000c\000o\000n\000f\000i\000r\000m\000a\000t\000i\000o\000n}{section.0.7}% 22
\BOOKMARK [2][-]{subsection.0.7.3}{\376\377\000S\000t\000r\000e\000n\000g\000t\000h\000e\000n\000e\000d\000\040\000n\000e\000u\000r\000a\000l\000-\000H\000J\000B\000\040\000c\000o\000m\000p\000a\000r\000i\000s\000o\000n}{section.0.7}% 23
\BOOKMARK [2][-]{subsection.0.7.4}{\376\377\000A\000\040\000p\000r\000o\000s\000p\000e\000c\000t\000i\000v\000e\000\040\000s\000i\000g\000n\000e\000d\000\040\000o\000c\000c\000u\000p\000a\000t\000i\000o\000n\000\040\000a\000c\000c\000o\000u\000n\000t}{section.0.7}% 24
\BOOKMARK [1][-]{section.0.8}{\376\377\000P\000r\000o\000s\000p\000e\000c\000t\000i\000v\000e\000\040\000W\000o\000r\000k\000\040\000t\000o\000\040\000a\000n\000\040\000E\000c\000o\000n\000o\000m\000i\000c\000\040\000T\000o\000l\000e\000r\000a\000n\000c\000e}{}% 25
\BOOKMARK [2][-]{subsection.0.8.1}{\376\377\000T\000e\000m\000p\000o\000r\000a\000r\000y\000\040\000w\000i\000t\000h\000d\000r\000a\000w\000a\000l\000\040\000c\000h\000a\000r\000g\000e\000s\000\040\000i\000n\000\040\000t\000h\000e\000\040\000c\000a\000p\000i\000t\000a\000l\000\040\000e\000c\000o\000n\000o\000m\000y}{section.0.8}% 26
\BOOKMARK [2][-]{subsection.0.8.2}{\376\377\000F\000r\000o\000z\000e\000n\000\040\000p\000r\000o\000c\000e\000d\000u\000r\000e\000s\000,\000\040\000s\000t\000o\000p\000p\000i\000n\000g\000,\000\040\000a\000n\000d\000\040\000i\000n\000f\000o\000r\000m\000a\000t\000i\000o\000n\000\040\000r\000i\000g\000h\000t\000s}{section.0.8}% 27
\BOOKMARK [2][-]{subsection.0.8.3}{\376\377\000C\000o\000m\000p\000l\000e\000t\000e\000\040\000a\000c\000c\000u\000r\000a\000c\000y\000\040\000a\000n\000d\000\040\000w\000o\000r\000k\000\040\000r\000e\000s\000u\000l\000t\000s}{section.0.8}% 28
\BOOKMARK [2][-]{subsection.0.8.4}{\376\377\000S\000y\000m\000m\000e\000t\000r\000i\000c\000\040\000p\000r\000e\000d\000i\000c\000t\000i\000o\000n\000\040\000a\000n\000d\000\040\000d\000e\000c\000i\000s\000i\000o\000n\000\040\000d\000i\000a\000g\000n\000o\000s\000t\000i\000c\000s}{section.0.8}% 29
\BOOKMARK [1][-]{section.0.9}{\376\377\000D\000e\000c\000i\000s\000i\000o\000n\000s\000\040\000W\000h\000e\000n\000\040\000t\000h\000e\000\040\000E\000v\000a\000l\000u\000a\000t\000e\000d\000\040\000F\000u\000t\000u\000r\000e\000\040\000C\000h\000a\000n\000g\000e\000s}{}% 30
\BOOKMARK [2][-]{subsection.0.9.1}{\376\377\000E\000c\000o\000n\000o\000m\000i\000c\000\040\000d\000e\000s\000i\000g\000n\000\040\000a\000n\000d\000\040\000f\000r\000o\000z\000e\000n\000\040\000s\000e\000r\000v\000i\000c\000e\000\040\000r\000u\000l\000e\000s}{section.0.9}% 31
\BOOKMARK [2][-]{subsection.0.9.2}{\376\377\000A\000c\000c\000u\000r\000a\000c\000y\000,\000\040\000r\000e\000f\000r\000e\000s\000h\000,\000\040\000a\000n\000d\000\040\000a\000c\000t\000u\000a\000l\000\040\000w\000o\000r\000k}{section.0.9}% 32
\BOOKMARK [2][-]{subsection.0.9.3}{\376\377\000W\000h\000i\000c\000h\000\040\000c\000o\000n\000t\000i\000n\000u\000a\000t\000i\000o\000n\000\040\000e\000r\000r\000o\000r\000s\000\040\000m\000a\000t\000t\000e\000r\000\040\000f\000o\000r\000\040\000t\000h\000e\000\040\000d\000e\000c\000i\000s\000i\000o\000n\000?}{section.0.9}% 33
\BOOKMARK [2][-]{subsection.0.9.4}{\376\377\000A\000n\000\040\000e\000c\000o\000n\000o\000m\000i\000c\000\040\000c\000o\000n\000c\000l\000u\000s\000i\000o\000n\000\040\000c\000e\000r\000t\000i\000f\000i\000e\000d\000\040\000f\000r\000o\000m\000\040\000N\000B\000O\000\040\000a\000c\000t\000i\000o\000n\000s}{section.0.9}% 34
\BOOKMARK [3][-]{paragraph.0.9.4.0.1}{\376\377\000C\000h\000r\000o\000n\000o\000l\000o\000g\000y\000\040\000a\000n\000d\000\040\000s\000c\000o\000p\000e\000.}{subsection.0.9.4}% 35
\BOOKMARK [2][-]{subsection.0.9.5}{\376\377\000T\000h\000e\000\040\000p\000r\000e\000v\000i\000o\000u\000s\000\040\000e\000v\000i\000d\000e\000n\000c\000e\000\040\000a\000n\000d\000\040\000i\000t\000s\000\040\000c\000h\000r\000o\000n\000o\000l\000o\000g\000y}{section.0.9}% 36
\BOOKMARK [1][-]{section.0.10}{\376\377\000E\000c\000o\000n\000o\000m\000i\000c\000\040\000A\000p\000p\000l\000i\000c\000a\000t\000i\000o\000n\000s\000\040\000o\000f\000\040\000t\000h\000e\000\040\000B\000e\000l\000l\000m\000a\000n\000\040\000S\000t\000r\000u\000c\000t\000u\000r\000e}{}% 37
\BOOKMARK [2][-]{subsection.0.10.1}{\376\377\000C\000o\000s\000t\000l\000y\000\040\000p\000r\000e\000f\000e\000r\000e\000n\000c\000e\000\040\000a\000d\000j\000u\000s\000t\000m\000e\000n\000t\000\040\000a\000n\000d\000\040\000p\000o\000r\000t\000f\000o\000l\000i\000o\000\040\000c\000h\000o\000i\000c\000e}{section.0.10}% 38
\BOOKMARK [2][-]{subsection.0.10.2}{\376\377\000R\000e\000c\000u\000r\000s\000i\000v\000e\000\040\000u\000t\000i\000l\000i\000t\000y\000\040\000a\000n\000d\000\040\000t\000e\000m\000p\000o\000r\000a\000l\000\040\000s\000e\000l\000v\000e\000s}{section.0.10}% 39
\BOOKMARK [2][-]{subsection.0.10.3}{\376\377\000C\000a\000p\000i\000t\000a\000l\000\040\000i\000n\000v\000e\000s\000t\000m\000e\000n\000t\000\040\000a\000n\000d\000\040\000s\000t\000r\000a\000t\000e\000g\000i\000c\000\040\000d\000e\000v\000i\000a\000t\000i\000o\000n\000s}{section.0.10}% 40
\BOOKMARK [1][-]{section.0.11}{\376\377\000C\000o\000n\000c\000l\000u\000s\000i\000o\000n}{}% 41
\BOOKMARK [1][-]{bibliography-section.1}{\376\377\000R\000e\000f\000e\000r\000e\000n\000c\000e\000s}{}% 42
