This is pdfTeX, Version 3.141592653-2.6-1.40.25 (TeX Live 2023/Debian) (preloaded format=pdflatex)
entering extended mode
(./supp.tex
LaTeX2e <2023-11-01> patch level 1
L3 programming layer <2024-01-22>
(./econsocart.cls
Document Class: econsocart 2022/11/21 v1.4.1, The Econometric Society Journals
(/usr/share/texlive/texmf-dist/tex/latex/etoolbox/etoolbox.sty)
(./econsocart.cfg) (/usr/share/texlive/texmf-dist/tex/latex/base/fix-cm.sty
(/usr/share/texlive/texmf-dist/tex/latex/base/ts1enc.def))
(/usr/share/texlive/texmf-dist/tex/latex/graphics/graphicx.sty
(/usr/share/texlive/texmf-dist/tex/latex/graphics/keyval.sty)
(/usr/share/texlive/texmf-dist/tex/latex/graphics/graphics.sty
(/usr/share/texlive/texmf-dist/tex/latex/graphics/trig.sty)
(/usr/share/texlive/texmf-dist/tex/latex/graphics-cfg/graphics.cfg)
(/usr/share/texlive/texmf-dist/tex/latex/graphics-def/pdftex.def)))
(/usr/share/texlive/texmf-dist/tex/latex/base/fontenc.sty)
(/usr/share/texlive/texmf-dist/tex/latex/psnfss/times.sty)
(/usr/share/texlive/texmf-dist/tex/latex/textcase/textcase.sty)
(/usr/share/texlive/texmf-dist/tex/latex/psnfss/helvet.sty)
(/usr/share/texlive/texmf-dist/tex/latex/base/textcomp.sty)
(/usr/share/texlive/texmf-dist/tex/latex/psnfss/t1ptm.fd)
(/usr/share/texlive/texmf-dist/tex/latex/amsfonts/amssymb.sty
(/usr/share/texlive/texmf-dist/tex/latex/amsfonts/amsfonts.sty))
(/usr/share/texlive/texmf-dist/tex/latex/tools/bm.sty)
(/usr/share/texlive/texmf-dist/tex/latex/url/url.sty)
(/usr/share/texlive/texmf-dist/tex/latex/amsmath/amsmath.sty
For additional information on amsmath, use the `?' option.
(/usr/share/texlive/texmf-dist/tex/latex/amsmath/amstext.sty
(/usr/share/texlive/texmf-dist/tex/latex/amsmath/amsgen.sty))
(/usr/share/texlive/texmf-dist/tex/latex/amsmath/amsbsy.sty)
(/usr/share/texlive/texmf-dist/tex/latex/amsmath/amsopn.sty))
(/usr/share/texlive/texmf-dist/tex/latex/amscls/amsthm.sty)
(/usr/share/texlive/texmf-dist/tex/latex/natbib/natbib.sty))
(/usr/share/texlive/texmf-dist/tex/latex/hyperref/xr-hyper.sty)
(/usr/share/texlive/texmf-dist/tex/latex/booktabs/booktabs.sty)
(/usr/share/texlive/texmf-dist/tex/latex/tools/array.sty)
(/usr/share/texlive/texmf-dist/tex/latex/tools/longtable.sty)
(/usr/share/texlive/texmf-dist/tex/latex/algorithms/algorithm.sty
(/usr/share/texlive/texmf-dist/tex/latex/float/float.sty)
(/usr/share/texlive/texmf-dist/tex/latex/base/ifthen.sty))
(/usr/share/texlive/texmf-dist/tex/latex/algorithmicx/algpseudocode.sty
(/usr/share/texlive/texmf-dist/tex/latex/algorithmicx/algorithmicx.sty
Document Style algorithmicx 1.2 - a greatly improved `algorithmic' style
)
Document Style - pseudocode environments for use with the `algorithmicx' style
) (/usr/share/texlive/texmf-dist/tex/latex/enumitem/enumitem.sty)
(/usr/share/texlive/texmf-dist/tex/latex/base/fontenc.sty)
(/usr/share/texlive/texmf-dist/tex/latex/psnfss/mathpazo.sty)
(/usr/share/texlive/texmf-dist/tex/latex/microtype/microtype.sty
(/usr/share/texlive/texmf-dist/tex/latex/microtype/microtype-pdftex.def)
(/usr/share/texlive/texmf-dist/tex/latex/microtype/microtype.cfg))
(/usr/share/texlive/texmf-dist/tex/latex/needspace/needspace.sty)
(/usr/share/texlive/texmf-dist/tex/latex/hyperref/hyperref.sty
(/usr/share/texlive/texmf-dist/tex/generic/iftex/iftex.sty)
(/usr/share/texlive/texmf-dist/tex/latex/kvsetkeys/kvsetkeys.sty)
(/usr/share/texlive/texmf-dist/tex/generic/kvdefinekeys/kvdefinekeys.sty)
(/usr/share/texlive/texmf-dist/tex/generic/pdfescape/pdfescape.sty
(/usr/share/texlive/texmf-dist/tex/generic/ltxcmds/ltxcmds.sty)
(/usr/share/texlive/texmf-dist/tex/generic/pdftexcmds/pdftexcmds.sty
(/usr/share/texlive/texmf-dist/tex/generic/infwarerr/infwarerr.sty)))
(/usr/share/texlive/texmf-dist/tex/latex/hycolor/hycolor.sty)
(/usr/share/texlive/texmf-dist/tex/latex/auxhook/auxhook.sty)
(/usr/share/texlive/texmf-dist/tex/latex/hyperref/nameref.sty
(/usr/share/texlive/texmf-dist/tex/latex/refcount/refcount.sty)
(/usr/share/texlive/texmf-dist/tex/generic/gettitlestring/gettitlestring.sty
(/usr/share/texlive/texmf-dist/tex/latex/kvoptions/kvoptions.sty)))
(/usr/share/texlive/texmf-dist/tex/latex/hyperref/pd1enc.def)
(/usr/share/texlive/texmf-dist/tex/generic/intcalc/intcalc.sty)
(/usr/share/texlive/texmf-dist/tex/latex/hyperref/puenc.def)
(/usr/share/texlive/texmf-dist/tex/generic/bitset/bitset.sty
(/usr/share/texlive/texmf-dist/tex/generic/bigintcalc/bigintcalc.sty))
(/usr/share/texlive/texmf-dist/tex/latex/base/atbegshi-ltx.sty))
(/usr/share/texlive/texmf-dist/tex/latex/hyperref/hpdftex.def
(/usr/share/texlive/texmf-dist/tex/latex/base/atveryend-ltx.sty)
(/usr/share/texlive/texmf-dist/tex/latex/rerunfilecheck/rerunfilecheck.sty
(/usr/share/texlive/texmf-dist/tex/generic/uniquecounter/uniquecounter.sty)))
(/usr/share/texlive/texmf-dist/tex/latex/psnfss/t1pcr.fd)
(/usr/share/texlive/texmf-dist/tex/latex/hyperref/backref.sty)
(/usr/share/texlive/texmf-dist/tex/latex/psnfss/t1ppl.fd)
(/usr/share/texlive/texmf-dist/tex/latex/l3backend/l3backend-pdftex.def)

LaTeX Warning: Unused global option(s):
    [nameyear].

(revisions/2026-10-05-r21/build/supp.aux)
(/usr/share/texlive/texmf-dist/tex/context/base/mkii/supp-pdf.mkii
[Loading MPS to PDF converter (version 2006.09.02).]
) (/usr/share/texlive/texmf-dist/tex/latex/microtype/mt-ppl.cfg)
(/usr/share/texlive/texmf-dist/tex/latex/graphics/color.sty
(/usr/share/texlive/texmf-dist/tex/latex/graphics-cfg/color.cfg)
(/usr/share/texlive/texmf-dist/tex/latex/graphics/mathcolor.ltx))
(revisions/2026-10-05-r21/build/supp.out)
(revisions/2026-10-05-r21/build/supp.out)
(./revisions/2026-10-04-r16/manuscript/supplement_guide.tex)
(./revisions/2026-10-05-r21/manuscript/relocated_guide.tex)
(./revisions/2026-10-04-r16/manuscript/theory_guide.tex
Underfull \vbox (badness 2980) has occurred while \output is active [1
Non-PDF special ignored!
<special> papersize=614.295pt,794.96999pt
{/var/lib/texmf/fonts/map/pdftex/updmap/pdftex.map}{/usr/share/texlive/texmf-di
st/fonts/enc/dvips/base/8r.enc}])
(./revisions/2026-10-04-r16/manuscript/menu_main_theory.tex
(/usr/share/texlive/texmf-dist/tex/latex/psnfss/ot1ppl.fd)
(/usr/share/texlive/texmf-dist/tex/latex/psnfss/omlzplm.fd)
(/usr/share/texlive/texmf-dist/tex/latex/psnfss/omszplm.fd)
(/usr/share/texlive/texmf-dist/tex/latex/psnfss/omxzplm.fd)
(/usr/share/texlive/texmf-dist/tex/latex/microtype/mt-msa.cfg)
(/usr/share/texlive/texmf-dist/tex/latex/microtype/mt-msb.cfg)
(/usr/share/texlive/texmf-dist/tex/latex/microtype/mt-cmr.cfg)
(/usr/share/texlive/texmf-dist/tex/latex/psnfss/ot1zplm.fd)
(/usr/share/texlive/texmf-dist/tex/latex/psnfss/ufplmbb.fd)

LaTeX Font Warning: Font shape `T1/ppl/m/uc' undefined
(Font)              using `T1/ppl/m/n' instead on input line 23.


LaTeX Font Warning: Font shape `T1/ppl/m/up' undefined
(Font)              using `T1/ppl/m/n' instead on input line 23.

[2]) (./revisions/2026-10-04-r16/manuscript/new_theory_summary.tex
Underfull \vbox (badness 10000) has occurred while \output is active [3])
(./revisions/2026-10-04-r16/manuscript/computational_design.tex
Underfull \vbox (badness 7631) has occurred while \output is active [4]
Underfull \vbox (badness 10000) has occurred while \output is active [5]
[6]) (./revisions/2026-10-05-r18/manuscript/risk_main.tex [7]
(./revisions/2026-10-05-r18/manuscript/risk_table.tex) [8])
(./revisions/2026-10-05-r18/manuscript/catalogue_main.tex
Underfull \vbox (badness 3746) has occurred while \output is active [9]
(./revisions/2026-10-05-r18/manuscript/catalogue_table.tex)
Underfull \vbox (badness 6380) has occurred while \output is active [10])
[11] (./revisions/2026-10-04-r16/retained/manuscript/general_theory.tex
[12] [13]) (./revisions/2026-10-04-r16/retained/manuscript/mechanism.tex
Underfull \vbox (badness 1783) has occurred while \output is active [14]
[15] [16])
(./revisions/2026-10-04-r16/retained/manuscript/appendix_evaluation.tex
[17]

Package hyperref Warning: Difference (2) between bookmark levels is greater 
(hyperref)                than one, level fixed on input line 22.


Package natbib Warning: Citation `borkar2024' on page 18 undefined on input lin
e 27.

[18] [19]
Underfull \vbox (badness 1005) has occurred while \output is active [20]
[21] [22]
Underfull \vbox (badness 2469) has occurred while \output is active [23]
[24] [25]) (./revisions/2026-10-04-r16/retained/manuscript/appendix_proofs.tex

Package hyperref Warning: Difference (2) between bookmark levels is greater 
(hyperref)                than one, level fixed on input line 6.


Underfull \vbox (badness 2334) has occurred while \output is active [26]
[27]

Package natbib Warning: Citation `barles1991' on page 28 undefined on input lin
e 35.


Package natbib Warning: Citation `crandall1992' on page 28 undefined on input l
ine 35.

[28] [29] [30] [31] [32] [33]
Underfull \vbox (badness 3623) has occurred while \output is active [34]
Underfull \vbox (badness 2126) has occurred while \output is active [35]
Underfull \vbox (badness 1655) has occurred while \output is active [36]
[37] [38])
(./revisions/2026-10-04-r16/retained/manuscript/appendix_capital_accounts.tex
[39] [40] [41] [42] [43]
Underfull \vbox (badness 1888) has occurred while \output is active [44]
[45]
Underfull \vbox (badness 1205) has occurred while \output is active [46]
[47] [48]
Underfull \vbox (badness 5091) has occurred while \output is active [49]
Underfull \hbox (badness 922) in paragraph at lines 296--297
[]\T1/ppl/m/up/12 (+20) The sam-pling con-tract is ideal in-de-pen-dent standar
d-normal in-no-va-tions
[50]

Package natbib Warning: Citation `maurer2009' on page 51 undefined on input lin
e 334.

[51]) (./revisions/2026-10-04-r16/retained/manuscript/new_proofs.tex [52]
[53] [54] [55]
Underfull \vbox (badness 2653) has occurred while \output is active [56]

Package natbib Warning: Citation `maurer2009' on page 57 undefined on input lin
e 281.

[57] [58] [59])
(./revisions/2026-10-04-r16/retained/manuscript/paired_transfer.tex [60]
[61] [62]
Underfull \vbox (badness 10000) has occurred while \output is active [63]
(/usr/share/texlive/texmf-dist/tex/latex/microtype/mt-euf.cfg) [64] [65]
[66] [67] [68] [69])
(./revisions/2026-10-04-r16/retained/manuscript/method_inference_proof.tex

Package natbib Warning: Citation `maurer2009' on page 70 undefined on input lin
e 11.


Underfull \vbox (badness 10000) has occurred while \output is active [70])
(./revisions/2026-10-04-r16/manuscript/paired_audit.tex [71])
(./revisions/2026-10-04-r16/manuscript/signed_bellman_bridge.tex
Underfull \vbox (badness 10000) has occurred while \output is active [72]
[73] [74] [75] [76]) (./revisions/2026-10-04-r16/manuscript/menu_theory.tex
Underfull \vbox (badness 1596) has occurred while \output is active [77]
Underfull \vbox (badness 1158) has occurred while \output is active [78]
[79] [80] [81] [82])
(./revisions/2026-10-04-r16/retained/manuscript/appendix_implementation.tex
[83] [84] [85] [86])
(./revisions/2026-10-04-r16/retained/manuscript/appendix_observation.tex
Underfull \vbox (badness 10000) has occurred while \output is active [87]
[88] [89] [90] [91]
Underfull \vbox (badness 5036) has occurred while \output is active [92]
Underfull \vbox (badness 4341) has occurred while \output is active [93]
[94]) (./revisions/2026-10-04-r16/retained/manuscript/appendix_diagnostics.tex
[95] [96] [97] [98] [99] [100] [101] [102] [103])
(./revisions/2026-10-04-r16/manuscript/previous_evidence_guide.tex [104])
(./revisions/2026-10-04-r16/retained/manuscript/evidence_baseline.tex
Underfull \vbox (badness 2376) has occurred while \output is active [105]
Underfull \vbox (badness 10000) has occurred while \output is active [106]
Underfull \vbox (badness 10000) has occurred while \output is active [107])
(./revisions/2026-10-04-r16/retained/manuscript/new_evidence.tex
(./revisions/2026-10-04-r16/retained/manuscript/experiment_design.tex [108])
(./revisions/2026-10-04-r16/retained/manuscript/baseline_design.tex
Underfull \vbox (badness 10000) has occurred while \output is active [109]
[110]) (./revisions/2026-10-04-r16/retained/manuscript/method_inference.tex
[111] [112] [113])
(./revisions/2026-10-04-r16/retained/manuscript/method_evidence.tex
(./revisions/2026-10-04-r16/retained/results/publication_tables/table_method_su
mmary.tex)
(./revisions/2026-10-04-r16/retained/results/publication_tables/table_method_co
mparisons.tex (/usr/share/texlive/texmf-dist/tex/latex/psnfss/ts1ppl.fd))
(./revisions/2026-10-04-r16/retained/results/experiment/report/table_method_wor
k.tex)
(./revisions/2026-10-04-r16/retained/results/experiment/report/table_method_ope
rations.tex)
(./revisions/2026-10-04-r16/retained/results/experiment/report/table_method_dec
omposition.tex))
(./revisions/2026-10-04-r16/retained/manuscript/primary_interpretation.tex
[114] [115] [116] [117])
(./revisions/2026-10-04-r16/retained/manuscript/paired_comparison.tex
(./revisions/2026-10-04-r16/retained/results/paired_transfer/paired_transfer_ma
in.tex)
(./revisions/2026-10-04-r16/retained/manuscript/paired_interpretation.tex))
(./revisions/2026-10-04-r16/retained/results/economic_bounds/economic_bounds.te
x [118]
Underfull \vbox (badness 2762) has occurred while \output is active [119]
(./revisions/2026-10-04-r16/retained/results/economic_bounds/table_economic_bou
nds.tex))
(./revisions/2026-10-04-r16/retained/manuscript/mechanism_evidence.tex
(./revisions/2026-10-04-r16/retained/results/mechanism/report/mechanism_evidenc
e.tex
Underfull \vbox (badness 10000) has occurred while \output is active [120]
Underfull \vbox (badness 7486) has occurred while \output is active [121])
(./revisions/2026-10-04-r16/retained/results/mechanism/report/table_mechanism_e
valuation.tex)
(./revisions/2026-10-04-r16/retained/results/mechanism/report/table_mechanism_w
elfare.tex))
(./revisions/2026-10-04-r16/retained/results/scalar_report/scalar_evidence.tex
Underfull \vbox (badness 10000) has occurred while \output is active [122]
(./revisions/2026-10-04-r16/retained/results/scalar_report/table_scalar_trainin
g.tex)
(./revisions/2026-10-04-r16/retained/results/scalar_report/table_scalar_deploym
ent.tex) [123] [124])
(./revisions/2026-10-04-r16/retained/manuscript/observation_evidence.tex
Underfull \vbox (badness 5203) has occurred while \output is active [125]
(./revisions/2026-10-04-r16/retained/manuscript/table_observation_main.tex)))
(./revisions/2026-10-04-r16/retained/manuscript/experiment_supplement.tex
(./revisions/2026-10-04-r16/retained/results/publication_tables/table_method_se
ed_endpoints.tex
Underfull \vbox (badness 3930) has occurred while \output is active [126]
[127] [128] [129] [130] [131] [132] [133])
(./revisions/2026-10-04-r16/retained/results/experiment/report/table_method_che
ckpoint_progress.tex
Underfull \hbox (badness 10000) in paragraph at lines 240--4

[134]))
(./revisions/2026-10-04-r16/retained/manuscript/mechanism_supplement.tex
(./revisions/2026-10-04-r16/retained/results/mechanism/report/table_mechanism_f
ull.tex)
(./revisions/2026-10-04-r16/retained/results/mechanism/report/table_mechanism_w
ork.tex))
(./revisions/2026-10-04-r16/retained/manuscript/scalar_algebraic_enclosure.tex
[135]
Overfull \vbox (0.6878pt too high) has occurred while \output is active
[136] [137] [138])
(./revisions/2026-10-04-r16/retained/manuscript/scalar_supplement.tex
(./revisions/2026-10-04-r16/retained/results/scalar_report/scalar_complete_tabl
es.tex
(./revisions/2026-10-04-r16/retained/results/scalar_report/table_scalar_all_mes
hes.tex [139])
(./revisions/2026-10-04-r16/retained/results/scalar_report/table_scalar_refinem
ent.tex)
(./revisions/2026-10-04-r16/retained/results/scalar_report/table_scalar_time_re
finement.tex)
(./revisions/2026-10-04-r16/retained/results/scalar_report/table_scalar_all_pai
rs.tex [140] [141] [142] [143] [144])))
(./revisions/2026-10-04-r16/retained/manuscript/observation_supplement.tex
(./revisions/2026-10-04-r16/retained/manuscript/table_observation_full.tex)
(./revisions/2026-10-04-r16/retained/manuscript/table_observation_work.tex))
(./revisions/2026-10-04-r16/retained/manuscript/paired_comparison_supplement.te
x
(./revisions/2026-10-04-r16/retained/results/paired_transfer/paired_transfer_su
pplement.tex [145] [146] [147] [148] [149]))
(./revisions/2026-10-04-r16/manuscript/menu_design_supplement.tex [150]
Underfull \vbox (badness 1377) has occurred while \output is active [151]
Underfull \vbox (badness 10000) has occurred while \output is active [152]
Underfull \vbox (badness 10000) has occurred while \output is active [153])
(./revisions/2026-10-04-r16/manuscript/menu_record.tex
(./revisions/2026-10-04-r16/results/continuation_menu/report/menu_supplement.te
x
(./revisions/2026-10-04-r16/results/continuation_menu/report/table_menu_gains.t
ex [154])
(./revisions/2026-10-04-r16/results/continuation_menu/report/table_menu_all_eve
nts.tex
Underfull \hbox (badness 10000) in paragraph at lines 52--1
[]$[]$

Underfull \hbox (badness 10000) in paragraph at lines 52--1

[155] [156] [157] [158] [159] [160] [161])
(./revisions/2026-10-04-r16/results/continuation_menu/report/table_menu_all_wor
k.tex
Underfull \hbox (badness 10000) in paragraph at lines 228--1
[]$[]$

Underfull \hbox (badness 10000) in paragraph at lines 228--1

[162] [163] [164] [165])
(./revisions/2026-10-04-r16/results/continuation_menu/report/table_menu_all_sca
lar.tex
Underfull \hbox (badness 10000) in paragraph at lines 132--1
[]$[]$

Underfull \hbox (badness 10000) in paragraph at lines 132--1

[166] [167] [168] [169])))
(./revisions/2026-10-04-r16/manuscript/menu_shared_work.tex)
(./revisions/2026-10-04-r16/manuscript/replication_supplement.tex
Underfull \hbox (badness 10000) in paragraph at lines 140--1
[]$[]$

Underfull \vbox (badness 10000) has occurred while \output is active [170]
(./revisions/2026-10-04-r16/results/replication/report/replication_work.tex))
(./revisions/2026-10-04-r16/results/signed_mechanism/report/signed_supplement.t
ex [171]
(./revisions/2026-10-04-r16/results/signed_mechanism/report/table_signed_full.t
ex [172])
(./revisions/2026-10-04-r16/results/signed_mechanism/report/table_signed_work.t
ex)) (./revisions/2026-10-04-r16/manuscript/robustness_supplement.tex [173]
[174] (./revisions/2026-10-04-r16/manuscript/robustness_diagnostics_tables.tex
[175] [176] [177] [178])
(./revisions/2026-10-04-r16/results/robustness/report/robustness_methods.tex
[179] [180]) [181]
(./revisions/2026-10-04-r16/results/robustness/report/robustness_work.tex
[182])) (./revisions/2026-10-05-r17/manuscript/contrast_proofs.tex [183]
[184] [185]

Package natbib Warning: Citation `maurer2009' on page 186 undefined on input li
ne 152.

[186]) (./revisions/2026-10-05-r18/manuscript/catalogue_proofs.tex [187]
[188]) (./revisions/2026-10-05-r18/manuscript/record.tex [189]
(./revisions/2026-10-05-r18/manuscript/catalogue_complete.tex [190] [191]
[192] [193]) [194]) (./revisions/2026-10-04-r16/manuscript/source_index.tex
[195]) [196]
(./revisions/2026-10-05-r19-integrated/manuscript/retained_accounts.tex
(./revisions/2026-10-04-r16/retained/manuscript/capital.tex
Underfull \vbox (badness 10000) has occurred while \output is active [197]
[198] [199] [200] [201]

Package natbib Warning: Citation `maurer2009' on page 202 undefined on input li
ne 145.


Package natbib Warning: Citation `kakade2002' on page 202 undefined on input li
ne 148.


Package natbib Warning: Citation `pirotta2013' on page 202 undefined on input l
ine 148.


Package natbib Warning: Citation `scherrer2015' on page 202 undefined on input 
line 148.

) (./revisions/2026-10-04-r16/retained/manuscript/new_theory.tex
Underfull \vbox (badness 1590) has occurred while \output is active [202]
[203]
Underfull \vbox (badness 1308) has occurred while \output is active [204]
[205])
(./revisions/2026-10-04-r16/retained/manuscript/implementation_summary.tex
Underfull \vbox (badness 5832) has occurred while \output is active [206])
(./revisions/2026-10-04-r16/retained/manuscript/fees.tex [207]))
(./revisions/2026-10-05-r19-integrated/manuscript/decision_proofs.tex [208]
Underfull \vbox (badness 5681) has occurred while \output is active [209]
[210] [211] [212] [213])
(./revisions/2026-10-05-r19-integrated/results/generated/record.tex [214]
[215] [216] [217]) [218] [219] [220]
(./revisions/2026-10-05-r21/manuscript/composition_proofs.tex

Package hyperref Warning: Difference (3) between bookmark levels is greater 
(hyperref)                than one, level fixed on input line 28.

[221] [222]) (./revisions/2026-10-05-r21/results/generated/future_economics.tex
) (./revisions/2026-10-05-r21/results/generated/future_record.tex [223]
[224] [225] [226] [227] [228] [229] [230] [231])
(revisions/2026-10-05-r21/build/supp.bbl
No file supp.brf.

Underfull \hbox (badness 1460) in paragraph at lines 47--47
[]\T1/ppl/m/sc/9.6 (+20) Scherrer, Bruno, Mo-ham-mad Ghavamzadeh, Vic-tor Gabil
-lon, Boris Lesner, and
)

Package natbib Warning: There were undefined citations.

[232] (revisions/2026-10-05-r21/build/supp.aux

Package natbib Warning: Citation(s) may have changed.
(natbib)                Rerun to get citations correct.

)

LaTeX Font Warning: Some font shapes were not available, defaults substituted.


LaTeX Warning: Label(s) may have changed. Rerun to get cross-references right.


Package rerunfilecheck Warning: File `supp.out' has changed.
(rerunfilecheck)                Rerun to get outlines right
(rerunfilecheck)                or use package `bookmark'.


Package rerunfilecheck Warning: File `supp.brf' has changed.
(rerunfilecheck)                Rerun to get bibliographical references right.

 )
(see the transcript file for additional information)</usr/share/texlive/texmf-d
ist/fonts/type1/public/amsfonts/cm/cmbx12.pfb></usr/share/texlive/texmf-dist/fo
nts/type1/public/amsfonts/cm/cmex10.pfb></usr/share/texlive/texmf-dist/fonts/ty
pe1/public/amsfonts/cm/cmmi10.pfb></usr/share/texlive/texmf-dist/fonts/type1/pu
blic/amsfonts/cm/cmr10.pfb></usr/share/texlive/texmf-dist/fonts/type1/public/am
sfonts/cm/cmss9.pfb></usr/share/texlive/texmf-dist/fonts/type1/public/amsfonts/
cm/cmsy10.pfb></usr/share/texlive/texmf-dist/fonts/type1/public/amsfonts/euler/
eufm10.pfb></usr/share/texlive/texmf-dist/fonts/type1/public/mathpazo/fplmbb.pf
b></usr/share/texlive/texmf-dist/fonts/type1/public/mathpazo/fplmr.pfb></usr/sh
are/texlive/texmf-dist/fonts/type1/public/mathpazo/fplmri.pfb></usr/share/texli
ve/texmf-dist/fonts/type1/public/amsfonts/symbols/msam10.pfb></usr/share/texliv
e/texmf-dist/fonts/type1/urw/courier/ucrr8a.pfb></usr/share/texlive/texmf-dist/
fonts/type1/urw/palatino/uplb8a.pfb></usr/share/texlive/texmf-dist/fonts/type1/
urw/palatino/uplr8a.pfb></usr/share/texlive/texmf-dist/fonts/type1/urw/palatino
/uplri8a.pfb>
Output written on revisions/2026-10-05-r21/build/supp.pdf (232 pages, 840865 by
tes).
Transcript written on revisions/2026-10-05-r21/build/supp.log.
