This is pdfTeX, Version 3.141592653-2.6-1.40.25 (TeX Live 2023/Debian) (preloaded format=pdflatex 2026.10.5)  5 OCT 2026 08:43
entering extended mode
 file:line:error style messages enabled.
 %&-line parsing enabled.
**supp.tex
(./supp.tex
LaTeX2e <2023-11-01> patch level 1
L3 programming layer <2024-01-22>
(./econsocart.cls
Document Class: econsocart 2022/11/21 v1.4.1, The Econometric Society Journals
(/usr/share/texlive/texmf-dist/tex/latex/etoolbox/etoolbox.sty
Package: etoolbox 2020/10/05 v2.5k e-TeX tools for LaTeX (JAW)
\etb@tempcnta=\count187
)
(./econsocart.cfg
File: econsocart.cfg 2023/02/04 v1.0.5 configuration for econsocart class
) (/usr/share/texlive/texmf-dist/tex/latex/base/fix-cm.sty
Package: fix-cm 2020/11/24 v1.1t fixes to LaTeX

(/usr/share/texlive/texmf-dist/tex/latex/base/ts1enc.def
File: ts1enc.def 2001/06/05 v3.0e (jk/car/fm) Standard LaTeX file
LaTeX Font Info:    Redeclaring font encoding TS1 on input line 47.
))
(/usr/share/texlive/texmf-dist/tex/latex/graphics/graphicx.sty
Package: graphicx 2021/09/16 v1.2d Enhanced LaTeX Graphics (DPC,SPQR)

(/usr/share/texlive/texmf-dist/tex/latex/graphics/keyval.sty
Package: keyval 2022/05/29 v1.15 key=value parser (DPC)
\KV@toks@=\toks17
)
(/usr/share/texlive/texmf-dist/tex/latex/graphics/graphics.sty
Package: graphics 2022/03/10 v1.4e Standard LaTeX Graphics (DPC,SPQR)

(/usr/share/texlive/texmf-dist/tex/latex/graphics/trig.sty
Package: trig 2021/08/11 v1.11 sin cos tan (DPC)
)
(/usr/share/texlive/texmf-dist/tex/latex/graphics-cfg/graphics.cfg
File: graphics.cfg 2016/06/04 v1.11 sample graphics configuration
)
Package graphics Info: Driver file: pdftex.def on input line 107.

(/usr/share/texlive/texmf-dist/tex/latex/graphics-def/pdftex.def
File: pdftex.def 2022/09/22 v1.2b Graphics/color driver for pdftex
))
\Gin@req@height=\dimen140
\Gin@req@width=\dimen141
)
(/usr/share/texlive/texmf-dist/tex/latex/base/fontenc.sty
Package: fontenc 2021/04/29 v2.0v Standard LaTeX package
)
(/usr/share/texlive/texmf-dist/tex/latex/psnfss/times.sty
Package: times 2020/03/25 PSNFSS-v9.3 (SPQR) 
)
(/usr/share/texlive/texmf-dist/tex/latex/textcase/textcase.sty
Package: textcase 2023/07/27 v1.04 Text only upper/lower case changing (DPC)
Package textcase Info: Defining Legacy names on input line 20.
)
(/usr/share/texlive/texmf-dist/tex/latex/psnfss/helvet.sty
Package: helvet 2020/03/25 PSNFSS-v9.3 (WaS) 
)
(/usr/share/texlive/texmf-dist/tex/latex/base/textcomp.sty
Package: textcomp 2020/02/02 v2.0n Standard LaTeX package
)
LaTeX Font Info:    Trying to load font information for T1+ptm on input line 46
1.

(/usr/share/texlive/texmf-dist/tex/latex/psnfss/t1ptm.fd
File: t1ptm.fd 2001/06/04 font definitions for T1/ptm.
)
(/usr/share/texlive/texmf-dist/tex/latex/amsfonts/amssymb.sty
Package: amssymb 2013/01/14 v3.01 AMS font symbols

(/usr/share/texlive/texmf-dist/tex/latex/amsfonts/amsfonts.sty
Package: amsfonts 2013/01/14 v3.01 Basic AMSFonts support
\@emptytoks=\toks18
\symAMSa=\mathgroup4
\symAMSb=\mathgroup5
LaTeX Font Info:    Redeclaring math symbol \hbar on input line 98.
LaTeX Font Info:    Overwriting math alphabet `\mathfrak' in version `bold'
(Font)                  U/euf/m/n --> U/euf/b/n on input line 106.
))
(/usr/share/texlive/texmf-dist/tex/latex/tools/bm.sty
Package: bm 2023/07/08 v1.2f Bold Symbol Support (DPC/FMi)
\symboldoperators=\mathgroup6
Package bm Info: No bold for \OMX/cmex/m/n, using \pmb.
Package bm Info: No bold for \U/msa/m/n, using \pmb.
Package bm Info: No bold for \U/msb/m/n, using \pmb.
LaTeX Font Info:    Redeclaring math alphabet \mathbf on input line 149.
)
\@pubyear=\count188
\@copyear=\count189
\c@thanks=\count190

(/usr/share/texlive/texmf-dist/tex/latex/url/url.sty
\Urlmuskip=\muskip16
Package: url 2013/09/16  ver 3.4  Verb mode for urls, etc.
)
\c@longlist=\count191
\c@part=\count192
\c@chapter=\count193
\c@section=\count194
\c@subsection=\count195
\c@subsubsection=\count196
\c@paragraph=\count197
\c@subparagraph=\count198

(/usr/share/texlive/texmf-dist/tex/latex/amsmath/amsmath.sty
Package: amsmath 2023/05/13 v2.17o AMS math features
\@mathmargin=\skip48

For additional information on amsmath, use the `?' option.
(/usr/share/texlive/texmf-dist/tex/latex/amsmath/amstext.sty
Package: amstext 2021/08/26 v2.01 AMS text

(/usr/share/texlive/texmf-dist/tex/latex/amsmath/amsgen.sty
File: amsgen.sty 1999/11/30 v2.0 generic functions
\@emptytoks=\toks19
\ex@=\dimen142
))
(/usr/share/texlive/texmf-dist/tex/latex/amsmath/amsbsy.sty
Package: amsbsy 1999/11/29 v1.2d Bold Symbols
LaTeX Info: Redefining \boldsymbol on input line 28.
\pmbraise@=\dimen143
)
(/usr/share/texlive/texmf-dist/tex/latex/amsmath/amsopn.sty
Package: amsopn 2022/04/08 v2.04 operator names
)
\inf@bad=\count199
LaTeX Info: Redefining \frac on input line 234.
\uproot@=\count266
\leftroot@=\count267
LaTeX Info: Redefining \overline on input line 399.
LaTeX Info: Redefining \colon on input line 410.
\classnum@=\count268
\DOTSCASE@=\count269
LaTeX Info: Redefining \ldots on input line 496.
LaTeX Info: Redefining \dots on input line 499.
LaTeX Info: Redefining \cdots on input line 620.
\Mathstrutbox@=\box51
\strutbox@=\box52
LaTeX Info: Redefining \big on input line 722.
LaTeX Info: Redefining \Big on input line 723.
LaTeX Info: Redefining \bigg on input line 724.
LaTeX Info: Redefining \Bigg on input line 725.
\big@size=\dimen144
LaTeX Font Info:    Redeclaring font encoding OML on input line 743.
LaTeX Font Info:    Redeclaring font encoding OMS on input line 744.
\macc@depth=\count270
LaTeX Info: Redefining \bmod on input line 905.
LaTeX Info: Redefining \pmod on input line 910.
LaTeX Info: Redefining \smash on input line 940.
LaTeX Info: Redefining \relbar on input line 970.
LaTeX Info: Redefining \Relbar on input line 971.
\c@MaxMatrixCols=\count271
\dotsspace@=\muskip17
\c@parentequation=\count272
\dspbrk@lvl=\count273
\tag@help=\toks20
\row@=\count274
\column@=\count275
\maxfields@=\count276
\andhelp@=\toks21
\eqnshift@=\dimen145
\alignsep@=\dimen146
\tagshift@=\dimen147
\tagwidth@=\dimen148
\totwidth@=\dimen149
\lineht@=\dimen150
\@envbody=\toks22
\multlinegap=\skip49
\multlinetaggap=\skip50
\mathdisplay@stack=\toks23
LaTeX Info: Redefining \[ on input line 2953.
LaTeX Info: Redefining \] on input line 2954.
)
\mathindent=\skip51

(/usr/share/texlive/texmf-dist/tex/latex/amscls/amsthm.sty
Package: amsthm 2020/05/29 v2.20.6
\thm@style=\toks24
\thm@bodyfont=\toks25
\thm@headfont=\toks26
\thm@notefont=\toks27
\thm@headpunct=\toks28
\thm@preskip=\skip52
\thm@postskip=\skip53
\thm@headsep=\skip54
\dth@everypar=\toks29
)
LaTeX Info: Redefining \qed on input line 753.

(/usr/share/texlive/texmf-dist/tex/latex/natbib/natbib.sty
Package: natbib 2010/09/13 8.31b (PWD, AO)
\bibhang=\skip55
\bibsep=\skip56
LaTeX Info: Redefining \cite on input line 694.
\c@NAT@ctr=\count277
)
\c@figure=\count278
\c@table=\count279
\tablewidth=\dimen151
\c@tabnote=\count280
\c@econsocart@legend@count=\count281
\c@author=\count282
\c@address=\count283
\sv@mathsurround=\dimen152
\@tempcntc=\count284
\@tempcntd=\count285
\@tempcnte=\count286
\numberlines@box=\box53
\numberlines@box@skip=\skip57
\fm@box=\box54
\fm@size=\dimen153
\t@xtheight=\dimen154
\c@econsocartaddressref=\count287
\abstract@box=\box55
\keyword@box=\box56
\pre@kwd@depth=\dimen155
\authors@list=\toks30
\keywords@list=\toks31
)
(/usr/share/texlive/texmf-dist/tex/latex/hyperref/xr-hyper.sty
Package: xr-hyper 2024-01-20 v7.01h eXternal References (DPC)
)
(/usr/share/texlive/texmf-dist/tex/latex/booktabs/booktabs.sty
Package: booktabs 2020/01/12 v1.61803398 Publication quality tables
\heavyrulewidth=\dimen156
\lightrulewidth=\dimen157
\cmidrulewidth=\dimen158
\belowrulesep=\dimen159
\belowbottomsep=\dimen160
\aboverulesep=\dimen161
\abovetopsep=\dimen162
\cmidrulesep=\dimen163
\cmidrulekern=\dimen164
\defaultaddspace=\dimen165
\@cmidla=\count288
\@cmidlb=\count289
\@aboverulesep=\dimen166
\@belowrulesep=\dimen167
\@thisruleclass=\count290
\@lastruleclass=\count291
\@thisrulewidth=\dimen168
)
(/usr/share/texlive/texmf-dist/tex/latex/tools/array.sty
Package: array 2023/10/16 v2.5g Tabular extension package (FMi)
\col@sep=\dimen169
\ar@mcellbox=\box57
\extrarowheight=\dimen170
\NC@list=\toks32
\extratabsurround=\skip58
\backup@length=\skip59
\ar@cellbox=\box58
)
(/usr/share/texlive/texmf-dist/tex/latex/tools/longtable.sty
Package: longtable 2023-11-01 v4.19 Multi-page Table package (DPC)
\LTleft=\skip60
\LTright=\skip61
\LTpre=\skip62
\LTpost=\skip63
\LTchunksize=\count292
\LTcapwidth=\dimen171
\LT@head=\box59
\LT@firsthead=\box60
\LT@foot=\box61
\LT@lastfoot=\box62
\LT@gbox=\box63
\LT@cols=\count293
\LT@rows=\count294
\c@LT@tables=\count295
\c@LT@chunks=\count296
\LT@p@ftn=\toks33
)
(/usr/share/texlive/texmf-dist/tex/latex/algorithms/algorithm.sty
Package: algorithm 2009/08/24 v0.1 Document Style `algorithm' - floating enviro
nment

(/usr/share/texlive/texmf-dist/tex/latex/float/float.sty
Package: float 2001/11/08 v1.3d Float enhancements (AL)
\c@float@type=\count297
\float@exts=\toks34
\float@box=\box64
\@float@everytoks=\toks35
\@floatcapt=\box65
)
(/usr/share/texlive/texmf-dist/tex/latex/base/ifthen.sty
Package: ifthen 2022/04/13 v1.1d Standard LaTeX ifthen package (DPC)
)
\@float@every@algorithm=\toks36
\c@algorithm=\count298
)
(/usr/share/texlive/texmf-dist/tex/latex/algorithmicx/algpseudocode.sty
Package: algpseudocode 

(/usr/share/texlive/texmf-dist/tex/latex/algorithmicx/algorithmicx.sty
Package: algorithmicx 2005/04/27 v1.2 Algorithmicx

Document Style algorithmicx 1.2 - a greatly improved `algorithmic' style
\c@ALG@line=\count299
\c@ALG@rem=\count300
\c@ALG@nested=\count301
\ALG@tlm=\skip64
\ALG@thistlm=\skip65
\c@ALG@Lnr=\count302
\c@ALG@blocknr=\count303
\c@ALG@storecount=\count304
\c@ALG@tmpcounter=\count305
\ALG@tmplength=\skip66
)
Document Style - pseudocode environments for use with the `algorithmicx' style
) (/usr/share/texlive/texmf-dist/tex/latex/enumitem/enumitem.sty
Package: enumitem 2019/06/20 v3.9 Customized lists
\labelindent=\skip67
\enit@outerparindent=\dimen172
\enit@toks=\toks37
\enit@inbox=\box66
\enit@count@id=\count306
\enitdp@description=\count307
)
(/usr/share/texlive/texmf-dist/tex/latex/base/fontenc.sty
Package: fontenc 2021/04/29 v2.0v Standard LaTeX package
)
(/usr/share/texlive/texmf-dist/tex/latex/psnfss/mathpazo.sty
Package: mathpazo 2020/03/25 PSNFSS-v9.3 Palatino w/ Pazo Math (D.Puga, WaS) 
\symupright=\mathgroup7
)
(/usr/share/texlive/texmf-dist/tex/latex/microtype/microtype.sty
Package: microtype 2023/03/13 v3.1a Micro-typographical refinements (RS)
\MT@toks=\toks38
\MT@tempbox=\box67
\MT@count=\count308
LaTeX Info: Redefining \noprotrusionifhmode on input line 1059.
LaTeX Info: Redefining \leftprotrusion on input line 1060.
\MT@prot@toks=\toks39
LaTeX Info: Redefining \rightprotrusion on input line 1078.
LaTeX Info: Redefining \textls on input line 1368.
\MT@outer@kern=\dimen173
LaTeX Info: Redefining \textmicrotypecontext on input line 1988.
\MT@listname@count=\count309

(/usr/share/texlive/texmf-dist/tex/latex/microtype/microtype-pdftex.def
File: microtype-pdftex.def 2023/03/13 v3.1a Definitions specific to pdftex (RS)

LaTeX Info: Redefining \lsstyle on input line 902.
LaTeX Info: Redefining \lslig on input line 902.
\MT@outer@space=\skip68
)
Package microtype Info: Loading configuration file microtype.cfg.

(/usr/share/texlive/texmf-dist/tex/latex/microtype/microtype.cfg
File: microtype.cfg 2023/03/13 v3.1a microtype main configuration file (RS)
))
(/usr/share/texlive/texmf-dist/tex/latex/needspace/needspace.sty
Package: needspace 2010/09/12 v1.3d reserve vertical space
)
(/usr/share/texlive/texmf-dist/tex/latex/hyperref/hyperref.sty
Package: hyperref 2024-01-20 v7.01h Hypertext links for LaTeX

(/usr/share/texlive/texmf-dist/tex/generic/iftex/iftex.sty
Package: iftex 2022/02/03 v1.0f TeX engine tests
)
(/usr/share/texlive/texmf-dist/tex/latex/kvsetkeys/kvsetkeys.sty
Package: kvsetkeys 2022-10-05 v1.19 Key value parser (HO)
)
(/usr/share/texlive/texmf-dist/tex/generic/kvdefinekeys/kvdefinekeys.sty
Package: kvdefinekeys 2019-12-19 v1.6 Define keys (HO)
)
(/usr/share/texlive/texmf-dist/tex/generic/pdfescape/pdfescape.sty
Package: pdfescape 2019/12/09 v1.15 Implements pdfTeX's escape features (HO)

(/usr/share/texlive/texmf-dist/tex/generic/ltxcmds/ltxcmds.sty
Package: ltxcmds 2023-12-04 v1.26 LaTeX kernel commands for general use (HO)
)
(/usr/share/texlive/texmf-dist/tex/generic/pdftexcmds/pdftexcmds.sty
Package: pdftexcmds 2020-06-27 v0.33 Utility functions of pdfTeX for LuaTeX (HO
)

(/usr/share/texlive/texmf-dist/tex/generic/infwarerr/infwarerr.sty
Package: infwarerr 2019/12/03 v1.5 Providing info/warning/error messages (HO)
)
Package pdftexcmds Info: \pdf@primitive is available.
Package pdftexcmds Info: \pdf@ifprimitive is available.
Package pdftexcmds Info: \pdfdraftmode found.
))
(/usr/share/texlive/texmf-dist/tex/latex/hycolor/hycolor.sty
Package: hycolor 2020-01-27 v1.10 Color options for hyperref/bookmark (HO)
)
(/usr/share/texlive/texmf-dist/tex/latex/auxhook/auxhook.sty
Package: auxhook 2019-12-17 v1.6 Hooks for auxiliary files (HO)
)
(/usr/share/texlive/texmf-dist/tex/latex/hyperref/nameref.sty
Package: nameref 2023-11-26 v2.56 Cross-referencing by name of section

(/usr/share/texlive/texmf-dist/tex/latex/refcount/refcount.sty
Package: refcount 2019/12/15 v3.6 Data extraction from label references (HO)
)
(/usr/share/texlive/texmf-dist/tex/generic/gettitlestring/gettitlestring.sty
Package: gettitlestring 2019/12/15 v1.6 Cleanup title references (HO)

(/usr/share/texlive/texmf-dist/tex/latex/kvoptions/kvoptions.sty
Package: kvoptions 2022-06-15 v3.15 Key value format for package options (HO)
))
\c@section@level=\count310
)
\@linkdim=\dimen174
\Hy@linkcounter=\count311
\Hy@pagecounter=\count312

(/usr/share/texlive/texmf-dist/tex/latex/hyperref/pd1enc.def
File: pd1enc.def 2024-01-20 v7.01h Hyperref: PDFDocEncoding definition (HO)
Now handling font encoding PD1 ...
... no UTF-8 mapping file for font encoding PD1
)
(/usr/share/texlive/texmf-dist/tex/generic/intcalc/intcalc.sty
Package: intcalc 2019/12/15 v1.3 Expandable calculations with integers (HO)
)
\Hy@SavedSpaceFactor=\count313

(/usr/share/texlive/texmf-dist/tex/latex/hyperref/puenc.def
File: puenc.def 2024-01-20 v7.01h Hyperref: PDF Unicode definition (HO)
Now handling font encoding PU ...
... no UTF-8 mapping file for font encoding PU
)
Package hyperref Info: Option `draft' set `true' on input line 4062.
Package hyperref Info: Option `setpagesize' set `false' on input line 4062.
Package hyperref Info: Option `draft' set `false' on input line 4062.
Package hyperref Info: Option `colorlinks' set `true' on input line 4062.
Package hyperref Info: Hyper figures OFF on input line 4179.
Package hyperref Info: Link nesting OFF on input line 4184.
Package hyperref Info: Hyper index ON on input line 4187.
Package hyperref Info: Plain pages OFF on input line 4194.
Package hyperref Info: Backreferencing OFF on input line 4199.
Package hyperref Info: Implicit mode ON; LaTeX internals redefined.
Package hyperref Info: Bookmarks ON on input line 4446.
\c@Hy@tempcnt=\count314
LaTeX Info: Redefining \url on input line 4784.
\XeTeXLinkMargin=\dimen175

(/usr/share/texlive/texmf-dist/tex/generic/bitset/bitset.sty
Package: bitset 2019/12/09 v1.3 Handle bit-vector datatype (HO)

(/usr/share/texlive/texmf-dist/tex/generic/bigintcalc/bigintcalc.sty
Package: bigintcalc 2019/12/15 v1.5 Expandable calculations on big integers (HO
)
))
\Fld@menulength=\count315
\Field@Width=\dimen176
\Fld@charsize=\dimen177
Package hyperref Info: Hyper figures OFF on input line 6063.
Package hyperref Info: Link nesting OFF on input line 6068.
Package hyperref Info: Hyper index ON on input line 6071.
Package hyperref Info: backreferencing OFF on input line 6078.
Package hyperref Info: Link coloring ON on input line 6081.
Package hyperref Info: Link coloring with OCG OFF on input line 6088.
Package hyperref Info: PDF/A mode OFF on input line 6093.

(/usr/share/texlive/texmf-dist/tex/latex/base/atbegshi-ltx.sty
Package: atbegshi-ltx 2021/01/10 v1.0c Emulation of the original atbegshi
package with kernel methods
)
\Hy@abspage=\count316
\c@Item=\count317
\c@Hfootnote=\count318
)
Package hyperref Info: Driver (autodetected): hpdftex.

(/usr/share/texlive/texmf-dist/tex/latex/hyperref/hpdftex.def
File: hpdftex.def 2024-01-20 v7.01h Hyperref driver for pdfTeX

(/usr/share/texlive/texmf-dist/tex/latex/base/atveryend-ltx.sty
Package: atveryend-ltx 2020/08/19 v1.0a Emulation of the original atveryend pac
kage
with kernel methods
)
\Fld@listcount=\count319
\c@bookmark@seq@number=\count320

(/usr/share/texlive/texmf-dist/tex/latex/rerunfilecheck/rerunfilecheck.sty
Package: rerunfilecheck 2022-07-10 v1.10 Rerun checks for auxiliary files (HO)

(/usr/share/texlive/texmf-dist/tex/generic/uniquecounter/uniquecounter.sty
Package: uniquecounter 2019/12/15 v1.4 Provide unlimited unique counter (HO)
)
Package uniquecounter Info: New unique counter `rerunfilecheck' on input line 2
85.
)
\Hy@SectionHShift=\skip69
)
\c@theorem=\count321
\c@assumption=\count322
\c@definition=\count323
\c@remark=\count324
\c@example=\count325
Package xr Info: IMPORTING LABELS FROM revisions/2026-10-05-r21/build/ECTA_refs
.aux on input line 40.
Package xr Info: IMPORTING LABELS FROM revisions/2026-10-05-r21/build/applicati
ons_refs.aux on input line 41.
LaTeX Font Info:    Trying to load font information for T1+pcr on input line 42
.

(/usr/share/texlive/texmf-dist/tex/latex/psnfss/t1pcr.fd
File: t1pcr.fd 2001/06/04 font definitions for T1/pcr.
)
(/usr/share/texlive/texmf-dist/tex/latex/hyperref/backref.sty
Package: backref 2023-11-26 v1.44 Bibliographical back referencing
)
LaTeX Font Info:    Trying to load font information for T1+ppl on input line 42
.

(/usr/share/texlive/texmf-dist/tex/latex/psnfss/t1ppl.fd
File: t1ppl.fd 2001/06/04 font definitions for T1/ppl.
)
(/usr/share/texlive/texmf-dist/tex/latex/l3backend/l3backend-pdftex.def
File: l3backend-pdftex.def 2024-01-04 L3 backend support: PDF output (pdfTeX)
\l__color_backend_stack_int=\count326
\l__pdf_internal_box=\box68
)

LaTeX Warning: Unused global option(s):
    [nameyear].

(revisions/2026-10-05-r21/build/supp.aux)
\openout1 = `supp.aux'.

LaTeX Font Info:    Checking defaults for OML/cmm/m/it on input line 42.
LaTeX Font Info:    ... okay on input line 42.
LaTeX Font Info:    Checking defaults for OMS/cmsy/m/n on input line 42.
LaTeX Font Info:    ... okay on input line 42.
LaTeX Font Info:    Checking defaults for OT1/cmr/m/n on input line 42.
LaTeX Font Info:    ... okay on input line 42.
LaTeX Font Info:    Checking defaults for T1/cmr/m/n on input line 42.
LaTeX Font Info:    ... okay on input line 42.
LaTeX Font Info:    Checking defaults for TS1/cmr/m/n on input line 42.
LaTeX Font Info:    ... okay on input line 42.
LaTeX Font Info:    Checking defaults for OMX/cmex/m/n on input line 42.
LaTeX Font Info:    ... okay on input line 42.
LaTeX Font Info:    Checking defaults for U/cmr/m/n on input line 42.
LaTeX Font Info:    ... okay on input line 42.
LaTeX Font Info:    Checking defaults for PD1/pdf/m/n on input line 42.
LaTeX Font Info:    ... okay on input line 42.
LaTeX Font Info:    Checking defaults for PU/pdf/m/n on input line 42.
LaTeX Font Info:    ... okay on input line 42.

(/usr/share/texlive/texmf-dist/tex/context/base/mkii/supp-pdf.mkii
[Loading MPS to PDF converter (version 2006.09.02).]
\scratchcounter=\count327
\scratchdimen=\dimen178
\scratchbox=\box69
\nofMPsegments=\count328
\nofMParguments=\count329
\everyMPshowfont=\toks40
\MPscratchCnt=\count330
\MPscratchDim=\dimen179
\MPnumerator=\count331
\makeMPintoPDFobject=\count332
\everyMPtoPDFconversion=\toks41
)
LaTeX Info: Redefining \microtypecontext on input line 42.
Package microtype Info: Applying patch `item' on input line 42.
Package microtype Info: Applying patch `toc' on input line 42.
Package microtype Info: Applying patch `eqnum' on input line 42.
Package microtype Info: Applying patch `footnote' on input line 42.
Package microtype Info: Applying patch `verbatim' on input line 42.
Package microtype Info: Generating PDF output.
Package microtype Info: Character protrusion enabled (level 2).
Package microtype Info: Using default protrusion set `alltext'.
Package microtype Info: Automatic font expansion enabled (level 2),
(microtype)             stretch: 20, shrink: 20, step: 1, non-selected.
Package microtype Info: Using default expansion set `alltext-nott'.
LaTeX Info: Redefining \showhyphens on input line 42.
Package microtype Info: No adjustment of tracking.
Package microtype Info: No adjustment of interword spacing.
Package microtype Info: No adjustment of character kerning.
 (/usr/share/texlive/texmf-dist/tex/latex/microtype/mt-ppl.cfg
File: mt-ppl.cfg 2005/11/16 v1.6 microtype config. file: Palatino (RS)
)
(/usr/share/texlive/texmf-dist/tex/latex/graphics/color.sty
Package: color 2022/01/06 v1.3d Standard LaTeX Color (DPC)

(/usr/share/texlive/texmf-dist/tex/latex/graphics-cfg/color.cfg
File: color.cfg 2016/01/02 v1.6 sample color configuration
)
Package color Info: Driver file: pdftex.def on input line 149.

(/usr/share/texlive/texmf-dist/tex/latex/graphics/mathcolor.ltx))
Package hyperref Info: Link coloring ON on input line 42.

(revisions/2026-10-05-r21/build/supp.out)
(revisions/2026-10-05-r21/build/supp.out)
\@outlinefile=\write3
\openout3 = `supp.out'.

Package backref Info: ** backref set up for natbib ** on input line 42.
\@address@1=\toks42

(./revisions/2026-10-04-r16/manuscript/supplement_guide.tex)
(./revisions/2026-10-05-r21/manuscript/relocated_guide.tex)
(./revisions/2026-10-04-r16/manuscript/theory_guide.tex
Underfull \vbox (badness 2980) has occurred while \output is active []

 [1
Non-PDF special ignored!
<special> papersize=614.295pt,794.96999pt
{/var/lib/texmf/fonts/map/pdftex/updmap/pdftex.map}{/usr/share/texlive/texmf-di
st/fonts/enc/dvips/base/8r.enc}

])
(./revisions/2026-10-04-r16/manuscript/menu_main_theory.tex
LaTeX Font Info:    Trying to load font information for OT1+ppl on input line 7
.

(/usr/share/texlive/texmf-dist/tex/latex/psnfss/ot1ppl.fd
File: ot1ppl.fd 2001/06/04 font definitions for OT1/ppl.
)
LaTeX Font Info:    Trying to load font information for OML+zplm on input line 
7.

(/usr/share/texlive/texmf-dist/tex/latex/psnfss/omlzplm.fd
File: omlzplm.fd 2002/09/08 Fontinst v1.914 font definitions for OML/zplm.
)
LaTeX Font Info:    Trying to load font information for OMS+zplm on input line 
7.

(/usr/share/texlive/texmf-dist/tex/latex/psnfss/omszplm.fd
File: omszplm.fd 2002/09/08 Fontinst v1.914 font definitions for OMS/zplm.
)
LaTeX Font Info:    Trying to load font information for OMX+zplm on input line 
7.

(/usr/share/texlive/texmf-dist/tex/latex/psnfss/omxzplm.fd
File: omxzplm.fd 2002/09/08 Fontinst v1.914 font definitions for OMX/zplm.
)
LaTeX Font Info:    Font shape `U/msa/m/n' will be
(Font)              scaled to size 12.50409pt on input line 7.

(/usr/share/texlive/texmf-dist/tex/latex/microtype/mt-msa.cfg
File: mt-msa.cfg 2006/02/04 v1.1 microtype config. file: AMS symbols (a) (RS)
)
LaTeX Font Info:    Font shape `U/msa/m/n' will be
(Font)              scaled to size 9.37807pt on input line 7.
LaTeX Font Info:    Font shape `U/msa/m/n' will be
(Font)              scaled to size 7.29405pt on input line 7.
LaTeX Font Info:    Font shape `U/msb/m/n' will be
(Font)              scaled to size 12.50409pt on input line 7.

(/usr/share/texlive/texmf-dist/tex/latex/microtype/mt-msb.cfg
File: mt-msb.cfg 2005/06/01 v1.0 microtype config. file: AMS symbols (b) (RS)
)
LaTeX Font Info:    Font shape `U/msb/m/n' will be
(Font)              scaled to size 9.37807pt on input line 7.
LaTeX Font Info:    Font shape `U/msb/m/n' will be
(Font)              scaled to size 7.29405pt on input line 7.

(/usr/share/texlive/texmf-dist/tex/latex/microtype/mt-cmr.cfg
File: mt-cmr.cfg 2013/05/19 v2.2 microtype config. file: Computer Modern Roman 
(RS)
)
LaTeX Font Info:    Trying to load font information for OT1+zplm on input line 
7.

(/usr/share/texlive/texmf-dist/tex/latex/psnfss/ot1zplm.fd
File: ot1zplm.fd 2002/09/08 Fontinst v1.914 font definitions for OT1/zplm.
)
Package microtype Info: Loading generic protrusion settings for font family
(microtype)             `zplm' (encoding: OT1).
(microtype)             For optimal results, create family-specific settings.
(microtype)             See the microtype manual for details.
LaTeX Font Info:    Trying to load font information for U+fplmbb on input line 
15.

(/usr/share/texlive/texmf-dist/tex/latex/psnfss/ufplmbb.fd
File: ufplmbb.fd 2003/10/30 Fontinst v1.914 font definitions for U/fplmbb.
)

LaTeX Font Warning: Font shape `T1/ppl/m/uc' undefined
(Font)              using `T1/ppl/m/n' instead on input line 23.


LaTeX Font Warning: Font shape `T1/ppl/m/up' undefined
(Font)              using `T1/ppl/m/n' instead on input line 23.

[2]) (./revisions/2026-10-04-r16/manuscript/new_theory_summary.tex
Underfull \vbox (badness 10000) has occurred while \output is active []

 [3])
(./revisions/2026-10-04-r16/manuscript/computational_design.tex
Underfull \vbox (badness 7631) has occurred while \output is active []

 [4]
Underfull \vbox (badness 10000) has occurred while \output is active []

 [5]
[6]) (./revisions/2026-10-05-r18/manuscript/risk_main.tex [7]
(./revisions/2026-10-05-r18/manuscript/risk_table.tex
LaTeX Font Info:    Calculating math sizes for size <10.8> on input line 4.
LaTeX Font Info:    Font shape `U/msa/m/n' will be
(Font)              scaled to size 11.25368pt on input line 4.
LaTeX Font Info:    Font shape `U/msa/m/n' will be
(Font)              scaled to size 8.55272pt on input line 4.
LaTeX Font Info:    Font shape `U/msa/m/n' will be
(Font)              scaled to size 6.75226pt on input line 4.
LaTeX Font Info:    Font shape `U/msb/m/n' will be
(Font)              scaled to size 11.25368pt on input line 4.
LaTeX Font Info:    Font shape `U/msb/m/n' will be
(Font)              scaled to size 8.55272pt on input line 4.
LaTeX Font Info:    Font shape `U/msb/m/n' will be
(Font)              scaled to size 6.75226pt on input line 4.
LaTeX Font Info:    Calculating math sizes for size <9.6> on input line 16.
LaTeX Font Info:    Font shape `U/msa/m/n' will be
(Font)              scaled to size 10.00327pt on input line 16.
LaTeX Font Info:    Font shape `U/msa/m/n' will be
(Font)              scaled to size 7.60242pt on input line 16.
LaTeX Font Info:    Font shape `U/msa/m/n' will be
(Font)              scaled to size 6.00201pt on input line 16.
LaTeX Font Info:    Font shape `U/msb/m/n' will be
(Font)              scaled to size 10.00327pt on input line 16.
LaTeX Font Info:    Font shape `U/msb/m/n' will be
(Font)              scaled to size 7.60242pt on input line 16.
LaTeX Font Info:    Font shape `U/msb/m/n' will be
(Font)              scaled to size 6.00201pt on input line 16.
) [8])
(./revisions/2026-10-05-r18/manuscript/catalogue_main.tex
Underfull \vbox (badness 3746) has occurred while \output is active []

 [9]
(./revisions/2026-10-05-r18/manuscript/catalogue_table.tex)
Underfull \vbox (badness 6380) has occurred while \output is active []

 [10])
[11] (./revisions/2026-10-04-r16/retained/manuscript/general_theory.tex
[12

] [13]) (./revisions/2026-10-04-r16/retained/manuscript/mechanism.tex
Underfull \vbox (badness 1783) has occurred while \output is active []

 [14]
[15] [16])
(./revisions/2026-10-04-r16/retained/manuscript/appendix_evaluation.tex
[17]

Package hyperref Warning: Difference (2) between bookmark levels is greater 
(hyperref)                than one, level fixed on input line 22.

[18] [19]
Underfull \vbox (badness 1005) has occurred while \output is active []

 [20]
[21] [22]
Underfull \vbox (badness 2469) has occurred while \output is active []

 [23]
[24] [25]) (./revisions/2026-10-04-r16/retained/manuscript/appendix_proofs.tex

Package hyperref Warning: Difference (2) between bookmark levels is greater 
(hyperref)                than one, level fixed on input line 6.


Underfull \vbox (badness 2334) has occurred while \output is active []

 [26]
[27] [28] [29] [30] [31] [32] [33]
Underfull \vbox (badness 3623) has occurred while \output is active []

 [34]
Underfull \vbox (badness 2126) has occurred while \output is active []

 [35]
Underfull \vbox (badness 1655) has occurred while \output is active []

 [36]
[37] [38])
(./revisions/2026-10-04-r16/retained/manuscript/appendix_capital_accounts.tex
[39] [40] [41] [42] [43]
Underfull \vbox (badness 1888) has occurred while \output is active []

 [44]
[45]
Underfull \vbox (badness 1205) has occurred while \output is active []

 [46]
[47] [48]
Package microtype Info: Loading generic protrusion settings for font family
(microtype)             `pcr' (encoding: T1).
(microtype)             For optimal results, create family-specific settings.
(microtype)             See the microtype manual for details.

Underfull \vbox (badness 5091) has occurred while \output is active []

 [49]
Underfull \hbox (badness 922) in paragraph at lines 296--297
[]\T1/ppl/m/up/12 (+20) The sam-pling con-tract is ideal in-de-pen-dent standar
d-normal in-no-va-tions
 []

[50] [51]) (./revisions/2026-10-04-r16/retained/manuscript/new_proofs.tex
[52] [53] [54] [55]
Underfull \vbox (badness 2653) has occurred while \output is active []

 [56]
[57] [58] [59])
(./revisions/2026-10-04-r16/retained/manuscript/paired_transfer.tex [60]
[61] [62]
Underfull \vbox (badness 10000) has occurred while \output is active []

 [63]
(/usr/share/texlive/texmf-dist/tex/latex/microtype/mt-euf.cfg
File: mt-euf.cfg 2006/07/03 v1.1 microtype config. file: AMS Euler Fraktur (RS)

) [64] [65]
[66] [67] [68] [69])
(./revisions/2026-10-04-r16/retained/manuscript/method_inference_proof.tex
Underfull \vbox (badness 10000) has occurred while \output is active []

 [70])
(./revisions/2026-10-04-r16/manuscript/paired_audit.tex [71])
(./revisions/2026-10-04-r16/manuscript/signed_bellman_bridge.tex
Underfull \vbox (badness 3930) has occurred while \output is active []

 [72]
[73] [74] [75] [76]) (./revisions/2026-10-04-r16/manuscript/menu_theory.tex
Underfull \vbox (badness 1596) has occurred while \output is active []

 [77]
Underfull \vbox (badness 1158) has occurred while \output is active []

 [78]
[79] [80] [81] [82])
(./revisions/2026-10-04-r16/retained/manuscript/appendix_implementation.tex
[83] [84] [85] [86])
(./revisions/2026-10-04-r16/retained/manuscript/appendix_observation.tex
Underfull \vbox (badness 10000) has occurred while \output is active []

 [87]
[88] [89] [90] [91]
Underfull \vbox (badness 5036) has occurred while \output is active []

 [92]
Underfull \vbox (badness 4341) has occurred while \output is active []

 [93]
[94]) (./revisions/2026-10-04-r16/retained/manuscript/appendix_diagnostics.tex
[95] [96] [97] [98] [99] [100] [101] [102] [103])
(./revisions/2026-10-04-r16/manuscript/previous_evidence_guide.tex [104

])
(./revisions/2026-10-04-r16/retained/manuscript/evidence_baseline.tex
Underfull \vbox (badness 2376) has occurred while \output is active []

 [105]
Underfull \vbox (badness 10000) has occurred while \output is active []

 [106]
Underfull \vbox (badness 10000) has occurred while \output is active []

 [107])
(./revisions/2026-10-04-r16/retained/manuscript/new_evidence.tex
(./revisions/2026-10-04-r16/retained/manuscript/experiment_design.tex [108])
(./revisions/2026-10-04-r16/retained/manuscript/baseline_design.tex
Underfull \vbox (badness 10000) has occurred while \output is active []

 [109]
[110]) (./revisions/2026-10-04-r16/retained/manuscript/method_inference.tex
[111] [112] [113])
(./revisions/2026-10-04-r16/retained/manuscript/method_evidence.tex
(./revisions/2026-10-04-r16/retained/results/publication_tables/table_method_su
mmary.tex)
(./revisions/2026-10-04-r16/retained/results/publication_tables/table_method_co
mparisons.tex
LaTeX Font Info:    Trying to load font information for TS1+ppl on input line 1
9.
 (/usr/share/texlive/texmf-dist/tex/latex/psnfss/ts1ppl.fd
File: ts1ppl.fd 2001/06/04 font definitions for TS1/ppl.
))
(./revisions/2026-10-04-r16/retained/results/experiment/report/table_method_wor
k.tex)
(./revisions/2026-10-04-r16/retained/results/experiment/report/table_method_ope
rations.tex)
(./revisions/2026-10-04-r16/retained/results/experiment/report/table_method_dec
omposition.tex))
(./revisions/2026-10-04-r16/retained/manuscript/primary_interpretation.tex
[114] [115] [116] [117])
(./revisions/2026-10-04-r16/retained/manuscript/paired_comparison.tex
(./revisions/2026-10-04-r16/retained/results/paired_transfer/paired_transfer_ma
in.tex)
(./revisions/2026-10-04-r16/retained/manuscript/paired_interpretation.tex))
(./revisions/2026-10-04-r16/retained/results/economic_bounds/economic_bounds.te
x [118]
Underfull \vbox (badness 2762) has occurred while \output is active []

 [119]
(./revisions/2026-10-04-r16/retained/results/economic_bounds/table_economic_bou
nds.tex))
(./revisions/2026-10-04-r16/retained/manuscript/mechanism_evidence.tex
(./revisions/2026-10-04-r16/retained/results/mechanism/report/mechanism_evidenc
e.tex
Underfull \vbox (badness 10000) has occurred while \output is active []

 [120]
Underfull \vbox (badness 7486) has occurred while \output is active []

 [121])
(./revisions/2026-10-04-r16/retained/results/mechanism/report/table_mechanism_e
valuation.tex)
(./revisions/2026-10-04-r16/retained/results/mechanism/report/table_mechanism_w
elfare.tex))
(./revisions/2026-10-04-r16/retained/results/scalar_report/scalar_evidence.tex
Underfull \vbox (badness 10000) has occurred while \output is active []

 [122]
(./revisions/2026-10-04-r16/retained/results/scalar_report/table_scalar_trainin
g.tex)
(./revisions/2026-10-04-r16/retained/results/scalar_report/table_scalar_deploym
ent.tex) [123] [124])
(./revisions/2026-10-04-r16/retained/manuscript/observation_evidence.tex
Underfull \vbox (badness 5203) has occurred while \output is active []

 [125]
(./revisions/2026-10-04-r16/retained/manuscript/table_observation_main.tex)))
(./revisions/2026-10-04-r16/retained/manuscript/experiment_supplement.tex
(./revisions/2026-10-04-r16/retained/results/publication_tables/table_method_se
ed_endpoints.tex
Underfull \vbox (badness 3930) has occurred while \output is active []

 [126]
[127] [128] [129] [130] [131] [132] [133])
(./revisions/2026-10-04-r16/retained/results/experiment/report/table_method_che
ckpoint_progress.tex
Underfull \hbox (badness 10000) in paragraph at lines 240--4

 []

[134]))
(./revisions/2026-10-04-r16/retained/manuscript/mechanism_supplement.tex
(./revisions/2026-10-04-r16/retained/results/mechanism/report/table_mechanism_f
ull.tex)
(./revisions/2026-10-04-r16/retained/results/mechanism/report/table_mechanism_w
ork.tex))
(./revisions/2026-10-04-r16/retained/manuscript/scalar_algebraic_enclosure.tex
[135]
Overfull \vbox (0.6878pt too high) has occurred while \output is active []


[136] [137] [138])
(./revisions/2026-10-04-r16/retained/manuscript/scalar_supplement.tex
(./revisions/2026-10-04-r16/retained/results/scalar_report/scalar_complete_tabl
es.tex
(./revisions/2026-10-04-r16/retained/results/scalar_report/table_scalar_all_mes
hes.tex [139])
(./revisions/2026-10-04-r16/retained/results/scalar_report/table_scalar_refinem
ent.tex)
(./revisions/2026-10-04-r16/retained/results/scalar_report/table_scalar_time_re
finement.tex)
(./revisions/2026-10-04-r16/retained/results/scalar_report/table_scalar_all_pai
rs.tex [140] [141] [142] [143] [144])))
(./revisions/2026-10-04-r16/retained/manuscript/observation_supplement.tex
(./revisions/2026-10-04-r16/retained/manuscript/table_observation_full.tex)
(./revisions/2026-10-04-r16/retained/manuscript/table_observation_work.tex))
(./revisions/2026-10-04-r16/retained/manuscript/paired_comparison_supplement.te
x
(./revisions/2026-10-04-r16/retained/results/paired_transfer/paired_transfer_su
pplement.tex [145] [146] [147] [148] [149]))
(./revisions/2026-10-04-r16/manuscript/menu_design_supplement.tex [150]
Underfull \vbox (badness 1377) has occurred while \output is active []

 [151]
Underfull \vbox (badness 10000) has occurred while \output is active []

 [152]
Underfull \vbox (badness 10000) has occurred while \output is active []

 [153])
(./revisions/2026-10-04-r16/manuscript/menu_record.tex
(./revisions/2026-10-04-r16/results/continuation_menu/report/menu_supplement.te
x
(./revisions/2026-10-04-r16/results/continuation_menu/report/table_menu_gains.t
ex [154])
(./revisions/2026-10-04-r16/results/continuation_menu/report/table_menu_all_eve
nts.tex
Underfull \hbox (badness 10000) in paragraph at lines 52--1
[]$[]$
 []


Underfull \hbox (badness 10000) in paragraph at lines 52--1

 []

[155] [156] [157] [158] [159] [160] [161])
(./revisions/2026-10-04-r16/results/continuation_menu/report/table_menu_all_wor
k.tex
Underfull \hbox (badness 10000) in paragraph at lines 228--1
[]$[]$
 []


Underfull \hbox (badness 10000) in paragraph at lines 228--1

 []

[162] [163] [164] [165])
(./revisions/2026-10-04-r16/results/continuation_menu/report/table_menu_all_sca
lar.tex
Underfull \hbox (badness 10000) in paragraph at lines 132--1
[]$[]$
 []


Underfull \hbox (badness 10000) in paragraph at lines 132--1

 []

[166] [167] [168] [169])))
(./revisions/2026-10-04-r16/manuscript/menu_shared_work.tex)
(./revisions/2026-10-04-r16/manuscript/replication_supplement.tex
Underfull \hbox (badness 10000) in paragraph at lines 140--1
[]$[]$
 []


Underfull \vbox (badness 10000) has occurred while \output is active []

 [170]
(./revisions/2026-10-04-r16/results/replication/report/replication_work.tex))
(./revisions/2026-10-04-r16/results/signed_mechanism/report/signed_supplement.t
ex [171]
(./revisions/2026-10-04-r16/results/signed_mechanism/report/table_signed_full.t
ex [172])
(./revisions/2026-10-04-r16/results/signed_mechanism/report/table_signed_work.t
ex)) (./revisions/2026-10-04-r16/manuscript/robustness_supplement.tex [173]
[174] (./revisions/2026-10-04-r16/manuscript/robustness_diagnostics_tables.tex
[175] [176] [177] [178])
(./revisions/2026-10-04-r16/results/robustness/report/robustness_methods.tex
[179] [180]) [181]
(./revisions/2026-10-04-r16/results/robustness/report/robustness_work.tex
[182])) (./revisions/2026-10-05-r17/manuscript/contrast_proofs.tex [183]
[184] [185] [186]) (./revisions/2026-10-05-r18/manuscript/catalogue_proofs.tex
[187] [188]) (./revisions/2026-10-05-r18/manuscript/record.tex [189]
(./revisions/2026-10-05-r18/manuscript/catalogue_complete.tex [190] [191]
[192] [193]) [194]) (./revisions/2026-10-04-r16/manuscript/source_index.tex
[195]) [196]
(./revisions/2026-10-05-r19-integrated/manuscript/retained_accounts.tex
(./revisions/2026-10-04-r16/retained/manuscript/capital.tex
Underfull \vbox (badness 10000) has occurred while \output is active []

 [197

]
[198] [199] [200] [201])
(./revisions/2026-10-04-r16/retained/manuscript/new_theory.tex [202] [203]
Underfull \vbox (badness 1308) has occurred while \output is active []

 [204]
[205])
(./revisions/2026-10-04-r16/retained/manuscript/implementation_summary.tex
Underfull \vbox (badness 5832) has occurred while \output is active []

 [206])
(./revisions/2026-10-04-r16/retained/manuscript/fees.tex [207]))
(./revisions/2026-10-05-r19-integrated/manuscript/decision_proofs.tex [208]
Underfull \vbox (badness 5681) has occurred while \output is active []

 [209]
Package microtype Info: Loading generic protrusion settings for font family
(microtype)             `cmss' (encoding: OT1).
(microtype)             For optimal results, create family-specific settings.
(microtype)             See the microtype manual for details.

[210] [211] [212] [213])
(./revisions/2026-10-05-r19-integrated/results/generated/record.tex [214]
[215] [216] [217]) [218] [219] [220]
(./revisions/2026-10-05-r21/manuscript/composition_proofs.tex

Package hyperref Warning: Difference (3) between bookmark levels is greater 
(hyperref)                than one, level fixed on input line 28.

[221

] [222]) (./revisions/2026-10-05-r21/results/generated/future_economics.tex) (.
/revisions/2026-10-05-r21/results/generated/future_record.tex [223]
[224] [225] [226] [227] [228] [229] [230] [231])
(revisions/2026-10-05-r21/build/supp.bbl
(revisions/2026-10-05-r21/build/supp.brf)
\tf@brf=\write4
\openout4 = `supp.brf'.


Underfull \hbox (badness 1460) in paragraph at lines 47--47
[]\T1/ppl/m/sc/9.6 (+20) Scherrer, Bruno, Mo-ham-mad Ghavamzadeh, Vic-tor Gabil
-lon, Boris Lesner, and
 []

) [232] (revisions/2026-10-05-r21/build/supp.aux)
 ***********
LaTeX2e <2023-11-01> patch level 1
L3 programming layer <2024-01-22>
 ***********


LaTeX Font Warning: Some font shapes were not available, defaults substituted.

Package rerunfilecheck Info: File `supp.out' has not changed.
(rerunfilecheck)             Checksum: 8DD74640DCA89DE1810B38C97F3BA04A;44565.
Package rerunfilecheck Info: File `supp.brf' has not changed.
(rerunfilecheck)             Checksum: 625BBD489629A8D06B9A503D01309F70;651.
 ) 
Here is how much of TeX's memory you used:
 18032 strings out of 476106
 308433 string characters out of 5793933
 2042975 words of memory out of 5000000
 37999 multiletter control sequences out of 15000+600000
 679056 words of font info for 744 fonts, out of 8000000 for 9000
 59 hyphenation exceptions out of 8191
 75i,16n,94p,1399b,648s stack positions out of 10000i,1000n,20000p,200000b,200000s
</usr/share/texlive/texmf-dist/fonts/type1/public/amsfonts/cm/cmbx12.pfb></us
r/share/texlive/texmf-dist/fonts/type1/public/amsfonts/cm/cmex10.pfb></usr/shar
e/texlive/texmf-dist/fonts/type1/public/amsfonts/cm/cmmi10.pfb></usr/share/texl
ive/texmf-dist/fonts/type1/public/amsfonts/cm/cmr10.pfb></usr/share/texlive/tex
mf-dist/fonts/type1/public/amsfonts/cm/cmss9.pfb></usr/share/texlive/texmf-dist
/fonts/type1/public/amsfonts/cm/cmsy10.pfb></usr/share/texlive/texmf-dist/fonts
/type1/public/amsfonts/euler/eufm10.pfb></usr/share/texlive/texmf-dist/fonts/ty
pe1/public/mathpazo/fplmbb.pfb></usr/share/texlive/texmf-dist/fonts/type1/publi
c/mathpazo/fplmr.pfb></usr/share/texlive/texmf-dist/fonts/type1/public/mathpazo
/fplmri.pfb></usr/share/texlive/texmf-dist/fonts/type1/public/amsfonts/symbols/
msam10.pfb></usr/share/texlive/texmf-dist/fonts/type1/urw/courier/ucrr8a.pfb></
usr/share/texlive/texmf-dist/fonts/type1/urw/palatino/uplb8a.pfb></usr/share/te
xlive/texmf-dist/fonts/type1/urw/palatino/uplr8a.pfb></usr/share/texlive/texmf-
dist/fonts/type1/urw/palatino/uplri8a.pfb>
Output written on revisions/2026-10-05-r21/build/supp.pdf (232 pages, 841718 by
tes).
PDF statistics:
 2355 PDF objects out of 2487 (max. 8388607)
 2070 compressed objects within 21 object streams
 631 named destinations out of 1000 (max. 500000)
 110865 words of extra memory for PDF output out of 128383 (max. 10000000)

