\BOOKMARK [1][-]{section.0.1}{\376\377\000R\000e\000t\000a\000i\000n\000e\000d\000\040\000T\000h\000e\000o\000r\000y\000\040\000a\000n\000d\000\040\000C\000o\000m\000p\000a\000r\000i\000s\000o\000n\000\040\000A\000c\000c\000o\000u\000n\000t\000s}{}% 1
\BOOKMARK [2][-]{subsection.0.1.1}{\376\377\000E\000v\000a\000l\000u\000a\000t\000i\000o\000n\000,\000\040\000f\000e\000a\000s\000i\000b\000l\000e\000\040\000i\000m\000p\000r\000o\000v\000e\000m\000e\000n\000t\000,\000\040\000a\000n\000d\000\040\000a\000p\000p\000r\000o\000x\000i\000m\000a\000t\000i\000o\000n}{section.0.1}% 2
\BOOKMARK [2][-]{subsection.0.1.2}{\376\377\000A\000\040\000c\000o\000m\000m\000o\000n\000\040\000c\000o\000n\000t\000i\000n\000u\000a\000t\000i\000o\000n\000\040\000f\000o\000r\000\040\000d\000i\000f\000f\000e\000r\000e\000n\000t\000\040\000e\000c\000o\000n\000o\000m\000i\000c\000\040\000d\000e\000c\000i\000s\000i\000o\000n\000s}{section.0.1}% 3
\BOOKMARK [2][-]{subsection.0.1.3}{\376\377\000S\000i\000g\000n\000e\000d\000\040\000c\000o\000n\000t\000i\000n\000u\000a\000t\000i\000o\000n\000\040\000a\000s\000s\000e\000s\000s\000m\000e\000n\000t}{section.0.1}% 4
\BOOKMARK [1][-]{section.0.2}{\376\377\000C\000o\000m\000p\000u\000t\000a\000t\000i\000o\000n\000a\000l\000\040\000D\000e\000s\000i\000g\000n}{}% 5
\BOOKMARK [2][-]{subsection.0.2.1}{\376\377\000R\000e\000u\000s\000a\000b\000l\000e\000\040\000c\000o\000n\000t\000i\000n\000u\000a\000t\000i\000o\000n\000\040\000a\000n\000d\000\040\000n\000e\000w\000\040\000d\000e\000c\000i\000s\000i\000o\000n\000s}{section.0.2}% 6
\BOOKMARK [2][-]{subsection.0.2.2}{\376\377\000P\000r\000o\000s\000p\000e\000c\000t\000i\000v\000e\000\040\000c\000o\000n\000f\000i\000r\000m\000a\000t\000i\000o\000n\000\040\000o\000f\000\040\000p\000r\000e\000v\000i\000o\000u\000s\000l\000y\000\040\000s\000e\000l\000e\000c\000t\000e\000d\000\040\000p\000o\000l\000i\000c\000i\000e\000s}{section.0.2}% 7
\BOOKMARK [2][-]{subsection.0.2.3}{\376\377\000A\000\040\000s\000t\000r\000e\000n\000g\000t\000h\000e\000n\000e\000d\000\040\000n\000e\000u\000r\000a\000l\000-\000H\000J\000B\000\040\000i\000m\000p\000l\000e\000m\000e\000n\000t\000a\000t\000i\000o\000n}{section.0.2}% 8
\BOOKMARK [2][-]{subsection.0.2.4}{\376\377\000P\000r\000e\000c\000i\000s\000i\000o\000n\000\040\000o\000f\000\040\000t\000h\000e\000\040\000s\000i\000g\000n\000e\000d\000\040\000o\000c\000c\000u\000p\000a\000t\000i\000o\000n\000\040\000a\000c\000c\000o\000u\000n\000t}{section.0.2}% 9
\BOOKMARK [2][-]{subsection.0.2.5}{\376\377\000E\000c\000o\000n\000o\000m\000i\000c\000\040\000a\000n\000d\000\040\000i\000n\000f\000e\000r\000e\000n\000t\000i\000a\000l\000\040\000s\000c\000o\000p\000e}{section.0.2}% 10
\BOOKMARK [1][-]{section.0.3}{\376\377\000C\000o\000n\000t\000i\000n\000u\000a\000t\000i\000o\000n\000\040\000R\000i\000s\000k\000\040\000a\000t\000\040\000t\000h\000e\000\040\000E\000c\000o\000n\000o\000m\000i\000c\000\040\000A\000c\000t\000i\000o\000n}{}% 11
\BOOKMARK [1][-]{section.0.4}{\376\377\000D\000e\000c\000i\000s\000i\000o\000n\000\040\000A\000c\000c\000u\000r\000a\000c\000y\000\040\000a\000c\000r\000o\000s\000s\000\040\000t\000h\000e\000\040\000C\000o\000m\000p\000l\000e\000t\000e\000\040\000B\000u\000d\000g\000e\000t\000\040\000C\000a\000t\000a\000l\000o\000g\000u\000e}{}% 12
\BOOKMARK [1][-]{section.0.5}{\376\377\000V\000e\000r\000i\000f\000i\000c\000a\000t\000i\000o\000n\000,\000\040\000A\000p\000p\000r\000o\000x\000i\000m\000a\000t\000i\000o\000n\000,\000\040\000a\000n\000d\000\040\000V\000i\000s\000c\000o\000s\000i\000t\000y\000\040\000S\000e\000l\000e\000c\000t\000i\000o\000n}{}% 13
\BOOKMARK [2][-]{subsection.0.5.1}{\376\377\000A\000\040\000p\000o\000s\000i\000t\000i\000v\000e\000-\000w\000e\000i\000g\000h\000t\000\040\000r\000e\000c\000u\000r\000s\000i\000v\000e\000\040\000B\000e\000l\000l\000m\000a\000n\000\040\000a\000p\000p\000r\000o\000x\000i\000m\000a\000t\000i\000o\000n}{section.0.5}% 14
\BOOKMARK [1][-]{section.0.6}{\376\377\000B\000e\000l\000l\000m\000a\000n\000\040\000E\000v\000a\000l\000u\000a\000t\000i\000o\000n\000\040\000a\000n\000d\000\040\000D\000i\000r\000e\000c\000t\000\040\000M\000e\000t\000h\000o\000d\000\040\000C\000o\000m\000p\000a\000r\000i\000s\000o\000n\000s}{}% 15
\BOOKMARK [2][-]{subsection.0.6.1}{\376\377\000W\000h\000a\000t\000\040\000t\000h\000e\000\040\000c\000r\000i\000t\000i\000c\000\040\000c\000o\000n\000t\000r\000i\000b\000u\000t\000e\000s}{section.0.6}% 16
\BOOKMARK [2][-]{subsection.0.6.2}{\376\377\000D\000i\000r\000e\000c\000t\000\040\000p\000a\000i\000r\000e\000d\000\040\000e\000c\000o\000n\000o\000m\000i\000c\000\040\000c\000o\000m\000p\000a\000r\000i\000s\000o\000n\000s}{section.0.6}% 17
\BOOKMARK [1][-]{section.0.7}{\376\377\000P\000o\000l\000i\000c\000y\000\040\000E\000v\000a\000l\000u\000a\000t\000i\000o\000n\000,\000\040\000A\000p\000p\000r\000o\000x\000i\000m\000a\000t\000i\000o\000n\000,\000\040\000a\000n\000d\000\040\000C\000o\000m\000p\000l\000e\000t\000e\000\040\000A\000c\000t\000i\000o\000n\000\040\000C\000o\000v\000e\000r\000a\000g\000e}{}% 18
\BOOKMARK [2][-]{subsubsection.0.7.0.1}{\376\377\000C\000o\000n\000d\000i\000t\000i\000o\000n\000i\000n\000g\000\040\000a\000n\000d\000\040\000s\000t\000o\000p\000p\000i\000n\000g}{section.0.7}% 19
\BOOKMARK [2][-]{subsection.0.7.1}{\376\377\000P\000o\000l\000i\000c\000y\000\040\000E\000v\000a\000l\000u\000a\000t\000i\000o\000n\000\040\000a\000n\000d\000\040\000t\000h\000e\000\040\000R\000e\000c\000u\000r\000s\000i\000v\000e\000\040\000P\000o\000l\000i\000c\000y\000\040\000G\000r\000a\000d\000i\000e\000n\000t}{section.0.7}% 20
\BOOKMARK [2][-]{subsection.0.7.2}{\376\377\000R\000e\000p\000r\000e\000s\000e\000n\000t\000a\000t\000i\000o\000n\000,\000\040\000B\000o\000u\000n\000d\000a\000r\000y\000\040\000C\000o\000n\000d\000i\000t\000i\000o\000n\000s\000,\000\040\000a\000n\000d\000\040\000E\000r\000r\000o\000r\000\040\000M\000e\000a\000s\000u\000r\000e\000m\000e\000n\000t}{section.0.7}% 21
\BOOKMARK [3][-]{subsubsection.0.7.2.1}{\376\377\000S\000m\000o\000o\000t\000h\000\040\000a\000p\000p\000r\000o\000x\000i\000m\000a\000t\000i\000o\000n\000\040\000a\000n\000d\000\040\000w\000h\000a\000t\000\040\000i\000t\000\040\000e\000s\000t\000a\000b\000l\000i\000s\000h\000e\000s}{subsection.0.7.2}% 22
\BOOKMARK [3][-]{subsubsection.0.7.2.2}{\376\377\000F\000r\000o\000m\000\040\000r\000e\000s\000i\000d\000u\000a\000l\000\040\000s\000a\000m\000p\000l\000e\000s\000\040\000t\000o\000\040\000a\000\040\000u\000n\000i\000f\000o\000r\000m\000\040\000b\000o\000u\000n\000d}{subsection.0.7.2}% 23
\BOOKMARK [3][-]{subsubsection.0.7.2.3}{\376\377\000W\000h\000y\000\040\000a\000n\000\040\000i\000n\000t\000e\000g\000r\000a\000t\000e\000d\000\040\000d\000i\000f\000f\000e\000r\000e\000n\000t\000i\000a\000l\000\040\000r\000e\000s\000i\000d\000u\000a\000l\000\040\000d\000o\000e\000s\000\040\000n\000o\000t\000\040\000s\000e\000l\000e\000c\000t\000\040\000t\000h\000e\000\040\000v\000a\000l\000u\000e}{subsection.0.7.2}% 24
\BOOKMARK [3][-]{subsubsection.0.7.2.4}{\376\377\000C\000o\000v\000e\000r\000a\000g\000e\000\040\000a\000n\000d\000\040\000i\000n\000d\000e\000p\000e\000n\000d\000e\000n\000t\000\040\000m\000a\000x\000i\000m\000i\000z\000a\000t\000i\000o\000n}{subsection.0.7.2}% 25
\BOOKMARK [3][-]{subsubsection.0.7.2.5}{\376\377\000D\000i\000f\000f\000e\000r\000e\000n\000t\000i\000a\000l\000\040\000a\000n\000d\000\040\000d\000i\000s\000c\000r\000e\000t\000e\000\040\000e\000r\000r\000o\000r\000\040\000a\000c\000c\000o\000u\000n\000t\000s}{subsection.0.7.2}% 26
\BOOKMARK [3][-]{subsubsection.0.7.2.6}{\376\377\000C\000o\000n\000t\000i\000n\000u\000o\000u\000s\000-\000a\000c\000t\000i\000o\000n\000\040\000p\000r\000o\000p\000o\000s\000a\000l\000s\000\040\000a\000n\000d\000\040\000a\000\040\000b\000u\000d\000g\000e\000t\000-\000s\000a\000f\000e\000\040\000B\000e\000l\000l\000m\000a\000n\000\040\000e\000n\000c\000l\000o\000s\000u\000r\000e}{subsection.0.7.2}% 27
\BOOKMARK [1][-]{section.0.8}{\376\377\000P\000r\000o\000o\000f\000s}{}% 28
\BOOKMARK [2][-]{subsubsection.0.8.0.1}{\376\377\000P\000r\000o\000o\000f\000\040\000o\000f\000\040\000T\000h\000e\000o\000r\000e\000m\000\040\000S\000.\0001}{section.0.8}% 29
\BOOKMARK [3][-]{subsubsection.0.8.0.2}{\376\377\000E\000x\000a\000c\000t\000\040\000p\000o\000l\000i\000c\000y\000\040\000i\000m\000p\000r\000o\000v\000e\000m\000e\000n\000t}{subsubsection.0.8.0.1}% 30
\BOOKMARK [3][-]{subsubsection.0.8.0.3}{\376\377\000P\000r\000o\000o\000f\000\040\000o\000f\000\040\000T\000h\000e\000o\000r\000e\000m\000\040\000S\000.\0002}{subsubsection.0.8.0.1}% 31
\BOOKMARK [3][-]{subsubsection.0.8.0.4}{\376\377\000P\000r\000o\000o\000f\000\040\000o\000f\000\040\000T\000h\000e\000o\000r\000e\000m\000\040\000S\000.\0003}{subsubsection.0.8.0.1}% 32
\BOOKMARK [3][-]{subsubsection.0.8.0.5}{\376\377\000F\000i\000n\000i\000t\000e\000-\000h\000o\000r\000i\000z\000o\000n\000\040\000B\000e\000l\000l\000m\000a\000n\000\040\000e\000r\000r\000o\000r\000\040\000a\000c\000c\000u\000m\000u\000l\000a\000t\000i\000o\000n}{subsubsection.0.8.0.1}% 33
\BOOKMARK [3][-]{subsubsection.0.8.0.6}{\376\377\000D\000e\000r\000i\000v\000a\000t\000i\000o\000n\000\040\000o\000f\000\040\000t\000h\000e\000\040\000t\000e\000m\000p\000o\000r\000a\000l\000-\000s\000e\000l\000f\000\040\000c\000o\000n\000d\000i\000t\000i\000o\000n}{subsubsection.0.8.0.1}% 34
\BOOKMARK [2][-]{subsection.0.8.1}{\376\377\000P\000r\000o\000o\000f\000s\000\040\000f\000o\000r\000\040\000t\000h\000e\000\040\000G\000u\000a\000r\000d\000e\000d\000\040\000a\000n\000d\000\040\000S\000i\000g\000n\000e\000d\000\040\000M\000a\000p}{section.0.8}% 35
\BOOKMARK [3][-]{subsubsection.0.8.1.1}{\376\377\000P\000r\000o\000o\000f\000\040\000o\000f\000\040\000P\000r\000o\000p\000o\000s\000i\000t\000i\000o\000n\000\040\000A\000.\0001}{subsection.0.8.1}% 36
\BOOKMARK [3][-]{subsubsection.0.8.1.2}{\376\377\000P\000r\000o\000o\000f\000\040\000o\000f\000\040\000T\000h\000e\000o\000r\000e\000m\000\040\000A\000.\0002}{subsection.0.8.1}% 37
\BOOKMARK [3][-]{subsubsection.0.8.1.3}{\376\377\000D\000e\000r\000i\000v\000a\000t\000i\000v\000e\000\040\000h\000u\000l\000l\000s\000\040\000f\000o\000r\000\040\000t\000h\000e\000\040\000p\000r\000e\000f\000e\000r\000e\000n\000c\000e\000\040\000e\000c\000o\000n\000o\000m\000y}{subsection.0.8.1}% 38
\BOOKMARK [3][-]{subsubsection.0.8.1.4}{\376\377\000P\000r\000o\000o\000f\000\040\000o\000f\000\040\000P\000r\000o\000p\000o\000s\000i\000t\000i\000o\000n\000\040\000A\000.\0003}{subsection.0.8.1}% 39
\BOOKMARK [3][-]{subsubsection.0.8.1.5}{\376\377\000C\000o\000m\000p\000e\000n\000s\000a\000t\000i\000o\000n\000\040\000a\000n\000d\000\040\000a\000r\000i\000t\000h\000m\000e\000t\000i\000c\000\040\000s\000c\000o\000p\000e}{subsection.0.8.1}% 40
\BOOKMARK [2][-]{subsection.0.8.2}{\376\377\000A\000d\000d\000i\000t\000i\000o\000n\000a\000l\000\040\000P\000r\000o\000o\000f\000s\000\040\000a\000n\000d\000\040\000N\000u\000m\000e\000r\000i\000c\000a\000l\000\040\000C\000o\000n\000t\000r\000a\000c\000t\000s}{section.0.8}% 41
\BOOKMARK [3][-]{subsubsection.0.8.2.1}{\376\377\000C\000o\000s\000t\000a\000t\000e\000\040\000e\000r\000r\000o\000r\000\040\000a\000n\000d\000\040\000a\000c\000t\000i\000o\000n\000\040\000q\000u\000a\000l\000i\000t\000y}{subsection.0.8.2}% 42
\BOOKMARK [3][-]{subsubsection.0.8.2.2}{\376\377\000C\000a\000n\000c\000e\000l\000l\000a\000t\000i\000o\000n\000,\000\040\000c\000l\000i\000p\000p\000i\000n\000g\000\040\000a\000n\000d\000\040\000f\000i\000n\000i\000t\000e\000-\000p\000o\000p\000u\000l\000a\000t\000i\000o\000n\000\040\000i\000n\000f\000e\000r\000e\000n\000c\000e}{subsection.0.8.2}% 43
\BOOKMARK [3][-]{subsubsection.0.8.2.3}{\376\377\000O\000b\000s\000e\000r\000v\000e\000d\000-\000h\000i\000s\000t\000o\000r\000y\000\040\000i\000m\000p\000l\000e\000m\000e\000n\000t\000a\000t\000i\000o\000n}{subsection.0.8.2}% 44
\BOOKMARK [3][-]{subsubsection.0.8.2.4}{\376\377\000I\000n\000d\000e\000p\000e\000n\000d\000e\000n\000t\000\040\000s\000c\000a\000l\000a\000r\000\040\000H\000J\000B\000\040\000a\000p\000p\000r\000o\000x\000i\000m\000a\000t\000i\000o\000n}{subsection.0.8.2}% 45
\BOOKMARK [3][-]{subsubsection.0.8.2.5}{\376\377\000F\000r\000o\000m\000\040\000e\000v\000a\000l\000u\000a\000t\000i\000o\000n\000\040\000e\000r\000r\000o\000r\000\040\000t\000o\000\040\000e\000c\000o\000n\000o\000m\000i\000c\000\040\000i\000m\000p\000r\000o\000v\000e\000m\000e\000n\000t}{subsection.0.8.2}% 46
\BOOKMARK [1][-]{section.0.9}{\376\377\000C\000a\000p\000i\000t\000a\000l\000\040\000E\000r\000r\000o\000r\000\040\000B\000o\000u\000n\000d\000s\000\040\000a\000n\000d\000\040\000N\000u\000m\000e\000r\000i\000c\000a\000l\000\040\000A\000c\000c\000o\000u\000n\000t\000s}{}% 47
\BOOKMARK [2][-]{subsection.0.9.1}{\376\377\000T\000h\000e\000\040\000a\000n\000a\000l\000y\000t\000i\000c\000a\000l\000\040\000a\000n\000c\000h\000o\000r\000\040\000a\000n\000d\000\040\000t\000u\000b\000e\000\040\000b\000o\000u\000n\000d}{section.0.9}% 48
\BOOKMARK [3][-]{subsubsection.0.9.1.1}{\376\377\000C\000o\000m\000p\000u\000t\000a\000b\000l\000e\000\040\000s\000c\000o\000p\000e\000\040\000a\000n\000d\000\040\000c\000o\000s\000t}{subsection.0.9.1}% 49
\BOOKMARK [2][-]{subsection.0.9.2}{\376\377\000P\000r\000o\000o\000f\000\040\000o\000f\000\040\000t\000h\000e\000\040\000C\000o\000n\000t\000i\000n\000u\000o\000u\000s\000-\000C\000a\000p\000i\000t\000a\000l\000\040\000G\000u\000a\000r\000a\000n\000t\000e\000e}{section.0.9}% 50
\BOOKMARK [3][-]{subsubsection.0.9.2.1}{\376\377\000L\000o\000g\000a\000r\000i\000t\000h\000m\000i\000c\000\040\000t\000a\000n\000g\000e\000n\000t\000\040\000r\000e\000m\000a\000i\000n\000d\000e\000r}{subsection.0.9.2}% 51
\BOOKMARK [3][-]{subsubsection.0.9.2.2}{\376\377\000S\000y\000n\000c\000h\000r\000o\000n\000o\000u\000s\000\040\000c\000o\000m\000p\000a\000r\000i\000s\000o\000n\000\040\000a\000n\000d\000\040\000b\000a\000s\000e\000l\000i\000n\000e\000\040\000m\000o\000m\000e\000n\000t\000s}{subsection.0.9.2}% 52
\BOOKMARK [3][-]{subsubsection.0.9.2.3}{\376\377\000A\000n\000\040\000e\000x\000a\000c\000t\000\040\000p\000a\000y\000o\000f\000f\000-\000d\000i\000f\000f\000e\000r\000e\000n\000c\000e\000\040\000i\000d\000e\000n\000t\000i\000t\000y}{subsection.0.9.2}% 53
\BOOKMARK [3][-]{subsubsection.0.9.2.4}{\376\377\000I\000n\000t\000e\000r\000v\000a\000l\000\040\000s\000p\000e\000c\000t\000r\000a\000l\000\040\000a\000n\000d\000\040\000d\000e\000p\000l\000o\000y\000m\000e\000n\000t\000\040\000c\000h\000e\000c\000k\000s}{subsection.0.9.2}% 54
\BOOKMARK [2][-]{subsection.0.9.3}{\376\377\000A\000\040\000n\000e\000t\000w\000o\000r\000k\000-\000i\000n\000d\000e\000p\000e\000n\000d\000e\000n\000t\000\040\000d\000i\000f\000f\000u\000s\000i\000o\000n\000-\000t\000r\000a\000n\000s\000f\000e\000r\000\040\000b\000o\000u\000n\000d}{section.0.9}% 55
\BOOKMARK [2][-]{subsection.0.9.4}{\376\377\000T\000h\000e\000\040\000d\000e\000t\000e\000r\000m\000i\000n\000i\000s\000t\000i\000c\000\040\000c\000l\000i\000p\000p\000i\000n\000g\000\040\000a\000n\000d\000\040\000t\000a\000i\000l\000\040\000a\000c\000c\000o\000u\000n\000t}{section.0.9}% 56
\BOOKMARK [2][-]{subsection.0.9.5}{\376\377\000P\000r\000o\000o\000f\000s\000\040\000f\000o\000r\000\040\000P\000o\000l\000i\000c\000y\000-\000S\000p\000e\000c\000i\000f\000i\000c\000\040\000V\000e\000r\000i\000f\000i\000c\000a\000t\000i\000o\000n}{section.0.9}% 57
\BOOKMARK [3][-]{subsubsection.0.9.5.1}{\376\377\000G\000e\000n\000e\000r\000a\000t\000o\000r\000\040\000a\000n\000d\000\040\000s\000t\000o\000c\000h\000a\000s\000t\000i\000c\000\040\000l\000o\000c\000a\000l\000-\000e\000r\000r\000o\000r\000\040\000b\000o\000u\000n\000d\000s}{subsection.0.9.5}% 58
\BOOKMARK [3][-]{subsubsection.0.9.5.2}{\376\377\000C\000l\000i\000p\000p\000e\000d\000\040\000i\000n\000n\000o\000v\000a\000t\000i\000o\000n\000s\000\040\000a\000n\000d\000\040\000n\000u\000m\000e\000r\000i\000c\000a\000l\000\040\000i\000n\000t\000e\000g\000r\000a\000t\000i\000o\000n}{subsection.0.9.5}% 59
\BOOKMARK [3][-]{subsubsection.0.9.5.3}{\376\377\000A\000r\000i\000t\000h\000m\000e\000t\000i\000c\000\040\000c\000o\000n\000t\000r\000a\000c\000t\000\040\000a\000n\000d\000\040\000f\000o\000r\000w\000a\000r\000d\000-\000e\000r\000r\000o\000r\000\040\000b\000u\000d\000g\000e\000t}{subsection.0.9.5}% 60
\BOOKMARK [3][-]{subsubsection.0.9.5.4}{\376\377\000A\000\040\000g\000l\000o\000b\000a\000l\000\040\000c\000l\000i\000p\000p\000i\000n\000g\000\040\000e\000n\000v\000e\000l\000o\000p\000e}{subsection.0.9.5}% 61
\BOOKMARK [3][-]{subsubsection.0.9.5.5}{\376\377\000F\000i\000n\000i\000t\000e\000\040\000f\000a\000m\000i\000l\000i\000e\000s\000,\000\040\000s\000e\000l\000e\000c\000t\000i\000o\000n\000,\000\040\000a\000n\000d\000\040\000i\000n\000t\000e\000r\000p\000r\000e\000t\000a\000t\000i\000o\000n}{subsection.0.9.5}% 62
\BOOKMARK [1][-]{section.0.10}{\376\377\000P\000r\000o\000o\000f\000s\000\040\000a\000n\000d\000\040\000C\000o\000m\000p\000u\000t\000a\000b\000l\000e\000\040\000A\000c\000c\000o\000u\000n\000t\000s\000\040\000f\000o\000r\000\040\000t\000h\000e\000\040\000B\000e\000l\000l\000m\000a\000n\000\040\000B\000r\000i\000d\000g\000e}{}% 63
\BOOKMARK [2][-]{subsection.0.10.1}{\376\377\000F\000i\000n\000i\000t\000e\000\040\000p\000e\000r\000f\000o\000r\000m\000a\000n\000c\000e\000\040\000d\000i\000f\000f\000e\000r\000e\000n\000c\000e\000\040\000a\000n\000d\000\040\000t\000h\000e\000\040\000a\000c\000t\000i\000o\000n\000\040\000b\000r\000i\000d\000g\000e}{section.0.10}% 64
\BOOKMARK [2][-]{subsection.0.10.2}{\376\377\000A\000\040\000c\000o\000m\000p\000u\000t\000a\000b\000l\000e\000\040\000a\000c\000t\000i\000o\000n\000\040\000g\000a\000p}{section.0.10}% 65
\BOOKMARK [2][-]{subsection.0.10.3}{\376\377\000C\000o\000n\000t\000i\000n\000u\000a\000t\000i\000o\000n\000\040\000t\000a\000r\000g\000e\000t\000s\000\040\000o\000n\000\040\000o\000n\000e\000\040\000g\000l\000o\000b\000a\000l\000\040\000g\000r\000i\000d}{section.0.10}% 66
\BOOKMARK [2][-]{subsection.0.10.4}{\376\377\000A\000n\000t\000i\000t\000h\000e\000t\000i\000c\000\040\000c\000a\000n\000c\000e\000l\000l\000a\000t\000i\000o\000n\000\040\000a\000n\000d\000\040\000n\000o\000n\000a\000s\000y\000m\000p\000t\000o\000t\000i\000c\000\040\000r\000a\000n\000g\000e\000s}{section.0.10}% 67
\BOOKMARK [2][-]{subsection.0.10.5}{\376\377\000S\000t\000a\000t\000i\000s\000t\000i\000c\000s\000,\000\040\000a\000r\000i\000t\000h\000m\000e\000t\000i\000c\000,\000\040\000a\000n\000d\000\040\000p\000a\000y\000o\000f\000f\000\040\000t\000r\000a\000n\000s\000f\000e\000r}{section.0.10}% 68
\BOOKMARK [1][-]{section.0.11}{\376\377\000A\000\040\000P\000a\000i\000r\000e\000d\000\040\000T\000r\000a\000n\000s\000f\000e\000r\000\040\000t\000o\000\040\000C\000o\000n\000t\000i\000n\000u\000o\000u\000s\000-\000T\000i\000m\000e\000\040\000W\000e\000l\000f\000a\000r\000e}{}% 69
\BOOKMARK [2][-]{subsection.0.11.1}{\376\377\000T\000h\000e\000\040\000c\000o\000m\000p\000a\000r\000e\000d\000\040\000p\000o\000l\000i\000c\000i\000e\000s\000\040\000a\000n\000d\000\040\000t\000h\000e\000\040\000e\000x\000a\000c\000t\000\040\000f\000i\000n\000i\000t\000e\000\040\000s\000t\000a\000t\000i\000s\000t\000i\000c}{section.0.11}% 70
\BOOKMARK [2][-]{subsection.0.11.2}{\376\377\000C\000o\000m\000p\000u\000t\000a\000b\000l\000e\000\040\000g\000l\000o\000b\000a\000l\000\040\000c\000o\000e\000f\000f\000i\000c\000i\000e\000n\000t\000s}{section.0.11}% 71
\BOOKMARK [2][-]{subsection.0.11.3}{\376\377\000P\000r\000o\000o\000f\000\040\000o\000f\000\040\000P\000r\000o\000p\000o\000s\000i\000t\000i\000o\000n\000\040\000S\000.\0001\0001}{section.0.11}% 72
\BOOKMARK [2][-]{subsection.0.11.4}{\376\377\000O\000u\000t\000w\000a\000r\000d\000\040\000e\000v\000a\000l\000u\000a\000t\000i\000o\000n\000\040\000a\000n\000d\000\040\000r\000e\000u\000s\000e\000\040\000o\000f\000\040\000t\000h\000e\000\040\000o\000r\000i\000g\000i\000n\000a\000l\000\040\000c\000o\000n\000f\000i\000d\000e\000n\000c\000e\000\040\000e\000v\000e\000n\000t}{section.0.11}% 73
\BOOKMARK [2][-]{subsection.0.11.5}{\376\377\000P\000r\000o\000o\000f\000\040\000o\000f\000\040\000P\000r\000o\000p\000o\000s\000i\000t\000i\000o\000n\000\040\000S\000.\0002\0002}{section.0.11}% 74
\BOOKMARK [2][-]{subsection.0.11.6}{\376\377\000A\000n\000\040\000i\000n\000d\000e\000p\000e\000n\000d\000e\000n\000t\000\040\000a\000u\000d\000i\000t\000\040\000o\000f\000\040\000t\000h\000e\000\040\000p\000a\000i\000r\000e\000d\000\040\000t\000r\000a\000n\000s\000f\000e\000r}{section.0.11}% 75
\BOOKMARK [2][-]{subsection.0.11.7}{\376\377\000A\000\040\000s\000i\000g\000n\000e\000d\000\040\000o\000c\000c\000u\000p\000a\000t\000i\000o\000n\000\040\000a\000c\000c\000o\000u\000n\000t\000\040\000w\000i\000t\000h\000\040\000s\000h\000a\000r\000e\000d\000\040\000c\000o\000n\000t\000i\000n\000u\000a\000t\000i\000o\000n\000\040\000p\000a\000t\000h\000s}{section.0.11}% 76
\BOOKMARK [2][-]{subsection.0.11.8}{\376\377\000A\000\040\000r\000a\000n\000g\000e\000\040\000t\000h\000a\000t\000\040\000c\000o\000n\000t\000a\000i\000n\000s\000\040\000n\000o\000\040\000f\000i\000t\000t\000e\000d\000\040\000n\000e\000t\000w\000o\000r\000k\000\040\000n\000o\000r\000m}{section.0.11}% 77
\BOOKMARK [1][-]{section.0.12}{\376\377\000R\000e\000u\000s\000a\000b\000l\000e\000\040\000C\000o\000n\000t\000i\000n\000u\000a\000t\000i\000o\000n\000\040\000i\000n\000\040\000a\000\040\000F\000a\000m\000i\000l\000y\000\040\000o\000f\000\040\000C\000a\000p\000i\000t\000a\000l\000\040\000D\000e\000c\000i\000s\000i\000o\000n\000s}{}% 78
\BOOKMARK [2][-]{subsection.0.12.1}{\376\377\000A\000\040\000d\000i\000r\000e\000c\000t\000\040\000c\000o\000n\000d\000i\000t\000i\000o\000n\000a\000l\000\040\000p\000a\000y\000o\000f\000f\000\040\000s\000t\000a\000t\000i\000s\000t\000i\000c}{section.0.12}% 79
\BOOKMARK [2][-]{subsection.0.12.2}{\376\377\000A\000c\000c\000u\000r\000a\000c\000y\000\040\000o\000v\000e\000r\000\040\000a\000n\000\040\000e\000n\000t\000i\000r\000e\000\040\000s\000c\000a\000l\000a\000r\000\040\000i\000n\000t\000e\000r\000v\000e\000n\000t\000i\000o\000n\000\040\000c\000l\000a\000s\000s}{section.0.12}% 80
\BOOKMARK [1][-]{section.0.13}{\376\377\000S\000t\000o\000c\000h\000a\000s\000t\000i\000c\000\040\000H\000e\000s\000s\000i\000a\000n\000\040\000O\000b\000j\000e\000c\000t\000i\000v\000e\000s\000\040\000a\000n\000d\000\040\000C\000o\000m\000p\000l\000e\000x\000i\000t\000y}{}% 81
\BOOKMARK [2][-]{subsection.0.13.1}{\376\377\000I\000m\000p\000l\000e\000m\000e\000n\000t\000e\000d\000\040\000E\000r\000r\000o\000r\000\040\000A\000c\000c\000o\000u\000n\000t\000s\000\040\000a\000n\000d\000\040\000A\000r\000i\000t\000h\000m\000e\000t\000i\000c}{section.0.13}% 82
\BOOKMARK [3][-]{subsubsection.0.13.1.1}{\376\377\000F\000u\000l\000l\000-\000d\000o\000m\000a\000i\000n\000\040\000i\000n\000t\000e\000r\000v\000a\000l\000\040\000i\000m\000p\000l\000e\000m\000e\000n\000t\000a\000t\000i\000o\000n}{subsection.0.13.1}% 83
\BOOKMARK [3][-]{subsubsection.0.13.1.2}{\376\377\000A\000p\000p\000l\000i\000c\000a\000t\000i\000o\000n\000-\000s\000p\000e\000c\000i\000f\000i\000c\000\040\000h\000y\000p\000o\000t\000h\000e\000s\000e\000s}{subsection.0.13.1}% 84
\BOOKMARK [1][-]{section.0.14}{\376\377\000O\000b\000s\000e\000r\000v\000a\000t\000i\000o\000n\000\040\000a\000n\000d\000\040\000I\000m\000p\000l\000e\000m\000e\000n\000t\000a\000t\000i\000o\000n}{}% 85
\BOOKMARK [2][-]{subsection.0.14.1}{\376\377\000O\000b\000s\000e\000r\000v\000a\000t\000i\000o\000n\000\040\000a\000n\000d\000\040\000t\000h\000e\000\040\000E\000c\000o\000n\000o\000m\000i\000c\000\040\000I\000m\000p\000l\000e\000m\000e\000n\000t\000a\000t\000i\000o\000n}{section.0.14}% 86
\BOOKMARK [3][-]{subsubsection.0.14.1.1}{\376\377\000I\000n\000f\000o\000r\000m\000a\000t\000i\000o\000n\000\040\000a\000n\000d\000\040\000t\000h\000e\000\040\000c\000o\000m\000p\000a\000r\000i\000s\000o\000n\000\040\000c\000l\000a\000s\000s}{subsection.0.14.1}% 87
\BOOKMARK [3][-]{subsubsection.0.14.1.2}{\376\377\000F\000i\000n\000i\000t\000e\000\040\000o\000b\000s\000e\000r\000v\000a\000t\000i\000o\000n\000s\000\040\000w\000i\000t\000h\000\040\000a\000\040\000c\000o\000n\000t\000i\000n\000u\000o\000u\000s\000-\000e\000c\000o\000n\000o\000m\000y\000\040\000t\000r\000a\000n\000s\000f\000e\000r}{subsection.0.14.1}% 88
\BOOKMARK [2][-]{subsection.0.14.2}{\376\377\000F\000i\000n\000i\000t\000e\000-\000O\000b\000s\000e\000r\000v\000a\000t\000i\000o\000n\000\040\000T\000r\000a\000n\000s\000f\000e\000r\000\040\000P\000r\000o\000o\000f}{section.0.14}% 89
\BOOKMARK [3][-]{subsubsection.0.14.2.1}{\376\377\000P\000r\000o\000o\000f\000\040\000o\000f\000\040\000P\000r\000o\000p\000o\000s\000i\000t\000i\000o\000n\000\040\000S\000.\0002\0000}{subsection.0.14.2}% 90
\BOOKMARK [1][-]{section.0.15}{\376\377\000I\000n\000d\000e\000p\000e\000n\000d\000e\000n\000t\000\040\000N\000u\000m\000e\000r\000i\000c\000a\000l\000\040\000D\000i\000a\000g\000n\000o\000s\000t\000i\000c\000s}{}% 91
\BOOKMARK [2][-]{subsection.0.15.1}{\376\377\000A\000\040\000T\000r\000a\000i\000n\000e\000d\000\040\000N\000e\000u\000r\000a\000l\000\040\000B\000o\000u\000n\000d\000a\000r\000y\000-\000V\000a\000l\000u\000e\000\040\000P\000r\000o\000b\000l\000e\000m}{section.0.15}% 92
\BOOKMARK [3][-]{subsubsection.0.15.1.1}{\376\377\000C\000o\000n\000t\000r\000o\000l\000l\000e\000d\000\040\000c\000o\000m\000p\000a\000r\000i\000s\000o\000n\000\040\000a\000n\000d\000\040\000f\000a\000i\000l\000u\000r\000e\000s}{subsection.0.15.1}% 93
\BOOKMARK [2][-]{subsection.0.15.2}{\376\377\000I\000n\000d\000e\000p\000e\000n\000d\000e\000n\000t\000\040\000S\000c\000a\000l\000a\000r\000\040\000R\000e\000f\000e\000r\000e\000n\000c\000e\000:\000\040\000E\000q\000u\000a\000t\000i\000o\000n\000s\000\040\000a\000n\000d\000\040\000C\000o\000m\000p\000l\000e\000t\000e\000\040\000D\000i\000a\000g\000n\000o\000s\000t\000i\000c\000s}{section.0.15}% 94
\BOOKMARK [3][-]{subsubsection.0.15.2.1}{\376\377\000T\000h\000e\000\040\000s\000c\000a\000l\000a\000r\000\040\000r\000e\000f\000e\000r\000e\000n\000c\000e\000\040\000a\000n\000d\000\040\000i\000t\000s\000\040\000r\000e\000s\000i\000d\000u\000a\000l\000\040\000a\000c\000c\000o\000u\000n\000t}{subsection.0.15.2}% 95
\BOOKMARK [2][-]{subsection.0.15.3}{\376\377\000F\000i\000n\000i\000t\000e\000-\000O\000b\000s\000e\000r\000v\000a\000t\000i\000o\000n\000\040\000D\000i\000a\000g\000n\000o\000s\000t\000i\000c\000\040\000A\000c\000c\000o\000u\000n\000t\000s}{section.0.15}% 96
\BOOKMARK [1][-]{section.0.16}{\376\377\000T\000h\000e\000\040\000C\000o\000m\000p\000l\000e\000t\000e\000\040\000P\000r\000e\000v\000i\000o\000u\000s\000\040\000C\000o\000m\000p\000u\000t\000a\000t\000i\000o\000n\000a\000l\000\040\000E\000v\000i\000d\000e\000n\000c\000e}{}% 97
\BOOKMARK [1][-]{section.0.17}{\376\377\000C\000o\000m\000p\000u\000t\000a\000t\000i\000o\000n\000a\000l\000\040\000D\000e\000s\000i\000g\000n\000\040\000a\000n\000d\000\040\000t\000h\000e\000\040\000E\000x\000i\000s\000t\000i\000n\000g\000\040\000C\000o\000m\000p\000a\000r\000i\000s\000o\000n}{}% 98
\BOOKMARK [2][-]{subsection.0.17.1}{\376\377\000T\000h\000e\000\040\000e\000x\000e\000c\000u\000t\000e\000d\000\040\000c\000a\000p\000i\000t\000a\000l\000\040\000c\000o\000m\000p\000a\000r\000i\000s\000o\000n}{section.0.17}% 99
\BOOKMARK [2][-]{subsection.0.17.2}{\376\377\000A\000c\000c\000u\000r\000a\000c\000y\000\040\000o\000b\000j\000e\000c\000t\000s\000\040\000a\000n\000d\000\040\000e\000c\000o\000n\000o\000m\000i\000c\000\040\000s\000c\000a\000l\000e}{section.0.17}% 100
\BOOKMARK [2][-]{subsection.0.17.3}{\376\377\000W\000o\000r\000k\000\040\000a\000n\000d\000\040\000c\000o\000m\000p\000a\000r\000i\000s\000o\000n\000\040\000s\000e\000m\000a\000n\000t\000i\000c\000s}{section.0.17}% 101
\BOOKMARK [1][-]{section.0.18}{\376\377\000E\000v\000a\000l\000u\000a\000t\000i\000o\000n\000\040\000a\000n\000d\000\040\000E\000c\000o\000n\000o\000m\000i\000c\000\040\000P\000e\000r\000f\000o\000r\000m\000a\000n\000c\000e}{}% 102
\BOOKMARK [2][-]{subsection.0.18.1}{\376\377\000T\000h\000e\000\040\000c\000a\000p\000i\000t\000a\000l\000\040\000e\000x\000p\000e\000r\000i\000m\000e\000n\000t}{section.0.18}% 103
\BOOKMARK [2][-]{subsection.0.18.2}{\376\377\000C\000o\000n\000t\000r\000i\000b\000u\000t\000i\000o\000n\000-\000i\000s\000o\000l\000a\000t\000i\000n\000g\000\040\000c\000o\000m\000p\000a\000r\000i\000s\000o\000n\000s}{section.0.18}% 104
\BOOKMARK [2][-]{subsection.0.18.3}{\376\377\000T\000h\000e\000\040\000d\000i\000s\000t\000r\000i\000b\000u\000t\000i\000o\000n\000\040\000o\000f\000\040\000a\000\040\000c\000o\000m\000p\000u\000t\000a\000t\000i\000o\000n\000a\000l\000\040\000m\000e\000t\000h\000o\000d}{section.0.18}% 105
\BOOKMARK [2][-]{subsection.0.18.4}{\376\377\000S\000i\000m\000u\000l\000t\000a\000n\000e\000o\000u\000s\000\040\000i\000n\000f\000e\000r\000e\000n\000c\000e\000\040\000f\000o\000r\000\040\000t\000h\000e\000\040\000f\000i\000n\000i\000t\000e\000\040\000m\000e\000t\000h\000o\000d\000\040\000d\000i\000s\000t\000r\000i\000b\000u\000t\000i\000o\000n}{section.0.18}% 106
\BOOKMARK [2][-]{subsection.0.18.5}{\376\377\000M\000e\000t\000h\000o\000d\000\040\000p\000e\000r\000f\000o\000r\000m\000a\000n\000c\000e\000,\000\040\000r\000o\000b\000u\000s\000t\000n\000e\000s\000s\000,\000\040\000a\000n\000d\000\040\000c\000o\000m\000p\000l\000e\000t\000e\000\040\000w\000o\000r\000k}{section.0.18}% 107
\BOOKMARK [2][-]{subsection.0.18.6}{\376\377\000D\000i\000r\000e\000c\000t\000\040\000c\000o\000m\000p\000a\000r\000i\000s\000o\000n\000s\000\040\000w\000i\000t\000h\000\040\000a\000\040\000s\000h\000a\000r\000e\000d\000\040\000d\000i\000f\000f\000u\000s\000i\000o\000n\000-\000t\000r\000a\000n\000s\000f\000e\000r\000\040\000a\000c\000c\000o\000u\000n\000t}{section.0.18}% 108
\BOOKMARK [2][-]{subsection.0.18.7}{\376\377\000A\000b\000s\000o\000l\000u\000t\000e\000\040\000a\000c\000c\000u\000r\000a\000c\000y\000\040\000i\000n\000\040\000t\000h\000e\000\040\000o\000r\000i\000g\000i\000n\000a\000l\000\040\000c\000o\000n\000t\000r\000o\000l\000\040\000p\000r\000o\000b\000l\000e\000m}{section.0.18}% 109
\BOOKMARK [2][-]{subsection.0.18.8}{\376\377\000C\000o\000n\000t\000i\000n\000u\000a\000t\000i\000o\000n\000\040\000a\000c\000c\000u\000r\000a\000c\000y\000\040\000w\000h\000e\000r\000e\000\040\000t\000h\000e\000\040\000p\000o\000l\000i\000c\000y\000\040\000c\000h\000a\000n\000g\000e\000s\000\040\000t\000h\000e\000\040\000a\000l\000l\000o\000c\000a\000t\000i\000o\000n}{section.0.18}% 110
\BOOKMARK [2][-]{subsection.0.18.9}{\376\377\000I\000n\000d\000e\000p\000e\000n\000d\000e\000n\000t\000\040\000s\000c\000a\000l\000a\000r\000\040\000t\000r\000a\000i\000n\000i\000n\000g\000\040\000a\000n\000d\000\040\000n\000u\000m\000e\000r\000i\000c\000a\000l\000\040\000a\000c\000c\000u\000r\000a\000c\000y}{section.0.18}% 111
\BOOKMARK [2][-]{subsection.0.18.10}{\376\377\000I\000m\000p\000l\000e\000m\000e\000n\000t\000a\000t\000i\000o\000n\000\040\000f\000r\000o\000m\000\040\000f\000i\000n\000i\000t\000e\000\040\000s\000t\000a\000t\000e\000\040\000m\000e\000a\000s\000u\000r\000e\000m\000e\000n\000t\000s}{section.0.18}% 112
\BOOKMARK [1][-]{section.0.19}{\376\377\000C\000o\000m\000p\000l\000e\000t\000e\000\040\000C\000o\000m\000p\000u\000t\000a\000t\000i\000o\000n\000a\000l\000\040\000O\000u\000t\000c\000o\000m\000e\000s}{}% 113
\BOOKMARK [1][-]{section.0.20}{\376\377\000C\000o\000m\000p\000l\000e\000t\000e\000\040\000M\000e\000c\000h\000a\000n\000i\000s\000m\000\040\000A\000s\000s\000e\000s\000s\000m\000e\000n\000t}{}% 114
\BOOKMARK [1][-]{section.0.21}{\376\377\000A\000n\000\040\000O\000u\000t\000w\000a\000r\000d\000\040\000A\000l\000g\000e\000b\000r\000a\000i\000c\000\040\000E\000r\000r\000o\000r\000\040\000A\000c\000c\000o\000u\000n\000t\000\040\000f\000o\000r\000\040\000t\000h\000e\000\040\000S\000c\000a\000l\000a\000r\000\040\000C\000o\000m\000p\000a\000r\000a\000t\000o\000r}{}% 115
\BOOKMARK [1][-]{section.0.22}{\376\377\000C\000o\000m\000p\000l\000e\000t\000e\000\040\000S\000c\000a\000l\000a\000r\000\040\000C\000o\000m\000p\000a\000r\000i\000s\000o\000n\000\040\000T\000a\000b\000l\000e\000s}{}% 116
\BOOKMARK [2][-]{subsection.0.22.1}{\376\377\000C\000o\000m\000p\000l\000e\000t\000e\000\040\000p\000r\000o\000t\000e\000c\000t\000e\000d\000-\000p\000a\000r\000e\000n\000t\000\040\000a\000n\000d\000\040\000f\000i\000n\000i\000t\000e\000-\000o\000b\000s\000e\000r\000v\000a\000t\000i\000o\000n\000\040\000r\000e\000s\000u\000l\000t\000s}{section.0.22}% 117
\BOOKMARK [1][-]{section.0.23}{\376\377\000D\000e\000s\000i\000g\000n\000\040\000o\000f\000\040\000t\000h\000e\000\040\000R\000e\000u\000s\000a\000b\000l\000e\000\040\000C\000a\000p\000i\000t\000a\000l\000\040\000D\000e\000c\000i\000s\000i\000o\000n\000\040\000M\000e\000n\000u}{}% 118
\BOOKMARK [2][-]{subsection.0.23.1}{\376\377\000C\000a\000l\000i\000b\000r\000a\000t\000i\000o\000n\000s\000\040\000a\000n\000d\000\040\000t\000h\000e\000\040\000q\000u\000e\000r\000y\000\040\000p\000o\000p\000u\000l\000a\000t\000i\000o\000n}{section.0.23}% 119
\BOOKMARK [2][-]{subsection.0.23.2}{\376\377\000F\000i\000v\000e\000\040\000r\000e\000u\000s\000a\000b\000l\000e\000\040\000p\000r\000o\000c\000e\000d\000u\000r\000e\000s}{section.0.23}% 120
\BOOKMARK [2][-]{subsection.0.23.3}{\376\377\000I\000n\000d\000e\000p\000e\000n\000d\000e\000n\000t\000\040\000p\000a\000y\000o\000f\000f\000\040\000a\000n\000d\000\040\000s\000c\000a\000l\000a\000r\000-\000a\000c\000c\000u\000r\000a\000c\000y\000\040\000s\000t\000a\000t\000e\000m\000e\000n\000t\000s}{section.0.23}% 121
\BOOKMARK [2][-]{subsection.0.23.4}{\376\377\000C\000o\000m\000p\000l\000e\000t\000e\000\040\000w\000o\000r\000k\000\040\000a\000n\000d\000\040\000d\000e\000v\000e\000l\000o\000p\000m\000e\000n\000t\000\040\000h\000i\000s\000t\000o\000r\000y}{section.0.23}% 122
\BOOKMARK [2][-]{subsection.0.23.5}{\376\377\000C\000o\000m\000p\000l\000e\000t\000e\000\040\000c\000o\000n\000t\000i\000n\000u\000a\000t\000i\000o\000n\000\040\000r\000e\000u\000s\000e\000\040\000e\000v\000i\000d\000e\000n\000c\000e}{section.0.23}% 123
\BOOKMARK [1][-]{section.0.24}{\376\377\000I\000n\000d\000e\000p\000e\000n\000d\000e\000n\000t\000\040\000C\000o\000n\000f\000i\000r\000m\000a\000t\000i\000o\000n\000\040\000o\000f\000\040\000t\000h\000e\000\040\000O\000r\000i\000g\000i\000n\000a\000l\000\040\000P\000o\000l\000i\000c\000i\000e\000s}{}% 124
\BOOKMARK [2][-]{subsection.0.24.1}{\376\377\000C\000o\000m\000p\000l\000e\000t\000e\000\040\000f\000r\000e\000s\000h\000\040\000s\000i\000g\000n\000e\000d\000\040\000m\000e\000c\000h\000a\000n\000i\000s\000m\000\040\000e\000v\000i\000d\000e\000n\000c\000e}{section.0.24}% 125
\BOOKMARK [1][-]{section.0.25}{\376\377\000E\000c\000o\000n\000o\000m\000i\000c\000\040\000R\000o\000b\000u\000s\000t\000n\000e\000s\000s\000\040\000a\000n\000d\000\040\000t\000h\000e\000\040\000S\000t\000r\000e\000n\000g\000t\000h\000e\000n\000e\000d\000\040\000H\000J\000B\000\040\000P\000r\000o\000c\000e\000d\000u\000r\000e}{}% 126
\BOOKMARK [2][-]{subsection.0.25.1}{\376\377\000E\000c\000o\000n\000o\000m\000i\000c\000\040\000v\000a\000r\000i\000a\000t\000i\000o\000n}{section.0.25}% 127
\BOOKMARK [2][-]{subsection.0.25.2}{\376\377\000H\000J\000B\000\040\000d\000i\000f\000f\000e\000r\000e\000n\000t\000i\000a\000t\000i\000o\000n\000,\000\040\000s\000e\000l\000e\000c\000t\000i\000o\000n\000,\000\040\000a\000n\000d\000\040\000d\000e\000p\000l\000o\000y\000m\000e\000n\000t}{section.0.25}% 128
\BOOKMARK [2][-]{subsection.0.25.3}{\376\377\000E\000c\000o\000n\000o\000m\000i\000c\000\040\000g\000a\000i\000n\000s\000\040\000a\000n\000d\000\040\000c\000o\000m\000p\000l\000e\000t\000e\000\040\000p\000r\000o\000c\000e\000s\000s\000\040\000w\000o\000r\000k}{section.0.25}% 129
\BOOKMARK [1][-]{section.0.26}{\376\377\000E\000c\000o\000n\000o\000m\000i\000c\000\040\000a\000c\000t\000i\000o\000n\000\040\000c\000o\000n\000t\000r\000a\000s\000t\000s\000\040\000a\000n\000d\000\040\000i\000n\000d\000e\000p\000e\000n\000d\000e\000n\000t\000\040\000r\000i\000s\000k\000\040\000a\000s\000s\000e\000s\000s\000m\000e\000n\000t}{}% 130
\BOOKMARK [1][-]{section.0.27}{\376\377\000S\000h\000a\000r\000p\000\040\000A\000c\000c\000u\000r\000a\000c\000y\000\040\000B\000o\000u\000n\000d\000s\000\040\000f\000r\000o\000m\000\040\000S\000i\000m\000u\000l\000t\000a\000n\000e\000o\000u\000s\000\040\000P\000a\000y\000o\000f\000f\000\040\000C\000o\000n\000t\000r\000a\000s\000t\000s}{}% 131
\BOOKMARK [2][-]{subsection.0.27.1}{\376\377\000E\000x\000a\000c\000t\000\040\000a\000r\000i\000t\000h\000m\000e\000t\000i\000c\000\040\000a\000n\000d\000\040\000t\000h\000e\000\040\000c\000o\000m\000p\000l\000e\000t\000e\000\040\000i\000n\000p\000u\000t\000\040\000f\000a\000m\000i\000l\000y}{section.0.27}% 132
\BOOKMARK [1][-]{section.0.28}{\376\377\000I\000n\000d\000e\000p\000e\000n\000d\000e\000n\000t\000\040\000R\000i\000s\000k\000\040\000a\000n\000d\000\040\000C\000a\000t\000a\000l\000o\000g\000u\000e\000\040\000E\000v\000i\000d\000e\000n\000c\000e}{}% 133
\BOOKMARK [2][-]{subsection.0.28.1}{\376\377\000C\000o\000n\000f\000i\000d\000e\000n\000c\000e\000\040\000f\000a\000m\000i\000l\000i\000e\000s\000\040\000a\000n\000d\000\040\000c\000h\000r\000o\000n\000o\000l\000o\000g\000y}{section.0.28}% 134
\BOOKMARK [1][-]{section.0.29}{\376\377\000S\000o\000u\000r\000c\000e\000\040\000P\000r\000e\000s\000e\000r\000v\000a\000t\000i\000o\000n\000\040\000a\000n\000d\000\040\000E\000v\000i\000d\000e\000n\000c\000e\000\040\000I\000n\000d\000e\000x}{}% 135
\BOOKMARK [1][-]{section.0.30}{\376\377\000D\000e\000t\000a\000i\000l\000e\000d\000\040\000C\000a\000p\000i\000t\000a\000l\000\040\000a\000n\000d\000\040\000I\000m\000p\000l\000e\000m\000e\000n\000t\000a\000t\000i\000o\000n\000\040\000A\000c\000c\000o\000u\000n\000t\000s}{}% 136
\BOOKMARK [1][-]{section.0.31}{\376\377\000C\000o\000n\000t\000i\000n\000u\000o\000u\000s\000-\000E\000c\000o\000n\000o\000m\000y\000\040\000G\000u\000a\000r\000a\000n\000t\000e\000e\000s\000\040\000f\000o\000r\000\040\000N\000e\000u\000r\000a\000l\000\040\000C\000a\000p\000i\000t\000a\000l\000\040\000P\000o\000l\000i\000c\000i\000e\000s}{}% 137
\BOOKMARK [2][-]{subsection.0.31.1}{\376\377\000T\000h\000e\000\040\000d\000e\000p\000l\000o\000y\000e\000d\000\040\000n\000e\000u\000r\000a\000l\000\040\000m\000a\000p\000\040\000a\000n\000d\000\040\000i\000t\000s\000\040\000n\000u\000m\000e\000r\000i\000c\000a\000l\000\040\000g\000u\000a\000r\000d}{section.0.31}% 138
\BOOKMARK [2][-]{subsection.0.31.2}{\376\377\000P\000o\000l\000i\000c\000y\000-\000S\000p\000e\000c\000i\000f\000i\000c\000\040\000V\000e\000r\000i\000f\000i\000c\000a\000t\000i\000o\000n\000\040\000a\000f\000t\000e\000r\000\040\000B\000e\000l\000l\000m\000a\000n\000\040\000I\000m\000p\000r\000o\000v\000e\000m\000e\000n\000t}{section.0.31}% 139
\BOOKMARK [3][-]{subsubsection.0.31.2.1}{\376\377\000T\000h\000e\000\040\000d\000e\000p\000l\000o\000y\000e\000d\000\040\000c\000o\000n\000t\000r\000o\000l\000l\000e\000r}{subsection.0.31.2}% 140
\BOOKMARK [3][-]{subsubsection.0.31.2.2}{\376\377\000A\000n\000\040\000e\000x\000a\000c\000t\000\040\000i\000m\000p\000r\000o\000v\000e\000m\000e\000n\000t\000\040\000i\000d\000e\000n\000t\000i\000t\000y}{subsection.0.31.2}% 141
\BOOKMARK [3][-]{subsubsection.0.31.2.3}{\376\377\000T\000r\000a\000n\000s\000f\000e\000r\000r\000i\000n\000g\000\040\000t\000h\000e\000\040\000c\000o\000m\000p\000u\000t\000e\000d\000\040\000p\000a\000y\000o\000f\000f\000\040\000t\000o\000\040\000t\000h\000e\000\040\000e\000c\000o\000n\000o\000m\000y}{subsection.0.31.2}% 142
\BOOKMARK [3][-]{subsubsection.0.31.2.4}{\376\377\000A\000\040\000p\000o\000s\000t\000-\000t\000r\000a\000i\000n\000i\000n\000g\000\040\000c\000e\000r\000t\000i\000f\000i\000c\000a\000t\000e}{subsection.0.31.2}% 143
\BOOKMARK [2][-]{subsection.0.31.3}{\376\377\000A\000n\000\040\000o\000p\000e\000r\000a\000t\000i\000o\000n\000a\000l\000\040\000e\000v\000a\000l\000u\000a\000t\000i\000o\000n\040\023\000i\000m\000p\000r\000o\000v\000e\000m\000e\000n\000t\000\040\000a\000c\000c\000o\000u\000n\000t}{section.0.31}% 144
\BOOKMARK [2][-]{subsection.0.31.4}{\376\377\000I\000n\000f\000o\000r\000m\000a\000t\000i\000o\000n\000\040\000a\000n\000d\000\040\000t\000h\000e\000\040\000i\000m\000p\000l\000e\000m\000e\000n\000t\000e\000d\000\040\000d\000e\000c\000i\000s\000i\000o\000n\000\040\000r\000u\000l\000e}{section.0.31}% 145
\BOOKMARK [2][-]{subsection.0.31.5}{\376\377\000W\000h\000e\000n\000\040\000i\000s\000\040\000s\000t\000a\000t\000e\000-\000d\000e\000p\000e\000n\000d\000e\000n\000t\000\040\000m\000a\000n\000a\000g\000e\000m\000e\000n\000t\000\040\000w\000o\000r\000t\000h\000\040\000i\000t\000s\000\040\000f\000e\000e\000?}{section.0.31}% 146
\BOOKMARK [1][-]{section.0.32}{\376\377\000D\000e\000c\000i\000s\000i\000o\000n\000\040\000A\000c\000c\000u\000r\000a\000c\000y\000,\000\040\000T\000r\000a\000n\000s\000p\000o\000r\000t\000,\000\040\000a\000n\000d\000\040\000S\000t\000o\000p\000p\000i\000n\000g\000:\000\040\000P\000r\000o\000o\000f\000s}{}% 147
\BOOKMARK [2][-]{subsection.0.32.1}{\376\377\000P\000r\000o\000o\000f\000\040\000o\000f\000\040\000P\000r\000o\000p\000o\000s\000i\000t\000i\000o\000n\000\040\0001}{section.0.32}% 148
\BOOKMARK [2][-]{subsection.0.32.2}{\376\377\000P\000r\000o\000o\000f\000\040\000o\000f\000\040\000T\000h\000e\000o\000r\000e\000m\000\040\0002}{section.0.32}% 149
\BOOKMARK [2][-]{subsection.0.32.3}{\376\377\000P\000r\000o\000o\000f\000\040\000o\000f\000\040\000P\000r\000o\000p\000o\000s\000i\000t\000i\000o\000n\000\040\0004}{section.0.32}% 150
\BOOKMARK [2][-]{subsection.0.32.4}{\376\377\000P\000r\000o\000o\000f\000\040\000o\000f\000\040\000C\000o\000r\000o\000l\000l\000a\000r\000y\000\040\0003}{section.0.32}% 151
\BOOKMARK [2][-]{subsection.0.32.5}{\376\377\000U\000n\000i\000f\000o\000r\000m\000\040\000c\000u\000r\000v\000a\000t\000u\000r\000e\000\040\000i\000n\000\040\000t\000h\000e\000\040\000s\000t\000o\000r\000e\000d\000\040\000c\000a\000p\000i\000t\000a\000l\000\040\000e\000c\000o\000n\000o\000m\000y}{section.0.32}% 152
\BOOKMARK [2][-]{subsection.0.32.6}{\376\377\000A\000r\000i\000t\000h\000m\000e\000t\000i\000c\000\040\000e\000n\000c\000l\000o\000s\000u\000r\000e\000\040\000a\000n\000d\000\040\000i\000t\000s\000\040\000i\000m\000p\000l\000e\000m\000e\000n\000t\000a\000t\000i\000o\000n}{section.0.32}% 153
\BOOKMARK [2][-]{subsection.0.32.7}{\376\377\000C\000h\000a\000r\000g\000e\000\040\000m\000o\000n\000o\000t\000o\000n\000i\000c\000i\000t\000y\000\040\000a\000n\000d\000\040\000t\000h\000e\000\040\000e\000c\000o\000n\000o\000m\000i\000c\000\040\000t\000o\000l\000e\000r\000a\000n\000c\000e}{section.0.32}% 154
\BOOKMARK [1][-]{section.0.33}{\376\377\000P\000r\000o\000s\000p\000e\000c\000t\000i\000v\000e\000\040\000E\000x\000p\000e\000r\000i\000m\000e\000n\000t\000:\000\040\000C\000o\000m\000p\000l\000e\000t\000e\000\040\000R\000e\000c\000o\000r\000d}{}% 155
\BOOKMARK [1][-]{section.0.34}{\376\377\000P\000r\000o\000o\000f\000s\000\040\000f\000o\000r\000\040\000P\000o\000l\000i\000c\000y\000\040\000C\000o\000m\000p\000o\000s\000i\000t\000i\000o\000n\000\040\000a\000n\000d\000\040\000E\000c\000o\000n\000o\000m\000i\000c\000\040\000C\000o\000n\000t\000r\000a\000s\000t\000s}{}% 156
\BOOKMARK [2][-]{paragraph.0.34.0.0.1}{\376\377\000W\000h\000y\000\040\000c\000a\000t\000a\000l\000o\000g\000u\000e\000\040\000a\000v\000e\000r\000a\000g\000e\000s\000\040\000c\000a\000n\000n\000o\000t\000\040\000b\000e\000\040\000s\000u\000b\000s\000t\000i\000t\000u\000t\000e\000d\000.}{section.0.34}% 157
\BOOKMARK [2][-]{subsection.0.34.1}{\376\377\000O\000p\000t\000i\000m\000a\000l\000-\000a\000c\000t\000i\000o\000n\000\040\000i\000n\000t\000e\000r\000v\000a\000l\000s\000\040\000a\000n\000d\000\040\000c\000o\000m\000p\000a\000r\000a\000t\000i\000v\000e\000\040\000s\000t\000a\000t\000i\000c\000s}{section.0.34}% 158
\BOOKMARK [2][-]{subsection.0.34.2}{\376\377\000S\000o\000u\000r\000c\000e\000\040\000a\000n\000d\000\040\000a\000r\000i\000t\000h\000m\000e\000t\000i\000c\000\040\000a\000u\000d\000i\000t}{section.0.34}% 159
\BOOKMARK [1][-]{section.0.35}{\376\377\000C\000o\000m\000p\000l\000e\000t\000e\000\040\000F\000u\000t\000u\000r\000e\000-\000C\000h\000a\000n\000g\000e\000\040\000S\000e\000r\000v\000i\000c\000e\000\040\000R\000e\000c\000o\000r\000d}{}% 160
\BOOKMARK [2][-]{subsection.0.35.1}{\376\377\000M\000e\000c\000h\000a\000n\000i\000s\000m\000\040\000a\000n\000d\000\040\000c\000o\000m\000p\000l\000e\000t\000e\000\040\000w\000o\000r\000k\000\040\000c\000o\000m\000p\000o\000n\000e\000n\000t\000s}{section.0.35}% 161
\BOOKMARK [1][-]{bibliography-section.1}{\376\377\000R\000e\000f\000e\000r\000e\000n\000c\000e\000s}{}% 162
