test_boundary_optimum_screen (__main__.ReadoutTests.test_boundary_optimum_screen) ... ok
test_box_fraction_feasible (__main__.ReadoutTests.test_box_fraction_feasible) ... ok
test_chord_quadratic_exact (__main__.ReadoutTests.test_chord_quadratic_exact) ... ok
test_clipped_margin_majorizes_failure (__main__.ReadoutTests.test_clipped_margin_majorizes_failure) ... ok
test_convex_training_loss (__main__.ReadoutTests.test_convex_training_loss) ... ok
test_dual_support_point_need_not_be_feasible (__main__.ReadoutTests.test_dual_support_point_need_not_be_feasible) ... ok
test_exact_box_gap_dominates_grid_improvement (__main__.ReadoutTests.test_exact_box_gap_dominates_grid_improvement) ... ok
test_gradient_at_zero_hinge (__main__.ReadoutTests.test_gradient_at_zero_hinge) ... ok
test_hat_invalid_inputs (__main__.ReadoutTests.test_hat_invalid_inputs) ... ok
test_hat_nodal_values (__main__.ReadoutTests.test_hat_nodal_values) ... ok
test_hat_partition_identity (__main__.ReadoutTests.test_hat_partition_identity) ... ok
test_invalid_readout_rejected (__main__.ReadoutTests.test_invalid_readout_rejected) ... ok
test_operational_nonvacuous_closure (__main__.ReadoutTests.test_operational_nonvacuous_closure) ... ok
test_rounding_allowance_charged (__main__.ReadoutTests.test_rounding_allowance_charged) ... ok
test_score_direction_not_sample_fit (__main__.ReadoutTests.test_score_direction_not_sample_fit) ... ok
test_simplex_vertex_count (__main__.ReadoutTests.test_simplex_vertex_count) ... ok
test_smaller_curvature_is_safe (__main__.ReadoutTests.test_smaller_curvature_is_safe) ... ok
test_training_returns_achieved_certificate (__main__.ReadoutTests.test_training_returns_achieved_certificate) ... ok
test_triangle_minorant_on_exact_quadratic (__main__.ReadoutTests.test_triangle_minorant_on_exact_quadratic) ... ok
test_two_shock_variance_constant (__main__.ReadoutTests.test_two_shock_variance_constant) ... ok
test_upper_endpoints_never_assumed_exact (__main__.ReadoutTests.test_upper_endpoints_never_assumed_exact) ... ok
test_weighted_work_bound (__main__.ReadoutTests.test_weighted_work_bound) ... ok
test_work_loss_bounds_failed_catalogue (__main__.ReadoutTests.test_work_loss_bounds_failed_catalogue) ... ok
test_zero_iterations_is_honest_finite_return (__main__.ReadoutTests.test_zero_iterations_is_honest_finite_return) ... ok

----------------------------------------------------------------------
Ran 24 tests in 0.054s

OK
