1/1 feasible solution given by solution candidate storage, new primal bound 9.255938e+00

presolving:
(round 1, fast)       4 del vars, 843 del conss, 0 add conss, 0 chg bounds, 0 chg sides, 0 chg coeffs, 0 upgd conss, 0 impls, 0 clqs, 0 implints
(round 2, exhaustive) 4 del vars, 1057 del conss, 0 add conss, 0 chg bounds, 189 chg sides, 0 chg coeffs, 0 upgd conss, 0 impls, 0 clqs, 0 implints
   (0.0s) symmetry computation started: requiring (bin +, int +, cont +), (fixed: bin -, int -, cont -)
   (0.0s) no symmetry present (symcode time: 0.00)
presolving (3 rounds: 3 fast, 2 medium, 2 exhaustive):
 4 deleted vars, 1057 deleted constraints, 0 added constraints, 0 tightened bounds, 0 added holes, 189 changed sides, 0 changed coefficients
 0 implications, 0 cliques, 0 implied integral variables (0 bin, 0 int, 0 cont)
presolved problem has 124 variables (0 bin, 0 int, 124 cont) and 159 constraints
    103 constraints of type <linear>
     56 constraints of type <nonlinear>
Presolving Time: 0.02
transformed 1/1 original solutions to the transformed problem space

 time | node  | left  |LP iter|LP it/n|mem/heur|mdpt |vars |cons |rows |cuts |sepa|confs|strbr|  dualbound   | primalbound  |  gap   | compl. 
  0.0s|     1 |     0 |   196 |     - |  4999k |   0 | 376 | 159 | 355 |   0 |  0 |   0 |   0 | 5.170137e+00 | 9.255938e+00 |  79.03%| unknown
L 0.1s|     1 |     0 |   196 |     - |  subnlp|   0 | 376 | 159 | 355 |   0 |  0 |   0 |   0 | 5.170137e+00 | 5.227694e+00 |   1.11%| unknown
  0.1s|     1 |     0 |   382 |     - |  5512k |   0 | 376 | 159 | 430 |  75 |  1 |   0 |   0 | 5.170137e+00 | 5.227694e+00 |   1.11%| unknown
  0.1s|     1 |     0 |   382 |     - |  5512k |   0 | 376 | 159 | 426 |  75 |  1 |   0 |   0 | 5.170137e+00 | 5.227694e+00 |   1.11%| unknown
  0.1s|     1 |     0 |   857 |     - |  5683k |   0 | 376 | 159 | 473 | 122 |  2 |   0 |   0 | 5.182664e+00 | 5.227694e+00 |   0.87%| unknown
  0.1s|     1 |     0 |  1297 |     - |  5928k |   0 | 376 | 159 | 509 | 158 |  3 |   0 |   0 | 5.188540e+00 | 5.227694e+00 |   0.75%| unknown
  0.1s|     1 |     0 |  1745 |     - |  5928k |   0 | 376 | 159 | 536 | 185 |  4 |   0 |   0 | 5.190246e+00 | 5.227694e+00 |   0.72%| unknown
  0.1s|     1 |     0 |  1871 |     - |  5928k |   0 | 376 | 159 | 547 | 196 |  5 |   0 |   0 | 5.190545e+00 | 5.227694e+00 |   0.72%| unknown
  0.1s|     1 |     0 |  1971 |     - |  5928k |   0 | 376 | 159 | 553 | 202 |  6 |   0 |   0 | 5.190727e+00 | 5.227694e+00 |   0.71%| unknown
  0.1s|     1 |     0 |  2062 |     - |  5928k |   0 | 376 | 159 | 557 | 206 |  7 |   0 |   0 | 5.191072e+00 | 5.227694e+00 |   0.71%| unknown
  0.1s|     1 |     0 |  2129 |     - |  5928k |   0 | 376 | 159 | 561 | 210 |  8 |   0 |   0 | 5.191080e+00 | 5.227694e+00 |   0.71%| unknown
  0.1s|     1 |     0 |  2178 |     - |  5928k |   0 | 376 | 159 | 567 | 216 |  9 |   0 |   0 | 5.191399e+00 | 5.227694e+00 |   0.70%| unknown
  0.1s|     1 |     0 |  2200 |     - |  5951k |   0 | 376 | 159 | 572 | 221 | 10 |   0 |   0 | 5.191399e+00 | 5.227694e+00 |   0.70%| unknown
  0.1s|     1 |     0 |  2226 |     - |  5951k |   0 | 376 | 159 | 400 | 222 | 11 |   0 |   0 | 5.191399e+00 | 5.227694e+00 |   0.70%| unknown
  0.1s|     1 |     0 |  2229 |     - |  5951k |   0 | 376 | 159 | 402 | 224 | 12 |   0 |   0 | 5.191399e+00 | 5.227694e+00 |   0.70%| unknown
 time | node  | left  |LP iter|LP it/n|mem/heur|mdpt |vars |cons |rows |cuts |sepa|confs|strbr|  dualbound   | primalbound  |  gap   | compl. 
  0.8s|     1 |     0 | 30100 |     - |  5985k |   0 | 376 | 140 | 327 | 224 | 13 |   0 |   0 | 5.191399e+00 | 5.227694e+00 |   0.70%| unknown
  0.8s|     1 |     0 | 30242 |     - |  5985k |   0 | 376 | 140 | 367 | 264 | 14 |   0 |   0 | 5.211564e+00 | 5.227694e+00 |   0.31%| unknown
  0.8s|     1 |     0 | 30333 |     - |  5985k |   0 | 376 | 140 | 423 | 320 | 15 |   0 |   0 | 5.217235e+00 | 5.227694e+00 |   0.20%| unknown
  0.8s|     1 |     0 | 30409 |     - |  5985k |   0 | 376 | 140 | 447 | 344 | 16 |   0 |   0 | 5.217368e+00 | 5.227694e+00 |   0.20%| unknown
  0.8s|     1 |     0 | 30487 |     - |  5985k |   0 | 376 | 140 | 458 | 355 | 17 |   0 |   0 | 5.217368e+00 | 5.227694e+00 |   0.20%| unknown
  0.8s|     1 |     0 | 30523 |     - |  5985k |   0 | 376 | 140 | 465 | 362 | 18 |   0 |   0 | 5.217368e+00 | 5.227694e+00 |   0.20%| unknown
  0.8s|     1 |     0 | 30534 |     - |  5985k |   0 | 376 | 140 | 435 | 364 | 19 |   0 |   0 | 5.217368e+00 | 5.227694e+00 |   0.20%| unknown
L 1.9s|     1 |     0 | 74629 |     - |  subnlp|   0 | 376 | 140 | 435 | 364 | 20 |   0 |   0 | 5.217368e+00 | 5.227694e+00 |   0.20%| unknown
L 2.5s|     1 |     0 | 74629 |     - |multista|   0 | 376 | 140 | 435 | 364 | 20 |   0 |   0 | 5.217368e+00 | 5.227694e+00 |   0.20%| unknown
  2.5s|     1 |     0 | 74629 |     - |  6707k |   0 | 376 | 140 | 435 | 364 | 20 |   0 |   0 | 5.217368e+00 | 5.227694e+00 |   0.20%| unknown
  2.5s|     1 |     0 | 74700 |     - |  6707k |   0 | 376 | 140 | 441 | 376 | 21 |   0 |   0 | 5.218344e+00 | 5.227694e+00 |   0.18%| unknown
  2.5s|     1 |     0 | 74813 |     - |  6707k |   0 | 376 | 140 | 446 | 381 | 22 |   0 |   0 | 5.218786e+00 | 5.227694e+00 |   0.17%| unknown
  2.5s|     1 |     0 | 74857 |     - |  6707k |   0 | 376 | 140 | 450 | 385 | 23 |   0 |   0 | 5.219484e+00 | 5.227694e+00 |   0.16%| unknown
  2.5s|     1 |     0 | 75014 |     - |  6711k |   0 | 376 | 140 | 456 | 391 | 24 |   0 |   0 | 5.219504e+00 | 5.227694e+00 |   0.16%| unknown
  2.5s|     1 |     0 | 75016 |     - |  6711k |   0 | 376 | 140 | 458 | 393 | 25 |   0 |   0 | 5.219504e+00 | 5.227694e+00 |   0.16%| unknown
 time | node  | left  |LP iter|LP it/n|mem/heur|mdpt |vars |cons |rows |cuts |sepa|confs|strbr|  dualbound   | primalbound  |  gap   | compl. 
  2.5s|     1 |     0 | 75122 |     - |  6718k |   0 | 376 | 140 | 459 | 394 | 26 |   0 |   0 | 5.219504e+00 | 5.227694e+00 |   0.16%| unknown
  2.5s|     1 |     0 | 75123 |     - |  6718k |   0 | 376 | 140 | 460 | 395 | 27 |   0 |   0 | 5.219504e+00 | 5.227694e+00 |   0.16%| unknown
  2.5s|     1 |     2 | 75213 |     - |  6750k |   0 | 376 | 140 | 460 | 395 | 28 |   0 |   0 | 5.219504e+00 | 5.227694e+00 |   0.16%| unknown
L 2.5s|     3 |     4 | 75251 |35951.0 |  subnlp|   2 | 376 | 140 | 315 | 420 |  2 |   0 |   0 | 5.219504e+00 | 5.227694e+00 |   0.16%| unknown
  2.9s|   100 |    57 | 79110 | 765.3 |  7229k |  24 | 376 | 139 | 438 |1566 |  0 |   0 |   0 | 5.223495e+00 | 5.227694e+00 |   0.08%|  76.28%
  3.1s|   200 |   107 | 81876 | 394.6 |  7510k |  28 | 376 | 139 | 459 |2081 |  2 |   0 |   0 | 5.223923e+00 | 5.227694e+00 |   0.07%|  77.99%
  3.3s|   300 |   165 | 84293 | 270.7 |  8082k |  36 | 376 | 139 | 448 |2663 |  0 |   0 |   0 | 5.224079e+00 | 5.227694e+00 |   0.07%|  78.65%
  3.5s|   400 |   201 | 86847 | 209.3 |  8265k |  36 | 376 | 139 | 505 |3214 |  3 |   0 |   0 | 5.224481e+00 | 5.227694e+00 |   0.06%|  80.23%
  3.7s|   500 |   259 | 88585 | 170.8 |  8483k |  52 | 376 | 139 | 502 |3580 |  2 |   1 |   0 | 5.224543e+00 | 5.227694e+00 |   0.06%|  80.49%
  3.8s|   600 |   313 | 90411 | 145.3 |  8793k |  52 | 376 | 139 | 519 |3961 |  2 |   1 |   0 | 5.224573e+00 | 5.227694e+00 |   0.06%|  80.61%
  4.0s|   700 |   367 | 92443 | 127.5 |  9175k |  52 | 376 | 139 | 549 |4377 |  2 |   1 |   0 | 5.224586e+00 | 5.227694e+00 |   0.06%|  80.66%
  4.2s|   800 |   411 | 94823 | 114.5 |    10M |  52 | 376 | 139 | 501 |4918 |  2 |   1 |   0 | 5.224646e+00 | 5.227694e+00 |   0.06%|  80.95%
  4.4s|   900 |   467 | 96711 | 103.9 |    10M |  52 | 376 | 139 | 526 |5302 |  1 |   1 |   0 | 5.224652e+00 | 5.227694e+00 |   0.06%|  80.98%
  4.6s|  1000 |   497 | 98343 |  95.1 |    10M |  52 | 376 | 139 | 479 |5692 |  2 |   1 |   0 | 5.224673e+00 | 5.227694e+00 |   0.06%|  81.07%
  4.7s|  1100 |   525 |100390 |  88.3 |    10M |  56 | 376 | 139 | 501 |6106 |  2 |   1 |   0 | 5.224674e+00 | 5.227694e+00 |   0.06%|  81.07%
 time | node  | left  |LP iter|LP it/n|mem/heur|mdpt |vars |cons |rows |cuts |sepa|confs|strbr|  dualbound   | primalbound  |  gap   | compl. 
  4.9s|  1200 |   529 |102570 |  82.8 |    10M |  56 | 376 | 139 | 545 |6470 |  2 |   1 |   0 | 5.224728e+00 | 5.227694e+00 |   0.06%|  81.29%
  5.1s|  1300 |   567 |105002 |  78.3 |    11M |  56 | 376 | 139 | 499 |6956 |  1 |   1 |   0 | 5.224918e+00 | 5.227694e+00 |   0.05%|  82.08%
  5.3s|  1400 |   595 |107014 |  74.1 |    11M |  56 | 376 | 139 | 513 |7422 |  2 |   1 |   0 | 5.224963e+00 | 5.227694e+00 |   0.05%|  83.40%
  5.4s|  1500 |   637 |108886 |  70.4 |    11M |  56 | 376 | 139 | 501 |7838 |  1 |   1 |   0 | 5.224983e+00 | 5.227694e+00 |   0.05%|  83.48%
  5.6s|  1600 |   701 |110521 |  67.0 |    11M |  56 | 376 | 139 | 518 |8241 |  0 |   1 |   0 | 5.224983e+00 | 5.227694e+00 |   0.05%|  83.48%
  5.8s|  1700 |   761 |112702 |  64.4 |    11M |  56 | 376 | 139 | 491 |8667 |  0 |   1 |   0 | 5.225041e+00 | 5.227694e+00 |   0.05%|  83.72%
  6.0s|  1800 |   811 |115474 |  62.3 |    13M |  56 | 376 | 139 | 510 |9148 |  2 |   1 |   0 | 5.225110e+00 | 5.227694e+00 |   0.05%|  83.99%
  6.2s|  1900 |   879 |117781 |  60.3 |    13M |  59 | 376 | 139 | 510 |9649 |  2 |   1 |   0 | 5.225110e+00 | 5.227694e+00 |   0.05%|  83.99%
  6.4s|  2000 |   943 |119896 |  58.3 |    14M |  59 | 376 | 139 | 514 |  10k|  2 |   1 |   0 | 5.225120e+00 | 5.227694e+00 |   0.05%|  84.03%

SCIP Status        : solving was interrupted [node limit reached]
Solving Time (sec) : 6.47
Solving Nodes      : 2047
Primal Bound       : +5.22769389080849e+00 (6 solutions)
Dual Bound         : +5.22512026731605e+00
Gap                : 0.05 %
  [linear] <c1093>: <S_7_0>[C] (+0.3) -64<D_7_0>[C] (-3.69789997e-11) <= 0.300000000000011;
;
violation: right hand side is violated by 2.43256725873664e-09
best solution is not feasible in original problem
