1/1 feasible solution given by solution candidate storage, new primal bound 1.170917e+01

presolving:
(round 1, fast)       9 del vars, 14221 del conss, 0 add conss, 45 chg bounds, 0 chg sides, 0 chg coeffs, 0 upgd conss, 0 impls, 0 clqs, 0 implints
(round 2, exhaustive) 9 del vars, 17763 del conss, 0 add conss, 61 chg bounds, 3541 chg sides, 0 chg coeffs, 0 upgd conss, 0 impls, 0 clqs, 0 implints
   (0.7s) symmetry computation started: requiring (bin +, int +, cont +), (fixed: bin -, int -, cont -)
   (0.8s) no symmetry present (symcode time: 0.01)
presolving (3 rounds: 3 fast, 2 medium, 2 exhaustive):
 9 deleted vars, 17763 deleted constraints, 0 added constraints, 61 tightened bounds, 0 added holes, 3541 changed sides, 0 changed coefficients
 0 implications, 0 cliques, 0 implied integral variables (0 bin, 0 int, 0 cont)
presolved problem has 2551 variables (0 bin, 0 int, 2551 cont) and 2717 constraints
   1787 constraints of type <linear>
    930 constraints of type <nonlinear>
Presolving Time: 0.75
transformed 1/1 original solutions to the transformed problem space

 time | node  | left  |LP iter|LP it/n|mem/heur|mdpt |vars |cons |rows |cuts |sepa|confs|strbr|  dualbound   | primalbound  |  gap   | compl. 
  1.8s|     1 |     0 |  5586 |     - |   127M |   0 |  16k|2717 |  21k|   0 |  0 |   0 |   0 | 1.166763e+01 | 1.170917e+01 |   0.36%| unknown
L 8.3s|     1 |     0 |  5586 |     - |  subnlp|   0 |  16k|2717 |  21k|   0 |  0 |   0 |   0 | 1.166763e+01 | 1.167710e+01 |   0.08%| unknown
  8.6s|     1 |     0 |  7639 |     - |   155M |   0 |  16k|2717 |  23k|2000 |  1 |   0 |   0 | 1.167482e+01 | 1.167710e+01 |   0.02%| unknown
  8.8s|     1 |     0 |  9410 |     - |   155M |   0 |  16k|2717 |  25k|3764 |  2 |   0 |   0 | 1.167695e+01 | 1.167710e+01 |   0.00%| unknown

SCIP Status        : solving was interrupted [gap limit reached]
Solving Time (sec) : 8.83
Solving Nodes      : 1
Primal Bound       : +1.16770978794731e+01 (2 solutions)
Dual Bound         : +1.16769484974666e+01
Gap                : 0.00 %
  [linear] <c19957>: <S_31_2>[C] (+6.7138688e-10) -94.4761905<D_31_2>[C] (-7.071049e-12) <= 0;
;
violation: right hand side is violated by 1.33943265228075e-09
best solution is not feasible in original problem
