MECHANISM m000 0.0 0.35 0.0 1 {'local': 0.0, 'future': 0.0, 'replacement': 0.0, 'option': 0.0}
MECHANISM m001 0.0 0.35 0.0 4 {'local': 0.0, 'future': -2.0816681711721685e-17, 'replacement': 0.0, 'option': 0.0}
MECHANISM m002 0.0 0.35 0.4 1 {'local': 0.0, 'future': 0.0, 'replacement': 0.0, 'option': 0.0}
MECHANISM m003 0.0 0.35 0.4 4 {'local': -0.00016363595323831692, 'future': -0.00014286375143422562, 'replacement': 0.0, 'option': -0.00030649970467244714}
MECHANISM m004 0.0 0.35 0.8 1 {'local': -0.0019670669867326573, 'future': -0.0036130539198127934, 'replacement': 0.0, 'option': -0.0055801209065453605}
MECHANISM m005 0.0 0.35 0.8 4 {'local': 5.434586260888441e-05, 'future': 0.00038924618970266264, 'replacement': 0.0, 'option': 0.0004435920523117032}
MECHANISM m006 0.0 0.42425 0.0 1 {'local': 0.0, 'future': 0.0, 'replacement': 0.0, 'option': 0.0}
MECHANISM m007 0.0 0.42425 0.0 4 {'local': 5.551115123125783e-17, 'future': 3.599551212651875e-17, 'replacement': 0.0, 'option': 1.1102230246251565e-16}
MECHANISM m008 0.0 0.42425 0.4 1 {'local': 0.0, 'future': 0.0, 'replacement': 0.0, 'option': 0.0}
MECHANISM m009 0.0 0.42425 0.4 4 {'local': -0.0004372050802087246, 'future': -0.0007110189258731688, 'replacement': 0.0, 'option': -0.0011482240060817217}
MECHANISM m010 0.0 0.42425 0.8 1 {'local': 5.4345862608662365e-05, 'future': 0.0003081564110922648, 'replacement': 0.0, 'option': 0.0003625022737011596}
MECHANISM m011 0.0 0.42425 0.8 4 {'local': 5.4345862608662365e-05, 'future': 0.0003826613320349302, 'replacement': 0.0, 'option': 0.00043700719464390136}
MECHANISM m012 0.0 0.5 0.0 1 {'local': 0.0, 'future': 0.0, 'replacement': 0.0, 'option': 0.0}
MECHANISM m013 0.0 0.5 0.0 4 {'local': 0.0, 'future': -1.3877787807814457e-17, 'replacement': 0.0, 'option': 0.0}
MECHANISM m014 0.0 0.5 0.4 1 {'local': 0.0, 'future': 0.0, 'replacement': 0.0, 'option': 0.0}
MECHANISM m015 0.0 0.5 0.4 4 {'local': -0.00013712710307356435, 'future': -0.0009298427324491744, 'replacement': 0.0, 'option': -0.0010669698355227908}
MECHANISM m016 0.0 0.5 0.8 1 {'local': 5.434586260888441e-05, 'future': 0.00038053739195920144, 'replacement': 0.0, 'option': 0.0004348832545677528}
MECHANISM m017 0.0 0.5 0.8 4 {'local': 5.434586260888441e-05, 'future': 0.00038053739195920144, 'replacement': 0.0, 'option': 0.0004348832545677528}
MECHANISM m018 0.125 0.35 0.0 1 {'local': 0.0, 'future': 0.0, 'replacement': 0.0, 'option': 0.0}
MECHANISM m019 0.125 0.35 0.0 4 {'local': 0.0, 'future': -2.0383000842727483e-17, 'replacement': 0.0, 'option': 0.0}
MECHANISM m020 0.125 0.35 0.4 1 {'local': 0.0, 'future': 0.0, 'replacement': 0.0, 'option': 0.0}
MECHANISM m021 0.125 0.35 0.4 4 {'local': -0.00016801111008779568, 'future': -0.00014342149707886713, 'replacement': 0.0, 'option': -0.0003114326071663731}
MECHANISM m022 0.125 0.35 0.8 1 {'local': -0.001758768329061633, 'future': -0.0035656963682138935, 'replacement': 0.0, 'option': -0.005324464697275433}
MECHANISM m023 0.125 0.35 0.8 4 {'local': 5.039427362818483e-05, 'future': 0.00035857851198846033, 'replacement': 0.0, 'option': 0.0004089727856168013}
MECHANISM m024 0.125 0.42425 0.0 1 {'local': 0.0, 'future': 0.0, 'replacement': 0.0, 'option': 0.0}
MECHANISM m025 0.125 0.42425 0.0 4 {'local': 0.0, 'future': 3.903127820947816e-18, 'replacement': 0.0, 'option': 1.1102230246251565e-16}
MECHANISM m026 0.125 0.42425 0.4 1 {'local': 0.0, 'future': 0.0, 'replacement': 0.0, 'option': 0.0}
MECHANISM m027 0.125 0.42425 0.4 4 {'local': -0.00041929908959681406, 'future': -0.0007045540318024353, 'replacement': 0.0, 'option': -0.0011238531213990655}
MECHANISM m028 0.125 0.42425 0.8 1 {'local': 5.039427362840687e-05, 'future': 0.0002952496134615394, 'replacement': 0.0, 'option': 0.0003456438870897971}
MECHANISM m029 0.125 0.42425 0.8 4 {'local': 5.039427362840687e-05, 'future': 0.00035569759396048353, 'replacement': 0.0, 'option': 0.00040609186758888693}
MECHANISM m030 0.125 0.5 0.0 1 {'local': 0.0, 'future': 0.0, 'replacement': 0.0, 'option': 0.0}
MECHANISM m031 0.125 0.5 0.0 4 {'local': 0.0, 'future': -1.3010426069826053e-17, 'replacement': 0.0, 'option': 0.0}
MECHANISM m032 0.125 0.5 0.4 1 {'local': 0.0, 'future': 0.0, 'replacement': 0.0, 'option': 0.0}
MECHANISM m033 0.125 0.5 0.4 4 {'local': -0.00011548522031745723, 'future': -0.0008280489116749036, 'replacement': 0.0, 'option': -0.0009435341319926627}
MECHANISM m034 0.125 0.5 0.8 1 {'local': 5.0394273628628916e-05, 'future': 0.000355630985586719, 'replacement': 0.0, 'option': 0.0004060252592150704}
MECHANISM m035 0.125 0.5 0.8 4 {'local': 5.0394273628628916e-05, 'future': 0.000355630985586719, 'replacement': 0.0, 'option': 0.0004060252592150704}
MECHANISM m036 1.0 0.35 0.0 1 {'local': 0.0, 'future': 0.0, 'replacement': 0.0, 'option': 0.0}
MECHANISM m037 1.0 0.35 0.0 4 {'local': 0.0, 'future': -1.5178830414797062e-17, 'replacement': 0.0, 'option': 0.0}
MECHANISM m038 1.0 0.35 0.4 1 {'local': 0.0, 'future': 0.0, 'replacement': 0.0, 'option': 0.0}
MECHANISM m039 1.0 0.35 0.4 4 {'local': -0.00025878676784518717, 'future': -0.0001682880863441887, 'replacement': 0.0, 'option': -0.00042707485418980173}
MECHANISM m040 1.0 0.35 0.8 1 {'local': -0.000311669743974452, 'future': -0.003206817708252853, 'replacement': 0.0, 'option': -0.003518487452227159}
MECHANISM m041 1.0 0.35 0.8 4 {'local': 2.554921039621405e-05, 'future': 0.00018785131613674802, 'replacement': 0.0, 'option': 0.00021340052653284758}
MECHANISM m042 1.0 0.42425 0.0 1 {'local': 0.0, 'future': 0.0, 'replacement': 0.0, 'option': 0.0}
MECHANISM m043 1.0 0.42425 0.0 4 {'local': -1.6653345369377348e-16, 'future': 3.729655473350135e-17, 'replacement': 0.0, 'option': -5.551115123125783e-17}
MECHANISM m044 1.0 0.42425 0.4 1 {'local': 0.0, 'future': 0.0, 'replacement': 0.0, 'option': 0.0}
MECHANISM m045 1.0 0.42425 0.4 4 {'local': -0.0001956952408881385, 'future': -0.0006175776182195825, 'replacement': 0.0, 'option': -0.0008132728591081495}
MECHANISM m046 1.0 0.42425 0.8 1 {'local': 2.5549210396325073e-05, 'future': 0.0001878513161367515, 'replacement': 0.0, 'option': 0.00021340052653318065}
MECHANISM m047 1.0 0.42425 0.8 4 {'local': 2.5549210396325073e-05, 'future': 0.0001878513161367515, 'replacement': 0.0, 'option': 0.00021340052653318065}
MECHANISM m048 1.0 0.5 0.0 1 {'local': 0.0, 'future': 0.0, 'replacement': 0.0, 'option': 0.0}
MECHANISM m049 1.0 0.5 0.0 4 {'local': 0.0, 'future': 5.204170427930421e-18, 'replacement': 0.0, 'option': 0.0}
MECHANISM m050 1.0 0.5 0.4 1 {'local': 0.0, 'future': 0.0, 'replacement': 0.0, 'option': 0.0}
MECHANISM m051 1.0 0.5 0.4 4 {'local': 2.5293368414058826e-05, 'future': -0.00011851638637264128, 'replacement': 0.0, 'option': -9.32230179585547e-05}
MECHANISM m052 1.0 0.5 0.8 1 {'local': 2.5549210396436095e-05, 'future': 0.00018785131613674108, 'replacement': 0.0, 'option': 0.0002134005265334027}
MECHANISM m053 1.0 0.5 0.8 4 {'local': 2.5549210396436095e-05, 'future': 0.00018785131613674108, 'replacement': 0.0, 'option': 0.0002134005265334027}
ECONOMIC EXTENSIONS DONE
