CHECKED QUERY 1 583 True 1 0.0 0.42425
CHECKED QUERY 2 583 True 2 0.0 0.42425
CHECKED QUERY 3 583 True 3 0.0 0.42425
CHECKED QUERY 4 583 True 4 0.0 0.42425
CHECKED QUERY 5 583 True 5 0.0 0.42425
CHECKED QUERY 6 583 True 6 0.0 0.42425
CHECKED QUERY 7 583 True 7 0.0 0.42425
CHECKED QUERY 8 583 True 8 0.0 0.42425
CHECKED QUERY 9 583 True 1 0.05 0.42425
CHECKED QUERY 10 583 True 2 0.05 0.42425
CHECKED QUERY 11 583 True 3 0.05 0.42425
CHECKED QUERY 12 583 True 4 0.05 0.42425
CHECKED QUERY 13 583 True 5 0.05 0.42425
CHECKED QUERY 14 583 True 6 0.05 0.42425
CHECKED QUERY 15 583 True 7 0.05 0.42425
CHECKED QUERY 16 583 True 4 0.1 0.42425
CHECKED QUERY 17 583 True 5 0.1 0.42425
CHECKED QUERY 18 583 True 6 0.1 0.42425
CHECKED QUERY 19 583 True 7 0.1 0.42425
CHECKED QUERY 20 583 True 1 0.15 0.42425
CHECKED QUERY 21 583 True 2 0.15 0.42425
CHECKED QUERY 22 583 True 3 0.15 0.42425
CHECKED QUERY 23 583 True 4 0.15 0.42425
CHECKED QUERY 24 583 True 5 0.15 0.42425
CHECKED QUERY 25 583 True 6 0.15 0.42425
CHECKED QUERY 26 583 True 7 0.15 0.42425
CHECKED QUERY 27 583 True 3 0.2 0.42425
CHECKED QUERY 28 583 True 4 0.2 0.42425
CHECKED QUERY 29 583 True 5 0.2 0.42425
CHECKED QUERY 30 583 True 6 0.2 0.42425
CHECKED QUERY 31 583 True 1 0.25 0.42425
CHECKED QUERY 32 583 True 2 0.25 0.42425
CHECKED QUERY 33 583 True 3 0.25 0.42425
CHECKED QUERY 34 583 True 4 0.25 0.42425
CHECKED QUERY 35 583 True 5 0.25 0.42425
CHECKED QUERY 36 583 True 6 0.25 0.42425
CHECKED QUERY 37 583 True 7 0.25 0.42425
CHECKED QUERY 38 583 True 1 0.3 0.42425
CHECKED QUERY 39 583 True 2 0.3 0.42425
CHECKED QUERY 40 583 True 3 0.3 0.42425
CHECKED QUERY 41 583 True 4 0.3 0.42425
CHECKED QUERY 42 583 True 5 0.3 0.42425
CHECKED QUERY 43 583 True 6 0.3 0.42425
CHECKED QUERY 44 583 True 1 0.35 0.42425
CHECKED QUERY 45 583 True 2 0.35 0.42425
CHECKED QUERY 46 583 True 3 0.35 0.42425
CHECKED QUERY 47 583 True 4 0.35 0.42425
CHECKED QUERY 48 583 True 5 0.35 0.42425
CHECKED QUERY 49 583 True 2 0.4 0.42425
CHECKED QUERY 50 583 True 3 0.4 0.42425
CHECKED QUERY 51 583 True 4 0.4 0.42425
CHECKED QUERY 52 583 True 1 0.45 0.42425
CHECKED QUERY 53 583 True 2 0.45 0.42425
CHECKED QUERY 54 583 True 3 0.45 0.42425
CHECKED QUERY 55 583 True 4 0.45 0.42425
CHECKED QUERY 56 583 True 5 0.45 0.42425
CHECKED QUERY 57 583 True 1 0.5 0.42425
CHECKED QUERY 58 583 True 2 0.5 0.42425
CHECKED QUERY 59 583 True 3 0.5 0.42425
CHECKED QUERY 60 583 True 4 0.5 0.42425
CHECKED QUERY 61 583 True 1 0.55 0.42425
CHECKED QUERY 62 583 True 2 0.55 0.42425
CHECKED QUERY 63 583 True 3 0.55 0.42425
CHECKED QUERY 64 583 True 1 0.6 0.42425
CHECKED QUERY 65 583 True 2 0.6 0.42425
CHECKED QUERY 66 583 True 7 0.6 0.42425
CHECKED QUERY 67 583 True 1 0.65 0.42425
CHECKED QUERY 68 583 True 2 0.65 0.42425
CHECKED QUERY 69 583 True 3 0.65 0.42425
CHECKED QUERY 70 583 True 1 0.7 0.42425
CHECKED QUERY 71 583 True 5 0.7 0.42425
CHECKED QUERY 72 583 True 7 0.7 0.42425
CHECKED QUERY 73 583 True 1 0.75 0.42425
CHECKED QUERY 74 583 True 2 0.75 0.42425
CHECKED QUERY 75 583 True 3 0.75 0.42425
CHECKED QUERY 76 583 True 4 0.75 0.42425
CHECKED QUERY 77 583 True 5 0.75 0.42425
CHECKED QUERY 78 583 True 7 0.75 0.42425
CHECKED QUERY 79 583 True 1 0.85 0.42425
CHECKED QUERY 80 583 True 2 0.85 0.42425
CHECKED QUERY 81 583 True 3 0.85 0.42425
CHECKED QUERY 82 583 True 4 0.85 0.42425
CHECKED QUERY 83 583 True 5 0.85 0.42425
CHECKED QUERY 84 583 True 7 0.85 0.42425
CHECKED QUERY 85 583 True 1 0.95 0.42425
CHECKED QUERY 86 583 True 2 0.95 0.42425
CHECKED QUERY 87 583 True 3 0.95 0.42425
CHECKED QUERY 88 583 True 4 0.95 0.42425
CHECKED QUERY 89 583 True 5 0.95 0.42425
CHECKED QUERY 90 583 True 7 0.95 0.42425
CHECKED QUERY 91 583 True 1 1.0 0.42425
CHECKED QUERY 92 583 True 2 1.0 0.42425
CHECKED QUERY 93 583 True 3 1.0 0.42425
CHECKED QUERY 94 583 True 4 1.0 0.42425
CHECKED QUERY 95 583 True 5 1.0 0.42425
CHECKED QUERY 96 583 True 6 1.0 0.42425
CHECKED QUERY 97 583 True 7 1.0 0.42425
CHECKED QUERY 98 583 True 8 1.0 0.42425
CHECKED QUERY 99 583 False 1 0.0 0.42425
CHECKED QUERY 100 583 False 2 0.0 0.42425
CHECKED QUERY 101 583 False 3 0.0 0.42425
CHECKED QUERY 102 583 False 4 0.0 0.42425
CHECKED QUERY 103 583 False 5 0.0 0.42425
CHECKED QUERY 104 583 False 6 0.0 0.42425
CHECKED QUERY 105 583 False 7 0.0 0.42425
CHECKED QUERY 106 583 False 8 0.0 0.42425
CHECKED QUERY 107 583 False 1 0.05 0.42425
CHECKED QUERY 108 583 False 2 0.05 0.42425
CHECKED QUERY 109 583 False 3 0.05 0.42425
CHECKED QUERY 110 583 False 4 0.05 0.42425
CHECKED QUERY 111 583 False 5 0.05 0.42425
CHECKED QUERY 112 583 False 6 0.05 0.42425
CHECKED QUERY 113 583 False 7 0.05 0.42425
CHECKED QUERY 114 583 False 2 0.1 0.42425
CHECKED QUERY 115 583 False 4 0.1 0.42425
CHECKED QUERY 116 583 False 5 0.1 0.42425
CHECKED QUERY 117 583 False 6 0.1 0.42425
CHECKED QUERY 118 583 False 7 0.1 0.42425
CHECKED QUERY 119 583 False 1 0.15 0.42425
CHECKED QUERY 120 583 False 2 0.15 0.42425
CHECKED QUERY 121 583 False 3 0.15 0.42425
CHECKED QUERY 122 583 False 4 0.15 0.42425
CHECKED QUERY 123 583 False 5 0.15 0.42425
CHECKED QUERY 124 583 False 6 0.15 0.42425
CHECKED QUERY 125 583 False 7 0.15 0.42425
CHECKED QUERY 126 583 False 3 0.2 0.42425
CHECKED QUERY 127 583 False 4 0.2 0.42425
CHECKED QUERY 128 583 False 5 0.2 0.42425
CHECKED QUERY 129 583 False 6 0.2 0.42425
CHECKED QUERY 130 583 False 7 0.2 0.42425
CHECKED QUERY 131 583 False 1 0.25 0.42425
CHECKED QUERY 132 583 False 2 0.25 0.42425
CHECKED QUERY 133 583 False 3 0.25 0.42425
CHECKED QUERY 134 583 False 4 0.25 0.42425
CHECKED QUERY 135 583 False 5 0.25 0.42425
CHECKED QUERY 136 583 False 6 0.25 0.42425
CHECKED QUERY 137 583 False 7 0.25 0.42425
CHECKED QUERY 138 583 False 1 0.3 0.42425
CHECKED QUERY 139 583 False 2 0.3 0.42425
CHECKED QUERY 140 583 False 3 0.3 0.42425
CHECKED QUERY 141 583 False 4 0.3 0.42425
CHECKED QUERY 142 583 False 5 0.3 0.42425
CHECKED QUERY 143 583 False 6 0.3 0.42425
CHECKED QUERY 144 583 False 1 0.35 0.42425
CHECKED QUERY 145 583 False 2 0.35 0.42425
CHECKED QUERY 146 583 False 3 0.35 0.42425
CHECKED QUERY 147 583 False 4 0.35 0.42425
CHECKED QUERY 148 583 False 5 0.35 0.42425
CHECKED QUERY 149 583 False 6 0.35 0.42425
CHECKED QUERY 150 583 False 2 0.4 0.42425
CHECKED QUERY 151 583 False 3 0.4 0.42425
CHECKED QUERY 152 583 False 4 0.4 0.42425
CHECKED QUERY 153 583 False 5 0.4 0.42425
CHECKED QUERY 154 583 False 1 0.45 0.42425
CHECKED QUERY 155 583 False 2 0.45 0.42425
CHECKED QUERY 156 583 False 3 0.45 0.42425
CHECKED QUERY 157 583 False 4 0.45 0.42425
CHECKED QUERY 158 583 False 5 0.45 0.42425
CHECKED QUERY 159 583 False 1 0.5 0.42425
CHECKED QUERY 160 583 False 2 0.5 0.42425
CHECKED QUERY 161 583 False 3 0.5 0.42425
CHECKED QUERY 162 583 False 4 0.5 0.42425
CHECKED QUERY 163 583 False 5 0.5 0.42425
CHECKED QUERY 164 583 False 2 0.55 0.42425
CHECKED QUERY 165 583 False 3 0.55 0.42425
CHECKED QUERY 166 583 False 4 0.55 0.42425
CHECKED QUERY 167 583 False 1 0.6 0.42425
CHECKED QUERY 168 583 False 2 0.6 0.42425
CHECKED QUERY 169 583 False 3 0.6 0.42425
CHECKED QUERY 170 583 False 4 0.6 0.42425
CHECKED QUERY 171 583 False 7 0.6 0.42425
CHECKED QUERY 172 583 False 1 0.65 0.42425
CHECKED QUERY 173 583 False 2 0.65 0.42425
CHECKED QUERY 174 583 False 3 0.65 0.42425
CHECKED QUERY 175 583 False 4 0.65 0.42425
CHECKED QUERY 176 583 False 1 0.7 0.42425
CHECKED QUERY 177 583 False 2 0.7 0.42425
CHECKED QUERY 178 583 False 3 0.7 0.42425
CHECKED QUERY 179 583 False 6 0.7 0.42425
CHECKED QUERY 180 583 False 7 0.7 0.42425
CHECKED QUERY 181 583 False 1 0.75 0.42425
CHECKED QUERY 182 583 False 2 0.75 0.42425
CHECKED QUERY 183 583 False 3 0.75 0.42425
CHECKED QUERY 184 583 False 4 0.75 0.42425
CHECKED QUERY 185 583 False 5 0.75 0.42425
CHECKED QUERY 186 583 False 6 0.75 0.42425
CHECKED QUERY 187 583 False 7 0.75 0.42425
CHECKED QUERY 188 583 False 1 0.8 0.42425
CHECKED QUERY 189 583 False 1 0.85 0.42425
CHECKED QUERY 190 583 False 2 0.85 0.42425
CHECKED QUERY 191 583 False 3 0.85 0.42425
CHECKED QUERY 192 583 False 4 0.85 0.42425
CHECKED QUERY 193 583 False 5 0.85 0.42425
CHECKED QUERY 194 583 False 6 0.85 0.42425
CHECKED QUERY 195 583 False 7 0.85 0.42425
CHECKED QUERY 196 583 False 1 0.9 0.42425
CHECKED QUERY 197 583 False 1 0.95 0.42425
CHECKED QUERY 198 583 False 2 0.95 0.42425
CHECKED QUERY 199 583 False 3 0.95 0.42425
CHECKED QUERY 200 583 False 4 0.95 0.42425
CHECKED QUERY 201 583 False 5 0.95 0.42425
CHECKED QUERY 202 583 False 6 0.95 0.42425
CHECKED QUERY 203 583 False 7 0.95 0.42425
CHECKED QUERY 204 583 False 1 1.0 0.42425
CHECKED QUERY 205 583 False 2 1.0 0.42425
CHECKED QUERY 206 583 False 3 1.0 0.42425
CHECKED QUERY 207 583 False 4 1.0 0.42425
CHECKED QUERY 208 583 False 5 1.0 0.42425
CHECKED QUERY 209 583 False 6 1.0 0.42425
CHECKED QUERY 210 583 False 7 1.0 0.42425
CHECKED QUERY 211 583 False 8 1.0 0.42425
CHECKED QUERY 212 583 True 3 0.2 0.43425
CHECKED QUERY 213 583 True 4 0.2 0.43425
CHECKED QUERY 214 583 True 4 0.2 0.41425
CHECKED QUERY 215 583 True 2 0.4 0.41425
CHECKED QUERY 216 583 True 2 0.4 0.43425
CHECKED QUERY 217 583 True 3 0.4 0.43425
CHECKED QUERY 218 583 True 1 0.6 0.43425
CHECKED QUERY 219 583 False 8 0.0 0.43425
CHECKED QUERY 220 583 False 3 0.2 0.43425
CHECKED QUERY 221 583 False 4 0.2 0.41425
CHECKED QUERY 222 583 False 7 0.2 0.41425
CHECKED QUERY 223 583 False 7 0.2 0.43425
CHECKED QUERY 224 583 False 2 0.4 0.41425
CHECKED QUERY 225 583 False 2 0.4 0.43425
CHECKED QUERY 226 583 False 3 0.4 0.43425
CHECKED QUERY 227 583 False 4 0.4 0.43425
CHECKED QUERY 228 583 False 1 0.6 0.43425
CHECKED QUERY 229 583 False 1 0.8 0.43425
CHECKED QUERY 230 583 False 2 0.8 0.43425
CHECKED QUERY 231 583 False 2 1.0 0.43425
CHECKED QUERY 232 583 False 3 1.0 0.43425
CHECKED QUERY 233 583 False 4 1.0 0.43425
CHECKED QUERY 234 583 False 5 1.0 0.43425
CHECKED QUERY 235 583 False 6 1.0 0.43425
CHECKED QUERY 236 583 False 7 1.0 0.43425
CHECKED QUERY 237 583 True 5 0.075 0.42425
CHECKED QUERY 238 583 True 5 0.075 0.43425
CHECKED QUERY 239 583 True 3 0.325 0.42425
CHECKED QUERY 240 583 True 6 0.025 0.42425
CHECKED QUERY 241 583 True 2 0.5 0.43425
CHECKED QUERY 242 583 True 5 0.175 0.42425
CHECKED QUERY 243 583 True 6 0.075 0.42425
CHECKED QUERY 244 583 True 1 0.625 0.42425
CHECKED QUERY 245 583 True 2 0.525 0.42425
CHECKED QUERY 246 583 True 3 0.425 0.42425
CHECKED QUERY 247 583 True 4 0.325 0.42425
CHECKED QUERY 248 583 True 7 0.0375 0.42425
CHECKED QUERY 249 583 True 2 0.575 0.42425
CHECKED QUERY 250 583 True 2 0.575 0.43425
CHECKED QUERY 251 583 True 1 0.675 0.42425
CHECKED QUERY 252 583 True 3 0.5 0.43425
CHECKED QUERY 253 583 True 4 0.375 0.42425
CHECKED QUERY 254 583 True 5 0.275 0.42425
CHECKED QUERY 255 583 True 5 0.3 0.43425
CHECKED QUERY 256 583 True 6 0.175 0.42425
CHECKED QUERY 257 583 True 1 0.6625 0.42425
CHECKED QUERY 258 583 True 7 0.075 0.42425
CHECKED QUERY 259 583 True 2 0.5875 0.42425
CHECKED QUERY 260 583 True 3 0.4875 0.43425
CHECKED QUERY 261 583 True 4 0.3875 0.42425
CHECKED QUERY 262 583 True 4 0.3875 0.43425
CHECKED QUERY 263 583 True 5 0.2875 0.42425
CHECKED QUERY 264 583 True 6 0.1875 0.42425
CHECKED QUERY 265 583 True 7 0.0875 0.42425
CHECKED QUERY 266 583 True 2 0.625 0.42425
CHECKED QUERY 267 583 True 2 0.6125 0.42425
CHECKED QUERY 268 583 True 3 0.525 0.42425
CHECKED QUERY 269 583 True 3 0.525 0.43425
CHECKED QUERY 270 583 True 3 0.5125 0.42425
CHECKED QUERY 271 583 True 1 0.725 0.42425
CHECKED QUERY 272 583 True 4 0.425 0.42425
CHECKED QUERY 273 583 False 2 0.75 0.41425
CHECKED QUERY 274 583 False 5 0.075 0.42425
CHECKED QUERY 275 583 False 5 0.075 0.43425
CHECKED QUERY 276 583 False 2 0.475 0.43425
CHECKED QUERY 277 583 False 2 0.5 0.43425
CHECKED QUERY 278 583 False 6 0.025 0.42425
CHECKED QUERY 279 583 False 5 0.175 0.42425
CHECKED QUERY 280 583 False 6 0.075 0.42425
CHECKED QUERY 281 583 False 1 0.625 0.42425
CHECKED QUERY 282 583 False 1 0.65 0.43425
CHECKED QUERY 283 583 False 3 0.425 0.42425
CHECKED QUERY 284 583 False 2 0.525 0.42425
CHECKED QUERY 285 583 False 4 0.325 0.42425
CHECKED QUERY 286 583 False 3 0.325 0.42425
CHECKED QUERY 287 583 False 1 0.7 0.43425
CHECKED QUERY 288 583 False 3 0.5 0.43425
CHECKED QUERY 289 583 False 7 0.025 0.42425
CHECKED QUERY 290 583 False 4 0.375 0.42425
CHECKED QUERY 291 583 False 7 0.0125 0.42425
CHECKED QUERY 292 583 False 7 0.0375 0.42425
CHECKED QUERY 293 583 False 6 0.175 0.42425
CHECKED QUERY 294 583 False 7 0.075 0.42425
CHECKED QUERY 295 583 False 2 0.625 0.42425
CHECKED QUERY 296 583 False 6 0.1875 0.42425
CHECKED QUERY 297 583 False 1 0.7125 0.42425
CHECKED QUERY 298 583 False 1 0.7125 0.43425
CHECKED QUERY 299 583 False 5 0.325 0.42425
CHECKED QUERY 300 583 False 5 0.3125 0.42425
CHECKED QUERY 301 583 False 2 0.6375 0.42425
CHECKED QUERY 302 583 False 2 0.6375 0.43425
CHECKED QUERY 303 583 False 3 0.5375 0.42425
CHECKED QUERY 304 583 False 7 0.0875 0.42425
CHECKED QUERY 305 583 False 4 0.4375 0.42425
CHECKED QUERY 306 583 False 6 0.225 0.42425
CHECKED QUERY 307 583 False 6 0.2125 0.42425
CHECKED QUERY 308 583 False 5 0.3375 0.42425
CHECKED QUERY 309 583 False 2 0.675 0.42425
CHECKED QUERY 310 583 False 2 0.675 0.43425
CHECKED QUERY 311 583 False 2 0.7 0.43425
CHECKED QUERY 312 583 False 3 0.575 0.42425
CHECKED QUERY 313 583 False 2 0.6625 0.42425
CHECKED QUERY 314 583 False 4 0.475 0.42425
CHECKED QUERY 315 583 True 1 0.0 0.52425
CHECKED QUERY 316 583 True 1 0.1 0.52425
CHECKED QUERY 317 583 True 1 0.5 0.52425
CHECKED QUERY 318 583 True 1 0.6 0.52425
CHECKED QUERY 319 583 True 1 0.7 0.52425
CHECKED QUERY 320 583 True 1 1.0 0.52425
CHECKED QUERY 321 583 True 2 0.0 0.52425
CHECKED QUERY 322 583 True 2 0.1 0.52425
CHECKED QUERY 323 583 True 2 0.3 0.52425
CHECKED QUERY 324 583 True 2 0.4 0.52425
CHECKED QUERY 325 583 True 2 0.5 0.52425
CHECKED QUERY 326 583 True 2 0.6 0.52425
CHECKED QUERY 327 583 True 2 0.8 0.52425
CHECKED QUERY 328 583 True 2 1.0 0.52425
CHECKED QUERY 329 583 True 3 0.1 0.52425
CHECKED QUERY 330 583 True 3 0.2 0.52425
CHECKED QUERY 331 583 True 3 0.3 0.52425
CHECKED QUERY 332 583 True 3 0.4 0.52425
CHECKED QUERY 333 583 True 3 0.5 0.52425
CHECKED QUERY 334 583 True 4 0.0 0.52425
CHECKED QUERY 335 583 True 4 0.1 0.52425
CHECKED QUERY 336 583 True 4 0.2 0.52425
CHECKED QUERY 337 583 True 4 0.3 0.52425
CHECKED QUERY 338 583 True 4 0.4 0.52425
CHECKED QUERY 339 583 True 4 1.0 0.52425
CHECKED QUERY 340 583 True 5 0.0 0.52425
CHECKED QUERY 341 583 True 5 0.1 0.52425
CHECKED QUERY 342 583 True 5 0.2 0.52425
CHECKED QUERY 343 583 True 5 0.3 0.52425
CHECKED QUERY 344 583 True 5 1.0 0.52425
CHECKED QUERY 345 583 True 6 0.0 0.52425
CHECKED QUERY 346 583 True 6 0.1 0.52425
CHECKED QUERY 347 583 True 6 0.2 0.52425
CHECKED QUERY 348 583 True 6 0.3 0.52425
CHECKED QUERY 349 583 True 6 1.0 0.52425
CHECKED QUERY 350 583 True 7 0.0 0.52425
CHECKED QUERY 351 583 True 7 0.1 0.52425
CHECKED QUERY 352 583 True 7 1.0 0.52425
CHECKED QUERY 353 583 True 8 0.0 0.52425
CHECKED QUERY 354 583 True 7 0.075 0.52425
CHECKED QUERY 355 583 True 7 0.05 0.52425
CHECKED QUERY 356 583 True 6 0.175 0.52425
CHECKED QUERY 357 583 True 6 0.15 0.52425
CHECKED QUERY 358 583 True 5 0.275 0.52425
CHECKED QUERY 359 583 True 5 0.25 0.52425
CHECKED QUERY 360 583 True 1 0.65 0.52425
CHECKED QUERY 361 583 True 5 0.2875 0.52425
CHECKED QUERY 362 583 True 2 0.575 0.52425
CHECKED QUERY 363 583 True 2 0.55 0.52425
CHECKED QUERY 364 583 True 2 0.65 0.52425
CHECKED QUERY 365 583 True 3 0.5375 0.42425
CHECKED QUERY 366 583 True 3 0.5375 0.43425
CHECKED QUERY 367 583 True 1 0.75 0.52425
CHECKED QUERY 368 583 True 3 0.53125 0.42425
CHECKED QUERY 369 583 True 3 0.53125 0.43425
CHECKED QUERY 370 583 True 3 0.53125 0.52425
CHECKED QUERY 371 583 True 1 0.7375 0.42425
CHECKED QUERY 372 583 True 1 0.73125 0.42425
CHECKED QUERY 373 583 True 1 0.728125 0.42425
CHECKED QUERY 374 583 True 1 0.72890625 0.42425
CHECKED QUERY 375 583 True 1 0.728515625 0.42425
CHECKED QUERY 376 583 True 1 0.7287109375 0.42425
CHECKED QUERY 377 583 True 1 0.72880859375 0.42425
CHECKED QUERY 378 583 False 1 0.0 0.52425
CHECKED QUERY 379 583 False 1 0.1 0.52425
CHECKED QUERY 380 583 False 1 0.5 0.52425
CHECKED QUERY 381 583 False 1 0.6 0.52425
CHECKED QUERY 382 583 False 1 0.7 0.52425
CHECKED QUERY 383 583 False 1 0.8 0.52425
CHECKED QUERY 384 583 False 2 0.0 0.52425
CHECKED QUERY 385 583 False 2 0.1 0.52425
CHECKED QUERY 386 583 False 2 0.3 0.52425
CHECKED QUERY 387 583 False 2 0.4 0.52425
CHECKED QUERY 388 583 False 2 0.5 0.52425
CHECKED QUERY 389 583 False 2 0.6 0.52425
CHECKED QUERY 390 583 False 2 0.7 0.52425
CHECKED QUERY 391 583 False 3 0.1 0.52425
CHECKED QUERY 392 583 False 3 0.2 0.52425
CHECKED QUERY 393 583 False 3 0.3 0.52425
CHECKED QUERY 394 583 False 3 0.4 0.52425
CHECKED QUERY 395 583 False 3 0.5 0.52425
CHECKED QUERY 396 583 False 3 0.6 0.52425
CHECKED QUERY 397 583 False 3 0.7 0.52425
CHECKED QUERY 398 583 False 3 1.0 0.52425
CHECKED QUERY 399 583 False 4 0.0 0.52425
CHECKED QUERY 400 583 False 4 0.1 0.52425
CHECKED QUERY 401 583 False 4 0.2 0.52425
CHECKED QUERY 402 583 False 4 0.3 0.52425
CHECKED QUERY 403 583 False 4 0.4 0.52425
CHECKED QUERY 404 583 False 4 0.5 0.52425
CHECKED QUERY 405 583 False 4 0.6 0.52425
CHECKED QUERY 406 583 False 4 1.0 0.52425
CHECKED QUERY 407 583 False 5 0.0 0.52425
CHECKED QUERY 408 583 False 5 0.1 0.52425
CHECKED QUERY 409 583 False 5 0.2 0.52425
CHECKED QUERY 410 583 False 5 0.3 0.52425
CHECKED QUERY 411 583 False 5 0.4 0.52425
CHECKED QUERY 412 583 False 5 0.5 0.52425
CHECKED QUERY 413 583 False 5 1.0 0.52425
CHECKED QUERY 414 583 False 6 0.0 0.52425
CHECKED QUERY 415 583 False 6 0.1 0.52425
CHECKED QUERY 416 583 False 6 0.2 0.52425
CHECKED QUERY 417 583 False 6 0.3 0.52425
CHECKED QUERY 418 583 False 6 1.0 0.52425
CHECKED QUERY 419 583 False 7 0.0 0.52425
CHECKED QUERY 420 583 False 7 0.1 0.52425
CHECKED QUERY 421 583 False 7 0.2 0.52425
CHECKED QUERY 422 583 False 7 1.0 0.52425
CHECKED QUERY 423 583 False 8 0.0 0.52425
CHECKED QUERY 424 583 False 7 0.075 0.52425
CHECKED QUERY 425 583 False 7 0.05 0.52425
CHECKED QUERY 426 583 False 5 0.35 0.52425
CHECKED QUERY 427 583 False 7 0.125 0.42425
CHECKED QUERY 428 583 False 7 0.125 0.52425
CHECKED QUERY 429 583 False 7 0.15 0.52425
CHECKED QUERY 430 583 False 3 0.575 0.52425
CHECKED QUERY 431 583 False 3 0.55 0.52425
CHECKED QUERY 432 583 False 6 0.275 0.42425
CHECKED QUERY 433 583 False 6 0.275 0.52425
CHECKED QUERY 434 583 False 6 0.25 0.52425
CHECKED QUERY 435 583 False 2 0.675 0.52425
CHECKED QUERY 436 583 False 2 0.65 0.52425
CHECKED QUERY 437 583 False 4 0.45 0.52425
CHECKED QUERY 438 583 False 6 0.225 0.52425
CHECKED QUERY 439 583 False 7 0.025 0.52425
CHECKED QUERY 440 583 False 5 0.3375 0.52425
CHECKED QUERY 441 583 False 7 0.1125 0.42425
CHECKED QUERY 442 583 False 7 0.1125 0.52425
CHECKED QUERY 443 583 False 2 0.6875 0.42425
CHECKED QUERY 444 583 False 2 0.6875 0.43425
CHECKED QUERY 445 583 False 2 0.725 0.42425
CHECKED QUERY 446 583 False 2 0.7125 0.42425
CHECKED QUERY 447 583 False 2 0.71875 0.42425
CHECKED QUERY 448 583 False 2 0.71875 0.43425
CHECKED QUERY 449 583 False 2 0.71875 0.52425
CHECKED QUERY 450 583 False 1 0.825 0.42425
CHECKED QUERY 451 583 False 1 0.8125 0.42425
CHECKED QUERY 452 583 False 1 0.803125 0.42425
CHECKED QUERY 453 583 False 1 0.8015625 0.42425
CHECKED QUERY 454 583 False 1 0.80078125 0.42425
CHECKED QUERY 455 583 False 1 0.801171875 0.42425
CHECKED QUERY 456 583 False 1 0.80087890625 0.42425
CHECKED QUERY 457 583 False 1 0.80087890625 0.43425
CHECKED QUERY 458 583 False 1 0.80087890625 0.52425
CHECKED QUERY 459 583 True 8 0.05 0.42425
CHECKED QUERY 460 583 True 1 0.1 0.42425
CHECKED QUERY 461 583 True 2 0.1 0.42425
CHECKED QUERY 462 583 True 3 0.1 0.42425
CHECKED QUERY 463 583 True 8 0.1 0.42425
CHECKED QUERY 464 583 True 8 0.15 0.42425
CHECKED QUERY 465 583 True 1 0.2 0.42425
CHECKED QUERY 466 583 True 2 0.2 0.42425
CHECKED QUERY 467 583 True 7 0.2 0.42425
CHECKED QUERY 468 583 True 8 0.2 0.42425
CHECKED QUERY 469 583 True 8 0.25 0.42425
CHECKED QUERY 470 583 True 7 0.3 0.42425
CHECKED QUERY 471 583 True 8 0.3 0.42425
CHECKED QUERY 472 583 True 6 0.35 0.42425
CHECKED QUERY 473 583 True 7 0.35 0.42425
CHECKED QUERY 474 583 True 8 0.35 0.42425
CHECKED QUERY 475 583 True 1 0.4 0.42425
CHECKED QUERY 476 583 True 5 0.4 0.42425
CHECKED QUERY 477 583 True 6 0.4 0.42425
CHECKED QUERY 478 583 True 7 0.4 0.42425
CHECKED QUERY 479 583 True 8 0.4 0.42425
CHECKED QUERY 480 583 True 6 0.45 0.42425
CHECKED QUERY 481 583 True 7 0.45 0.42425
CHECKED QUERY 482 583 True 8 0.45 0.42425
CHECKED QUERY 483 583 True 5 0.5 0.42425
CHECKED QUERY 484 583 True 6 0.5 0.42425
CHECKED QUERY 485 583 True 7 0.5 0.42425
CHECKED QUERY 486 583 True 8 0.5 0.42425
CHECKED QUERY 487 583 True 4 0.55 0.42425
CHECKED QUERY 488 583 True 5 0.55 0.42425
CHECKED QUERY 489 583 True 6 0.55 0.42425
CHECKED QUERY 490 583 True 7 0.55 0.42425
CHECKED QUERY 491 583 True 8 0.55 0.42425
CHECKED QUERY 492 583 True 3 0.6 0.42425
CHECKED QUERY 493 583 True 4 0.6 0.42425
CHECKED QUERY 494 583 True 5 0.6 0.42425
CHECKED QUERY 495 583 True 6 0.6 0.42425
CHECKED QUERY 496 583 True 8 0.6 0.42425
CHECKED QUERY 497 583 True 4 0.65 0.42425
CHECKED QUERY 498 583 True 5 0.65 0.42425
CHECKED QUERY 499 583 True 6 0.65 0.42425
CHECKED QUERY 500 583 True 7 0.65 0.42425
CHECKED QUERY 501 583 True 8 0.65 0.42425
CHECKED QUERY 502 583 True 2 0.7 0.42425
CHECKED QUERY 503 583 True 3 0.7 0.42425
CHECKED QUERY 504 583 True 4 0.7 0.42425
CHECKED QUERY 505 583 True 6 0.7 0.42425
CHECKED QUERY 506 583 True 8 0.7 0.42425
CHECKED QUERY 507 583 True 6 0.75 0.42425
CHECKED QUERY 508 583 True 8 0.75 0.42425
CHECKED QUERY 509 583 True 1 0.8 0.42425
CHECKED QUERY 510 583 True 2 0.8 0.42425
CHECKED QUERY 511 583 True 3 0.8 0.42425
CHECKED QUERY 512 583 True 4 0.8 0.42425
CHECKED QUERY 513 583 True 5 0.8 0.42425
CHECKED QUERY 514 583 True 6 0.8 0.42425
CHECKED QUERY 515 583 True 7 0.8 0.42425
CHECKED QUERY 516 583 True 8 0.8 0.42425
CHECKED QUERY 517 583 True 6 0.85 0.42425
CHECKED QUERY 518 583 True 8 0.85 0.42425
CHECKED QUERY 519 583 True 1 0.9 0.42425
CHECKED QUERY 520 583 True 2 0.9 0.42425
CHECKED QUERY 521 583 True 3 0.9 0.42425
CHECKED QUERY 522 583 True 4 0.9 0.42425
CHECKED QUERY 523 583 True 5 0.9 0.42425
CHECKED QUERY 524 583 True 6 0.9 0.42425
CHECKED QUERY 525 583 True 7 0.9 0.42425
CHECKED QUERY 526 583 True 8 0.9 0.42425
CHECKED QUERY 527 583 True 6 0.95 0.42425
CHECKED QUERY 528 583 True 8 0.95 0.42425
CHECKED QUERY 529 583 False 8 0.05 0.42425
CHECKED QUERY 530 583 False 1 0.1 0.42425
CHECKED QUERY 531 583 False 3 0.1 0.42425
CHECKED QUERY 532 583 False 8 0.1 0.42425
CHECKED QUERY 533 583 False 8 0.15 0.42425
CHECKED QUERY 534 583 False 1 0.2 0.42425
CHECKED QUERY 535 583 False 2 0.2 0.42425
CHECKED QUERY 536 583 False 8 0.2 0.42425
CHECKED QUERY 537 583 False 8 0.25 0.42425
CHECKED QUERY 538 583 False 7 0.3 0.42425
CHECKED QUERY 539 583 False 8 0.3 0.42425
CHECKED QUERY 540 583 False 7 0.35 0.42425
CHECKED QUERY 541 583 False 8 0.35 0.42425
CHECKED QUERY 542 583 False 1 0.4 0.42425
CHECKED QUERY 543 583 False 6 0.4 0.42425
CHECKED QUERY 544 583 False 7 0.4 0.42425
CHECKED QUERY 545 583 False 8 0.4 0.42425
CHECKED QUERY 546 583 False 6 0.45 0.42425
CHECKED QUERY 547 583 False 7 0.45 0.42425
CHECKED QUERY 548 583 False 8 0.45 0.42425
CHECKED QUERY 549 583 False 6 0.5 0.42425
CHECKED QUERY 550 583 False 7 0.5 0.42425
CHECKED QUERY 551 583 False 8 0.5 0.42425
CHECKED QUERY 552 583 False 1 0.55 0.42425
CHECKED QUERY 553 583 False 5 0.55 0.42425
CHECKED QUERY 554 583 False 6 0.55 0.42425
CHECKED QUERY 555 583 False 7 0.55 0.42425
CHECKED QUERY 556 583 False 8 0.55 0.42425
CHECKED QUERY 557 583 False 5 0.6 0.42425
CHECKED QUERY 558 583 False 6 0.6 0.42425
CHECKED QUERY 559 583 False 8 0.6 0.42425
CHECKED QUERY 560 583 False 5 0.65 0.42425
CHECKED QUERY 561 583 False 6 0.65 0.42425
CHECKED QUERY 562 583 False 7 0.65 0.42425
CHECKED QUERY 563 583 False 8 0.65 0.42425
CHECKED QUERY 564 583 False 4 0.7 0.42425
CHECKED QUERY 565 583 False 5 0.7 0.42425
CHECKED QUERY 566 583 False 8 0.7 0.42425
CHECKED QUERY 567 583 False 8 0.75 0.42425
CHECKED QUERY 568 583 False 2 0.8 0.42425
CHECKED QUERY 569 583 False 3 0.8 0.42425
CHECKED QUERY 570 583 False 4 0.8 0.42425
CHECKED QUERY 571 583 False 5 0.8 0.42425
CHECKED QUERY 572 583 False 6 0.8 0.42425
CHECKED QUERY 573 583 False 7 0.8 0.42425
CHECKED QUERY 574 583 False 8 0.8 0.42425
CHECKED QUERY 575 583 False 8 0.85 0.42425
CHECKED QUERY 576 583 False 2 0.9 0.42425
CHECKED QUERY 577 583 False 3 0.9 0.42425
CHECKED QUERY 578 583 False 4 0.9 0.42425
CHECKED QUERY 579 583 False 5 0.9 0.42425
CHECKED QUERY 580 583 False 6 0.9 0.42425
CHECKED QUERY 581 583 False 7 0.9 0.42425
CHECKED QUERY 582 583 False 8 0.9 0.42425
CHECKED QUERY 583 583 False 8 0.95 0.42425
{
  "all_passed": true,
  "arithmetic_bound": 7.056663172819114e-11,
  "canonical_manifest_sha256": "54adb353c5b85210dca143aa7af44fb0b64023a6415be341cdb45e0953b0141d",
  "checked_dynamic_problems": 583,
  "checked_input_hashes": {
    "replication/r13/bootstrap_core.py": "176a6acf8278f479a9263f5d5067917895024896b8b58ad71d6fc94ac1a4e605",
    "replication/r13/bootstrap_extensions.py": "c58c1a75d949b8d1c44d21d135aa71208b1ccee00f376d19b03fedd70c8c4d73",
    "replication/r13/canonical.py": "f1116ac14745653032a3ed1a5d13e4712a417fd530c1b13e03a5adf7280f1495",
    "replication/r13/canonical/economy.npz": "8a76d7274230a81de78502270fec87d288f563222e5f71945d6e99350fbee99e",
    "replication/r13/canonical/first_date.npz": "4cfc3c2e44300e79e5ad3fe1df15a6b54758f4a15b3727d7ee6abf4358c2daae",
    "replication/r13/canonical/kernel_0_0.npz.part000": "b8a2d413f3a1ab2a93641aba710b326d6f571415b82bffe48ee720edb605670d",
    "replication/r13/canonical/kernel_0_0.npz.part001": "2afe118a0b4adc9e9e28a824a8bb767c6e77ca8be7b494629fbf3cb8d6dfd7e3",
    "replication/r13/canonical/kernel_0_0.npz.part002": "fe65938851f3c4a7e92813fbfc64c4b000ddebb2ada12991eb0b8568fddc4281",
    "replication/r13/canonical/kernel_0_0.npz.part003": "3755d5eb5910c7c54cfc6a12d64fb8b453265988db99b28fb71fd36fd13e15a2",
    "replication/r13/canonical/kernel_0_0.npz.part004": "38caebb5a17b43809eef6310e6d2e7231de6160d91c3383b69e055cce37db2f2",
    "replication/r13/canonical/kernel_0_1.npz": "fb565d56e92a74f6ab91416ecd1781493f412ce568af528362bbed9f500eab76",
    "replication/r13/canonical/kernel_0_2.npz": "6df0bfe3faabf75c023368cc8f58fbb73478094da77263e5875eee5820b1736b",
    "replication/r13/canonical/kernel_0_3.npz": "15d78ebd8c761450d99240a8dd6b23876aca006eb3bdce72ef9d3f0351debac0",
    "replication/r13/canonical/kernel_0_4.npz": "ee11a94f425b84011279a375acb48d22335dc9637d7dac2756e0d255409e047d",
    "replication/r13/canonical/kernel_0_5.npz": "af05d81f2a336bcd832e7789ecfbec9c1876c71679bae8ae71737e5abfbe8ab0",
    "replication/r13/canonical/kernel_0_6.npz": "86017f8bf2ec135276bac712b10f0139380f12fedc80744a0da96d6870809255",
    "replication/r13/canonical/kernel_0_7.npz": "f5f957ba9854df727e7c5288deda501ac6c192de972c725635640773f9acc0a6",
    "replication/r13/canonical/kernel_0_8.npz": "62ba41c141e53eeb0ff7a3f796babbab2a5f0af35d224d37c0cd394e173dcde7",
    "replication/r13/canonical/kernel_1_0.npz.part000": "af61adc080ce53be15f461ceb56aa22c849158e5080e8898d2e4dcba08fd5e47",
    "replication/r13/canonical/kernel_1_0.npz.part001": "9dff5c7ce92d7f7cdef3660721e0f573ad67206133475c45e90337a0dea093f6",
    "replication/r13/canonical/kernel_1_0.npz.part002": "107b283c030d8fd61b5daed9c2bb6b760c8e42e9445670256ef2f4d5d5846815",
    "replication/r13/canonical/kernel_1_0.npz.part003": "2a2452abc8a0ebcd53e325f1966c35841ae43f2894e528c32007f1df0ac62c2e",
    "replication/r13/canonical/kernel_1_0.npz.part004": "5efa333bc3c5fb8da011c3b581ef64d1ab64963de5e5bb8d652ac0d719aa4876",
    "replication/r13/canonical/kernel_1_1.npz": "ada5831ba5a07b632ed1b474b1c4d5cc1ace86847a0efdd96fbe51e9ac477412",
    "replication/r13/canonical/kernel_1_2.npz": "384fb8022890e3772dc43e5b0e51c43a12fabc0f22854e14d6cdec57d62b2373",
    "replication/r13/canonical/kernel_1_3.npz": "14b2a73d7527414ec457c2d631812cdc01914a6813f6677bfbfc6036fbbbaa88",
    "replication/r13/canonical/kernel_1_4.npz": "477d082fde83298c4fc0526c2a655e14fbbd6011f5681079350bbac07270c53d",
    "replication/r13/canonical/kernel_1_5.npz": "750cd2e63c428cc8db1663d7f8f50d01ff8dddf8899c59f7b0e49da1f463a850",
    "replication/r13/canonical/kernel_1_6.npz": "55c92652a315476497c3d5d4c7ebcd03894661042abd043343f1cde345d62cef",
    "replication/r13/canonical/kernel_1_7.npz": "95ffd6cc95a6eca04f708507f902da2f9fa38f7135cd39519e5beb2999f6ca6f",
    "replication/r13/canonical/kernel_1_8.npz": "636794252660bb2bc18e1a8d6e38ce5fa69f8c26543cf4414c3405f74bb8e8a7",
    "replication/r13/canonical/manifest.json": "54adb353c5b85210dca143aa7af44fb0b64023a6415be341cdb45e0953b0141d",
    "replication/r13/canonical/metadata.json": "4cda0a75fe8c1edab1b56c88a96b2d731bc37f9aefbe65f3539ad88d0248be02",
    "replication/r13/certified_arithmetic.py": "6ca2bfa05627d36435a2a66d953279653e7c07e884da50c98ddc455bfbbd4048",
    "replication/r13/engine.py": "3f2d255b19af3612fb3ddaca226e36a5dac3c299c0d9849017b60d685cd958a7",
    "replication/r13/extensions/manifest.json": "378d5252feb7c48aaaeb114b54f25b364f11a36dcbde3d321289f6e46e156990",
    "replication/r13/extensions/primitive_contract.json": "f5a8e550fee520aa3c78a956b499d5f2dbaa270b0895e85acfdec3a8ba5e98d7",
    "replication/r13/extensions/proposal_witness.npz": "fd029b6b5c9107ff79de044c9db451f444cdf6a1fe8efe9200195ec5a3f85791",
    "replication/r13/extensions/proposals.json": "b91a3ad9dcc59101f745082a4254da4cfcf51c7f204d22875251b1c8bf88f179",
    "replication/r13/extensions/refinement.json": "01657b4cbffb4fcdc5b0c748e96a58faee12bd7f6c03326708effee0b98748b0",
    "replication/r13/extensions/stress.json": "14459e756b357438ec924e0b692f4da2c14634a98fdb87380b7a29518824cee7",
    "replication/r13/extensions/theory_tests.json": "820283f5fc6459e2837480eef2458e48671499a7dcca2785ead577c0e9cf37ec",
    "replication/r13/extensions/validation.json": "cd72f243e44e890a391dd031996d29e89115da41f97faaf13189d4a74561ea49",
    "replication/r13/oracle_polytope.py": "08533a71186a45c819e0a040cd36009d54e52bd7fc10addb524c057d6195d831",
    "replication/r13/output/arithmetic.json": "e376153e2de08627c2a304e3605067afc333106bc45b1e60e7631e3ded4d6d94",
    "replication/r13/output/broader.json": "06e0dd7770c2c598b87e106369856bbea0ed277724c5802cb29aec31a56c4552",
    "replication/r13/output/certificate_arrays.npz": "09e0160c125aa2dc21a3e9311494506d195716658225c3642d35c3fb6678e0e6",
    "replication/r13/output/chord_certificate.json": "10155b39f678ff4036846c28bc1cd04ccd779fcc2360b359ed69ac18528af908",
    "replication/r13/output/count_certificate.json": "0d5a527636bfce0df0b77f747427b590cd23918fe206b692cd8560aaefb9caf3",
    "replication/r13/output/dominance.json": "17a2359da202cc282d290d54b44013db997e1af4e1830b39f53f5d29d9454da6",
    "replication/r13/output/execution.json": "48b4dacd7ae7113c08aa52135475dd83b32c3134fc76fea7f4d1ee4b55e3f3a5",
    "replication/r13/output/expected.json": "8112e2ac51360fcd2c4863e176f01ef6db5e21f080779ca27ae7cd7fdc7c0e63",
    "replication/r13/output/exposure.json": "ea6e5473d1414aa54c2c98e0c854a75d8dd0aa87161f5808923c966edb2dfe01",
    "replication/r13/output/independent_validation.json": "cb6c76594d090ce554e8c7c0b0bab00e2de6bb1ab537dca071c427b8671f540d",
    "replication/r13/output/positive_witnesses.json": "44572eed5c1889657f8f25e3cf1885adea27f84d751e2e9dcf958709c515c5a1",
    "replication/r13/output/procurement.json": "416e0a654c95716b48da093c4fad5e421833a0495fcdfae8bb4f15de43a32a58",
    "replication/r13/output/procurement_witness.npz": "18e90c071072ed1ca0c328029cedb86fa27b741a776c5cbf14919564a09fb660",
    "replication/r13/output/target_comparison.json": "68ccdb3cef95716a9c90f5cae4c3f4cebe2e33ba4474c9578042107c6e6a18f9",
    "replication/r13/primitive_contract.py": "2de64f530e8dcd1120fd59dbf57b379a8010b18798aab1ff0429c4f8bd71b918",
    "replication/r13/proposal_benchmark.py": "427b2e8cef3771f131dcbaef154b4d966ae33066e94d5b2954aa930001114361",
    "replication/r13/refinement.py": "7cbdf1b79ad9fecda787ea2491b6531343674d89435d810e189143439e9fb2f3",
    "replication/r13/render_tables.py": "738002a409c7d884c7a94aff5d0e178f4c5ee8b5afabfb490c13067aa2121404",
    "replication/r13/response_graph.py": "38e4de77e46964d19a131a2e157b57b8c88a35517a57f1841e532dd529460745",
    "replication/r13/science.py": "8622a85d909e0df46248a4f5eb85349ecca8d1dbcf98d2c96addd2049503aa63",
    "replication/r13/stress_checks.py": "79f36b8f3a26b7c7c5396447f48fd2f616464d67ff905673ac1ecb869880a7d5",
    "replication/r13/theory_tests.py": "08188a5fdfbf4d1a7135f87257c052714fcfc97c28d50b85cb24ecfd595b2b16",
    "replication/r13/verify.py": "4cc73bba1054edd1a12811c2882df83220cfa3e5734bc59f4b22253c053ecada",
    "replication/r13/verify_extensions.py": "8b89d3b58437eac01b6c0986c6c5c694728b763d1544b0308081ff1552ed8444",
    "replication/r14/output/continuum_certificate.json": "e30687c3d4e3a284b645286d2fbf65036884b9be7639053005cf2980b46e83b1",
    "replication/r14/output/continuum_witness.npz": "eb90f08bbc100034054ea3521a1e1c1ae196db048a6081e7664a55f1dbc6c0ab",
    "replication/r14/output/economic_extensions.json": "e2ce376f19832572f5ba0ddcd825ce385c4823e7ca14168a31a53a0c56483ea1",
    "replication/r14/output/mechanism_values.npz": "7bd06a4a8abeb1cefd34b5ee642ead0acf0fbe9c2e0ecfdb4f8340a144915f7d",
    "replication/r14/verify.py": "4013d9c49d2e5cd10ec44643aff57c0f04af1289780115d19e3c67a403d3087d"
  },
  "checked_response_graphs": 418,
  "continuum": [
    {
      "adjustment": true,
      "global_upper": 0.09759916267659546,
      "incumbent": {
        "A_lower": 0.890233275155981,
        "F": 0.72880859375,
        "eta": 0.0,
        "grant": 0.7926349952852871,
        "id": "q00509.positive",
        "lower": 0.09759827987069392,
        "sign": "positive",
        "term": 1
      },
      "leaves": 342,
      "other_term_gap": 0.00010203858940925625,
      "regret_upper": 8.828059015475453e-07,
      "term_identified": true,
      "term_upper": {
        "1": 0.09759916267659546,
        "2": 0.09749624128128466,
        "3": 0.09729020430754075,
        "4": 0.09734649562523301,
        "5": 0.09662546389462702,
        "6": 0.09568400763895919,
        "7": 0.09689105645819478,
        "8": 0.09073402219717203
      }
    },
    {
      "adjustment": false,
      "global_upper": 0.05993614835030001,
      "incumbent": {
        "A_lower": 0.890233275155981,
        "F": 0.80087890625,
        "eta": 0.0,
        "grant": 0.8302972193502052,
        "id": "q00678.positive",
        "lower": 0.05993605580577588,
        "sign": "positive",
        "term": 1
      },
      "leaves": 351,
      "other_term_gap": 5.707470696296457e-05,
      "regret_upper": 9.254452413426373e-08,
      "term_identified": true,
      "term_upper": {
        "1": 0.05993614835030001,
        "2": 0.05931249397739222,
        "3": 0.059695574671326405,
        "4": 0.059878981098812914,
        "5": 0.05985245017347372,
        "6": 0.058787185777544014,
        "7": 0.05971447809512052,
        "8": 0.0552766992553007
      }
    }
  ],
  "elapsed_seconds": 872.5874021930001,
  "inherited_exact_oracle": {
    "all_passed": true,
    "exact_query_examples": 8,
    "scope": "Rational primal feasibility, weak-duality support and original-query compatibility of every constructed finite economy are recomputed without invoking the LP solver or the producer dual-bound routine."
  },
  "inherited_primitive": {
    "exact_rational_cases": 972,
    "independence": "All term costs and extremal minimizers independently recomputed from rational primitives.",
    "strict_shortening": 373,
    "unchanged": 599
  },
  "institutional_comparisons": 42,
  "joint_oracle_cases": 8,
  "maximum_value_discrepancy": 5.551115123125783e-16,
  "mechanism_points": 54,
  "minimum_positive_boundary_gap": 0.00045613829191581967,
  "negative_tests": {
    "altered_constraint_rhs": true,
    "destroyed_upper_summary": true,
    "fee_outside_declared_cell": true,
    "missing_coverage": true,
    "negative_rational_multiplier": true,
    "uncharged_implemented_transfer": true,
    "underpaid_participation": true,
    "wrong_positive_attainment": true
  },
  "optimized_python": false,
  "peak_rss_kib": 1183088,
  "projection_rows": 2,
  "schema": "nbo-r14-independent-validation-v1",
  "scope": "Read-only independent dynamic recursion, enlarged equality-graph supports, economic accounting, semantic LP reconstruction, rational weak duality and complete fee coverage. Neural training timings and continuous-state diffusion inclusion are not certified by this checker."
}
