replication/r13/canonical/economy.npz: OK
replication/r13/canonical/first_date.npz: OK
replication/r13/canonical/kernel_0_0.npz.part000: OK
replication/r13/canonical/kernel_0_0.npz.part001: OK
replication/r13/canonical/kernel_0_0.npz.part002: OK
replication/r13/canonical/kernel_0_0.npz.part003: OK
replication/r13/canonical/kernel_0_0.npz.part004: OK
replication/r13/canonical/kernel_0_1.npz: OK
replication/r13/canonical/kernel_0_2.npz: OK
replication/r13/canonical/kernel_0_3.npz: OK
replication/r13/canonical/kernel_0_4.npz: OK
replication/r13/canonical/kernel_0_5.npz: OK
replication/r13/canonical/kernel_0_6.npz: OK
replication/r13/canonical/kernel_0_7.npz: OK
replication/r13/canonical/kernel_0_8.npz: OK
replication/r13/canonical/kernel_1_0.npz.part000: OK
replication/r13/canonical/kernel_1_0.npz.part001: OK
replication/r13/canonical/kernel_1_0.npz.part002: OK
replication/r13/canonical/kernel_1_0.npz.part003: OK
replication/r13/canonical/kernel_1_0.npz.part004: OK
replication/r13/canonical/kernel_1_1.npz: OK
replication/r13/canonical/kernel_1_2.npz: OK
replication/r13/canonical/kernel_1_3.npz: OK
replication/r13/canonical/kernel_1_4.npz: OK
replication/r13/canonical/kernel_1_5.npz: OK
replication/r13/canonical/kernel_1_6.npz: OK
replication/r13/canonical/kernel_1_7.npz: OK
replication/r13/canonical/kernel_1_8.npz: OK
replication/r13/canonical/manifest.json: OK
replication/r13/canonical/metadata.json: OK
replication/r13/extensions/manifest.json: OK
replication/r13/extensions/primitive_contract.json: OK
replication/r13/extensions/proposal_witness.npz: OK
replication/r13/extensions/proposals.json: OK
replication/r13/extensions/refinement.json: OK
replication/r13/extensions/stress.json: OK
replication/r13/extensions/theory_tests.json: OK
replication/r13/extensions/validation.json: OK
replication/r13/output/arithmetic.json: OK
replication/r13/output/broader.json: OK
replication/r13/output/certificate_arrays.npz: OK
replication/r13/output/chord_certificate.json: OK
replication/r13/output/count_certificate.json: OK
replication/r13/output/dominance.json: OK
replication/r13/output/execution.json: OK
replication/r13/output/expected.json: OK
replication/r13/output/exposure.json: OK
replication/r13/output/independent_validation.json: OK
replication/r13/output/positive_witnesses.json: OK
replication/r13/output/procurement.json: OK
replication/r13/output/procurement_witness.npz: OK
replication/r13/output/target_comparison.json: OK
replication/r14/output/continuous_fees.json: OK
replication/r14/output/continuous_queries.npz: OK
replication/r14/output/continuum_certificate.json: OK
replication/r14/output/continuum_witness.npz: OK
replication/r14/output/economic_extensions.json: OK
replication/r14/output/mechanism_values.npz: OK
