QUERY True 5 0.075 0.42425 2.593
QUERY True 5 0.075 0.43425 0.537
QUERY True 3 0.325 0.42425 2.435
QUERY True 6 0.025 0.42425 2.5
QUERY True 2 0.5 0.43425 0.543
QUERY True 5 0.175 0.42425 2.467
QUERY True 6 0.075 0.42425 2.45
QUERY True 1 0.625 0.42425 2.533
QUERY True 2 0.525 0.42425 2.552
QUERY True 3 0.425 0.42425 2.427
QUERY True 4 0.325 0.42425 2.43
QUERY True 7 0.0375 0.42425 2.453
QUERY True 2 0.575 0.42425 2.509
QUERY True 2 0.575 0.43425 0.544
QUERY True 1 0.675 0.42425 2.487
QUERY True 3 0.5 0.43425 0.532
QUERY True 4 0.375 0.42425 2.476
QUERY True 5 0.275 0.42425 2.426
QUERY True 5 0.3 0.43425 0.541
QUERY True 6 0.175 0.42425 2.481
QUERY True 1 0.6625 0.42425 2.523
QUERY True 7 0.075 0.42425 2.425
QUERY True 2 0.5875 0.42425 2.401
QUERY True 3 0.4875 0.43425 0.546
QUERY True 4 0.3875 0.42425 2.43
QUERY True 4 0.3875 0.43425 0.541
QUERY True 5 0.2875 0.42425 2.438
QUERY True 6 0.1875 0.42425 2.412
QUERY True 7 0.0875 0.42425 2.521
QUERY True 2 0.625 0.42425 2.452
QUERY True 2 0.6125 0.42425 2.432
QUERY True 3 0.525 0.42425 2.427
QUERY True 3 0.525 0.43425 0.532
QUERY True 3 0.5125 0.42425 2.52
QUERY True 1 0.725 0.42425 2.445
QUERY True 4 0.425 0.42425 2.413
QUERY False 2 0.75 0.41425 0.562
QUERY False 5 0.075 0.42425 1.228
QUERY False 5 0.075 0.43425 0.548
QUERY False 2 0.475 0.43425 0.541
QUERY False 2 0.5 0.43425 0.549
QUERY False 6 0.025 0.42425 1.221
QUERY False 5 0.175 0.42425 1.23
QUERY False 6 0.075 0.42425 1.242
QUERY False 1 0.625 0.42425 1.241
QUERY False 1 0.65 0.43425 0.549
QUERY False 3 0.425 0.42425 1.238
QUERY False 2 0.525 0.42425 1.25
QUERY False 4 0.325 0.42425 1.266
QUERY False 3 0.325 0.42425 1.253
QUERY False 1 0.7 0.43425 0.555
QUERY False 3 0.5 0.43425 0.546
QUERY False 7 0.025 0.42425 1.226
QUERY False 4 0.375 0.42425 1.235
QUERY False 7 0.0125 0.42425 1.223
QUERY False 7 0.0375 0.42425 1.243
QUERY False 6 0.175 0.42425 1.244
QUERY False 7 0.075 0.42425 1.258
QUERY False 2 0.625 0.42425 1.244
QUERY False 6 0.1875 0.42425 1.243
QUERY False 1 0.7125 0.42425 1.24
QUERY False 1 0.7125 0.43425 0.547
QUERY False 5 0.325 0.42425 1.242
QUERY False 5 0.3125 0.42425 1.263
QUERY False 2 0.6375 0.42425 1.261
QUERY False 2 0.6375 0.43425 0.563
QUERY False 3 0.5375 0.42425 1.247
QUERY False 7 0.0875 0.42425 1.248
QUERY False 4 0.4375 0.42425 1.235
QUERY False 6 0.225 0.42425 1.25
QUERY False 6 0.2125 0.42425 1.237
QUERY False 5 0.3375 0.42425 1.216
QUERY False 2 0.675 0.42425 1.251
QUERY False 2 0.675 0.43425 0.564
QUERY False 2 0.7 0.43425 0.568
QUERY False 3 0.575 0.42425 1.301
QUERY False 2 0.6625 0.42425 1.311
QUERY False 4 0.475 0.42425 1.327
QUERY True 1 0.0 0.52425 0.522
QUERY True 1 0.1 0.52425 0.524
QUERY True 1 0.5 0.52425 0.531
QUERY True 1 0.6 0.52425 0.53
QUERY True 1 0.7 0.52425 0.53
QUERY True 1 1.0 0.52425 0.529
QUERY True 2 0.0 0.52425 0.526
QUERY True 2 0.1 0.52425 0.52
QUERY True 2 0.3 0.52425 0.519
QUERY True 2 0.4 0.52425 0.524
QUERY True 2 0.5 0.52425 0.529
QUERY True 2 0.6 0.52425 0.527
QUERY True 2 0.8 0.52425 0.531
QUERY True 2 1.0 0.52425 0.529
QUERY True 3 0.1 0.52425 0.534
QUERY True 3 0.2 0.52425 0.524
QUERY True 3 0.3 0.52425 0.545
QUERY True 3 0.4 0.52425 0.527
QUERY True 3 0.5 0.52425 0.525
QUERY True 4 0.0 0.52425 0.529
QUERY True 4 0.1 0.52425 0.531
QUERY True 4 0.2 0.52425 0.53
QUERY True 4 0.3 0.52425 0.53
QUERY True 4 0.4 0.52425 0.523
QUERY True 4 1.0 0.52425 0.52
QUERY True 5 0.0 0.52425 0.521
QUERY True 5 0.1 0.52425 0.526
QUERY True 5 0.2 0.52425 0.532
QUERY True 5 0.3 0.52425 0.523
QUERY True 5 1.0 0.52425 0.534
QUERY True 6 0.0 0.52425 0.535
QUERY True 6 0.1 0.52425 0.526
QUERY True 6 0.2 0.52425 0.537
QUERY True 6 0.3 0.52425 0.536
QUERY True 6 1.0 0.52425 0.532
QUERY True 7 0.0 0.52425 0.527
QUERY True 7 0.1 0.52425 0.524
QUERY True 7 1.0 0.52425 0.529
QUERY True 8 0.0 0.52425 0.524
QUERY True 7 0.075 0.52425 0.522
QUERY True 7 0.05 0.52425 0.515
QUERY True 6 0.175 0.52425 0.513
QUERY True 6 0.15 0.52425 0.515
QUERY True 5 0.275 0.52425 0.514
QUERY True 5 0.25 0.52425 0.519
QUERY True 1 0.65 0.52425 0.521
QUERY True 5 0.2875 0.52425 0.567
QUERY True 2 0.575 0.52425 0.523
QUERY True 2 0.55 0.52425 0.519
QUERY True 2 0.65 0.52425 0.518
QUERY True 3 0.5375 0.42425 2.426
QUERY True 3 0.5375 0.43425 0.516
QUERY True 1 0.75 0.52425 0.513
QUERY True 3 0.53125 0.42425 2.42
QUERY True 3 0.53125 0.43425 0.518
QUERY True 3 0.53125 0.52425 0.517
QUERY True 1 0.7375 0.42425 2.426
QUERY True 1 0.73125 0.42425 2.414
QUERY True 1 0.728125 0.42425 2.45
QUERY True 1 0.72890625 0.42425 2.44
QUERY True 1 0.728515625 0.42425 2.369
QUERY True 1 0.7287109375 0.42425 2.436
QUERY True 1 0.72880859375 0.42425 2.423
QUERY False 1 0.0 0.52425 0.538
QUERY False 1 0.1 0.52425 0.534
QUERY False 1 0.5 0.52425 0.536
QUERY False 1 0.6 0.52425 0.531
QUERY False 1 0.7 0.52425 0.534
QUERY False 1 0.8 0.52425 0.546
QUERY False 2 0.0 0.52425 0.547
QUERY False 2 0.1 0.52425 0.55
QUERY False 2 0.3 0.52425 0.555
QUERY False 2 0.4 0.52425 0.54
QUERY False 2 0.5 0.52425 0.541
QUERY False 2 0.6 0.52425 0.535
QUERY False 2 0.7 0.52425 0.529
QUERY False 3 0.1 0.52425 0.537
QUERY False 3 0.2 0.52425 0.54
QUERY False 3 0.3 0.52425 0.541
QUERY False 3 0.4 0.52425 0.538
QUERY False 3 0.5 0.52425 0.546
QUERY False 3 0.6 0.52425 0.547
QUERY False 3 0.7 0.52425 0.557
QUERY False 3 1.0 0.52425 0.547
QUERY False 4 0.0 0.52425 0.545
QUERY False 4 0.1 0.52425 0.541
QUERY False 4 0.2 0.52425 0.529
QUERY False 4 0.3 0.52425 0.532
QUERY False 4 0.4 0.52425 0.535
QUERY False 4 0.5 0.52425 0.556
QUERY False 4 0.6 0.52425 0.542
QUERY False 4 1.0 0.52425 0.531
QUERY False 5 0.0 0.52425 0.539
QUERY False 5 0.1 0.52425 0.538
QUERY False 5 0.2 0.52425 0.538
QUERY False 5 0.3 0.52425 0.529
QUERY False 5 0.4 0.52425 0.524
QUERY False 5 0.5 0.52425 0.543
QUERY False 5 1.0 0.52425 0.589
QUERY False 6 0.0 0.52425 0.524
QUERY False 6 0.1 0.52425 0.529
QUERY False 6 0.2 0.52425 0.525
QUERY False 6 0.3 0.52425 0.529
QUERY False 6 1.0 0.52425 0.526
QUERY False 7 0.0 0.52425 0.531
QUERY False 7 0.1 0.52425 0.533
QUERY False 7 0.2 0.52425 0.537
QUERY False 7 1.0 0.52425 0.541
QUERY False 8 0.0 0.52425 0.545
QUERY False 7 0.075 0.52425 0.542
QUERY False 7 0.05 0.52425 0.552
QUERY False 5 0.35 0.52425 0.561
QUERY False 7 0.125 0.42425 1.278
QUERY False 7 0.125 0.52425 0.559
QUERY False 7 0.15 0.52425 0.549
QUERY False 3 0.575 0.52425 0.555
QUERY False 3 0.55 0.52425 0.55
QUERY False 6 0.275 0.42425 1.234
QUERY False 6 0.275 0.52425 0.566
QUERY False 6 0.25 0.52425 0.545
QUERY False 2 0.675 0.52425 0.556
QUERY False 2 0.65 0.52425 0.554
QUERY False 4 0.45 0.52425 0.56
QUERY False 6 0.225 0.52425 0.548
QUERY False 7 0.025 0.52425 0.556
QUERY False 5 0.3375 0.52425 0.575
QUERY False 7 0.1125 0.42425 1.238
QUERY False 7 0.1125 0.52425 0.559
QUERY False 2 0.6875 0.42425 1.276
QUERY False 2 0.6875 0.43425 0.582
QUERY False 2 0.725 0.42425 1.249
QUERY False 2 0.7125 0.42425 1.235
QUERY False 2 0.71875 0.42425 1.241
QUERY False 2 0.71875 0.43425 0.561
QUERY False 2 0.71875 0.52425 0.554
QUERY False 1 0.825 0.42425 1.235
QUERY False 1 0.8125 0.42425 1.24
QUERY False 1 0.803125 0.42425 1.264
QUERY False 1 0.8015625 0.42425 1.241
QUERY False 1 0.80078125 0.42425 1.248
QUERY False 1 0.801171875 0.42425 1.227
QUERY False 1 0.80087890625 0.42425 1.24
QUERY False 1 0.80087890625 0.43425 0.55
QUERY False 1 0.80087890625 0.52425 0.544
REPLAY REGIME True REGRET 8.828059015475453e-07 TERM 1
REPLAY REGIME False REGRET 9.254452413426373e-08 TERM 1
RETAINED 821 response queries, 458 DP problems; 222 new witness arrays
