results/tuning/seed24001/neural_0.005 200 0.002210393468830008 call_cap
results/tuning/seed24001/neural_0.02 200 0.0019644965945426755 call_cap
results/tuning/seed24001/neural_0.08 200 0.0019277257977907694 call_cap
results/tuning/seed24001/direct_0.005 200 0.01915780329454231 call_cap
results/tuning/seed24001/direct_0.02 200 0.004725879106669995 call_cap
results/tuning/seed24001/direct_0.08 200 0.002225348372033587 call_cap
results/tuning/seed24001/diagonal_0.005 200 0.01691208141717993 call_cap
results/tuning/seed24001/diagonal_0.02 200 0.0039878591227691116 call_cap
results/tuning/seed24001/diagonal_0.08 200 0.002148713839579264 call_cap
results/tuning/seed24001/tangent_0.005 200 0.007097343945678959 call_cap
results/tuning/seed24001/tangent_0.02 200 0.0025669323949149008 call_cap
results/tuning/seed24001/tangent_0.08 200 0.0020492505303379986 call_cap
results/tuning/seed24001/white_0.005 200 0.03177224751441222 call_cap
results/tuning/seed24001/white_0.02 200 0.020715643476319826 call_cap
results/tuning/seed24001/white_0.08 200 0.017750933880619216 call_cap
results/tuning/seed24002/neural_0.005 200 0.0022369118012397497 call_cap
results/tuning/seed24002/neural_0.02 200 0.0019703118847880234 call_cap
results/tuning/seed24002/neural_0.08 200 0.0019288477868406597 call_cap
results/tuning/seed24002/direct_0.005 200 0.019605206809826917 call_cap
results/tuning/seed24002/direct_0.02 200 0.004771569202922433 call_cap
results/tuning/seed24002/direct_0.08 200 0.002228169311413453 call_cap
results/tuning/seed24002/diagonal_0.005 200 0.018202763545728032 call_cap
results/tuning/seed24002/diagonal_0.02 200 0.004390294322763611 call_cap
results/tuning/seed24002/diagonal_0.08 200 0.0021888034782244774 call_cap
results/tuning/seed24002/tangent_0.005 200 0.009563504628547605 call_cap
results/tuning/seed24002/tangent_0.02 200 0.0032153092998390424 call_cap
results/tuning/seed24002/tangent_0.08 200 0.002110696263768031 call_cap
results/tuning/seed24002/white_0.005 200 0.029853780161409608 call_cap
results/tuning/seed24002/white_0.02 200 0.022410455146079315 call_cap
results/tuning/seed24002/white_0.08 200 0.021034277247828918 call_cap
results/heldout/seed24101/q8_16/neural_adam 400 0.0019253392980120856 call_cap
results/heldout/seed24101/q8_16/direct_adam 400 0.0020382481521643574 call_cap
results/heldout/seed24101/q8_16/diagonal_adam 400 0.0020087346052335424 call_cap
results/heldout/seed24101/q8_16/tangent_adam 400 0.0020844980833552022 call_cap
results/heldout/seed24101/q8_16/white_adam 400 0.018742028541234527 call_cap
results/heldout/seed24101/q8_16/neural_lbfgsb 102 0.009608290435566104 CONVERGENCE: NORM OF PROJECTED GRADIENT <= PGTOL
results/heldout/seed24101/q8_16/direct_lbfgsb 104 0.0019232953479479955 CONVERGENCE: NORM OF PROJECTED GRADIENT <= PGTOL
results/heldout/seed24101/q12_24/neural_adam 400 0.0019253269342498493 call_cap
results/heldout/seed24101/q12_24/direct_adam 400 0.00203820932294474 call_cap
results/heldout/seed24101/q12_24/diagonal_adam 400 0.0020087006072522233 call_cap
results/heldout/seed24101/q12_24/tangent_adam 400 0.0020844634590901916 call_cap
results/heldout/seed24101/q12_24/white_adam 400 0.018742267018054818 call_cap
results/heldout/seed24101/q12_24/neural_lbfgsb 87 0.009608169993687634 CONVERGENCE: NORM OF PROJECTED GRADIENT <= PGTOL
results/heldout/seed24101/q12_24/direct_lbfgsb 114 0.001923287065451085 CONVERGENCE: NORM OF PROJECTED GRADIENT <= PGTOL
results/heldout/seed24102/q8_16/neural_adam 400 0.0019257129121523777 call_cap
results/heldout/seed24102/q8_16/direct_adam 400 0.002039227052281545 call_cap
results/heldout/seed24102/q8_16/diagonal_adam 400 0.0020025216625403357 call_cap
results/heldout/seed24102/q8_16/tangent_adam 400 0.0021572316161435627 call_cap
results/heldout/seed24102/q8_16/white_adam 400 0.017534219158449996 call_cap
results/heldout/seed24102/q8_16/neural_lbfgsb 400 0.0019233730572369991 call_cap_last_accepted_iterate
results/heldout/seed24102/q8_16/direct_lbfgsb 119 0.0019232953928507437 CONVERGENCE: NORM OF PROJECTED GRADIENT <= PGTOL
results/heldout/seed24102/q12_24/neural_adam 400 0.0019257047520924166 call_cap
results/heldout/seed24102/q12_24/direct_adam 400 0.002039188029396622 call_cap
results/heldout/seed24102/q12_24/diagonal_adam 400 0.0020024808414242927 call_cap
results/heldout/seed24102/q12_24/tangent_adam 400 0.0021571819096870564 call_cap
results/heldout/seed24102/q12_24/white_adam 400 0.01753456650033303 call_cap
results/heldout/seed24102/q12_24/neural_lbfgsb 400 0.001923322550320128 call_cap_last_accepted_iterate
results/heldout/seed24102/q12_24/direct_lbfgsb 110 0.0019232870954930539 CONVERGENCE: NORM OF PROJECTED GRADIENT <= PGTOL
results/multicell/vertex0/neural_adam 400 0.0025893045251610407 call_cap
results/multicell/vertex0/direct_adam 400 0.002708728633279201 call_cap
results/multicell/vertex0/tangent_adam 400 0.0026926153830713066 call_cap
results/multicell/vertex0/direct_lbfgsb 46 0.0025871595070883218 CONVERGENCE: NORM OF PROJECTED GRADIENT <= PGTOL
results/multicell/vertex1/neural_adam 400 0.002491674678488654 call_cap
results/multicell/vertex1/direct_adam 400 0.0026131477933797336 call_cap
results/multicell/vertex1/tangent_adam 400 0.0026765243452824277 call_cap
results/multicell/vertex1/direct_lbfgsb 161 0.002488111135906746 CONVERGENCE: NORM OF PROJECTED GRADIENT <= PGTOL
results/multicell/vertex2/neural_adam 400 0.004280525835585803 call_cap
results/multicell/vertex2/direct_adam 400 0.004398789916329139 call_cap
results/multicell/vertex2/tangent_adam 400 0.004508255952495822 call_cap
results/multicell/vertex2/direct_lbfgsb 181 0.004274862245436052 CONVERGENCE: NORM OF PROJECTED GRADIENT <= PGTOL
results/multicell/vertex3/neural_adam 400 0.002270648533083009 call_cap
results/multicell/vertex3/direct_adam 400 0.0023799770396086832 call_cap
results/multicell/vertex3/tangent_adam 400 0.0024405530166116134 call_cap
results/multicell/vertex3/direct_lbfgsb 84 0.002267455876511671 CONVERGENCE: NORM OF PROJECTED GRADIENT <= PGTOL
results/multicell/vertex4/neural_adam 400 0.002036149890628503 call_cap
results/multicell/vertex4/direct_adam 400 0.002145887124555879 call_cap
results/multicell/vertex4/tangent_adam 400 0.002185027133895901 call_cap
results/multicell/vertex4/direct_lbfgsb 202 0.0020302977599213627 CONVERGENCE: NORM OF PROJECTED GRADIENT <= PGTOL
results/multicell/vertex5/neural_adam 400 0.0036987798917407226 call_cap
results/multicell/vertex5/direct_adam 400 0.0038104841733939136 call_cap
results/multicell/vertex5/tangent_adam 400 0.0038466381166599732 call_cap
results/multicell/vertex5/direct_lbfgsb 167 0.0036969304865845935 CONVERGENCE: NORM OF PROJECTED GRADIENT <= PGTOL
results/multicell/vertex6/neural_adam 400 0.0026675812857817065 call_cap
results/multicell/vertex6/direct_adam 400 0.002767599058502768 call_cap
results/multicell/vertex6/tangent_adam 400 0.0027991480851030652 call_cap
results/multicell/vertex6/direct_lbfgsb 81 0.0026646455601002654 CONVERGENCE: NORM OF PROJECTED GRADIENT <= PGTOL
results/multicell/vertex7/neural_adam 400 0.002291285480942929 call_cap
results/multicell/vertex7/direct_adam 400 0.0023954116321280865 call_cap
results/multicell/vertex7/tangent_adam 400 0.0024259192090856367 call_cap
results/multicell/vertex7/direct_lbfgsb 169 0.002288316363789456 CONVERGENCE: NORM OF PROJECTED GRADIENT <= PGTOL
results/multicell/vertex8/neural_adam 400 0.0038373653392413947 call_cap
results/multicell/vertex8/direct_adam 400 0.003940200658016702 call_cap
results/multicell/vertex8/tangent_adam 400 0.003973638639497957 call_cap
results/multicell/vertex8/direct_lbfgsb 159 0.0038343955700856918 CONVERGENCE: NORM OF PROJECTED GRADIENT <= PGTOL
Traceback (most recent call last):
  File "/home/runner/work/NBO/NBO/revisions/2026-09-23-r24/replication/study.py", line 361, in <module>
    if __name__=='__main__':main()
                            ^^^^^^
  File "/home/runner/work/NBO/NBO/revisions/2026-09-23-r24/replication/study.py", line 359, in main
    if a.phase in ('all',phase):fn(selected)
                                ^^^^^^^^^^^^
  File "/home/runner/work/NBO/NBO/revisions/2026-09-23-r24/replication/study.py", line 310, in reference
    run_one(REV/f'results/reference/seed{seed}/{m}_{opt}',ts[m],setup(reference=True),opt,selected.get(m,.005),ci,initial,reference=True,meta={'method':m,'seed':seed,'reference_economy':True,'preprocessing_seconds':geo['seconds'] if m not in ('neural','direct') else 0.})
  File "/home/runner/work/NBO/NBO/revisions/2026-09-23-r24/replication/study.py", line 239, in run_one
    write(path/'history.json',r['history']);write(path/'geometry.json',r['transport']);write(path/'final_parameters.json',canon(net.state_dict()));write(path/'record.json',record)
                                                                                                                                                   ^^^^^^^^^^^^^^^^^^^^^^^^^^^^^^^^
  File "/home/runner/work/NBO/NBO/revisions/2026-09-23-r24/replication/study.py", line 34, in write
    s=json.dumps(obj,indent=2,allow_nan=False)+'\n'
      ^^^^^^^^^^^^^^^^^^^^^^^^^^^^^^^^^^^^^^^^
  File "/opt/hostedtoolcache/Python/3.11.16/x64/lib/python3.11/json/__init__.py", line 238, in dumps
    **kw).encode(obj)
          ^^^^^^^^^^^
  File "/opt/hostedtoolcache/Python/3.11.16/x64/lib/python3.11/json/encoder.py", line 202, in encode
    chunks = list(chunks)
             ^^^^^^^^^^^^
  File "/opt/hostedtoolcache/Python/3.11.16/x64/lib/python3.11/json/encoder.py", line 432, in _iterencode
    yield from _iterencode_dict(o, _current_indent_level)
  File "/opt/hostedtoolcache/Python/3.11.16/x64/lib/python3.11/json/encoder.py", line 406, in _iterencode_dict
    yield from chunks
  File "/opt/hostedtoolcache/Python/3.11.16/x64/lib/python3.11/json/encoder.py", line 398, in _iterencode_dict
    yield _floatstr(value)
          ^^^^^^^^^^^^^^^^
  File "/opt/hostedtoolcache/Python/3.11.16/x64/lib/python3.11/json/encoder.py", line 240, in floatstr
    raise ValueError(
ValueError: Out of range float values are not JSON compliant: inf
