{
  "revision": "R47",
  "study_source_commit": "04d0638169ae7adbdd8bb21f9d1fea5b1ef68de2",
  "study_evidence_commit": "4da0b2c286793f75a56ad6d8228cb0da82aabc60",
  "study_run": 37663771622,
  "artifact_id": 11502335616,
  "artifact_sha256": "782e437ccb4886a18f6692b02d0e4a109abe67d729e53f5c266cf1f5df2428db",
  "direct": {
    "groups": 40,
    "contrasts": 120,
    "unique_policy_checkpoints": 30,
    "paths_per_group": 131072,
    "total_paths": 5242880,
    "actor_queries": 44040192,
    "ambiguous_actor_queries": 3932160,
    "margin": "1/1024",
    "family_error": "1/100",
    "conditional_iid_model": true,
    "comparisons": {
      "cone-witness minus cone-nearest": {
        "comparisons": 40,
        "signs": {
          "unresolved": 40
        },
        "within_prespecified_margin": 40,
        "min_width": 3.7605315391345415e-05,
        "max_width": 0.00022099516422330345,
        "max_absolute_endpoint": 0.00011612751241533745
      },
      "cone-witness minus spline-nearest": {
        "comparisons": 40,
        "signs": {
          "unresolved": 40
        },
        "within_prespecified_margin": 40,
        "min_width": 7.405455480913833e-05,
        "max_width": 0.0003184932967658805,
        "max_absolute_endpoint": 0.00019754505281953686
      },
      "cone-nearest minus spline-nearest": {
        "comparisons": 40,
        "signs": {
          "unresolved": 40
        },
        "within_prespecified_margin": 40,
        "min_width": 8.0574225279255e-05,
        "max_width": 0.0003432753160849215,
        "max_absolute_endpoint": 0.00020776767557222935
      }
    }
  },
  "constrained": {
    "services": 24,
    "rungs": 72,
    "distinct_checkpoints": 24,
    "repetitions_identical": true,
    "attainment": {
      "feasible-cone-witness": {
        "4": 12,
        "2": 0,
        "1": 0,
        "1/2": 0
      },
      "bilinear-fvi": {
        "4": 12,
        "2": 0,
        "1": 0,
        "1/2": 0
      }
    },
    "fvi_faster_common_crossings": 12,
    "common_crossings": 12,
    "cells": [
      {
        "T": 2,
        "p": 1,
        "method": "feasible-cone-witness",
        "final_bound": 2.3147876262682554,
        "median_seconds": 7.045461062000001,
        "min_seconds": 7.002528909000006,
        "max_seconds": 7.070351497999994,
        "prefix_queries": 11534,
        "prefix_midpoints": 169880,
        "critic_labels": 867,
        "actor_scalars": 578
      },
      {
        "T": 2,
        "p": 1,
        "method": "bilinear-fvi",
        "final_bound": 2.796015993729222,
        "median_seconds": 0.32622247100000124,
        "min_seconds": 0.32455199700000037,
        "max_seconds": 0.3523904549999912,
        "prefix_queries": 11534,
        "prefix_midpoints": 169880,
        "critic_labels": 867,
        "actor_scalars": 578
      },
      {
        "T": 2,
        "p": 4,
        "method": "feasible-cone-witness",
        "final_bound": 2.3691241741198183,
        "median_seconds": 6.991512135999997,
        "min_seconds": 6.9752990340000025,
        "max_seconds": 7.188004251999999,
        "prefix_queries": 11534,
        "prefix_midpoints": 169880,
        "critic_labels": 867,
        "actor_scalars": 578
      },
      {
        "T": 2,
        "p": 4,
        "method": "bilinear-fvi",
        "final_bound": 2.8288462191455412,
        "median_seconds": 0.32435088399999756,
        "min_seconds": 0.32332698500000845,
        "max_seconds": 0.32488344800000846,
        "prefix_queries": 11534,
        "prefix_midpoints": 169880,
        "critic_labels": 867,
        "actor_scalars": 578
      },
      {
        "T": 3,
        "p": 1,
        "method": "feasible-cone-witness",
        "final_bound": 3.3212075072832334,
        "median_seconds": 10.519356493000004,
        "min_seconds": 10.480348140000004,
        "max_seconds": 10.552156831999994,
        "prefix_queries": 17301,
        "prefix_midpoints": 254820,
        "critic_labels": 1156,
        "actor_scalars": 867
      },
      {
        "T": 3,
        "p": 1,
        "method": "bilinear-fvi",
        "final_bound": 3.891491257216515,
        "median_seconds": 0.4899381379999994,
        "min_seconds": 0.48665370800000574,
        "max_seconds": 0.4998505599999987,
        "prefix_queries": 17301,
        "prefix_midpoints": 254820,
        "critic_labels": 1156,
        "actor_scalars": 867
      },
      {
        "T": 3,
        "p": 4,
        "method": "feasible-cone-witness",
        "final_bound": 3.4106575239010093,
        "median_seconds": 10.482320060999996,
        "min_seconds": 10.425020765999989,
        "max_seconds": 10.538349155000006,
        "prefix_queries": 17301,
        "prefix_midpoints": 254820,
        "critic_labels": 1156,
        "actor_scalars": 867
      },
      {
        "T": 3,
        "p": 4,
        "method": "bilinear-fvi",
        "final_bound": 3.9320986040196515,
        "median_seconds": 0.49429535599999497,
        "min_seconds": 0.48920439500000157,
        "max_seconds": 0.520470288999995,
        "prefix_queries": 17301,
        "prefix_midpoints": 254820,
        "critic_labels": 1156,
        "actor_scalars": 867
      }
    ]
  },
  "deployment": {
    "acquisition_cases": 72,
    "cases": [
      {
        "coordinate_radius": "0",
        "action_quantum": "0",
        "policies": 12,
        "state_date_queries": 32670,
        "active_repairs": 4817,
        "quantized": 0,
        "max_extra_bound": 2.435159442532785e-14
      },
      {
        "coordinate_radius": "0",
        "action_quantum": "1/4096",
        "policies": 12,
        "state_date_queries": 32670,
        "active_repairs": 4817,
        "quantized": 0,
        "max_extra_bound": 0.004619199995456051
      },
      {
        "coordinate_radius": "1/4096",
        "action_quantum": "0",
        "policies": 12,
        "state_date_queries": 32670,
        "active_repairs": 6609,
        "quantized": 0,
        "max_extra_bound": 0.02251276276276874
      },
      {
        "coordinate_radius": "1/4096",
        "action_quantum": "1/4096",
        "policies": 12,
        "state_date_queries": 32670,
        "active_repairs": 6609,
        "quantized": 6609,
        "max_extra_bound": 0.02713196275820044
      },
      {
        "coordinate_radius": "1/256",
        "action_quantum": "0",
        "policies": 12,
        "state_date_queries": 32670,
        "active_repairs": 6609,
        "quantized": 0,
        "max_extra_bound": 0.36020420420393456
      },
      {
        "coordinate_radius": "1/256",
        "action_quantum": "1/4096",
        "policies": 12,
        "state_date_queries": 32670,
        "active_repairs": 6609,
        "quantized": 0,
        "max_extra_bound": 0.36482340419936626
      }
    ],
    "total_active_repairs": 36070,
    "frontier_intervals": {
      "both-unattained": 4,
      "only-witness-attained": 4,
      "same": 20,
      "witness-fewer": 19,
      "spline-fewer": 1
    },
    "frontier_partition_intervals": 48,
    "representation_checkpoints": 24,
    "representation_function_dates": 96,
    "max_native_relu_difference": 0.0
  },
  "new_policy_cost_ranking": false,
  "neural_speed_advantage_established": false,
  "new_calibrated_economic_application": false,
  "historical_evidence_rewritten": false
}
