This is pdfTeX, Version 3.141592653-2.6-1.40.25 (TeX Live 2023/Debian) (preloaded format=pdflatex)
 restricted \write18 enabled.
entering extended mode
(/home/runner/work/NBO/NBO/revisions/2026-10-08-r47/ECTA.tex
LaTeX2e <2023-11-01> patch level 1
L3 programming layer <2024-01-22>
(/home/runner/work/NBO/NBO/revisions/2026-10-08-r47/econsocart.cls
Document Class: econsocart 2022/11/21 v1.4.1, The Econometric Society Journals
(/usr/share/texlive/texmf-dist/tex/latex/etoolbox/etoolbox.sty)
(/home/runner/work/NBO/NBO/revisions/2026-10-08-r47/econsocart.cfg)
(/usr/share/texlive/texmf-dist/tex/latex/base/fix-cm.sty
(/usr/share/texlive/texmf-dist/tex/latex/base/ts1enc.def))
(/usr/share/texlive/texmf-dist/tex/latex/graphics/graphicx.sty
(/usr/share/texlive/texmf-dist/tex/latex/graphics/keyval.sty)
(/usr/share/texlive/texmf-dist/tex/latex/graphics/graphics.sty
(/usr/share/texlive/texmf-dist/tex/latex/graphics/trig.sty)
(/usr/share/texlive/texmf-dist/tex/latex/graphics-cfg/graphics.cfg)
(/usr/share/texlive/texmf-dist/tex/latex/graphics-def/pdftex.def)))
(/usr/share/texlive/texmf-dist/tex/latex/base/fontenc.sty)
(/usr/share/texlive/texmf-dist/tex/latex/psnfss/times.sty)
(/usr/share/texlive/texmf-dist/tex/latex/textcase/textcase.sty)
(/usr/share/texlive/texmf-dist/tex/latex/psnfss/helvet.sty)
(/usr/share/texlive/texmf-dist/tex/latex/base/textcomp.sty)
(/usr/share/texlive/texmf-dist/tex/latex/psnfss/t1ptm.fd)
(/usr/share/texlive/texmf-dist/tex/latex/amsfonts/amssymb.sty
(/usr/share/texlive/texmf-dist/tex/latex/amsfonts/amsfonts.sty))
(/usr/share/texlive/texmf-dist/tex/latex/tools/bm.sty)
(/usr/share/texlive/texmf-dist/tex/latex/url/url.sty)
(/usr/share/texlive/texmf-dist/tex/latex/amsmath/amsmath.sty
For additional information on amsmath, use the `?' option.
(/usr/share/texlive/texmf-dist/tex/latex/amsmath/amstext.sty
(/usr/share/texlive/texmf-dist/tex/latex/amsmath/amsgen.sty))
(/usr/share/texlive/texmf-dist/tex/latex/amsmath/amsbsy.sty)
(/usr/share/texlive/texmf-dist/tex/latex/amsmath/amsopn.sty))
(/usr/share/texlive/texmf-dist/tex/latex/amscls/amsthm.sty)
(/usr/share/texlive/texmf-dist/tex/latex/natbib/natbib.sty))
(/home/runner/work/NBO/NBO/revisions/2026-10-08-r47/preamble.tex
(/usr/share/texlive/texmf-dist/tex/latex/booktabs/booktabs.sty)
(/usr/share/texlive/texmf-dist/tex/latex/tools/array.sty)
(/usr/share/texlive/texmf-dist/tex/latex/tools/longtable.sty)
(/usr/share/texlive/texmf-dist/tex/latex/base/fontenc.sty)
(/usr/share/texlive/texmf-dist/tex/latex/psnfss/mathpazo.sty)
(/usr/share/texlive/texmf-dist/tex/latex/microtype/microtype.sty
(/usr/share/texlive/texmf-dist/tex/latex/microtype/microtype-pdftex.def)
(/usr/share/texlive/texmf-dist/tex/latex/microtype/microtype.cfg))
(/usr/share/texlive/texmf-dist/tex/latex/needspace/needspace.sty)
(/usr/share/texlive/texmf-dist/tex/latex/xurl/xurl.sty)
(/usr/share/texlive/texmf-dist/tex/latex/hyperref/hyperref.sty
(/usr/share/texlive/texmf-dist/tex/generic/iftex/iftex.sty)
(/usr/share/texlive/texmf-dist/tex/latex/kvsetkeys/kvsetkeys.sty)
(/usr/share/texlive/texmf-dist/tex/generic/kvdefinekeys/kvdefinekeys.sty)
(/usr/share/texlive/texmf-dist/tex/generic/pdfescape/pdfescape.sty
(/usr/share/texlive/texmf-dist/tex/generic/ltxcmds/ltxcmds.sty)
(/usr/share/texlive/texmf-dist/tex/generic/pdftexcmds/pdftexcmds.sty
(/usr/share/texlive/texmf-dist/tex/generic/infwarerr/infwarerr.sty)))
(/usr/share/texlive/texmf-dist/tex/latex/hycolor/hycolor.sty)
(/usr/share/texlive/texmf-dist/tex/latex/auxhook/auxhook.sty)
(/usr/share/texlive/texmf-dist/tex/latex/hyperref/nameref.sty
(/usr/share/texlive/texmf-dist/tex/latex/refcount/refcount.sty)
(/usr/share/texlive/texmf-dist/tex/generic/gettitlestring/gettitlestring.sty
(/usr/share/texlive/texmf-dist/tex/latex/kvoptions/kvoptions.sty)))
(/usr/share/texlive/texmf-dist/tex/latex/hyperref/pd1enc.def)
(/usr/share/texlive/texmf-dist/tex/generic/intcalc/intcalc.sty)
(/usr/share/texlive/texmf-dist/tex/latex/hyperref/puenc.def)
(/usr/share/texlive/texmf-dist/tex/generic/bitset/bitset.sty
(/usr/share/texlive/texmf-dist/tex/generic/bigintcalc/bigintcalc.sty))
(/usr/share/texlive/texmf-dist/tex/latex/base/atbegshi-ltx.sty))
(/usr/share/texlive/texmf-dist/tex/latex/hyperref/hpdftex.def
(/usr/share/texlive/texmf-dist/tex/latex/base/atveryend-ltx.sty)
(/usr/share/texlive/texmf-dist/tex/latex/rerunfilecheck/rerunfilecheck.sty
(/usr/share/texlive/texmf-dist/tex/generic/uniquecounter/uniquecounter.sty))))
(/usr/share/texlive/texmf-dist/tex/latex/psnfss/t1pcr.fd)
(/usr/share/texlive/texmf-dist/tex/latex/hyperref/backref.sty)
(/usr/share/texlive/texmf-dist/tex/latex/psnfss/t1ppl.fd)
(/usr/share/texlive/texmf-dist/tex/latex/l3backend/l3backend-pdftex.def)

LaTeX Warning: Unused global option(s):
    [nameyear].

No file ECTA.aux.
(/usr/share/texlive/texmf-dist/tex/context/base/mkii/supp-pdf.mkii
[Loading MPS to PDF converter (version 2006.09.02).]
) (/usr/share/texlive/texmf-dist/tex/latex/epstopdf-pkg/epstopdf-base.sty
(/usr/share/texlive/texmf-dist/tex/latex/latexconfig/epstopdf-sys.cfg))
(/usr/share/texlive/texmf-dist/tex/latex/microtype/mt-ppl.cfg)
(/usr/share/texlive/texmf-dist/tex/latex/graphics/color.sty
(/usr/share/texlive/texmf-dist/tex/latex/graphics-cfg/color.cfg)
(/usr/share/texlive/texmf-dist/tex/latex/graphics/mathcolor.ltx))
Underfull \vbox (badness 10000) has occurred while \output is active [1
Non-PDF special ignored!
<special> papersize=614.295pt,794.96999pt
{/var/lib/texmf/fonts/map/pdftex/updmap/pdftex.map}{/usr/share/texlive/texmf-di
st/fonts/enc/dvips/base/8r.enc}]
Underfull \vbox (badness 10000) has occurred while \output is active

LaTeX Font Warning: Font shape `T1/ppl/m/uc' undefined
(Font)              using `T1/ppl/m/n' instead on input line 31.


LaTeX Font Warning: Font shape `T1/ppl/m/up' undefined
(Font)              using `T1/ppl/m/n' instead on input line 31.

[2]
Underfull \vbox (badness 10000) has occurred while \output is active [3]
(/usr/share/texlive/texmf-dist/tex/latex/psnfss/ot1ppl.fd)
(/usr/share/texlive/texmf-dist/tex/latex/psnfss/omlzplm.fd)
(/usr/share/texlive/texmf-dist/tex/latex/psnfss/omszplm.fd)
(/usr/share/texlive/texmf-dist/tex/latex/psnfss/omxzplm.fd)
(/usr/share/texlive/texmf-dist/tex/latex/microtype/mt-msa.cfg)
(/usr/share/texlive/texmf-dist/tex/latex/microtype/mt-msb.cfg)
(/usr/share/texlive/texmf-dist/tex/latex/microtype/mt-cmr.cfg)
(/usr/share/texlive/texmf-dist/tex/latex/psnfss/ot1zplm.fd)

Package natbib Warning: Citation `judd1998' on page 4 undefined on input line 4
8.


Package natbib Warning: Citation `powell2011' on page 4 undefined on input line
 48.


Package natbib Warning: Citation `longstaff2001' on page 4 undefined on input l
ine 48.


Package natbib Warning: Citation `ernst2005' on page 4 undefined on input line 
48.


Package natbib Warning: Citation `konda1999' on page 4 undefined on input line 
48.


Package natbib Warning: Citation `scherrer2015' on page 4 undefined on input li
ne 48.


Package natbib Warning: Citation `kakade2002' on page 4 undefined on input line
 48.


Package natbib Warning: Citation `pirotta2013' on page 4 undefined on input lin
e 48.


Underfull \vbox (badness 10000) has occurred while \output is active [4]

Package natbib Warning: Citation `sirignano2018' on page 5 undefined on input l
ine 50.


Package natbib Warning: Citation `han2018' on page 5 undefined on input line 50
.


Package natbib Warning: Citation `hornik1990' on page 5 undefined on input line
 50.


Package natbib Warning: Citation `epsteinzin1989' on page 5 undefined on input 
line 52.


Package natbib Warning: Citation `duffieepstein1992' on page 5 undefined on inp
ut line 52.


Package natbib Warning: Citation `maurer2009' on page 5 undefined on input line
 52.


Underfull \vbox (badness 6592) has occurred while \output is active [5]
[6]

LaTeX Warning: Reference `eq:estimand' on page 7 undefined on input line 97.


Underfull \vbox (badness 10000) has occurred while \output is active [7]

LaTeX Warning: Reference `eq:transport' on page 8 undefined on input line 123.

[8]

LaTeX Warning: Reference `sec:economy' on page 9 undefined on input line 135.


LaTeX Warning: Reference `eq:residual' on page 9 undefined on input line 135.


LaTeX Warning: Reference `eq:brackets' on page 9 undefined on input line 150.

[9] [10]
Underfull \vbox (badness 10000) has occurred while \output is active [11]
(/usr/share/texlive/texmf-dist/tex/latex/psnfss/ufplmbb.fd) [12]

LaTeX Warning: Reference `eq:gap' on page 13 undefined on input line 215.


LaTeX Warning: Reference `eq:bellman' on page 13 undefined on input line 220.


Underfull \vbox (badness 10000) has occurred while \output is active [13]

LaTeX Warning: Reference `eq:residual' on page 14 undefined on input line 232.


LaTeX Warning: Reference `eq:score' on page 14 undefined on input line 243.


Underfull \hbox (badness 10000) in paragraph at lines 243--244
[][] \T1/ppl/m/up/12 (+20) Con-di-tional ex-pec-ta-tion gives $\U/fplmbb/m/n/12
 E\OML/zplm/m/it/12 Q[]\OT1/zplm/m/n/12 (\OML/zplm/m/it/12 f[]\OT1/ppl/m/n/12 (
+20) ; \OML/zplm/m/it/12 X[]\OT1/ppl/m/n/12 (+20) , \OML/zplm/m/it/12 ^^Y[]\OT1
/zplm/m/n/12 ) = \U/fplmbb/m/n/12 E\OML/zplm/m/it/12 c[] \OT1/zplm/m/n/12 +

Underfull \hbox (badness 4108) in paragraph at lines 243--244
\OML/zplm/m/it/12 ^^L[]\U/fplmbb/m/n/12 E\OML/zplm/m/it/12 f[]\OT1/zplm/m/n/12 
(\OML/zplm/m/it/12 X[]\OT1/zplm/m/n/12 )$\T1/ppl/m/up/12 (+20) . Sum-ming tele-
scopes all con-tin-u-a-tion terms. The selected-
[14] [15]
Underfull \hbox (badness 10000) in paragraph at lines 281--282
[]\T1/ppl/m/up/12 (+20) For both cou-pled meth-ods the fi-nal all-state ver-i-f
i-ca-tion lad-der is

Underfull \hbox (badness 1648) in paragraph at lines 281--282
\OML/zplm/m/it/12 N \OT1/zplm/m/n/12 = \OT1/ppl/m/n/12 (+20) 16, 32, 64, 128$\T
1/ppl/m/up/12 (+20) . The ac-tion ob-jec-tive has strong-convexity lower bound
[16] (/home/runner/work/NBO/NBO/revisions/2026-10-08-r47/tables/attainment.tex)


LaTeX Warning: Reference `tab:attainment' on page 17 undefined on input line 28
5.

[17]
(/home/runner/work/NBO/NBO/revisions/2026-10-08-r47/tables/recertification.tex)

LaTeX Warning: Reference `eq:retained' on page 18 undefined on input line 291.


LaTeX Warning: Reference `tab:recertification' on page 18 undefined on input li
ne 293.

[18]
(/home/runner/work/NBO/NBO/revisions/2026-10-08-r47/tables/paired_summary.tex)

LaTeX Warning: Reference `eq:score' on page 19 undefined on input line 301.


LaTeX Warning: Reference `tab:attainment' on page 19 undefined on input line 30
3.


LaTeX Warning: Reference `thm:policy' on page 19 undefined on input line 303.

[19] (/home/runner/work/NBO/NBO/revisions/2026-10-08-r47/tables/precision.tex)

LaTeX Warning: Reference `sec:catalogue45' on page 20 undefined on input line 3
14.

[20]
(/home/runner/work/NBO/NBO/revisions/2026-10-08-r47/sections/constructive.tex

LaTeX Warning: Reference `sec:economy' on page 21 undefined on input line 5.

[21]

LaTeX Warning: Reference `eq:network45' on page 22 undefined on input line 29.


Package natbib Warning: Citation `mcshane1934' on page 22 undefined on input li
ne 29.

[22]

LaTeX Warning: Reference `eq:network45' on page 23 undefined on input line 32.


LaTeX Warning: Reference `eq:network45' on page 23 undefined on input line 49.


LaTeX Warning: Reference `thm:policy' on page 23 undefined on input line 49.


LaTeX Warning: Reference `eq:gap45' on page 23 undefined on input line 49.

[23]

LaTeX Warning: Reference `eq:gap45' on page 24 undefined on input line 59.


LaTeX Warning: Reference `eq:network45' on page 24 undefined on input line 61.


Underfull \vbox (badness 2080) has occurred while \output is active [24]
[25]

LaTeX Warning: Reference `eq:network45' on page 26 undefined on input line 82.

(/home/runner/work/NBO/NBO/revisions/2026-10-08-r47/tables/constructive45.tex)
(/home/runner/work/NBO/NBO/revisions/2026-10-08-r47/tables/work45.tex)
(/home/runner/work/NBO/NBO/revisions/2026-10-08-r47/tables/outcome45.tex))
Underfull \vbox (badness 10000) has occurred while \output is active [26]
[27] (/home/runner/work/NBO/NBO/revisions/2026-10-08-r47/sections/witness.tex

LaTeX Warning: Reference `sec:economy' on page 28 undefined on input line 14.


LaTeX Warning: Reference `eq:onesided46' on page 28 undefined on input line 14.



LaTeX Warning: Reference `eq:gap' on page 28 undefined on input line 24.

[28]

LaTeX Warning: Reference `sec:constructive45' on page 29 undefined on input lin
e 27.


LaTeX Warning: Reference `thm:constructive45' on page 29 undefined on input lin
e 35.


LaTeX Warning: Reference `eq:witnessactor46' on page 29 undefined on input line
 35.


LaTeX Warning: Reference `eq:gap45' on page 29 undefined on input line 45.


LaTeX Warning: Reference `prop:onesided46' on page 29 undefined on input line 4
8.

[29]

LaTeX Warning: Reference `eq:witnessres46' on page 30 undefined on input line 5
0.


LaTeX Warning: Reference `cor:termination45' on page 30 undefined on input line
 57.


LaTeX Warning: Reference `eq:witnessres46' on page 30 undefined on input line 5
9.


LaTeX Warning: Reference `eq:witnessgap46' on page 30 undefined on input line 6
3.

[30]

LaTeX Warning: Reference `sec:direct47' on page 31 undefined on input line 77.


LaTeX Warning: Reference `sec:constrained47' on page 31 undefined on input line
 77.


LaTeX Warning: Reference `eq:economy45' on page 31 undefined on input line 77.

(/home/runner/work/NBO/NBO/revisions/2026-10-08-r47/tables/witness-summary.tex
Underfull \vbox (badness 1430) has occurred while \output is active [31])
(/home/runner/work/NBO/NBO/revisions/2026-10-08-r47/tables/witness-outcomes.tex
))
(/home/runner/work/NBO/NBO/revisions/2026-10-08-r47/sections/feasible-witness.t
ex [32]

LaTeX Warning: Reference `sec:constructive45' on page 33 undefined on input lin
e 4.


LaTeX Warning: Reference `eq:primitive45' on page 33 undefined on input line 8.


[33]

LaTeX Warning: Reference `sec:economy' on page 34 undefined on input line 24.


LaTeX Warning: Reference `eq:repair46' on page 34 undefined on input line 38.


LaTeX Warning: Reference `prop:onesided46' on page 34 undefined on input line 4
3.


LaTeX Warning: Reference `cor:witness46' on page 34 undefined on input line 46.



Package hyperref Warning: Difference (3) between bookmark levels is greater 
(hyperref)                than one, level fixed on input line 49.


LaTeX Warning: Reference `eq:repair46' on page 34 undefined on input line 49.

[34])
(/home/runner/work/NBO/NBO/revisions/2026-10-08-r47/sections/acquisition47.tex

LaTeX Warning: Reference `sec:feasible46' on page 35 undefined on input line 4.


[35]

LaTeX Warning: Reference `thm:feasible46' on page 36 undefined on input line 16
.


LaTeX Warning: Reference `eq:index47' on page 36 undefined on input line 35.


LaTeX Warning: Reference `eq:acquiredres47' on page 36 undefined on input line 
35.


LaTeX Warning: Reference `eq:acquiredgap47' on page 36 undefined on input line 
35.

[36]

LaTeX Warning: Reference `eq:robustrepair47' on page 37 undefined on input line
 51.


LaTeX Warning: Reference `sec:constrained47' on page 37 undefined on input line
 60.


LaTeX Warning: Reference `eq:index47' on page 37 undefined on input line 65.


LaTeX Warning: Reference `eq:leaf47' on page 37 undefined on input line 67.

[37]

Package natbib Warning: Citation `mcshane1934' on page 38 undefined on input li
ne 70.

)
(/home/runner/work/NBO/NBO/revisions/2026-10-08-r47/sections/constrained47.tex
Underfull \vbox (badness 1776) has occurred while \output is active [38]

LaTeX Warning: Reference `eq:economy47' on page 39 undefined on input line 16.


LaTeX Warning: Reference `eq:moduli47' on page 39 undefined on input line 24.

[39] [40]

LaTeX Warning: Reference `thm:feasible46' on page 41 undefined on input line 54
.


LaTeX Warning: Reference `eq:acquiredgap47' on page 41 undefined on input line 
60.


LaTeX Warning: Reference `prop:representation47' on page 41 undefined on input 
line 64.

[41]
(/home/runner/work/NBO/NBO/revisions/2026-10-08-r47/tables/constrained47.tex)
[42]

LaTeX Warning: Reference `eq:leaf47' on page 43 undefined on input line 71.

(/home/runner/work/NBO/NBO/revisions/2026-10-08-r47/tables/acquisition47.tex))
(/home/runner/work/NBO/NBO/revisions/2026-10-08-r47/sections/direct47.tex
Underfull \vbox (badness 6477) has occurred while \output is active [43]

LaTeX Warning: Reference `eq:onesided46' on page 44 undefined on input line 6.


LaTeX Warning: Reference `thm:paired' on page 44 undefined on input line 13.


LaTeX Warning: Reference `eq:bernstein' on page 44 undefined on input line 15.


LaTeX Warning: Reference `eq:directsupport47' on page 44 undefined on input lin
e 18.


LaTeX Warning: Reference `eq:bernstein' on page 44 undefined on input line 18.

[44]

Package natbib Warning: Citation `maurer2009' on page 45 undefined on input lin
e 28.


LaTeX Warning: Reference `eq:adoption47' on page 45 undefined on input line 28.


(/home/runner/work/NBO/NBO/revisions/2026-10-08-r47/tables/direct47.tex)
[45] (/home/runner/work/NBO/NBO/revisions/2026-10-08-r47/tables/frontier47.tex)
[46]
(/home/runner/work/NBO/NBO/revisions/2026-10-08-r47/tables/discussion47.tex))
[47]

LaTeX Warning: Reference `thm:constructive45' on page 48 undefined on input lin
e 332.


LaTeX Warning: Reference `cor:termination45' on page 48 undefined on input line
 332.


Underfull \vbox (badness 10000) has occurred while \output is active [48]
No file ECTA.bbl.

Package natbib Warning: There were undefined citations.

[49] (/home/runner/work/NBO/NBO/revisions/2026-10-08-r47/build/ECTA.aux)

LaTeX Font Warning: Some font shapes were not available, defaults substituted.


LaTeX Warning: There were undefined references.


LaTeX Warning: Label(s) may have changed. Rerun to get cross-references right.


Package rerunfilecheck Warning: File `ECTA.out' has changed.
(rerunfilecheck)                Rerun to get outlines right
(rerunfilecheck)                or use package `bookmark'.

 )
(see the transcript file for additional information)</usr/share/texlive/texmf-d
ist/fonts/type1/public/amsfonts/cm/cmex10.pfb></usr/share/texlive/texmf-dist/fo
nts/type1/public/amsfonts/cm/cmmi10.pfb></usr/share/texlive/texmf-dist/fonts/ty
pe1/public/amsfonts/cm/cmr10.pfb></usr/share/texlive/texmf-dist/fonts/type1/pub
lic/amsfonts/cm/cmss12.pfb></usr/share/texlive/texmf-dist/fonts/type1/public/am
sfonts/cm/cmsy10.pfb></usr/share/texlive/texmf-dist/fonts/type1/public/mathpazo
/fplmbb.pfb></usr/share/texlive/texmf-dist/fonts/type1/public/mathpazo/fplmr.pf
b></usr/share/texlive/texmf-dist/fonts/type1/public/mathpazo/fplmri.pfb></usr/s
hare/texlive/texmf-dist/fonts/type1/urw/courier/ucrr8a.pfb></usr/share/texlive/
texmf-dist/fonts/type1/urw/palatino/uplb8a.pfb></usr/share/texlive/texmf-dist/f
onts/type1/urw/palatino/uplr8a.pfb></usr/share/texlive/texmf-dist/fonts/type1/u
rw/palatino/uplri8a.pfb>
Output written on /home/runner/work/NBO/NBO/revisions/2026-10-08-r47/build/ECTA
.pdf (49 pages, 281892 bytes).
Transcript written on /home/runner/work/NBO/NBO/revisions/2026-10-08-r47/build/
ECTA.log.
