[
  {
    "tag": "manufactured_n128_bridge",
    "initial_state": 0.5,
    "global_gain_upper": 0.7276212149836027,
    "interior_gain_upper": 0.004574538165059223,
    "boundary_layer_width": 0.0546875,
    "worst_control_boundary_occupation_upper": 0.023791229357396554,
    "continuous_policy_loss_upper": 0.02188554137604166,
    "target": 0.05,
    "pass_target": true,
    "reference_used": "Analytic verification pair V*=exp(-t)sin(pi x), a*=.2 exp(-t) pi cos(pi x); not a learned or numerical optimal reference",
    "arithmetic": "analytic domination formulas evaluated in float64 with 1e-12 interpolation allowance; not interval arithmetic"
  },
  {
    "tag": "manufactured_n128_endpoint",
    "initial_state": 0.5,
    "global_gain_upper": 0.5276160122250589,
    "interior_gain_upper": 0.03163488888716859,
    "boundary_layer_width": 0.07421875,
    "worst_control_boundary_occupation_upper": 0.0480831244193705,
    "continuous_policy_loss_upper": 0.05700431524863821,
    "target": 0.05,
    "pass_target": false,
    "reference_used": "Analytic verification pair V*=exp(-t)sin(pi x), a*=.2 exp(-t) pi cos(pi x); not a learned or numerical optimal reference",
    "arithmetic": "analytic domination formulas evaluated in float64 with 1e-12 interpolation allowance; not interval arithmetic"
  },
  {
    "tag": "manufactured_n16_bridge",
    "initial_state": 0.5,
    "global_gain_upper": 0.4375322429584672,
    "interior_gain_upper": 0.13215865770511379,
    "boundary_layer_width": 0.09375,
    "worst_control_boundary_occupation_upper": 0.08449316335408977,
    "continuous_policy_loss_upper": 0.16912714098208484,
    "target": 0.05,
    "pass_target": false,
    "reference_used": "Analytic verification pair V*=exp(-t)sin(pi x), a*=.2 exp(-t) pi cos(pi x); not a learned or numerical optimal reference",
    "arithmetic": "analytic domination formulas evaluated in float64 with 1e-12 interpolation allowance; not interval arithmetic"
  },
  {
    "tag": "manufactured_n16_endpoint",
    "initial_state": 0.5,
    "global_gain_upper": 0.4375322429584672,
    "interior_gain_upper": 0.20806867932991058,
    "boundary_layer_width": 0.0625,
    "worst_control_boundary_occupation_upper": 0.03223606486524945,
    "continuous_policy_loss_upper": 0.22217299709455782,
    "target": 0.05,
    "pass_target": false,
    "reference_used": "Analytic verification pair V*=exp(-t)sin(pi x), a*=.2 exp(-t) pi cos(pi x); not a learned or numerical optimal reference",
    "arithmetic": "analytic domination formulas evaluated in float64 with 1e-12 interpolation allowance; not interval arithmetic"
  },
  {
    "tag": "manufactured_n256_bridge",
    "initial_state": 0.5,
    "global_gain_upper": 0.7635574242701746,
    "interior_gain_upper": 0.002878047064376124,
    "boundary_layer_width": 0.037109375,
    "worst_control_boundary_occupation_upper": 0.01010756551324156,
    "continuous_policy_loss_upper": 0.010595753753308894,
    "target": 0.05,
    "pass_target": true,
    "reference_used": "Analytic verification pair V*=exp(-t)sin(pi x), a*=.2 exp(-t) pi cos(pi x); not a learned or numerical optimal reference",
    "arithmetic": "analytic domination formulas evaluated in float64 with 1e-12 interpolation allowance; not interval arithmetic"
  },
  {
    "tag": "manufactured_n256_endpoint",
    "initial_state": 0.5,
    "global_gain_upper": 0.8175152164576793,
    "interior_gain_upper": 0.01347364204187793,
    "boundary_layer_width": 0.060546875,
    "worst_control_boundary_occupation_upper": 0.029974826845304656,
    "continuous_policy_loss_upper": 0.03797851909859862,
    "target": 0.05,
    "pass_target": true,
    "reference_used": "Analytic verification pair V*=exp(-t)sin(pi x), a*=.2 exp(-t) pi cos(pi x); not a learned or numerical optimal reference",
    "arithmetic": "analytic domination formulas evaluated in float64 with 1e-12 interpolation allowance; not interval arithmetic"
  },
  {
    "tag": "manufactured_n32_bridge",
    "initial_state": 0.5,
    "global_gain_upper": 0.5882439931063895,
    "interior_gain_upper": 0.041804509104044124,
    "boundary_layer_width": 0.078125,
    "worst_control_boundary_occupation_upper": 0.054300031817927336,
    "continuous_policy_loss_upper": 0.0737461766464257,
    "target": 0.05,
    "pass_target": false,
    "reference_used": "Analytic verification pair V*=exp(-t)sin(pi x), a*=.2 exp(-t) pi cos(pi x); not a learned or numerical optimal reference",
    "arithmetic": "analytic domination formulas evaluated in float64 with 1e-12 interpolation allowance; not interval arithmetic"
  },
  {
    "tag": "manufactured_n32_endpoint",
    "initial_state": 0.5,
    "global_gain_upper": 0.3962940878063209,
    "interior_gain_upper": 0.05334583234174302,
    "boundary_layer_width": 0.125,
    "worst_control_boundary_occupation_upper": 0.1766586545574082,
    "continuous_policy_loss_upper": 0.12335461270266306,
    "target": 0.05,
    "pass_target": false,
    "reference_used": "Analytic verification pair V*=exp(-t)sin(pi x), a*=.2 exp(-t) pi cos(pi x); not a learned or numerical optimal reference",
    "arithmetic": "analytic domination formulas evaluated in float64 with 1e-12 interpolation allowance; not interval arithmetic"
  },
  {
    "tag": "manufactured_n64_bridge",
    "initial_state": 0.5,
    "global_gain_upper": 0.6583927987506352,
    "interior_gain_upper": 0.02090450306041816,
    "boundary_layer_width": 0.0546875,
    "worst_control_boundary_occupation_upper": 0.023791229357396554,
    "continuous_policy_loss_upper": 0.036568477142752756,
    "target": 0.05,
    "pass_target": true,
    "reference_used": "Analytic verification pair V*=exp(-t)sin(pi x), a*=.2 exp(-t) pi cos(pi x); not a learned or numerical optimal reference",
    "arithmetic": "analytic domination formulas evaluated in float64 with 1e-12 interpolation allowance; not interval arithmetic"
  },
  {
    "tag": "manufactured_n64_endpoint",
    "initial_state": 0.5,
    "global_gain_upper": 0.3889875013193993,
    "interior_gain_upper": 0.030809845561826272,
    "boundary_layer_width": 0.09375,
    "worst_control_boundary_occupation_upper": 0.08449316335408977,
    "continuous_policy_loss_upper": 0.06367663005350549,
    "target": 0.05,
    "pass_target": false,
    "reference_used": "Analytic verification pair V*=exp(-t)sin(pi x), a*=.2 exp(-t) pi cos(pi x); not a learned or numerical optimal reference",
    "arithmetic": "analytic domination formulas evaluated in float64 with 1e-12 interpolation allowance; not interval arithmetic"
  }
]
