2026-10-04T13:13:18.6139786Z Current runner version: '2.337.0'
2026-10-04T13:13:18.6175840Z ##[group]Runner Image Provisioner
2026-10-04T13:13:18.6177441Z Hosted Compute Agent
2026-10-04T13:13:18.6178502Z Version: 20260901.588
2026-10-04T13:13:18.6179664Z Commit: f88ec8081b781fac6c440065ac7ff9e710ce3d0b
2026-10-04T13:13:18.6180932Z Build Date: 2026-09-01T19:56:44Z
2026-10-04T13:13:18.6182069Z Worker ID: {cada0b51-4b48-401f-a9d2-f200bf9c9097}
2026-10-04T13:13:18.6183403Z Azure Region: eastus
2026-10-04T13:13:18.6184637Z ##[endgroup]
2026-10-04T13:13:18.6187034Z ##[group]Operating System
2026-10-04T13:13:18.6188211Z Ubuntu
2026-10-04T13:13:18.6189332Z 24.04.5
2026-10-04T13:13:18.6190321Z LTS
2026-10-04T13:13:18.6191350Z ##[endgroup]
2026-10-04T13:13:18.6192473Z ##[group]Runner Image
2026-10-04T13:13:18.6193503Z Image: ubuntu-24.04
2026-10-04T13:13:18.6194813Z Version: 20260927.320.1
2026-10-04T13:13:18.6197167Z Included Software: https://github.com/actions/runner-images/blob/ubuntu24/20260927.320/images/ubuntu/Ubuntu2404-Readme.md
2026-10-04T13:13:18.6200159Z Image Release: https://github.com/actions/runner-images/releases/tag/ubuntu24%2F20260927.320
2026-10-04T13:13:18.6201920Z ##[endgroup]
2026-10-04T13:13:18.6204017Z ##[group]GITHUB_TOKEN Permissions
2026-10-04T13:13:18.6207536Z Actions: read
2026-10-04T13:13:18.6208778Z Contents: write
2026-10-04T13:13:18.6209738Z Metadata: read
2026-10-04T13:13:18.6210843Z ##[endgroup]
2026-10-04T13:13:18.6213822Z Secret source: Actions
2026-10-04T13:13:18.6215966Z Cache mode: write
2026-10-04T13:13:18.6217239Z Prepare workflow directory
2026-10-04T13:13:18.6911840Z Prepare all required actions
2026-10-04T13:13:18.6960889Z Getting action download info
2026-10-04T13:13:18.8937115Z Download action repository 'actions/checkout@v4' (SHA:11d5960a326750d5838078e36cf38b85af677262)
2026-10-04T13:13:19.0032864Z Download action repository 'actions/setup-python@v5' (SHA:a26af69be951a213d495a4c3e4e4022e16d87065)
2026-10-04T13:13:19.0831106Z Download action repository 'actions/upload-artifact@v4' (SHA:ea165f8d65b6e75b540449e92b4886f43607fa02)
2026-10-04T13:13:19.2908831Z Complete job name: source
2026-10-04T13:13:19.3621035Z ##[group]Run actions/checkout@v4
2026-10-04T13:13:19.3621902Z with:
2026-10-04T13:13:19.3622373Z   ref: 503a724817899105a78f8c2fd516f417efb6b483
2026-10-04T13:13:19.3622951Z   fetch-depth: 0
2026-10-04T13:13:19.3623380Z   filter: blob:none
2026-10-04T13:13:19.3623854Z   sparse-checkout-cone-mode: false
2026-10-04T13:13:19.3628146Z   sparse-checkout: .github/workflows/nbo-r16-continuation-menu.yml
.github/workflows/nbo-r15-experiment.yml
revisions/2026-10-04-r16/code/
revisions/2026-10-04-r16/protocols/
revisions/2026-10-04-r16/manuscript/menu_theory.tex
revisions/2026-10-04-r16/results/exploratory/menu/
revisions/2026-09-29-r6/code/
revisions/2026-10-04-r10/code/
revisions/2026-10-04-r11/code/
revisions/2026-10-04-r12/code/
revisions/2026-10-04-r12/PROTOCOL.json
revisions/2026-10-04-r12/results/reference/dpo_d1_s7919.pt
revisions/2026-10-04-r12/results/reference/nbo_d1_s7919.pt
revisions/2026-10-04-r15/code/
revisions/2026-10-04-r15/PROTOCOL.json
revisions/2026-10-04-r15/SCALAR_PROTOCOL.json

2026-10-04T13:13:19.3632228Z   persist-credentials: true
2026-10-04T13:13:19.3632804Z   repository: TrillionniumFoundation/NBO
2026-10-04T13:13:19.3636639Z   token: ***
2026-10-04T13:13:19.3637070Z   ssh-strict: true
2026-10-04T13:13:19.3637494Z   ssh-user: git
2026-10-04T13:13:19.3637904Z   clean: true
2026-10-04T13:13:19.3638309Z   fetch-tags: false
2026-10-04T13:13:19.3638745Z   show-progress: true
2026-10-04T13:13:19.3639180Z   lfs: false
2026-10-04T13:13:19.3639627Z   submodules: false
2026-10-04T13:13:19.3640069Z   set-safe-directory: true
2026-10-04T13:13:19.3640564Z   allow-unsafe-pr-checkout: false
2026-10-04T13:13:19.3641341Z env:
2026-10-04T13:13:19.3641900Z   NBO_R16_MENU_SOURCE_COMMIT: 503a724817899105a78f8c2fd516f417efb6b483
2026-10-04T13:13:19.3642580Z   OMP_NUM_THREADS: 1
2026-10-04T13:13:19.3643012Z   MKL_NUM_THREADS: 1
2026-10-04T13:13:19.3643454Z   OPENBLAS_NUM_THREADS: 1
2026-10-04T13:13:19.3644175Z   NUMBA_NUM_THREADS: 1
2026-10-04T13:13:19.3644804Z   PYTHONHASHSEED: 0
2026-10-04T13:13:19.3645268Z   PYTHONDONTWRITEBYTECODE: 1
2026-10-04T13:13:19.3645752Z ##[endgroup]
2026-10-04T13:13:19.4636740Z Syncing repository: TrillionniumFoundation/NBO
2026-10-04T13:13:19.4639277Z ##[group]Getting Git version info
2026-10-04T13:13:19.4640317Z Working directory is '/home/runner/work/NBO/NBO'
2026-10-04T13:13:19.4642172Z [command]/usr/bin/git version
2026-10-04T13:13:19.4763083Z git version 2.55.0
2026-10-04T13:13:19.4797184Z ##[endgroup]
2026-10-04T13:13:19.4804911Z Temporarily overriding HOME='/home/runner/work/_temp/bdaab83b-0cb9-4723-bd24-672986972764' before making global git config changes
2026-10-04T13:13:19.4807197Z Adding repository directory to the temporary git global config as a safe directory
2026-10-04T13:13:19.4812019Z [command]/usr/bin/git config --global --add safe.directory /home/runner/work/NBO/NBO
2026-10-04T13:13:19.4864992Z Deleting the contents of '/home/runner/work/NBO/NBO'
2026-10-04T13:13:19.4869548Z ##[group]Initializing the repository
2026-10-04T13:13:19.4873359Z [command]/usr/bin/git init /home/runner/work/NBO/NBO
2026-10-04T13:13:19.4980624Z hint: Using 'master' as the name for the initial branch. This default branch name
2026-10-04T13:13:19.4982395Z hint: will change to "main" in Git 3.0. To configure the initial branch name
2026-10-04T13:13:19.4984039Z hint: to use in all of your new repositories, which will suppress this warning,
2026-10-04T13:13:19.4985528Z hint: call:
2026-10-04T13:13:19.4986179Z hint:
2026-10-04T13:13:19.4986992Z hint: 	git config --global init.defaultBranch <name>
2026-10-04T13:13:19.4987986Z hint:
2026-10-04T13:13:19.4988920Z hint: Names commonly chosen instead of 'master' are 'main', 'trunk' and
2026-10-04T13:13:19.4990442Z hint: 'development'. The just-created branch can be renamed via this command:
2026-10-04T13:13:19.4991662Z hint:
2026-10-04T13:13:19.4992328Z hint: 	git branch -m <name>
2026-10-04T13:13:19.4993100Z hint:
2026-10-04T13:13:19.4994123Z hint: Disable this message with "git config set advice.defaultBranchName false"
2026-10-04T13:13:19.4996209Z Initialized empty Git repository in /home/runner/work/NBO/NBO/.git/
2026-10-04T13:13:19.4998796Z [command]/usr/bin/git remote add origin https://github.com/TrillionniumFoundation/NBO
2026-10-04T13:13:19.5050746Z ##[endgroup]
2026-10-04T13:13:19.5051953Z ##[group]Disabling automatic garbage collection
2026-10-04T13:13:19.5054309Z [command]/usr/bin/git config --local gc.auto 0
2026-10-04T13:13:19.5104132Z ##[endgroup]
2026-10-04T13:13:19.5105326Z ##[group]Setting up auth
2026-10-04T13:13:19.5106086Z [command]/usr/bin/git config --local --name-only --get-regexp core\.sshCommand
2026-10-04T13:13:19.5133175Z [command]/usr/bin/git submodule foreach --recursive sh -c "git config --local --name-only --get-regexp 'core\.sshCommand' && git config --local --unset-all 'core.sshCommand' || :"
2026-10-04T13:13:19.5508191Z [command]/usr/bin/git config --local --name-only --get-regexp http\.https\:\/\/github\.com\/\.extraheader
2026-10-04T13:13:19.5552783Z [command]/usr/bin/git submodule foreach --recursive sh -c "git config --local --name-only --get-regexp 'http\.https\:\/\/github\.com\/\.extraheader' && git config --local --unset-all 'http.https://github.com/.extraheader' || :"
2026-10-04T13:13:19.5805347Z [command]/usr/bin/git config --local --name-only --get-regexp ^includeIf\.gitdir:
2026-10-04T13:13:19.5843009Z [command]/usr/bin/git submodule foreach --recursive git config --local --show-origin --name-only --get-regexp remote.origin.url
2026-10-04T13:13:19.6095130Z [command]/usr/bin/git config --local http.https://github.com/.extraheader AUTHORIZATION: basic ***
2026-10-04T13:13:19.6144874Z ##[endgroup]
2026-10-04T13:13:19.6145851Z ##[group]Fetching the repository
2026-10-04T13:13:19.6160877Z [command]/usr/bin/git -c protocol.version=2 fetch --prune --no-recurse-submodules --filter=blob:none origin +refs/heads/*:refs/remotes/origin/* +refs/tags/*:refs/tags/*
2026-10-04T13:13:19.9050311Z From https://github.com/TrillionniumFoundation/NBO
2026-10-04T13:13:19.9052118Z  * [new branch]      main       -> origin/main
2026-10-04T13:13:19.9053928Z  * [new branch]      review/econometrica-2026-09-15-bf049e3 -> origin/review/econometrica-2026-09-15-bf049e3
2026-10-04T13:13:19.9057012Z  * [new branch]      review/econometrica-numerical-methods-r10-2026-10-04-8ded262 -> origin/review/econometrica-numerical-methods-r10-2026-10-04-8ded262
2026-10-04T13:13:19.9060604Z  * [new branch]      review/econometrica-numerical-methods-r11-2026-10-04-840565f -> origin/review/econometrica-numerical-methods-r11-2026-10-04-840565f
2026-10-04T13:13:19.9064210Z  * [new branch]      review/econometrica-numerical-methods-r12-2026-10-04-39344d4 -> origin/review/econometrica-numerical-methods-r12-2026-10-04-39344d4
2026-10-04T13:13:19.9068261Z  * [new branch]      review/econometrica-numerical-methods-r14-2026-10-04-f5021ce -> origin/review/econometrica-numerical-methods-r14-2026-10-04-f5021ce
2026-10-04T13:13:19.9072020Z  * [new branch]      review/econometrica-numerical-methods-r15-2026-10-04-1cb3cc9 -> origin/review/econometrica-numerical-methods-r15-2026-10-04-1cb3cc9
2026-10-04T13:13:19.9075659Z  * [new branch]      review/econometrica-numerical-methods-r2-2026-09-28-d9054ab -> origin/review/econometrica-numerical-methods-r2-2026-09-28-d9054ab
2026-10-04T13:13:19.9078895Z  * [new branch]      review/econometrica-numerical-methods-r6-2026-09-29-01f4e00 -> origin/review/econometrica-numerical-methods-r6-2026-09-29-01f4e00
2026-10-04T13:13:19.9081854Z  * [new branch]      review/econometrica-numerical-methods-r7-2026-10-03-b140900 -> origin/review/econometrica-numerical-methods-r7-2026-10-03-b140900
2026-10-04T13:13:19.9083785Z  * [new branch]      review/econometrica-numerical-methods-r8-2026-10-03-f9a7e32 -> origin/review/econometrica-numerical-methods-r8-2026-10-03-f9a7e32
2026-10-04T13:13:19.9085748Z  * [new branch]      revision/econometrica-nbo-2026-09-28-verified -> origin/revision/econometrica-nbo-2026-09-28-verified
2026-10-04T13:13:19.9087304Z  * [new branch]      revision/econometrica-nbo-r1-2026-09-28 -> origin/revision/econometrica-nbo-r1-2026-09-28
2026-10-04T13:13:19.9089307Z  * [new branch]      revision/econometrica-nbo-r10-evidence-2026-10-04 -> origin/revision/econometrica-nbo-r10-evidence-2026-10-04
2026-10-04T13:13:19.9091522Z  * [new branch]      revision/econometrica-nbo-r10-referee-2026-10-04 -> origin/revision/econometrica-nbo-r10-referee-2026-10-04
2026-10-04T13:13:19.9093024Z  * [new branch]      revision/econometrica-nbo-r10-source-2026-10-04 -> origin/revision/econometrica-nbo-r10-source-2026-10-04
2026-10-04T13:13:19.9094911Z  * [new branch]      revision/econometrica-nbo-r10-verified-source-2026-10-04 -> origin/revision/econometrica-nbo-r10-verified-source-2026-10-04
2026-10-04T13:13:19.9096543Z  * [new branch]      revision/econometrica-nbo-r11-delivery-2026-10-04 -> origin/revision/econometrica-nbo-r11-delivery-2026-10-04
2026-10-04T13:13:19.9098055Z  * [new branch]      revision/econometrica-nbo-r11-evidence-2026-10-04 -> origin/revision/econometrica-nbo-r11-evidence-2026-10-04
2026-10-04T13:13:19.9100133Z  * [new branch]      revision/econometrica-nbo-r11-referee-2026-10-04 -> origin/revision/econometrica-nbo-r11-referee-2026-10-04
2026-10-04T13:13:19.9102899Z  * [new branch]      revision/econometrica-nbo-r11-source-2026-10-04 -> origin/revision/econometrica-nbo-r11-source-2026-10-04
2026-10-04T13:13:19.9106289Z  * [new branch]      revision/econometrica-nbo-r12-development-2026-10-04 -> origin/revision/econometrica-nbo-r12-development-2026-10-04
2026-10-04T13:13:19.9109191Z  * [new branch]      revision/econometrica-nbo-r13-2026-10-04 -> origin/revision/econometrica-nbo-r13-2026-10-04
2026-10-04T13:13:19.9112136Z  * [new branch]      revision/econometrica-nbo-r13-development-2026-10-04 -> origin/revision/econometrica-nbo-r13-development-2026-10-04
2026-10-04T13:13:19.9115285Z  * [new branch]      revision/econometrica-nbo-r14-2026-10-04 -> origin/revision/econometrica-nbo-r14-2026-10-04
2026-10-04T13:13:19.9118266Z  * [new branch]      revision/econometrica-nbo-r14-evidence-2026-10-04 -> origin/revision/econometrica-nbo-r14-evidence-2026-10-04
2026-10-04T13:13:19.9121454Z  * [new branch]      revision/econometrica-nbo-r14-referee-2026-10-04 -> origin/revision/econometrica-nbo-r14-referee-2026-10-04
2026-10-04T13:13:19.9124069Z  * [new branch]      revision/econometrica-nbo-r14-source-2026-10-04 -> origin/revision/econometrica-nbo-r14-source-2026-10-04
2026-10-04T13:13:19.9126896Z  * [new branch]      revision/econometrica-nbo-r15-2026-10-04 -> origin/revision/econometrica-nbo-r15-2026-10-04
2026-10-04T13:13:19.9128711Z  * [new branch]      revision/econometrica-nbo-r15-evidence-2026-10-04 -> origin/revision/econometrica-nbo-r15-evidence-2026-10-04
2026-10-04T13:13:19.9130386Z  * [new branch]      revision/econometrica-nbo-r15-experiment-evidence-2026-10-04 -> origin/revision/econometrica-nbo-r15-experiment-evidence-2026-10-04
2026-10-04T13:13:19.9132207Z  * [new branch]      revision/econometrica-nbo-r15-experiment-source-2026-10-04 -> origin/revision/econometrica-nbo-r15-experiment-source-2026-10-04
2026-10-04T13:13:19.9134037Z  * [new branch]      revision/econometrica-nbo-r15-mechanism-evidence-2026-10-04 -> origin/revision/econometrica-nbo-r15-mechanism-evidence-2026-10-04
2026-10-04T13:13:19.9137272Z  * [new branch]      revision/econometrica-nbo-r15-mechanism-execute-2026-10-04 -> origin/revision/econometrica-nbo-r15-mechanism-execute-2026-10-04
2026-10-04T13:13:19.9140421Z  * [new branch]      revision/econometrica-nbo-r15-mechanism-source-2026-10-04 -> origin/revision/econometrica-nbo-r15-mechanism-source-2026-10-04
2026-10-04T13:13:19.9143480Z  * [new branch]      revision/econometrica-nbo-r15-observation-evidence-2026-10-04 -> origin/revision/econometrica-nbo-r15-observation-evidence-2026-10-04
2026-10-04T13:13:19.9147106Z  * [new branch]      revision/econometrica-nbo-r15-observation-source-2026-10-04 -> origin/revision/econometrica-nbo-r15-observation-source-2026-10-04
2026-10-04T13:13:19.9149794Z  * [new branch]      revision/econometrica-nbo-r15-referee-2026-10-04 -> origin/revision/econometrica-nbo-r15-referee-2026-10-04
2026-10-04T13:13:19.9153089Z  * [new branch]      revision/econometrica-nbo-r15-scalar-inspection-2026-10-04 -> origin/revision/econometrica-nbo-r15-scalar-inspection-2026-10-04
2026-10-04T13:13:19.9156800Z  * [new branch]      revision/econometrica-nbo-r15-scalar-transfer-2026-10-04 -> origin/revision/econometrica-nbo-r15-scalar-transfer-2026-10-04
2026-10-04T13:13:19.9159936Z  * [new branch]      revision/econometrica-nbo-r15-source-2026-10-04 -> origin/revision/econometrica-nbo-r15-source-2026-10-04
2026-10-04T13:13:19.9162756Z  * [new branch]      revision/econometrica-nbo-r16-menu-source-2026-10-04 -> origin/revision/econometrica-nbo-r16-menu-source-2026-10-04
2026-10-04T13:13:19.9166118Z  * [new branch]      revision/econometrica-nbo-r16-replication-evidence-2026-10-04 -> origin/revision/econometrica-nbo-r16-replication-evidence-2026-10-04
2026-10-04T13:13:19.9168940Z  * [new branch]      revision/econometrica-nbo-r16-replication-source-2026-10-04 -> origin/revision/econometrica-nbo-r16-replication-source-2026-10-04
2026-10-04T13:13:19.9170773Z  * [new branch]      revision/econometrica-nbo-r16-robustness-source-2026-10-04 -> origin/revision/econometrica-nbo-r16-robustness-source-2026-10-04
2026-10-04T13:13:19.9172535Z  * [new branch]      revision/econometrica-nbo-r16-signed-evidence-2026-10-04 -> origin/revision/econometrica-nbo-r16-signed-evidence-2026-10-04
2026-10-04T13:13:19.9174212Z  * [new branch]      revision/econometrica-nbo-r16-signed-source-2026-10-04 -> origin/revision/econometrica-nbo-r16-signed-source-2026-10-04
2026-10-04T13:13:19.9177329Z  * [new branch]      revision/econometrica-nbo-r16-signed-source-v2-2026-10-04 -> origin/revision/econometrica-nbo-r16-signed-source-v2-2026-10-04
2026-10-04T13:13:19.9178901Z  * [new branch]      revision/econometrica-nbo-r2-2026-09-28 -> origin/revision/econometrica-nbo-r2-2026-09-28
2026-10-04T13:13:19.9180174Z  * [new branch]      revision/econometrica-nbo-r3-2026-09-28 -> origin/revision/econometrica-nbo-r3-2026-09-28
2026-10-04T13:13:19.9181666Z  * [new branch]      revision/econometrica-nbo-r4-2026-09-29 -> origin/revision/econometrica-nbo-r4-2026-09-29
2026-10-04T13:13:19.9183561Z  * [new branch]      revision/econometrica-nbo-r5-evidence-2026-09-29 -> origin/revision/econometrica-nbo-r5-evidence-2026-09-29
2026-10-04T13:13:19.9186223Z  * [new branch]      revision/econometrica-nbo-r6-2026-09-29 -> origin/revision/econometrica-nbo-r6-2026-09-29
2026-10-04T13:13:19.9189031Z  * [new branch]      revision/econometrica-nbo-r7-development-2026-10-03 -> origin/revision/econometrica-nbo-r7-development-2026-10-03
2026-10-04T13:13:19.9192106Z  * [new branch]      revision/econometrica-nbo-r7-evidence-2026-10-03 -> origin/revision/econometrica-nbo-r7-evidence-2026-10-03
2026-10-04T13:13:19.9195150Z  * [new branch]      revision/econometrica-nbo-r7-source-2026-10-03 -> origin/revision/econometrica-nbo-r7-source-2026-10-03
2026-10-04T13:13:19.9198184Z  * [new branch]      revision/econometrica-nbo-r8-development-2026-10-03 -> origin/revision/econometrica-nbo-r8-development-2026-10-03
2026-10-04T13:13:19.9201113Z  * [new branch]      revision/econometrica-nbo-r8-evidence-2026-10-03 -> origin/revision/econometrica-nbo-r8-evidence-2026-10-03
2026-10-04T13:13:19.9204080Z  * [new branch]      revision/econometrica-nbo-r8-materialized-source-2026-10-03 -> origin/revision/econometrica-nbo-r8-materialized-source-2026-10-03
2026-10-04T13:13:19.9207218Z  * [new branch]      revision/econometrica-nbo-r8-referee-2026-10-03 -> origin/revision/econometrica-nbo-r8-referee-2026-10-03
2026-10-04T13:13:19.9208717Z  * [new branch]      revision/econometrica-nbo-r8-source-2026-10-03 -> origin/revision/econometrica-nbo-r8-source-2026-10-03
2026-10-04T13:13:19.9210240Z  * [new branch]      revision/econometrica-nbo-r9-development-2026-10-03 -> origin/revision/econometrica-nbo-r9-development-2026-10-03
2026-10-04T13:13:19.9211782Z  * [new branch]      revision/econometrica-nbo-r9-evidence-2026-10-03 -> origin/revision/econometrica-nbo-r9-evidence-2026-10-03
2026-10-04T13:13:19.9213497Z  * [new branch]      revision/econometrica-nbo-r9-source-2026-10-03 -> origin/revision/econometrica-nbo-r9-source-2026-10-03
2026-10-04T13:13:19.9217077Z [command]/usr/bin/git rev-parse --verify --quiet 503a724817899105a78f8c2fd516f417efb6b483^{object}
2026-10-04T13:13:19.9218058Z 503a724817899105a78f8c2fd516f417efb6b483
2026-10-04T13:13:19.9219428Z ##[endgroup]
2026-10-04T13:13:19.9220135Z ##[group]Determining the checkout info
2026-10-04T13:13:19.9220933Z ##[endgroup]
2026-10-04T13:13:19.9221625Z ##[group]Setting up sparse checkout
2026-10-04T13:13:19.9222239Z [command]/usr/bin/git config core.sparseCheckout true
2026-10-04T13:13:19.9223503Z [command]/usr/bin/git rev-parse --git-path info/sparse-checkout
2026-10-04T13:13:19.9224190Z .git/info/sparse-checkout
2026-10-04T13:13:19.9225842Z ##[endgroup]
2026-10-04T13:13:19.9226537Z ##[group]Checking out the ref
2026-10-04T13:13:19.9227307Z [command]/usr/bin/git checkout --progress --force 503a724817899105a78f8c2fd516f417efb6b483
2026-10-04T13:13:20.2931376Z Note: switching to '503a724817899105a78f8c2fd516f417efb6b483'.
2026-10-04T13:13:20.2932656Z 
2026-10-04T13:13:20.2933424Z You are in 'detached HEAD' state. You can look around, make experimental
2026-10-04T13:13:20.2935468Z changes and commit them, and you can discard any commits you make in this
2026-10-04T13:13:20.2937190Z state without impacting any branches by switching back to a branch.
2026-10-04T13:13:20.2938182Z 
2026-10-04T13:13:20.2938855Z If you want to create a new branch to retain commits you create, you may
2026-10-04T13:13:20.2940343Z do so (now or later) by using -c with the switch command. Example:
2026-10-04T13:13:20.2940933Z 
2026-10-04T13:13:20.2941198Z   git switch -c <new-branch-name>
2026-10-04T13:13:20.2941617Z 
2026-10-04T13:13:20.2941867Z Or undo this operation with:
2026-10-04T13:13:20.2942233Z 
2026-10-04T13:13:20.2942479Z   git switch -
2026-10-04T13:13:20.2942776Z 
2026-10-04T13:13:20.2943622Z Turn off this advice by setting config variable advice.detachedHead to false
2026-10-04T13:13:20.2945193Z 
2026-10-04T13:13:20.2946185Z HEAD is now at 503a724 R16: freeze prospective five-method continuation reuse study
2026-10-04T13:13:20.2948750Z ##[endgroup]
2026-10-04T13:13:20.2998071Z [command]/usr/bin/git log -1 --format=%H
2026-10-04T13:13:20.3025329Z 503a724817899105a78f8c2fd516f417efb6b483
2026-10-04T13:13:20.3333679Z ##[group]Run actions/setup-python@v5
2026-10-04T13:13:20.3334669Z with:
2026-10-04T13:13:20.3335215Z   python-version: 3.12
2026-10-04T13:13:20.3335834Z   check-latest: false
2026-10-04T13:13:20.3340847Z   token: ***
2026-10-04T13:13:20.3341433Z   update-environment: true
2026-10-04T13:13:20.3342099Z   allow-prereleases: false
2026-10-04T13:13:20.3342754Z   freethreaded: false
2026-10-04T13:13:20.3343352Z env:
2026-10-04T13:13:20.3344093Z   NBO_R16_MENU_SOURCE_COMMIT: 503a724817899105a78f8c2fd516f417efb6b483
2026-10-04T13:13:20.3345281Z   OMP_NUM_THREADS: 1
2026-10-04T13:13:20.3345897Z   MKL_NUM_THREADS: 1
2026-10-04T13:13:20.3346496Z   OPENBLAS_NUM_THREADS: 1
2026-10-04T13:13:20.3347118Z   NUMBA_NUM_THREADS: 1
2026-10-04T13:13:20.3347704Z   PYTHONHASHSEED: 0
2026-10-04T13:13:20.3348304Z   PYTHONDONTWRITEBYTECODE: 1
2026-10-04T13:13:20.3348965Z ##[endgroup]
2026-10-04T13:13:20.4663551Z ##[group]Installed versions
2026-10-04T13:13:20.4746667Z (node:2320) [DEP0040] DeprecationWarning: The `punycode` module is deprecated. Please use a userland alternative instead.
2026-10-04T13:13:20.4749187Z (Use `node --trace-deprecation ...` to show where the warning was created)
2026-10-04T13:13:20.4751078Z Successfully set up CPython (3.12.14)
2026-10-04T13:13:20.4752936Z ##[endgroup]
2026-10-04T13:13:20.4945145Z ##[group]Run set -euo pipefail
2026-10-04T13:13:20.4946433Z [36;1mset -euo pipefail[0m
2026-10-04T13:13:20.4947540Z [36;1mtest "$GITHUB_RUN_ATTEMPT" = 1[0m
2026-10-04T13:13:20.4949064Z [36;1mtest "$(git rev-parse HEAD)" = "$NBO_R16_MENU_SOURCE_COMMIT"[0m
2026-10-04T13:13:20.4951675Z [36;1mtest -z "$(git ls-remote --heads origin refs/heads/revision/econometrica-nbo-r16-menu-evidence-2026-10-04)"[0m
2026-10-04T13:13:20.4955201Z [36;1mtest -z "$(git ls-remote --heads origin refs/heads/revision/econometrica-nbo-r16-menu-transport-2026-10-04)"[0m
2026-10-04T13:13:20.5284952Z shell: /usr/bin/bash --noprofile --norc -e -o pipefail {0}
2026-10-04T13:13:20.5285922Z env:
2026-10-04T13:13:20.5286662Z   NBO_R16_MENU_SOURCE_COMMIT: 503a724817899105a78f8c2fd516f417efb6b483
2026-10-04T13:13:20.5287597Z   OMP_NUM_THREADS: 1
2026-10-04T13:13:20.5288159Z   MKL_NUM_THREADS: 1
2026-10-04T13:13:20.5288744Z   OPENBLAS_NUM_THREADS: 1
2026-10-04T13:13:20.5289350Z   NUMBA_NUM_THREADS: 1
2026-10-04T13:13:20.5289996Z   PYTHONHASHSEED: 0
2026-10-04T13:13:20.5290572Z   PYTHONDONTWRITEBYTECODE: 1
2026-10-04T13:13:20.5291354Z   pythonLocation: /opt/hostedtoolcache/Python/3.12.14/x64
2026-10-04T13:13:20.5292443Z   PKG_CONFIG_PATH: /opt/hostedtoolcache/Python/3.12.14/x64/lib/pkgconfig
2026-10-04T13:13:20.5293531Z   Python_ROOT_DIR: /opt/hostedtoolcache/Python/3.12.14/x64
2026-10-04T13:13:20.5294664Z   Python2_ROOT_DIR: /opt/hostedtoolcache/Python/3.12.14/x64
2026-10-04T13:13:20.5295662Z   Python3_ROOT_DIR: /opt/hostedtoolcache/Python/3.12.14/x64
2026-10-04T13:13:20.5296669Z   LD_LIBRARY_PATH: /opt/hostedtoolcache/Python/3.12.14/x64/lib
2026-10-04T13:13:20.5301780Z   GH_TOKEN: ***
2026-10-04T13:13:20.5302321Z ##[endgroup]
2026-10-04T13:13:20.8447768Z ##[group]Run python -m pip install numpy==2.3.5 scipy==1.17.0 numba==0.65.1 mpmath==1.3.0
2026-10-04T13:13:20.8450683Z [36;1mpython -m pip install numpy==2.3.5 scipy==1.17.0 numba==0.65.1 mpmath==1.3.0[0m
2026-10-04T13:13:20.8453682Z [36;1mpython -m pip install torch==2.10.0 --index-url https://download.pytorch.org/whl/cpu[0m
2026-10-04T13:13:20.8525204Z shell: /usr/bin/bash -e {0}
2026-10-04T13:13:20.8527071Z env:
2026-10-04T13:13:20.8529241Z   NBO_R16_MENU_SOURCE_COMMIT: 503a724817899105a78f8c2fd516f417efb6b483
2026-10-04T13:13:20.8532009Z   OMP_NUM_THREADS: 1
2026-10-04T13:13:20.8534000Z   MKL_NUM_THREADS: 1
2026-10-04T13:13:20.8535801Z   OPENBLAS_NUM_THREADS: 1
2026-10-04T13:13:20.8536957Z   NUMBA_NUM_THREADS: 1
2026-10-04T13:13:20.8538023Z   PYTHONHASHSEED: 0
2026-10-04T13:13:20.8539505Z   PYTHONDONTWRITEBYTECODE: 1
2026-10-04T13:13:20.8541005Z   pythonLocation: /opt/hostedtoolcache/Python/3.12.14/x64
2026-10-04T13:13:20.8543216Z   PKG_CONFIG_PATH: /opt/hostedtoolcache/Python/3.12.14/x64/lib/pkgconfig
2026-10-04T13:13:20.8545618Z   Python_ROOT_DIR: /opt/hostedtoolcache/Python/3.12.14/x64
2026-10-04T13:13:20.8547498Z   Python2_ROOT_DIR: /opt/hostedtoolcache/Python/3.12.14/x64
2026-10-04T13:13:20.8549343Z   Python3_ROOT_DIR: /opt/hostedtoolcache/Python/3.12.14/x64
2026-10-04T13:13:20.8551194Z   LD_LIBRARY_PATH: /opt/hostedtoolcache/Python/3.12.14/x64/lib
2026-10-04T13:13:20.8552779Z ##[endgroup]
2026-10-04T13:13:21.9601032Z Collecting numpy==2.3.5
2026-10-04T13:13:22.0097531Z   Downloading numpy-2.3.5-cp312-cp312-manylinux_2_27_x86_64.manylinux_2_28_x86_64.whl.metadata (62 kB)
2026-10-04T13:13:22.1492667Z Collecting scipy==1.17.0
2026-10-04T13:13:22.1549747Z   Downloading scipy-1.17.0-cp312-cp312-manylinux_2_27_x86_64.manylinux_2_28_x86_64.whl.metadata (62 kB)
2026-10-04T13:13:22.2584509Z Collecting numba==0.65.1
2026-10-04T13:13:22.2625843Z   Downloading numba-0.65.1-cp312-cp312-manylinux2014_x86_64.manylinux_2_17_x86_64.whl.metadata (2.9 kB)
2026-10-04T13:13:22.2752986Z Collecting mpmath==1.3.0
2026-10-04T13:13:22.2790287Z   Downloading mpmath-1.3.0-py3-none-any.whl.metadata (8.6 kB)
2026-10-04T13:13:22.3300070Z Collecting llvmlite<0.48,>=0.47.0dev0 (from numba==0.65.1)
2026-10-04T13:13:22.3342830Z   Downloading llvmlite-0.47.0-cp312-cp312-manylinux2014_x86_64.manylinux_2_17_x86_64.whl.metadata (5.0 kB)
2026-10-04T13:13:22.3435100Z Downloading numpy-2.3.5-cp312-cp312-manylinux_2_27_x86_64.manylinux_2_28_x86_64.whl (16.6 MB)
2026-10-04T13:13:22.4748024Z    ━━━━━━━━━━━━━━━━━━━━━━━━━━━━━━━━━━━━━━━━ 16.6/16.6 MB 131.0 MB/s  0:00:00
2026-10-04T13:13:22.4790928Z Downloading scipy-1.17.0-cp312-cp312-manylinux_2_27_x86_64.manylinux_2_28_x86_64.whl (35.0 MB)
2026-10-04T13:13:22.5856534Z    ━━━━━━━━━━━━━━━━━━━━━━━━━━━━━━━━━━━━━━━━ 35.0/35.0 MB 333.8 MB/s  0:00:00
2026-10-04T13:13:22.5895849Z Downloading numba-0.65.1-cp312-cp312-manylinux2014_x86_64.manylinux_2_17_x86_64.whl (3.8 MB)
2026-10-04T13:13:22.6105187Z    ━━━━━━━━━━━━━━━━━━━━━━━━━━━━━━━━━━━━━━━━ 3.8/3.8 MB 192.1 MB/s  0:00:00
2026-10-04T13:13:22.6141308Z Downloading mpmath-1.3.0-py3-none-any.whl (536 kB)
2026-10-04T13:13:22.6188047Z    ━━━━━━━━━━━━━━━━━━━━━━━━━━━━━━━━━━━━━━━━ 536.2/536.2 kB 105.8 MB/s  0:00:00
2026-10-04T13:13:22.6233682Z Downloading llvmlite-0.47.0-cp312-cp312-manylinux2014_x86_64.manylinux_2_17_x86_64.whl (56.3 MB)
2026-10-04T13:13:23.0095415Z    ━━━━━━━━━━━━━━━━━━━━━━━━━━━━━━━━━━━━━━━━ 56.3/56.3 MB 148.3 MB/s  0:00:00
2026-10-04T13:13:23.2098029Z Installing collected packages: mpmath, numpy, llvmlite, scipy, numba
2026-10-04T13:13:32.7413556Z 
2026-10-04T13:13:32.7426829Z Successfully installed llvmlite-0.47.0 mpmath-1.3.0 numba-0.65.1 numpy-2.3.5 scipy-1.17.0
2026-10-04T13:13:33.1099591Z Looking in indexes: https://download.pytorch.org/whl/cpu
2026-10-04T13:13:33.3378864Z Collecting torch==2.10.0
2026-10-04T13:13:33.4729209Z   Downloading torch-2.10.0%2Bcpu-cp312-cp312-manylinux_2_28_x86_64.whl.metadata (29 kB)
2026-10-04T13:13:33.5028949Z Collecting filelock (from torch==2.10.0)
2026-10-04T13:13:33.5518620Z   Downloading filelock-3.32.3-py3-none-any.whl.metadata (2.0 kB)
2026-10-04T13:13:33.5708261Z Collecting typing-extensions>=4.10.0 (from torch==2.10.0)
2026-10-04T13:13:33.5744361Z   Downloading typing_extensions-4.16.0-py3-none-any.whl.metadata (3.3 kB)
2026-10-04T13:13:33.5851036Z Collecting setuptools (from torch==2.10.0)
2026-10-04T13:13:33.5893934Z   Downloading setuptools-78.1.0-py3-none-any.whl.metadata (6.6 kB)
2026-10-04T13:13:33.6116217Z Collecting sympy>=1.13.3 (from torch==2.10.0)
2026-10-04T13:13:33.6150870Z   Downloading sympy-1.14.0-py3-none-any.whl.metadata (12 kB)
2026-10-04T13:13:33.6407828Z Collecting networkx>=2.5.1 (from torch==2.10.0)
2026-10-04T13:13:33.6442539Z   Downloading networkx-3.6.1-py3-none-any.whl.metadata (6.8 kB)
2026-10-04T13:13:33.6584760Z Collecting jinja2 (from torch==2.10.0)
2026-10-04T13:13:33.6625237Z   Downloading jinja2-3.1.6-py3-none-any.whl.metadata (2.9 kB)
2026-10-04T13:13:33.6952138Z Collecting fsspec>=0.8.5 (from torch==2.10.0)
2026-10-04T13:13:33.6991751Z   Downloading fsspec-2026.7.0-py3-none-any.whl.metadata (10 kB)
2026-10-04T13:13:33.7206147Z Requirement already satisfied: mpmath<1.4,>=1.1.0 in /opt/hostedtoolcache/Python/3.12.14/x64/lib/python3.12/site-packages (from sympy>=1.13.3->torch==2.10.0) (1.3.0)
2026-10-04T13:13:33.7402772Z Collecting MarkupSafe>=2.0 (from jinja2->torch==2.10.0)
2026-10-04T13:13:33.7446425Z   Downloading markupsafe-3.0.3-cp312-cp312-manylinux2014_x86_64.manylinux_2_17_x86_64.manylinux_2_28_x86_64.whl.metadata (2.7 kB)
2026-10-04T13:13:33.7569958Z Downloading torch-2.10.0%2Bcpu-cp312-cp312-manylinux_2_28_x86_64.whl (188.9 MB)
2026-10-04T13:13:34.4524033Z    ━━━━━━━━━━━━━━━━━━━━━━━━━━━━━━━━━━━━━━━━ 188.9/188.9 MB 273.7 MB/s  0:00:00
2026-10-04T13:13:34.4563340Z Downloading fsspec-2026.7.0-py3-none-any.whl (206 kB)
2026-10-04T13:13:34.4733416Z Downloading networkx-3.6.1-py3-none-any.whl (2.1 MB)
2026-10-04T13:13:34.4992274Z    ━━━━━━━━━━━━━━━━━━━━━━━━━━━━━━━━━━━━━━━━ 2.1/2.1 MB 86.4 MB/s  0:00:00
2026-10-04T13:13:34.5027544Z Downloading sympy-1.14.0-py3-none-any.whl (6.3 MB)
2026-10-04T13:13:34.5431904Z    ━━━━━━━━━━━━━━━━━━━━━━━━━━━━━━━━━━━━━━━━ 6.3/6.3 MB 164.5 MB/s  0:00:00
2026-10-04T13:13:34.5467764Z Downloading typing_extensions-4.16.0-py3-none-any.whl (45 kB)
2026-10-04T13:13:34.5522436Z Downloading filelock-3.32.3-py3-none-any.whl (98 kB)
2026-10-04T13:13:34.5600909Z Downloading jinja2-3.1.6-py3-none-any.whl (134 kB)
2026-10-04T13:13:34.5663354Z Downloading markupsafe-3.0.3-cp312-cp312-manylinux2014_x86_64.manylinux_2_17_x86_64.manylinux_2_28_x86_64.whl (22 kB)
2026-10-04T13:13:34.5741022Z Downloading setuptools-78.1.0-py3-none-any.whl (1.3 MB)
2026-10-04T13:13:34.5861249Z    ━━━━━━━━━━━━━━━━━━━━━━━━━━━━━━━━━━━━━━━━ 1.3/1.3 MB 121.3 MB/s  0:00:00
2026-10-04T13:13:34.9523267Z Installing collected packages: typing-extensions, sympy, setuptools, networkx, MarkupSafe, fsspec, filelock, jinja2, torch
2026-10-04T13:13:53.8174640Z 
2026-10-04T13:13:53.8194719Z Successfully installed MarkupSafe-3.0.3 filelock-3.32.3 fsspec-2026.7.0 jinja2-3.1.6 networkx-3.6.1 setuptools-78.1.0 sympy-1.14.0 torch-2.10.0+cpu typing-extensions-4.16.0
2026-10-04T13:13:53.8895388Z ##[group]Run python -m unittest discover -s revisions/2026-10-04-r16/code -p 'menu*tests.py' -v
2026-10-04T13:13:53.8896120Z [36;1mpython -m unittest discover -s revisions/2026-10-04-r16/code -p 'menu*tests.py' -v[0m
2026-10-04T13:13:53.8962732Z shell: /usr/bin/bash -e {0}
2026-10-04T13:13:53.8962994Z env:
2026-10-04T13:13:53.8963289Z   NBO_R16_MENU_SOURCE_COMMIT: 503a724817899105a78f8c2fd516f417efb6b483
2026-10-04T13:13:53.8963654Z   OMP_NUM_THREADS: 1
2026-10-04T13:13:53.8963868Z   MKL_NUM_THREADS: 1
2026-10-04T13:13:53.8964109Z   OPENBLAS_NUM_THREADS: 1
2026-10-04T13:13:53.8964329Z   NUMBA_NUM_THREADS: 1
2026-10-04T13:13:53.8964835Z   PYTHONHASHSEED: 0
2026-10-04T13:13:53.8965063Z   PYTHONDONTWRITEBYTECODE: 1
2026-10-04T13:13:53.8965380Z   pythonLocation: /opt/hostedtoolcache/Python/3.12.14/x64
2026-10-04T13:13:53.8965811Z   PKG_CONFIG_PATH: /opt/hostedtoolcache/Python/3.12.14/x64/lib/pkgconfig
2026-10-04T13:13:53.8966282Z   Python_ROOT_DIR: /opt/hostedtoolcache/Python/3.12.14/x64
2026-10-04T13:13:53.8966662Z   Python2_ROOT_DIR: /opt/hostedtoolcache/Python/3.12.14/x64
2026-10-04T13:13:53.8967048Z   Python3_ROOT_DIR: /opt/hostedtoolcache/Python/3.12.14/x64
2026-10-04T13:13:53.8967429Z   LD_LIBRARY_PATH: /opt/hostedtoolcache/Python/3.12.14/x64/lib
2026-10-04T13:13:53.8967753Z ##[endgroup]
2026-10-04T13:13:55.6752090Z test_all_bytes_round_trip (menu_pipeline_tests.LosslessEvidenceTests.test_all_bytes_round_trip) ... ok
2026-10-04T13:13:55.7120965Z test_changed_payload_is_rejected (menu_pipeline_tests.LosslessEvidenceTests.test_changed_payload_is_rejected) ... ok
2026-10-04T13:13:55.7387969Z test_duplicate_part_is_rejected (menu_pipeline_tests.LosslessEvidenceTests.test_duplicate_part_is_rejected) ... ok
2026-10-04T13:13:55.7440462Z test_files_are_partitioned_without_omission (menu_pipeline_tests.LosslessEvidenceTests.test_files_are_partitioned_without_omission) ... ok
2026-10-04T13:13:55.7685646Z test_missing_part_is_rejected (menu_pipeline_tests.LosslessEvidenceTests.test_missing_part_is_rejected) ... ok
2026-10-04T13:13:55.7708550Z test_complete_registered_matrix_and_rotations (menu_pipeline_tests.SourceProtocolTests.test_complete_registered_matrix_and_rotations) ... ok
2026-10-04T13:13:55.9859909Z test_complete_source_closure_has_no_missing_dependency (menu_pipeline_tests.SourceProtocolTests.test_complete_source_closure_has_no_missing_dependency) ... ok
2026-10-04T13:13:55.9934052Z test_missing_method_stage_seed_and_changed_budget_rejected (menu_pipeline_tests.SourceProtocolTests.test_missing_method_stage_seed_and_changed_budget_rejected) ... ok
2026-10-04T13:13:55.9954145Z test_timeout_fits_the_prescribed_remote_job (menu_pipeline_tests.SourceProtocolTests.test_timeout_fits_the_prescribed_remote_job) ... ok
2026-10-04T13:13:55.9970323Z test_actual_final_clock_and_conservative_earlier_prefix_are_distinct (menu_pipeline_tests.WorkAccountingTests.test_actual_final_clock_and_conservative_earlier_prefix_are_distinct) ... ok
2026-10-04T13:13:56.0070965Z test_antithetic_quadratic_costate_is_exact (menu_tests.EconomicIdentities.test_antithetic_quadratic_costate_is_exact) ... ok
2026-10-04T13:13:56.0082943Z test_cache_task_invariance_and_future_invalidation (menu_tests.EconomicIdentities.test_cache_task_invariance_and_future_invalidation) ... ok
2026-10-04T13:13:56.0173990Z test_finite_Q_chain_rule_has_correct_normalization (menu_tests.EconomicIdentities.test_finite_Q_chain_rule_has_correct_normalization) ... ok
2026-10-04T13:13:56.0229437Z test_known_quadratic_difference_removes_all_randomness_when_uncoupled (menu_tests.EconomicIdentities.test_known_quadratic_difference_removes_all_randomness_when_uncoupled) ... ok
2026-10-04T13:13:56.0262036Z test_scalar_field_gradient_matches_value (menu_tests.EconomicIdentities.test_scalar_field_gradient_matches_value) ... ok
2026-10-04T13:13:56.0274982Z test_temporary_constraint_is_enforced_by_materialized_actor (menu_tests.EconomicIdentities.test_temporary_constraint_is_enforced_by_materialized_actor) ... ok
2026-10-04T13:13:56.0284208Z test_every_exploratory_result_and_failure_is_retained (menu_tests.FrozenDesign.test_every_exploratory_result_and_failure_is_retained) ... ok
2026-10-04T13:13:56.0329898Z test_protocol_complete_family_and_disjoint_alpha (menu_tests.FrozenDesign.test_protocol_complete_family_and_disjoint_alpha) ... ok
2026-10-04T13:13:56.0376724Z test_atomic_seal_failure_cannot_replace_previous_record (menu_tests.InterruptedPrefixRecovery.test_atomic_seal_failure_cannot_replace_previous_record) ... ok
2026-10-04T13:13:56.0406554Z test_completed_scalar_candidate_and_grid_remain_byte_identical (menu_tests.InterruptedPrefixRecovery.test_completed_scalar_candidate_and_grid_remain_byte_identical) ... ok
2026-10-04T13:13:56.0502111Z {"out": "/tmp/tmp66xqmnzj/fit", "source_commit": "0000000000000000000000000000000000000000", "complete_fit_seconds": 0.006435438, "failed_fit": true}
2026-10-04T13:13:56.0519342Z test_completed_sealed_prefix_remains_byte_identical_after_child_kill (menu_tests.InterruptedPrefixRecovery.test_completed_sealed_prefix_remains_byte_identical_after_child_kill) ... ok
2026-10-04T13:13:56.0706392Z test_interrupted_scalar_metadata_and_grid_are_archived_before_same_seed_fallback (menu_tests.InterruptedPrefixRecovery.test_interrupted_scalar_metadata_and_grid_are_archived_before_same_seed_fallback) ... ok
2026-10-04T13:13:56.0824296Z {"out": "/tmp/tmpcn29j1ac/fit", "source_commit": "0000000000000000000000000000000000000000", "complete_fit_seconds": 0.008337777, "failed_fit": true}
2026-10-04T13:13:56.0960981Z {"out": "/tmp/tmpswn35v96/fit", "source_commit": "0000000000000000000000000000000000000000", "complete_fit_seconds": 0.008517803, "failed_fit": true}
2026-10-04T13:13:56.1109618Z {"out": "/tmp/tmpa6_isvpv/fit", "source_commit": "0000000000000000000000000000000000000000", "complete_fit_seconds": 0.010041762, "failed_fit": true}
2026-10-04T13:13:56.1267144Z {"out": "/tmp/tmp72tlo1v2/fit", "source_commit": "0000000000000000000000000000000000000000", "complete_fit_seconds": 0.010607351, "failed_fit": true}
2026-10-04T13:13:56.1285251Z test_unsealed_partial_mismatched_prefixes_are_archived_and_recovered (menu_tests.InterruptedPrefixRecovery.test_unsealed_partial_mismatched_prefixes_are_archived_and_recovered) ... ok
2026-10-04T13:13:57.1374822Z test_all_methods_keep_two_tiny_manufactured_prefixes (menu_tests.PersistenceAndSource.test_all_methods_keep_two_tiny_manufactured_prefixes) ... ok
2026-10-04T13:13:57.1396938Z test_bound_manifest_rejects_changed_source_bytes (menu_tests.PersistenceAndSource.test_bound_manifest_rejects_changed_source_bytes) ... ok
2026-10-04T13:13:57.1413400Z test_fallback_scalar_is_declared_and_keeps_seed (menu_tests.PersistenceAndSource.test_fallback_scalar_is_declared_and_keeps_seed) ... ok
2026-10-04T13:13:57.1467320Z test_lossless_pair_cache_shards (menu_tests.PersistenceAndSource.test_lossless_pair_cache_shards) ... ok
2026-10-04T13:13:57.5190900Z test_analysis_round_trip_and_full_future_checkout (menu_transport_tests.LocalRemote.test_analysis_round_trip_and_full_future_checkout) ... ok
2026-10-04T13:13:58.0081565Z test_cas_race_preserves_both_complete_trials (menu_transport_tests.LocalRemote.test_cas_race_preserves_both_complete_trials) ... ok
2026-10-04T13:13:58.3448908Z test_changed_missing_and_duplicate_analysis_parts_rejected (menu_transport_tests.LocalRemote.test_changed_missing_and_duplicate_analysis_parts_rejected) ... ok
2026-10-04T13:13:58.4494930Z test_creation_only_root_and_evidence_refs (menu_transport_tests.LocalRemote.test_creation_only_root_and_evidence_refs) ... ok
2026-10-04T13:13:58.7338251Z test_exact_acknowledgment_replay_is_read_only_but_changed_payload_is_rejected (menu_transport_tests.LocalRemote.test_exact_acknowledgment_replay_is_read_only_but_changed_payload_is_rejected) ... ok
2026-10-04T13:13:59.1584084Z test_final_evidence_uses_complete_staging_parent_and_small_append (menu_transport_tests.LocalRemote.test_final_evidence_uses_complete_staging_parent_and_small_append) ... ok
2026-10-04T13:13:59.3615344Z test_partial_repository_never_downloads_old_raw_blob (menu_transport_tests.LocalRemote.test_partial_repository_never_downloads_old_raw_blob) ... ok
2026-10-04T13:13:59.6888577Z test_unregistered_tree_addition_and_unsafe_path_rejected (menu_transport_tests.LocalRemote.test_unregistered_tree_addition_and_unsafe_path_rejected) ... ok
2026-10-04T13:14:00.4621841Z test_antithetic_analytic_component_cancels (menu_verification_tests.MenuVerificationTests.test_antithetic_analytic_component_cancels) ... ok
2026-10-04T13:14:00.5726080Z test_batch_partition_does_not_change_noise_law_or_samples (menu_verification_tests.MenuVerificationTests.test_batch_partition_does_not_change_noise_law_or_samples) ... ok
2026-10-04T13:14:00.7306008Z test_complete_fit_trial_and_scalar_identity_preflight (menu_verification_tests.MenuVerificationTests.test_complete_fit_trial_and_scalar_identity_preflight) ... ok
2026-10-04T13:14:00.7440027Z test_exact_gaussian_quadratic_economic_coverage (menu_verification_tests.MenuVerificationTests.test_exact_gaussian_quadratic_economic_coverage) ... ok
2026-10-04T13:14:01.0461746Z test_frozen_matrices_have_fresh_and_independent_positive_LDL (menu_verification_tests.MenuVerificationTests.test_frozen_matrices_have_fresh_and_independent_positive_LDL) ... ok
2026-10-04T13:14:01.0475825Z test_missing_stream_and_duplicate_noise_rejected (menu_verification_tests.MenuVerificationTests.test_missing_stream_and_duplicate_noise_rejected) ... ok
2026-10-04T13:14:01.1554828Z test_primary_geometry_replayed_without_randomness (menu_verification_tests.MenuVerificationTests.test_primary_geometry_replayed_without_randomness) ... ok
2026-10-04T13:14:01.1623049Z test_quadratic_support_encloses_exact_real_vertex_and_endpoints (menu_verification_tests.MenuVerificationTests.test_quadratic_support_encloses_exact_real_vertex_and_endpoints) ... ok
2026-10-04T13:14:01.1627125Z test_registered_action_set_and_pair_count_enforced (menu_verification_tests.MenuVerificationTests.test_registered_action_set_and_pair_count_enforced) ... ok
2026-10-04T13:14:01.2952571Z test_scalar_finite_difference_protects_exact_optimum (menu_verification_tests.MenuVerificationTests.test_scalar_finite_difference_protects_exact_optimum) ... ok
2026-10-04T13:14:01.3098371Z test_true_scalar_curvature_and_whole_segment_regret (menu_verification_tests.MenuVerificationTests.test_true_scalar_curvature_and_whole_segment_regret) ... ok
2026-10-04T13:14:01.3110196Z test_unknown_matrix_uses_deterministic_gershgorin_fallback (menu_verification_tests.MenuVerificationTests.test_unknown_matrix_uses_deterministic_gershgorin_fallback) ... ok
2026-10-04T13:14:01.3111372Z 
2026-10-04T13:14:01.3111674Z ----------------------------------------------------------------------
2026-10-04T13:14:01.3112287Z Ran 47 tests in 5.687s
2026-10-04T13:14:01.3112527Z 
2026-10-04T13:14:01.3112644Z OK
2026-10-04T13:14:01.8062045Z ##[group]Run python revisions/2026-10-04-r16/code/menu_pipeline.py pack \
2026-10-04T13:14:01.8062622Z [36;1mpython revisions/2026-10-04-r16/code/menu_pipeline.py pack \[0m
2026-10-04T13:14:01.8063056Z [36;1m  --repo . --out "$RUNNER_TEMP/menu-source" \[0m
2026-10-04T13:14:01.8063408Z [36;1m  --source "$NBO_R16_MENU_SOURCE_COMMIT"[0m
2026-10-04T13:14:01.8128216Z shell: /usr/bin/bash -e {0}
2026-10-04T13:14:01.8128474Z env:
2026-10-04T13:14:01.8128755Z   NBO_R16_MENU_SOURCE_COMMIT: 503a724817899105a78f8c2fd516f417efb6b483
2026-10-04T13:14:01.8129119Z   OMP_NUM_THREADS: 1
2026-10-04T13:14:01.8129332Z   MKL_NUM_THREADS: 1
2026-10-04T13:14:01.8129540Z   OPENBLAS_NUM_THREADS: 1
2026-10-04T13:14:01.8129760Z   NUMBA_NUM_THREADS: 1
2026-10-04T13:14:01.8129968Z   PYTHONHASHSEED: 0
2026-10-04T13:14:01.8130201Z   PYTHONDONTWRITEBYTECODE: 1
2026-10-04T13:14:01.8130501Z   pythonLocation: /opt/hostedtoolcache/Python/3.12.14/x64
2026-10-04T13:14:01.8130963Z   PKG_CONFIG_PATH: /opt/hostedtoolcache/Python/3.12.14/x64/lib/pkgconfig
2026-10-04T13:14:01.8131377Z   Python_ROOT_DIR: /opt/hostedtoolcache/Python/3.12.14/x64
2026-10-04T13:14:01.8131772Z   Python2_ROOT_DIR: /opt/hostedtoolcache/Python/3.12.14/x64
2026-10-04T13:14:01.8132159Z   Python3_ROOT_DIR: /opt/hostedtoolcache/Python/3.12.14/x64
2026-10-04T13:14:01.8132547Z   LD_LIBRARY_PATH: /opt/hostedtoolcache/Python/3.12.14/x64/lib
2026-10-04T13:14:01.8132869Z ##[endgroup]
2026-10-04T13:14:02.1948633Z {
2026-10-04T13:14:02.1949105Z   "complete": true,
2026-10-04T13:14:02.1949704Z   "source": "503a724817899105a78f8c2fd516f417efb6b483",
2026-10-04T13:14:02.1950136Z   "trial_count": 128,
2026-10-04T13:14:02.1950417Z   "source_files": 58,
2026-10-04T13:14:02.1950684Z   "archive_bytes": 414405
2026-10-04T13:14:02.1950948Z }
2026-10-04T13:14:02.2120495Z ##[group]Run python revisions/2026-10-04-r16/code/menu_transport.py initialize \
2026-10-04T13:14:02.2121091Z [36;1mpython revisions/2026-10-04-r16/code/menu_transport.py initialize \[0m
2026-10-04T13:14:02.2121539Z [36;1m  --repo . --source "$NBO_R16_MENU_SOURCE_COMMIT"[0m
2026-10-04T13:14:02.2183417Z shell: /usr/bin/bash -e {0}
2026-10-04T13:14:02.2183674Z env:
2026-10-04T13:14:02.2183963Z   NBO_R16_MENU_SOURCE_COMMIT: 503a724817899105a78f8c2fd516f417efb6b483
2026-10-04T13:14:02.2184545Z   OMP_NUM_THREADS: 1
2026-10-04T13:14:02.2184785Z   MKL_NUM_THREADS: 1
2026-10-04T13:14:02.2185006Z   OPENBLAS_NUM_THREADS: 1
2026-10-04T13:14:02.2185232Z   NUMBA_NUM_THREADS: 1
2026-10-04T13:14:02.2185443Z   PYTHONHASHSEED: 0
2026-10-04T13:14:02.2185657Z   PYTHONDONTWRITEBYTECODE: 1
2026-10-04T13:14:02.2185961Z   pythonLocation: /opt/hostedtoolcache/Python/3.12.14/x64
2026-10-04T13:14:02.2186396Z   PKG_CONFIG_PATH: /opt/hostedtoolcache/Python/3.12.14/x64/lib/pkgconfig
2026-10-04T13:14:02.2186849Z   Python_ROOT_DIR: /opt/hostedtoolcache/Python/3.12.14/x64
2026-10-04T13:14:02.2187424Z   Python2_ROOT_DIR: /opt/hostedtoolcache/Python/3.12.14/x64
2026-10-04T13:14:02.2187805Z   Python3_ROOT_DIR: /opt/hostedtoolcache/Python/3.12.14/x64
2026-10-04T13:14:02.2188183Z   LD_LIBRARY_PATH: /opt/hostedtoolcache/Python/3.12.14/x64/lib
2026-10-04T13:14:02.2188499Z ##[endgroup]
2026-10-04T13:14:04.0037473Z {
2026-10-04T13:14:04.0037844Z   "complete": true,
2026-10-04T13:14:04.0038221Z   "creation_only": true,
2026-10-04T13:14:04.0038758Z   "initial_staging_commit": "503a724817899105a78f8c2fd516f417efb6b483",
2026-10-04T13:14:04.0039488Z   "numerical_source_commit": "503a724817899105a78f8c2fd516f417efb6b483",
2026-10-04T13:14:04.0040270Z   "staging_branch": "revision/econometrica-nbo-r16-menu-transport-2026-10-04"
2026-10-04T13:14:04.0040907Z }
2026-10-04T13:14:04.0193491Z ##[group]Run actions/upload-artifact@v4
2026-10-04T13:14:04.0193790Z with:
2026-10-04T13:14:04.0193997Z   name: nbo-r16-menu-source-37204836544
2026-10-04T13:14:04.0194313Z   path: /home/runner/work/_temp/menu-source/
2026-10-04T13:14:04.0194955Z   if-no-files-found: error
2026-10-04T13:14:04.0195189Z   retention-days: 90
2026-10-04T13:14:04.0195398Z   compression-level: 6
2026-10-04T13:14:04.0195629Z   overwrite: false
2026-10-04T13:14:04.0195846Z   include-hidden-files: false
2026-10-04T13:14:04.0196074Z env:
2026-10-04T13:14:04.0196339Z   NBO_R16_MENU_SOURCE_COMMIT: 503a724817899105a78f8c2fd516f417efb6b483
2026-10-04T13:14:04.0196686Z   OMP_NUM_THREADS: 1
2026-10-04T13:14:04.0196886Z   MKL_NUM_THREADS: 1
2026-10-04T13:14:04.0197090Z   OPENBLAS_NUM_THREADS: 1
2026-10-04T13:14:04.0197309Z   NUMBA_NUM_THREADS: 1
2026-10-04T13:14:04.0197513Z   PYTHONHASHSEED: 0
2026-10-04T13:14:04.0197761Z   PYTHONDONTWRITEBYTECODE: 1
2026-10-04T13:14:04.0198090Z   pythonLocation: /opt/hostedtoolcache/Python/3.12.14/x64
2026-10-04T13:14:04.0198516Z   PKG_CONFIG_PATH: /opt/hostedtoolcache/Python/3.12.14/x64/lib/pkgconfig
2026-10-04T13:14:04.0198931Z   Python_ROOT_DIR: /opt/hostedtoolcache/Python/3.12.14/x64
2026-10-04T13:14:04.0199306Z   Python2_ROOT_DIR: /opt/hostedtoolcache/Python/3.12.14/x64
2026-10-04T13:14:04.0199678Z   Python3_ROOT_DIR: /opt/hostedtoolcache/Python/3.12.14/x64
2026-10-04T13:14:04.0200055Z   LD_LIBRARY_PATH: /opt/hostedtoolcache/Python/3.12.14/x64/lib
2026-10-04T13:14:04.0200379Z ##[endgroup]
2026-10-04T13:14:04.1801726Z (node:3538) [DEP0040] DeprecationWarning: The `punycode` module is deprecated. Please use a userland alternative instead.
2026-10-04T13:14:04.1802610Z (Use `node --trace-deprecation ...` to show where the warning was created)
2026-10-04T13:14:04.1896206Z With the provided path, there will be 4 files uploaded
2026-10-04T13:14:04.1897076Z Artifact name is valid!
2026-10-04T13:14:04.1897336Z Root directory input is valid!
2026-10-04T13:14:04.3762429Z Beginning upload of artifact content to blob storage
2026-10-04T13:14:04.4186755Z (node:3538) [DEP0169] DeprecationWarning: `url.parse()` behavior is not standardized and prone to errors that have security implications. Use the WHATWG URL API instead. CVEs are not issued for `url.parse()` vulnerabilities.
2026-10-04T13:14:04.4574363Z Uploaded bytes 438150
2026-10-04T13:14:04.4713581Z Finished uploading artifact content to blob storage!
2026-10-04T13:14:04.4714901Z SHA256 digest of uploaded artifact zip is 6a8fa11b1bcc7fbcf63367bbd69591a77f87fa9c7e9af4146de0ed726581b698
2026-10-04T13:14:04.4716276Z Finalizing artifact upload
2026-10-04T13:14:04.6767853Z Artifact nbo-r16-menu-source-37204836544.zip successfully finalized. Artifact ID 11303629001
2026-10-04T13:14:04.6769518Z Artifact nbo-r16-menu-source-37204836544 has been successfully uploaded! Final size is 438150 bytes. Artifact ID is 11303629001
2026-10-04T13:14:04.6776061Z Artifact download URL: https://github.com/TrillionniumFoundation/NBO/actions/runs/37204836544/artifacts/11303629001
2026-10-04T13:14:04.6940962Z Post job cleanup.
2026-10-04T13:14:04.8163814Z (node:3550) [DEP0040] DeprecationWarning: The `punycode` module is deprecated. Please use a userland alternative instead.
2026-10-04T13:14:04.8165663Z (Use `node --trace-deprecation ...` to show where the warning was created)
2026-10-04T13:14:04.8349125Z Post job cleanup.
2026-10-04T13:14:04.9235320Z [command]/usr/bin/git version
2026-10-04T13:14:04.9277109Z git version 2.55.0
2026-10-04T13:14:04.9316796Z Temporarily overriding HOME='/home/runner/work/_temp/352dbfd1-3e9b-425d-9420-8675f6f3bd51' before making global git config changes
2026-10-04T13:14:04.9318114Z Adding repository directory to the temporary git global config as a safe directory
2026-10-04T13:14:04.9325312Z [command]/usr/bin/git config --global --add safe.directory /home/runner/work/NBO/NBO
2026-10-04T13:14:04.9368420Z [command]/usr/bin/git config --local --name-only --get-regexp core\.sshCommand
2026-10-04T13:14:04.9405620Z [command]/usr/bin/git submodule foreach --recursive sh -c "git config --local --name-only --get-regexp 'core\.sshCommand' && git config --local --unset-all 'core.sshCommand' || :"
2026-10-04T13:14:04.9679974Z [command]/usr/bin/git config --local --name-only --get-regexp http\.https\:\/\/github\.com\/\.extraheader
2026-10-04T13:14:04.9708814Z http.https://github.com/.extraheader
2026-10-04T13:14:04.9720850Z [command]/usr/bin/git config --local --unset-all http.https://github.com/.extraheader
2026-10-04T13:14:04.9757637Z [command]/usr/bin/git submodule foreach --recursive sh -c "git config --local --name-only --get-regexp 'http\.https\:\/\/github\.com\/\.extraheader' && git config --local --unset-all 'http.https://github.com/.extraheader' || :"
2026-10-04T13:14:05.0085911Z [command]/usr/bin/git config --local --name-only --get-regexp ^includeIf\.gitdir:
2026-10-04T13:14:05.0131419Z [command]/usr/bin/git submodule foreach --recursive git config --local --show-origin --name-only --get-regexp remote.origin.url
2026-10-04T13:14:05.0606668Z Evaluate and set job outputs
2026-10-04T13:14:05.0630432Z Set output 'matrix'
2026-10-04T13:14:05.0633037Z Cleaning up orphan processes
2026-10-04T13:14:05.0962050Z ##[warning]Node.js 20 is deprecated. The following actions target Node.js 20 but are being forced to run on Node.js 24: actions/checkout@v4, actions/setup-python@v5, actions/upload-artifact@v4. For more information see: https://github.blog/changelog/2025-09-19-deprecation-of-node-20-on-github-actions-runners/

