FROZEN 2 4 neural_w16_h1_s27301
FROZEN 2 4 neural_w16_h1_s27302
FROZEN 2 4 neural_w16_h2_s27301
FROZEN 2 4 neural_w16_h2_s27302
FROZEN 2 4 neural_w32_h1_s27301
FROZEN 2 4 neural_w32_h1_s27302
FROZEN 2 4 neural_w32_h2_s27301
FROZEN 2 4 neural_w32_h2_s27302
FROZEN 2 4 polynomial_p2
FROZEN 2 4 polynomial_p3
FROZEN 2 4 random_s29001
FROZEN 2 4 random_s29002
FROZEN 2 4 random_s29003
FROZEN 2 4 random_s29004
FROZEN 2 4 random_s29005
FROZEN 2 4 random_s29006
FROZEN 2 4 random_s29007
FROZEN 2 4 random_s29008
FROZEN 2 4 random_s29009
FROZEN 2 4 random_s29010
FROZEN 2 4 myopic
FROZEN 2 4 base_stock
FROZEN 2 4 tabular2
FROZEN 3 4 neural_w16_h1_s27301
FROZEN 3 4 neural_w16_h1_s27302
FROZEN 3 4 neural_w16_h2_s27301
FROZEN 3 4 neural_w16_h2_s27302
FROZEN 3 4 neural_w32_h1_s27301
FROZEN 3 4 neural_w32_h1_s27302
FROZEN 3 4 neural_w32_h2_s27301
FROZEN 3 4 neural_w32_h2_s27302
FROZEN 3 4 polynomial_p2
FROZEN 3 4 polynomial_p3
FROZEN 3 4 random_s29001
FROZEN 3 4 random_s29002
FROZEN 3 4 random_s29003
FROZEN 3 4 random_s29004
FROZEN 3 4 random_s29005
FROZEN 3 4 random_s29006
FROZEN 3 4 random_s29007
FROZEN 3 4 random_s29008
FROZEN 3 4 random_s29009
FROZEN 3 4 random_s29010
FROZEN 3 4 myopic
FROZEN 3 4 base_stock
FROZEN 3 4 tabular2
FROZEN 4 4 neural_w16_h1_s27301
FROZEN 4 4 neural_w16_h1_s27302
FROZEN 4 4 neural_w16_h2_s27301
FROZEN 4 4 neural_w16_h2_s27302
FROZEN 4 4 neural_w32_h1_s27301
FROZEN 4 4 neural_w32_h1_s27302
FROZEN 4 4 neural_w32_h2_s27301
FROZEN 4 4 neural_w32_h2_s27302
FROZEN 4 4 polynomial_p2
FROZEN 4 4 polynomial_p3
FROZEN 4 4 random_s29001
FROZEN 4 4 random_s29002
FROZEN 4 4 random_s29003
FROZEN 4 4 random_s29004
FROZEN 4 4 random_s29005
FROZEN 4 4 random_s29006
FROZEN 4 4 random_s29007
FROZEN 4 4 random_s29008
FROZEN 4 4 random_s29009
FROZEN 4 4 random_s29010
FROZEN 4 4 myopic
FROZEN 4 4 base_stock
FROZEN 4 4 tabular2
FROZEN 4 4 neural_w32_h2_s27303
FROZEN 4 4 neural_w32_h2_s27304
FROZEN 4 4 neural_w32_h2_s27305
FROZEN 4 4 neural_w32_h2_s27306
FROZEN 4 4 neural_w32_h2_s27307
FROZEN 4 4 neural_w32_h2_s27308
FROZEN 4 4 neural_w32_h2_s27309
FROZEN 4 4 neural_w32_h2_s27310
FROZEN 4 5 neural_w32_h2_s27301
FROZEN 4 5 neural_w32_h2_s27302
FROZEN 4 5 polynomial_p2
FROZEN 4 5 polynomial_p3
FROZEN 4 5 random_s29001
FROZEN 4 5 random_s29002
FROZEN 4 5 random_s29003
FROZEN 4 5 random_s29004
FROZEN 4 5 random_s29005
FROZEN 4 5 random_s29006
FROZEN 4 5 random_s29007
FROZEN 4 5 random_s29008
FROZEN 4 5 random_s29009
FROZEN 4 5 random_s29010
FROZEN 4 5 myopic
FROZEN 4 5 base_stock
FROZEN 4 5 tabular2
FROZEN 4 5 neural_w32_h2_s27303
FROZEN 4 5 neural_w32_h2_s27304
FROZEN 4 5 neural_w32_h2_s27305
FROZEN 5 4 neural_w32_h2_s27303
FROZEN 5 4 polynomial_p2
FROZEN 5 4 random_s29001
FROZEN 5 4 myopic
FROZEN 5 4 base_stock
FROZEN 5 4 tabular2
FROZEN 6 4 neural_w32_h2_s27303
FROZEN 6 4 polynomial_p2
FROZEN 6 4 random_s29001
FROZEN 6 4 myopic
FROZEN 6 4 base_stock
FROZEN 6 4 tabular2
FROZEN 7 4 neural_w32_h2_s27303
FROZEN 7 4 polynomial_p2
FROZEN 7 4 random_s29001
FROZEN 7 4 myopic
FROZEN 7 4 base_stock
FROZEN 7 4 tabular2
