This is pdfTeX, Version 3.141592653-2.6-1.40.25 (TeX Live 2023/Debian) (preloaded format=pdflatex)
 restricted \write18 enabled.
entering extended mode
(./complete.tex
LaTeX2e <2023-11-01> patch level 1
L3 programming layer <2024-01-22>
(./econsocart.cls
Document Class: econsocart 2022/11/21 v1.4.1, The Econometric Society Journals
(/usr/share/texlive/texmf-dist/tex/latex/etoolbox/etoolbox.sty)
(./econsocart.cfg) (/usr/share/texlive/texmf-dist/tex/latex/base/fix-cm.sty
(/usr/share/texlive/texmf-dist/tex/latex/base/ts1enc.def))
(/usr/share/texlive/texmf-dist/tex/latex/graphics/graphicx.sty
(/usr/share/texlive/texmf-dist/tex/latex/graphics/keyval.sty)
(/usr/share/texlive/texmf-dist/tex/latex/graphics/graphics.sty
(/usr/share/texlive/texmf-dist/tex/latex/graphics/trig.sty)
(/usr/share/texlive/texmf-dist/tex/latex/graphics-cfg/graphics.cfg)
(/usr/share/texlive/texmf-dist/tex/latex/graphics-def/pdftex.def)))
(/usr/share/texlive/texmf-dist/tex/latex/base/fontenc.sty)
(/usr/share/texlive/texmf-dist/tex/latex/psnfss/times.sty)
(/usr/share/texlive/texmf-dist/tex/latex/textcase/textcase.sty)
(/usr/share/texlive/texmf-dist/tex/latex/psnfss/helvet.sty)
(/usr/share/texlive/texmf-dist/tex/latex/base/textcomp.sty)
(/usr/share/texlive/texmf-dist/tex/latex/psnfss/t1ptm.fd)
(/usr/share/texlive/texmf-dist/tex/latex/amsfonts/amssymb.sty
(/usr/share/texlive/texmf-dist/tex/latex/amsfonts/amsfonts.sty))
(/usr/share/texlive/texmf-dist/tex/latex/tools/bm.sty)
(/usr/share/texlive/texmf-dist/tex/latex/url/url.sty)
(/usr/share/texlive/texmf-dist/tex/latex/amsmath/amsmath.sty
For additional information on amsmath, use the `?' option.
(/usr/share/texlive/texmf-dist/tex/latex/amsmath/amstext.sty
(/usr/share/texlive/texmf-dist/tex/latex/amsmath/amsgen.sty))
(/usr/share/texlive/texmf-dist/tex/latex/amsmath/amsbsy.sty)
(/usr/share/texlive/texmf-dist/tex/latex/amsmath/amsopn.sty))
(/usr/share/texlive/texmf-dist/tex/latex/amscls/amsthm.sty)
(/usr/share/texlive/texmf-dist/tex/latex/natbib/natbib.sty)) (./preamble.tex
(/usr/share/texlive/texmf-dist/tex/latex/booktabs/booktabs.sty)
(/usr/share/texlive/texmf-dist/tex/latex/tools/array.sty)
(/usr/share/texlive/texmf-dist/tex/latex/tools/longtable.sty)
(/usr/share/texlive/texmf-dist/tex/latex/base/fontenc.sty)
(/usr/share/texlive/texmf-dist/tex/latex/psnfss/mathpazo.sty)
(/usr/share/texlive/texmf-dist/tex/latex/microtype/microtype.sty
(/usr/share/texlive/texmf-dist/tex/latex/microtype/microtype-pdftex.def)
(/usr/share/texlive/texmf-dist/tex/latex/microtype/microtype.cfg))
(/usr/share/texlive/texmf-dist/tex/latex/needspace/needspace.sty)
(/usr/share/texlive/texmf-dist/tex/latex/xurl/xurl.sty)
(/usr/share/texlive/texmf-dist/tex/latex/hyperref/hyperref.sty
(/usr/share/texlive/texmf-dist/tex/generic/iftex/iftex.sty)
(/usr/share/texlive/texmf-dist/tex/latex/kvsetkeys/kvsetkeys.sty)
(/usr/share/texlive/texmf-dist/tex/generic/kvdefinekeys/kvdefinekeys.sty)
(/usr/share/texlive/texmf-dist/tex/generic/pdfescape/pdfescape.sty
(/usr/share/texlive/texmf-dist/tex/generic/ltxcmds/ltxcmds.sty)
(/usr/share/texlive/texmf-dist/tex/generic/pdftexcmds/pdftexcmds.sty
(/usr/share/texlive/texmf-dist/tex/generic/infwarerr/infwarerr.sty)))
(/usr/share/texlive/texmf-dist/tex/latex/hycolor/hycolor.sty)
(/usr/share/texlive/texmf-dist/tex/latex/auxhook/auxhook.sty)
(/usr/share/texlive/texmf-dist/tex/latex/hyperref/nameref.sty
(/usr/share/texlive/texmf-dist/tex/latex/refcount/refcount.sty)
(/usr/share/texlive/texmf-dist/tex/generic/gettitlestring/gettitlestring.sty
(/usr/share/texlive/texmf-dist/tex/latex/kvoptions/kvoptions.sty)))
(/usr/share/texlive/texmf-dist/tex/latex/hyperref/pd1enc.def)
(/usr/share/texlive/texmf-dist/tex/generic/intcalc/intcalc.sty)
(/usr/share/texlive/texmf-dist/tex/latex/hyperref/puenc.def)
(/usr/share/texlive/texmf-dist/tex/generic/bitset/bitset.sty
(/usr/share/texlive/texmf-dist/tex/generic/bigintcalc/bigintcalc.sty))
(/usr/share/texlive/texmf-dist/tex/latex/base/atbegshi-ltx.sty))
(/usr/share/texlive/texmf-dist/tex/latex/hyperref/hpdftex.def
(/usr/share/texlive/texmf-dist/tex/latex/base/atveryend-ltx.sty)
(/usr/share/texlive/texmf-dist/tex/latex/rerunfilecheck/rerunfilecheck.sty
(/usr/share/texlive/texmf-dist/tex/generic/uniquecounter/uniquecounter.sty))))
(/usr/share/texlive/texmf-dist/tex/latex/psnfss/t1pcr.fd)
(/usr/share/texlive/texmf-dist/tex/latex/hyperref/backref.sty)
(/usr/share/texlive/texmf-dist/tex/latex/psnfss/t1ppl.fd)
(/usr/share/texlive/texmf-dist/tex/latex/l3backend/l3backend-pdftex.def)

LaTeX Warning: Unused global option(s):
    [nameyear].

(build/complete.aux)
(/usr/share/texlive/texmf-dist/tex/context/base/mkii/supp-pdf.mkii
[Loading MPS to PDF converter (version 2006.09.02).]
) (/usr/share/texlive/texmf-dist/tex/latex/epstopdf-pkg/epstopdf-base.sty
(/usr/share/texlive/texmf-dist/tex/latex/latexconfig/epstopdf-sys.cfg))
(/usr/share/texlive/texmf-dist/tex/latex/microtype/mt-ppl.cfg)
(/usr/share/texlive/texmf-dist/tex/latex/graphics/color.sty
(/usr/share/texlive/texmf-dist/tex/latex/graphics-cfg/color.cfg)
(/usr/share/texlive/texmf-dist/tex/latex/graphics/mathcolor.ltx))
(build/complete.out) (build/complete.out)
(/usr/share/texlive/texmf-dist/tex/latex/psnfss/ot1ppl.fd)
(/usr/share/texlive/texmf-dist/tex/latex/psnfss/omlzplm.fd)
(/usr/share/texlive/texmf-dist/tex/latex/psnfss/omszplm.fd)
(/usr/share/texlive/texmf-dist/tex/latex/psnfss/omxzplm.fd)
(/usr/share/texlive/texmf-dist/tex/latex/microtype/mt-msa.cfg)
(/usr/share/texlive/texmf-dist/tex/latex/microtype/mt-msb.cfg)
(/usr/share/texlive/texmf-dist/tex/latex/microtype/mt-cmr.cfg)
(/usr/share/texlive/texmf-dist/tex/latex/psnfss/ot1zplm.fd)

Package hyperref Warning: Ignoring empty anchor on input line 10.


Underfull \vbox (badness 10000) has occurred while \output is active [1
Non-PDF special ignored!
<special> papersize=614.295pt,794.96999pt
{/var/lib/texmf/fonts/map/pdftex/updmap/pdftex.map}{/usr/share/texlive/texmf-di
st/fonts/enc/dvips/base/8r.enc}]

LaTeX Font Warning: Font shape `T1/ppl/m/uc' undefined
(Font)              using `T1/ppl/m/n' instead on input line 35.


LaTeX Font Warning: Font shape `T1/ppl/m/up' undefined
(Font)              using `T1/ppl/m/n' instead on input line 35.

[2]
Underfull \vbox (badness 10000) has occurred while \output is active [3]
Underfull \vbox (badness 10000) has occurred while \output is active [4]
Underfull \vbox (badness 10000) has occurred while \output is active [5]
Underfull \vbox (badness 3930) has occurred while \output is active [6]
[7] [8] [9] [10] [11] [12] [13]
(/usr/share/texlive/texmf-dist/tex/latex/psnfss/ufplmbb.fd) [14] [15]
Underfull \hbox (badness 10000) in paragraph at lines 257--258
[][] \T1/ppl/m/up/12 (+20) Con-di-tional ex-pec-ta-tion gives $\U/fplmbb/m/n/12
 E\OML/zplm/m/it/12 Q[]\OT1/zplm/m/n/12 (\OML/zplm/m/it/12 f[]\OT1/ppl/m/n/12 (
+20) ; \OML/zplm/m/it/12 X[]\OT1/ppl/m/n/12 (+20) , \OML/zplm/m/it/12 ^^Y[]\OT1
/zplm/m/n/12 ) = \U/fplmbb/m/n/12 E\OML/zplm/m/it/12 c[] \OT1/zplm/m/n/12 +

Underfull \hbox (badness 4108) in paragraph at lines 257--258
\OML/zplm/m/it/12 ^^L[]\U/fplmbb/m/n/12 E\OML/zplm/m/it/12 f[]\OT1/zplm/m/n/12 
(\OML/zplm/m/it/12 X[]\OT1/zplm/m/n/12 )$\T1/ppl/m/up/12 (+20) . Sum-ming tele-
scopes all con-tin-u-a-tion terms. The selected-
[16]
Underfull \vbox (badness 10000) has occurred while \output is active [17]
Underfull \hbox (badness 10000) in paragraph at lines 295--296
[]\T1/ppl/m/up/12 (+20) For both cou-pled meth-ods the fi-nal all-state ver-i-f
i-ca-tion lad-der is

Underfull \hbox (badness 1648) in paragraph at lines 295--296
\OML/zplm/m/it/12 N \OT1/zplm/m/n/12 = \OT1/ppl/m/n/12 (+20) 16, 32, 64, 128$\T
1/ppl/m/up/12 (+20) . The ac-tion ob-jec-tive has strong-convexity lower bound
(./preserved/R48/tables/attainment.tex) [18]
(./preserved/R48/tables/recertification.tex) [19]
(./preserved/R48/tables/paired_summary.tex)
Underfull \vbox (badness 3930) has occurred while \output is active [20]
(./preserved/R48/tables/precision.tex) [21]
(./preserved/R48/sections/constructive.tex [22] [23]
Underfull \vbox (badness 3333) has occurred while \output is active [24]
[25] [26] [27] (./tables/constructive45.tex) (./tables/work45.tex)
(./tables/outcome45.tex)) [28] (./preserved/R48/sections/witness.tex
Underfull \vbox (badness 10000) has occurred while \output is active [29]
[30] [31]
Underfull \vbox (badness 2951) has occurred while \output is active [32]
(./tables/witness-summary.tex) (./tables/witness-outcomes.tex))
(./preserved/R48/sections/feasible-witness.tex
Underfull \vbox (badness 7796) has occurred while \output is active [33]
Underfull \vbox (badness 10000) has occurred while \output is active [34]
[35]

Package hyperref Warning: Difference (3) between bookmark levels is greater 
(hyperref)                than one, level fixed on input line 49.

) [36] (./preserved/R48/sections/acquisition47.tex [37] [38] [39])
(./preserved/R48/sections/compiler48.tex [40] [41] [42] [43])
(./preserved/R48/sections/constrained47.tex [44] [45]
Underfull \vbox (badness 1122) has occurred while \output is active [46]
[47] (./tables/constrained47.tex) [48] (./tables/acquisition47.tex))
(./preserved/R48/sections/direct47.tex [49]
Underfull \vbox (badness 1253) has occurred while \output is active [50]
(./tables/direct47.tex) [51] (./tables/frontier47.tex) [52]
(./tables/discussion47.tex)) (./preserved/R48/sections/economic48.tex
Underfull \vbox (badness 10000) has occurred while \output is active [53]
[54] [55] [56]) (./preserved/R48/sections/study48.tex
Underfull \vbox (badness 5832) has occurred while \output is active [57]
(./tables/core48.tex) (./tables/attainment48.tex)
(./tables/interpretation48.tex)
Underfull \vbox (badness 10000) has occurred while \output is active [58]
[59] (./tables/compiler48.tex) (./tables/dimension48.tex) [60]
(./tables/direct-summary48.tex) [61] (./tables/sensors48.tex) [62])
Underfull \vbox (badness 1590) has occurred while \output is active [63]
[64]
Underfull \vbox (badness 3930) has occurred while \output is active [65]
[66]
Underfull \vbox (badness 3977) has occurred while \output is active [67]

LaTeX Font Warning: Font shape `T1/ppl/m/scit' undefined
(Font)              using `T1/ppl/m/sc' instead on input line 379.


Package hyperref Warning: Difference (3) between bookmark levels is greater 
(hyperref)                than one, level fixed on input line 379.


Underfull \vbox (badness 1178) has occurred while \output is active [68]
(./sections/core49.tex [69]

LaTeX Font Warning: Font shape `T1/ppl/m/scit' undefined
(Font)              using `T1/ppl/m/sc' instead on input line 13.

[70] [71] [72]

LaTeX Font Warning: Font shape `T1/ppl/m/scit' undefined
(Font)              using `T1/ppl/m/sc' instead on input line 91.

[73]

LaTeX Font Warning: Font shape `T1/ppl/m/scit' undefined
(Font)              using `T1/ppl/m/sc' instead on input line 113.

[74]) (./sections/improvement50.tex [75] [76]

LaTeX Font Warning: Font shape `T1/ppl/m/scit' undefined
(Font)              using `T1/ppl/m/sc' instead on input line 52.

[77]) (./sections/finite_sweeps51.tex [78]
Underfull \hbox (badness 4341) in paragraph at lines 33--38
\T1/ppl/m/up/12 (+20) For its cen-tered com-par-i-son with the ex-act in-cum-be
nt, de-fine $\OML/zplm/m/it/12 d[]\OT1/zplm/m/n/12 (\OML/zplm/m/it/12 x\OT1/zpl
m/m/n/12 ) =

Underfull \hbox (badness 3189) in paragraph at lines 33--38
\OML/zplm/m/it/12 Q[]\OT1/zplm/m/n/12 (\OML/zplm/m/it/12 h[]\OT1/ppl/m/n/12 (+2
0) ; \OML/zplm/m/it/12 x\OT1/ppl/m/n/12 (+20) , \OML/zplm/m/it/12 v[]\OT1/zplm/
m/n/12 (\OML/zplm/m/it/12 x\OT1/zplm/m/n/12 )) \OMS/zplm/m/n/12 ^^@ \OML/zplm/m
/it/12 Q[]\OT1/zplm/m/n/12 (\OML/zplm/m/it/12 h[]\OT1/ppl/m/n/12 (+20) ; \OML/z
plm/m/it/12 x\OT1/ppl/m/n/12 (+20) , \OML/zplm/m/it/12 ^^Y[]\OT1/zplm/m/n/12 (\
OML/zplm/m/it/12 x\OT1/zplm/m/n/12 ))$\T1/ppl/m/up/12 (+20) . A quan-ti-ta-tive
 up-per en-clo-sure sat-is-
[79] [80]) (./sections/action_contrast52.tex [81] [82]

LaTeX Font Warning: Font shape `T1/ppl/m/scit' undefined
(Font)              using `T1/ppl/m/sc' instead on input line 43.


Underfull \vbox (badness 1895) has occurred while \output is active [83])
(./sections/directed54.tex [84]

LaTeX Font Warning: Font shape `T1/ppl/m/scit' undefined
(Font)              using `T1/ppl/m/sc' instead on input line 4.

[85] [86]

LaTeX Font Warning: Font shape `T1/ppl/m/scit' undefined
(Font)              using `T1/ppl/m/sc' instead on input line 51.

[87]

LaTeX Font Warning: Font shape `T1/ppl/m/scit' undefined
(Font)              using `T1/ppl/m/sc' instead on input line 79.

[88]
Underfull \vbox (badness 2932) has occurred while \output is active [89]

LaTeX Font Warning: Font shape `T1/ppl/m/scit' undefined
(Font)              using `T1/ppl/m/sc' instead on input line 115.

) (./sections/resources49.tex [90]

LaTeX Font Warning: Font shape `T1/ppl/m/scit' undefined
(Font)              using `T1/ppl/m/sc' instead on input line 4.

[91] [92]

LaTeX Font Warning: Font shape `T1/ppl/m/scit' undefined
(Font)              using `T1/ppl/m/sc' instead on input line 37.

[93]

LaTeX Font Warning: Font shape `T1/ppl/m/scit' undefined
(Font)              using `T1/ppl/m/sc' instead on input line 62.

) (./sections/decisions49.tex
Underfull \vbox (badness 2932) has occurred while \output is active [94]

LaTeX Font Warning: Font shape `T1/ppl/m/scit' undefined
(Font)              using `T1/ppl/m/sc' instead on input line 4.

[95]

LaTeX Font Warning: Font shape `T1/ppl/m/scit' undefined
(Font)              using `T1/ppl/m/sc' instead on input line 29.

[96]

LaTeX Font Warning: Font shape `T1/ppl/m/scit' undefined
(Font)              using `T1/ppl/m/sc' instead on input line 45.

[97]) (./sections/frontier50.tex [98] [99]

LaTeX Font Warning: Font shape `T1/ppl/m/scit' undefined
(Font)              using `T1/ppl/m/sc' instead on input line 26.

) (./sections/study49.tex [100]

LaTeX Font Warning: Font shape `T1/ppl/m/scit' undefined
(Font)              using `T1/ppl/m/sc' instead on input line 2.

[101]

LaTeX Font Warning: Font shape `T1/ppl/m/scit' undefined
(Font)              using `T1/ppl/m/sc' instead on input line 27.

[102] (./tables/attainment49.tex) (./tables/frontier49.tex [103] [104])
(./tables/dimension49.tex) (./results-discussion49.tex
Underfull \vbox (badness 3312) has occurred while \output is active [105])

LaTeX Font Warning: Font shape `T1/ppl/m/scit' undefined
(Font)              using `T1/ppl/m/sc' instead on input line 43.

[106] (./tables/direct49.tex) [107]

LaTeX Font Warning: Font shape `T1/ppl/m/scit' undefined
(Font)              using `T1/ppl/m/sc' instead on input line 51.

(./tables/sensor49.tex) [108]

LaTeX Font Warning: Font shape `T1/ppl/m/scit' undefined
(Font)              using `T1/ppl/m/sc' instead on input line 57.

) (./sections/study51.tex
Underfull \vbox (badness 10000) has occurred while \output is active [109]

LaTeX Font Warning: Font shape `T1/ppl/m/scit' undefined
(Font)              using `T1/ppl/m/sc' instead on input line 4.


Underfull \vbox (badness 10000) has occurred while \output is active [110]
(./tables/services50.tex [111]) (./tables/primary-discussion50.tex)

LaTeX Font Warning: Font shape `T1/ppl/m/scit' undefined
(Font)              using `T1/ppl/m/sc' instead on input line 16.

(./tables/common50.tex [112])

LaTeX Font Warning: Font shape `T1/ppl/m/scit' undefined
(Font)              using `T1/ppl/m/sc' instead on input line 22.

[113] (./tables/policy50.tex [114]) (./tables/policy-discussion50.tex)
Underfull \vbox (badness 10000) has occurred while \output is active [115]

LaTeX Font Warning: Font shape `T1/ppl/m/scit' undefined
(Font)              using `T1/ppl/m/sc' instead on input line 36.

(./tables/joint50.tex [116]) [117]

LaTeX Font Warning: Font shape `T1/ppl/m/scit' undefined
(Font)              using `T1/ppl/m/sc' instead on input line 44.

) (./sections/study52.tex [118] (./tables/robustness52.tex)
Underfull \vbox (badness 1062) has occurred while \output is active [119])
(./sections/study54.tex

LaTeX Font Warning: Font shape `T1/ppl/m/scit' undefined
(Font)              using `T1/ppl/m/sc' instead on input line 4.

[120] (./tables/primary-cost54.tex) (./tables/cross-method54.tex)
Underfull \vbox (badness 10000) has occurred while \output is active [121]
[122]

LaTeX Font Warning: Font shape `T1/ppl/m/scit' undefined
(Font)              using `T1/ppl/m/sc' instead on input line 18.

(./tables/sweeps54.tex)
Underfull \vbox (badness 10000) has occurred while \output is active [123]

LaTeX Font Warning: Font shape `T1/ppl/m/scit' undefined
(Font)              using `T1/ppl/m/sc' instead on input line 27.

(./tables/adaptive54.tex)

LaTeX Font Warning: Font shape `T1/ppl/m/scit' undefined
(Font)              using `T1/ppl/m/sc' instead on input line 34.


Underfull \vbox (badness 10000) has occurred while \output is active [124]
(./tables/catalogue54.tex) [125]

LaTeX Font Warning: Font shape `T1/ppl/m/scit' undefined
(Font)              using `T1/ppl/m/sc' instead on input line 43.

(./tables/misspecification54.tex [126])) [127]
Underfull \vbox (badness 3930) has occurred while \output is active [128]
(./sections/primitives56.tex [129]) (./sections/learned56.tex
Underfull \vbox (badness 2521) has occurred while \output is active [130]
[131]

LaTeX Font Warning: Font shape `T1/ppl/m/scit' undefined
(Font)              using `T1/ppl/m/sc' instead on input line 41.


Underfull \vbox (badness 10000) has occurred while \output is active [132]
Underfull \vbox (badness 1783) has occurred while \output is active [133])
(./sections/certificates56.tex
Underfull \vbox (badness 2351) has occurred while \output is active [134]
[135]

LaTeX Font Warning: Font shape `T1/ppl/m/scit' undefined
(Font)              using `T1/ppl/m/sc' instead on input line 42.

(/usr/share/texlive/texmf-dist/tex/latex/microtype/mt-euf.cfg) [136]

LaTeX Font Warning: Font shape `T1/ppl/m/scit' undefined
(Font)              using `T1/ppl/m/sc' instead on input line 70.

[137] [138]

LaTeX Font Warning: Font shape `T1/ppl/m/scit' undefined
(Font)              using `T1/ppl/m/sc' instead on input line 123.


Underfull \vbox (badness 2042) has occurred while \output is active [139])
(./sections/prospective56.tex

LaTeX Font Warning: Font shape `T1/ppl/m/scit' undefined
(Font)              using `T1/ppl/m/sc' instead on input line 4.

[140]
Underfull \vbox (badness 1158) has occurred while \output is active [141]

LaTeX Font Warning: Font shape `T1/ppl/m/scit' undefined
(Font)              using `T1/ppl/m/sc' instead on input line 35.

[142] [143]) (./sections/study56.tex

LaTeX Font Warning: Font shape `T1/ppl/m/scit' undefined
(Font)              using `T1/ppl/m/sc' instead on input line 2.


Underfull \vbox (badness 10000) has occurred while \output is active [144]

LaTeX Font Warning: Font shape `T1/ppl/m/scit' undefined
(Font)              using `T1/ppl/m/sc' instead on input line 9.

(./tables/stopping56.tex) (./tables/economic56.tex) (./tables/mechanism56.tex
Underfull \vbox (badness 3930) has occurred while \output is active [145])
[146]

LaTeX Font Warning: Font shape `T1/ppl/m/scit' undefined
(Font)              using `T1/ppl/m/sc' instead on input line 23.

(./tables/timing56.tex) [147]
Underfull \vbox (badness 10000) has occurred while \output is active [148]

LaTeX Font Warning: Font shape `T1/ppl/m/scit' undefined
(Font)              using `T1/ppl/m/sc' instead on input line 33.

(./tables/algebraic56.tex) (./tables/learned-null56.tex) [149]

LaTeX Font Warning: Font shape `T1/ppl/m/scit' undefined
(Font)              using `T1/ppl/m/sc' instead on input line 42.

) (build/complete.bbl (build/complete.brf [150]) [151]
Underfull \hbox (badness 1460) in paragraph at lines 99--99
[]\T1/ppl/m/sc/9.6 (+20) Scherrer, Bruno, Mo-ham-mad Ghavamzadeh, Vic-tor Gabil
-lon, Boris Lesner, and
) [152] (build/complete.aux)

LaTeX Font Warning: Some font shapes were not available, defaults substituted.


LaTeX Warning: Label(s) may have changed. Rerun to get cross-references right.


Package rerunfilecheck Warning: File `complete.brf' has changed.
(rerunfilecheck)                Rerun to get bibliographical references right.

 )
(see the transcript file for additional information)</usr/share/texlive/texmf-d
ist/fonts/type1/public/amsfonts/cm/cmex10.pfb></usr/share/texlive/texmf-dist/fo
nts/type1/public/amsfonts/cm/cmmi10.pfb></usr/share/texlive/texmf-dist/fonts/ty
pe1/public/amsfonts/cm/cmr10.pfb></usr/share/texlive/texmf-dist/fonts/type1/pub
lic/amsfonts/cm/cmss12.pfb></usr/share/texlive/texmf-dist/fonts/type1/public/am
sfonts/cm/cmsy10.pfb></usr/share/texlive/texmf-dist/fonts/type1/public/amsfonts
/euler/eufm10.pfb></usr/share/texlive/texmf-dist/fonts/type1/public/mathpazo/fp
lmbb.pfb></usr/share/texlive/texmf-dist/fonts/type1/public/mathpazo/fplmr.pfb><
/usr/share/texlive/texmf-dist/fonts/type1/public/mathpazo/fplmri.pfb></usr/shar
e/texlive/texmf-dist/fonts/type1/urw/courier/ucrr8a.pfb></usr/share/texlive/tex
mf-dist/fonts/type1/urw/palatino/uplb8a.pfb></usr/share/texlive/texmf-dist/font
s/type1/urw/palatino/uplr8a.pfb></usr/share/texlive/texmf-dist/fonts/type1/urw/
palatino/uplri8a.pfb>
Output written on build/complete.pdf (152 pages, 630543 bytes).
Transcript written on build/complete.log.
