This is pdfTeX, Version 3.141592653-2.6-1.40.25 (TeX Live 2023/Debian) (preloaded format=pdflatex)
 restricted \write18 enabled.
entering extended mode
(./ECTA.tex
LaTeX2e <2023-11-01> patch level 1
L3 programming layer <2024-01-22>
(./econsocart.cls
Document Class: econsocart 2022/11/21 v1.4.1, The Econometric Society Journals
(/usr/share/texlive/texmf-dist/tex/latex/etoolbox/etoolbox.sty)
(./econsocart.cfg) (/usr/share/texlive/texmf-dist/tex/latex/base/fix-cm.sty
(/usr/share/texlive/texmf-dist/tex/latex/base/ts1enc.def))
(/usr/share/texlive/texmf-dist/tex/latex/graphics/graphicx.sty
(/usr/share/texlive/texmf-dist/tex/latex/graphics/keyval.sty)
(/usr/share/texlive/texmf-dist/tex/latex/graphics/graphics.sty
(/usr/share/texlive/texmf-dist/tex/latex/graphics/trig.sty)
(/usr/share/texlive/texmf-dist/tex/latex/graphics-cfg/graphics.cfg)
(/usr/share/texlive/texmf-dist/tex/latex/graphics-def/pdftex.def)))
(/usr/share/texlive/texmf-dist/tex/latex/base/fontenc.sty)
(/usr/share/texlive/texmf-dist/tex/latex/psnfss/times.sty)
(/usr/share/texlive/texmf-dist/tex/latex/textcase/textcase.sty)
(/usr/share/texlive/texmf-dist/tex/latex/psnfss/helvet.sty)
(/usr/share/texlive/texmf-dist/tex/latex/base/textcomp.sty)
(/usr/share/texlive/texmf-dist/tex/latex/psnfss/t1ptm.fd)
(/usr/share/texlive/texmf-dist/tex/latex/amsfonts/amssymb.sty
(/usr/share/texlive/texmf-dist/tex/latex/amsfonts/amsfonts.sty))
(/usr/share/texlive/texmf-dist/tex/latex/tools/bm.sty)
(/usr/share/texlive/texmf-dist/tex/latex/url/url.sty)
(/usr/share/texlive/texmf-dist/tex/latex/amsmath/amsmath.sty
For additional information on amsmath, use the `?' option.
(/usr/share/texlive/texmf-dist/tex/latex/amsmath/amstext.sty
(/usr/share/texlive/texmf-dist/tex/latex/amsmath/amsgen.sty))
(/usr/share/texlive/texmf-dist/tex/latex/amsmath/amsbsy.sty)
(/usr/share/texlive/texmf-dist/tex/latex/amsmath/amsopn.sty))
(/usr/share/texlive/texmf-dist/tex/latex/amscls/amsthm.sty)
(/usr/share/texlive/texmf-dist/tex/latex/natbib/natbib.sty)) (./preamble.tex
(/usr/share/texlive/texmf-dist/tex/latex/booktabs/booktabs.sty)
(/usr/share/texlive/texmf-dist/tex/latex/tools/array.sty)
(/usr/share/texlive/texmf-dist/tex/latex/tools/longtable.sty)
(/usr/share/texlive/texmf-dist/tex/latex/base/fontenc.sty)
(/usr/share/texlive/texmf-dist/tex/latex/psnfss/mathpazo.sty)
(/usr/share/texlive/texmf-dist/tex/latex/microtype/microtype.sty
(/usr/share/texlive/texmf-dist/tex/latex/microtype/microtype-pdftex.def)
(/usr/share/texlive/texmf-dist/tex/latex/microtype/microtype.cfg))
(/usr/share/texlive/texmf-dist/tex/latex/needspace/needspace.sty)
(/usr/share/texlive/texmf-dist/tex/latex/xurl/xurl.sty)
(/usr/share/texlive/texmf-dist/tex/latex/hyperref/hyperref.sty
(/usr/share/texlive/texmf-dist/tex/generic/iftex/iftex.sty)
(/usr/share/texlive/texmf-dist/tex/latex/kvsetkeys/kvsetkeys.sty)
(/usr/share/texlive/texmf-dist/tex/generic/kvdefinekeys/kvdefinekeys.sty)
(/usr/share/texlive/texmf-dist/tex/generic/pdfescape/pdfescape.sty
(/usr/share/texlive/texmf-dist/tex/generic/ltxcmds/ltxcmds.sty)
(/usr/share/texlive/texmf-dist/tex/generic/pdftexcmds/pdftexcmds.sty
(/usr/share/texlive/texmf-dist/tex/generic/infwarerr/infwarerr.sty)))
(/usr/share/texlive/texmf-dist/tex/latex/hycolor/hycolor.sty)
(/usr/share/texlive/texmf-dist/tex/latex/auxhook/auxhook.sty)
(/usr/share/texlive/texmf-dist/tex/latex/hyperref/nameref.sty
(/usr/share/texlive/texmf-dist/tex/latex/refcount/refcount.sty)
(/usr/share/texlive/texmf-dist/tex/generic/gettitlestring/gettitlestring.sty
(/usr/share/texlive/texmf-dist/tex/latex/kvoptions/kvoptions.sty)))
(/usr/share/texlive/texmf-dist/tex/latex/hyperref/pd1enc.def)
(/usr/share/texlive/texmf-dist/tex/generic/intcalc/intcalc.sty)
(/usr/share/texlive/texmf-dist/tex/latex/hyperref/puenc.def)
(/usr/share/texlive/texmf-dist/tex/generic/bitset/bitset.sty
(/usr/share/texlive/texmf-dist/tex/generic/bigintcalc/bigintcalc.sty))
(/usr/share/texlive/texmf-dist/tex/latex/base/atbegshi-ltx.sty))
(/usr/share/texlive/texmf-dist/tex/latex/hyperref/hpdftex.def
(/usr/share/texlive/texmf-dist/tex/latex/base/atveryend-ltx.sty)
(/usr/share/texlive/texmf-dist/tex/latex/rerunfilecheck/rerunfilecheck.sty
(/usr/share/texlive/texmf-dist/tex/generic/uniquecounter/uniquecounter.sty))))
(/usr/share/texlive/texmf-dist/tex/latex/psnfss/t1pcr.fd)
(/usr/share/texlive/texmf-dist/tex/latex/hyperref/backref.sty)
(/usr/share/texlive/texmf-dist/tex/latex/psnfss/t1ppl.fd)
(/usr/share/texlive/texmf-dist/tex/latex/l3backend/l3backend-pdftex.def)

LaTeX Warning: Unused global option(s):
    [nameyear].

(build/ECTA.aux)
(/usr/share/texlive/texmf-dist/tex/context/base/mkii/supp-pdf.mkii
[Loading MPS to PDF converter (version 2006.09.02).]
) (/usr/share/texlive/texmf-dist/tex/latex/epstopdf-pkg/epstopdf-base.sty
(/usr/share/texlive/texmf-dist/tex/latex/latexconfig/epstopdf-sys.cfg))
(/usr/share/texlive/texmf-dist/tex/latex/microtype/mt-ppl.cfg)
(/usr/share/texlive/texmf-dist/tex/latex/graphics/color.sty
(/usr/share/texlive/texmf-dist/tex/latex/graphics-cfg/color.cfg)
(/usr/share/texlive/texmf-dist/tex/latex/graphics/mathcolor.ltx))
(build/ECTA.out) (build/ECTA.out)
(/usr/share/texlive/texmf-dist/tex/latex/psnfss/ot1ppl.fd)
(/usr/share/texlive/texmf-dist/tex/latex/psnfss/omlzplm.fd)
(/usr/share/texlive/texmf-dist/tex/latex/psnfss/omszplm.fd)
(/usr/share/texlive/texmf-dist/tex/latex/psnfss/omxzplm.fd)
(/usr/share/texlive/texmf-dist/tex/latex/microtype/mt-msa.cfg)
(/usr/share/texlive/texmf-dist/tex/latex/microtype/mt-msb.cfg)
(/usr/share/texlive/texmf-dist/tex/latex/microtype/mt-cmr.cfg)
(/usr/share/texlive/texmf-dist/tex/latex/psnfss/ot1zplm.fd)

Package hyperref Warning: Ignoring empty anchor on input line 10.

(./sections/intro57.tex [1
Non-PDF special ignored!
<special> papersize=614.295pt,794.96999pt
{/var/lib/texmf/fonts/map/pdftex/updmap/pdftex.map}{/usr/share/texlive/texmf-di
st/fonts/enc/dvips/base/8r.enc}]
Underfull \vbox (badness 10000) has occurred while \output is active

LaTeX Font Warning: Font shape `T1/ppl/m/uc' undefined
(Font)              using `T1/ppl/m/n' instead on input line 11.


LaTeX Font Warning: Font shape `T1/ppl/m/up' undefined
(Font)              using `T1/ppl/m/n' instead on input line 11.

[2]

LaTeX Warning: Reference `sec:study57' on page 3 undefined on input line 14.


LaTeX Warning: Reference `thm:transfer57' on page 3 undefined on input line 14.



LaTeX Warning: Reference `prop:moduli57' on page 3 undefined on input line 14.


Package hyperref Warning: Difference (3) between bookmark levels is greater 
(hyperref)                than one, level fixed on input line 17.


Underfull \vbox (badness 1178) has occurred while \output is active [3])
(./sections/core49.tex
(/usr/share/texlive/texmf-dist/tex/latex/psnfss/ufplmbb.fd) [4] [5] [6]
[7] [8]) (./sections/resources56.tex [9] [10] [11] [12])
(./sections/primitives56.tex
Underfull \vbox (badness 10000) has occurred while \output is active [13])
(./sections/learned57.tex [14] [15]
Underfull \vbox (badness 10000) has occurred while \output is active [16]
[17]

LaTeX Warning: Reference `sec:study57' on page 18 undefined on input line 61.

) (./sections/certificates56.tex
Underfull \vbox (badness 5832) has occurred while \output is active [18]
[19] (/usr/share/texlive/texmf-dist/tex/latex/microtype/mt-euf.cfg) [20]
Underfull \vbox (badness 3343) has occurred while \output is active [21]
[22] [23]) (./sections/action_transfer57.tex [24] [25]

LaTeX Warning: Reference `eq:optimization-loss57' on page 26 undefined on input
 line 32.


LaTeX Warning: Reference `eq:robust-cover57' on page 26 undefined on input line
 32.


LaTeX Warning: Reference `eq:optimization-loss57' on page 26 undefined on input
 line 46.


LaTeX Warning: Reference `eq:evaluation-contrast57' on page 26 undefined on inp
ut line 46.


LaTeX Warning: Reference `eq:robust-cover57' on page 26 undefined on input line
 51.


LaTeX Warning: Reference `eq:transfer-safety57' on page 26 undefined on input l
ine 57.

[26]

LaTeX Warning: Reference `eq:spatial-contrast57' on page 27 undefined on input 
line 62.


LaTeX Warning: Reference `eq:evaluation-contrast57' on page 27 undefined on inp
ut line 62.


LaTeX Warning: Reference `eq:lattice-cover57' on page 27 undefined on input lin
e 79.


LaTeX Warning: Reference `eq:primitive-action-lipschitz57' on page 27 undefined
 on input line 79.

[27] [28]) (./sections/moduli57.tex [29]

LaTeX Warning: Reference `eq:spatial-contrast57' on page 30 undefined on input 
line 23.


LaTeX Warning: Reference `eq:neural-eta57' on page 30 undefined on input line 3
5.

[30]

LaTeX Warning: Reference `eq:neural-chi57' on page 31 undefined on input line 3
7.

) (./sections/decisions49.tex [31] [32] [33] [34])
(./sections/prospective56.tex
Underfull \vbox (badness 10000) has occurred while \output is active [35]
[36] [37] [38]) (./sections/study56.tex [39] (./tables/stopping56.tex)
(./tables/economic56.tex)
Underfull \vbox (badness 10000) has occurred while \output is active [40]
[41] (./tables/mechanism56.tex) (./tables/timing56.tex) [42] [43]
(./tables/algebraic56.tex) (./tables/learned-null56.tex) [44])
(./sections/study57.tex
Underfull \vbox (badness 5652) has occurred while \output is active [45]

LaTeX Warning: Reference `cor:nested57' on page 46 undefined on input line 7.

[46]
Underfull \vbox (badness 3930) has occurred while \output is active [47]
(./tables/outcomes57.tex) (./tables/target20-57.tex)

LaTeX Warning: Reference `tab:attribution57' on page 48 undefined on input line
 30.

(./tables/attribution57.tex [48]) (./tables/paired-summary57.tex)

LaTeX Warning: Reference `tab:paired-summary57' on page 49 undefined on input l
ine 35.

[49] [50]
Underfull \vbox (badness 1418) has occurred while \output is active [51]

LaTeX Warning: Reference `eq:incremental-adoption57' on page 52 undefined on in
put line 46.

)
Underfull \vbox (badness 10000) has occurred while \output is active [52]
(build/ECTA.bbl (build/ECTA.brf) [53]
Underfull \hbox (badness 1460) in paragraph at lines 64--64
[]\T1/ppl/m/sc/9.6 (+20) Scherrer, Bruno, Mo-ham-mad Ghavamzadeh, Vic-tor Gabil
-lon, Boris Lesner, and
) [54] (build/ECTA.aux)

LaTeX Font Warning: Some font shapes were not available, defaults substituted.


LaTeX Warning: There were undefined references.


LaTeX Warning: Label(s) may have changed. Rerun to get cross-references right.


Package rerunfilecheck Warning: File `ECTA.out' has changed.
(rerunfilecheck)                Rerun to get outlines right
(rerunfilecheck)                or use package `bookmark'.


Package rerunfilecheck Warning: File `ECTA.brf' has changed.
(rerunfilecheck)                Rerun to get bibliographical references right.

 )
(see the transcript file for additional information)
pdfTeX warning (dest): name{equation.0.9.35} has been referenced but does not e
xist, replaced by a fixed one


pdfTeX warning (dest): name{equation.0.9.36} has been referenced but does not e
xist, replaced by a fixed one


pdfTeX warning (dest): name{equation.0.9.34} has been referenced but does not e
xist, replaced by a fixed one


pdfTeX warning (dest): name{subsection.0.10.5} has been referenced but does not
 exist, replaced by a fixed one


pdfTeX warning (dest): name{subsection.0.10.4} has been referenced but does not
 exist, replaced by a fixed one


pdfTeX warning (dest): name{subsection.0.10.3} has been referenced but does not
 exist, replaced by a fixed one

</usr/share/texlive/texmf-dist/fonts/type1/public/amsfonts/cm/cmex10.pfb></usr/
share/texlive/texmf-dist/fonts/type1/public/amsfonts/cm/cmmi10.pfb></usr/share/
texlive/texmf-dist/fonts/type1/public/amsfonts/cm/cmr10.pfb></usr/share/texlive
/texmf-dist/fonts/type1/public/amsfonts/cm/cmsy10.pfb></usr/share/texlive/texmf
-dist/fonts/type1/public/amsfonts/euler/eufm10.pfb></usr/share/texlive/texmf-di
st/fonts/type1/public/mathpazo/fplmbb.pfb></usr/share/texlive/texmf-dist/fonts/
type1/public/mathpazo/fplmr.pfb></usr/share/texlive/texmf-dist/fonts/type1/publ
ic/mathpazo/fplmri.pfb></usr/share/texlive/texmf-dist/fonts/type1/urw/courier/u
crr8a.pfb></usr/share/texlive/texmf-dist/fonts/type1/urw/palatino/uplb8a.pfb></
usr/share/texlive/texmf-dist/fonts/type1/urw/palatino/uplr8a.pfb></usr/share/te
xlive/texmf-dist/fonts/type1/urw/palatino/uplri8a.pfb>
Output written on build/ECTA.pdf (54 pages, 305020 bytes).
Transcript written on build/ECTA.log.
