{
  "status": "passed",
  "checked_full_sweep_cell_decisions": 38912,
  "primary_strict_changes": 2601,
  "primary_nonterminal_strict_changes": 744,
  "misspecification": {
    "cases": 384,
    "cells_per_case": 1024,
    "checked_cell_cases": 393216,
    "safe_changed_cell_cases": 170374,
    "false_null_certified_harmful_cell_cases": 116185,
    "blocked_candidate_cases": 3133888,
    "exact_null_cases": 6,
    "nonzero_bound_cases": 378,
    "maximum_contrast_bound": 315.0000000000001,
    "service_seconds": 59.62174021999999,
    "statistical_observations": 0,
    "scope": "controlled known perturbations; not learned-null discovery or unknown-kernel inference"
  },
  "replay_seconds": 4.069801881999979
}
