test_exponential_integral (__main__.Checks.test_exponential_integral) ... ok
test_greedy_feasibility (__main__.Checks.test_greedy_feasibility) ... ok
test_interval_transcendentals (__main__.Checks.test_interval_transcendentals) ... ok
test_invalid_tube (__main__.Checks.test_invalid_tube) ... ok
test_inward_deployment_guard (__main__.Checks.test_inward_deployment_guard) ... ok
test_local_curvature (__main__.Checks.test_local_curvature) ... ok
test_log_curvature (__main__.Checks.test_log_curvature) ... ok
test_matrix_binding (__main__.Checks.test_matrix_binding) ... ok
test_monotonic_allowances (__main__.Checks.test_monotonic_allowances) ... ok
test_no_actor_gradient_from_evaluation (__main__.Checks.test_no_actor_gradient_from_evaluation) ... ok
test_no_critic_gradient_from_improvement (__main__.Checks.test_no_critic_gradient_from_improvement) ... ok
test_original_model_identity (__main__.Checks.test_original_model_identity) ... ok
test_paired_aggregation_metadata (__main__.Checks.test_paired_aggregation_metadata) ... ok
test_printed_upper_endpoints (__main__.Checks.test_printed_upper_endpoints) ... ok
test_schedule_optimality (__main__.Checks.test_schedule_optimality) ... ok
test_sqrt (__main__.Checks.test_sqrt) ... ok
test_tube_and_terminal (__main__.Checks.test_tube_and_terminal) ... /home/runner/work/NBO/NBO/revisions/2026-10-04-r10/code/test_r10.py:55: UserWarning: Converting a tensor with requires_grad=True to a scalar may lead to unexpected behavior.
Consider using tensor.detach() first. (Triggered internally at /pytorch/torch/csrc/autograd/generated/python_variable_methods.cpp:836.)
  self.assertLessEqual(float((a(x)-n.schedule(x[:,:1])).abs().max()),.10000000000001)
ok
test_verified_spectrum (__main__.Checks.test_verified_spectrum) ... ok

----------------------------------------------------------------------
Ran 18 tests in 1.057s

OK
