[
  {
    "dimension": 10,
    "epsilon": 0.1,
    "initial_std_upper": 0.0,
    "panels": 16384,
    "beta_upper": 0.24029143450903492,
    "anchor_regret": [
      0.018615856795198133,
      0.018746750600298012
    ],
    "tube_loss_allowance": [
      0.038601956441915164,
      0.038682464543910396
    ],
    "regret_upper": 0.057429215144208415,
    "certificate_seconds": 0.11621417599999972,
    "primitive_action_box": [
      0.02,
      2.0
    ],
    "scope": "original continuous-time capital economy; all initial means and cross-sectional standard deviation <= stated bound; all adapted competitors in original action box",
    "network_condition": "each deployed action differs from common schedule by at most epsilon at every time and state",
    "matrix_sha256": "4e12db288a7dd1c54839b4c8771285159e0665ec39b049f04b7b88befcb40743",
    "spectral_lambda": 2.5662210443737687,
    "arithmetic": "conditional outward binary64, polynomial exp/log, checked square roots and positive interval LDL pivots",
    "not_implied": [
      "Adam convergence",
      "actor advantage over the feasible anchor",
      "certificate for the preference economy",
      "machine formal verification"
    ]
  },
  {
    "dimension": 10,
    "epsilon": 0.1,
    "initial_std_upper": 0.25,
    "panels": 16384,
    "beta_upper": 0.24029143450903492,
    "anchor_regret": [
      0.02137535600959017,
      0.02151885437528809
    ],
    "tube_loss_allowance": [
      0.040231024597938696,
      0.040311556592389684
    ],
    "regret_upper": 0.06183041096767778,
    "certificate_seconds": 0.11634918300001118,
    "primitive_action_box": [
      0.02,
      2.0
    ],
    "scope": "original continuous-time capital economy; all initial means and cross-sectional standard deviation <= stated bound; all adapted competitors in original action box",
    "network_condition": "each deployed action differs from common schedule by at most epsilon at every time and state",
    "matrix_sha256": "4e12db288a7dd1c54839b4c8771285159e0665ec39b049f04b7b88befcb40743",
    "spectral_lambda": 2.5662210443737687,
    "arithmetic": "conditional outward binary64, polynomial exp/log, checked square roots and positive interval LDL pivots",
    "not_implied": [
      "Adam convergence",
      "actor advantage over the feasible anchor",
      "certificate for the preference economy",
      "machine formal verification"
    ]
  },
  {
    "dimension": 10,
    "epsilon": 0.1,
    "initial_std_upper": 0.5,
    "panels": 16384,
    "beta_upper": 0.24029143450903492,
    "anchor_regret": [
      0.02438480638540782,
      0.02454096944266545
    ],
    "tube_loss_allowance": [
      0.041860092753962234,
      0.041940648640868966
    ],
    "regret_upper": 0.06648161808353444,
    "certificate_seconds": 0.1166478359999985,
    "primitive_action_box": [
      0.02,
      2.0
    ],
    "scope": "original continuous-time capital economy; all initial means and cross-sectional standard deviation <= stated bound; all adapted competitors in original action box",
    "network_condition": "each deployed action differs from common schedule by at most epsilon at every time and state",
    "matrix_sha256": "4e12db288a7dd1c54839b4c8771285159e0665ec39b049f04b7b88befcb40743",
    "spectral_lambda": 2.5662210443737687,
    "arithmetic": "conditional outward binary64, polynomial exp/log, checked square roots and positive interval LDL pivots",
    "not_implied": [
      "Adam convergence",
      "actor advantage over the feasible anchor",
      "certificate for the preference economy",
      "machine formal verification"
    ]
  },
  {
    "dimension": 20,
    "epsilon": 0.1,
    "initial_std_upper": 0.0,
    "panels": 16384,
    "beta_upper": 0.2792498704431535,
    "anchor_regret": [
      0.02534444012393975,
      0.025525449060256705
    ],
    "tube_loss_allowance": [
      0.04162312508778277,
      0.04171829455557361
    ],
    "regret_upper": 0.06724374361583033,
    "certificate_seconds": 0.1179950329999997,
    "primitive_action_box": [
      0.02,
      2.0
    ],
    "scope": "original continuous-time capital economy; all initial means and cross-sectional standard deviation <= stated bound; all adapted competitors in original action box",
    "network_condition": "each deployed action differs from common schedule by at most epsilon at every time and state",
    "matrix_sha256": "0b933115eda69768ba68434ffa4fe1982333dff842d487fb16d49e91add6bc95",
    "spectral_lambda": 3.465799561889688,
    "arithmetic": "conditional outward binary64, polynomial exp/log, checked square roots and positive interval LDL pivots",
    "not_implied": [
      "Adam convergence",
      "actor advantage over the feasible anchor",
      "certificate for the preference economy",
      "machine formal verification"
    ]
  },
  {
    "dimension": 20,
    "epsilon": 0.1,
    "initial_std_upper": 0.25,
    "panels": 16384,
    "beta_upper": 0.2792498704431535,
    "anchor_regret": [
      0.028610595650276554,
      0.02880680648243199
    ],
    "tube_loss_allowance": [
      0.04328563523903151,
      0.043380833042985754
    ],
    "regret_upper": 0.07218763952541776,
    "certificate_seconds": 0.11793388899999968,
    "primitive_action_box": [
      0.02,
      2.0
    ],
    "scope": "original continuous-time capital economy; all initial means and cross-sectional standard deviation <= stated bound; all adapted competitors in original action box",
    "network_condition": "each deployed action differs from common schedule by at most epsilon at every time and state",
    "matrix_sha256": "0b933115eda69768ba68434ffa4fe1982333dff842d487fb16d49e91add6bc95",
    "spectral_lambda": 3.465799561889688,
    "arithmetic": "conditional outward binary64, polynomial exp/log, checked square roots and positive interval LDL pivots",
    "not_implied": [
      "Adam convergence",
      "actor advantage over the feasible anchor",
      "certificate for the preference economy",
      "machine formal verification"
    ]
  },
  {
    "dimension": 20,
    "epsilon": 0.1,
    "initial_std_upper": 0.5,
    "panels": 16384,
    "beta_upper": 0.2792498704431535,
    "anchor_regret": [
      0.03213630772354096,
      0.03234778368436533
    ],
    "tube_loss_allowance": [
      0.04494814539028026,
      0.045043371530397905
    ],
    "regret_upper": 0.07739115521476325,
    "certificate_seconds": 0.118610713999999,
    "primitive_action_box": [
      0.02,
      2.0
    ],
    "scope": "original continuous-time capital economy; all initial means and cross-sectional standard deviation <= stated bound; all adapted competitors in original action box",
    "network_condition": "each deployed action differs from common schedule by at most epsilon at every time and state",
    "matrix_sha256": "0b933115eda69768ba68434ffa4fe1982333dff842d487fb16d49e91add6bc95",
    "spectral_lambda": 3.465799561889688,
    "arithmetic": "conditional outward binary64, polynomial exp/log, checked square roots and positive interval LDL pivots",
    "not_implied": [
      "Adam convergence",
      "actor advantage over the feasible anchor",
      "certificate for the preference economy",
      "machine formal verification"
    ]
  },
  {
    "dimension": 50,
    "epsilon": 0.1,
    "initial_std_upper": 0.0,
    "panels": 16384,
    "beta_upper": 0.2895274025211659,
    "anchor_regret": [
      0.02734370508921513,
      0.02753971170410861
    ],
    "tube_loss_allowance": [
      0.04244132974729592,
      0.04254046303262332
    ],
    "regret_upper": 0.07008017473673195,
    "certificate_seconds": 0.11810321400000134,
    "primitive_action_box": [
      0.02,
      2.0
    ],
    "scope": "original continuous-time capital economy; all initial means and cross-sectional standard deviation <= stated bound; all adapted competitors in original action box",
    "network_condition": "each deployed action differs from common schedule by at most epsilon at every time and state",
    "matrix_sha256": "6ab6f5e446d7c83d52f0651fd5b6042cccd2f6f4580556b6b7179f8ed152e010",
    "spectral_lambda": 3.725605191584585,
    "arithmetic": "conditional outward binary64, polynomial exp/log, checked square roots and positive interval LDL pivots",
    "not_implied": [
      "Adam convergence",
      "actor advantage over the feasible anchor",
      "certificate for the preference economy",
      "machine formal verification"
    ]
  },
  {
    "dimension": 50,
    "epsilon": 0.1,
    "initial_std_upper": 0.25,
    "panels": 16384,
    "beta_upper": 0.2895274025211659,
    "anchor_regret": [
      0.030750839180971563,
      0.03096276457494167
    ],
    "tube_loss_allowance": [
      0.04411281113532011,
      0.044211973958241564
    ],
    "regret_upper": 0.07517473853318325,
    "certificate_seconds": 0.11658495499997912,
    "primitive_action_box": [
      0.02,
      2.0
    ],
    "scope": "original continuous-time capital economy; all initial means and cross-sectional standard deviation <= stated bound; all adapted competitors in original action box",
    "network_condition": "each deployed action differs from common schedule by at most epsilon at every time and state",
    "matrix_sha256": "6ab6f5e446d7c83d52f0651fd5b6042cccd2f6f4580556b6b7179f8ed152e010",
    "spectral_lambda": 3.725605191584585,
    "arithmetic": "conditional outward binary64, polynomial exp/log, checked square roots and positive interval LDL pivots",
    "not_implied": [
      "Adam convergence",
      "actor advantage over the feasible anchor",
      "certificate for the preference economy",
      "machine formal verification"
    ]
  },
  {
    "dimension": 50,
    "epsilon": 0.1,
    "initial_std_upper": 0.5,
    "panels": 16384,
    "beta_upper": 0.2895274025211659,
    "anchor_regret": [
      0.03442014710624602,
      0.03464805536084372
    ],
    "tube_loss_allowance": [
      0.045784292523344296,
      0.045883484883859814
    ],
    "regret_upper": 0.08053154024470355,
    "certificate_seconds": 0.11710197300001823,
    "primitive_action_box": [
      0.02,
      2.0
    ],
    "scope": "original continuous-time capital economy; all initial means and cross-sectional standard deviation <= stated bound; all adapted competitors in original action box",
    "network_condition": "each deployed action differs from common schedule by at most epsilon at every time and state",
    "matrix_sha256": "6ab6f5e446d7c83d52f0651fd5b6042cccd2f6f4580556b6b7179f8ed152e010",
    "spectral_lambda": 3.725605191584585,
    "arithmetic": "conditional outward binary64, polynomial exp/log, checked square roots and positive interval LDL pivots",
    "not_implied": [
      "Adam convergence",
      "actor advantage over the feasible anchor",
      "certificate for the preference economy",
      "machine formal verification"
    ]
  }
]
