{
  "ECTA": {
    "pdf_sha256": "2f95b6beffdd6ffc5d75e7ec4391d8c06162987262af699e350633534f57b4f1",
    "pages": 74,
    "undefined": false,
    "overfull_hbox_pt": []
  },
  "supp": {
    "pdf_sha256": "777aedc88517586c34499539162ba7206d72c2c5d9ce49dacf6217e60e642f60",
    "pages": 44,
    "undefined": false,
    "overfull_hbox_pt": []
  },
  "response": {
    "pdf_sha256": "e20303d24d61854f0ee3d5b02d6fa0ccfdec9839c348fb580dedf31bfa7c9f73",
    "pages": 6,
    "undefined": false,
    "overfull_hbox_pt": []
  }
}
