This is pdfTeX, Version 3.141592653-2.6-1.40.25 (TeX Live 2023/Debian) (preloaded format=pdflatex)
entering extended mode
(./ECTA.tex
LaTeX2e <2023-11-01> patch level 1
L3 programming layer <2024-01-22>
(./econsocart.cls
Document Class: econsocart 2022/11/21 v1.4.1, The Econometric Society Journals
(/usr/share/texlive/texmf-dist/tex/latex/etoolbox/etoolbox.sty)
(./econsocart.cfg) (/usr/share/texlive/texmf-dist/tex/latex/base/fix-cm.sty
(/usr/share/texlive/texmf-dist/tex/latex/base/ts1enc.def))
(/usr/share/texlive/texmf-dist/tex/latex/graphics/graphicx.sty
(/usr/share/texlive/texmf-dist/tex/latex/graphics/keyval.sty)
(/usr/share/texlive/texmf-dist/tex/latex/graphics/graphics.sty
(/usr/share/texlive/texmf-dist/tex/latex/graphics/trig.sty)
(/usr/share/texlive/texmf-dist/tex/latex/graphics-cfg/graphics.cfg)
(/usr/share/texlive/texmf-dist/tex/latex/graphics-def/pdftex.def)))
(/usr/share/texlive/texmf-dist/tex/latex/base/fontenc.sty)
(/usr/share/texlive/texmf-dist/tex/latex/psnfss/times.sty)
(/usr/share/texlive/texmf-dist/tex/latex/textcase/textcase.sty)
(/usr/share/texlive/texmf-dist/tex/latex/psnfss/helvet.sty)
(/usr/share/texlive/texmf-dist/tex/latex/base/textcomp.sty)
(/usr/share/texlive/texmf-dist/tex/latex/psnfss/t1ptm.fd)
(/usr/share/texlive/texmf-dist/tex/latex/amsfonts/amssymb.sty
(/usr/share/texlive/texmf-dist/tex/latex/amsfonts/amsfonts.sty))
(/usr/share/texlive/texmf-dist/tex/latex/tools/bm.sty)
(/usr/share/texlive/texmf-dist/tex/latex/url/url.sty)
(/usr/share/texlive/texmf-dist/tex/latex/amsmath/amsmath.sty
For additional information on amsmath, use the `?' option.
(/usr/share/texlive/texmf-dist/tex/latex/amsmath/amstext.sty
(/usr/share/texlive/texmf-dist/tex/latex/amsmath/amsgen.sty))
(/usr/share/texlive/texmf-dist/tex/latex/amsmath/amsbsy.sty)
(/usr/share/texlive/texmf-dist/tex/latex/amsmath/amsopn.sty))
(/usr/share/texlive/texmf-dist/tex/latex/amscls/amsthm.sty)
(/usr/share/texlive/texmf-dist/tex/latex/natbib/natbib.sty))
(/usr/share/texlive/texmf-dist/tex/latex/hyperref/xr-hyper.sty)
(/usr/share/texlive/texmf-dist/tex/latex/booktabs/booktabs.sty)
(/usr/share/texlive/texmf-dist/tex/latex/tools/array.sty)
(/usr/share/texlive/texmf-dist/tex/latex/tools/longtable.sty)
(/usr/share/texlive/texmf-dist/tex/latex/algorithms/algorithm.sty
(/usr/share/texlive/texmf-dist/tex/latex/float/float.sty)
(/usr/share/texlive/texmf-dist/tex/latex/base/ifthen.sty))
(/usr/share/texlive/texmf-dist/tex/latex/algorithmicx/algpseudocode.sty
(/usr/share/texlive/texmf-dist/tex/latex/algorithmicx/algorithmicx.sty
Document Style algorithmicx 1.2 - a greatly improved `algorithmic' style
)
Document Style - pseudocode environments for use with the `algorithmicx' style
) (/usr/share/texlive/texmf-dist/tex/latex/enumitem/enumitem.sty)
(/usr/share/texlive/texmf-dist/tex/latex/base/fontenc.sty)
(/usr/share/texlive/texmf-dist/tex/latex/psnfss/mathpazo.sty)
(/usr/share/texlive/texmf-dist/tex/latex/microtype/microtype.sty
(/usr/share/texlive/texmf-dist/tex/latex/microtype/microtype-pdftex.def)
(/usr/share/texlive/texmf-dist/tex/latex/microtype/microtype.cfg))
(/usr/share/texlive/texmf-dist/tex/latex/needspace/needspace.sty)
(/usr/share/texlive/texmf-dist/tex/latex/hyperref/hyperref.sty
(/usr/share/texlive/texmf-dist/tex/generic/iftex/iftex.sty)
(/usr/share/texlive/texmf-dist/tex/latex/kvsetkeys/kvsetkeys.sty)
(/usr/share/texlive/texmf-dist/tex/generic/kvdefinekeys/kvdefinekeys.sty)
(/usr/share/texlive/texmf-dist/tex/generic/pdfescape/pdfescape.sty
(/usr/share/texlive/texmf-dist/tex/generic/ltxcmds/ltxcmds.sty)
(/usr/share/texlive/texmf-dist/tex/generic/pdftexcmds/pdftexcmds.sty
(/usr/share/texlive/texmf-dist/tex/generic/infwarerr/infwarerr.sty)))
(/usr/share/texlive/texmf-dist/tex/latex/hycolor/hycolor.sty)
(/usr/share/texlive/texmf-dist/tex/latex/auxhook/auxhook.sty)
(/usr/share/texlive/texmf-dist/tex/latex/hyperref/nameref.sty
(/usr/share/texlive/texmf-dist/tex/latex/refcount/refcount.sty)
(/usr/share/texlive/texmf-dist/tex/generic/gettitlestring/gettitlestring.sty
(/usr/share/texlive/texmf-dist/tex/latex/kvoptions/kvoptions.sty)))
(/usr/share/texlive/texmf-dist/tex/latex/hyperref/pd1enc.def)
(/usr/share/texlive/texmf-dist/tex/generic/intcalc/intcalc.sty)
(/usr/share/texlive/texmf-dist/tex/latex/hyperref/puenc.def)
(/usr/share/texlive/texmf-dist/tex/generic/bitset/bitset.sty
(/usr/share/texlive/texmf-dist/tex/generic/bigintcalc/bigintcalc.sty))
(/usr/share/texlive/texmf-dist/tex/latex/base/atbegshi-ltx.sty))
(/usr/share/texlive/texmf-dist/tex/latex/hyperref/hpdftex.def
(/usr/share/texlive/texmf-dist/tex/latex/base/atveryend-ltx.sty)
(/usr/share/texlive/texmf-dist/tex/latex/rerunfilecheck/rerunfilecheck.sty
(/usr/share/texlive/texmf-dist/tex/generic/uniquecounter/uniquecounter.sty)))
(/usr/share/texlive/texmf-dist/tex/latex/psnfss/t1pcr.fd)
(/usr/share/texlive/texmf-dist/tex/latex/hyperref/backref.sty)
(/usr/share/texlive/texmf-dist/tex/latex/psnfss/t1ppl.fd)
(/usr/share/texlive/texmf-dist/tex/latex/l3backend/l3backend-pdftex.def)

LaTeX Warning: Unused global option(s):
    [nameyear].

(revisions/2026-10-05-r19-integrated/build/ECTA.aux)
(/usr/share/texlive/texmf-dist/tex/context/base/mkii/supp-pdf.mkii
[Loading MPS to PDF converter (version 2006.09.02).]
) (/usr/share/texlive/texmf-dist/tex/latex/microtype/mt-ppl.cfg)
(/usr/share/texlive/texmf-dist/tex/latex/graphics/color.sty
(/usr/share/texlive/texmf-dist/tex/latex/graphics-cfg/color.cfg)
(/usr/share/texlive/texmf-dist/tex/latex/graphics/mathcolor.ltx))
(revisions/2026-10-05-r19-integrated/build/ECTA.out)
(revisions/2026-10-05-r19-integrated/build/ECTA.out)
(/usr/share/texlive/texmf-dist/tex/latex/psnfss/ot1ppl.fd)
(/usr/share/texlive/texmf-dist/tex/latex/psnfss/omlzplm.fd)
(/usr/share/texlive/texmf-dist/tex/latex/psnfss/omszplm.fd)
(/usr/share/texlive/texmf-dist/tex/latex/psnfss/omxzplm.fd)
(/usr/share/texlive/texmf-dist/tex/latex/microtype/mt-msa.cfg)
(/usr/share/texlive/texmf-dist/tex/latex/microtype/mt-msb.cfg)
(/usr/share/texlive/texmf-dist/tex/latex/microtype/mt-cmr.cfg)
(/usr/share/texlive/texmf-dist/tex/latex/psnfss/ot1zplm.fd)

Package hyperref Warning: Ignoring empty anchor on input line 44.

(./revisions/2026-10-05-r19-integrated/manuscript/introduction.tex [1
Non-PDF special ignored!
<special> papersize=614.295pt,794.96999pt
{/var/lib/texmf/fonts/map/pdftex/updmap/pdftex.map}{/usr/share/texlive/texmf-di
st/fonts/enc/dvips/base/8r.enc}]
Underfull \hbox (badness 1418) in paragraph at lines 20--28
[]\T1/ppl/m/n/12 (+20) The pa-per de-vel-ops this evaluation--decision--payoff 
chain for con-trolled

Underfull \vbox (badness 10000) has occurred while \output is active

LaTeX Font Warning: Font shape `T1/ppl/m/uc' undefined
(Font)              using `T1/ppl/m/n' instead on input line 49.


LaTeX Font Warning: Font shape `T1/ppl/m/up' undefined
(Font)              using `T1/ppl/m/n' instead on input line 49.

[2]
Underfull \vbox (badness 10000) has occurred while \output is active [3])
(./revisions/2026-10-04-r16/manuscript/literature.tex
Underfull \vbox (badness 3930) has occurred while \output is active [4])
(./revisions/2026-10-05-r19-integrated/manuscript/literature_addition.tex
Underfull \vbox (badness 3930) has occurred while \output is active [5])
(./revisions/2026-10-05-r19-integrated/manuscript/targets.tex
Underfull \vbox (badness 10000) has occurred while \output is active [6]
Underfull \hbox (badness 10000) in paragraph at lines 25--25
[]|\T1/ppl/m/n/10.8 (+20) Best of six-teen his-tor-i-cal
(/usr/share/texlive/texmf-dist/tex/latex/psnfss/ufplmbb.fd))
(./revisions/2026-10-05-r19-integrated/manuscript/decision_main.tex [7]
[8] [9] [10] [11] [12])
(./revisions/2026-10-04-r16/retained/manuscript/model.tex [13]
Underfull \hbox (badness 816) in paragraph at lines 17--19
\T1/ppl/m/up/12 (+20) Adjustment costs are in-cluded in $\OML/zplm/m/it/12 f$\T
1/ppl/m/up/12 (+20) . For ex-am-ple, time-additive util-ity has
[14]) (./revisions/2026-10-04-r16/retained/manuscript/method.tex
Underfull \vbox (badness 10000) has occurred while \output is active [15]
Underfull \vbox (badness 1117) has occurred while \output is active [16]
[17] [18]) (./revisions/2026-10-04-r16/retained/manuscript/algorithm.tex)
(./revisions/2026-10-04-r16/manuscript/theory_guide.tex)
(./revisions/2026-10-04-r16/manuscript/menu_main_theory.tex [19] [20])
(./revisions/2026-10-04-r16/manuscript/new_theory_summary.tex
Underfull \vbox (badness 2277) has occurred while \output is active [21])
(./revisions/2026-10-04-r16/manuscript/computational_design.tex [22]
Underfull \vbox (badness 10000) has occurred while \output is active [23]
[24]) (./revisions/2026-10-05-r18/manuscript/current_results.tex
(./revisions/2026-10-04-r16/manuscript/menu_results.tex
(./revisions/2026-10-04-r16/manuscript/menu_comparisons.tex [25])
(./revisions/2026-10-04-r16/results/continuation_menu/report/table_menu_work.te
x) [26] [27]
(./revisions/2026-10-04-r16/results/continuation_menu/report/table_menu_scalar.
tex))
Underfull \vbox (badness 10000) has occurred while \output is active [28]
(./revisions/2026-10-04-r16/results/replication/report/replication_methods.tex)

(./revisions/2026-10-04-r16/results/replication/report/replication_comparisons.
tex)
Underfull \vbox (badness 10000) has occurred while \output is active [29]
[30] (./revisions/2026-10-04-r16/manuscript/robustness_results.tex
(./revisions/2026-10-04-r16/results/robustness/report/robustness_comparisons.te
x
Underfull \vbox (badness 10000) has occurred while \output is active [31]
[32]))
(./revisions/2026-10-04-r16/results/signed_mechanism/report/signed_main.tex
Underfull \vbox (badness 10000) has occurred while \output is active [33]
(./revisions/2026-10-04-r16/results/signed_mechanism/report/table_signed_main.t
ex))) (./revisions/2026-10-05-r18/manuscript/risk_main.tex [34] [35]
(./revisions/2026-10-05-r18/manuscript/risk_table.tex) [36])
(./revisions/2026-10-05-r18/manuscript/catalogue_main.tex [37]
(./revisions/2026-10-05-r18/manuscript/catalogue_table.tex) [38])
(./revisions/2026-10-05-r19-integrated/manuscript/prospective_main.tex [39]
[40]
Underfull \vbox (badness 10000) has occurred while \output is active [41]
(./revisions/2026-10-05-r19-integrated/results/generated/accuracy_table.tex)
(./revisions/2026-10-05-r19-integrated/results/generated/frontier_tables.tex
[42])
(./revisions/2026-10-05-r19-integrated/results/generated/results_narrative.tex)
[43] (./revisions/2026-10-05-r19-integrated/results/generated/risk_table.tex))
(./revisions/2026-10-04-r16/manuscript/historical_evidence_summary.tex
Underfull \vbox (badness 10000) has occurred while \output is active [44]
Underfull \vbox (badness 1874) has occurred while \output is active [45])
(./revisions/2026-10-04-r16/retained/manuscript/economic_scope.tex [46]
[47] [48]) (./revisions/2026-10-05-r19-integrated/manuscript/conclusion.tex
[49]) (revisions/2026-10-05-r19-integrated/build/ECTA.bbl
(revisions/2026-10-05-r19-integrated/build/ECTA.brf) [50]
Underfull \hbox (badness 1460) in paragraph at lines 83--83
[]\T1/ppl/m/sc/9.6 (+20) Scherrer, Bruno, Mo-ham-mad Ghavamzadeh, Vic-tor Gabil
-lon, Boris Lesner, and
) [51] (revisions/2026-10-05-r19-integrated/build/ECTA.aux)

LaTeX Font Warning: Some font shapes were not available, defaults substituted.

 )
(see the transcript file for additional information)</usr/share/texlive/texmf-d
ist/fonts/type1/public/amsfonts/cm/cmbx12.pfb></usr/share/texlive/texmf-dist/fo
nts/type1/public/amsfonts/cm/cmex10.pfb></usr/share/texlive/texmf-dist/fonts/ty
pe1/public/amsfonts/cm/cmmi10.pfb></usr/share/texlive/texmf-dist/fonts/type1/pu
blic/amsfonts/cm/cmr10.pfb></usr/share/texlive/texmf-dist/fonts/type1/public/am
sfonts/cm/cmss9.pfb></usr/share/texlive/texmf-dist/fonts/type1/public/amsfonts/
cm/cmsy10.pfb></usr/share/texlive/texmf-dist/fonts/type1/public/mathpazo/fplmbb
.pfb></usr/share/texlive/texmf-dist/fonts/type1/public/mathpazo/fplmr.pfb></usr
/share/texlive/texmf-dist/fonts/type1/public/mathpazo/fplmri.pfb></usr/share/te
xlive/texmf-dist/fonts/type1/urw/courier/ucrr8a.pfb></usr/share/texlive/texmf-d
ist/fonts/type1/urw/palatino/uplb8a.pfb></usr/share/texlive/texmf-dist/fonts/ty
pe1/urw/palatino/uplr8a.pfb></usr/share/texlive/texmf-dist/fonts/type1/urw/pala
tino/uplri8a.pfb>
Output written on revisions/2026-10-05-r19-integrated/build/ECTA.pdf (51 pages,
 304039 bytes).
Transcript written on revisions/2026-10-05-r19-integrated/build/ECTA.log.
