This is pdfTeX, Version 3.141592653-2.6-1.40.25 (TeX Live 2023/Debian) (preloaded format=pdflatex)
entering extended mode
(./ECTA.tex
LaTeX2e <2023-11-01> patch level 1
L3 programming layer <2024-01-22>
(./econsocart.cls
Document Class: econsocart 2022/11/21 v1.4.1, The Econometric Society Journals
(/usr/share/texlive/texmf-dist/tex/latex/etoolbox/etoolbox.sty)
(./econsocart.cfg) (/usr/share/texlive/texmf-dist/tex/latex/base/fix-cm.sty
(/usr/share/texlive/texmf-dist/tex/latex/base/ts1enc.def))
(/usr/share/texlive/texmf-dist/tex/latex/graphics/graphicx.sty
(/usr/share/texlive/texmf-dist/tex/latex/graphics/keyval.sty)
(/usr/share/texlive/texmf-dist/tex/latex/graphics/graphics.sty
(/usr/share/texlive/texmf-dist/tex/latex/graphics/trig.sty)
(/usr/share/texlive/texmf-dist/tex/latex/graphics-cfg/graphics.cfg)
(/usr/share/texlive/texmf-dist/tex/latex/graphics-def/pdftex.def)))
(/usr/share/texlive/texmf-dist/tex/latex/base/fontenc.sty)
(/usr/share/texlive/texmf-dist/tex/latex/psnfss/times.sty)
(/usr/share/texlive/texmf-dist/tex/latex/textcase/textcase.sty)
(/usr/share/texlive/texmf-dist/tex/latex/psnfss/helvet.sty)
(/usr/share/texlive/texmf-dist/tex/latex/base/textcomp.sty)
(/usr/share/texlive/texmf-dist/tex/latex/psnfss/t1ptm.fd)
(/usr/share/texlive/texmf-dist/tex/latex/amsfonts/amssymb.sty
(/usr/share/texlive/texmf-dist/tex/latex/amsfonts/amsfonts.sty))
(/usr/share/texlive/texmf-dist/tex/latex/tools/bm.sty)
(/usr/share/texlive/texmf-dist/tex/latex/url/url.sty)
(/usr/share/texlive/texmf-dist/tex/latex/amsmath/amsmath.sty
For additional information on amsmath, use the `?' option.
(/usr/share/texlive/texmf-dist/tex/latex/amsmath/amstext.sty
(/usr/share/texlive/texmf-dist/tex/latex/amsmath/amsgen.sty))
(/usr/share/texlive/texmf-dist/tex/latex/amsmath/amsbsy.sty)
(/usr/share/texlive/texmf-dist/tex/latex/amsmath/amsopn.sty))
(/usr/share/texlive/texmf-dist/tex/latex/amscls/amsthm.sty)
(/usr/share/texlive/texmf-dist/tex/latex/natbib/natbib.sty))
(/usr/share/texlive/texmf-dist/tex/latex/hyperref/xr-hyper.sty)
(/usr/share/texlive/texmf-dist/tex/latex/booktabs/booktabs.sty)
(/usr/share/texlive/texmf-dist/tex/latex/tools/array.sty)
(/usr/share/texlive/texmf-dist/tex/latex/tools/longtable.sty)
(/usr/share/texlive/texmf-dist/tex/latex/algorithms/algorithm.sty
(/usr/share/texlive/texmf-dist/tex/latex/float/float.sty)
(/usr/share/texlive/texmf-dist/tex/latex/base/ifthen.sty))
(/usr/share/texlive/texmf-dist/tex/latex/algorithmicx/algpseudocode.sty
(/usr/share/texlive/texmf-dist/tex/latex/algorithmicx/algorithmicx.sty
Document Style algorithmicx 1.2 - a greatly improved `algorithmic' style
)
Document Style - pseudocode environments for use with the `algorithmicx' style
) (/usr/share/texlive/texmf-dist/tex/latex/enumitem/enumitem.sty)
(/usr/share/texlive/texmf-dist/tex/latex/base/fontenc.sty)
(/usr/share/texlive/texmf-dist/tex/latex/psnfss/mathpazo.sty)
(/usr/share/texlive/texmf-dist/tex/latex/microtype/microtype.sty
(/usr/share/texlive/texmf-dist/tex/latex/microtype/microtype-pdftex.def)
(/usr/share/texlive/texmf-dist/tex/latex/microtype/microtype.cfg))
(/usr/share/texlive/texmf-dist/tex/latex/needspace/needspace.sty)
(/usr/share/texlive/texmf-dist/tex/latex/hyperref/hyperref.sty
(/usr/share/texlive/texmf-dist/tex/generic/iftex/iftex.sty)
(/usr/share/texlive/texmf-dist/tex/latex/kvsetkeys/kvsetkeys.sty)
(/usr/share/texlive/texmf-dist/tex/generic/kvdefinekeys/kvdefinekeys.sty)
(/usr/share/texlive/texmf-dist/tex/generic/pdfescape/pdfescape.sty
(/usr/share/texlive/texmf-dist/tex/generic/ltxcmds/ltxcmds.sty)
(/usr/share/texlive/texmf-dist/tex/generic/pdftexcmds/pdftexcmds.sty
(/usr/share/texlive/texmf-dist/tex/generic/infwarerr/infwarerr.sty)))
(/usr/share/texlive/texmf-dist/tex/latex/hycolor/hycolor.sty)
(/usr/share/texlive/texmf-dist/tex/latex/auxhook/auxhook.sty)
(/usr/share/texlive/texmf-dist/tex/latex/hyperref/nameref.sty
(/usr/share/texlive/texmf-dist/tex/latex/refcount/refcount.sty)
(/usr/share/texlive/texmf-dist/tex/generic/gettitlestring/gettitlestring.sty
(/usr/share/texlive/texmf-dist/tex/latex/kvoptions/kvoptions.sty)))
(/usr/share/texlive/texmf-dist/tex/latex/hyperref/pd1enc.def)
(/usr/share/texlive/texmf-dist/tex/generic/intcalc/intcalc.sty)
(/usr/share/texlive/texmf-dist/tex/latex/hyperref/puenc.def)
(/usr/share/texlive/texmf-dist/tex/generic/bitset/bitset.sty
(/usr/share/texlive/texmf-dist/tex/generic/bigintcalc/bigintcalc.sty))
(/usr/share/texlive/texmf-dist/tex/latex/base/atbegshi-ltx.sty))
(/usr/share/texlive/texmf-dist/tex/latex/hyperref/hpdftex.def
(/usr/share/texlive/texmf-dist/tex/latex/base/atveryend-ltx.sty)
(/usr/share/texlive/texmf-dist/tex/latex/rerunfilecheck/rerunfilecheck.sty
(/usr/share/texlive/texmf-dist/tex/generic/uniquecounter/uniquecounter.sty)))

Package xr Warning: 
No file revisions/2026-10-05-r19-integrated/build/supp_refs.aux
LABELS NOT IMPORTED.
 on input line 35.


Package xr Warning: 
No file revisions/2026-10-05-r19-integrated/build/applications_refs.aux
LABELS NOT IMPORTED.
 on input line 36.

(/usr/share/texlive/texmf-dist/tex/latex/psnfss/t1pcr.fd)
(/usr/share/texlive/texmf-dist/tex/latex/hyperref/backref.sty)
(/usr/share/texlive/texmf-dist/tex/latex/psnfss/t1ppl.fd)
(/usr/share/texlive/texmf-dist/tex/latex/l3backend/l3backend-pdftex.def)

LaTeX Warning: Unused global option(s):
    [nameyear].

No file ECTA.aux.
(/usr/share/texlive/texmf-dist/tex/context/base/mkii/supp-pdf.mkii
[Loading MPS to PDF converter (version 2006.09.02).]
) (/usr/share/texlive/texmf-dist/tex/latex/microtype/mt-ppl.cfg)
(/usr/share/texlive/texmf-dist/tex/latex/graphics/color.sty
(/usr/share/texlive/texmf-dist/tex/latex/graphics-cfg/color.cfg)
(/usr/share/texlive/texmf-dist/tex/latex/graphics/mathcolor.ltx))
(./revisions/2026-10-05-r19-integrated/manuscript/introduction.tex
Underfull \vbox (badness 10000) has occurred while \output is active [1
Non-PDF special ignored!
<special> papersize=614.295pt,794.96999pt
{/var/lib/texmf/fonts/map/pdftex/updmap/pdftex.map}{/usr/share/texlive/texmf-di
st/fonts/enc/dvips/base/8r.enc}]
Underfull \hbox (badness 1418) in paragraph at lines 20--28
[]\T1/ppl/m/n/12 (+20) The pa-per de-vel-ops this evaluation--decision--payoff 
chain for con-trolled

Underfull \vbox (badness 10000) has occurred while \output is active

LaTeX Font Warning: Font shape `T1/ppl/m/uc' undefined
(Font)              using `T1/ppl/m/n' instead on input line 60.


LaTeX Font Warning: Font shape `T1/ppl/m/up' undefined
(Font)              using `T1/ppl/m/n' instead on input line 60.

[2] (/usr/share/texlive/texmf-dist/tex/latex/psnfss/ot1ppl.fd)
(/usr/share/texlive/texmf-dist/tex/latex/psnfss/omlzplm.fd)
(/usr/share/texlive/texmf-dist/tex/latex/psnfss/omszplm.fd)
(/usr/share/texlive/texmf-dist/tex/latex/psnfss/omxzplm.fd)
(/usr/share/texlive/texmf-dist/tex/latex/microtype/mt-msa.cfg)
(/usr/share/texlive/texmf-dist/tex/latex/microtype/mt-msb.cfg)
(/usr/share/texlive/texmf-dist/tex/latex/microtype/mt-cmr.cfg)
(/usr/share/texlive/texmf-dist/tex/latex/psnfss/ot1zplm.fd)
Underfull \vbox (badness 10000) has occurred while \output is active [3])
(./revisions/2026-10-04-r16/manuscript/literature.tex

Package natbib Warning: Citation `judd1998' on page 4 undefined on input line 2
.


Package natbib Warning: Citation `hornik1990' on page 4 undefined on input line
 2.


Package natbib Warning: Citation `sirignano2018' on page 4 undefined on input l
ine 4.


Package natbib Warning: Citation `han2018' on page 4 undefined on input line 4.



Underfull \vbox (badness 3930) has occurred while \output is active [4]

Package natbib Warning: Citation `epsteinzin1989' on page 5 undefined on input 
line 6.


Package natbib Warning: Citation `duffieepstein1992' on page 5 undefined on inp
ut line 6.


Package natbib Warning: Citation `herdegen2021' on page 5 undefined on input li
ne 6.


Package natbib Warning: Citation `bjork2016' on page 5 undefined on input line 
6.


Package natbib Warning: Citation `borkar2024' on page 5 undefined on input line
 6.


LaTeX Warning: Reference `sec:model' on page 5 undefined on input line 8.


LaTeX Warning: Reference `sec:r10continuous' on page 5 undefined on input line 
8.


LaTeX Warning: Reference `sec:r15mechanism' on page 5 undefined on input line 8
.


LaTeX Warning: Reference `sec:r16design' on page 5 undefined on input line 8.


LaTeX Warning: Reference `sec:economic-scope' on page 5 undefined on input line
 8.


LaTeX Warning: Reference `sec:theory' on page 5 undefined on input line 8.

) (./revisions/2026-10-05-r19-integrated/manuscript/literature_addition.tex

Package natbib Warning: Citation `powell2011' on page 5 undefined on input line
 5.


Package natbib Warning: Citation `longstaff2001' on page 5 undefined on input l
ine 6.


Package natbib Warning: Citation `ernst2005' on page 5 undefined on input line 
8.


Package natbib Warning: Citation `scherrer2015' on page 5 undefined on input li
ne 10.


Underfull \vbox (badness 3930) has occurred while \output is active [5]

Package natbib Warning: Citation `konda1999' on page 6 undefined on input line 
16.


Package natbib Warning: Citation `howard2021' on page 6 undefined on input line
 42.

) (./revisions/2026-10-05-r19-integrated/manuscript/targets.tex
Underfull \vbox (badness 10000) has occurred while \output is active [6]
Underfull \hbox (badness 10000) in paragraph at lines 25--25
[]|\T1/ppl/m/n/10.8 (+20) Best of six-teen his-tor-i-cal
(/usr/share/texlive/texmf-dist/tex/latex/psnfss/ufplmbb.fd))
(./revisions/2026-10-05-r19-integrated/manuscript/decision_main.tex

LaTeX Warning: Reference `eq:r19objective' on page 7 undefined on input line 18
.


LaTeX Warning: Reference `eq:r19greedy' on page 7 undefined on input line 19.

[7]

LaTeX Warning: Reference `app:r19proofs' on page 8 undefined on input line 43.


LaTeX Warning: Reference `eq:r19riskloss' on page 8 undefined on input line 49.


[8]

LaTeX Warning: Reference `eq:r19transportassumptions' on page 9 undefined on in
put line 78.


LaTeX Warning: Reference `eq:r19osc' on page 9 undefined on input line 87.


LaTeX Warning: Reference `eq:r19riskloss' on page 9 undefined on input line 88.


[9]
Underfull \vbox (badness 3375) has occurred while \output is active [10]

LaTeX Warning: Reference `eq:r19learnbudget' on page 11 undefined on input line
 172.

[11] [12]) (./revisions/2026-10-04-r16/retained/manuscript/model.tex
Underfull \hbox (badness 816) in paragraph at lines 17--19
\T1/ppl/m/up/12 (+20) Adjustment costs are in-cluded in $\OML/zplm/m/it/12 f$\T
1/ppl/m/up/12 (+20) . For ex-am-ple, time-additive util-ity has
[13]

LaTeX Warning: Reference `eq:generator' on page 14 undefined on input line 34.


LaTeX Warning: Reference `eq:state' on page 14 undefined on input line 34.

[14]

LaTeX Warning: Reference `sec:ndu' on page 15 undefined on input line 39.

) (./revisions/2026-10-04-r16/retained/manuscript/method.tex [15] [16]

LaTeX Warning: Reference `app:r15evaluation' on page 17 undefined on input line
 33.

[17]

Package natbib Warning: Citation `scherrer2015' on page 18 undefined on input l
ine 71.


LaTeX Warning: Reference `sec:nonquadratic' on page 18 undefined on input line 
71.


LaTeX Warning: Reference `sec:ndu-neural' on page 18 undefined on input line 71
.

) (./revisions/2026-10-04-r16/retained/manuscript/algorithm.tex)
(./revisions/2026-10-04-r16/manuscript/theory_guide.tex [18]

LaTeX Warning: Reference `sec:theory' on page 19 undefined on input line 3.

[19]) (./revisions/2026-10-04-r16/manuscript/menu_main_theory.tex

LaTeX Warning: Reference `prop:r16menucache' on page 20 undefined on input line
 23.

[20]

LaTeX Warning: Reference `prop:r16menuprojection' on page 21 undefined on input
 line 46.


LaTeX Warning: Reference `eq:r16mainmenu' on page 21 undefined on input line 51
.


LaTeX Warning: Reference `sec:r16menu' on page 21 undefined on input line 59.

) (./revisions/2026-10-04-r16/manuscript/new_theory_summary.tex [21]

LaTeX Warning: Reference `prop:r16signedbridge' on page 22 undefined on input l
ine 5.


LaTeX Warning: Reference `prop:r16signedrange' on page 22 undefined on input li
ne 5.


LaTeX Warning: Reference `sec:r16signedbridge' on page 22 undefined on input li
ne 5.

) (./revisions/2026-10-04-r16/manuscript/computational_design.tex

LaTeX Warning: Reference `eq:r16mainmenu' on page 22 undefined on input line 6.


[22]

LaTeX Warning: Reference `app:r16menudesign' on page 23 undefined on input line
 10.


LaTeX Warning: Reference `app:r16pairedaudit' on page 23 undefined on input lin
e 16.


Underfull \vbox (badness 3930) has occurred while \output is active [23]

LaTeX Warning: Reference `sec:r15evidence' on page 24 undefined on input line 3
1.

[24]) (./revisions/2026-10-05-r18/manuscript/current_results.tex
(./revisions/2026-10-04-r16/manuscript/menu_results.tex

LaTeX Warning: Reference `tab:r16menucomparisons' on page 25 undefined on input
 line 4.

(./revisions/2026-10-04-r16/manuscript/menu_comparisons.tex)
(./revisions/2026-10-04-r16/results/continuation_menu/report/table_menu_work.te
x
Underfull \vbox (badness 2990) has occurred while \output is active [25])
Underfull \vbox (badness 1728) has occurred while \output is active [26]

LaTeX Warning: Reference `app:r16menurecord' on page 27 undefined on input line
 53.


LaTeX Warning: Reference `tab:r16menusharedwork' on page 27 undefined on input 
line 59.


Underfull \vbox (badness 10000) has occurred while \output is active [27]
(./revisions/2026-10-04-r16/results/continuation_menu/report/table_menu_scalar.
tex))

LaTeX Warning: Reference `tab:r16-replication-methods' on page 28 undefined on 
input line 7.


LaTeX Warning: Reference `tab:r16-replication-comparisons' on page 28 undefined
 on input line 9.

[28]
(./revisions/2026-10-04-r16/results/replication/report/replication_methods.tex)

(./revisions/2026-10-04-r16/results/replication/report/replication_comparisons.
tex)

LaTeX Warning: Reference `tab:r16-replication-methods' on page 29 undefined on 
input line 32.

[29]

LaTeX Warning: Reference `app:r16replicationrecord' on page 30 undefined on inp
ut line 42.

(./revisions/2026-10-04-r16/manuscript/robustness_results.tex
Underfull \vbox (badness 10000) has occurred while \output is active [30]

LaTeX Warning: Reference `tab:r16-robustness-methods' on page 31 undefined on i
nput line 10.


LaTeX Warning: Reference `tab:r16-robustness-comparisons' on page 31 undefined 
on input line 18.


(./revisions/2026-10-04-r16/results/robustness/report/robustness_comparisons.te
x

Package longtable Warning: Column widths have changed
(longtable)                in table VII on input line 45.

[31])
Underfull \vbox (badness 10000) has occurred while \output is active [32]

LaTeX Warning: Reference `tab:r16-robustness-work' on page 33 undefined on inpu
t line 34.


LaTeX Warning: Reference `app:r16robustnessrecord' on page 33 undefined on inpu
t line 41.

) (./revisions/2026-10-04-r16/results/signed_mechanism/report/signed_main.tex

LaTeX Warning: Reference `prop:r16signedbridge' on page 33 undefined on input l
ine 8.


(./revisions/2026-10-04-r16/results/signed_mechanism/report/table_signed_main.t
ex)
Underfull \vbox (badness 3930) has occurred while \output is active [33])

LaTeX Warning: Reference `prop:r16signedbridge' on page 34 undefined on input l
ine 54.


LaTeX Warning: Reference `sec:r18risk' on page 34 undefined on input line 56.

) (./revisions/2026-10-05-r18/manuscript/risk_main.tex

LaTeX Warning: Reference `sec:r16menumain' on page 34 undefined on input line 8
.

[34]

LaTeX Warning: Reference `prop:r17-cancellation' on page 35 undefined on input 
line 29.


LaTeX Warning: Reference `prop:r17-risk-certificate' on page 35 undefined on in
put line 29.


LaTeX Warning: Reference `cor:r17-training' on page 35 undefined on input line 
32.

(./revisions/2026-10-05-r18/manuscript/risk_table.tex)

LaTeX Warning: Reference `tab:r18risk' on page 35 undefined on input line 48.

[35]

LaTeX Warning: Reference `prop:r17-decisions' on page 36 undefined on input lin
e 60.


LaTeX Warning: Reference `app:r18record' on page 36 undefined on input line 75.


) (./revisions/2026-10-05-r18/manuscript/catalogue_main.tex [36]

LaTeX Warning: Reference `prop:r18closure' on page 37 undefined on input line 2
0.

(./revisions/2026-10-05-r18/manuscript/catalogue_table.tex) [37]

LaTeX Warning: Reference `tab:r18catalogue' on page 38 undefined on input line 
41.


LaTeX Warning: Reference `app:r18record' on page 38 undefined on input line 55.


) (./revisions/2026-10-05-r19-integrated/manuscript/prospective_main.tex
[38]

LaTeX Warning: Reference `eq:r19capitaltask' on page 39 undefined on input line
 27.


Underfull \vbox (badness 10000) has occurred while \output is active [39]

LaTeX Warning: Reference `tab:r19economic' on page 40 undefined on input line 5
4.

[40]

LaTeX Warning: Reference `eq:r19residual' on page 41 undefined on input line 88
.


LaTeX Warning: Reference `app:r19curvature' on page 41 undefined on input line 
89.

(./revisions/2026-10-05-r19-integrated/results/generated/accuracy_table.tex)
(./revisions/2026-10-05-r19-integrated/results/generated/frontier_tables.tex)
(./revisions/2026-10-05-r19-integrated/results/generated/results_narrative.tex
Underfull \vbox (badness 3930) has occurred while \output is active [41]
Underfull \vbox (badness 1571) has occurred while \output is active [42])
(./revisions/2026-10-05-r19-integrated/results/generated/risk_table.tex)

LaTeX Warning: Reference `eq:r19riskloss' on page 43 undefined on input line 13
4.

) (./revisions/2026-10-04-r16/manuscript/historical_evidence_summary.tex
Underfull \vbox (badness 10000) has occurred while \output is active [43]
[44]

LaTeX Warning: Reference `sec:r15evidence' on page 45 undefined on input line 3
.


LaTeX Warning: Reference `app:r15experiment' on page 45 undefined on input line
 3.


Underfull \vbox (badness 10000) has occurred while \output is active [45])
(./revisions/2026-10-04-r16/retained/manuscript/economic_scope.tex
Underfull \vbox (badness 7631) has occurred while \output is active [46]

LaTeX Warning: Reference `sec:ndu' on page 47 undefined on input line 37.


LaTeX Warning: Reference `sec:ndu-neural' on page 47 undefined on input line 37
.


LaTeX Warning: Reference `sec:r9results' on page 47 undefined on input line 37.


[47]

LaTeX Warning: Reference `sec:recursive' on page 48 undefined on input line 44.



LaTeX Warning: Reference `sec:temporal' on page 48 undefined on input line 51.

[48]

LaTeX Warning: Reference `sec:games' on page 49 undefined on input line 61.


LaTeX Warning: Reference `sec:dynamic-computation' on page 49 undefined on inpu
t line 61.

) (./revisions/2026-10-05-r19-integrated/manuscript/conclusion.tex [49])
No file ECTA.bbl.

Package natbib Warning: There were undefined citations.


Package longtable Warning: Table widths have changed. Rerun LaTeX.

[50] (revisions/2026-10-05-r19-integrated/build/ECTA.aux)

LaTeX Font Warning: Some font shapes were not available, defaults substituted.


LaTeX Warning: There were undefined references.


LaTeX Warning: Label(s) may have changed. Rerun to get cross-references right.


Package rerunfilecheck Warning: File `ECTA.out' has changed.
(rerunfilecheck)                Rerun to get outlines right
(rerunfilecheck)                or use package `bookmark'.

 )
(see the transcript file for additional information)</usr/share/texlive/texmf-d
ist/fonts/type1/public/amsfonts/cm/cmbx12.pfb></usr/share/texlive/texmf-dist/fo
nts/type1/public/amsfonts/cm/cmex10.pfb></usr/share/texlive/texmf-dist/fonts/ty
pe1/public/amsfonts/cm/cmmi10.pfb></usr/share/texlive/texmf-dist/fonts/type1/pu
blic/amsfonts/cm/cmr10.pfb></usr/share/texlive/texmf-dist/fonts/type1/public/am
sfonts/cm/cmss9.pfb></usr/share/texlive/texmf-dist/fonts/type1/public/amsfonts/
cm/cmsy10.pfb></usr/share/texlive/texmf-dist/fonts/type1/public/mathpazo/fplmbb
.pfb></usr/share/texlive/texmf-dist/fonts/type1/public/mathpazo/fplmr.pfb></usr
/share/texlive/texmf-dist/fonts/type1/public/mathpazo/fplmri.pfb></usr/share/te
xlive/texmf-dist/fonts/type1/urw/courier/ucrr8a.pfb></usr/share/texlive/texmf-d
ist/fonts/type1/urw/palatino/uplb8a.pfb></usr/share/texlive/texmf-dist/fonts/ty
pe1/urw/palatino/uplr8a.pfb></usr/share/texlive/texmf-dist/fonts/type1/urw/pala
tino/uplri8a.pfb>
Output written on revisions/2026-10-05-r19-integrated/build/ECTA.pdf (50 pages,
 290940 bytes).
Transcript written on revisions/2026-10-05-r19-integrated/build/ECTA.log.
