\BOOKMARK [1][-]{section.0.1}{\376\377\000V\000e\000r\000i\000f\000i\000c\000a\000t\000i\000o\000n\000,\000\040\000A\000p\000p\000r\000o\000x\000i\000m\000a\000t\000i\000o\000n\000,\000\040\000a\000n\000d\000\040\000V\000i\000s\000c\000o\000s\000i\000t\000y\000\040\000S\000e\000l\000e\000c\000t\000i\000o\000n}{}% 1
\BOOKMARK [2][-]{subsection.0.1.1}{\376\377\000A\000\040\000p\000o\000s\000i\000t\000i\000v\000e\000-\000w\000e\000i\000g\000h\000t\000\040\000r\000e\000c\000u\000r\000s\000i\000v\000e\000\040\000B\000e\000l\000l\000m\000a\000n\000\040\000a\000p\000p\000r\000o\000x\000i\000m\000a\000t\000i\000o\000n}{section.0.1}% 2
\BOOKMARK [1][-]{section.0.2}{\376\377\000B\000e\000l\000l\000m\000a\000n\000\040\000E\000v\000a\000l\000u\000a\000t\000i\000o\000n\000\040\000a\000n\000d\000\040\000D\000i\000r\000e\000c\000t\000\040\000M\000e\000t\000h\000o\000d\000\040\000C\000o\000m\000p\000a\000r\000i\000s\000o\000n\000s}{}% 3
\BOOKMARK [2][-]{subsection.0.2.1}{\376\377\000W\000h\000a\000t\000\040\000t\000h\000e\000\040\000c\000r\000i\000t\000i\000c\000\040\000c\000o\000n\000t\000r\000i\000b\000u\000t\000e\000s}{section.0.2}% 4
\BOOKMARK [2][-]{subsection.0.2.2}{\376\377\000D\000i\000r\000e\000c\000t\000\040\000p\000a\000i\000r\000e\000d\000\040\000e\000c\000o\000n\000o\000m\000i\000c\000\040\000c\000o\000m\000p\000a\000r\000i\000s\000o\000n\000s}{section.0.2}% 5
\BOOKMARK [1][-]{section.0.3}{\376\377\000P\000o\000l\000i\000c\000y\000\040\000E\000v\000a\000l\000u\000a\000t\000i\000o\000n\000,\000\040\000A\000p\000p\000r\000o\000x\000i\000m\000a\000t\000i\000o\000n\000,\000\040\000a\000n\000d\000\040\000C\000o\000m\000p\000l\000e\000t\000e\000\040\000A\000c\000t\000i\000o\000n\000\040\000C\000o\000v\000e\000r\000a\000g\000e}{}% 6
\BOOKMARK [2][-]{subsubsection.0.3.0.1}{\376\377\000C\000o\000n\000d\000i\000t\000i\000o\000n\000i\000n\000g\000\040\000a\000n\000d\000\040\000s\000t\000o\000p\000p\000i\000n\000g}{section.0.3}% 7
\BOOKMARK [2][-]{subsection.0.3.1}{\376\377\000P\000o\000l\000i\000c\000y\000\040\000E\000v\000a\000l\000u\000a\000t\000i\000o\000n\000\040\000a\000n\000d\000\040\000t\000h\000e\000\040\000R\000e\000c\000u\000r\000s\000i\000v\000e\000\040\000P\000o\000l\000i\000c\000y\000\040\000G\000r\000a\000d\000i\000e\000n\000t}{section.0.3}% 8
\BOOKMARK [2][-]{subsection.0.3.2}{\376\377\000R\000e\000p\000r\000e\000s\000e\000n\000t\000a\000t\000i\000o\000n\000,\000\040\000B\000o\000u\000n\000d\000a\000r\000y\000\040\000C\000o\000n\000d\000i\000t\000i\000o\000n\000s\000,\000\040\000a\000n\000d\000\040\000E\000r\000r\000o\000r\000\040\000M\000e\000a\000s\000u\000r\000e\000m\000e\000n\000t}{section.0.3}% 9
\BOOKMARK [3][-]{subsubsection.0.3.2.1}{\376\377\000S\000m\000o\000o\000t\000h\000\040\000a\000p\000p\000r\000o\000x\000i\000m\000a\000t\000i\000o\000n\000\040\000a\000n\000d\000\040\000w\000h\000a\000t\000\040\000i\000t\000\040\000e\000s\000t\000a\000b\000l\000i\000s\000h\000e\000s}{subsection.0.3.2}% 10
\BOOKMARK [3][-]{subsubsection.0.3.2.2}{\376\377\000F\000r\000o\000m\000\040\000r\000e\000s\000i\000d\000u\000a\000l\000\040\000s\000a\000m\000p\000l\000e\000s\000\040\000t\000o\000\040\000a\000\040\000u\000n\000i\000f\000o\000r\000m\000\040\000b\000o\000u\000n\000d}{subsection.0.3.2}% 11
\BOOKMARK [3][-]{subsubsection.0.3.2.3}{\376\377\000W\000h\000y\000\040\000a\000n\000\040\000i\000n\000t\000e\000g\000r\000a\000t\000e\000d\000\040\000d\000i\000f\000f\000e\000r\000e\000n\000t\000i\000a\000l\000\040\000r\000e\000s\000i\000d\000u\000a\000l\000\040\000d\000o\000e\000s\000\040\000n\000o\000t\000\040\000s\000e\000l\000e\000c\000t\000\040\000t\000h\000e\000\040\000v\000a\000l\000u\000e}{subsection.0.3.2}% 12
\BOOKMARK [3][-]{subsubsection.0.3.2.4}{\376\377\000C\000o\000v\000e\000r\000a\000g\000e\000\040\000a\000n\000d\000\040\000i\000n\000d\000e\000p\000e\000n\000d\000e\000n\000t\000\040\000m\000a\000x\000i\000m\000i\000z\000a\000t\000i\000o\000n}{subsection.0.3.2}% 13
\BOOKMARK [3][-]{subsubsection.0.3.2.5}{\376\377\000D\000i\000f\000f\000e\000r\000e\000n\000t\000i\000a\000l\000\040\000a\000n\000d\000\040\000d\000i\000s\000c\000r\000e\000t\000e\000\040\000e\000r\000r\000o\000r\000\040\000a\000c\000c\000o\000u\000n\000t\000s}{subsection.0.3.2}% 14
\BOOKMARK [3][-]{subsubsection.0.3.2.6}{\376\377\000C\000o\000n\000t\000i\000n\000u\000o\000u\000s\000-\000a\000c\000t\000i\000o\000n\000\040\000p\000r\000o\000p\000o\000s\000a\000l\000s\000\040\000a\000n\000d\000\040\000a\000\040\000b\000u\000d\000g\000e\000t\000-\000s\000a\000f\000e\000\040\000B\000e\000l\000l\000m\000a\000n\000\040\000e\000n\000c\000l\000o\000s\000u\000r\000e}{subsection.0.3.2}% 15
\BOOKMARK [1][-]{section.0.4}{\376\377\000P\000r\000o\000o\000f\000s}{}% 16
\BOOKMARK [2][-]{subsubsection.0.4.0.1}{\376\377\000P\000r\000o\000o\000f\000\040\000o\000f\000\040\000T\000h\000e\000o\000r\000e\000m\000\040\000S\000.\0001}{section.0.4}% 17
\BOOKMARK [3][-]{subsubsection.0.4.0.2}{\376\377\000E\000x\000a\000c\000t\000\040\000p\000o\000l\000i\000c\000y\000\040\000i\000m\000p\000r\000o\000v\000e\000m\000e\000n\000t}{subsubsection.0.4.0.1}% 18
\BOOKMARK [3][-]{subsubsection.0.4.0.3}{\376\377\000P\000r\000o\000o\000f\000\040\000o\000f\000\040\000T\000h\000e\000o\000r\000e\000m\000\040\000S\000.\0002}{subsubsection.0.4.0.1}% 19
\BOOKMARK [3][-]{subsubsection.0.4.0.4}{\376\377\000P\000r\000o\000o\000f\000\040\000o\000f\000\040\000T\000h\000e\000o\000r\000e\000m\000\040\000S\000.\0003}{subsubsection.0.4.0.1}% 20
\BOOKMARK [3][-]{subsubsection.0.4.0.5}{\376\377\000F\000i\000n\000i\000t\000e\000-\000h\000o\000r\000i\000z\000o\000n\000\040\000B\000e\000l\000l\000m\000a\000n\000\040\000e\000r\000r\000o\000r\000\040\000a\000c\000c\000u\000m\000u\000l\000a\000t\000i\000o\000n}{subsubsection.0.4.0.1}% 21
\BOOKMARK [3][-]{subsubsection.0.4.0.6}{\376\377\000D\000e\000r\000i\000v\000a\000t\000i\000o\000n\000\040\000o\000f\000\040\000t\000h\000e\000\040\000t\000e\000m\000p\000o\000r\000a\000l\000-\000s\000e\000l\000f\000\040\000c\000o\000n\000d\000i\000t\000i\000o\000n}{subsubsection.0.4.0.1}% 22
\BOOKMARK [2][-]{subsection.0.4.1}{\376\377\000P\000r\000o\000o\000f\000s\000\040\000f\000o\000r\000\040\000t\000h\000e\000\040\000G\000u\000a\000r\000d\000e\000d\000\040\000a\000n\000d\000\040\000S\000i\000g\000n\000e\000d\000\040\000M\000a\000p}{section.0.4}% 23
\BOOKMARK [3][-]{subsubsection.0.4.1.1}{\376\377\000P\000r\000o\000o\000f\000\040\000o\000f\000\040\000P\000r\000o\000p\000o\000s\000i\000t\000i\000o\000n\000\040\000A\000.\0001}{subsection.0.4.1}% 24
\BOOKMARK [3][-]{subsubsection.0.4.1.2}{\376\377\000P\000r\000o\000o\000f\000\040\000o\000f\000\040\000T\000h\000e\000o\000r\000e\000m\000\040\000A\000.\0002}{subsection.0.4.1}% 25
\BOOKMARK [3][-]{subsubsection.0.4.1.3}{\376\377\000D\000e\000r\000i\000v\000a\000t\000i\000v\000e\000\040\000h\000u\000l\000l\000s\000\040\000f\000o\000r\000\040\000t\000h\000e\000\040\000p\000r\000e\000f\000e\000r\000e\000n\000c\000e\000\040\000e\000c\000o\000n\000o\000m\000y}{subsection.0.4.1}% 26
\BOOKMARK [3][-]{subsubsection.0.4.1.4}{\376\377\000P\000r\000o\000o\000f\000\040\000o\000f\000\040\000P\000r\000o\000p\000o\000s\000i\000t\000i\000o\000n\000\040\000A\000.\0003}{subsection.0.4.1}% 27
\BOOKMARK [3][-]{subsubsection.0.4.1.5}{\376\377\000C\000o\000m\000p\000e\000n\000s\000a\000t\000i\000o\000n\000\040\000a\000n\000d\000\040\000a\000r\000i\000t\000h\000m\000e\000t\000i\000c\000\040\000s\000c\000o\000p\000e}{subsection.0.4.1}% 28
\BOOKMARK [2][-]{subsection.0.4.2}{\376\377\000A\000d\000d\000i\000t\000i\000o\000n\000a\000l\000\040\000P\000r\000o\000o\000f\000s\000\040\000a\000n\000d\000\040\000N\000u\000m\000e\000r\000i\000c\000a\000l\000\040\000C\000o\000n\000t\000r\000a\000c\000t\000s}{section.0.4}% 29
\BOOKMARK [3][-]{subsubsection.0.4.2.1}{\376\377\000C\000o\000s\000t\000a\000t\000e\000\040\000e\000r\000r\000o\000r\000\040\000a\000n\000d\000\040\000a\000c\000t\000i\000o\000n\000\040\000q\000u\000a\000l\000i\000t\000y}{subsection.0.4.2}% 30
\BOOKMARK [3][-]{subsubsection.0.4.2.2}{\376\377\000C\000a\000n\000c\000e\000l\000l\000a\000t\000i\000o\000n\000,\000\040\000c\000l\000i\000p\000p\000i\000n\000g\000\040\000a\000n\000d\000\040\000f\000i\000n\000i\000t\000e\000-\000p\000o\000p\000u\000l\000a\000t\000i\000o\000n\000\040\000i\000n\000f\000e\000r\000e\000n\000c\000e}{subsection.0.4.2}% 31
\BOOKMARK [3][-]{subsubsection.0.4.2.3}{\376\377\000O\000b\000s\000e\000r\000v\000e\000d\000-\000h\000i\000s\000t\000o\000r\000y\000\040\000i\000m\000p\000l\000e\000m\000e\000n\000t\000a\000t\000i\000o\000n}{subsection.0.4.2}% 32
\BOOKMARK [3][-]{subsubsection.0.4.2.4}{\376\377\000I\000n\000d\000e\000p\000e\000n\000d\000e\000n\000t\000\040\000s\000c\000a\000l\000a\000r\000\040\000H\000J\000B\000\040\000a\000p\000p\000r\000o\000x\000i\000m\000a\000t\000i\000o\000n}{subsection.0.4.2}% 33
\BOOKMARK [3][-]{subsubsection.0.4.2.5}{\376\377\000F\000r\000o\000m\000\040\000e\000v\000a\000l\000u\000a\000t\000i\000o\000n\000\040\000e\000r\000r\000o\000r\000\040\000t\000o\000\040\000e\000c\000o\000n\000o\000m\000i\000c\000\040\000i\000m\000p\000r\000o\000v\000e\000m\000e\000n\000t}{subsection.0.4.2}% 34
\BOOKMARK [1][-]{section.0.5}{\376\377\000C\000a\000p\000i\000t\000a\000l\000\040\000E\000r\000r\000o\000r\000\040\000B\000o\000u\000n\000d\000s\000\040\000a\000n\000d\000\040\000N\000u\000m\000e\000r\000i\000c\000a\000l\000\040\000A\000c\000c\000o\000u\000n\000t\000s}{}% 35
\BOOKMARK [2][-]{subsection.0.5.1}{\376\377\000T\000h\000e\000\040\000a\000n\000a\000l\000y\000t\000i\000c\000a\000l\000\040\000a\000n\000c\000h\000o\000r\000\040\000a\000n\000d\000\040\000t\000u\000b\000e\000\040\000b\000o\000u\000n\000d}{section.0.5}% 36
\BOOKMARK [3][-]{subsubsection.0.5.1.1}{\376\377\000C\000o\000m\000p\000u\000t\000a\000b\000l\000e\000\040\000s\000c\000o\000p\000e\000\040\000a\000n\000d\000\040\000c\000o\000s\000t}{subsection.0.5.1}% 37
\BOOKMARK [2][-]{subsection.0.5.2}{\376\377\000P\000r\000o\000o\000f\000\040\000o\000f\000\040\000t\000h\000e\000\040\000C\000o\000n\000t\000i\000n\000u\000o\000u\000s\000-\000C\000a\000p\000i\000t\000a\000l\000\040\000G\000u\000a\000r\000a\000n\000t\000e\000e}{section.0.5}% 38
\BOOKMARK [3][-]{subsubsection.0.5.2.1}{\376\377\000L\000o\000g\000a\000r\000i\000t\000h\000m\000i\000c\000\040\000t\000a\000n\000g\000e\000n\000t\000\040\000r\000e\000m\000a\000i\000n\000d\000e\000r}{subsection.0.5.2}% 39
\BOOKMARK [3][-]{subsubsection.0.5.2.2}{\376\377\000S\000y\000n\000c\000h\000r\000o\000n\000o\000u\000s\000\040\000c\000o\000m\000p\000a\000r\000i\000s\000o\000n\000\040\000a\000n\000d\000\040\000b\000a\000s\000e\000l\000i\000n\000e\000\040\000m\000o\000m\000e\000n\000t\000s}{subsection.0.5.2}% 40
\BOOKMARK [3][-]{subsubsection.0.5.2.3}{\376\377\000A\000n\000\040\000e\000x\000a\000c\000t\000\040\000p\000a\000y\000o\000f\000f\000-\000d\000i\000f\000f\000e\000r\000e\000n\000c\000e\000\040\000i\000d\000e\000n\000t\000i\000t\000y}{subsection.0.5.2}% 41
\BOOKMARK [3][-]{subsubsection.0.5.2.4}{\376\377\000I\000n\000t\000e\000r\000v\000a\000l\000\040\000s\000p\000e\000c\000t\000r\000a\000l\000\040\000a\000n\000d\000\040\000d\000e\000p\000l\000o\000y\000m\000e\000n\000t\000\040\000c\000h\000e\000c\000k\000s}{subsection.0.5.2}% 42
\BOOKMARK [2][-]{subsection.0.5.3}{\376\377\000A\000\040\000n\000e\000t\000w\000o\000r\000k\000-\000i\000n\000d\000e\000p\000e\000n\000d\000e\000n\000t\000\040\000d\000i\000f\000f\000u\000s\000i\000o\000n\000-\000t\000r\000a\000n\000s\000f\000e\000r\000\040\000b\000o\000u\000n\000d}{section.0.5}% 43
\BOOKMARK [2][-]{subsection.0.5.4}{\376\377\000T\000h\000e\000\040\000d\000e\000t\000e\000r\000m\000i\000n\000i\000s\000t\000i\000c\000\040\000c\000l\000i\000p\000p\000i\000n\000g\000\040\000a\000n\000d\000\040\000t\000a\000i\000l\000\040\000a\000c\000c\000o\000u\000n\000t}{section.0.5}% 44
\BOOKMARK [2][-]{subsection.0.5.5}{\376\377\000P\000r\000o\000o\000f\000s\000\040\000f\000o\000r\000\040\000P\000o\000l\000i\000c\000y\000-\000S\000p\000e\000c\000i\000f\000i\000c\000\040\000V\000e\000r\000i\000f\000i\000c\000a\000t\000i\000o\000n}{section.0.5}% 45
\BOOKMARK [3][-]{subsubsection.0.5.5.1}{\376\377\000G\000e\000n\000e\000r\000a\000t\000o\000r\000\040\000a\000n\000d\000\040\000s\000t\000o\000c\000h\000a\000s\000t\000i\000c\000\040\000l\000o\000c\000a\000l\000-\000e\000r\000r\000o\000r\000\040\000b\000o\000u\000n\000d\000s}{subsection.0.5.5}% 46
\BOOKMARK [3][-]{subsubsection.0.5.5.2}{\376\377\000C\000l\000i\000p\000p\000e\000d\000\040\000i\000n\000n\000o\000v\000a\000t\000i\000o\000n\000s\000\040\000a\000n\000d\000\040\000n\000u\000m\000e\000r\000i\000c\000a\000l\000\040\000i\000n\000t\000e\000g\000r\000a\000t\000i\000o\000n}{subsection.0.5.5}% 47
\BOOKMARK [3][-]{subsubsection.0.5.5.3}{\376\377\000A\000r\000i\000t\000h\000m\000e\000t\000i\000c\000\040\000c\000o\000n\000t\000r\000a\000c\000t\000\040\000a\000n\000d\000\040\000f\000o\000r\000w\000a\000r\000d\000-\000e\000r\000r\000o\000r\000\040\000b\000u\000d\000g\000e\000t}{subsection.0.5.5}% 48
\BOOKMARK [3][-]{subsubsection.0.5.5.4}{\376\377\000A\000\040\000g\000l\000o\000b\000a\000l\000\040\000c\000l\000i\000p\000p\000i\000n\000g\000\040\000e\000n\000v\000e\000l\000o\000p\000e}{subsection.0.5.5}% 49
\BOOKMARK [3][-]{subsubsection.0.5.5.5}{\376\377\000F\000i\000n\000i\000t\000e\000\040\000f\000a\000m\000i\000l\000i\000e\000s\000,\000\040\000s\000e\000l\000e\000c\000t\000i\000o\000n\000,\000\040\000a\000n\000d\000\040\000i\000n\000t\000e\000r\000p\000r\000e\000t\000a\000t\000i\000o\000n}{subsection.0.5.5}% 50
\BOOKMARK [1][-]{section.0.6}{\376\377\000P\000r\000o\000o\000f\000s\000\040\000a\000n\000d\000\040\000C\000o\000m\000p\000u\000t\000a\000b\000l\000e\000\040\000A\000c\000c\000o\000u\000n\000t\000s\000\040\000f\000o\000r\000\040\000t\000h\000e\000\040\000B\000e\000l\000l\000m\000a\000n\000\040\000B\000r\000i\000d\000g\000e}{}% 51
\BOOKMARK [2][-]{subsection.0.6.1}{\376\377\000F\000i\000n\000i\000t\000e\000\040\000p\000e\000r\000f\000o\000r\000m\000a\000n\000c\000e\000\040\000d\000i\000f\000f\000e\000r\000e\000n\000c\000e\000\040\000a\000n\000d\000\040\000t\000h\000e\000\040\000a\000c\000t\000i\000o\000n\000\040\000b\000r\000i\000d\000g\000e}{section.0.6}% 52
\BOOKMARK [2][-]{subsection.0.6.2}{\376\377\000A\000\040\000c\000o\000m\000p\000u\000t\000a\000b\000l\000e\000\040\000a\000c\000t\000i\000o\000n\000\040\000g\000a\000p}{section.0.6}% 53
\BOOKMARK [2][-]{subsection.0.6.3}{\376\377\000C\000o\000n\000t\000i\000n\000u\000a\000t\000i\000o\000n\000\040\000t\000a\000r\000g\000e\000t\000s\000\040\000o\000n\000\040\000o\000n\000e\000\040\000g\000l\000o\000b\000a\000l\000\040\000g\000r\000i\000d}{section.0.6}% 54
\BOOKMARK [2][-]{subsection.0.6.4}{\376\377\000A\000n\000t\000i\000t\000h\000e\000t\000i\000c\000\040\000c\000a\000n\000c\000e\000l\000l\000a\000t\000i\000o\000n\000\040\000a\000n\000d\000\040\000n\000o\000n\000a\000s\000y\000m\000p\000t\000o\000t\000i\000c\000\040\000r\000a\000n\000g\000e\000s}{section.0.6}% 55
\BOOKMARK [2][-]{subsection.0.6.5}{\376\377\000S\000t\000a\000t\000i\000s\000t\000i\000c\000s\000,\000\040\000a\000r\000i\000t\000h\000m\000e\000t\000i\000c\000,\000\040\000a\000n\000d\000\040\000p\000a\000y\000o\000f\000f\000\040\000t\000r\000a\000n\000s\000f\000e\000r}{section.0.6}% 56
\BOOKMARK [1][-]{section.0.7}{\376\377\000A\000\040\000P\000a\000i\000r\000e\000d\000\040\000T\000r\000a\000n\000s\000f\000e\000r\000\040\000t\000o\000\040\000C\000o\000n\000t\000i\000n\000u\000o\000u\000s\000-\000T\000i\000m\000e\000\040\000W\000e\000l\000f\000a\000r\000e}{}% 57
\BOOKMARK [2][-]{subsection.0.7.1}{\376\377\000T\000h\000e\000\040\000c\000o\000m\000p\000a\000r\000e\000d\000\040\000p\000o\000l\000i\000c\000i\000e\000s\000\040\000a\000n\000d\000\040\000t\000h\000e\000\040\000e\000x\000a\000c\000t\000\040\000f\000i\000n\000i\000t\000e\000\040\000s\000t\000a\000t\000i\000s\000t\000i\000c}{section.0.7}% 58
\BOOKMARK [2][-]{subsection.0.7.2}{\376\377\000C\000o\000m\000p\000u\000t\000a\000b\000l\000e\000\040\000g\000l\000o\000b\000a\000l\000\040\000c\000o\000e\000f\000f\000i\000c\000i\000e\000n\000t\000s}{section.0.7}% 59
\BOOKMARK [2][-]{subsection.0.7.3}{\376\377\000P\000r\000o\000o\000f\000\040\000o\000f\000\040\000P\000r\000o\000p\000o\000s\000i\000t\000i\000o\000n\000\040\000S\000.\0001\0001}{section.0.7}% 60
\BOOKMARK [2][-]{subsection.0.7.4}{\376\377\000O\000u\000t\000w\000a\000r\000d\000\040\000e\000v\000a\000l\000u\000a\000t\000i\000o\000n\000\040\000a\000n\000d\000\040\000r\000e\000u\000s\000e\000\040\000o\000f\000\040\000t\000h\000e\000\040\000o\000r\000i\000g\000i\000n\000a\000l\000\040\000c\000o\000n\000f\000i\000d\000e\000n\000c\000e\000\040\000e\000v\000e\000n\000t}{section.0.7}% 61
\BOOKMARK [2][-]{subsection.0.7.5}{\376\377\000P\000r\000o\000o\000f\000\040\000o\000f\000\040\000P\000r\000o\000p\000o\000s\000i\000t\000i\000o\000n\000\040\000S\000.\0002\0002}{section.0.7}% 62
\BOOKMARK [2][-]{subsection.0.7.6}{\376\377\000A\000n\000\040\000i\000n\000d\000e\000p\000e\000n\000d\000e\000n\000t\000\040\000a\000u\000d\000i\000t\000\040\000o\000f\000\040\000t\000h\000e\000\040\000p\000a\000i\000r\000e\000d\000\040\000t\000r\000a\000n\000s\000f\000e\000r}{section.0.7}% 63
\BOOKMARK [2][-]{subsection.0.7.7}{\376\377\000A\000\040\000s\000i\000g\000n\000e\000d\000\040\000o\000c\000c\000u\000p\000a\000t\000i\000o\000n\000\040\000a\000c\000c\000o\000u\000n\000t\000\040\000w\000i\000t\000h\000\040\000s\000h\000a\000r\000e\000d\000\040\000c\000o\000n\000t\000i\000n\000u\000a\000t\000i\000o\000n\000\040\000p\000a\000t\000h\000s}{section.0.7}% 64
\BOOKMARK [2][-]{subsection.0.7.8}{\376\377\000A\000\040\000r\000a\000n\000g\000e\000\040\000t\000h\000a\000t\000\040\000c\000o\000n\000t\000a\000i\000n\000s\000\040\000n\000o\000\040\000f\000i\000t\000t\000e\000d\000\040\000n\000e\000t\000w\000o\000r\000k\000\040\000n\000o\000r\000m}{section.0.7}% 65
\BOOKMARK [1][-]{section.0.8}{\376\377\000R\000e\000u\000s\000a\000b\000l\000e\000\040\000C\000o\000n\000t\000i\000n\000u\000a\000t\000i\000o\000n\000\040\000i\000n\000\040\000a\000\040\000F\000a\000m\000i\000l\000y\000\040\000o\000f\000\040\000C\000a\000p\000i\000t\000a\000l\000\040\000D\000e\000c\000i\000s\000i\000o\000n\000s}{}% 66
\BOOKMARK [2][-]{subsection.0.8.1}{\376\377\000A\000\040\000d\000i\000r\000e\000c\000t\000\040\000c\000o\000n\000d\000i\000t\000i\000o\000n\000a\000l\000\040\000p\000a\000y\000o\000f\000f\000\040\000s\000t\000a\000t\000i\000s\000t\000i\000c}{section.0.8}% 67
\BOOKMARK [2][-]{subsection.0.8.2}{\376\377\000A\000c\000c\000u\000r\000a\000c\000y\000\040\000o\000v\000e\000r\000\040\000a\000n\000\040\000e\000n\000t\000i\000r\000e\000\040\000s\000c\000a\000l\000a\000r\000\040\000i\000n\000t\000e\000r\000v\000e\000n\000t\000i\000o\000n\000\040\000c\000l\000a\000s\000s}{section.0.8}% 68
\BOOKMARK [1][-]{section.0.9}{\376\377\000S\000t\000o\000c\000h\000a\000s\000t\000i\000c\000\040\000H\000e\000s\000s\000i\000a\000n\000\040\000O\000b\000j\000e\000c\000t\000i\000v\000e\000s\000\040\000a\000n\000d\000\040\000C\000o\000m\000p\000l\000e\000x\000i\000t\000y}{}% 69
\BOOKMARK [2][-]{subsection.0.9.1}{\376\377\000I\000m\000p\000l\000e\000m\000e\000n\000t\000e\000d\000\040\000E\000r\000r\000o\000r\000\040\000A\000c\000c\000o\000u\000n\000t\000s\000\040\000a\000n\000d\000\040\000A\000r\000i\000t\000h\000m\000e\000t\000i\000c}{section.0.9}% 70
\BOOKMARK [3][-]{subsubsection.0.9.1.1}{\376\377\000F\000u\000l\000l\000-\000d\000o\000m\000a\000i\000n\000\040\000i\000n\000t\000e\000r\000v\000a\000l\000\040\000i\000m\000p\000l\000e\000m\000e\000n\000t\000a\000t\000i\000o\000n}{subsection.0.9.1}% 71
\BOOKMARK [3][-]{subsubsection.0.9.1.2}{\376\377\000A\000p\000p\000l\000i\000c\000a\000t\000i\000o\000n\000-\000s\000p\000e\000c\000i\000f\000i\000c\000\040\000h\000y\000p\000o\000t\000h\000e\000s\000e\000s}{subsection.0.9.1}% 72
\BOOKMARK [1][-]{section.0.10}{\376\377\000O\000b\000s\000e\000r\000v\000a\000t\000i\000o\000n\000\040\000a\000n\000d\000\040\000I\000m\000p\000l\000e\000m\000e\000n\000t\000a\000t\000i\000o\000n}{}% 73
\BOOKMARK [2][-]{subsection.0.10.1}{\376\377\000O\000b\000s\000e\000r\000v\000a\000t\000i\000o\000n\000\040\000a\000n\000d\000\040\000t\000h\000e\000\040\000E\000c\000o\000n\000o\000m\000i\000c\000\040\000I\000m\000p\000l\000e\000m\000e\000n\000t\000a\000t\000i\000o\000n}{section.0.10}% 74
\BOOKMARK [3][-]{subsubsection.0.10.1.1}{\376\377\000I\000n\000f\000o\000r\000m\000a\000t\000i\000o\000n\000\040\000a\000n\000d\000\040\000t\000h\000e\000\040\000c\000o\000m\000p\000a\000r\000i\000s\000o\000n\000\040\000c\000l\000a\000s\000s}{subsection.0.10.1}% 75
\BOOKMARK [3][-]{subsubsection.0.10.1.2}{\376\377\000F\000i\000n\000i\000t\000e\000\040\000o\000b\000s\000e\000r\000v\000a\000t\000i\000o\000n\000s\000\040\000w\000i\000t\000h\000\040\000a\000\040\000c\000o\000n\000t\000i\000n\000u\000o\000u\000s\000-\000e\000c\000o\000n\000o\000m\000y\000\040\000t\000r\000a\000n\000s\000f\000e\000r}{subsection.0.10.1}% 76
\BOOKMARK [2][-]{subsection.0.10.2}{\376\377\000F\000i\000n\000i\000t\000e\000-\000O\000b\000s\000e\000r\000v\000a\000t\000i\000o\000n\000\040\000T\000r\000a\000n\000s\000f\000e\000r\000\040\000P\000r\000o\000o\000f}{section.0.10}% 77
\BOOKMARK [3][-]{subsubsection.0.10.2.1}{\376\377\000P\000r\000o\000o\000f\000\040\000o\000f\000\040\000P\000r\000o\000p\000o\000s\000i\000t\000i\000o\000n\000\040\000S\000.\0002\0000}{subsection.0.10.2}% 78
\BOOKMARK [1][-]{section.0.11}{\376\377\000I\000n\000d\000e\000p\000e\000n\000d\000e\000n\000t\000\040\000N\000u\000m\000e\000r\000i\000c\000a\000l\000\040\000D\000i\000a\000g\000n\000o\000s\000t\000i\000c\000s}{}% 79
\BOOKMARK [2][-]{subsection.0.11.1}{\376\377\000A\000\040\000T\000r\000a\000i\000n\000e\000d\000\040\000N\000e\000u\000r\000a\000l\000\040\000B\000o\000u\000n\000d\000a\000r\000y\000-\000V\000a\000l\000u\000e\000\040\000P\000r\000o\000b\000l\000e\000m}{section.0.11}% 80
\BOOKMARK [3][-]{subsubsection.0.11.1.1}{\376\377\000C\000o\000n\000t\000r\000o\000l\000l\000e\000d\000\040\000c\000o\000m\000p\000a\000r\000i\000s\000o\000n\000\040\000a\000n\000d\000\040\000f\000a\000i\000l\000u\000r\000e\000s}{subsection.0.11.1}% 81
\BOOKMARK [2][-]{subsection.0.11.2}{\376\377\000I\000n\000d\000e\000p\000e\000n\000d\000e\000n\000t\000\040\000S\000c\000a\000l\000a\000r\000\040\000R\000e\000f\000e\000r\000e\000n\000c\000e\000:\000\040\000E\000q\000u\000a\000t\000i\000o\000n\000s\000\040\000a\000n\000d\000\040\000C\000o\000m\000p\000l\000e\000t\000e\000\040\000D\000i\000a\000g\000n\000o\000s\000t\000i\000c\000s}{section.0.11}% 82
\BOOKMARK [3][-]{subsubsection.0.11.2.1}{\376\377\000T\000h\000e\000\040\000s\000c\000a\000l\000a\000r\000\040\000r\000e\000f\000e\000r\000e\000n\000c\000e\000\040\000a\000n\000d\000\040\000i\000t\000s\000\040\000r\000e\000s\000i\000d\000u\000a\000l\000\040\000a\000c\000c\000o\000u\000n\000t}{subsection.0.11.2}% 83
\BOOKMARK [2][-]{subsection.0.11.3}{\376\377\000F\000i\000n\000i\000t\000e\000-\000O\000b\000s\000e\000r\000v\000a\000t\000i\000o\000n\000\040\000D\000i\000a\000g\000n\000o\000s\000t\000i\000c\000\040\000A\000c\000c\000o\000u\000n\000t\000s}{section.0.11}% 84
\BOOKMARK [1][-]{section.0.12}{\376\377\000T\000h\000e\000\040\000C\000o\000m\000p\000l\000e\000t\000e\000\040\000P\000r\000e\000v\000i\000o\000u\000s\000\040\000C\000o\000m\000p\000u\000t\000a\000t\000i\000o\000n\000a\000l\000\040\000E\000v\000i\000d\000e\000n\000c\000e}{}% 85
\BOOKMARK [1][-]{section.0.13}{\376\377\000C\000o\000m\000p\000u\000t\000a\000t\000i\000o\000n\000a\000l\000\040\000D\000e\000s\000i\000g\000n\000\040\000a\000n\000d\000\040\000t\000h\000e\000\040\000E\000x\000i\000s\000t\000i\000n\000g\000\040\000C\000o\000m\000p\000a\000r\000i\000s\000o\000n}{}% 86
\BOOKMARK [2][-]{subsection.0.13.1}{\376\377\000T\000h\000e\000\040\000e\000x\000e\000c\000u\000t\000e\000d\000\040\000c\000a\000p\000i\000t\000a\000l\000\040\000c\000o\000m\000p\000a\000r\000i\000s\000o\000n}{section.0.13}% 87
\BOOKMARK [2][-]{subsection.0.13.2}{\376\377\000A\000c\000c\000u\000r\000a\000c\000y\000\040\000o\000b\000j\000e\000c\000t\000s\000\040\000a\000n\000d\000\040\000e\000c\000o\000n\000o\000m\000i\000c\000\040\000s\000c\000a\000l\000e}{section.0.13}% 88
\BOOKMARK [2][-]{subsection.0.13.3}{\376\377\000W\000o\000r\000k\000\040\000a\000n\000d\000\040\000c\000o\000m\000p\000a\000r\000i\000s\000o\000n\000\040\000s\000e\000m\000a\000n\000t\000i\000c\000s}{section.0.13}% 89
\BOOKMARK [1][-]{section.0.14}{\376\377\000E\000v\000a\000l\000u\000a\000t\000i\000o\000n\000\040\000a\000n\000d\000\040\000E\000c\000o\000n\000o\000m\000i\000c\000\040\000P\000e\000r\000f\000o\000r\000m\000a\000n\000c\000e}{}% 90
\BOOKMARK [2][-]{subsection.0.14.1}{\376\377\000T\000h\000e\000\040\000c\000a\000p\000i\000t\000a\000l\000\040\000e\000x\000p\000e\000r\000i\000m\000e\000n\000t}{section.0.14}% 91
\BOOKMARK [2][-]{subsection.0.14.2}{\376\377\000C\000o\000n\000t\000r\000i\000b\000u\000t\000i\000o\000n\000-\000i\000s\000o\000l\000a\000t\000i\000n\000g\000\040\000c\000o\000m\000p\000a\000r\000i\000s\000o\000n\000s}{section.0.14}% 92
\BOOKMARK [2][-]{subsection.0.14.3}{\376\377\000T\000h\000e\000\040\000d\000i\000s\000t\000r\000i\000b\000u\000t\000i\000o\000n\000\040\000o\000f\000\040\000a\000\040\000c\000o\000m\000p\000u\000t\000a\000t\000i\000o\000n\000a\000l\000\040\000m\000e\000t\000h\000o\000d}{section.0.14}% 93
\BOOKMARK [2][-]{subsection.0.14.4}{\376\377\000S\000i\000m\000u\000l\000t\000a\000n\000e\000o\000u\000s\000\040\000i\000n\000f\000e\000r\000e\000n\000c\000e\000\040\000f\000o\000r\000\040\000t\000h\000e\000\040\000f\000i\000n\000i\000t\000e\000\040\000m\000e\000t\000h\000o\000d\000\040\000d\000i\000s\000t\000r\000i\000b\000u\000t\000i\000o\000n}{section.0.14}% 94
\BOOKMARK [2][-]{subsection.0.14.5}{\376\377\000M\000e\000t\000h\000o\000d\000\040\000p\000e\000r\000f\000o\000r\000m\000a\000n\000c\000e\000,\000\040\000r\000o\000b\000u\000s\000t\000n\000e\000s\000s\000,\000\040\000a\000n\000d\000\040\000c\000o\000m\000p\000l\000e\000t\000e\000\040\000w\000o\000r\000k}{section.0.14}% 95
\BOOKMARK [2][-]{subsection.0.14.6}{\376\377\000D\000i\000r\000e\000c\000t\000\040\000c\000o\000m\000p\000a\000r\000i\000s\000o\000n\000s\000\040\000w\000i\000t\000h\000\040\000a\000\040\000s\000h\000a\000r\000e\000d\000\040\000d\000i\000f\000f\000u\000s\000i\000o\000n\000-\000t\000r\000a\000n\000s\000f\000e\000r\000\040\000a\000c\000c\000o\000u\000n\000t}{section.0.14}% 96
\BOOKMARK [2][-]{subsection.0.14.7}{\376\377\000A\000b\000s\000o\000l\000u\000t\000e\000\040\000a\000c\000c\000u\000r\000a\000c\000y\000\040\000i\000n\000\040\000t\000h\000e\000\040\000o\000r\000i\000g\000i\000n\000a\000l\000\040\000c\000o\000n\000t\000r\000o\000l\000\040\000p\000r\000o\000b\000l\000e\000m}{section.0.14}% 97
\BOOKMARK [2][-]{subsection.0.14.8}{\376\377\000C\000o\000n\000t\000i\000n\000u\000a\000t\000i\000o\000n\000\040\000a\000c\000c\000u\000r\000a\000c\000y\000\040\000w\000h\000e\000r\000e\000\040\000t\000h\000e\000\040\000p\000o\000l\000i\000c\000y\000\040\000c\000h\000a\000n\000g\000e\000s\000\040\000t\000h\000e\000\040\000a\000l\000l\000o\000c\000a\000t\000i\000o\000n}{section.0.14}% 98
\BOOKMARK [2][-]{subsection.0.14.9}{\376\377\000I\000n\000d\000e\000p\000e\000n\000d\000e\000n\000t\000\040\000s\000c\000a\000l\000a\000r\000\040\000t\000r\000a\000i\000n\000i\000n\000g\000\040\000a\000n\000d\000\040\000n\000u\000m\000e\000r\000i\000c\000a\000l\000\040\000a\000c\000c\000u\000r\000a\000c\000y}{section.0.14}% 99
\BOOKMARK [2][-]{subsection.0.14.10}{\376\377\000I\000m\000p\000l\000e\000m\000e\000n\000t\000a\000t\000i\000o\000n\000\040\000f\000r\000o\000m\000\040\000f\000i\000n\000i\000t\000e\000\040\000s\000t\000a\000t\000e\000\040\000m\000e\000a\000s\000u\000r\000e\000m\000e\000n\000t\000s}{section.0.14}% 100
\BOOKMARK [1][-]{section.0.15}{\376\377\000C\000o\000m\000p\000l\000e\000t\000e\000\040\000C\000o\000m\000p\000u\000t\000a\000t\000i\000o\000n\000a\000l\000\040\000O\000u\000t\000c\000o\000m\000e\000s}{}% 101
\BOOKMARK [1][-]{section.0.16}{\376\377\000C\000o\000m\000p\000l\000e\000t\000e\000\040\000M\000e\000c\000h\000a\000n\000i\000s\000m\000\040\000A\000s\000s\000e\000s\000s\000m\000e\000n\000t}{}% 102
\BOOKMARK [1][-]{section.0.17}{\376\377\000A\000n\000\040\000O\000u\000t\000w\000a\000r\000d\000\040\000A\000l\000g\000e\000b\000r\000a\000i\000c\000\040\000E\000r\000r\000o\000r\000\040\000A\000c\000c\000o\000u\000n\000t\000\040\000f\000o\000r\000\040\000t\000h\000e\000\040\000S\000c\000a\000l\000a\000r\000\040\000C\000o\000m\000p\000a\000r\000a\000t\000o\000r}{}% 103
\BOOKMARK [1][-]{section.0.18}{\376\377\000C\000o\000m\000p\000l\000e\000t\000e\000\040\000S\000c\000a\000l\000a\000r\000\040\000C\000o\000m\000p\000a\000r\000i\000s\000o\000n\000\040\000T\000a\000b\000l\000e\000s}{}% 104
\BOOKMARK [2][-]{subsection.0.18.1}{\376\377\000C\000o\000m\000p\000l\000e\000t\000e\000\040\000p\000r\000o\000t\000e\000c\000t\000e\000d\000-\000p\000a\000r\000e\000n\000t\000\040\000a\000n\000d\000\040\000f\000i\000n\000i\000t\000e\000-\000o\000b\000s\000e\000r\000v\000a\000t\000i\000o\000n\000\040\000r\000e\000s\000u\000l\000t\000s}{section.0.18}% 105
\BOOKMARK [1][-]{section.0.19}{\376\377\000D\000e\000s\000i\000g\000n\000\040\000o\000f\000\040\000t\000h\000e\000\040\000R\000e\000u\000s\000a\000b\000l\000e\000\040\000C\000a\000p\000i\000t\000a\000l\000\040\000D\000e\000c\000i\000s\000i\000o\000n\000\040\000M\000e\000n\000u}{}% 106
\BOOKMARK [2][-]{subsection.0.19.1}{\376\377\000C\000a\000l\000i\000b\000r\000a\000t\000i\000o\000n\000s\000\040\000a\000n\000d\000\040\000t\000h\000e\000\040\000q\000u\000e\000r\000y\000\040\000p\000o\000p\000u\000l\000a\000t\000i\000o\000n}{section.0.19}% 107
\BOOKMARK [2][-]{subsection.0.19.2}{\376\377\000F\000i\000v\000e\000\040\000r\000e\000u\000s\000a\000b\000l\000e\000\040\000p\000r\000o\000c\000e\000d\000u\000r\000e\000s}{section.0.19}% 108
\BOOKMARK [2][-]{subsection.0.19.3}{\376\377\000I\000n\000d\000e\000p\000e\000n\000d\000e\000n\000t\000\040\000p\000a\000y\000o\000f\000f\000\040\000a\000n\000d\000\040\000s\000c\000a\000l\000a\000r\000-\000a\000c\000c\000u\000r\000a\000c\000y\000\040\000s\000t\000a\000t\000e\000m\000e\000n\000t\000s}{section.0.19}% 109
\BOOKMARK [2][-]{subsection.0.19.4}{\376\377\000C\000o\000m\000p\000l\000e\000t\000e\000\040\000w\000o\000r\000k\000\040\000a\000n\000d\000\040\000d\000e\000v\000e\000l\000o\000p\000m\000e\000n\000t\000\040\000h\000i\000s\000t\000o\000r\000y}{section.0.19}% 110
\BOOKMARK [2][-]{subsection.0.19.5}{\376\377\000C\000o\000m\000p\000l\000e\000t\000e\000\040\000c\000o\000n\000t\000i\000n\000u\000a\000t\000i\000o\000n\000\040\000r\000e\000u\000s\000e\000\040\000e\000v\000i\000d\000e\000n\000c\000e}{section.0.19}% 111
\BOOKMARK [1][-]{section.0.20}{\376\377\000I\000n\000d\000e\000p\000e\000n\000d\000e\000n\000t\000\040\000C\000o\000n\000f\000i\000r\000m\000a\000t\000i\000o\000n\000\040\000o\000f\000\040\000t\000h\000e\000\040\000O\000r\000i\000g\000i\000n\000a\000l\000\040\000P\000o\000l\000i\000c\000i\000e\000s}{}% 112
\BOOKMARK [2][-]{subsection.0.20.1}{\376\377\000C\000o\000m\000p\000l\000e\000t\000e\000\040\000f\000r\000e\000s\000h\000\040\000s\000i\000g\000n\000e\000d\000\040\000m\000e\000c\000h\000a\000n\000i\000s\000m\000\040\000e\000v\000i\000d\000e\000n\000c\000e}{section.0.20}% 113
\BOOKMARK [1][-]{section.0.21}{\376\377\000E\000c\000o\000n\000o\000m\000i\000c\000\040\000R\000o\000b\000u\000s\000t\000n\000e\000s\000s\000\040\000a\000n\000d\000\040\000t\000h\000e\000\040\000S\000t\000r\000e\000n\000g\000t\000h\000e\000n\000e\000d\000\040\000H\000J\000B\000\040\000P\000r\000o\000c\000e\000d\000u\000r\000e}{}% 114
\BOOKMARK [2][-]{subsection.0.21.1}{\376\377\000E\000c\000o\000n\000o\000m\000i\000c\000\040\000v\000a\000r\000i\000a\000t\000i\000o\000n}{section.0.21}% 115
\BOOKMARK [2][-]{subsection.0.21.2}{\376\377\000H\000J\000B\000\040\000d\000i\000f\000f\000e\000r\000e\000n\000t\000i\000a\000t\000i\000o\000n\000,\000\040\000s\000e\000l\000e\000c\000t\000i\000o\000n\000,\000\040\000a\000n\000d\000\040\000d\000e\000p\000l\000o\000y\000m\000e\000n\000t}{section.0.21}% 116
\BOOKMARK [2][-]{subsection.0.21.3}{\376\377\000E\000c\000o\000n\000o\000m\000i\000c\000\040\000g\000a\000i\000n\000s\000\040\000a\000n\000d\000\040\000c\000o\000m\000p\000l\000e\000t\000e\000\040\000p\000r\000o\000c\000e\000s\000s\000\040\000w\000o\000r\000k}{section.0.21}% 117
\BOOKMARK [1][-]{section.0.22}{\376\377\000E\000c\000o\000n\000o\000m\000i\000c\000\040\000a\000c\000t\000i\000o\000n\000\040\000c\000o\000n\000t\000r\000a\000s\000t\000s\000\040\000a\000n\000d\000\040\000i\000n\000d\000e\000p\000e\000n\000d\000e\000n\000t\000\040\000r\000i\000s\000k\000\040\000a\000s\000s\000e\000s\000s\000m\000e\000n\000t}{}% 118
\BOOKMARK [1][-]{section.0.23}{\376\377\000S\000h\000a\000r\000p\000\040\000A\000c\000c\000u\000r\000a\000c\000y\000\040\000B\000o\000u\000n\000d\000s\000\040\000f\000r\000o\000m\000\040\000S\000i\000m\000u\000l\000t\000a\000n\000e\000o\000u\000s\000\040\000P\000a\000y\000o\000f\000f\000\040\000C\000o\000n\000t\000r\000a\000s\000t\000s}{}% 119
\BOOKMARK [2][-]{subsection.0.23.1}{\376\377\000E\000x\000a\000c\000t\000\040\000a\000r\000i\000t\000h\000m\000e\000t\000i\000c\000\040\000a\000n\000d\000\040\000t\000h\000e\000\040\000c\000o\000m\000p\000l\000e\000t\000e\000\040\000i\000n\000p\000u\000t\000\040\000f\000a\000m\000i\000l\000y}{section.0.23}% 120
\BOOKMARK [1][-]{section.0.24}{\376\377\000I\000n\000d\000e\000p\000e\000n\000d\000e\000n\000t\000\040\000R\000i\000s\000k\000\040\000a\000n\000d\000\040\000C\000a\000t\000a\000l\000o\000g\000u\000e\000\040\000E\000v\000i\000d\000e\000n\000c\000e}{}% 121
\BOOKMARK [2][-]{subsection.0.24.1}{\376\377\000C\000o\000n\000f\000i\000d\000e\000n\000c\000e\000\040\000f\000a\000m\000i\000l\000i\000e\000s\000\040\000a\000n\000d\000\040\000c\000h\000r\000o\000n\000o\000l\000o\000g\000y}{section.0.24}% 122
\BOOKMARK [1][-]{section.0.25}{\376\377\000S\000o\000u\000r\000c\000e\000\040\000P\000r\000e\000s\000e\000r\000v\000a\000t\000i\000o\000n\000\040\000a\000n\000d\000\040\000E\000v\000i\000d\000e\000n\000c\000e\000\040\000I\000n\000d\000e\000x}{}% 123
\BOOKMARK [1][-]{section.0.26}{\376\377\000D\000e\000t\000a\000i\000l\000e\000d\000\040\000C\000a\000p\000i\000t\000a\000l\000\040\000a\000n\000d\000\040\000I\000m\000p\000l\000e\000m\000e\000n\000t\000a\000t\000i\000o\000n\000\040\000A\000c\000c\000o\000u\000n\000t\000s}{}% 124
\BOOKMARK [1][-]{section.0.27}{\376\377\000C\000o\000n\000t\000i\000n\000u\000o\000u\000s\000-\000E\000c\000o\000n\000o\000m\000y\000\040\000G\000u\000a\000r\000a\000n\000t\000e\000e\000s\000\040\000f\000o\000r\000\040\000N\000e\000u\000r\000a\000l\000\040\000C\000a\000p\000i\000t\000a\000l\000\040\000P\000o\000l\000i\000c\000i\000e\000s}{}% 125
\BOOKMARK [2][-]{subsection.0.27.1}{\376\377\000T\000h\000e\000\040\000d\000e\000p\000l\000o\000y\000e\000d\000\040\000n\000e\000u\000r\000a\000l\000\040\000m\000a\000p\000\040\000a\000n\000d\000\040\000i\000t\000s\000\040\000n\000u\000m\000e\000r\000i\000c\000a\000l\000\040\000g\000u\000a\000r\000d}{section.0.27}% 126
\BOOKMARK [2][-]{subsection.0.27.2}{\376\377\000P\000o\000l\000i\000c\000y\000-\000S\000p\000e\000c\000i\000f\000i\000c\000\040\000V\000e\000r\000i\000f\000i\000c\000a\000t\000i\000o\000n\000\040\000a\000f\000t\000e\000r\000\040\000B\000e\000l\000l\000m\000a\000n\000\040\000I\000m\000p\000r\000o\000v\000e\000m\000e\000n\000t}{section.0.27}% 127
\BOOKMARK [3][-]{subsubsection.0.27.2.1}{\376\377\000T\000h\000e\000\040\000d\000e\000p\000l\000o\000y\000e\000d\000\040\000c\000o\000n\000t\000r\000o\000l\000l\000e\000r}{subsection.0.27.2}% 128
\BOOKMARK [3][-]{subsubsection.0.27.2.2}{\376\377\000A\000n\000\040\000e\000x\000a\000c\000t\000\040\000i\000m\000p\000r\000o\000v\000e\000m\000e\000n\000t\000\040\000i\000d\000e\000n\000t\000i\000t\000y}{subsection.0.27.2}% 129
\BOOKMARK [3][-]{subsubsection.0.27.2.3}{\376\377\000T\000r\000a\000n\000s\000f\000e\000r\000r\000i\000n\000g\000\040\000t\000h\000e\000\040\000c\000o\000m\000p\000u\000t\000e\000d\000\040\000p\000a\000y\000o\000f\000f\000\040\000t\000o\000\040\000t\000h\000e\000\040\000e\000c\000o\000n\000o\000m\000y}{subsection.0.27.2}% 130
\BOOKMARK [3][-]{subsubsection.0.27.2.4}{\376\377\000A\000\040\000p\000o\000s\000t\000-\000t\000r\000a\000i\000n\000i\000n\000g\000\040\000c\000e\000r\000t\000i\000f\000i\000c\000a\000t\000e}{subsection.0.27.2}% 131
\BOOKMARK [2][-]{subsection.0.27.3}{\376\377\000A\000n\000\040\000o\000p\000e\000r\000a\000t\000i\000o\000n\000a\000l\000\040\000e\000v\000a\000l\000u\000a\000t\000i\000o\000n\040\023\000i\000m\000p\000r\000o\000v\000e\000m\000e\000n\000t\000\040\000a\000c\000c\000o\000u\000n\000t}{section.0.27}% 132
\BOOKMARK [2][-]{subsection.0.27.4}{\376\377\000I\000n\000f\000o\000r\000m\000a\000t\000i\000o\000n\000\040\000a\000n\000d\000\040\000t\000h\000e\000\040\000i\000m\000p\000l\000e\000m\000e\000n\000t\000e\000d\000\040\000d\000e\000c\000i\000s\000i\000o\000n\000\040\000r\000u\000l\000e}{section.0.27}% 133
\BOOKMARK [2][-]{subsection.0.27.5}{\376\377\000W\000h\000e\000n\000\040\000i\000s\000\040\000s\000t\000a\000t\000e\000-\000d\000e\000p\000e\000n\000d\000e\000n\000t\000\040\000m\000a\000n\000a\000g\000e\000m\000e\000n\000t\000\040\000w\000o\000r\000t\000h\000\040\000i\000t\000s\000\040\000f\000e\000e\000?}{section.0.27}% 134
\BOOKMARK [1][-]{section.0.28}{\376\377\000D\000e\000c\000i\000s\000i\000o\000n\000\040\000A\000c\000c\000u\000r\000a\000c\000y\000,\000\040\000T\000r\000a\000n\000s\000p\000o\000r\000t\000,\000\040\000a\000n\000d\000\040\000S\000t\000o\000p\000p\000i\000n\000g\000:\000\040\000P\000r\000o\000o\000f\000s}{}% 135
\BOOKMARK [2][-]{subsection.0.28.1}{\376\377\000P\000r\000o\000o\000f\000\040\000o\000f\000\040\000P\000r\000o\000p\000o\000s\000i\000t\000i\000o\000n\000\040\0001}{section.0.28}% 136
\BOOKMARK [2][-]{subsection.0.28.2}{\376\377\000P\000r\000o\000o\000f\000\040\000o\000f\000\040\000T\000h\000e\000o\000r\000e\000m\000\040\0002}{section.0.28}% 137
\BOOKMARK [2][-]{subsection.0.28.3}{\376\377\000P\000r\000o\000o\000f\000\040\000o\000f\000\040\000P\000r\000o\000p\000o\000s\000i\000t\000i\000o\000n\000\040\0004}{section.0.28}% 138
\BOOKMARK [2][-]{subsection.0.28.4}{\376\377\000P\000r\000o\000o\000f\000\040\000o\000f\000\040\000C\000o\000r\000o\000l\000l\000a\000r\000y\000\040\0003}{section.0.28}% 139
\BOOKMARK [2][-]{subsection.0.28.5}{\376\377\000U\000n\000i\000f\000o\000r\000m\000\040\000c\000u\000r\000v\000a\000t\000u\000r\000e\000\040\000i\000n\000\040\000t\000h\000e\000\040\000s\000t\000o\000r\000e\000d\000\040\000c\000a\000p\000i\000t\000a\000l\000\040\000e\000c\000o\000n\000o\000m\000y}{section.0.28}% 140
\BOOKMARK [2][-]{subsection.0.28.6}{\376\377\000A\000r\000i\000t\000h\000m\000e\000t\000i\000c\000\040\000e\000n\000c\000l\000o\000s\000u\000r\000e\000\040\000a\000n\000d\000\040\000i\000t\000s\000\040\000i\000m\000p\000l\000e\000m\000e\000n\000t\000a\000t\000i\000o\000n}{section.0.28}% 141
\BOOKMARK [2][-]{subsection.0.28.7}{\376\377\000C\000h\000a\000r\000g\000e\000\040\000m\000o\000n\000o\000t\000o\000n\000i\000c\000i\000t\000y\000\040\000a\000n\000d\000\040\000t\000h\000e\000\040\000e\000c\000o\000n\000o\000m\000i\000c\000\040\000t\000o\000l\000e\000r\000a\000n\000c\000e}{section.0.28}% 142
\BOOKMARK [1][-]{section.0.29}{\376\377\000P\000r\000o\000s\000p\000e\000c\000t\000i\000v\000e\000\040\000E\000x\000p\000e\000r\000i\000m\000e\000n\000t\000:\000\040\000C\000o\000m\000p\000l\000e\000t\000e\000\040\000R\000e\000c\000o\000r\000d}{}% 143
\BOOKMARK [1][-]{bibliography-section.1}{\376\377\000R\000e\000f\000e\000r\000e\000n\000c\000e\000s}{}% 144
