This is pdfTeX, Version 3.141592653-2.6-1.40.25 (TeX Live 2023/Debian) (preloaded format=pdflatex)
entering extended mode
(./supp.tex
LaTeX2e <2023-11-01> patch level 1
L3 programming layer <2024-01-22>
(./econsocart.cls
Document Class: econsocart 2022/11/21 v1.4.1, The Econometric Society Journals
(/usr/share/texlive/texmf-dist/tex/latex/etoolbox/etoolbox.sty)
(./econsocart.cfg) (/usr/share/texlive/texmf-dist/tex/latex/base/fix-cm.sty
(/usr/share/texlive/texmf-dist/tex/latex/base/ts1enc.def))
(/usr/share/texlive/texmf-dist/tex/latex/graphics/graphicx.sty
(/usr/share/texlive/texmf-dist/tex/latex/graphics/keyval.sty)
(/usr/share/texlive/texmf-dist/tex/latex/graphics/graphics.sty
(/usr/share/texlive/texmf-dist/tex/latex/graphics/trig.sty)
(/usr/share/texlive/texmf-dist/tex/latex/graphics-cfg/graphics.cfg)
(/usr/share/texlive/texmf-dist/tex/latex/graphics-def/pdftex.def)))
(/usr/share/texlive/texmf-dist/tex/latex/base/fontenc.sty)
(/usr/share/texlive/texmf-dist/tex/latex/psnfss/times.sty)
(/usr/share/texlive/texmf-dist/tex/latex/textcase/textcase.sty)
(/usr/share/texlive/texmf-dist/tex/latex/psnfss/helvet.sty)
(/usr/share/texlive/texmf-dist/tex/latex/base/textcomp.sty)
(/usr/share/texlive/texmf-dist/tex/latex/psnfss/t1ptm.fd)
(/usr/share/texlive/texmf-dist/tex/latex/amsfonts/amssymb.sty
(/usr/share/texlive/texmf-dist/tex/latex/amsfonts/amsfonts.sty))
(/usr/share/texlive/texmf-dist/tex/latex/tools/bm.sty)
(/usr/share/texlive/texmf-dist/tex/latex/url/url.sty)
(/usr/share/texlive/texmf-dist/tex/latex/amsmath/amsmath.sty
For additional information on amsmath, use the `?' option.
(/usr/share/texlive/texmf-dist/tex/latex/amsmath/amstext.sty
(/usr/share/texlive/texmf-dist/tex/latex/amsmath/amsgen.sty))
(/usr/share/texlive/texmf-dist/tex/latex/amsmath/amsbsy.sty)
(/usr/share/texlive/texmf-dist/tex/latex/amsmath/amsopn.sty))
(/usr/share/texlive/texmf-dist/tex/latex/amscls/amsthm.sty)
(/usr/share/texlive/texmf-dist/tex/latex/natbib/natbib.sty))
(/usr/share/texlive/texmf-dist/tex/latex/hyperref/xr-hyper.sty)
(/usr/share/texlive/texmf-dist/tex/latex/booktabs/booktabs.sty)
(/usr/share/texlive/texmf-dist/tex/latex/tools/array.sty)
(/usr/share/texlive/texmf-dist/tex/latex/tools/longtable.sty)
(/usr/share/texlive/texmf-dist/tex/latex/algorithms/algorithm.sty
(/usr/share/texlive/texmf-dist/tex/latex/float/float.sty)
(/usr/share/texlive/texmf-dist/tex/latex/base/ifthen.sty))
(/usr/share/texlive/texmf-dist/tex/latex/algorithmicx/algpseudocode.sty
(/usr/share/texlive/texmf-dist/tex/latex/algorithmicx/algorithmicx.sty
Document Style algorithmicx 1.2 - a greatly improved `algorithmic' style
)
Document Style - pseudocode environments for use with the `algorithmicx' style
) (/usr/share/texlive/texmf-dist/tex/latex/enumitem/enumitem.sty)
(/usr/share/texlive/texmf-dist/tex/latex/base/fontenc.sty)
(/usr/share/texlive/texmf-dist/tex/latex/psnfss/mathpazo.sty)
(/usr/share/texlive/texmf-dist/tex/latex/microtype/microtype.sty
(/usr/share/texlive/texmf-dist/tex/latex/microtype/microtype-pdftex.def)
(/usr/share/texlive/texmf-dist/tex/latex/microtype/microtype.cfg))
(/usr/share/texlive/texmf-dist/tex/latex/needspace/needspace.sty)
(/usr/share/texlive/texmf-dist/tex/latex/hyperref/hyperref.sty
(/usr/share/texlive/texmf-dist/tex/generic/iftex/iftex.sty)
(/usr/share/texlive/texmf-dist/tex/latex/kvsetkeys/kvsetkeys.sty)
(/usr/share/texlive/texmf-dist/tex/generic/kvdefinekeys/kvdefinekeys.sty)
(/usr/share/texlive/texmf-dist/tex/generic/pdfescape/pdfescape.sty
(/usr/share/texlive/texmf-dist/tex/generic/ltxcmds/ltxcmds.sty)
(/usr/share/texlive/texmf-dist/tex/generic/pdftexcmds/pdftexcmds.sty
(/usr/share/texlive/texmf-dist/tex/generic/infwarerr/infwarerr.sty)))
(/usr/share/texlive/texmf-dist/tex/latex/hycolor/hycolor.sty)
(/usr/share/texlive/texmf-dist/tex/latex/auxhook/auxhook.sty)
(/usr/share/texlive/texmf-dist/tex/latex/hyperref/nameref.sty
(/usr/share/texlive/texmf-dist/tex/latex/refcount/refcount.sty)
(/usr/share/texlive/texmf-dist/tex/generic/gettitlestring/gettitlestring.sty
(/usr/share/texlive/texmf-dist/tex/latex/kvoptions/kvoptions.sty)))
(/usr/share/texlive/texmf-dist/tex/latex/hyperref/pd1enc.def)
(/usr/share/texlive/texmf-dist/tex/generic/intcalc/intcalc.sty)
(/usr/share/texlive/texmf-dist/tex/latex/hyperref/puenc.def)
(/usr/share/texlive/texmf-dist/tex/generic/bitset/bitset.sty
(/usr/share/texlive/texmf-dist/tex/generic/bigintcalc/bigintcalc.sty))
(/usr/share/texlive/texmf-dist/tex/latex/base/atbegshi-ltx.sty))
(/usr/share/texlive/texmf-dist/tex/latex/hyperref/hpdftex.def
(/usr/share/texlive/texmf-dist/tex/latex/base/atveryend-ltx.sty)
(/usr/share/texlive/texmf-dist/tex/latex/rerunfilecheck/rerunfilecheck.sty
(/usr/share/texlive/texmf-dist/tex/generic/uniquecounter/uniquecounter.sty)))

Package xr Warning: 
No file revisions/2026-10-05-r19-integrated/build/applications_refs.aux
LABELS NOT IMPORTED.
 on input line 41.

(/usr/share/texlive/texmf-dist/tex/latex/psnfss/t1pcr.fd)
(/usr/share/texlive/texmf-dist/tex/latex/hyperref/backref.sty)
(/usr/share/texlive/texmf-dist/tex/latex/psnfss/t1ppl.fd)
(/usr/share/texlive/texmf-dist/tex/latex/l3backend/l3backend-pdftex.def)

LaTeX Warning: Unused global option(s):
    [nameyear].

No file supp.aux.
(/usr/share/texlive/texmf-dist/tex/context/base/mkii/supp-pdf.mkii
[Loading MPS to PDF converter (version 2006.09.02).]
) (/usr/share/texlive/texmf-dist/tex/latex/microtype/mt-ppl.cfg)
(/usr/share/texlive/texmf-dist/tex/latex/graphics/color.sty
(/usr/share/texlive/texmf-dist/tex/latex/graphics-cfg/color.cfg)
(/usr/share/texlive/texmf-dist/tex/latex/graphics/mathcolor.ltx))
(./revisions/2026-10-04-r16/manuscript/supplement_guide.tex

LaTeX Warning: Reference `app:r15index' on page 1 undefined on input line 6.

) (./revisions/2026-10-04-r16/retained/manuscript/general_theory.tex
(/usr/share/texlive/texmf-dist/tex/latex/psnfss/ot1ppl.fd)
(/usr/share/texlive/texmf-dist/tex/latex/psnfss/omlzplm.fd)
(/usr/share/texlive/texmf-dist/tex/latex/psnfss/omszplm.fd)
(/usr/share/texlive/texmf-dist/tex/latex/psnfss/omxzplm.fd)
(/usr/share/texlive/texmf-dist/tex/latex/microtype/mt-msa.cfg)
(/usr/share/texlive/texmf-dist/tex/latex/microtype/mt-msb.cfg)
(/usr/share/texlive/texmf-dist/tex/latex/microtype/mt-cmr.cfg)
(/usr/share/texlive/texmf-dist/tex/latex/psnfss/ot1zplm.fd) [1
Non-PDF special ignored!
<special> papersize=614.295pt,794.96999pt
{/var/lib/texmf/fonts/map/pdftex/updmap/pdftex.map}{/usr/share/texlive/texmf-di
st/fonts/enc/dvips/base/8r.enc}]

LaTeX Warning: Reference `sec:coverage' on page 2 undefined on input line 23.


LaTeX Font Warning: Font shape `T1/ppl/m/uc' undefined
(Font)              using `T1/ppl/m/n' instead on input line 34.


LaTeX Font Warning: Font shape `T1/ppl/m/up' undefined
(Font)              using `T1/ppl/m/n' instead on input line 34.

[2]

LaTeX Warning: Reference `eq:implicit' on page 3 undefined on input line 36.


LaTeX Warning: Reference `thm:discrete' on page 3 undefined on input line 53.

[3]

LaTeX Warning: Reference `app:r15evaluation' on page 4 undefined on input line 
64.


LaTeX Warning: Reference `app:proofs' on page 4 undefined on input line 66.

) (./revisions/2026-10-04-r16/retained/manuscript/mechanism.tex
Underfull \vbox (badness 5832) has occurred while \output is active [4]
(/usr/share/texlive/texmf-dist/tex/latex/psnfss/ufplmbb.fd)

LaTeX Warning: Reference `eq:r12actionloss' on page 5 undefined on input line 3
0.


LaTeX Warning: Reference `eq:r12projection' on page 5 undefined on input line 3
0.

[5]

LaTeX Warning: Reference `prop:r14economiccostate' on page 6 undefined on input
 line 33.


LaTeX Warning: Reference `thm:r11certificate' on page 6 undefined on input line
 53.


LaTeX Warning: Reference `eq:r11lower' on page 6 undefined on input line 53.

[6]) (./revisions/2026-10-04-r16/retained/manuscript/appendix_evaluation.tex
[7]

Package hyperref Warning: Difference (2) between bookmark levels is greater 
(hyperref)                than one, level fixed on input line 22.


Package natbib Warning: Citation `borkar2024' on page 8 undefined on input line
 27.

[8]
Underfull \vbox (badness 3482) has occurred while \output is active [9]
[10] [11]
Underfull \vbox (badness 10000) has occurred while \output is active [12]

LaTeX Warning: Reference `thm:viscosity' on page 13 undefined on input line 129
.

[13] [14] [15])
(./revisions/2026-10-04-r16/retained/manuscript/appendix_proofs.tex

LaTeX Warning: Reference `thm:verification' on page 16 undefined on input line 
6.


Package hyperref Warning: Difference (2) between bookmark levels is greater 
(hyperref)                than one, level fixed on input line 6.


LaTeX Warning: Reference `eq:valuebound' on page 16 undefined on input line 12.



LaTeX Warning: Reference `eq:policybound' on page 16 undefined on input line 14
.


LaTeX Warning: Reference `eq:regret' on page 16 undefined on input line 14.

[16]

LaTeX Warning: Reference `thm:discrete' on page 17 undefined on input line 19.


LaTeX Warning: Reference `eq:implicit' on page 17 undefined on input line 20.


LaTeX Warning: Reference `thm:viscosity' on page 17 undefined on input line 29.



LaTeX Warning: Reference `eq:discretebound' on page 17 undefined on input line 
30.


Package natbib Warning: Citation `barles1991' on page 17 undefined on input lin
e 35.


Package natbib Warning: Citation `crandall1992' on page 17 undefined on input l
ine 35.

[17] [18]

LaTeX Warning: Reference `eq:spike' on page 19 undefined on input line 55.


LaTeX Warning: Reference `prop:r9guard' on page 19 undefined on input line 59.


LaTeX Warning: Reference `thm:r9cover' on page 19 undefined on input line 62.


LaTeX Warning: Reference `eq:r9mean' on page 19 undefined on input line 67.

[19]

LaTeX Warning: Reference `eq:r9coverbound' on page 20 undefined on input line 6
9.


Underfull \vbox (badness 4531) has occurred while \output is active [20]

LaTeX Warning: Reference `prop:r9capital' on page 21 undefined on input line 90
.

[21]
Underfull \vbox (badness 8132) has occurred while \output is active [22]

LaTeX Warning: Reference `eq:r12actionloss' on page 23 undefined on input line 
120.


LaTeX Warning: Reference `eq:r12projection' on page 23 undefined on input line 
122.


LaTeX Warning: Reference `prop:r11transfer' on page 23 undefined on input line 
125.


LaTeX Warning: Reference `eq:r12fee' on page 23 undefined on input line 132.

[23]
Underfull \vbox (badness 1215) has occurred while \output is active [24]
[25]

LaTeX Warning: Reference `prop:r12costate' on page 26 undefined on input line 1
72.

[26]

LaTeX Warning: Reference `prop:r12costate' on page 27 undefined on input line 2
35.

[27]

LaTeX Warning: Reference `eq:r14economiccostate' on page 28 undefined on input 
line 267.

[28]

LaTeX Warning: Reference `eq:r14costateresidual' on page 29 undefined on input 
line 297.

) (./revisions/2026-10-04-r16/retained/manuscript/appendix_capital_accounts.tex

LaTeX Warning: Reference `eq:r10state' on page 29 undefined on input line 9.


LaTeX Warning: Reference `eq:r10anchor' on page 29 undefined on input line 9.


LaTeX Warning: Reference `eq:r11implementation' on page 29 undefined on input l
ine 10.


LaTeX Warning: Reference `eq:r10anchor' on page 29 undefined on input line 27.

[29]

LaTeX Warning: Reference `app:r10proof' on page 30 undefined on input line 48.

[30] [31]

LaTeX Warning: Reference `eq:r10loglemma' on page 32 undefined on input line 11
4.

[32]

LaTeX Warning: Reference `eq:r10stability' on page 33 undefined on input line 1
17.


LaTeX Warning: Reference `eq:r10moment' on page 33 undefined on input line 117.



LaTeX Warning: Reference `eq:r10anchorbound' on page 33 undefined on input line
 124.


LaTeX Warning: Reference `eq:r10identity' on page 33 undefined on input line 12
6.


LaTeX Warning: Reference `eq:r10logupper' on page 33 undefined on input line 12
6.


LaTeX Warning: Reference `eq:r10stability' on page 33 undefined on input line 1
34.


LaTeX Warning: Reference `eq:r10anchorbound' on page 33 undefined on input line
 134.


LaTeX Warning: Reference `eq:r10neuralbound' on page 33 undefined on input line
 134.


LaTeX Warning: Reference `eq:r10inward' on page 33 undefined on input line 142.


[33]

LaTeX Warning: Reference `eq:r10Q' on page 34 undefined on input line 152.

[34]

LaTeX Warning: Reference `app:r11proofs' on page 35 undefined on input line 182
.


LaTeX Warning: Reference `eq:r11implementation' on page 35 undefined on input l
ine 182.

[35] [36]

LaTeX Warning: Reference `eq:r11strong' on page 37 undefined on input line 237.



LaTeX Warning: Reference `eq:r11bias' on page 37 undefined on input line 259.


LaTeX Warning: Reference `prop:r11transfer' on page 37 undefined on input line 
259.


Underfull \vbox (badness 4792) has occurred while \output is active [37]
[38] [39]
Underfull \hbox (badness 922) in paragraph at lines 296--297
[]\T1/ppl/m/up/12 (+20) The sam-pling con-tract is ideal in-de-pen-dent standar
d-normal in-no-va-tions
[40]

Package natbib Warning: Citation `maurer2009' on page 41 undefined on input lin
e 334.

) (./revisions/2026-10-04-r16/retained/manuscript/new_proofs.tex [41]

LaTeX Warning: Reference `eq:r15postdecision' on page 42 undefined on input lin
e 18.


LaTeX Warning: Reference `prop:r15bellmanbridge' on page 42 undefined on input 
line 43.

[42]

LaTeX Warning: Reference `eq:r15actorgap' on page 43 undefined on input line 57
.


LaTeX Warning: Reference `eq:r15bridge' on page 43 undefined on input line 80.


LaTeX Warning: Reference `eq:r15quadratic' on page 43 undefined on input line 8
1.


LaTeX Warning: Reference `eq:r15adjoint' on page 43 undefined on input line 106
.

[43]

LaTeX Warning: Reference `eq:r15statistics' on page 44 undefined on input line 
149.

[44]

LaTeX Warning: Reference `eq:r15costaterange' on page 45 undefined on input lin
e 189.


LaTeX Warning: Reference `eq:r15eclip' on page 45 undefined on input line 190.

[45]

LaTeX Warning: Reference `eq:r15etail' on page 46 undefined on input line 229.


LaTeX Warning: Reference `eq:r15eclip' on page 46 undefined on input line 231.

[46]

LaTeX Warning: Reference `eq:r15statistics' on page 47 undefined on input line 
278.


Package natbib Warning: Citation `maurer2009' on page 47 undefined on input lin
e 281.


LaTeX Warning: Reference `eq:r15costaterange' on page 47 undefined on input lin
e 304.

[47] [48]

LaTeX Warning: Reference `eq:r15adjointarithmetic' on page 49 undefined on inpu
t line 376.


Underfull \vbox (badness 10000) has occurred while \output is active [49]

LaTeX Warning: Reference `prop:r11transfer' on page 50 undefined on input line 
439.


LaTeX Warning: Reference `prop:r15bellmanbridge' on page 50 undefined on input 
line 444.


LaTeX Warning: Reference `thm:r15mechanism' on page 50 undefined on input line 
446.


LaTeX Warning: Reference `prop:r15actorgap' on page 50 undefined on input line 
447.

) (./revisions/2026-10-04-r16/retained/manuscript/paired_transfer.tex [50]
[51]

LaTeX Warning: Reference `eq:r15pairedidealstatistic' on page 52 undefined on i
nput line 84.


LaTeX Warning: Reference `eq:r15pairedidealstatistic' on page 52 undefined on i
nput line 88.

[52]

LaTeX Warning: Reference `eq:r15pairedscalargradient' on page 53 undefined on i
nput line 125.

[53]

LaTeX Warning: Reference `eq:r15pairedtube' on page 54 undefined on input line 
184.

(/usr/share/texlive/texmf-dist/tex/latex/microtype/mt-euf.cfg)

LaTeX Warning: Reference `prop:r15pairedtransfer' on page 54 undefined on input
 line 226.

[54]

LaTeX Warning: Reference `eq:r15pairedcoefficients' on page 55 undefined on inp
ut line 285.

[55]

LaTeX Warning: Reference `eq:r15pairedgeneratorbounds' on page 56 undefined on 
input line 341.


LaTeX Warning: Reference `eq:r15pairedhsmatrix' on page 56 undefined on input l
ine 342.

[56]

LaTeX Warning: Reference `eq:r15paireddistance' on page 57 undefined on input l
ine 371.


LaTeX Warning: Reference `eq:r15pairedsingleerror' on page 57 undefined on inpu
t line 372.


LaTeX Warning: Reference `eq:r15pairedidealbound' on page 57 undefined on input
 line 388.

[57]

LaTeX Warning: Reference `eq:r15pairedidealbound' on page 58 undefined on input
 line 403.


LaTeX Warning: Reference `eq:r15pairedidealbound' on page 58 undefined on input
 line 429.


LaTeX Warning: Reference `eq:r15pairedidealclaim' on page 58 undefined on input
 line 430.


LaTeX Warning: Reference `eq:r15pairedimplementedbound' on page 58 undefined on
 input line 447.

[58]

LaTeX Warning: Reference `eq:r15pairedimplementedclaim' on page 59 undefined on
 input line 455.


LaTeX Warning: Reference `eq:r15pairedrecursion' on page 59 undefined on input 
line 487.

[59]

LaTeX Warning: Reference `eq:r15pairedimplementedclaim' on page 60 undefined on
 input line 508.

) (./revisions/2026-10-04-r16/retained/manuscript/method_inference_proof.tex

LaTeX Warning: Reference `prop:r15methodinterval' on page 60 undefined on input
 line 3.


Package natbib Warning: Citation `maurer2009' on page 60 undefined on input lin
e 11.


LaTeX Warning: Reference `eq:r15methodinterval' on page 60 undefined on input l
ine 13.


Underfull \vbox (badness 3930) has occurred while \output is active [60]

LaTeX Warning: Reference `eq:r15attainment' on page 61 undefined on input line 
33.

) (./revisions/2026-10-04-r16/manuscript/paired_audit.tex

LaTeX Warning: Reference `prop:r15pairedtransfer' on page 61 undefined on input
 line 5.

[61]) (./revisions/2026-10-04-r16/manuscript/signed_bellman_bridge.tex

LaTeX Warning: Reference `eq:r15finite' on page 62 undefined on input line 6.


LaTeX Warning: Reference `eq:r15reward' on page 62 undefined on input line 6.


Underfull \vbox (badness 7944) has occurred while \output is active [62]

LaTeX Warning: Reference `eq:r15telescoping' on page 63 undefined on input line
 54.


LaTeX Warning: Reference `thm:r15mechanism' on page 63 undefined on input line 
57.


LaTeX Warning: Reference `eq:r16signedG' on page 63 undefined on input line 70.



Underfull \vbox (badness 1661) has occurred while \output is active [63]
[64]

LaTeX Warning: Reference `eq:r16signedG' on page 65 undefined on input line 122
.


LaTeX Warning: Reference `eq:r15adjoint' on page 65 undefined on input line 147
.

[65] [66]) (./revisions/2026-10-04-r16/manuscript/menu_theory.tex [67]

LaTeX Warning: Reference `prop:r16menucache' on page 68 undefined on input line
 73.

[68]
Underfull \vbox (badness 2990) has occurred while \output is active [69]
[70] [71] [72])
(./revisions/2026-10-04-r16/retained/manuscript/appendix_implementation.tex
[73]
Underfull \vbox (badness 10000) has occurred while \output is active [74]
[75] [76])
(./revisions/2026-10-04-r16/retained/manuscript/appendix_observation.tex
[77]

LaTeX Warning: Reference `eq:r12recovery' on page 78 undefined on input line 23
.


LaTeX Warning: Reference `thm:r10tube' on page 78 undefined on input line 40.


LaTeX Warning: Reference `thm:r11certificate' on page 78 undefined on input lin
e 40.

[78]

LaTeX Warning: Reference `prop:r12observation' on page 79 undefined on input li
ne 75.

[79]
Underfull \vbox (badness 10000) has occurred while \output is active [80]

LaTeX Warning: Reference `thm:r11certificate' on page 81 undefined on input lin
e 142.

[81]

LaTeX Warning: Reference `prop:r14sensor' on page 82 undefined on input line 21
9.

[82]

LaTeX Warning: Reference `eq:r14sensorrecursion' on page 83 undefined on input 
line 268.

[83]

LaTeX Warning: Reference `eq:r11gain' on page 84 undefined on input line 288.


LaTeX Warning: Reference `eq:r11deficit' on page 84 undefined on input line 290
.


LaTeX Warning: Reference `eq:r14sensorpayoff' on page 84 undefined on input lin
e 312.

) (./revisions/2026-10-04-r16/retained/manuscript/appendix_diagnostics.tex
[84] [85]

LaTeX Warning: Reference `eq:exact-action-r6' on page 86 undefined on input lin
e 41.


Underfull \vbox (badness 4378) has occurred while \output is active [86]
Underfull \vbox (badness 10000) has occurred while \output is active [87]
[88] [89] [90] [91] [92] [93]

Package longtable Warning: Column widths have changed
(longtable)                in table S.4 on input line 332.

) (./revisions/2026-10-04-r16/manuscript/previous_evidence_guide.tex [94])
(./revisions/2026-10-04-r16/retained/manuscript/evidence_baseline.tex
Underfull \vbox (badness 2376) has occurred while \output is active [95]

LaTeX Warning: Reference `tab:r15referenceevidence' on page 96 undefined on inp
ut line 9.


Underfull \vbox (badness 10000) has occurred while \output is active [96]

LaTeX Warning: Reference `app:r15diagnostics' on page 97 undefined on input lin
e 34.


LaTeX Warning: Reference `eq:r12fee' on page 97 undefined on input line 36.


Underfull \vbox (badness 10000) has occurred while \output is active [97])
(./revisions/2026-10-04-r16/retained/manuscript/new_evidence.tex
(./revisions/2026-10-04-r16/retained/manuscript/experiment_design.tex

LaTeX Warning: Reference `eq:r10state' on page 98 undefined on input line 6.


LaTeX Warning: Reference `eq:r10payoff' on page 98 undefined on input line 6.

[98]) (./revisions/2026-10-04-r16/retained/manuscript/baseline_design.tex
Underfull \vbox (badness 10000) has occurred while \output is active [99]
[100]) (./revisions/2026-10-04-r16/retained/manuscript/method_inference.tex
[101] [102] [103])
(./revisions/2026-10-04-r16/retained/manuscript/method_evidence.tex

LaTeX Warning: Reference `tab:r15methodmeans' on page 104 undefined on input li
ne 8.


LaTeX Warning: Reference `tab:r15methodcontrasts' on page 104 undefined on inpu
t line 8.


LaTeX Warning: Reference `sec:r15methoddistribution' on page 104 undefined on i
nput line 8.


LaTeX Warning: Reference `tab:r15methodwork' on page 104 undefined on input lin
e 10.


LaTeX Warning: Reference `tab:r15methodoperations' on page 104 undefined on inp
ut line 10.


LaTeX Warning: Reference `tab:r15methoddecomposition' on page 104 undefined on 
input line 10.


(./revisions/2026-10-04-r16/retained/results/publication_tables/table_method_su
mmary.tex)
(./revisions/2026-10-04-r16/retained/results/publication_tables/table_method_co
mparisons.tex (/usr/share/texlive/texmf-dist/tex/latex/psnfss/ts1ppl.fd))
(./revisions/2026-10-04-r16/retained/results/experiment/report/table_method_wor
k.tex)
(./revisions/2026-10-04-r16/retained/results/experiment/report/table_method_ope
rations.tex)
(./revisions/2026-10-04-r16/retained/results/experiment/report/table_method_dec
omposition.tex))
(./revisions/2026-10-04-r16/retained/manuscript/primary_interpretation.tex
[104] [105] [106] [107])
(./revisions/2026-10-04-r16/retained/manuscript/paired_comparison.tex

LaTeX Warning: Reference `prop:r15pairedtransfer' on page 108 undefined on inpu
t line 7.


(./revisions/2026-10-04-r16/retained/results/paired_transfer/paired_transfer_ma
in.tex

LaTeX Warning: Reference `app:r15pairedtransfer' on page 108 undefined on input
 line 19.

) (./revisions/2026-10-04-r16/retained/manuscript/paired_interpretation.tex))
(./revisions/2026-10-04-r16/retained/results/economic_bounds/economic_bounds.te
x [108]

LaTeX Warning: Reference `eq:r10anchorbound' on page 109 undefined on input lin
e 7.


Underfull \vbox (badness 2762) has occurred while \output is active [109]
(./revisions/2026-10-04-r16/retained/results/economic_bounds/table_economic_bou
nds.tex)

LaTeX Warning: Reference `tab:r15absolute' on page 110 undefined on input line 
21.


LaTeX Warning: Reference `eq:r15methodregret' on page 110 undefined on input li
ne 21.

) (./revisions/2026-10-04-r16/retained/manuscript/mechanism_evidence.tex
(./revisions/2026-10-04-r16/retained/results/mechanism/report/mechanism_evidenc
e.tex
Underfull \vbox (badness 10000) has occurred while \output is active [110]

LaTeX Warning: Reference `tab:r15mechanismevaluation' on page 111 undefined on 
input line 11.


LaTeX Warning: Reference `tab:r15mechanismwelfare' on page 111 undefined on inp
ut line 20.


LaTeX Warning: Reference `thm:r15mechanism' on page 111 undefined on input line
 22.


Underfull \vbox (badness 7486) has occurred while \output is active [111]

LaTeX Warning: Reference `tab:r15mechanismfull' on page 112 undefined on input 
line 31.


LaTeX Warning: Reference `tab:r15mechanismwork' on page 112 undefined on input 
line 31.

)
(./revisions/2026-10-04-r16/retained/results/mechanism/report/table_mechanism_e
valuation.tex)
(./revisions/2026-10-04-r16/retained/results/mechanism/report/table_mechanism_w
elfare.tex))
(./revisions/2026-10-04-r16/retained/results/scalar_report/scalar_evidence.tex
Underfull \vbox (badness 10000) has occurred while \output is active [112]
(./revisions/2026-10-04-r16/retained/results/scalar_report/table_scalar_trainin
g.tex

LaTeX Warning: Reference `prop:r15scalarresidual' on page 113 undefined on inpu
t line 21.

)
(./revisions/2026-10-04-r16/retained/results/scalar_report/table_scalar_deploym
ent.tex) [113]

LaTeX Warning: Reference `cor:r15scalartube' on page 114 undefined on input lin
e 19.


Underfull \vbox (badness 2165) has occurred while \output is active [114])
(./revisions/2026-10-04-r16/retained/manuscript/observation_evidence.tex
Underfull \vbox (badness 5203) has occurred while \output is active [115]

LaTeX Warning: Reference `prop:r14sensor' on page 116 undefined on input line 1
0.


LaTeX Warning: Reference `tab:r15observation' on page 116 undefined on input li
ne 16.


LaTeX Warning: Reference `tab:r15observationfull' on page 116 undefined on inpu
t line 30.


LaTeX Warning: Reference `tab:r15observationwork' on page 116 undefined on inpu
t line 31.

(./revisions/2026-10-04-r16/retained/manuscript/table_observation_main.tex)))
(./revisions/2026-10-04-r16/retained/manuscript/experiment_supplement.tex
(./revisions/2026-10-04-r16/retained/results/publication_tables/table_method_se
ed_endpoints.tex
Underfull \vbox (badness 3930) has occurred while \output is active [116]
[117] [118] [119] [120] [121] [122]

Package longtable Warning: Column widths have changed
(longtable)                in table S.18 on input line 239.

[123])
(./revisions/2026-10-04-r16/retained/results/experiment/report/table_method_che
ckpoint_progress.tex
Underfull \hbox (badness 10000) in paragraph at lines 240--4


Package longtable Warning: Column widths have changed
(longtable)                in table S.19 on input line 39.

[124]))
(./revisions/2026-10-04-r16/retained/manuscript/mechanism_supplement.tex
(./revisions/2026-10-04-r16/retained/results/mechanism/report/table_mechanism_f
ull.tex)
(./revisions/2026-10-04-r16/retained/results/mechanism/report/table_mechanism_w
ork.tex))
(./revisions/2026-10-04-r16/retained/manuscript/scalar_algebraic_enclosure.tex
[125]
Overfull \vbox (0.6878pt too high) has occurred while \output is active
[126]

LaTeX Warning: Reference `eq:r15-scalar-discrete-residual' on page 127 undefine
d on input line 59.

[127]

LaTeX Warning: Reference `eq:r15-scalar-algebraic-bound' on page 128 undefined 
on input line 117.

[128]

LaTeX Warning: Reference `prop:r15scalarresidual' on page 129 undefined on inpu
t line 128.

) (./revisions/2026-10-04-r16/retained/manuscript/scalar_supplement.tex
(./revisions/2026-10-04-r16/retained/results/scalar_report/scalar_complete_tabl
es.tex
(./revisions/2026-10-04-r16/retained/results/scalar_report/table_scalar_all_mes
hes.tex

Package longtable Warning: Column widths have changed
(longtable)                in table S.22 on input line 37.

[129])
(./revisions/2026-10-04-r16/retained/results/scalar_report/table_scalar_refinem
ent.tex)
(./revisions/2026-10-04-r16/retained/results/scalar_report/table_scalar_time_re
finement.tex)
(./revisions/2026-10-04-r16/retained/results/scalar_report/table_scalar_all_pai
rs.tex [130] [131]

Package longtable Warning: Column widths have changed
(longtable)                in table S.25 on input line 125.

[132] [133] [134])))
(./revisions/2026-10-04-r16/retained/manuscript/observation_supplement.tex
(./revisions/2026-10-04-r16/retained/manuscript/table_observation_full.tex)
(./revisions/2026-10-04-r16/retained/manuscript/table_observation_work.tex))
(./revisions/2026-10-04-r16/retained/manuscript/paired_comparison_supplement.te
x
(./revisions/2026-10-04-r16/retained/results/paired_transfer/paired_transfer_su
pplement.tex [135] [136]

Package longtable Warning: Column widths have changed
(longtable)                in table S.28 on input line 111.

[137] [138] [139]))
(./revisions/2026-10-04-r16/manuscript/menu_design_supplement.tex

LaTeX Warning: Reference `prop:r16menucache' on page 140 undefined on input lin
e 8.


LaTeX Warning: Reference `tab:r16menucalibrations' on page 140 undefined on inp
ut line 14.

[140] [141]

LaTeX Warning: Reference `prop:r16menurange' on page 142 undefined on input lin
e 101.


Underfull \vbox (badness 10000) has occurred while \output is active [142]

LaTeX Warning: Reference `prop:r16menuprojection' on page 143 undefined on inpu
t line 152.

) (./revisions/2026-10-04-r16/manuscript/menu_record.tex
(./revisions/2026-10-04-r16/results/continuation_menu/report/menu_supplement.te
x [143]
(./revisions/2026-10-04-r16/results/continuation_menu/report/table_menu_gains.t
ex

Package longtable Warning: Column widths have changed
(longtable)                in table S.30 on input line 51.

[144])
(./revisions/2026-10-04-r16/results/continuation_menu/report/table_menu_all_eve
nts.tex
Underfull \hbox (badness 10000) in paragraph at lines 52--1
[]$[]$

Underfull \hbox (badness 10000) in paragraph at lines 52--1

[145] [146] [147] [148] [149] [150] [151]

Package longtable Warning: Column widths have changed
(longtable)                in table S.31 on input line 227.

)
(./revisions/2026-10-04-r16/results/continuation_menu/report/table_menu_all_wor
k.tex
Underfull \hbox (badness 10000) in paragraph at lines 228--1
[]$[]$

Underfull \hbox (badness 10000) in paragraph at lines 228--1

[152]

Package longtable Warning: Column widths have changed
(longtable)                in table S.32 on input line 131.

[153] [154] [155])
(./revisions/2026-10-04-r16/results/continuation_menu/report/table_menu_all_sca
lar.tex
Underfull \hbox (badness 10000) in paragraph at lines 132--1
[]$[]$

Underfull \hbox (badness 10000) in paragraph at lines 132--1

[156]

Package longtable Warning: Column widths have changed
(longtable)                in table S.33 on input line 139.

[157] [158] [159])))
(./revisions/2026-10-04-r16/manuscript/menu_shared_work.tex)
(./revisions/2026-10-04-r16/manuscript/replication_supplement.tex
Underfull \hbox (badness 10000) in paragraph at lines 140--1
[]$[]$

Underfull \vbox (badness 10000) has occurred while \output is active [160]
(./revisions/2026-10-04-r16/results/replication/report/replication_work.tex))
(./revisions/2026-10-04-r16/results/signed_mechanism/report/signed_supplement.t
ex [161]
(./revisions/2026-10-04-r16/results/signed_mechanism/report/table_signed_full.t
ex [162])
(./revisions/2026-10-04-r16/results/signed_mechanism/report/table_signed_work.t
ex)) (./revisions/2026-10-04-r16/manuscript/robustness_supplement.tex [163]

LaTeX Warning: Reference `tab:r16ctcalibrations' on page 164 undefined on input
 line 16.

[164] (./revisions/2026-10-04-r16/manuscript/robustness_diagnostics_tables.tex
[165]

Package longtable Warning: Column widths have changed
(longtable)                in table S.40 on input line 48.

[166]

LaTeX Warning: Reference `tab:r16-robustness-work' on page 167 undefined on inp
ut line 49.


Package longtable Warning: Column widths have changed
(longtable)                in table S.41 on input line 72.

[167]

Package longtable Warning: Column widths have changed
(longtable)                in table S.42 on input line 136.

[168])

LaTeX Warning: Reference `tab:r16-robustness-methods' on page 169 undefined on 
input line 93.

(./revisions/2026-10-04-r16/results/robustness/report/robustness_methods.tex
[169]

Package longtable Warning: Column widths have changed
(longtable)                in table S.43 on input line 53.

[170])

LaTeX Warning: Reference `tab:r16-robustness-work' on page 171 undefined on inp
ut line 105.

[171] (./revisions/2026-10-04-r16/results/robustness/report/robustness_work.tex

Package longtable Warning: Column widths have changed
(longtable)                in table S.44 on input line 53.

[172])) (./revisions/2026-10-05-r17/manuscript/contrast_proofs.tex [173]
[174]

LaTeX Warning: Reference `eq:r17-variance' on page 175 undefined on input line 
94.

[175]

Package natbib Warning: Citation `maurer2009' on page 176 undefined on input li
ne 152.

[176]) (./revisions/2026-10-05-r18/manuscript/catalogue_proofs.tex [177]

LaTeX Warning: Reference `eq:r18sharpcontrast' on page 178 undefined on input l
ine 43.


LaTeX Warning: Reference `eq:r18sharpupper' on page 178 undefined on input line
 43.


LaTeX Warning: Reference `eq:r18sharplower' on page 178 undefined on input line
 49.

[178]) (./revisions/2026-10-05-r18/manuscript/record.tex [179]
(./revisions/2026-10-05-r18/manuscript/catalogue_complete.tex

Package longtable Warning: Column widths have changed
(longtable)                in table S.45 on input line 143.

[180] [181] [182] [183]) [184])
(./revisions/2026-10-04-r16/manuscript/source_index.tex [185]) [186]
(./revisions/2026-10-05-r19-integrated/manuscript/retained_accounts.tex
(./revisions/2026-10-04-r16/retained/manuscript/capital.tex
Underfull \vbox (badness 10000) has occurred while \output is active [187]

LaTeX Warning: Reference `eq:r10anchorbound' on page 188 undefined on input lin
e 33.


LaTeX Warning: Reference `app:r15capitalaccounts' on page 188 undefined on inpu
t line 33.


LaTeX Warning: Reference `thm:r10tube' on page 188 undefined on input line 34.

[188]

LaTeX Warning: Reference `thm:r10tube' on page 189 undefined on input line 56.


LaTeX Warning: Reference `eq:r10state' on page 189 undefined on input line 56.


LaTeX Warning: Reference `eq:r10payoff' on page 189 undefined on input line 56.


[189]

LaTeX Warning: Reference `thm:r10tube' on page 190 undefined on input line 80.


LaTeX Warning: Reference `eq:r11gain' on page 190 undefined on input line 99.

[190]

LaTeX Warning: Reference `eq:r11implementation' on page 191 undefined on input 
line 104.


LaTeX Warning: Reference `prop:r11transfer' on page 191 undefined on input line
 105.


LaTeX Warning: Reference `app:r15capitalaccounts' on page 191 undefined on inpu
t line 106.


LaTeX Warning: Reference `eq:r11bias' on page 191 undefined on input line 110.


LaTeX Warning: Reference `app:r15capitaltail' on page 191 undefined on input li
ne 119.

[191]

Package natbib Warning: Citation `maurer2009' on page 192 undefined on input li
ne 145.


LaTeX Warning: Reference `eq:r11lower' on page 192 undefined on input line 145.



LaTeX Warning: Reference `prop:r11transfer' on page 192 undefined on input line
 145.


LaTeX Warning: Reference `eq:r11regret' on page 192 undefined on input line 145
.


LaTeX Warning: Reference `eq:r10anchorbound' on page 192 undefined on input lin
e 145.


Package natbib Warning: Citation `kakade2002' on page 192 undefined on input li
ne 148.


Package natbib Warning: Citation `pirotta2013' on page 192 undefined on input l
ine 148.


Package natbib Warning: Citation `scherrer2015' on page 192 undefined on input 
line 148.


LaTeX Warning: Reference `eq:r11gain' on page 192 undefined on input line 148.


LaTeX Warning: Reference `eq:r11bias' on page 192 undefined on input line 148.

) (./revisions/2026-10-04-r16/retained/manuscript/new_theory.tex
Underfull \vbox (badness 1590) has occurred while \output is active [192]
[193]
Underfull \vbox (badness 1308) has occurred while \output is active [194]

LaTeX Warning: Reference `eq:r15actorgap' on page 195 undefined on input line 1
14.

[195]

LaTeX Warning: Reference `prop:r11transfer' on page 196 undefined on input line
 178.


LaTeX Warning: Reference `prop:r15actorgap' on page 196 undefined on input line
 187.

) (./revisions/2026-10-04-r16/retained/manuscript/implementation_summary.tex
Underfull \vbox (badness 5832) has occurred while \output is active [196]

LaTeX Warning: Reference `prop:r12observation' on page 197 undefined on input l
ine 6.


LaTeX Warning: Reference `prop:r14randomization' on page 197 undefined on input
 line 6.


LaTeX Warning: Reference `prop:r14sensor' on page 197 undefined on input line 8
.


LaTeX Warning: Reference `app:r15observationtheory' on page 197 undefined on in
put line 8.

) (./revisions/2026-10-04-r16/retained/manuscript/fees.tex [197]))
(./revisions/2026-10-05-r19-integrated/manuscript/decision_proofs.tex [198]
Underfull \vbox (badness 5681) has occurred while \output is active [199]
[200] [201] [202] [203])
(./revisions/2026-10-05-r19-integrated/results/generated/record.tex [204]

Package longtable Warning: Column widths have changed
(longtable)                in table S.49 on input line 163.

[205] [206] [207])
No file supp.bbl.

Package natbib Warning: There were undefined citations.


Package longtable Warning: Table widths have changed. Rerun LaTeX.

[208] [209] [210] (revisions/2026-10-05-r19-integrated/build/supp.aux)

LaTeX Font Warning: Some font shapes were not available, defaults substituted.


LaTeX Warning: There were undefined references.


LaTeX Warning: Label(s) may have changed. Rerun to get cross-references right.


Package rerunfilecheck Warning: File `supp.out' has changed.
(rerunfilecheck)                Rerun to get outlines right
(rerunfilecheck)                or use package `bookmark'.

 )
(see the transcript file for additional information)</usr/share/texlive/texmf-d
ist/fonts/type1/public/amsfonts/cm/cmbx12.pfb></usr/share/texlive/texmf-dist/fo
nts/type1/public/amsfonts/cm/cmex10.pfb></usr/share/texlive/texmf-dist/fonts/ty
pe1/public/amsfonts/cm/cmmi10.pfb></usr/share/texlive/texmf-dist/fonts/type1/pu
blic/amsfonts/cm/cmr10.pfb></usr/share/texlive/texmf-dist/fonts/type1/public/am
sfonts/cm/cmss9.pfb></usr/share/texlive/texmf-dist/fonts/type1/public/amsfonts/
cm/cmsy10.pfb></usr/share/texlive/texmf-dist/fonts/type1/public/amsfonts/euler/
eufm10.pfb></usr/share/texlive/texmf-dist/fonts/type1/public/mathpazo/fplmbb.pf
b></usr/share/texlive/texmf-dist/fonts/type1/public/mathpazo/fplmr.pfb></usr/sh
are/texlive/texmf-dist/fonts/type1/public/mathpazo/fplmri.pfb></usr/share/texli
ve/texmf-dist/fonts/type1/public/amsfonts/symbols/msam10.pfb></usr/share/texliv
e/texmf-dist/fonts/type1/urw/courier/ucrr8a.pfb></usr/share/texlive/texmf-dist/
fonts/type1/urw/palatino/uplb8a.pfb></usr/share/texlive/texmf-dist/fonts/type1/
urw/palatino/uplr8a.pfb></usr/share/texlive/texmf-dist/fonts/type1/urw/palatino
/uplri8a.pfb>
Output written on revisions/2026-10-05-r19-integrated/build/supp.pdf (210 pages
, 764424 bytes).
Transcript written on revisions/2026-10-05-r19-integrated/build/supp.log.
