2026-10-04T12:29:41.1414090Z Current runner version: '2.337.0'
2026-10-04T12:29:41.1452101Z ##[group]Runner Image Provisioner
2026-10-04T12:29:41.1453461Z Hosted Compute Agent
2026-10-04T12:29:41.1454499Z Version: 20260901.588
2026-10-04T12:29:41.1456010Z Commit: f88ec8081b781fac6c440065ac7ff9e710ce3d0b
2026-10-04T12:29:41.1457444Z Build Date: 2026-09-01T19:56:44Z
2026-10-04T12:29:41.1459093Z Worker ID: {8456f1ae-7b2b-4070-85e3-fa66de06b6ef}
2026-10-04T12:29:41.1460985Z Azure Region: eastus
2026-10-04T12:29:41.1462202Z ##[endgroup]
2026-10-04T12:29:41.1464843Z ##[group]Operating System
2026-10-04T12:29:41.1466356Z Ubuntu
2026-10-04T12:29:41.1467264Z 24.04.5
2026-10-04T12:29:41.1468317Z LTS
2026-10-04T12:29:41.1469138Z ##[endgroup]
2026-10-04T12:29:41.1470140Z ##[group]Runner Image
2026-10-04T12:29:41.1471313Z Image: ubuntu-24.04
2026-10-04T12:29:41.1472217Z Version: 20260927.320.1
2026-10-04T12:29:41.1474414Z Included Software: https://github.com/actions/runner-images/blob/ubuntu24/20260927.320/images/ubuntu/Ubuntu2404-Readme.md
2026-10-04T12:29:41.1477504Z Image Release: https://github.com/actions/runner-images/releases/tag/ubuntu24%2F20260927.320
2026-10-04T12:29:41.1479237Z ##[endgroup]
2026-10-04T12:29:41.1481286Z ##[group]GITHUB_TOKEN Permissions
2026-10-04T12:29:41.1483936Z Actions: read
2026-10-04T12:29:41.1484977Z Contents: read
2026-10-04T12:29:41.1486489Z Metadata: read
2026-10-04T12:29:41.1487426Z ##[endgroup]
2026-10-04T12:29:41.1491154Z Secret source: Actions
2026-10-04T12:29:41.1492771Z Cache mode: write
2026-10-04T12:29:41.1494037Z Prepare workflow directory
2026-10-04T12:29:41.2244293Z Prepare all required actions
2026-10-04T12:29:41.2318030Z Getting action download info
2026-10-04T12:29:41.4499918Z Download action repository 'actions/checkout@v4' (SHA:11d5960a326750d5838078e36cf38b85af677262)
2026-10-04T12:29:41.5511782Z Download action repository 'actions/setup-python@v5' (SHA:a26af69be951a213d495a4c3e4e4022e16d87065)
2026-10-04T12:29:41.6287444Z Download action repository 'actions/upload-artifact@v4' (SHA:ea165f8d65b6e75b540449e92b4886f43607fa02)
2026-10-04T12:29:41.8328883Z Complete job name: source
2026-10-04T12:29:41.9181742Z ##[group]Run actions/checkout@v4
2026-10-04T12:29:41.9182644Z with:
2026-10-04T12:29:41.9183150Z   ref: 79936a9e5d0bdb7706a81208cf2422886b7f2e08
2026-10-04T12:29:41.9183772Z   fetch-depth: 0
2026-10-04T12:29:41.9184257Z   persist-credentials: true
2026-10-04T12:29:41.9184813Z   repository: TrillionniumFoundation/NBO
2026-10-04T12:29:41.9189067Z   token: ***
2026-10-04T12:29:41.9189530Z   ssh-strict: true
2026-10-04T12:29:41.9190088Z   ssh-user: git
2026-10-04T12:29:41.9190551Z   clean: true
2026-10-04T12:29:41.9191017Z   sparse-checkout-cone-mode: true
2026-10-04T12:29:41.9191556Z   fetch-tags: false
2026-10-04T12:29:41.9192025Z   show-progress: true
2026-10-04T12:29:41.9192483Z   lfs: false
2026-10-04T12:29:41.9192904Z   submodules: false
2026-10-04T12:29:41.9193393Z   set-safe-directory: true
2026-10-04T12:29:41.9193912Z   allow-unsafe-pr-checkout: false
2026-10-04T12:29:41.9194773Z env:
2026-10-04T12:29:41.9195656Z   NBO_R16_SIGNED_SOURCE_COMMIT: 79936a9e5d0bdb7706a81208cf2422886b7f2e08
2026-10-04T12:29:41.9196424Z   OMP_NUM_THREADS: 1
2026-10-04T12:29:41.9196891Z   MKL_NUM_THREADS: 1
2026-10-04T12:29:41.9197359Z   OPENBLAS_NUM_THREADS: 1
2026-10-04T12:29:41.9197843Z   NUMBA_NUM_THREADS: 1
2026-10-04T12:29:41.9198318Z   PYTHONHASHSEED: 0
2026-10-04T12:29:41.9198788Z   PYTHONDONTWRITEBYTECODE: 1
2026-10-04T12:29:41.9199292Z ##[endgroup]
2026-10-04T12:29:42.0225446Z Syncing repository: TrillionniumFoundation/NBO
2026-10-04T12:29:42.0228328Z ##[group]Getting Git version info
2026-10-04T12:29:42.0229568Z Working directory is '/home/runner/work/NBO/NBO'
2026-10-04T12:29:42.0231260Z [command]/usr/bin/git version
2026-10-04T12:29:42.0292868Z git version 2.55.0
2026-10-04T12:29:42.0314591Z ##[endgroup]
2026-10-04T12:29:42.0329116Z Temporarily overriding HOME='/home/runner/work/_temp/b9e25b80-99a3-4176-af69-427e2176e87f' before making global git config changes
2026-10-04T12:29:42.0331720Z Adding repository directory to the temporary git global config as a safe directory
2026-10-04T12:29:42.0335103Z [command]/usr/bin/git config --global --add safe.directory /home/runner/work/NBO/NBO
2026-10-04T12:29:42.0392115Z Deleting the contents of '/home/runner/work/NBO/NBO'
2026-10-04T12:29:42.0396652Z ##[group]Initializing the repository
2026-10-04T12:29:42.0401921Z [command]/usr/bin/git init /home/runner/work/NBO/NBO
2026-10-04T12:29:42.0516500Z hint: Using 'master' as the name for the initial branch. This default branch name
2026-10-04T12:29:42.0518153Z hint: will change to "main" in Git 3.0. To configure the initial branch name
2026-10-04T12:29:42.0519160Z hint: to use in all of your new repositories, which will suppress this warning,
2026-10-04T12:29:42.0519940Z hint: call:
2026-10-04T12:29:42.0520372Z hint:
2026-10-04T12:29:42.0520911Z hint: 	git config --global init.defaultBranch <name>
2026-10-04T12:29:42.0521549Z hint:
2026-10-04T12:29:42.0522155Z hint: Names commonly chosen instead of 'master' are 'main', 'trunk' and
2026-10-04T12:29:42.0523166Z hint: 'development'. The just-created branch can be renamed via this command:
2026-10-04T12:29:42.0523923Z hint:
2026-10-04T12:29:42.0524374Z hint: 	git branch -m <name>
2026-10-04T12:29:42.0524874Z hint:
2026-10-04T12:29:42.0525879Z hint: Disable this message with "git config set advice.defaultBranchName false"
2026-10-04T12:29:42.0531556Z Initialized empty Git repository in /home/runner/work/NBO/NBO/.git/
2026-10-04T12:29:42.0547977Z [command]/usr/bin/git remote add origin https://github.com/TrillionniumFoundation/NBO
2026-10-04T12:29:42.0595481Z ##[endgroup]
2026-10-04T12:29:42.0596809Z ##[group]Disabling automatic garbage collection
2026-10-04T12:29:42.0599801Z [command]/usr/bin/git config --local gc.auto 0
2026-10-04T12:29:42.0632283Z ##[endgroup]
2026-10-04T12:29:42.0633391Z ##[group]Setting up auth
2026-10-04T12:29:42.0639334Z [command]/usr/bin/git config --local --name-only --get-regexp core\.sshCommand
2026-10-04T12:29:42.0674005Z [command]/usr/bin/git submodule foreach --recursive sh -c "git config --local --name-only --get-regexp 'core\.sshCommand' && git config --local --unset-all 'core.sshCommand' || :"
2026-10-04T12:29:42.1107742Z [command]/usr/bin/git config --local --name-only --get-regexp http\.https\:\/\/github\.com\/\.extraheader
2026-10-04T12:29:42.1143917Z [command]/usr/bin/git submodule foreach --recursive sh -c "git config --local --name-only --get-regexp 'http\.https\:\/\/github\.com\/\.extraheader' && git config --local --unset-all 'http.https://github.com/.extraheader' || :"
2026-10-04T12:29:42.1400298Z [command]/usr/bin/git config --local --name-only --get-regexp ^includeIf\.gitdir:
2026-10-04T12:29:42.1441696Z [command]/usr/bin/git submodule foreach --recursive git config --local --show-origin --name-only --get-regexp remote.origin.url
2026-10-04T12:29:42.1698299Z [command]/usr/bin/git config --local http.https://github.com/.extraheader AUTHORIZATION: basic ***
2026-10-04T12:29:42.1746537Z ##[endgroup]
2026-10-04T12:29:42.1747753Z ##[group]Fetching the repository
2026-10-04T12:29:42.1761933Z [command]/usr/bin/git -c protocol.version=2 fetch --prune --no-recurse-submodules origin +refs/heads/*:refs/remotes/origin/* +refs/tags/*:refs/tags/*
2026-10-04T12:30:11.2046273Z From https://github.com/TrillionniumFoundation/NBO
2026-10-04T12:30:11.2047367Z  * [new branch]      main       -> origin/main
2026-10-04T12:30:11.2049143Z  * [new branch]      review/econometrica-2026-09-15-bf049e3 -> origin/review/econometrica-2026-09-15-bf049e3
2026-10-04T12:30:11.2051124Z  * [new branch]      review/econometrica-numerical-methods-r10-2026-10-04-8ded262 -> origin/review/econometrica-numerical-methods-r10-2026-10-04-8ded262
2026-10-04T12:30:11.2053425Z  * [new branch]      review/econometrica-numerical-methods-r11-2026-10-04-840565f -> origin/review/econometrica-numerical-methods-r11-2026-10-04-840565f
2026-10-04T12:30:11.2056165Z  * [new branch]      review/econometrica-numerical-methods-r12-2026-10-04-39344d4 -> origin/review/econometrica-numerical-methods-r12-2026-10-04-39344d4
2026-10-04T12:30:11.2059179Z  * [new branch]      review/econometrica-numerical-methods-r14-2026-10-04-f5021ce -> origin/review/econometrica-numerical-methods-r14-2026-10-04-f5021ce
2026-10-04T12:30:11.2061508Z  * [new branch]      review/econometrica-numerical-methods-r15-2026-10-04-1cb3cc9 -> origin/review/econometrica-numerical-methods-r15-2026-10-04-1cb3cc9
2026-10-04T12:30:11.2064048Z  * [new branch]      review/econometrica-numerical-methods-r2-2026-09-28-d9054ab -> origin/review/econometrica-numerical-methods-r2-2026-09-28-d9054ab
2026-10-04T12:30:11.2066483Z  * [new branch]      review/econometrica-numerical-methods-r6-2026-09-29-01f4e00 -> origin/review/econometrica-numerical-methods-r6-2026-09-29-01f4e00
2026-10-04T12:30:11.2068793Z  * [new branch]      review/econometrica-numerical-methods-r7-2026-10-03-b140900 -> origin/review/econometrica-numerical-methods-r7-2026-10-03-b140900
2026-10-04T12:30:11.2071261Z  * [new branch]      review/econometrica-numerical-methods-r8-2026-10-03-f9a7e32 -> origin/review/econometrica-numerical-methods-r8-2026-10-03-f9a7e32
2026-10-04T12:30:11.2073411Z  * [new branch]      revision/econometrica-nbo-2026-09-28-verified -> origin/revision/econometrica-nbo-2026-09-28-verified
2026-10-04T12:30:11.2075083Z  * [new branch]      revision/econometrica-nbo-r1-2026-09-28 -> origin/revision/econometrica-nbo-r1-2026-09-28
2026-10-04T12:30:11.2077179Z  * [new branch]      revision/econometrica-nbo-r10-evidence-2026-10-04 -> origin/revision/econometrica-nbo-r10-evidence-2026-10-04
2026-10-04T12:30:11.2079100Z  * [new branch]      revision/econometrica-nbo-r10-referee-2026-10-04 -> origin/revision/econometrica-nbo-r10-referee-2026-10-04
2026-10-04T12:30:11.2080932Z  * [new branch]      revision/econometrica-nbo-r10-source-2026-10-04 -> origin/revision/econometrica-nbo-r10-source-2026-10-04
2026-10-04T12:30:11.2082921Z  * [new branch]      revision/econometrica-nbo-r10-verified-source-2026-10-04 -> origin/revision/econometrica-nbo-r10-verified-source-2026-10-04
2026-10-04T12:30:11.2085140Z  * [new branch]      revision/econometrica-nbo-r11-delivery-2026-10-04 -> origin/revision/econometrica-nbo-r11-delivery-2026-10-04
2026-10-04T12:30:11.2087371Z  * [new branch]      revision/econometrica-nbo-r11-evidence-2026-10-04 -> origin/revision/econometrica-nbo-r11-evidence-2026-10-04
2026-10-04T12:30:11.2089211Z  * [new branch]      revision/econometrica-nbo-r11-referee-2026-10-04 -> origin/revision/econometrica-nbo-r11-referee-2026-10-04
2026-10-04T12:30:11.2091042Z  * [new branch]      revision/econometrica-nbo-r11-source-2026-10-04 -> origin/revision/econometrica-nbo-r11-source-2026-10-04
2026-10-04T12:30:11.2093208Z  * [new branch]      revision/econometrica-nbo-r12-development-2026-10-04 -> origin/revision/econometrica-nbo-r12-development-2026-10-04
2026-10-04T12:30:11.2095088Z  * [new branch]      revision/econometrica-nbo-r13-2026-10-04 -> origin/revision/econometrica-nbo-r13-2026-10-04
2026-10-04T12:30:11.2097182Z  * [new branch]      revision/econometrica-nbo-r13-development-2026-10-04 -> origin/revision/econometrica-nbo-r13-development-2026-10-04
2026-10-04T12:30:11.2099176Z  * [new branch]      revision/econometrica-nbo-r14-2026-10-04 -> origin/revision/econometrica-nbo-r14-2026-10-04
2026-10-04T12:30:11.2100995Z  * [new branch]      revision/econometrica-nbo-r14-evidence-2026-10-04 -> origin/revision/econometrica-nbo-r14-evidence-2026-10-04
2026-10-04T12:30:11.2103204Z  * [new branch]      revision/econometrica-nbo-r14-referee-2026-10-04 -> origin/revision/econometrica-nbo-r14-referee-2026-10-04
2026-10-04T12:30:11.2105688Z  * [new branch]      revision/econometrica-nbo-r14-source-2026-10-04 -> origin/revision/econometrica-nbo-r14-source-2026-10-04
2026-10-04T12:30:11.2108448Z  * [new branch]      revision/econometrica-nbo-r15-2026-10-04 -> origin/revision/econometrica-nbo-r15-2026-10-04
2026-10-04T12:30:11.2110450Z  * [new branch]      revision/econometrica-nbo-r15-evidence-2026-10-04 -> origin/revision/econometrica-nbo-r15-evidence-2026-10-04
2026-10-04T12:30:11.2113758Z  * [new branch]      revision/econometrica-nbo-r15-experiment-evidence-2026-10-04 -> origin/revision/econometrica-nbo-r15-experiment-evidence-2026-10-04
2026-10-04T12:30:11.2117717Z  * [new branch]      revision/econometrica-nbo-r15-experiment-source-2026-10-04 -> origin/revision/econometrica-nbo-r15-experiment-source-2026-10-04
2026-10-04T12:30:11.2119958Z  * [new branch]      revision/econometrica-nbo-r15-mechanism-evidence-2026-10-04 -> origin/revision/econometrica-nbo-r15-mechanism-evidence-2026-10-04
2026-10-04T12:30:11.2122236Z  * [new branch]      revision/econometrica-nbo-r15-mechanism-execute-2026-10-04 -> origin/revision/econometrica-nbo-r15-mechanism-execute-2026-10-04
2026-10-04T12:30:11.2124204Z  * [new branch]      revision/econometrica-nbo-r15-mechanism-source-2026-10-04 -> origin/revision/econometrica-nbo-r15-mechanism-source-2026-10-04
2026-10-04T12:30:11.2126813Z  * [new branch]      revision/econometrica-nbo-r15-observation-evidence-2026-10-04 -> origin/revision/econometrica-nbo-r15-observation-evidence-2026-10-04
2026-10-04T12:30:11.2129361Z  * [new branch]      revision/econometrica-nbo-r15-observation-source-2026-10-04 -> origin/revision/econometrica-nbo-r15-observation-source-2026-10-04
2026-10-04T12:30:11.2131814Z  * [new branch]      revision/econometrica-nbo-r15-referee-2026-10-04 -> origin/revision/econometrica-nbo-r15-referee-2026-10-04
2026-10-04T12:30:11.2133586Z  * [new branch]      revision/econometrica-nbo-r15-scalar-inspection-2026-10-04 -> origin/revision/econometrica-nbo-r15-scalar-inspection-2026-10-04
2026-10-04T12:30:11.2135446Z  * [new branch]      revision/econometrica-nbo-r15-scalar-transfer-2026-10-04 -> origin/revision/econometrica-nbo-r15-scalar-transfer-2026-10-04
2026-10-04T12:30:11.2137842Z  * [new branch]      revision/econometrica-nbo-r15-source-2026-10-04 -> origin/revision/econometrica-nbo-r15-source-2026-10-04
2026-10-04T12:30:11.2139146Z  * [new branch]      revision/econometrica-nbo-r16-replication-source-2026-10-04 -> origin/revision/econometrica-nbo-r16-replication-source-2026-10-04
2026-10-04T12:30:11.2140491Z  * [new branch]      revision/econometrica-nbo-r16-signed-source-2026-10-04 -> origin/revision/econometrica-nbo-r16-signed-source-2026-10-04
2026-10-04T12:30:11.2141406Z  * [new branch]      revision/econometrica-nbo-r2-2026-09-28 -> origin/revision/econometrica-nbo-r2-2026-09-28
2026-10-04T12:30:11.2142290Z  * [new branch]      revision/econometrica-nbo-r3-2026-09-28 -> origin/revision/econometrica-nbo-r3-2026-09-28
2026-10-04T12:30:11.2143331Z  * [new branch]      revision/econometrica-nbo-r4-2026-09-29 -> origin/revision/econometrica-nbo-r4-2026-09-29
2026-10-04T12:30:11.2144202Z  * [new branch]      revision/econometrica-nbo-r5-evidence-2026-09-29 -> origin/revision/econometrica-nbo-r5-evidence-2026-09-29
2026-10-04T12:30:11.2145063Z  * [new branch]      revision/econometrica-nbo-r6-2026-09-29 -> origin/revision/econometrica-nbo-r6-2026-09-29
2026-10-04T12:30:11.2146261Z  * [new branch]      revision/econometrica-nbo-r7-development-2026-10-03 -> origin/revision/econometrica-nbo-r7-development-2026-10-03
2026-10-04T12:30:11.2147679Z  * [new branch]      revision/econometrica-nbo-r7-evidence-2026-10-03 -> origin/revision/econometrica-nbo-r7-evidence-2026-10-03
2026-10-04T12:30:11.2149386Z  * [new branch]      revision/econometrica-nbo-r7-source-2026-10-03 -> origin/revision/econometrica-nbo-r7-source-2026-10-03
2026-10-04T12:30:11.2151084Z  * [new branch]      revision/econometrica-nbo-r8-development-2026-10-03 -> origin/revision/econometrica-nbo-r8-development-2026-10-03
2026-10-04T12:30:11.2152672Z  * [new branch]      revision/econometrica-nbo-r8-evidence-2026-10-03 -> origin/revision/econometrica-nbo-r8-evidence-2026-10-03
2026-10-04T12:30:11.2154303Z  * [new branch]      revision/econometrica-nbo-r8-materialized-source-2026-10-03 -> origin/revision/econometrica-nbo-r8-materialized-source-2026-10-03
2026-10-04T12:30:11.2156169Z  * [new branch]      revision/econometrica-nbo-r8-referee-2026-10-03 -> origin/revision/econometrica-nbo-r8-referee-2026-10-03
2026-10-04T12:30:11.2158733Z  * [new branch]      revision/econometrica-nbo-r8-source-2026-10-03 -> origin/revision/econometrica-nbo-r8-source-2026-10-03
2026-10-04T12:30:11.2160460Z  * [new branch]      revision/econometrica-nbo-r9-development-2026-10-03 -> origin/revision/econometrica-nbo-r9-development-2026-10-03
2026-10-04T12:30:11.2161968Z  * [new branch]      revision/econometrica-nbo-r9-evidence-2026-10-03 -> origin/revision/econometrica-nbo-r9-evidence-2026-10-03
2026-10-04T12:30:11.2162940Z  * [new branch]      revision/econometrica-nbo-r9-source-2026-10-03 -> origin/revision/econometrica-nbo-r9-source-2026-10-03
2026-10-04T12:30:11.2164498Z [command]/usr/bin/git rev-parse --verify --quiet 79936a9e5d0bdb7706a81208cf2422886b7f2e08^{object}
2026-10-04T12:30:11.2165088Z 79936a9e5d0bdb7706a81208cf2422886b7f2e08
2026-10-04T12:30:11.2166325Z ##[endgroup]
2026-10-04T12:30:11.2166778Z ##[group]Determining the checkout info
2026-10-04T12:30:11.2167251Z ##[endgroup]
2026-10-04T12:30:11.2167808Z [command]/usr/bin/git sparse-checkout disable
2026-10-04T12:30:11.2178584Z [command]/usr/bin/git config --local --unset-all extensions.worktreeConfig
2026-10-04T12:30:11.2209903Z ##[group]Checking out the ref
2026-10-04T12:30:11.2215293Z [command]/usr/bin/git checkout --progress --force 79936a9e5d0bdb7706a81208cf2422886b7f2e08
2026-10-04T12:30:12.2569486Z Updating files:  20% (2508/12102)
2026-10-04T12:30:12.3110207Z Updating files:  21% (2542/12102)
2026-10-04T12:30:12.3623697Z Updating files:  22% (2663/12102)
2026-10-04T12:30:12.3932261Z Updating files:  23% (2784/12102)
2026-10-04T12:30:12.4380189Z Updating files:  24% (2905/12102)
2026-10-04T12:30:12.4538935Z Updating files:  25% (3026/12102)
2026-10-04T12:30:12.4904144Z Updating files:  26% (3147/12102)
2026-10-04T12:30:12.5194755Z Updating files:  27% (3268/12102)
2026-10-04T12:30:12.5607183Z Updating files:  28% (3389/12102)
2026-10-04T12:30:12.5956426Z Updating files:  29% (3510/12102)
2026-10-04T12:30:12.6447070Z Updating files:  30% (3631/12102)
2026-10-04T12:30:12.6751567Z Updating files:  31% (3752/12102)
2026-10-04T12:30:12.7049833Z Updating files:  32% (3873/12102)
2026-10-04T12:30:12.7434196Z Updating files:  33% (3994/12102)
2026-10-04T12:30:12.7825361Z Updating files:  34% (4115/12102)
2026-10-04T12:30:12.8209651Z Updating files:  35% (4236/12102)
2026-10-04T12:30:12.8586226Z Updating files:  36% (4357/12102)
2026-10-04T12:30:12.8970992Z Updating files:  37% (4478/12102)
2026-10-04T12:30:12.9338055Z Updating files:  38% (4599/12102)
2026-10-04T12:30:12.9767569Z Updating files:  39% (4720/12102)
2026-10-04T12:30:13.0180389Z Updating files:  40% (4841/12102)
2026-10-04T12:30:13.0529723Z Updating files:  41% (4962/12102)
2026-10-04T12:30:13.1013254Z Updating files:  42% (5083/12102)
2026-10-04T12:30:13.1411457Z Updating files:  43% (5204/12102)
2026-10-04T12:30:13.1809567Z Updating files:  44% (5325/12102)
2026-10-04T12:30:13.2175980Z Updating files:  45% (5446/12102)
2026-10-04T12:30:13.2416048Z Updating files:  46% (5567/12102)
2026-10-04T12:30:13.2495113Z Updating files:  46% (5668/12102)
2026-10-04T12:30:13.2793730Z Updating files:  47% (5688/12102)
2026-10-04T12:30:13.3027636Z Updating files:  48% (5809/12102)
2026-10-04T12:30:13.3443354Z Updating files:  49% (5930/12102)
2026-10-04T12:30:13.3845065Z Updating files:  50% (6051/12102)
2026-10-04T12:30:13.4146002Z Updating files:  51% (6173/12102)
2026-10-04T12:30:13.4470308Z Updating files:  52% (6294/12102)
2026-10-04T12:30:13.4700420Z Updating files:  53% (6415/12102)
2026-10-04T12:30:13.5070828Z Updating files:  54% (6536/12102)
2026-10-04T12:30:13.5477166Z Updating files:  55% (6657/12102)
2026-10-04T12:30:13.6154839Z Updating files:  56% (6778/12102)
2026-10-04T12:30:13.6711269Z Updating files:  57% (6899/12102)
2026-10-04T12:30:13.7250335Z Updating files:  58% (7020/12102)
2026-10-04T12:30:13.7494794Z Updating files:  59% (7141/12102)
2026-10-04T12:30:13.8247484Z Updating files:  60% (7262/12102)
2026-10-04T12:30:13.8530163Z Updating files:  61% (7383/12102)
2026-10-04T12:30:13.8820007Z Updating files:  62% (7504/12102)
2026-10-04T12:30:13.9412827Z Updating files:  63% (7625/12102)
2026-10-04T12:30:14.0162691Z Updating files:  64% (7746/12102)
2026-10-04T12:30:14.0517476Z Updating files:  65% (7867/12102)
2026-10-04T12:30:14.0713694Z Updating files:  66% (7988/12102)
2026-10-04T12:30:14.1065254Z Updating files:  67% (8109/12102)
2026-10-04T12:30:14.1605210Z Updating files:  68% (8230/12102)
2026-10-04T12:30:14.2451963Z Updating files:  69% (8351/12102)
2026-10-04T12:30:14.2724014Z Updating files:  69% (8443/12102)
2026-10-04T12:30:14.2926896Z Updating files:  70% (8472/12102)
2026-10-04T12:30:14.3265083Z Updating files:  71% (8593/12102)
2026-10-04T12:30:14.3441191Z Updating files:  72% (8714/12102)
2026-10-04T12:30:14.4815104Z Updating files:  73% (8835/12102)
2026-10-04T12:30:14.5109967Z Updating files:  74% (8956/12102)
2026-10-04T12:30:14.5403209Z Updating files:  75% (9077/12102)
2026-10-04T12:30:14.5699566Z Updating files:  76% (9198/12102)
2026-10-04T12:30:14.5990006Z Updating files:  77% (9319/12102)
2026-10-04T12:30:14.6268710Z Updating files:  78% (9440/12102)
2026-10-04T12:30:14.6561127Z Updating files:  79% (9561/12102)
2026-10-04T12:30:14.6858816Z Updating files:  80% (9682/12102)
2026-10-04T12:30:14.7145038Z Updating files:  81% (9803/12102)
2026-10-04T12:30:14.7438952Z Updating files:  82% (9924/12102)
2026-10-04T12:30:14.7730570Z Updating files:  83% (10045/12102)
2026-10-04T12:30:14.8007657Z Updating files:  84% (10166/12102)
2026-10-04T12:30:14.8307539Z Updating files:  85% (10287/12102)
2026-10-04T12:30:14.8710539Z Updating files:  86% (10408/12102)
2026-10-04T12:30:14.9080218Z Updating files:  87% (10529/12102)
2026-10-04T12:30:14.9452928Z Updating files:  88% (10650/12102)
2026-10-04T12:30:14.9813862Z Updating files:  89% (10771/12102)
2026-10-04T12:30:15.0177087Z Updating files:  90% (10892/12102)
2026-10-04T12:30:15.0541266Z Updating files:  91% (11013/12102)
2026-10-04T12:30:15.0890986Z Updating files:  92% (11134/12102)
2026-10-04T12:30:15.1257421Z Updating files:  93% (11255/12102)
2026-10-04T12:30:15.1636327Z Updating files:  94% (11376/12102)
2026-10-04T12:30:15.2020346Z Updating files:  95% (11497/12102)
2026-10-04T12:30:15.2395345Z Updating files:  96% (11618/12102)
2026-10-04T12:30:15.2410042Z Updating files:  97% (11739/12102)
2026-10-04T12:30:15.2775540Z Updating files:  97% (11748/12102)
2026-10-04T12:30:15.3181076Z Updating files:  98% (11860/12102)
2026-10-04T12:30:15.3796193Z Updating files:  99% (11981/12102)
2026-10-04T12:30:15.3797182Z Updating files: 100% (12102/12102)
2026-10-04T12:30:15.3797505Z Updating files: 100% (12102/12102), done.
2026-10-04T12:30:15.4363504Z Note: switching to '79936a9e5d0bdb7706a81208cf2422886b7f2e08'.
2026-10-04T12:30:15.4364386Z 
2026-10-04T12:30:15.4364952Z You are in 'detached HEAD' state. You can look around, make experimental
2026-10-04T12:30:15.4368032Z changes and commit them, and you can discard any commits you make in this
2026-10-04T12:30:15.4369320Z state without impacting any branches by switching back to a branch.
2026-10-04T12:30:15.4370042Z 
2026-10-04T12:30:15.4370617Z If you want to create a new branch to retain commits you create, you may
2026-10-04T12:30:15.4371637Z do so (now or later) by using -c with the switch command. Example:
2026-10-04T12:30:15.4372328Z 
2026-10-04T12:30:15.4372804Z   git switch -c <new-branch-name>
2026-10-04T12:30:15.4373146Z 
2026-10-04T12:30:15.4373319Z Or undo this operation with:
2026-10-04T12:30:15.4373599Z 
2026-10-04T12:30:15.4373743Z   git switch -
2026-10-04T12:30:15.4373954Z 
2026-10-04T12:30:15.4374381Z Turn off this advice by setting config variable advice.detachedHead to false
2026-10-04T12:30:15.4374910Z 
2026-10-04T12:30:15.4375451Z HEAD is now at 79936a9 revision(r16): freeze prospective signed Bellman mechanism before fresh occupation banks
2026-10-04T12:30:15.4692548Z ##[endgroup]
2026-10-04T12:30:15.4741077Z [command]/usr/bin/git log -1 --format=%H
2026-10-04T12:30:15.4769259Z 79936a9e5d0bdb7706a81208cf2422886b7f2e08
2026-10-04T12:30:15.5962350Z ##[group]Run actions/setup-python@v5
2026-10-04T12:30:15.5962816Z with:
2026-10-04T12:30:15.5963019Z   python-version: 3.12
2026-10-04T12:30:15.5963249Z   check-latest: false
2026-10-04T12:30:15.5966183Z   token: ***
2026-10-04T12:30:15.5966409Z   update-environment: true
2026-10-04T12:30:15.5966663Z   allow-prereleases: false
2026-10-04T12:30:15.5966898Z   freethreaded: false
2026-10-04T12:30:15.5967105Z env:
2026-10-04T12:30:15.5967388Z   NBO_R16_SIGNED_SOURCE_COMMIT: 79936a9e5d0bdb7706a81208cf2422886b7f2e08
2026-10-04T12:30:15.5967756Z   OMP_NUM_THREADS: 1
2026-10-04T12:30:15.5967991Z   MKL_NUM_THREADS: 1
2026-10-04T12:30:15.5968204Z   OPENBLAS_NUM_THREADS: 1
2026-10-04T12:30:15.5968435Z   NUMBA_NUM_THREADS: 1
2026-10-04T12:30:15.5968650Z   PYTHONHASHSEED: 0
2026-10-04T12:30:15.5968871Z   PYTHONDONTWRITEBYTECODE: 1
2026-10-04T12:30:15.5969110Z ##[endgroup]
2026-10-04T12:30:15.7293969Z ##[group]Installed versions
2026-10-04T12:30:15.7843934Z (node:2333) [DEP0040] DeprecationWarning: The `punycode` module is deprecated. Please use a userland alternative instead.
2026-10-04T12:30:15.7845109Z (Use `node --trace-deprecation ...` to show where the warning was created)
2026-10-04T12:30:15.7846035Z Successfully set up CPython (3.12.14)
2026-10-04T12:30:15.7846848Z ##[endgroup]
2026-10-04T12:30:15.8326133Z ##[group]Run set -euo pipefail
2026-10-04T12:30:15.8326553Z [36;1mset -euo pipefail[0m
2026-10-04T12:30:15.8326835Z [36;1mtest "$GITHUB_RUN_ATTEMPT" = 1[0m
2026-10-04T12:30:15.8327237Z [36;1mtest "$(git rev-parse HEAD)" = "$NBO_R16_SIGNED_SOURCE_COMMIT"[0m
2026-10-04T12:30:15.8327913Z [36;1mtest -z "$(git ls-remote --heads origin refs/heads/revision/econometrica-nbo-r16-signed-evidence-2026-10-04)"[0m
2026-10-04T12:30:16.6780869Z shell: /usr/bin/bash --noprofile --norc -e -o pipefail {0}
2026-10-04T12:30:16.6781269Z env:
2026-10-04T12:30:16.6781610Z   NBO_R16_SIGNED_SOURCE_COMMIT: 79936a9e5d0bdb7706a81208cf2422886b7f2e08
2026-10-04T12:30:16.6782030Z   OMP_NUM_THREADS: 1
2026-10-04T12:30:16.6782263Z   MKL_NUM_THREADS: 1
2026-10-04T12:30:16.6782555Z   OPENBLAS_NUM_THREADS: 1
2026-10-04T12:30:16.6782827Z   NUMBA_NUM_THREADS: 1
2026-10-04T12:30:16.6783065Z   PYTHONHASHSEED: 0
2026-10-04T12:30:16.6783313Z   PYTHONDONTWRITEBYTECODE: 1
2026-10-04T12:30:16.6783710Z   pythonLocation: /opt/hostedtoolcache/Python/3.12.14/x64
2026-10-04T12:30:16.6784196Z   PKG_CONFIG_PATH: /opt/hostedtoolcache/Python/3.12.14/x64/lib/pkgconfig
2026-10-04T12:30:16.6784677Z   Python_ROOT_DIR: /opt/hostedtoolcache/Python/3.12.14/x64
2026-10-04T12:30:16.6785241Z   Python2_ROOT_DIR: /opt/hostedtoolcache/Python/3.12.14/x64
2026-10-04T12:30:16.6786680Z   Python3_ROOT_DIR: /opt/hostedtoolcache/Python/3.12.14/x64
2026-10-04T12:30:16.6787093Z   LD_LIBRARY_PATH: /opt/hostedtoolcache/Python/3.12.14/x64/lib
2026-10-04T12:30:16.6790155Z   GH_TOKEN: ***
2026-10-04T12:30:16.6790388Z ##[endgroup]
2026-10-04T12:30:16.9434416Z ##[group]Run python -m pip install numpy==2.3.5 scipy==1.17.0 numba==0.65.1 mpmath==1.3.0
2026-10-04T12:30:16.9435092Z [36;1mpython -m pip install numpy==2.3.5 scipy==1.17.0 numba==0.65.1 mpmath==1.3.0[0m
2026-10-04T12:30:16.9436064Z [36;1mpython -m pip install torch==2.10.0 --index-url https://download.pytorch.org/whl/cpu[0m
2026-10-04T12:30:16.9501312Z shell: /usr/bin/bash -e {0}
2026-10-04T12:30:16.9501565Z env:
2026-10-04T12:30:16.9501859Z   NBO_R16_SIGNED_SOURCE_COMMIT: 79936a9e5d0bdb7706a81208cf2422886b7f2e08
2026-10-04T12:30:16.9502231Z   OMP_NUM_THREADS: 1
2026-10-04T12:30:16.9502454Z   MKL_NUM_THREADS: 1
2026-10-04T12:30:16.9502670Z   OPENBLAS_NUM_THREADS: 1
2026-10-04T12:30:16.9502905Z   NUMBA_NUM_THREADS: 1
2026-10-04T12:30:16.9503121Z   PYTHONHASHSEED: 0
2026-10-04T12:30:16.9503350Z   PYTHONDONTWRITEBYTECODE: 1
2026-10-04T12:30:16.9503672Z   pythonLocation: /opt/hostedtoolcache/Python/3.12.14/x64
2026-10-04T12:30:16.9504158Z   PKG_CONFIG_PATH: /opt/hostedtoolcache/Python/3.12.14/x64/lib/pkgconfig
2026-10-04T12:30:16.9504587Z   Python_ROOT_DIR: /opt/hostedtoolcache/Python/3.12.14/x64
2026-10-04T12:30:16.9504967Z   Python2_ROOT_DIR: /opt/hostedtoolcache/Python/3.12.14/x64
2026-10-04T12:30:16.9505770Z   Python3_ROOT_DIR: /opt/hostedtoolcache/Python/3.12.14/x64
2026-10-04T12:30:16.9506170Z   LD_LIBRARY_PATH: /opt/hostedtoolcache/Python/3.12.14/x64/lib
2026-10-04T12:30:16.9506494Z ##[endgroup]
2026-10-04T12:30:18.2691120Z Collecting numpy==2.3.5
2026-10-04T12:30:18.3172424Z   Downloading numpy-2.3.5-cp312-cp312-manylinux_2_27_x86_64.manylinux_2_28_x86_64.whl.metadata (62 kB)
2026-10-04T12:30:18.4670014Z Collecting scipy==1.17.0
2026-10-04T12:30:18.4718674Z   Downloading scipy-1.17.0-cp312-cp312-manylinux_2_27_x86_64.manylinux_2_28_x86_64.whl.metadata (62 kB)
2026-10-04T12:30:18.5767350Z Collecting numba==0.65.1
2026-10-04T12:30:18.5811790Z   Downloading numba-0.65.1-cp312-cp312-manylinux2014_x86_64.manylinux_2_17_x86_64.whl.metadata (2.9 kB)
2026-10-04T12:30:18.5942370Z Collecting mpmath==1.3.0
2026-10-04T12:30:18.5974651Z   Downloading mpmath-1.3.0-py3-none-any.whl.metadata (8.6 kB)
2026-10-04T12:30:18.6496692Z Collecting llvmlite<0.48,>=0.47.0dev0 (from numba==0.65.1)
2026-10-04T12:30:18.6544201Z   Downloading llvmlite-0.47.0-cp312-cp312-manylinux2014_x86_64.manylinux_2_17_x86_64.whl.metadata (5.0 kB)
2026-10-04T12:30:18.6631269Z Downloading numpy-2.3.5-cp312-cp312-manylinux_2_27_x86_64.manylinux_2_28_x86_64.whl (16.6 MB)
2026-10-04T12:30:18.7826295Z    ━━━━━━━━━━━━━━━━━━━━━━━━━━━━━━━━━━━━━━━━ 16.6/16.6 MB 143.1 MB/s  0:00:00
2026-10-04T12:30:18.7859656Z Downloading scipy-1.17.0-cp312-cp312-manylinux_2_27_x86_64.manylinux_2_28_x86_64.whl (35.0 MB)
2026-10-04T12:30:19.0016738Z    ━━━━━━━━━━━━━━━━━━━━━━━━━━━━━━━━━━━━━━━━ 35.0/35.0 MB 163.5 MB/s  0:00:00
2026-10-04T12:30:19.0078237Z Downloading numba-0.65.1-cp312-cp312-manylinux2014_x86_64.manylinux_2_17_x86_64.whl (3.8 MB)
2026-10-04T12:30:19.0283130Z    ━━━━━━━━━━━━━━━━━━━━━━━━━━━━━━━━━━━━━━━━ 3.8/3.8 MB 193.2 MB/s  0:00:00
2026-10-04T12:30:19.0317611Z Downloading mpmath-1.3.0-py3-none-any.whl (536 kB)
2026-10-04T12:30:19.0364524Z    ━━━━━━━━━━━━━━━━━━━━━━━━━━━━━━━━━━━━━━━━ 536.2/536.2 kB 104.7 MB/s  0:00:00
2026-10-04T12:30:19.0396084Z Downloading llvmlite-0.47.0-cp312-cp312-manylinux2014_x86_64.manylinux_2_17_x86_64.whl (56.3 MB)
2026-10-04T12:30:19.4156365Z    ━━━━━━━━━━━━━━━━━━━━━━━━━━━━━━━━━━━━━━━━ 56.3/56.3 MB 150.7 MB/s  0:00:00
2026-10-04T12:30:19.6145843Z Installing collected packages: mpmath, numpy, llvmlite, scipy, numba
2026-10-04T12:30:29.5272102Z 
2026-10-04T12:30:29.5284759Z Successfully installed llvmlite-0.47.0 mpmath-1.3.0 numba-0.65.1 numpy-2.3.5 scipy-1.17.0
2026-10-04T12:30:29.9014631Z Looking in indexes: https://download.pytorch.org/whl/cpu
2026-10-04T12:30:30.1243741Z Collecting torch==2.10.0
2026-10-04T12:30:30.2660773Z   Downloading torch-2.10.0%2Bcpu-cp312-cp312-manylinux_2_28_x86_64.whl.metadata (29 kB)
2026-10-04T12:30:30.2976397Z Collecting filelock (from torch==2.10.0)
2026-10-04T12:30:30.3453292Z   Downloading filelock-3.32.3-py3-none-any.whl.metadata (2.0 kB)
2026-10-04T12:30:30.3630549Z Collecting typing-extensions>=4.10.0 (from torch==2.10.0)
2026-10-04T12:30:30.3661532Z   Downloading typing_extensions-4.16.0-py3-none-any.whl.metadata (3.3 kB)
2026-10-04T12:30:30.3902428Z Collecting setuptools (from torch==2.10.0)
2026-10-04T12:30:30.3954107Z   Downloading setuptools-78.1.0-py3-none-any.whl.metadata (6.6 kB)
2026-10-04T12:30:30.4179829Z Collecting sympy>=1.13.3 (from torch==2.10.0)
2026-10-04T12:30:30.4211340Z   Downloading sympy-1.14.0-py3-none-any.whl.metadata (12 kB)
2026-10-04T12:30:30.4462315Z Collecting networkx>=2.5.1 (from torch==2.10.0)
2026-10-04T12:30:30.4496457Z   Downloading networkx-3.6.1-py3-none-any.whl.metadata (6.8 kB)
2026-10-04T12:30:30.4628317Z Collecting jinja2 (from torch==2.10.0)
2026-10-04T12:30:30.4664801Z   Downloading jinja2-3.1.6-py3-none-any.whl.metadata (2.9 kB)
2026-10-04T12:30:30.5011518Z Collecting fsspec>=0.8.5 (from torch==2.10.0)
2026-10-04T12:30:30.5058840Z   Downloading fsspec-2026.7.0-py3-none-any.whl.metadata (10 kB)
2026-10-04T12:30:30.5278935Z Requirement already satisfied: mpmath<1.4,>=1.1.0 in /opt/hostedtoolcache/Python/3.12.14/x64/lib/python3.12/site-packages (from sympy>=1.13.3->torch==2.10.0) (1.3.0)
2026-10-04T12:30:30.5472086Z Collecting MarkupSafe>=2.0 (from jinja2->torch==2.10.0)
2026-10-04T12:30:30.5510950Z   Downloading markupsafe-3.0.3-cp312-cp312-manylinux2014_x86_64.manylinux_2_17_x86_64.manylinux_2_28_x86_64.whl.metadata (2.7 kB)
2026-10-04T12:30:30.5634824Z Downloading torch-2.10.0%2Bcpu-cp312-cp312-manylinux_2_28_x86_64.whl (188.9 MB)
2026-10-04T12:30:31.2462179Z    ━━━━━━━━━━━━━━━━━━━━━━━━━━━━━━━━━━━━━━━━ 188.9/188.9 MB 280.4 MB/s  0:00:00
2026-10-04T12:30:31.2495778Z Downloading fsspec-2026.7.0-py3-none-any.whl (206 kB)
2026-10-04T12:30:31.2694017Z Downloading networkx-3.6.1-py3-none-any.whl (2.1 MB)
2026-10-04T12:30:31.2885836Z    ━━━━━━━━━━━━━━━━━━━━━━━━━━━━━━━━━━━━━━━━ 2.1/2.1 MB 135.1 MB/s  0:00:00
2026-10-04T12:30:31.2927890Z Downloading sympy-1.14.0-py3-none-any.whl (6.3 MB)
2026-10-04T12:30:31.3262936Z    ━━━━━━━━━━━━━━━━━━━━━━━━━━━━━━━━━━━━━━━━ 6.3/6.3 MB 201.5 MB/s  0:00:00
2026-10-04T12:30:31.3298283Z Downloading typing_extensions-4.16.0-py3-none-any.whl (45 kB)
2026-10-04T12:30:31.3358169Z Downloading filelock-3.32.3-py3-none-any.whl (98 kB)
2026-10-04T12:30:31.3422368Z Downloading jinja2-3.1.6-py3-none-any.whl (134 kB)
2026-10-04T12:30:31.3481629Z Downloading markupsafe-3.0.3-cp312-cp312-manylinux2014_x86_64.manylinux_2_17_x86_64.manylinux_2_28_x86_64.whl (22 kB)
2026-10-04T12:30:31.3541230Z Downloading setuptools-78.1.0-py3-none-any.whl (1.3 MB)
2026-10-04T12:30:31.3652052Z    ━━━━━━━━━━━━━━━━━━━━━━━━━━━━━━━━━━━━━━━━ 1.3/1.3 MB 113.5 MB/s  0:00:00
2026-10-04T12:30:31.7351480Z Installing collected packages: typing-extensions, sympy, setuptools, networkx, MarkupSafe, fsspec, filelock, jinja2, torch
2026-10-04T12:30:50.4192734Z 
2026-10-04T12:30:50.4214034Z Successfully installed MarkupSafe-3.0.3 filelock-3.32.3 fsspec-2026.7.0 jinja2-3.1.6 networkx-3.6.1 setuptools-78.1.0 sympy-1.14.0 torch-2.10.0+cpu typing-extensions-4.16.0
2026-10-04T12:30:50.4942685Z ##[group]Run python -m unittest discover -s revisions/2026-10-04-r16/code -p signed_tests.py -v
2026-10-04T12:30:50.4943386Z [36;1mpython -m unittest discover -s revisions/2026-10-04-r16/code -p signed_tests.py -v[0m
2026-10-04T12:30:50.5006720Z shell: /usr/bin/bash -e {0}
2026-10-04T12:30:50.5006977Z env:
2026-10-04T12:30:50.5007281Z   NBO_R16_SIGNED_SOURCE_COMMIT: 79936a9e5d0bdb7706a81208cf2422886b7f2e08
2026-10-04T12:30:50.5007661Z   OMP_NUM_THREADS: 1
2026-10-04T12:30:50.5007875Z   MKL_NUM_THREADS: 1
2026-10-04T12:30:50.5008093Z   OPENBLAS_NUM_THREADS: 1
2026-10-04T12:30:50.5008324Z   NUMBA_NUM_THREADS: 1
2026-10-04T12:30:50.5008548Z   PYTHONHASHSEED: 0
2026-10-04T12:30:50.5008773Z   PYTHONDONTWRITEBYTECODE: 1
2026-10-04T12:30:50.5009084Z   pythonLocation: /opt/hostedtoolcache/Python/3.12.14/x64
2026-10-04T12:30:50.5009540Z   PKG_CONFIG_PATH: /opt/hostedtoolcache/Python/3.12.14/x64/lib/pkgconfig
2026-10-04T12:30:50.5010012Z   Python_ROOT_DIR: /opt/hostedtoolcache/Python/3.12.14/x64
2026-10-04T12:30:50.5010402Z   Python2_ROOT_DIR: /opt/hostedtoolcache/Python/3.12.14/x64
2026-10-04T12:30:50.5010787Z   Python3_ROOT_DIR: /opt/hostedtoolcache/Python/3.12.14/x64
2026-10-04T12:30:50.5011184Z   LD_LIBRARY_PATH: /opt/hostedtoolcache/Python/3.12.14/x64/lib
2026-10-04T12:30:50.5011512Z ##[endgroup]
2026-10-04T12:30:53.1339554Z test_centered_interval_bernstein_translates (signed_tests.ProtectedRangeTests.test_centered_interval_bernstein_translates) ... ok
2026-10-04T12:30:53.1344574Z test_development_and_confirmation_domains_are_disjoint (signed_tests.ProtectedRangeTests.test_development_and_confirmation_domains_are_disjoint) ... ok
2026-10-04T12:30:54.2863578Z test_frozen_bounds_reconstruct_without_new_random_samples (signed_tests.ProtectedRangeTests.test_frozen_bounds_reconstruct_without_new_random_samples) ... ok
2026-10-04T12:30:54.9012143Z test_stage_chord_bound_covers_all_two_sector_vertices (signed_tests.ProtectedRangeTests.test_stage_chord_bound_covers_all_two_sector_vertices) ... ok
2026-10-04T12:30:54.9033463Z test_changed_sample_count_and_alpha_are_rejected (signed_tests.ProtocolTests.test_changed_sample_count_and_alpha_are_rejected) ... ok
2026-10-04T12:30:54.9110960Z test_exact_source_and_candidate_inventory (signed_tests.ProtocolTests.test_exact_source_and_candidate_inventory) ... ERROR
2026-10-04T12:30:54.9124697Z test_missing_original_stream_is_rejected (signed_tests.ProtocolTests.test_missing_original_stream_is_rejected) ... ok
2026-10-04T12:30:55.4995342Z test_endpoint_reversal_preserves_signed_law (signed_tests.SignedIdentityTests.test_endpoint_reversal_preserves_signed_law) ... ok
2026-10-04T12:30:55.5213779Z test_identical_endpoints_include_exact_zero (signed_tests.SignedIdentityTests.test_identical_endpoints_include_exact_zero) ... ok
2026-10-04T12:30:55.5216377Z test_joint_identity_is_enclosed_before_clipping (signed_tests.SignedIdentityTests.test_joint_identity_is_enclosed_before_clipping) ... ok
2026-10-04T12:30:55.5276262Z test_last_date_is_only_terminal_and_first_innovation (signed_tests.SignedIdentityTests.test_last_date_is_only_terminal_and_first_innovation) ... ok
2026-10-04T12:30:55.5495261Z test_uncoupled_antithetic_closed_form (signed_tests.SignedIdentityTests.test_uncoupled_antithetic_closed_form) ... ok
2026-10-04T12:30:55.5496343Z 
2026-10-04T12:30:55.5496563Z ======================================================================
2026-10-04T12:30:55.5497625Z ERROR: test_exact_source_and_candidate_inventory (signed_tests.ProtocolTests.test_exact_source_and_candidate_inventory)
2026-10-04T12:30:55.5498575Z ----------------------------------------------------------------------
2026-10-04T12:30:55.5499127Z Traceback (most recent call last):
2026-10-04T12:30:55.5505934Z   File "/home/runner/work/NBO/NBO/revisions/2026-10-04-r16/code/signed_tests.py", line 109, in test_exact_source_and_candidate_inventory
2026-10-04T12:30:55.5507264Z     got=pipe.check(w.ROOT);self.assertTrue(got['complete']);self.assertEqual(got['policy_count'],32)
2026-10-04T12:30:55.5508354Z         ^^^^^^^^^^^^^^^^^^
2026-10-04T12:30:55.5509104Z   File "/home/runner/work/NBO/NBO/revisions/2026-10-04-r16/code/signed_pipeline.py", line 140, in check
2026-10-04T12:30:55.5509926Z     family=read(safe(repo,p['confidence_families']))
2026-10-04T12:30:55.5510403Z            ^^^^^^^^^^^^^^^^^^^^^^^^^^^^^^^^^^^^^^^^^
2026-10-04T12:30:55.5511144Z   File "/home/runner/work/NBO/NBO/revisions/2026-10-04-r16/code/signed_pipeline.py", line 59, in read
2026-10-04T12:30:55.5511938Z     def read(path): return json.loads(Path(path).read_text())
2026-10-04T12:30:55.5512447Z                                       ^^^^^^^^^^^^^^^^^^^^^^
2026-10-04T12:30:55.5513187Z   File "/opt/hostedtoolcache/Python/3.12.14/x64/lib/python3.12/pathlib.py", line 1027, in read_text
2026-10-04T12:30:55.5514002Z     with self.open(mode='r', encoding=encoding, errors=errors) as f:
2026-10-04T12:30:55.5514547Z          ^^^^^^^^^^^^^^^^^^^^^^^^^^^^^^^^^^^^^^^^^^^^^^^^^^^^^
2026-10-04T12:30:55.5515279Z   File "/opt/hostedtoolcache/Python/3.12.14/x64/lib/python3.12/pathlib.py", line 1013, in open
2026-10-04T12:30:55.5516319Z     return io.open(self, mode, buffering, encoding, errors, newline)
2026-10-04T12:30:55.5516885Z            ^^^^^^^^^^^^^^^^^^^^^^^^^^^^^^^^^^^^^^^^^^^^^^^^^^^^^^^^^
2026-10-04T12:30:55.5517842Z FileNotFoundError: [Errno 2] No such file or directory: '/home/runner/work/NBO/NBO/revisions/2026-10-04-r16/protocols/confidence_families.json'
2026-10-04T12:30:55.5518636Z 
2026-10-04T12:30:55.5518852Z ----------------------------------------------------------------------
2026-10-04T12:30:55.5519336Z Ran 12 tests in 2.425s
2026-10-04T12:30:55.5519546Z 
2026-10-04T12:30:55.5519678Z FAILED (errors=1)
2026-10-04T12:30:55.9260841Z ##[error]Process completed with exit code 1.
2026-10-04T12:30:55.9416040Z Post job cleanup.
2026-10-04T12:30:56.0306340Z [command]/usr/bin/git version
2026-10-04T12:30:56.0316143Z git version 2.55.0
2026-10-04T12:30:56.0356914Z Temporarily overriding HOME='/home/runner/work/_temp/ebcddec0-7192-4fb2-ba21-e8e5aec0f20d' before making global git config changes
2026-10-04T12:30:56.0358237Z Adding repository directory to the temporary git global config as a safe directory
2026-10-04T12:30:56.0361711Z [command]/usr/bin/git config --global --add safe.directory /home/runner/work/NBO/NBO
2026-10-04T12:30:56.0402171Z [command]/usr/bin/git config --local --name-only --get-regexp core\.sshCommand
2026-10-04T12:30:56.0438137Z [command]/usr/bin/git submodule foreach --recursive sh -c "git config --local --name-only --get-regexp 'core\.sshCommand' && git config --local --unset-all 'core.sshCommand' || :"
2026-10-04T12:30:56.0714997Z [command]/usr/bin/git config --local --name-only --get-regexp http\.https\:\/\/github\.com\/\.extraheader
2026-10-04T12:30:56.0741294Z http.https://github.com/.extraheader
2026-10-04T12:30:56.0753045Z [command]/usr/bin/git config --local --unset-all http.https://github.com/.extraheader
2026-10-04T12:30:56.0789809Z [command]/usr/bin/git submodule foreach --recursive sh -c "git config --local --name-only --get-regexp 'http\.https\:\/\/github\.com\/\.extraheader' && git config --local --unset-all 'http.https://github.com/.extraheader' || :"
2026-10-04T12:30:56.1093599Z [command]/usr/bin/git config --local --name-only --get-regexp ^includeIf\.gitdir:
2026-10-04T12:30:56.1138585Z [command]/usr/bin/git submodule foreach --recursive git config --local --show-origin --name-only --get-regexp remote.origin.url
2026-10-04T12:30:56.1563643Z Evaluate and set job outputs
2026-10-04T12:30:56.1570750Z Cleaning up orphan processes
2026-10-04T12:30:56.1902103Z ##[warning]Node.js 20 is deprecated. The following actions target Node.js 20 but are being forced to run on Node.js 24: actions/checkout@v4, actions/setup-python@v5. For more information see: https://github.blog/changelog/2025-09-19-deprecation-of-node-20-on-github-actions-runners/

