1/1 feasible solution given by solution candidate storage, new primal bound 4.677421e+00

presolving:
(round 1, fast)       4 del vars, 1656 del conss, 0 add conss, 40 chg bounds, 0 chg sides, 0 chg coeffs, 0 upgd conss, 0 impls, 0 clqs, 0 implints
(round 2, fast)       4 del vars, 1661 del conss, 0 add conss, 43 chg bounds, 0 chg sides, 0 chg coeffs, 0 upgd conss, 0 impls, 0 clqs, 0 implints
(round 3, fast)       4 del vars, 1662 del conss, 0 add conss, 43 chg bounds, 0 chg sides, 0 chg coeffs, 0 upgd conss, 0 impls, 0 clqs, 0 implints
(round 4, exhaustive) 4 del vars, 2039 del conss, 0 add conss, 43 chg bounds, 376 chg sides, 0 chg coeffs, 0 upgd conss, 0 impls, 0 clqs, 0 implints
   (0.1s) symmetry computation started: requiring (bin +, int +, cont +), (fixed: bin -, int -, cont -)
   (0.1s) symmetry computation finished: 16 generators found (max: 1500, log10 of symmetry group size: 4.82) (symcode time: 0.00)
dynamic symmetry handling statistics:
   orbitopal reduction:       no components
   orbital reduction:         no components
   lexicographic reduction:   no permutations
handled 16 out of 16 symmetry components
(round 5, exhaustive) 4 del vars, 2039 del conss, 16 add conss, 43 chg bounds, 376 chg sides, 0 chg coeffs, 0 upgd conss, 0 impls, 0 clqs, 0 implints
presolving (6 rounds: 6 fast, 3 medium, 3 exhaustive):
 4 deleted vars, 2039 deleted constraints, 16 added constraints, 43 tightened bounds, 0 added holes, 376 changed sides, 0 changed coefficients
 0 implications, 0 cliques, 0 implied integral variables (0 bin, 0 int, 0 cont)
presolved problem has 252 variables (0 bin, 0 int, 252 cont) and 409 constraints
    311 constraints of type <linear>
     98 constraints of type <nonlinear>
Presolving Time: 0.07
transformed 1/1 original solutions to the transformed problem space

 time | node  | left  |LP iter|LP it/n|mem/heur|mdpt |vars |cons |rows |cuts |sepa|confs|strbr|  dualbound   | primalbound  |  gap   | compl. 
  0.1s|     1 |     0 |  1368 |     - |    14M |   0 |1047 | 409 |1425 |   0 |  0 |   0 |   0 | 4.421710e+00 | 4.677421e+00 |   5.78%| unknown
L 0.2s|     1 |     0 |  1368 |     - |undercov|   0 |1047 | 409 |1425 |   0 |  0 |   0 |   0 | 4.421710e+00 | 4.606919e+00 |   4.19%| unknown
L 0.3s|     1 |     0 |  1368 |     - |undercov|   0 |1047 | 409 |1425 |   0 |  0 |   0 |   0 | 4.421710e+00 | 4.548614e+00 |   2.87%| unknown
  0.3s|     1 |     0 |  2000 |     - |    16M |   0 |1047 | 409 |1694 | 269 |  1 |   0 |   0 | 4.479907e+00 | 4.548614e+00 |   1.53%| unknown
  0.3s|     1 |     0 |  2000 |     - |    16M |   0 |1047 | 409 |1692 | 269 |  1 |   0 |   0 | 4.479907e+00 | 4.548614e+00 |   1.53%| unknown
  0.3s|     1 |     0 |  2249 |     - |    16M |   0 |1047 | 409 |1789 | 366 |  2 |   0 |   0 | 4.512447e+00 | 4.548614e+00 |   0.80%| unknown
  0.3s|     1 |     0 |  2312 |     - |    16M |   0 |1047 | 409 |1811 | 388 |  3 |   0 |   0 | 4.519944e+00 | 4.548614e+00 |   0.63%| unknown
  0.3s|     1 |     0 |  2318 |     - |    16M |   0 |1047 | 409 |1814 | 391 |  4 |   0 |   0 | 4.519944e+00 | 4.548614e+00 |   0.63%| unknown
  2.2s|     1 |     0 | 44767 |     - |    17M |   0 |1047 | 351 |1814 | 391 |  5 |   0 |   0 | 4.519944e+00 | 4.548614e+00 |   0.63%| unknown
  2.2s|     1 |     0 | 44921 |     - |    17M |   0 |1047 | 351 |1910 | 487 |  6 |   0 |   0 | 4.536720e+00 | 4.548614e+00 |   0.26%| unknown
  2.2s|     1 |     0 | 44965 |     - |    17M |   0 |1047 | 351 |1943 | 520 |  7 |   0 |   0 | 4.538268e+00 | 4.548614e+00 |   0.23%| unknown
  2.2s|     1 |     0 | 44980 |     - |    17M |   0 |1047 | 351 |1945 | 522 |  8 |   0 |   0 | 4.538372e+00 | 4.548614e+00 |   0.23%| unknown
L 4.2s|     1 |     0 | 91579 |     - |  subnlp|   0 |1047 | 351 |1945 | 522 |  9 |   0 |   0 | 4.538372e+00 | 4.548614e+00 |   0.23%| unknown
  4.2s|     1 |     0 | 91579 |     - |    17M |   0 |1047 | 351 |1945 | 522 |  9 |   0 |   0 | 4.538372e+00 | 4.548614e+00 |   0.23%| unknown
  4.2s|     1 |     0 | 91605 |     - |    17M |   0 |1047 | 351 |1949 | 526 | 10 |   0 |   0 | 4.539281e+00 | 4.548614e+00 |   0.21%| unknown
 time | node  | left  |LP iter|LP it/n|mem/heur|mdpt |vars |cons |rows |cuts |sepa|confs|strbr|  dualbound   | primalbound  |  gap   | compl. 
  4.2s|     1 |     0 | 91872 |     - |    17M |   0 |1047 | 351 |1950 | 527 | 11 |   0 |   0 | 4.539417e+00 | 4.548614e+00 |   0.20%| unknown
  4.2s|     1 |     0 | 91873 |     - |    17M |   0 |1047 | 351 |1084 | 532 | 12 |   0 |   0 | 4.539417e+00 | 4.548614e+00 |   0.20%| unknown
  4.2s|     1 |     0 | 92116 |     - |    17M |   0 |1047 | 351 |1085 | 533 | 13 |   0 |   0 | 4.539417e+00 | 4.548614e+00 |   0.20%| unknown
  4.2s|     1 |     2 | 92238 |     - |    17M |   0 |1047 | 351 |1085 | 533 | 14 |   0 |   0 | 4.539417e+00 | 4.548614e+00 |   0.20%| unknown
L 4.4s|     7 |     8 | 92357 |14637.2 |  subnlp|   4 |1047 | 351 | 874 | 613 |  3 |   0 |   0 | 4.539417e+00 | 4.548614e+00 |   0.20%| unknown
  4.8s|   100 |   101 | 94282 | 906.5 |    20M |  10 |1047 | 351 | 899 |1650 |  2 |   0 |   0 | 4.544045e+00 | 4.548614e+00 |   0.10%| unknown
  5.3s|   200 |   197 | 96441 | 461.8 |    20M |  11 |1047 | 351 | 919 |2805 |  2 |   0 |   0 | 4.544699e+00 | 4.548614e+00 |   0.09%|  34.23%
  5.8s|   300 |   293 | 98298 | 313.6 |    22M |  12 |1047 | 351 | 922 |3905 |  3 |   0 |   0 | 4.545432e+00 | 4.548614e+00 |   0.07%|  39.63%
  6.3s|   400 |   385 |100183 | 239.7 |    22M |  12 |1047 | 351 | 935 |4997 |  2 |   0 |   0 | 4.545752e+00 | 4.548614e+00 |   0.06%|  41.92%
  6.8s|   500 |   473 |101964 | 195.3 |    23M |  13 |1047 | 351 | 922 |6057 |  2 |   0 |   0 | 4.545996e+00 | 4.548614e+00 |   0.06%|  44.24%
  7.3s|   600 |   555 |103792 | 165.7 |    23M |  13 |1047 | 351 | 929 |7120 |  2 |   0 |   0 | 4.546201e+00 | 4.548614e+00 |   0.05%|  47.63%
  7.8s|   700 |   635 |105648 | 144.7 |    26M |  13 |1047 | 351 | 935 |8173 |  2 |   0 |   0 | 4.546297e+00 | 4.548614e+00 |   0.05%|  48.86%
  8.3s|   800 |   697 |107310 | 128.6 |    26M |  15 |1047 | 351 | 930 |9272 |  2 |   0 |   0 | 4.546364e+00 | 4.548614e+00 |   0.05%|  50.90%
  8.8s|   900 |   755 |108934 | 116.1 |    26M |  15 |1047 | 351 | 943 |  10k|  2 |   0 |   0 | 4.546540e+00 | 4.548614e+00 |   0.05%|  52.87%
  9.2s|  1000 |   807 |110488 | 106.1 |    27M |  15 |1047 | 351 | 918 |  11k|  2 |   0 |   0 | 4.546721e+00 | 4.548614e+00 |   0.04%|  55.28%
 time | node  | left  |LP iter|LP it/n|mem/heur|mdpt |vars |cons |rows |cuts |sepa|confs|strbr|  dualbound   | primalbound  |  gap   | compl. 
  9.7s|  1100 |   863 |111978 |  97.8 |    27M |  15 |1047 | 351 | 941 |  12k|  1 |   0 |   0 | 4.546856e+00 | 4.548614e+00 |   0.04%|  56.62%
 10.2s|  1200 |   929 |113241 |  90.7 |    29M |  15 |1047 | 351 | 973 |  13k|  2 |   0 |   0 | 4.546903e+00 | 4.548614e+00 |   0.04%|  57.80%
 10.6s|  1300 |   997 |114451 |  84.6 |    29M |  19 |1047 | 351 | 938 |  13k|  2 |   0 |   0 | 4.546973e+00 | 4.548614e+00 |   0.04%|  58.42%
 11.0s|  1400 |  1061 |115813 |  79.5 |    29M |  19 |1047 | 351 | 954 |  14k|  3 |   0 |   0 | 4.547011e+00 | 4.548614e+00 |   0.04%|  59.21%
 11.5s|  1500 |  1133 |117096 |  75.1 |    30M |  19 |1047 | 351 | 967 |  15k|  2 |   0 |   0 | 4.547058e+00 | 4.548614e+00 |   0.03%|  59.90%
 11.9s|  1600 |  1197 |118284 |  71.1 |    30M |  19 |1047 | 351 | 939 |  16k|  2 |   0 |   0 | 4.547172e+00 | 4.548614e+00 |   0.03%|  61.09%
 12.4s|  1700 |  1253 |119499 |  67.7 |    32M |  21 |1047 | 351 | 930 |  17k|  2 |   0 |   0 | 4.547200e+00 | 4.548614e+00 |   0.03%|  61.79%
 12.9s|  1800 |  1303 |120597 |  64.5 |    32M |  21 |1047 | 351 | 958 |  18k|  0 |   0 |   0 | 4.547200e+00 | 4.548614e+00 |   0.03%|  62.24%
 13.3s|  1900 |  1361 |121700 |  61.7 |    33M |  21 |1047 | 351 | 941 |  18k|  1 |   0 |   0 | 4.547253e+00 | 4.548614e+00 |   0.03%|  62.84%
 13.8s|  2000 |  1421 |122767 |  59.1 |    34M |  22 |1047 | 351 | 945 |  19k|  0 |   0 |   0 | 4.547268e+00 | 4.548614e+00 |   0.03%|  63.22%

SCIP Status        : solving was interrupted [node limit reached]
Solving Time (sec) : 14.00
Solving Nodes      : 2047
Primal Bound       : +4.54861403245075e+00 (7 solutions)
Dual Bound         : +4.54728830678120e+00
Gap                : 0.03 %
  [linear] <c2144>: <S_7_0>[C] (+5.68102342e-10) +256<D_7_0>[C] (-1.42704943e-11) >= 0;
;
violation: left hand side is violated by 3.08514420103923e-09
best solution is not feasible in original problem
