Rc files read:
  /etc/LatexMk
Latexmk: This is Latexmk, John Collins, 31 Jan. 2024. Version 4.83.
No existing .aux file, so I'll make a simple one, and require run of *latex.
Latexmk: applying rule 'pdflatex'...
Rule 'pdflatex':  Reasons for rerun
Category 'other':
  Rerun of 'pdflatex' forced or previously required:
    Reason or flag: 'Initial setup'

------------
Run number 1 of rule 'pdflatex'
------------
------------
Running 'pdflatex  -interaction=nonstopmode -halt-on-error -recorder  "COMPENDIUM_R12.tex"'
------------
This is pdfTeX, Version 3.141592653-2.6-1.40.25 (TeX Live 2023/Debian) (preloaded format=pdflatex)
 restricted \write18 enabled.
entering extended mode
(./COMPENDIUM_R12.tex
LaTeX2e <2023-11-01> patch level 1
L3 programming layer <2024-01-22>
(./econsocart.cls
Document Class: econsocart 2022/11/21 v1.4.1, The Econometric Society Journals
(/usr/share/texlive/texmf-dist/tex/latex/etoolbox/etoolbox.sty)
(./econsocart.cfg) (/usr/share/texlive/texmf-dist/tex/latex/base/fix-cm.sty
(/usr/share/texlive/texmf-dist/tex/latex/base/ts1enc.def))
(/usr/share/texlive/texmf-dist/tex/latex/graphics/graphicx.sty
(/usr/share/texlive/texmf-dist/tex/latex/graphics/keyval.sty)
(/usr/share/texlive/texmf-dist/tex/latex/graphics/graphics.sty
(/usr/share/texlive/texmf-dist/tex/latex/graphics/trig.sty)
(/usr/share/texlive/texmf-dist/tex/latex/graphics-cfg/graphics.cfg)
(/usr/share/texlive/texmf-dist/tex/latex/graphics-def/pdftex.def)))
(/usr/share/texlive/texmf-dist/tex/latex/base/fontenc.sty)
(/usr/share/texlive/texmf-dist/tex/latex/psnfss/times.sty)
(/usr/share/texlive/texmf-dist/tex/latex/textcase/textcase.sty)
(/usr/share/texlive/texmf-dist/tex/latex/psnfss/helvet.sty)
(/usr/share/texlive/texmf-dist/tex/latex/base/textcomp.sty)
(/usr/share/texlive/texmf-dist/tex/latex/psnfss/t1ptm.fd)
(/usr/share/texlive/texmf-dist/tex/latex/amsfonts/amssymb.sty
(/usr/share/texlive/texmf-dist/tex/latex/amsfonts/amsfonts.sty))
(/usr/share/texlive/texmf-dist/tex/latex/tools/bm.sty)
(/usr/share/texlive/texmf-dist/tex/latex/url/url.sty)
(/usr/share/texlive/texmf-dist/tex/latex/amsmath/amsmath.sty
For additional information on amsmath, use the `?' option.
(/usr/share/texlive/texmf-dist/tex/latex/amsmath/amstext.sty
(/usr/share/texlive/texmf-dist/tex/latex/amsmath/amsgen.sty))
(/usr/share/texlive/texmf-dist/tex/latex/amsmath/amsbsy.sty)
(/usr/share/texlive/texmf-dist/tex/latex/amsmath/amsopn.sty))
(/usr/share/texlive/texmf-dist/tex/latex/amscls/amsthm.sty)
(/usr/share/texlive/texmf-dist/tex/latex/natbib/natbib.sty))
(./revisions/2026-09-17-r9-participation-permissions/paper/preamble.tex
(/usr/share/texlive/texmf-dist/tex/latex/hyperref/hyperref.sty
(/usr/share/texlive/texmf-dist/tex/generic/iftex/iftex.sty)
(/usr/share/texlive/texmf-dist/tex/latex/kvsetkeys/kvsetkeys.sty)
(/usr/share/texlive/texmf-dist/tex/generic/kvdefinekeys/kvdefinekeys.sty)
(/usr/share/texlive/texmf-dist/tex/generic/pdfescape/pdfescape.sty
(/usr/share/texlive/texmf-dist/tex/generic/ltxcmds/ltxcmds.sty)
(/usr/share/texlive/texmf-dist/tex/generic/pdftexcmds/pdftexcmds.sty
(/usr/share/texlive/texmf-dist/tex/generic/infwarerr/infwarerr.sty)))
(/usr/share/texlive/texmf-dist/tex/latex/hycolor/hycolor.sty)
(/usr/share/texlive/texmf-dist/tex/latex/auxhook/auxhook.sty)
(/usr/share/texlive/texmf-dist/tex/latex/hyperref/nameref.sty
(/usr/share/texlive/texmf-dist/tex/latex/refcount/refcount.sty)
(/usr/share/texlive/texmf-dist/tex/generic/gettitlestring/gettitlestring.sty
(/usr/share/texlive/texmf-dist/tex/latex/kvoptions/kvoptions.sty)))
(/usr/share/texlive/texmf-dist/tex/latex/hyperref/pd1enc.def)
(/usr/share/texlive/texmf-dist/tex/generic/intcalc/intcalc.sty)
(/usr/share/texlive/texmf-dist/tex/latex/hyperref/puenc.def)
(/usr/share/texlive/texmf-dist/tex/generic/bitset/bitset.sty
(/usr/share/texlive/texmf-dist/tex/generic/bigintcalc/bigintcalc.sty))
(/usr/share/texlive/texmf-dist/tex/latex/base/atbegshi-ltx.sty))
(/usr/share/texlive/texmf-dist/tex/latex/hyperref/hpdftex.def
(/usr/share/texlive/texmf-dist/tex/latex/base/atveryend-ltx.sty)
(/usr/share/texlive/texmf-dist/tex/latex/rerunfilecheck/rerunfilecheck.sty
(/usr/share/texlive/texmf-dist/tex/generic/uniquecounter/uniquecounter.sty)))
(/usr/share/texlive/texmf-dist/tex/latex/booktabs/booktabs.sty)
(/usr/share/texlive/texmf-dist/tex/latex/tools/tabularx.sty
(/usr/share/texlive/texmf-dist/tex/latex/tools/array.sty))
(/usr/share/texlive/texmf-dist/tex/latex/enumitem/enumitem.sty)
(/usr/share/texlive/texmf-dist/tex/latex/psnfss/mathpazo.sty)
(/usr/share/texlive/texmf-dist/tex/latex/base/fontenc.sty
(/usr/share/texlive/texmf-dist/tex/latex/psnfss/t1ppl.fd))
(/usr/share/texlive/texmf-dist/tex/latex/microtype/microtype.sty
(/usr/share/texlive/texmf-dist/tex/latex/microtype/microtype-pdftex.def)
(/usr/share/texlive/texmf-dist/tex/latex/microtype/microtype.cfg)))
(./revisions/2026-09-17-r9-participation-permissions/paper/r9_numbers.tex)
(./revisions/2026-09-16-r6/paper/r5_numbers.tex)
(/usr/share/texlive/texmf-dist/tex/latex/hyperref/backref.sty)
(/usr/share/texlive/texmf-dist/tex/latex/l3backend/l3backend-pdftex.def)
(./COMPENDIUM_R12.aux)
(/usr/share/texlive/texmf-dist/tex/context/base/mkii/supp-pdf.mkii
[Loading MPS to PDF converter (version 2006.09.02).]
) (/usr/share/texlive/texmf-dist/tex/latex/epstopdf-pkg/epstopdf-base.sty
(/usr/share/texlive/texmf-dist/tex/latex/grfext/grfext.sty)
(/usr/share/texlive/texmf-dist/tex/latex/latexconfig/epstopdf-sys.cfg))
(/usr/share/texlive/texmf-dist/tex/latex/graphics/color.sty
(/usr/share/texlive/texmf-dist/tex/latex/graphics-cfg/color.cfg)
(/usr/share/texlive/texmf-dist/tex/latex/graphics/mathcolor.ltx))
(/usr/share/texlive/texmf-dist/tex/latex/microtype/mt-ppl.cfg)
(/usr/share/texlive/texmf-dist/tex/latex/psnfss/ot1ppl.fd)
(/usr/share/texlive/texmf-dist/tex/latex/psnfss/omlzplm.fd)
(/usr/share/texlive/texmf-dist/tex/latex/psnfss/omszplm.fd)
(/usr/share/texlive/texmf-dist/tex/latex/psnfss/omxzplm.fd)
(/usr/share/texlive/texmf-dist/tex/latex/microtype/mt-msa.cfg)
(/usr/share/texlive/texmf-dist/tex/latex/microtype/mt-msb.cfg)
(/usr/share/texlive/texmf-dist/tex/latex/microtype/mt-cmr.cfg)
(/usr/share/texlive/texmf-dist/tex/latex/psnfss/ot1zplm.fd)

Package hyperref Warning: Ignoring empty anchor on input line 25.


Package natbib Warning: Citation `qi2024' on page 1 undefined on input line 25.


(./revisions/2026-09-18-r11-dynamic-contract/paper/01_introduction.tex

LaTeX Warning: Reference `sec:r11_integrated' on page 1 undefined on input line
 4.

[1
Non-PDF special ignored!
<special> papersize=487.8225pt,704.63249pt
{/var/lib/texmf/fonts/map/pdftex/updmap/pdftex.map}{/usr/share/texlive/texmf-di
st/fonts/enc/dvips/base/8r.enc}] [2] [3]

Package natbib Warning: Citation `jacka2015' on page 4 undefined on input line 
28.


Package natbib Warning: Citation `kim2025' on page 4 undefined on input line 28
.


Package natbib Warning: Citation `kim2026' on page 4 undefined on input line 28
.


Package natbib Warning: Citation `lee2024' on page 4 undefined on input line 28
.


Package natbib Warning: Citation `cai2025' on page 4 undefined on input line 28
.


Package natbib Warning: Citation `han2016' on page 4 undefined on input line 28
.


Package natbib Warning: Citation `barreto2017' on page 4 undefined on input lin
e 30.


Package natbib Warning: Citation `chang2021' on page 4 undefined on input line 
30.


Package natbib Warning: Citation `nemecek2021' on page 4 undefined on input lin
e 30.


Package natbib Warning: Citation `alegre2022' on page 4 undefined on input line
 30.


Package natbib Warning: Citation `csaji2008' on page 4 undefined on input line 
32.


LaTeX Warning: Reference `thm:corrected_chord' on page 4 undefined on input lin
e 32.


Package natbib Warning: Citation `brown2010' on page 4 undefined on input line 
32.


Package natbib Warning: Citation `quatmann2016' on page 4 undefined on input li
ne 32.


Package natbib Warning: Citation `heck2025' on page 4 undefined on input line 3
2.


LaTeX Warning: Reference `sec:r8_correspondence' on page 4 undefined on input l
ine 32.


Package natbib Warning: Citation `milgrom2002' on page 4 undefined on input lin
e 32.

[4]

Package natbib Warning: Citation `stokey1989' on page 5 undefined on input line
 34.


Package natbib Warning: Citation `judd1998' on page 5 undefined on input line 3
4.


Package natbib Warning: Citation `brumm2017' on page 5 undefined on input line 
34.


Package natbib Warning: Citation `raissi2019' on page 5 undefined on input line
 34.


Package natbib Warning: Citation `han2018' on page 5 undefined on input line 34
.


Package natbib Warning: Citation `amos2017' on page 5 undefined on input line 3
4.

)
(./revisions/2026-09-18-r11-dynamic-contract/paper/02_integrated_economics.tex

LaTeX Warning: Reference `sec:preferences' on page 5 undefined on input line 6.



LaTeX Warning: Reference `subsec:finite_protocol' on page 5 undefined on input 
line 6.


LaTeX Warning: Reference `subsec:r9_permissions' on page 5 undefined on input l
ine 8.

[5]

LaTeX Warning: Reference `eq:r11_transport_test' on page 6 undefined on input l
ine 48.

(/usr/share/texlive/texmf-dist/tex/latex/psnfss/ufplmbb.fd) [6]

LaTeX Warning: Reference `eq:r11_transport_test' on page 7 undefined on input l
ine 58.


LaTeX Warning: Reference `sec:r7_primitive' on page 7 undefined on input line 6
2.


LaTeX Warning: Reference `eq:r11_upward_equality' on page 7 undefined on input 
line 64.


LaTeX Warning: Reference `eq:r11_upward_equality' on page 7 undefined on input 
line 78.

[7]

LaTeX Warning: Reference `eq:r11_box' on page 8 undefined on input line 93.


LaTeX Warning: Reference `prop:r9_enforcement' on page 8 undefined on input lin
e 99.

[8]

LaTeX Warning: Reference `eq:r11_procurement' on page 9 undefined on input line
 119.


LaTeX Warning: Reference `eq:r11_box' on page 9 undefined on input line 121.


LaTeX Warning: Reference `thm:corrected_chord' on page 9 undefined on input lin
e 124.

[9]) (./revisions/2026-09-16-r6/paper/02_operators.tex [10]

LaTeX Warning: Reference `eq:actor' on page 11 undefined on input line 54.

[11]

LaTeX Warning: Reference `ass:exact' on page 12 undefined on input line 76.


LaTeX Warning: Reference `thm:exact' on page 12 undefined on input line 79.

) (./revisions/2026-09-16-r6/paper/03_approximation.tex

LaTeX Warning: Reference `eq:finite_operator' on page 12 undefined on input lin
e 4.


LaTeX Warning: Reference `ass:finite' on page 12 undefined on input line 29.

[12]

LaTeX Warning: Reference `eq:value_bound' on page 13 undefined on input line 46
.

[13]

LaTeX Warning: Reference `eq:fw' on page 14 undefined on input line 72.


LaTeX Warning: Reference `eq:fw' on page 14 undefined on input line 78.


Package natbib Warning: Citation `barles1991' on page 14 undefined on input lin
e 102.

[14]) (./revisions/2026-09-17-r8-full-response/paper/04_preferences.tex

LaTeX Warning: Reference `sec:decision_target' on page 15 undefined on input li
ne 4.

[15]

LaTeX Warning: Reference `eq:ndu_objective' on page 16 undefined on input line 
35.


LaTeX Warning: Reference `eq:ndu_parameters' on page 16 undefined on input line
 39.

[16]

LaTeX Warning: Reference `eq:ndu_controls' on page 17 undefined on input line 1
09.

[17]) (./revisions/2026-09-16-r6/paper/04b_contract_transfer.tex

LaTeX Warning: Reference `eq:contract_quotient' on page 18 undefined on input l
ine 38.


LaTeX Warning: Reference `eq:joint_moment' on page 18 undefined on input line 3
8.

[18]

LaTeX Warning: Reference `thm:contract' on page 19 undefined on input line 45.


LaTeX Warning: Reference `thm:k' on page 19 undefined on input line 45.

[19]

Package natbib Warning: Citation `barreto2017' on page 20 undefined on input li
ne 90.


Package natbib Warning: Citation `chang2021' on page 20 undefined on input line
 90.


Package natbib Warning: Citation `nemecek2021' on page 20 undefined on input li
ne 90.


LaTeX Warning: Reference `sec:error' on page 20 undefined on input line 92.

[20]

LaTeX Warning: Reference `eq:sign_margin' on page 21 undefined on input line 12
4.


Package natbib Warning: Citation `alegre2022' on page 21 undefined on input lin
e 128.

[21]

LaTeX Warning: Reference `prop:ols_equivalence' on page 22 undefined on input l
ine 146.

) (./revisions/2026-09-16-r6/paper/04c_kernel_transfer.tex

LaTeX Warning: Reference `eq:kernel_mixture' on page 22 undefined on input line
 13.

[22]

LaTeX Warning: Reference `eq:kernel_mixture' on page 23 undefined on input line
 35.


LaTeX Warning: Reference `eq:endpoint_supersolutions' on page 23 undefined on i
nput line 35.


LaTeX Warning: Reference `eq:kernel_correction' on page 23 undefined on input l
ine 61.


LaTeX Warning: Reference `eq:kernel_second_order' on page 23 undefined on input
 line 63.


LaTeX Warning: Reference `eq:kernel_second_order' on page 23 undefined on input
 line 66.


LaTeX Warning: Reference `eq:endpoint_supersolutions' on page 23 undefined on i
nput line 71.


Package amsmath Warning: Foreign command \atopwithdelims;
(amsmath)                \frac or \genfrac should be used instead
(amsmath)                 on input line 76.

[23]

LaTeX Warning: Reference `eq:corrected_upper' on page 24 undefined on input lin
e 88.


LaTeX Warning: Reference `thm:corrected_chord' on page 24 undefined on input li
ne 110.


LaTeX Warning: Reference `eq:bernstein_recursion' on page 24 undefined on input
 line 113.


Package natbib Warning: Citation `brown2010' on page 24 undefined on input line
 114.


LaTeX Warning: Reference `eq:kernel_correction' on page 24 undefined on input l
ine 116.

) (./revisions/2026-09-17-r8-full-response/paper/04e_comparative_oracles.tex
[24]

LaTeX Warning: Reference `thm:corrected_chord' on page 25 undefined on input li
ne 27.

[25]

Package natbib Warning: Citation `quatmann2016' on page 26 undefined on input l
ine 36.


LaTeX Warning: Reference `eq:r7_rectangular' on page 26 undefined on input line
 36.


LaTeX Warning: Reference `thm:corrected_chord' on page 26 undefined on input li
ne 40.

[26]

LaTeX Warning: Reference `prop:r7_dominance' on page 27 undefined on input line
 69.

) (./revisions/2026-09-17-r8-full-response/paper/04d_risk_frontier.tex

LaTeX Warning: Reference `sec:decision_target' on page 27 undefined on input li
ne 3.

[27]

LaTeX Warning: Reference `eq:risk_derivatives' on page 28 undefined on input li
ne 28.


LaTeX Warning: Reference `eq:risk_frontier_slope' on page 28 undefined on input
 line 28.


Package natbib Warning: Citation `milgrom2002' on page 28 undefined on input li
ne 28.


LaTeX Warning: Reference `eq:risk_frontier_slope' on page 28 undefined on input
 line 32.

[28]

LaTeX Warning: Reference `eq:preference_option' on page 29 undefined on input l
ine 55.


LaTeX Warning: Reference `eq:option_decomposition' on page 29 undefined on inpu
t line 55.


LaTeX Warning: Reference `sec:contracts' on page 29 undefined on input line 58.



LaTeX Warning: Reference `eq:risk_frontier_slope' on page 29 undefined on input
 line 58.

) (./revisions/2026-09-16-r7/paper/04f_economic_certification.tex

LaTeX Warning: Reference `eq:risk_derivatives' on page 29 undefined on input li
ne 11.

[29]

LaTeX Warning: Reference `eq:r7_primitive_condition' on page 30 undefined on in
put line 39.

[30]) (./revisions/2026-09-17-r8-full-response/paper/04g_decision_economics.tex

LaTeX Warning: Reference `eq:ndu_u' on page 31 undefined on input line 9.


LaTeX Warning: Reference `eq:ndu_x' on page 31 undefined on input line 9.

[31]

LaTeX Warning: Reference `sec:preferences' on page 32 undefined on input line 1
8.


LaTeX Warning: Reference `sec:preferences' on page 32 undefined on input line 3
4.

[32]

LaTeX Warning: Reference `eq:risk_class_values' on page 33 undefined on input l
ine 40.


LaTeX Warning: Reference `sec:r7_primitive' on page 33 undefined on input line 
52.

[33]

LaTeX Warning: Reference `eq:r8_feature_account' on page 34 undefined on input 
line 82.


LaTeX Warning: Reference `eq:r8_reoptimization' on page 34 undefined on input l
ine 92.


LaTeX Warning: Reference `eq:r8_reoptimization' on page 34 undefined on input l
ine 95.

[34])
(./revisions/2026-09-17-r9-participation-permissions/paper/04i_contracting.tex

LaTeX Warning: Reference `subsec:finite_protocol' on page 35 undefined on input
 line 7.

[35]

LaTeX Warning: Reference `eq:r9_features' on page 36 undefined on input line 22
.


LaTeX Warning: Reference `eq:r9_procurement' on page 36 undefined on input line
 39.

[36]

LaTeX Warning: Reference `eq:r9_exact_fee' on page 37 undefined on input line 8
1.


LaTeX Warning: Reference `eq:r9_capacity_substitute' on page 37 undefined on in
put line 84.

[37] [38] [39])
(./revisions/2026-09-17-r8-full-response/paper/04h_literature_correspondence.te
x

Package natbib Warning: Citation `quatmann2016' on page 40 undefined on input l
ine 3.


Package natbib Warning: Citation `heck2025' on page 40 undefined on input line 
3.


LaTeX Warning: Reference `eq:r8_regional_target' on page 40 undefined on input 
line 14.

[40]

Package natbib Warning: Citation `quatmann2016' on page 41 undefined on input l
ine 23.


Package natbib Warning: Citation `heck2025' on page 41 undefined on input line 
23.

) (./revisions/2026-09-16-r6/paper/05_computation.tex

LaTeX Warning: Reference `tab:ndu_refine' on page 41 undefined on input line 25
.

(./revisions/2026-09-16-r6/paper/table_ndu_refinement.tex) [41]

LaTeX Warning: Reference `tab:ndu_k' on page 42 undefined on input line 29.

(./revisions/2026-09-16-r6/paper/table_ndu_k.tex)

LaTeX Warning: Reference `thm:k' on page 42 undefined on input line 32.


LaTeX Warning: Reference `eq:ndu_controls' on page 42 undefined on input line 3
2.

[42]

LaTeX Warning: Reference `tab:ndu_neural' on page 43 undefined on input line 39
.


LaTeX Warning: Reference `tab:ndu_policy' on page 43 undefined on input line 39
.

(./revisions/2026-09-16-r6/paper/table_ndu_neural.tex)
(./revisions/2026-09-16-r6/paper/table_ndu_policy.tex) [43]

LaTeX Warning: Reference `tab:r5_repair' on page 44 undefined on input line 48.


(./revisions/2026-09-16-r6/paper/table_r5_repair.tex)

LaTeX Warning: Reference `sec:contracts' on page 44 undefined on input line 53.



LaTeX Warning: Reference `tab:r5_contracts' on page 44 undefined on input line 
55.


LaTeX Warning: Reference `thm:sign' on page 44 undefined on input line 55.

(./revisions/2026-09-16-r6/paper/table_r5_contracts.tex) [44] [45]

LaTeX Warning: Reference `eq:fw' on page 46 undefined on input line 96.


LaTeX Warning: Reference `eq:tree_certificate' on page 46 undefined on input li
ne 98.

(./revisions/2026-09-16-r6/paper/table_resource.tex) [46]

LaTeX Warning: Reference `tab:r5_resource' on page 47 undefined on input line 1
08.

(./revisions/2026-09-16-r6/paper/table_r5_resource.tex)

LaTeX Warning: Reference `tab:r5_workload' on page 47 undefined on input line 1
11.

(./revisions/2026-09-16-r6/paper/table_r5_workload.tex) [47]

LaTeX Warning: Reference `sec:structural_qp' on page 48 undefined on input line
 114.

) (./revisions/2026-09-16-r7/paper/05b_incremental_evidence.tex

LaTeX Warning: Reference `tab:r6_ols' on page 48 undefined on input line 3.

(./revisions/2026-09-16-r6/paper/table_r6_ols.tex) [48]

LaTeX Warning: Reference `tab:r6_mesh' on page 49 undefined on input line 7.

(./revisions/2026-09-16-r6/paper/table_r6_mesh.tex) [49]

LaTeX Warning: Reference `tab:r6_qp' on page 50 undefined on input line 21.

(./revisions/2026-09-16-r6/paper/table_r6_qp.tex) [50]

LaTeX Warning: Reference `thm:corrected_chord' on page 51 undefined on input li
ne 29.


LaTeX Warning: Reference `eq:bernstein_recursion' on page 51 undefined on input
 line 29.


LaTeX Warning: Reference `tab:r6_kernel' on page 51 undefined on input line 29.


(./revisions/2026-09-16-r6/paper/table_r6_kernel.tex)

LaTeX Warning: Reference `sec:r7_matched_evidence' on page 51 undefined on inpu
t line 31.


LaTeX Warning: Reference `prop:r7_dominance' on page 51 undefined on input line
 31.

[51]

LaTeX Warning: Reference `tab:r6_option' on page 52 undefined on input line 39.



LaTeX Warning: Reference `sec:risk_frontier' on page 52 undefined on input line
 39.

(./revisions/2026-09-16-r6/paper/table_r6_option.tex)

LaTeX Warning: Reference `eq:option_decomposition' on page 52 undefined on inpu
t line 41.


LaTeX Warning: Reference `tab:r6_frontier' on page 52 undefined on input line 4
3.


LaTeX Warning: Reference `eq:risk_frontier_slope' on page 52 undefined on input
 line 43.


LaTeX Warning: Reference `prop:risk_frontier' on page 52 undefined on input lin
e 43.

(./revisions/2026-09-16-r6/paper/table_r6_frontier.tex)

LaTeX Warning: Reference `prop:r7_primitive' on page 52 undefined on input line
 45.


LaTeX Warning: Reference `prop:r7_tensor' on page 52 undefined on input line 45
.

) (./revisions/2026-09-16-r7/paper/05c_r7_evidence.tex [52]
(./revisions/2026-09-16-r7/paper/table_r7_matched.tex)

LaTeX Warning: Reference `prop:r7_dominance' on page 53 undefined on input line
 6.

[53]

LaTeX Warning: Reference `tab:r7_adaptive' on page 54 undefined on input line 1
0.


LaTeX Warning: Reference `tab:r7_matched' on page 54 undefined on input line 10
.

(./revisions/2026-09-16-r7/paper/table_r7_adaptive.tex)
(./revisions/2026-09-16-r7/paper/r7_adaptive_interpretation.tex) [54]

LaTeX Warning: Reference `prop:r7_tensor' on page 55 undefined on input line 21
.

(./revisions/2026-09-16-r7/paper/table_r7_decision.tex))
(./revisions/2026-09-17-r9-participation-permissions/paper/05d_decision_evidenc
e.tex [55] (./revisions/2026-09-17-r8-full-response/paper/table_r8_spatial.tex)

LaTeX Warning: Reference `tab:r8_spatial' on page 56 undefined on input line 7.


(./revisions/2026-09-17-r8-full-response/paper/table_r8_frontiers.tex)

LaTeX Warning: Reference `tab:r8_frontiers' on page 56 undefined on input line 
12.

[56] (./revisions/2026-09-17-r8-full-response/paper/table_r8_nested.tex)

LaTeX Warning: Reference `tab:r8_nested' on page 57 undefined on input line 15.



LaTeX Warning: Reference `tab:r8_spatial' on page 57 undefined on input line 15
.

(./revisions/2026-09-17-r8-full-response/paper/table_r8_mechanisms.tex)
[57] (./revisions/2026-09-17-r8-full-response/paper/table_r8_features.tex)

LaTeX Warning: Reference `tab:r8_features' on page 58 undefined on input line 2
6.

(./revisions/2026-09-17-r8-full-response/paper/table_r8_contest.tex)
(./revisions/2026-09-17-r9-participation-permissions/paper/table_r9_initial.tex
)

LaTeX Warning: Reference `tab:r8_contest' on page 58 undefined on input line 31
.


Underfull \vbox (badness 2401) has occurred while \output is active [58]
[59]

LaTeX Warning: Reference `eq:r8_target_budget' on page 60 undefined on input li
ne 37.

)
(./revisions/2026-09-17-r9-participation-permissions/paper/05e_contract_evidenc
e.tex
(./revisions/2026-09-17-r9-participation-permissions/paper/table_r9_procurement
.tex)

LaTeX Warning: Reference `tab:r9_procurement' on page 60 undefined on input lin
e 9.

[60]
(./revisions/2026-09-17-r9-participation-permissions/paper/table_r9_surrender.t
ex)

LaTeX Warning: Reference `eq:r9_delta_derivatives' on page 61 undefined on inpu
t line 19.

[61]
(./revisions/2026-09-17-r9-participation-permissions/paper/table_r9_enforcement
.tex)

LaTeX Warning: Reference `prop:r9_enforcement' on page 62 undefined on input li
ne 27.


LaTeX Warning: Reference `tab:r9_enforcement' on page 62 undefined on input lin
e 27.


LaTeX Warning: Reference `eq:r9_capacity_substitute' on page 62 undefined on in
put line 29.

[62]
(./revisions/2026-09-17-r9-participation-permissions/paper/table_r9_fee_certifi
cate.tex)

LaTeX Warning: Reference `tab:r9_fee_certificate' on page 63 undefined on input
 line 32.


(./revisions/2026-09-17-r9-participation-permissions/paper/table_r9_permissions
.tex [63])

LaTeX Warning: Reference `tab:r9_permissions' on page 64 undefined on input lin
e 43.


(./revisions/2026-09-17-r9-participation-permissions/paper/table_r9_benefit_fro
ntiers.tex)

LaTeX Warning: Reference `tab:r9_benefit_frontiers' on page 64 undefined on inp
ut line 48.


LaTeX Warning: Reference `eq:r9_frontier_derivatives' on page 64 undefined on i
nput line 48.

) (./revisions/2026-09-16-r6/paper/06_extensions.tex [64] [65]

LaTeX Warning: Reference `tab:recursive' on page 66 undefined on input line 25.


(./revisions/2026-09-16-r6/paper/table_recursive.tex)

Package natbib Warning: Citation `han2018' on page 66 undefined on input line 3
0.


LaTeX Warning: Reference `eq:self_evaluate' on page 66 undefined on input line 
41.

[66] (./revisions/2026-09-16-r6/paper/table_temporal.tex) [67]

LaTeX Warning: Reference `tab:r5_game' on page 68 undefined on input line 83.

(./revisions/2026-09-16-r6/paper/table_r5_game.tex)

Package natbib Warning: Citation `merton1971' on page 68 undefined on input lin
e 88.


Package natbib Warning: Citation `epstein1989' on page 68 undefined on input li
ne 88.


Package natbib Warning: Citation `duffie1992' on page 68 undefined on input lin
e 88.

) (./revisions/2026-09-18-r11-dynamic-contract/paper/07_conclusion.tex [68]

LaTeX Warning: Reference `thm:corrected_chord' on page 69 undefined on input li
ne 4.

[69]) (./revisions/2026-09-17-r8-full-response/paper/references.tex
No file COMPENDIUM_R12.brf.
[70]
Underfull \hbox (badness 945) in paragraph at lines 23--23
\T1/ppl/m/n/8.5 (+20) the Hamilton--Jacobi--Bellman Equa-tion with-out Ex-plici
t inf H in Stochas-tic Op-ti-mal Con-trols,''
)

Package natbib Warning: There were undefined citations.

[71] (./COMPENDIUM_R12.aux

Package natbib Warning: Citation(s) may have changed.
(natbib)                Rerun to get citations correct.

)

LaTeX Warning: There were undefined references.


LaTeX Warning: Label(s) may have changed. Rerun to get cross-references right.


Package rerunfilecheck Warning: File `COMPENDIUM_R12.out' has changed.
(rerunfilecheck)                Rerun to get outlines right
(rerunfilecheck)                or use package `bookmark'.


Package rerunfilecheck Warning: File `COMPENDIUM_R12.brf' has changed.
(rerunfilecheck)                Rerun to get bibliographical references right.

 )
(see the transcript file for additional information)</usr/share/texlive/texmf-d
ist/fonts/type1/public/amsfonts/cm/cmex10.pfb></usr/share/texlive/texmf-dist/fo
nts/type1/public/amsfonts/cm/cmmi10.pfb></usr/share/texlive/texmf-dist/fonts/ty
pe1/public/amsfonts/cm/cmr10.pfb></usr/share/texlive/texmf-dist/fonts/type1/pub
lic/amsfonts/cm/cmss8.pfb></usr/share/texlive/texmf-dist/fonts/type1/public/ams
fonts/cm/cmsy10.pfb></usr/share/texlive/texmf-dist/fonts/type1/public/mathpazo/
fplmbb.pfb></usr/share/texlive/texmf-dist/fonts/type1/public/mathpazo/fplmr.pfb
></usr/share/texlive/texmf-dist/fonts/type1/public/mathpazo/fplmri.pfb></usr/sh
are/texlive/texmf-dist/fonts/type1/urw/palatino/uplb8a.pfb></usr/share/texlive/
texmf-dist/fonts/type1/urw/palatino/uplr8a.pfb></usr/share/texlive/texmf-dist/f
onts/type1/urw/palatino/uplri8a.pfb>
Output written on COMPENDIUM_R12.pdf (71 pages, 427782 bytes).
Transcript written on COMPENDIUM_R12.log.
Latexmk: Missing input file 'COMPENDIUM_R12.brf' (or dependence on it) from following:
  No file COMPENDIUM_R12.brf.
Latexmk: Getting log file 'COMPENDIUM_R12.log'
Latexmk: Examining 'COMPENDIUM_R12.fls'
Latexmk: Examining 'COMPENDIUM_R12.log'
Latexmk: References changed.
Latexmk: References changed.
Latexmk: References changed.
Latexmk: References changed.
Latexmk: Log file says output to 'COMPENDIUM_R12.pdf'
Latexmk: applying rule 'pdflatex'...
Rule 'pdflatex':  Reasons for rerun
Changed files or newly in use/created:
  COMPENDIUM_R12.aux
  COMPENDIUM_R12.brf
  COMPENDIUM_R12.out

------------
Run number 2 of rule 'pdflatex'
------------
------------
Running 'pdflatex  -interaction=nonstopmode -halt-on-error -recorder  "COMPENDIUM_R12.tex"'
------------
This is pdfTeX, Version 3.141592653-2.6-1.40.25 (TeX Live 2023/Debian) (preloaded format=pdflatex)
 restricted \write18 enabled.
entering extended mode
(./COMPENDIUM_R12.tex
LaTeX2e <2023-11-01> patch level 1
L3 programming layer <2024-01-22>
(./econsocart.cls
Document Class: econsocart 2022/11/21 v1.4.1, The Econometric Society Journals
(/usr/share/texlive/texmf-dist/tex/latex/etoolbox/etoolbox.sty)
(./econsocart.cfg) (/usr/share/texlive/texmf-dist/tex/latex/base/fix-cm.sty
(/usr/share/texlive/texmf-dist/tex/latex/base/ts1enc.def))
(/usr/share/texlive/texmf-dist/tex/latex/graphics/graphicx.sty
(/usr/share/texlive/texmf-dist/tex/latex/graphics/keyval.sty)
(/usr/share/texlive/texmf-dist/tex/latex/graphics/graphics.sty
(/usr/share/texlive/texmf-dist/tex/latex/graphics/trig.sty)
(/usr/share/texlive/texmf-dist/tex/latex/graphics-cfg/graphics.cfg)
(/usr/share/texlive/texmf-dist/tex/latex/graphics-def/pdftex.def)))
(/usr/share/texlive/texmf-dist/tex/latex/base/fontenc.sty)
(/usr/share/texlive/texmf-dist/tex/latex/psnfss/times.sty)
(/usr/share/texlive/texmf-dist/tex/latex/textcase/textcase.sty)
(/usr/share/texlive/texmf-dist/tex/latex/psnfss/helvet.sty)
(/usr/share/texlive/texmf-dist/tex/latex/base/textcomp.sty)
(/usr/share/texlive/texmf-dist/tex/latex/psnfss/t1ptm.fd)
(/usr/share/texlive/texmf-dist/tex/latex/amsfonts/amssymb.sty
(/usr/share/texlive/texmf-dist/tex/latex/amsfonts/amsfonts.sty))
(/usr/share/texlive/texmf-dist/tex/latex/tools/bm.sty)
(/usr/share/texlive/texmf-dist/tex/latex/url/url.sty)
(/usr/share/texlive/texmf-dist/tex/latex/amsmath/amsmath.sty
For additional information on amsmath, use the `?' option.
(/usr/share/texlive/texmf-dist/tex/latex/amsmath/amstext.sty
(/usr/share/texlive/texmf-dist/tex/latex/amsmath/amsgen.sty))
(/usr/share/texlive/texmf-dist/tex/latex/amsmath/amsbsy.sty)
(/usr/share/texlive/texmf-dist/tex/latex/amsmath/amsopn.sty))
(/usr/share/texlive/texmf-dist/tex/latex/amscls/amsthm.sty)
(/usr/share/texlive/texmf-dist/tex/latex/natbib/natbib.sty))
(./revisions/2026-09-17-r9-participation-permissions/paper/preamble.tex
(/usr/share/texlive/texmf-dist/tex/latex/hyperref/hyperref.sty
(/usr/share/texlive/texmf-dist/tex/generic/iftex/iftex.sty)
(/usr/share/texlive/texmf-dist/tex/latex/kvsetkeys/kvsetkeys.sty)
(/usr/share/texlive/texmf-dist/tex/generic/kvdefinekeys/kvdefinekeys.sty)
(/usr/share/texlive/texmf-dist/tex/generic/pdfescape/pdfescape.sty
(/usr/share/texlive/texmf-dist/tex/generic/ltxcmds/ltxcmds.sty)
(/usr/share/texlive/texmf-dist/tex/generic/pdftexcmds/pdftexcmds.sty
(/usr/share/texlive/texmf-dist/tex/generic/infwarerr/infwarerr.sty)))
(/usr/share/texlive/texmf-dist/tex/latex/hycolor/hycolor.sty)
(/usr/share/texlive/texmf-dist/tex/latex/auxhook/auxhook.sty)
(/usr/share/texlive/texmf-dist/tex/latex/hyperref/nameref.sty
(/usr/share/texlive/texmf-dist/tex/latex/refcount/refcount.sty)
(/usr/share/texlive/texmf-dist/tex/generic/gettitlestring/gettitlestring.sty
(/usr/share/texlive/texmf-dist/tex/latex/kvoptions/kvoptions.sty)))
(/usr/share/texlive/texmf-dist/tex/latex/hyperref/pd1enc.def)
(/usr/share/texlive/texmf-dist/tex/generic/intcalc/intcalc.sty)
(/usr/share/texlive/texmf-dist/tex/latex/hyperref/puenc.def)
(/usr/share/texlive/texmf-dist/tex/generic/bitset/bitset.sty
(/usr/share/texlive/texmf-dist/tex/generic/bigintcalc/bigintcalc.sty))
(/usr/share/texlive/texmf-dist/tex/latex/base/atbegshi-ltx.sty))
(/usr/share/texlive/texmf-dist/tex/latex/hyperref/hpdftex.def
(/usr/share/texlive/texmf-dist/tex/latex/base/atveryend-ltx.sty)
(/usr/share/texlive/texmf-dist/tex/latex/rerunfilecheck/rerunfilecheck.sty
(/usr/share/texlive/texmf-dist/tex/generic/uniquecounter/uniquecounter.sty)))
(/usr/share/texlive/texmf-dist/tex/latex/booktabs/booktabs.sty)
(/usr/share/texlive/texmf-dist/tex/latex/tools/tabularx.sty
(/usr/share/texlive/texmf-dist/tex/latex/tools/array.sty))
(/usr/share/texlive/texmf-dist/tex/latex/enumitem/enumitem.sty)
(/usr/share/texlive/texmf-dist/tex/latex/psnfss/mathpazo.sty)
(/usr/share/texlive/texmf-dist/tex/latex/base/fontenc.sty
(/usr/share/texlive/texmf-dist/tex/latex/psnfss/t1ppl.fd))
(/usr/share/texlive/texmf-dist/tex/latex/microtype/microtype.sty
(/usr/share/texlive/texmf-dist/tex/latex/microtype/microtype-pdftex.def)
(/usr/share/texlive/texmf-dist/tex/latex/microtype/microtype.cfg)))
(./revisions/2026-09-17-r9-participation-permissions/paper/r9_numbers.tex)
(./revisions/2026-09-16-r6/paper/r5_numbers.tex)
(/usr/share/texlive/texmf-dist/tex/latex/hyperref/backref.sty)
(/usr/share/texlive/texmf-dist/tex/latex/l3backend/l3backend-pdftex.def)
(./COMPENDIUM_R12.aux)
(/usr/share/texlive/texmf-dist/tex/context/base/mkii/supp-pdf.mkii
[Loading MPS to PDF converter (version 2006.09.02).]
) (/usr/share/texlive/texmf-dist/tex/latex/epstopdf-pkg/epstopdf-base.sty
(/usr/share/texlive/texmf-dist/tex/latex/grfext/grfext.sty)
(/usr/share/texlive/texmf-dist/tex/latex/latexconfig/epstopdf-sys.cfg))
(/usr/share/texlive/texmf-dist/tex/latex/graphics/color.sty
(/usr/share/texlive/texmf-dist/tex/latex/graphics-cfg/color.cfg)
(/usr/share/texlive/texmf-dist/tex/latex/graphics/mathcolor.ltx))
(./COMPENDIUM_R12.out) (./COMPENDIUM_R12.out)
(/usr/share/texlive/texmf-dist/tex/latex/microtype/mt-ppl.cfg)
(/usr/share/texlive/texmf-dist/tex/latex/psnfss/ot1ppl.fd)
(/usr/share/texlive/texmf-dist/tex/latex/psnfss/omlzplm.fd)
(/usr/share/texlive/texmf-dist/tex/latex/psnfss/omszplm.fd)
(/usr/share/texlive/texmf-dist/tex/latex/psnfss/omxzplm.fd)
(/usr/share/texlive/texmf-dist/tex/latex/microtype/mt-msa.cfg)
(/usr/share/texlive/texmf-dist/tex/latex/microtype/mt-msb.cfg)
(/usr/share/texlive/texmf-dist/tex/latex/microtype/mt-cmr.cfg)
(/usr/share/texlive/texmf-dist/tex/latex/psnfss/ot1zplm.fd)

Package hyperref Warning: Ignoring empty anchor on input line 17.


Package hyperref Warning: Ignoring empty anchor on input line 25.

(./revisions/2026-09-18-r11-dynamic-contract/paper/01_introduction.tex [1
Non-PDF special ignored!
<special> papersize=487.8225pt,704.63249pt
{/var/lib/texmf/fonts/map/pdftex/updmap/pdftex.map}{/usr/share/texlive/texmf-di
st/fonts/enc/dvips/base/8r.enc}] [2] [3] [4])
(./revisions/2026-09-18-r11-dynamic-contract/paper/02_integrated_economics.tex
[5] [6] (/usr/share/texlive/texmf-dist/tex/latex/psnfss/ufplmbb.fd)
Underfull \vbox (badness 1383) has occurred while \output is active [7]
[8] [9]) (./revisions/2026-09-16-r6/paper/02_operators.tex [10] [11])
(./revisions/2026-09-16-r6/paper/03_approximation.tex [12] [13] [14])
(./revisions/2026-09-17-r8-full-response/paper/04_preferences.tex [15] [16]
[17]) (./revisions/2026-09-16-r6/paper/04b_contract_transfer.tex [18] [19]
[20] [21]) (./revisions/2026-09-16-r6/paper/04c_kernel_transfer.tex [22]
[23]

Package amsmath Warning: Foreign command \atopwithdelims;
(amsmath)                \frac or \genfrac should be used instead
(amsmath)                 on input line 76.

[24])
(./revisions/2026-09-17-r8-full-response/paper/04e_comparative_oracles.tex
[25] [26]) (./revisions/2026-09-17-r8-full-response/paper/04d_risk_frontier.tex
[27] [28]) (./revisions/2026-09-16-r7/paper/04f_economic_certification.tex
[29] [30])
(./revisions/2026-09-17-r8-full-response/paper/04g_decision_economics.tex
[31] [32] [33] [34])
(./revisions/2026-09-17-r9-participation-permissions/paper/04i_contracting.tex
[35] [36] [37] [38] [39])
(./revisions/2026-09-17-r8-full-response/paper/04h_literature_correspondence.te
x [40]) (./revisions/2026-09-16-r6/paper/05_computation.tex [41]
(./revisions/2026-09-16-r6/paper/table_ndu_refinement.tex)
(./revisions/2026-09-16-r6/paper/table_ndu_k.tex) [42]
(./revisions/2026-09-16-r6/paper/table_ndu_neural.tex)
(./revisions/2026-09-16-r6/paper/table_ndu_policy.tex) [43]
(./revisions/2026-09-16-r6/paper/table_r5_repair.tex) [44]
(./revisions/2026-09-16-r6/paper/table_r5_contracts.tex) [45] [46]
(./revisions/2026-09-16-r6/paper/table_resource.tex)
(./revisions/2026-09-16-r6/paper/table_r5_resource.tex) [47]
(./revisions/2026-09-16-r6/paper/table_r5_workload.tex) [48])
(./revisions/2026-09-16-r7/paper/05b_incremental_evidence.tex
(./revisions/2026-09-16-r6/paper/table_r6_ols.tex)
(./revisions/2026-09-16-r6/paper/table_r6_mesh.tex) [49]
(./revisions/2026-09-16-r6/paper/table_r6_qp.tex) [50]
(./revisions/2026-09-16-r6/paper/table_r6_kernel.tex) [51]
(./revisions/2026-09-16-r6/paper/table_r6_option.tex)
(./revisions/2026-09-16-r6/paper/table_r6_frontier.tex))
(./revisions/2026-09-16-r7/paper/05c_r7_evidence.tex [52]
(./revisions/2026-09-16-r7/paper/table_r7_matched.tex) [53] [54]
(./revisions/2026-09-16-r7/paper/table_r7_adaptive.tex)
(./revisions/2026-09-16-r7/paper/r7_adaptive_interpretation.tex)
(./revisions/2026-09-16-r7/paper/table_r7_decision.tex) [55])
(./revisions/2026-09-17-r9-participation-permissions/paper/05d_decision_evidenc
e.tex (./revisions/2026-09-17-r8-full-response/paper/table_r8_spatial.tex)
[56] (./revisions/2026-09-17-r8-full-response/paper/table_r8_frontiers.tex)
(./revisions/2026-09-17-r8-full-response/paper/table_r8_nested.tex) [57]
(./revisions/2026-09-17-r8-full-response/paper/table_r8_mechanisms.tex)
[58] (./revisions/2026-09-17-r8-full-response/paper/table_r8_features.tex)
(./revisions/2026-09-17-r8-full-response/paper/table_r8_contest.tex)
(./revisions/2026-09-17-r9-participation-permissions/paper/table_r9_initial.tex
) [59])
(./revisions/2026-09-17-r9-participation-permissions/paper/05e_contract_evidenc
e.tex [60]
(./revisions/2026-09-17-r9-participation-permissions/paper/table_r9_procurement
.tex) [61]
(./revisions/2026-09-17-r9-participation-permissions/paper/table_r9_surrender.t
ex) [62]
(./revisions/2026-09-17-r9-participation-permissions/paper/table_r9_enforcement
.tex)
(./revisions/2026-09-17-r9-participation-permissions/paper/table_r9_fee_certifi
cate.tex) [63]
(./revisions/2026-09-17-r9-participation-permissions/paper/table_r9_permissions
.tex) [64]
(./revisions/2026-09-17-r9-participation-permissions/paper/table_r9_benefit_fro
ntiers.tex)) (./revisions/2026-09-16-r6/paper/06_extensions.tex [65]
(./revisions/2026-09-16-r6/paper/table_recursive.tex) [66]
(./revisions/2026-09-16-r6/paper/table_temporal.tex) [67]
(./revisions/2026-09-16-r6/paper/table_r5_game.tex) [68])
(./revisions/2026-09-18-r11-dynamic-contract/paper/07_conclusion.tex [69]
[70]) (./revisions/2026-09-17-r8-full-response/paper/references.tex
(./COMPENDIUM_R12.brf)
Underfull \hbox (badness 945) in paragraph at lines 23--23
\T1/ppl/m/n/8.5 (+20) the Hamilton--Jacobi--Bellman Equa-tion with-out Ex-plici
t inf H in Stochas-tic Op-ti-mal Con-trols,''
[71]) [72] (./COMPENDIUM_R12.aux)

LaTeX Warning: Label(s) may have changed. Rerun to get cross-references right.


Package rerunfilecheck Warning: File `COMPENDIUM_R12.brf' has changed.
(rerunfilecheck)                Rerun to get bibliographical references right.

 )
(see the transcript file for additional information)</usr/share/texlive/texmf-d
ist/fonts/type1/public/amsfonts/cm/cmex10.pfb></usr/share/texlive/texmf-dist/fo
nts/type1/public/amsfonts/cm/cmmi10.pfb></usr/share/texlive/texmf-dist/fonts/ty
pe1/public/amsfonts/cm/cmr10.pfb></usr/share/texlive/texmf-dist/fonts/type1/pub
lic/amsfonts/cm/cmss8.pfb></usr/share/texlive/texmf-dist/fonts/type1/public/ams
fonts/cm/cmsy10.pfb></usr/share/texlive/texmf-dist/fonts/type1/public/mathpazo/
fplmbb.pfb></usr/share/texlive/texmf-dist/fonts/type1/public/mathpazo/fplmr.pfb
></usr/share/texlive/texmf-dist/fonts/type1/public/mathpazo/fplmri.pfb></usr/sh
are/texlive/texmf-dist/fonts/type1/urw/palatino/uplb8a.pfb></usr/share/texlive/
texmf-dist/fonts/type1/urw/palatino/uplr8a.pfb></usr/share/texlive/texmf-dist/f
onts/type1/urw/palatino/uplri8a.pfb>
Output written on COMPENDIUM_R12.pdf (72 pages, 443760 bytes).
Transcript written on COMPENDIUM_R12.log.
Latexmk: Getting log file 'COMPENDIUM_R12.log'
Latexmk: Examining 'COMPENDIUM_R12.fls'
Latexmk: Examining 'COMPENDIUM_R12.log'
Latexmk: References changed.
Latexmk: References changed.
Latexmk: Log file says output to 'COMPENDIUM_R12.pdf'
Latexmk: applying rule 'pdflatex'...
Rule 'pdflatex':  Reasons for rerun
Changed files or newly in use/created:
  COMPENDIUM_R12.aux
  COMPENDIUM_R12.brf

------------
Run number 3 of rule 'pdflatex'
------------
------------
Running 'pdflatex  -interaction=nonstopmode -halt-on-error -recorder  "COMPENDIUM_R12.tex"'
------------
This is pdfTeX, Version 3.141592653-2.6-1.40.25 (TeX Live 2023/Debian) (preloaded format=pdflatex)
 restricted \write18 enabled.
entering extended mode
(./COMPENDIUM_R12.tex
LaTeX2e <2023-11-01> patch level 1
L3 programming layer <2024-01-22>
(./econsocart.cls
Document Class: econsocart 2022/11/21 v1.4.1, The Econometric Society Journals
(/usr/share/texlive/texmf-dist/tex/latex/etoolbox/etoolbox.sty)
(./econsocart.cfg) (/usr/share/texlive/texmf-dist/tex/latex/base/fix-cm.sty
(/usr/share/texlive/texmf-dist/tex/latex/base/ts1enc.def))
(/usr/share/texlive/texmf-dist/tex/latex/graphics/graphicx.sty
(/usr/share/texlive/texmf-dist/tex/latex/graphics/keyval.sty)
(/usr/share/texlive/texmf-dist/tex/latex/graphics/graphics.sty
(/usr/share/texlive/texmf-dist/tex/latex/graphics/trig.sty)
(/usr/share/texlive/texmf-dist/tex/latex/graphics-cfg/graphics.cfg)
(/usr/share/texlive/texmf-dist/tex/latex/graphics-def/pdftex.def)))
(/usr/share/texlive/texmf-dist/tex/latex/base/fontenc.sty)
(/usr/share/texlive/texmf-dist/tex/latex/psnfss/times.sty)
(/usr/share/texlive/texmf-dist/tex/latex/textcase/textcase.sty)
(/usr/share/texlive/texmf-dist/tex/latex/psnfss/helvet.sty)
(/usr/share/texlive/texmf-dist/tex/latex/base/textcomp.sty)
(/usr/share/texlive/texmf-dist/tex/latex/psnfss/t1ptm.fd)
(/usr/share/texlive/texmf-dist/tex/latex/amsfonts/amssymb.sty
(/usr/share/texlive/texmf-dist/tex/latex/amsfonts/amsfonts.sty))
(/usr/share/texlive/texmf-dist/tex/latex/tools/bm.sty)
(/usr/share/texlive/texmf-dist/tex/latex/url/url.sty)
(/usr/share/texlive/texmf-dist/tex/latex/amsmath/amsmath.sty
For additional information on amsmath, use the `?' option.
(/usr/share/texlive/texmf-dist/tex/latex/amsmath/amstext.sty
(/usr/share/texlive/texmf-dist/tex/latex/amsmath/amsgen.sty))
(/usr/share/texlive/texmf-dist/tex/latex/amsmath/amsbsy.sty)
(/usr/share/texlive/texmf-dist/tex/latex/amsmath/amsopn.sty))
(/usr/share/texlive/texmf-dist/tex/latex/amscls/amsthm.sty)
(/usr/share/texlive/texmf-dist/tex/latex/natbib/natbib.sty))
(./revisions/2026-09-17-r9-participation-permissions/paper/preamble.tex
(/usr/share/texlive/texmf-dist/tex/latex/hyperref/hyperref.sty
(/usr/share/texlive/texmf-dist/tex/generic/iftex/iftex.sty)
(/usr/share/texlive/texmf-dist/tex/latex/kvsetkeys/kvsetkeys.sty)
(/usr/share/texlive/texmf-dist/tex/generic/kvdefinekeys/kvdefinekeys.sty)
(/usr/share/texlive/texmf-dist/tex/generic/pdfescape/pdfescape.sty
(/usr/share/texlive/texmf-dist/tex/generic/ltxcmds/ltxcmds.sty)
(/usr/share/texlive/texmf-dist/tex/generic/pdftexcmds/pdftexcmds.sty
(/usr/share/texlive/texmf-dist/tex/generic/infwarerr/infwarerr.sty)))
(/usr/share/texlive/texmf-dist/tex/latex/hycolor/hycolor.sty)
(/usr/share/texlive/texmf-dist/tex/latex/auxhook/auxhook.sty)
(/usr/share/texlive/texmf-dist/tex/latex/hyperref/nameref.sty
(/usr/share/texlive/texmf-dist/tex/latex/refcount/refcount.sty)
(/usr/share/texlive/texmf-dist/tex/generic/gettitlestring/gettitlestring.sty
(/usr/share/texlive/texmf-dist/tex/latex/kvoptions/kvoptions.sty)))
(/usr/share/texlive/texmf-dist/tex/latex/hyperref/pd1enc.def)
(/usr/share/texlive/texmf-dist/tex/generic/intcalc/intcalc.sty)
(/usr/share/texlive/texmf-dist/tex/latex/hyperref/puenc.def)
(/usr/share/texlive/texmf-dist/tex/generic/bitset/bitset.sty
(/usr/share/texlive/texmf-dist/tex/generic/bigintcalc/bigintcalc.sty))
(/usr/share/texlive/texmf-dist/tex/latex/base/atbegshi-ltx.sty))
(/usr/share/texlive/texmf-dist/tex/latex/hyperref/hpdftex.def
(/usr/share/texlive/texmf-dist/tex/latex/base/atveryend-ltx.sty)
(/usr/share/texlive/texmf-dist/tex/latex/rerunfilecheck/rerunfilecheck.sty
(/usr/share/texlive/texmf-dist/tex/generic/uniquecounter/uniquecounter.sty)))
(/usr/share/texlive/texmf-dist/tex/latex/booktabs/booktabs.sty)
(/usr/share/texlive/texmf-dist/tex/latex/tools/tabularx.sty
(/usr/share/texlive/texmf-dist/tex/latex/tools/array.sty))
(/usr/share/texlive/texmf-dist/tex/latex/enumitem/enumitem.sty)
(/usr/share/texlive/texmf-dist/tex/latex/psnfss/mathpazo.sty)
(/usr/share/texlive/texmf-dist/tex/latex/base/fontenc.sty
(/usr/share/texlive/texmf-dist/tex/latex/psnfss/t1ppl.fd))
(/usr/share/texlive/texmf-dist/tex/latex/microtype/microtype.sty
(/usr/share/texlive/texmf-dist/tex/latex/microtype/microtype-pdftex.def)
(/usr/share/texlive/texmf-dist/tex/latex/microtype/microtype.cfg)))
(./revisions/2026-09-17-r9-participation-permissions/paper/r9_numbers.tex)
(./revisions/2026-09-16-r6/paper/r5_numbers.tex)
(/usr/share/texlive/texmf-dist/tex/latex/hyperref/backref.sty)
(/usr/share/texlive/texmf-dist/tex/latex/l3backend/l3backend-pdftex.def)
(./COMPENDIUM_R12.aux)
(/usr/share/texlive/texmf-dist/tex/context/base/mkii/supp-pdf.mkii
[Loading MPS to PDF converter (version 2006.09.02).]
) (/usr/share/texlive/texmf-dist/tex/latex/epstopdf-pkg/epstopdf-base.sty
(/usr/share/texlive/texmf-dist/tex/latex/grfext/grfext.sty)
(/usr/share/texlive/texmf-dist/tex/latex/latexconfig/epstopdf-sys.cfg))
(/usr/share/texlive/texmf-dist/tex/latex/graphics/color.sty
(/usr/share/texlive/texmf-dist/tex/latex/graphics-cfg/color.cfg)
(/usr/share/texlive/texmf-dist/tex/latex/graphics/mathcolor.ltx))
(./COMPENDIUM_R12.out) (./COMPENDIUM_R12.out)
(/usr/share/texlive/texmf-dist/tex/latex/microtype/mt-ppl.cfg)
(/usr/share/texlive/texmf-dist/tex/latex/psnfss/ot1ppl.fd)
(/usr/share/texlive/texmf-dist/tex/latex/psnfss/omlzplm.fd)
(/usr/share/texlive/texmf-dist/tex/latex/psnfss/omszplm.fd)
(/usr/share/texlive/texmf-dist/tex/latex/psnfss/omxzplm.fd)
(/usr/share/texlive/texmf-dist/tex/latex/microtype/mt-msa.cfg)
(/usr/share/texlive/texmf-dist/tex/latex/microtype/mt-msb.cfg)
(/usr/share/texlive/texmf-dist/tex/latex/microtype/mt-cmr.cfg)
(/usr/share/texlive/texmf-dist/tex/latex/psnfss/ot1zplm.fd)

Package hyperref Warning: Ignoring empty anchor on input line 17.


Package hyperref Warning: Ignoring empty anchor on input line 25.

(./revisions/2026-09-18-r11-dynamic-contract/paper/01_introduction.tex [1
Non-PDF special ignored!
<special> papersize=487.8225pt,704.63249pt
{/var/lib/texmf/fonts/map/pdftex/updmap/pdftex.map}{/usr/share/texlive/texmf-di
st/fonts/enc/dvips/base/8r.enc}] [2] [3] [4])
(./revisions/2026-09-18-r11-dynamic-contract/paper/02_integrated_economics.tex
[5] [6] (/usr/share/texlive/texmf-dist/tex/latex/psnfss/ufplmbb.fd)
Underfull \vbox (badness 1383) has occurred while \output is active [7]
[8] [9]) (./revisions/2026-09-16-r6/paper/02_operators.tex [10] [11])
(./revisions/2026-09-16-r6/paper/03_approximation.tex [12] [13] [14])
(./revisions/2026-09-17-r8-full-response/paper/04_preferences.tex [15] [16]
[17]) (./revisions/2026-09-16-r6/paper/04b_contract_transfer.tex [18] [19]
[20] [21]) (./revisions/2026-09-16-r6/paper/04c_kernel_transfer.tex [22]
[23]

Package amsmath Warning: Foreign command \atopwithdelims;
(amsmath)                \frac or \genfrac should be used instead
(amsmath)                 on input line 76.

[24])
(./revisions/2026-09-17-r8-full-response/paper/04e_comparative_oracles.tex
[25] [26]) (./revisions/2026-09-17-r8-full-response/paper/04d_risk_frontier.tex
[27] [28]) (./revisions/2026-09-16-r7/paper/04f_economic_certification.tex
[29] [30])
(./revisions/2026-09-17-r8-full-response/paper/04g_decision_economics.tex
[31] [32] [33] [34])
(./revisions/2026-09-17-r9-participation-permissions/paper/04i_contracting.tex
[35] [36] [37] [38] [39])
(./revisions/2026-09-17-r8-full-response/paper/04h_literature_correspondence.te
x [40]) (./revisions/2026-09-16-r6/paper/05_computation.tex [41]
(./revisions/2026-09-16-r6/paper/table_ndu_refinement.tex)
(./revisions/2026-09-16-r6/paper/table_ndu_k.tex) [42]
(./revisions/2026-09-16-r6/paper/table_ndu_neural.tex)
(./revisions/2026-09-16-r6/paper/table_ndu_policy.tex) [43]
(./revisions/2026-09-16-r6/paper/table_r5_repair.tex) [44]
(./revisions/2026-09-16-r6/paper/table_r5_contracts.tex) [45] [46]
(./revisions/2026-09-16-r6/paper/table_resource.tex)
(./revisions/2026-09-16-r6/paper/table_r5_resource.tex) [47]
(./revisions/2026-09-16-r6/paper/table_r5_workload.tex) [48])
(./revisions/2026-09-16-r7/paper/05b_incremental_evidence.tex
(./revisions/2026-09-16-r6/paper/table_r6_ols.tex)
(./revisions/2026-09-16-r6/paper/table_r6_mesh.tex) [49]
(./revisions/2026-09-16-r6/paper/table_r6_qp.tex) [50]
(./revisions/2026-09-16-r6/paper/table_r6_kernel.tex) [51]
(./revisions/2026-09-16-r6/paper/table_r6_option.tex)
(./revisions/2026-09-16-r6/paper/table_r6_frontier.tex))
(./revisions/2026-09-16-r7/paper/05c_r7_evidence.tex [52]
(./revisions/2026-09-16-r7/paper/table_r7_matched.tex) [53] [54]
(./revisions/2026-09-16-r7/paper/table_r7_adaptive.tex)
(./revisions/2026-09-16-r7/paper/r7_adaptive_interpretation.tex)
(./revisions/2026-09-16-r7/paper/table_r7_decision.tex) [55])
(./revisions/2026-09-17-r9-participation-permissions/paper/05d_decision_evidenc
e.tex (./revisions/2026-09-17-r8-full-response/paper/table_r8_spatial.tex)
[56] (./revisions/2026-09-17-r8-full-response/paper/table_r8_frontiers.tex)
(./revisions/2026-09-17-r8-full-response/paper/table_r8_nested.tex) [57]
(./revisions/2026-09-17-r8-full-response/paper/table_r8_mechanisms.tex)
[58] (./revisions/2026-09-17-r8-full-response/paper/table_r8_features.tex)
(./revisions/2026-09-17-r8-full-response/paper/table_r8_contest.tex)
(./revisions/2026-09-17-r9-participation-permissions/paper/table_r9_initial.tex
) [59])
(./revisions/2026-09-17-r9-participation-permissions/paper/05e_contract_evidenc
e.tex [60]
(./revisions/2026-09-17-r9-participation-permissions/paper/table_r9_procurement
.tex) [61]
(./revisions/2026-09-17-r9-participation-permissions/paper/table_r9_surrender.t
ex) [62]
(./revisions/2026-09-17-r9-participation-permissions/paper/table_r9_enforcement
.tex)
(./revisions/2026-09-17-r9-participation-permissions/paper/table_r9_fee_certifi
cate.tex) [63]
(./revisions/2026-09-17-r9-participation-permissions/paper/table_r9_permissions
.tex) [64]
(./revisions/2026-09-17-r9-participation-permissions/paper/table_r9_benefit_fro
ntiers.tex)) (./revisions/2026-09-16-r6/paper/06_extensions.tex [65]
(./revisions/2026-09-16-r6/paper/table_recursive.tex) [66]
(./revisions/2026-09-16-r6/paper/table_temporal.tex) [67]
(./revisions/2026-09-16-r6/paper/table_r5_game.tex) [68])
(./revisions/2026-09-18-r11-dynamic-contract/paper/07_conclusion.tex [69]
[70]) (./revisions/2026-09-17-r8-full-response/paper/references.tex
(./COMPENDIUM_R12.brf)
Underfull \hbox (badness 945) in paragraph at lines 23--23
\T1/ppl/m/n/8.5 (+20) the Hamilton--Jacobi--Bellman Equa-tion with-out Ex-plici
t inf H in Stochas-tic Op-ti-mal Con-trols,''
[71]) [72] (./COMPENDIUM_R12.aux) )
(see the transcript file for additional information)</usr/share/texlive/texmf-d
ist/fonts/type1/public/amsfonts/cm/cmex10.pfb></usr/share/texlive/texmf-dist/fo
nts/type1/public/amsfonts/cm/cmmi10.pfb></usr/share/texlive/texmf-dist/fonts/ty
pe1/public/amsfonts/cm/cmr10.pfb></usr/share/texlive/texmf-dist/fonts/type1/pub
lic/amsfonts/cm/cmss8.pfb></usr/share/texlive/texmf-dist/fonts/type1/public/ams
fonts/cm/cmsy10.pfb></usr/share/texlive/texmf-dist/fonts/type1/public/mathpazo/
fplmbb.pfb></usr/share/texlive/texmf-dist/fonts/type1/public/mathpazo/fplmr.pfb
></usr/share/texlive/texmf-dist/fonts/type1/public/mathpazo/fplmri.pfb></usr/sh
are/texlive/texmf-dist/fonts/type1/urw/palatino/uplb8a.pfb></usr/share/texlive/
texmf-dist/fonts/type1/urw/palatino/uplr8a.pfb></usr/share/texlive/texmf-dist/f
onts/type1/urw/palatino/uplri8a.pfb>
Output written on COMPENDIUM_R12.pdf (72 pages, 443884 bytes).
Transcript written on COMPENDIUM_R12.log.
Latexmk: Getting log file 'COMPENDIUM_R12.log'
Latexmk: Examining 'COMPENDIUM_R12.fls'
Latexmk: Examining 'COMPENDIUM_R12.log'
Latexmk: Log file says output to 'COMPENDIUM_R12.pdf'
Latexmk: All targets (COMPENDIUM_R12.pdf) are up-to-date

