Rc files read:
  /etc/LatexMk
Latexmk: This is Latexmk, John Collins, 31 Jan. 2024. Version 4.83.
No existing .aux file, so I'll make a simple one, and require run of *latex.
Latexmk: applying rule 'pdflatex'...
Rule 'pdflatex':  Reasons for rerun
Category 'other':
  Rerun of 'pdflatex' forced or previously required:
    Reason or flag: 'Initial setup'

------------
Run number 1 of rule 'pdflatex'
------------
------------
Running 'pdflatex  -interaction=nonstopmode -halt-on-error -recorder  "SUPP_R12.tex"'
------------
This is pdfTeX, Version 3.141592653-2.6-1.40.25 (TeX Live 2023/Debian) (preloaded format=pdflatex)
 restricted \write18 enabled.
entering extended mode
(./SUPP_R12.tex
LaTeX2e <2023-11-01> patch level 1
L3 programming layer <2024-01-22>
(./econsocart.cls
Document Class: econsocart 2022/11/21 v1.4.1, The Econometric Society Journals
(/usr/share/texlive/texmf-dist/tex/latex/etoolbox/etoolbox.sty)
(./econsocart.cfg) (/usr/share/texlive/texmf-dist/tex/latex/base/fix-cm.sty
(/usr/share/texlive/texmf-dist/tex/latex/base/ts1enc.def))
(/usr/share/texlive/texmf-dist/tex/latex/graphics/graphicx.sty
(/usr/share/texlive/texmf-dist/tex/latex/graphics/keyval.sty)
(/usr/share/texlive/texmf-dist/tex/latex/graphics/graphics.sty
(/usr/share/texlive/texmf-dist/tex/latex/graphics/trig.sty)
(/usr/share/texlive/texmf-dist/tex/latex/graphics-cfg/graphics.cfg)
(/usr/share/texlive/texmf-dist/tex/latex/graphics-def/pdftex.def)))
(/usr/share/texlive/texmf-dist/tex/latex/base/fontenc.sty)
(/usr/share/texlive/texmf-dist/tex/latex/psnfss/times.sty)
(/usr/share/texlive/texmf-dist/tex/latex/textcase/textcase.sty)
(/usr/share/texlive/texmf-dist/tex/latex/psnfss/helvet.sty)
(/usr/share/texlive/texmf-dist/tex/latex/base/textcomp.sty)
(/usr/share/texlive/texmf-dist/tex/latex/psnfss/t1ptm.fd)
(/usr/share/texlive/texmf-dist/tex/latex/amsfonts/amssymb.sty
(/usr/share/texlive/texmf-dist/tex/latex/amsfonts/amsfonts.sty))
(/usr/share/texlive/texmf-dist/tex/latex/tools/bm.sty)
(/usr/share/texlive/texmf-dist/tex/latex/url/url.sty)
(/usr/share/texlive/texmf-dist/tex/latex/amsmath/amsmath.sty
For additional information on amsmath, use the `?' option.
(/usr/share/texlive/texmf-dist/tex/latex/amsmath/amstext.sty
(/usr/share/texlive/texmf-dist/tex/latex/amsmath/amsgen.sty))
(/usr/share/texlive/texmf-dist/tex/latex/amsmath/amsbsy.sty)
(/usr/share/texlive/texmf-dist/tex/latex/amsmath/amsopn.sty))
(/usr/share/texlive/texmf-dist/tex/latex/amscls/amsthm.sty)
(/usr/share/texlive/texmf-dist/tex/latex/natbib/natbib.sty))
(./revisions/2026-09-17-r9-participation-permissions/paper/preamble.tex
(/usr/share/texlive/texmf-dist/tex/latex/hyperref/hyperref.sty
(/usr/share/texlive/texmf-dist/tex/generic/iftex/iftex.sty)
(/usr/share/texlive/texmf-dist/tex/latex/kvsetkeys/kvsetkeys.sty)
(/usr/share/texlive/texmf-dist/tex/generic/kvdefinekeys/kvdefinekeys.sty)
(/usr/share/texlive/texmf-dist/tex/generic/pdfescape/pdfescape.sty
(/usr/share/texlive/texmf-dist/tex/generic/ltxcmds/ltxcmds.sty)
(/usr/share/texlive/texmf-dist/tex/generic/pdftexcmds/pdftexcmds.sty
(/usr/share/texlive/texmf-dist/tex/generic/infwarerr/infwarerr.sty)))
(/usr/share/texlive/texmf-dist/tex/latex/hycolor/hycolor.sty)
(/usr/share/texlive/texmf-dist/tex/latex/auxhook/auxhook.sty)
(/usr/share/texlive/texmf-dist/tex/latex/hyperref/nameref.sty
(/usr/share/texlive/texmf-dist/tex/latex/refcount/refcount.sty)
(/usr/share/texlive/texmf-dist/tex/generic/gettitlestring/gettitlestring.sty
(/usr/share/texlive/texmf-dist/tex/latex/kvoptions/kvoptions.sty)))
(/usr/share/texlive/texmf-dist/tex/latex/hyperref/pd1enc.def)
(/usr/share/texlive/texmf-dist/tex/generic/intcalc/intcalc.sty)
(/usr/share/texlive/texmf-dist/tex/latex/hyperref/puenc.def)
(/usr/share/texlive/texmf-dist/tex/generic/bitset/bitset.sty
(/usr/share/texlive/texmf-dist/tex/generic/bigintcalc/bigintcalc.sty))
(/usr/share/texlive/texmf-dist/tex/latex/base/atbegshi-ltx.sty))
(/usr/share/texlive/texmf-dist/tex/latex/hyperref/hpdftex.def
(/usr/share/texlive/texmf-dist/tex/latex/base/atveryend-ltx.sty)
(/usr/share/texlive/texmf-dist/tex/latex/rerunfilecheck/rerunfilecheck.sty
(/usr/share/texlive/texmf-dist/tex/generic/uniquecounter/uniquecounter.sty)))
(/usr/share/texlive/texmf-dist/tex/latex/booktabs/booktabs.sty)
(/usr/share/texlive/texmf-dist/tex/latex/tools/tabularx.sty
(/usr/share/texlive/texmf-dist/tex/latex/tools/array.sty))
(/usr/share/texlive/texmf-dist/tex/latex/enumitem/enumitem.sty)
(/usr/share/texlive/texmf-dist/tex/latex/psnfss/mathpazo.sty)
(/usr/share/texlive/texmf-dist/tex/latex/base/fontenc.sty
(/usr/share/texlive/texmf-dist/tex/latex/psnfss/t1ppl.fd))
(/usr/share/texlive/texmf-dist/tex/latex/microtype/microtype.sty
(/usr/share/texlive/texmf-dist/tex/latex/microtype/microtype-pdftex.def)
(/usr/share/texlive/texmf-dist/tex/latex/microtype/microtype.cfg)))
(./revisions/2026-09-17-r9-participation-permissions/paper/r9_numbers.tex)
(./revisions/2026-09-16-r6/paper/r5_numbers.tex)
(/usr/share/texlive/texmf-dist/tex/latex/tools/xr.sty)
(/usr/share/texlive/texmf-dist/tex/latex/hyperref/backref.sty)
(/usr/share/texlive/texmf-dist/tex/latex/l3backend/l3backend-pdftex.def)
(./SUPP_R12.aux)
(/usr/share/texlive/texmf-dist/tex/context/base/mkii/supp-pdf.mkii
[Loading MPS to PDF converter (version 2006.09.02).]
) (/usr/share/texlive/texmf-dist/tex/latex/epstopdf-pkg/epstopdf-base.sty
(/usr/share/texlive/texmf-dist/tex/latex/latexconfig/epstopdf-sys.cfg))
(/usr/share/texlive/texmf-dist/tex/latex/graphics/color.sty
(/usr/share/texlive/texmf-dist/tex/latex/graphics-cfg/color.cfg)
(/usr/share/texlive/texmf-dist/tex/latex/graphics/mathcolor.ltx))
(/usr/share/texlive/texmf-dist/tex/latex/microtype/mt-ppl.cfg)
(./revisions/2026-09-16-r6/paper/S1_proofs.tex
(/usr/share/texlive/texmf-dist/tex/latex/psnfss/ot1ppl.fd)
(/usr/share/texlive/texmf-dist/tex/latex/psnfss/omlzplm.fd)
(/usr/share/texlive/texmf-dist/tex/latex/psnfss/omszplm.fd)
(/usr/share/texlive/texmf-dist/tex/latex/psnfss/omxzplm.fd)
(/usr/share/texlive/texmf-dist/tex/latex/microtype/mt-msa.cfg)
(/usr/share/texlive/texmf-dist/tex/latex/microtype/mt-msb.cfg)
(/usr/share/texlive/texmf-dist/tex/latex/microtype/mt-cmr.cfg)
(/usr/share/texlive/texmf-dist/tex/latex/psnfss/ot1zplm.fd) [1
Non-PDF special ignored!
<special> papersize=487.8225pt,704.63249pt
{/var/lib/texmf/fonts/map/pdftex/updmap/pdftex.map}{/usr/share/texlive/texmf-di
st/fonts/enc/dvips/base/8r.enc}]

Package natbib Warning: Citation `jacka2015' on page 2 undefined on input line 
25.

[2] (/usr/share/texlive/texmf-dist/tex/latex/psnfss/ufplmbb.fd) [3])
(./revisions/2026-09-16-r6/paper/S2_negative_controls.tex [4]

Package natbib Warning: Citation `barles1991' on page 5 undefined on input line
 31.


Package natbib Warning: Citation `hornik1990' on page 5 undefined on input line
 31.

(./revisions/2026-09-16-r6/paper/table_trace.tex) [5]

Package natbib Warning: Citation `amos2017' on page 6 undefined on input line 5
4.


Package natbib Warning: Citation `pearlmutter1994' on page 6 undefined on input
 line 54.

) (./revisions/2026-09-16-r6/paper/S3_stopped_preferences.tex [6] [7])
(./revisions/2026-09-16-r6/paper/S4_recursive.tex [8]
Underfull \hbox (badness 857) in paragraph at lines 14--16
\T1/ppl/m/n/10.5 (+20) At $\OT1/zplm/m/n/10.5 (\OML/zplm/m/it/10.5 ^^Z\OT1/ppl/
m/n/10.5 (+20) , \OML/zplm/m/it/10.5 ^^M\OT1/ppl/m/n/10.5 (+20) , \OML/zplm/m/i
t/10.5 ^^V\OT1/ppl/m/n/10.5 (+20) , \OML/zplm/m/it/10.5 r\OT1/ppl/m/n/10.5 (+20
) , \OML/zplm/m/it/10.5 ^^[\OT1/zplm/m/n/10.5 ) = (\OT1/ppl/m/n/10.5 (+20) 0.04
, 2, 0.08, 0.02, 0.2\OT1/zplm/m/n/10.5 )$ \T1/ppl/m/n/10.5 (+20) the tar-gets a
re $\OT1/zplm/m/n/10.5 (\OML/zplm/m/it/10.5 m[]\OT1/ppl/m/n/10.5 (+20) , \OML/z
plm/m/it/10.5 ^^Y[]\OT1/zplm/m/n/10.5 ) = (\OT1/ppl/m/n/10.5 (+20) 0.04125, 0.7
5\OT1/zplm/m/n/10.5 )$\T1/ppl/m/n/10.5 (+20) .
[9]

Package natbib Warning: Citation `duffie1992' on page 10 undefined on input lin
e 44.

(./revisions/2026-09-16-r6/paper/table_lqr.tex))
(./revisions/2026-09-16-r6/paper/S5_equilibria.tex [10] [11])
(./revisions/2026-09-16-r6/paper/S6_replication.tex [12]
(/usr/share/texlive/texmf-dist/tex/latex/psnfss/t1pcr.fd) [13]
(./revisions/2026-09-16-r6/paper/table_resource_all.tex) [14])
(./revisions/2026-09-16-r6/paper/S7_contract_proofs.tex [15] [16]

Package natbib Warning: Citation `barreto2017' on page 17 undefined on input li
ne 50.


Package natbib Warning: Citation `chang2021' on page 17 undefined on input line
 50.


Package natbib Warning: Citation `nemecek2021' on page 17 undefined on input li
ne 50.

) (./revisions/2026-09-16-r6/paper/S8_new_computation.tex

LaTeX Warning: Reference `tab:r5_joint' on page 17 undefined on input line 3.

(./revisions/2026-09-16-r6/paper/table_r5_joint.tex) [17]

LaTeX Warning: Reference `tab:r5_effort' on page 18 undefined on input line 8.

(./revisions/2026-09-16-r6/paper/table_r5_effort.tex)

LaTeX Warning: Reference `tab:r5_actor_timing' on page 18 undefined on input li
ne 14.

(./revisions/2026-09-16-r6/paper/table_r5_actor_timing.tex) [18] [19])
(./revisions/2026-09-16-r6/paper/S9_transition_replication.tex [20] [21])
(./revisions/2026-09-16-r7/paper/S10_comparison_proofs.tex [22] [23] [24])
(./revisions/2026-09-16-r7/paper/S11_economic_proofs.tex [25]
(./revisions/2026-09-16-r7/paper/table_r7_primitive.tex) [26] [27])
(./revisions/2026-09-17-r8-full-response/paper/S12_full_response.tex [28]
[29] [30] [31])
(./revisions/2026-09-17-r9-participation-permissions/paper/S13_contract_proofs.
tex [32] [33]
(./revisions/2026-09-17-r9-participation-permissions/paper/table_r9_center_capa
city.tex)

LaTeX Warning: Reference `tab:r9_center_capacity' on page 34 undefined on input
 line 38.

[34] [35] [36] [37])
(./revisions/2026-09-18-r11-dynamic-contract/paper/S14_integrated_proofs.tex
[38] [39] [40] [41])
(./revisions/2026-09-18-r12-procurement-witness/paper/S15_proofs.tex [42]
[43] [44] [45] [46])
(./revisions/2026-09-18-r12-procurement-witness/paper/references.tex
No file SUPP_R12.brf.
[47]
Underfull \hbox (badness 945) in paragraph at lines 23--23
\T1/ppl/m/n/8.5 (+20) the Hamilton--Jacobi--Bellman Equa-tion with-out Ex-plici
t inf H in Stochas-tic Op-ti-mal Con-trols,''
)

Package natbib Warning: There were undefined citations.

[48] (./SUPP_R12.aux

Package natbib Warning: Citation(s) may have changed.
(natbib)                Rerun to get citations correct.

)

LaTeX Warning: There were undefined references.


LaTeX Warning: Label(s) may have changed. Rerun to get cross-references right.


Package rerunfilecheck Warning: File `SUPP_R12.out' has changed.
(rerunfilecheck)                Rerun to get outlines right
(rerunfilecheck)                or use package `bookmark'.


Package rerunfilecheck Warning: File `SUPP_R12.brf' has changed.
(rerunfilecheck)                Rerun to get bibliographical references right.

 )
(see the transcript file for additional information)
pdfTeX warning (dest): name{equation.0.5.15} has been referenced but does not e
xist, replaced by a fixed one


pdfTeX warning (dest): name{equation.0.5.14} has been referenced but does not e
xist, replaced by a fixed one


pdfTeX warning (dest): name{theorem.4} has been referenced but does not exist, 
replaced by a fixed one


pdfTeX warning (dest): name{theorem.3} has been referenced but does not exist, 
replaced by a fixed one


pdfTeX warning (dest): name{theorem.2} has been referenced but does not exist, 
replaced by a fixed one


pdfTeX warning (dest): name{equation.0.3.7} has been referenced but does not ex
ist, replaced by a fixed one


pdfTeX warning (dest): name{theorem.1} has been referenced but does not exist, 
replaced by a fixed one

</usr/share/texlive/texmf-dist/fonts/type1/public/amsfonts/cm/cmex10.pfb></usr/
share/texlive/texmf-dist/fonts/type1/public/amsfonts/cm/cmmi10.pfb></usr/share/
texlive/texmf-dist/fonts/type1/public/amsfonts/cm/cmr10.pfb></usr/share/texlive
/texmf-dist/fonts/type1/public/amsfonts/cm/cmss8.pfb></usr/share/texlive/texmf-
dist/fonts/type1/public/amsfonts/cm/cmsy10.pfb></usr/share/texlive/texmf-dist/f
onts/type1/public/mathpazo/fplmbb.pfb></usr/share/texlive/texmf-dist/fonts/type
1/public/mathpazo/fplmr.pfb></usr/share/texlive/texmf-dist/fonts/type1/public/m
athpazo/fplmri.pfb></usr/share/texlive/texmf-dist/fonts/type1/urw/courier/ucrr8
a.pfb></usr/share/texlive/texmf-dist/fonts/type1/urw/palatino/uplb8a.pfb></usr/
share/texlive/texmf-dist/fonts/type1/urw/palatino/uplr8a.pfb></usr/share/texliv
e/texmf-dist/fonts/type1/urw/palatino/uplri8a.pfb>
Output written on SUPP_R12.pdf (48 pages, 340864 bytes).
Transcript written on SUPP_R12.log.
Latexmk: Missing input file 'SUPP_R12.brf' (or dependence on it) from following:
  No file SUPP_R12.brf.
Latexmk: Getting log file 'SUPP_R12.log'
Latexmk: Examining 'SUPP_R12.fls'
Latexmk: Examining 'SUPP_R12.log'
Latexmk: References changed.
Latexmk: References changed.
Latexmk: References changed.
Latexmk: References changed.
Latexmk: Log file says output to 'SUPP_R12.pdf'
Latexmk: applying rule 'pdflatex'...
Rule 'pdflatex':  Reasons for rerun
Changed files or newly in use/created:
  SUPP_R12.aux
  SUPP_R12.brf
  SUPP_R12.out

------------
Run number 2 of rule 'pdflatex'
------------
------------
Running 'pdflatex  -interaction=nonstopmode -halt-on-error -recorder  "SUPP_R12.tex"'
------------
This is pdfTeX, Version 3.141592653-2.6-1.40.25 (TeX Live 2023/Debian) (preloaded format=pdflatex)
 restricted \write18 enabled.
entering extended mode
(./SUPP_R12.tex
LaTeX2e <2023-11-01> patch level 1
L3 programming layer <2024-01-22>
(./econsocart.cls
Document Class: econsocart 2022/11/21 v1.4.1, The Econometric Society Journals
(/usr/share/texlive/texmf-dist/tex/latex/etoolbox/etoolbox.sty)
(./econsocart.cfg) (/usr/share/texlive/texmf-dist/tex/latex/base/fix-cm.sty
(/usr/share/texlive/texmf-dist/tex/latex/base/ts1enc.def))
(/usr/share/texlive/texmf-dist/tex/latex/graphics/graphicx.sty
(/usr/share/texlive/texmf-dist/tex/latex/graphics/keyval.sty)
(/usr/share/texlive/texmf-dist/tex/latex/graphics/graphics.sty
(/usr/share/texlive/texmf-dist/tex/latex/graphics/trig.sty)
(/usr/share/texlive/texmf-dist/tex/latex/graphics-cfg/graphics.cfg)
(/usr/share/texlive/texmf-dist/tex/latex/graphics-def/pdftex.def)))
(/usr/share/texlive/texmf-dist/tex/latex/base/fontenc.sty)
(/usr/share/texlive/texmf-dist/tex/latex/psnfss/times.sty)
(/usr/share/texlive/texmf-dist/tex/latex/textcase/textcase.sty)
(/usr/share/texlive/texmf-dist/tex/latex/psnfss/helvet.sty)
(/usr/share/texlive/texmf-dist/tex/latex/base/textcomp.sty)
(/usr/share/texlive/texmf-dist/tex/latex/psnfss/t1ptm.fd)
(/usr/share/texlive/texmf-dist/tex/latex/amsfonts/amssymb.sty
(/usr/share/texlive/texmf-dist/tex/latex/amsfonts/amsfonts.sty))
(/usr/share/texlive/texmf-dist/tex/latex/tools/bm.sty)
(/usr/share/texlive/texmf-dist/tex/latex/url/url.sty)
(/usr/share/texlive/texmf-dist/tex/latex/amsmath/amsmath.sty
For additional information on amsmath, use the `?' option.
(/usr/share/texlive/texmf-dist/tex/latex/amsmath/amstext.sty
(/usr/share/texlive/texmf-dist/tex/latex/amsmath/amsgen.sty))
(/usr/share/texlive/texmf-dist/tex/latex/amsmath/amsbsy.sty)
(/usr/share/texlive/texmf-dist/tex/latex/amsmath/amsopn.sty))
(/usr/share/texlive/texmf-dist/tex/latex/amscls/amsthm.sty)
(/usr/share/texlive/texmf-dist/tex/latex/natbib/natbib.sty))
(./revisions/2026-09-17-r9-participation-permissions/paper/preamble.tex
(/usr/share/texlive/texmf-dist/tex/latex/hyperref/hyperref.sty
(/usr/share/texlive/texmf-dist/tex/generic/iftex/iftex.sty)
(/usr/share/texlive/texmf-dist/tex/latex/kvsetkeys/kvsetkeys.sty)
(/usr/share/texlive/texmf-dist/tex/generic/kvdefinekeys/kvdefinekeys.sty)
(/usr/share/texlive/texmf-dist/tex/generic/pdfescape/pdfescape.sty
(/usr/share/texlive/texmf-dist/tex/generic/ltxcmds/ltxcmds.sty)
(/usr/share/texlive/texmf-dist/tex/generic/pdftexcmds/pdftexcmds.sty
(/usr/share/texlive/texmf-dist/tex/generic/infwarerr/infwarerr.sty)))
(/usr/share/texlive/texmf-dist/tex/latex/hycolor/hycolor.sty)
(/usr/share/texlive/texmf-dist/tex/latex/auxhook/auxhook.sty)
(/usr/share/texlive/texmf-dist/tex/latex/hyperref/nameref.sty
(/usr/share/texlive/texmf-dist/tex/latex/refcount/refcount.sty)
(/usr/share/texlive/texmf-dist/tex/generic/gettitlestring/gettitlestring.sty
(/usr/share/texlive/texmf-dist/tex/latex/kvoptions/kvoptions.sty)))
(/usr/share/texlive/texmf-dist/tex/latex/hyperref/pd1enc.def)
(/usr/share/texlive/texmf-dist/tex/generic/intcalc/intcalc.sty)
(/usr/share/texlive/texmf-dist/tex/latex/hyperref/puenc.def)
(/usr/share/texlive/texmf-dist/tex/generic/bitset/bitset.sty
(/usr/share/texlive/texmf-dist/tex/generic/bigintcalc/bigintcalc.sty))
(/usr/share/texlive/texmf-dist/tex/latex/base/atbegshi-ltx.sty))
(/usr/share/texlive/texmf-dist/tex/latex/hyperref/hpdftex.def
(/usr/share/texlive/texmf-dist/tex/latex/base/atveryend-ltx.sty)
(/usr/share/texlive/texmf-dist/tex/latex/rerunfilecheck/rerunfilecheck.sty
(/usr/share/texlive/texmf-dist/tex/generic/uniquecounter/uniquecounter.sty)))
(/usr/share/texlive/texmf-dist/tex/latex/booktabs/booktabs.sty)
(/usr/share/texlive/texmf-dist/tex/latex/tools/tabularx.sty
(/usr/share/texlive/texmf-dist/tex/latex/tools/array.sty))
(/usr/share/texlive/texmf-dist/tex/latex/enumitem/enumitem.sty)
(/usr/share/texlive/texmf-dist/tex/latex/psnfss/mathpazo.sty)
(/usr/share/texlive/texmf-dist/tex/latex/base/fontenc.sty
(/usr/share/texlive/texmf-dist/tex/latex/psnfss/t1ppl.fd))
(/usr/share/texlive/texmf-dist/tex/latex/microtype/microtype.sty
(/usr/share/texlive/texmf-dist/tex/latex/microtype/microtype-pdftex.def)
(/usr/share/texlive/texmf-dist/tex/latex/microtype/microtype.cfg)))
(./revisions/2026-09-17-r9-participation-permissions/paper/r9_numbers.tex)
(./revisions/2026-09-16-r6/paper/r5_numbers.tex)
(/usr/share/texlive/texmf-dist/tex/latex/tools/xr.sty)
(/usr/share/texlive/texmf-dist/tex/latex/hyperref/backref.sty)
(/usr/share/texlive/texmf-dist/tex/latex/l3backend/l3backend-pdftex.def)
(./SUPP_R12.aux)
(/usr/share/texlive/texmf-dist/tex/context/base/mkii/supp-pdf.mkii
[Loading MPS to PDF converter (version 2006.09.02).]
) (/usr/share/texlive/texmf-dist/tex/latex/epstopdf-pkg/epstopdf-base.sty
(/usr/share/texlive/texmf-dist/tex/latex/latexconfig/epstopdf-sys.cfg))
(/usr/share/texlive/texmf-dist/tex/latex/graphics/color.sty
(/usr/share/texlive/texmf-dist/tex/latex/graphics-cfg/color.cfg)
(/usr/share/texlive/texmf-dist/tex/latex/graphics/mathcolor.ltx))
(./SUPP_R12.out) (./SUPP_R12.out)
(/usr/share/texlive/texmf-dist/tex/latex/microtype/mt-ppl.cfg)
(/usr/share/texlive/texmf-dist/tex/latex/psnfss/ot1ppl.fd)
(/usr/share/texlive/texmf-dist/tex/latex/psnfss/omlzplm.fd)
(/usr/share/texlive/texmf-dist/tex/latex/psnfss/omszplm.fd)
(/usr/share/texlive/texmf-dist/tex/latex/psnfss/omxzplm.fd)
(/usr/share/texlive/texmf-dist/tex/latex/microtype/mt-msa.cfg)
(/usr/share/texlive/texmf-dist/tex/latex/microtype/mt-msb.cfg)
(/usr/share/texlive/texmf-dist/tex/latex/microtype/mt-cmr.cfg)
(/usr/share/texlive/texmf-dist/tex/latex/psnfss/ot1zplm.fd)

Package hyperref Warning: Ignoring empty anchor on input line 24.

(./revisions/2026-09-16-r6/paper/S1_proofs.tex [1
Non-PDF special ignored!
<special> papersize=487.8225pt,704.63249pt
{/var/lib/texmf/fonts/map/pdftex/updmap/pdftex.map}{/usr/share/texlive/texmf-di
st/fonts/enc/dvips/base/8r.enc}] [2]
(/usr/share/texlive/texmf-dist/tex/latex/psnfss/ufplmbb.fd) [3])
(./revisions/2026-09-16-r6/paper/S2_negative_controls.tex [4]
(./revisions/2026-09-16-r6/paper/table_trace.tex) [5])
(./revisions/2026-09-16-r6/paper/S3_stopped_preferences.tex [6] [7])
(./revisions/2026-09-16-r6/paper/S4_recursive.tex [8]
Underfull \hbox (badness 857) in paragraph at lines 14--16
\T1/ppl/m/n/10.5 (+20) At $\OT1/zplm/m/n/10.5 (\OML/zplm/m/it/10.5 ^^Z\OT1/ppl/
m/n/10.5 (+20) , \OML/zplm/m/it/10.5 ^^M\OT1/ppl/m/n/10.5 (+20) , \OML/zplm/m/i
t/10.5 ^^V\OT1/ppl/m/n/10.5 (+20) , \OML/zplm/m/it/10.5 r\OT1/ppl/m/n/10.5 (+20
) , \OML/zplm/m/it/10.5 ^^[\OT1/zplm/m/n/10.5 ) = (\OT1/ppl/m/n/10.5 (+20) 0.04
, 2, 0.08, 0.02, 0.2\OT1/zplm/m/n/10.5 )$ \T1/ppl/m/n/10.5 (+20) the tar-gets a
re $\OT1/zplm/m/n/10.5 (\OML/zplm/m/it/10.5 m[]\OT1/ppl/m/n/10.5 (+20) , \OML/z
plm/m/it/10.5 ^^Y[]\OT1/zplm/m/n/10.5 ) = (\OT1/ppl/m/n/10.5 (+20) 0.04125, 0.7
5\OT1/zplm/m/n/10.5 )$\T1/ppl/m/n/10.5 (+20) .
[9] (./revisions/2026-09-16-r6/paper/table_lqr.tex))
(./revisions/2026-09-16-r6/paper/S5_equilibria.tex [10] [11])
(./revisions/2026-09-16-r6/paper/S6_replication.tex [12]
(/usr/share/texlive/texmf-dist/tex/latex/psnfss/t1pcr.fd) [13]
(./revisions/2026-09-16-r6/paper/table_resource_all.tex) [14])
(./revisions/2026-09-16-r6/paper/S7_contract_proofs.tex [15] [16])
(./revisions/2026-09-16-r6/paper/S8_new_computation.tex
(./revisions/2026-09-16-r6/paper/table_r5_joint.tex) [17]
(./revisions/2026-09-16-r6/paper/table_r5_effort.tex)
(./revisions/2026-09-16-r6/paper/table_r5_actor_timing.tex) [18] [19])
(./revisions/2026-09-16-r6/paper/S9_transition_replication.tex [20] [21])
(./revisions/2026-09-16-r7/paper/S10_comparison_proofs.tex [22] [23] [24])
(./revisions/2026-09-16-r7/paper/S11_economic_proofs.tex [25]
(./revisions/2026-09-16-r7/paper/table_r7_primitive.tex) [26] [27])
(./revisions/2026-09-17-r8-full-response/paper/S12_full_response.tex [28]
[29] [30] [31])
(./revisions/2026-09-17-r9-participation-permissions/paper/S13_contract_proofs.
tex [32] [33]
(./revisions/2026-09-17-r9-participation-permissions/paper/table_r9_center_capa
city.tex) [34] [35] [36] [37])
(./revisions/2026-09-18-r11-dynamic-contract/paper/S14_integrated_proofs.tex
[38] [39] [40] [41])
(./revisions/2026-09-18-r12-procurement-witness/paper/S15_proofs.tex [42]
[43] [44] [45] [46])
(./revisions/2026-09-18-r12-procurement-witness/paper/references.tex
(./SUPP_R12.brf) [47]
Underfull \hbox (badness 945) in paragraph at lines 23--23
\T1/ppl/m/n/8.5 (+20) the Hamilton--Jacobi--Bellman Equa-tion with-out Ex-plici
t inf H in Stochas-tic Op-ti-mal Con-trols,''
) [48] (./SUPP_R12.aux)

Package rerunfilecheck Warning: File `SUPP_R12.brf' has changed.
(rerunfilecheck)                Rerun to get bibliographical references right.

 )
(see the transcript file for additional information)
pdfTeX warning (dest): name{equation.0.5.15} has been referenced but does not e
xist, replaced by a fixed one


pdfTeX warning (dest): name{equation.0.5.14} has been referenced but does not e
xist, replaced by a fixed one


pdfTeX warning (dest): name{theorem.4} has been referenced but does not exist, 
replaced by a fixed one


pdfTeX warning (dest): name{theorem.3} has been referenced but does not exist, 
replaced by a fixed one


pdfTeX warning (dest): name{theorem.2} has been referenced but does not exist, 
replaced by a fixed one


pdfTeX warning (dest): name{equation.0.3.7} has been referenced but does not ex
ist, replaced by a fixed one


pdfTeX warning (dest): name{theorem.1} has been referenced but does not exist, 
replaced by a fixed one

</usr/share/texlive/texmf-dist/fonts/type1/public/amsfonts/cm/cmex10.pfb></usr/
share/texlive/texmf-dist/fonts/type1/public/amsfonts/cm/cmmi10.pfb></usr/share/
texlive/texmf-dist/fonts/type1/public/amsfonts/cm/cmr10.pfb></usr/share/texlive
/texmf-dist/fonts/type1/public/amsfonts/cm/cmss8.pfb></usr/share/texlive/texmf-
dist/fonts/type1/public/amsfonts/cm/cmsy10.pfb></usr/share/texlive/texmf-dist/f
onts/type1/public/mathpazo/fplmbb.pfb></usr/share/texlive/texmf-dist/fonts/type
1/public/mathpazo/fplmr.pfb></usr/share/texlive/texmf-dist/fonts/type1/public/m
athpazo/fplmri.pfb></usr/share/texlive/texmf-dist/fonts/type1/urw/courier/ucrr8
a.pfb></usr/share/texlive/texmf-dist/fonts/type1/urw/palatino/uplb8a.pfb></usr/
share/texlive/texmf-dist/fonts/type1/urw/palatino/uplr8a.pfb></usr/share/texliv
e/texmf-dist/fonts/type1/urw/palatino/uplri8a.pfb>
Output written on SUPP_R12.pdf (48 pages, 349122 bytes).
Transcript written on SUPP_R12.log.
Latexmk: Getting log file 'SUPP_R12.log'
Latexmk: Examining 'SUPP_R12.fls'
Latexmk: Examining 'SUPP_R12.log'
Latexmk: References changed.
Latexmk: Log file says output to 'SUPP_R12.pdf'
Latexmk: applying rule 'pdflatex'...
Rule 'pdflatex':  Reasons for rerun
Changed files or newly in use/created:
  SUPP_R12.aux
  SUPP_R12.brf

------------
Run number 3 of rule 'pdflatex'
------------
------------
Running 'pdflatex  -interaction=nonstopmode -halt-on-error -recorder  "SUPP_R12.tex"'
------------
This is pdfTeX, Version 3.141592653-2.6-1.40.25 (TeX Live 2023/Debian) (preloaded format=pdflatex)
 restricted \write18 enabled.
entering extended mode
(./SUPP_R12.tex
LaTeX2e <2023-11-01> patch level 1
L3 programming layer <2024-01-22>
(./econsocart.cls
Document Class: econsocart 2022/11/21 v1.4.1, The Econometric Society Journals
(/usr/share/texlive/texmf-dist/tex/latex/etoolbox/etoolbox.sty)
(./econsocart.cfg) (/usr/share/texlive/texmf-dist/tex/latex/base/fix-cm.sty
(/usr/share/texlive/texmf-dist/tex/latex/base/ts1enc.def))
(/usr/share/texlive/texmf-dist/tex/latex/graphics/graphicx.sty
(/usr/share/texlive/texmf-dist/tex/latex/graphics/keyval.sty)
(/usr/share/texlive/texmf-dist/tex/latex/graphics/graphics.sty
(/usr/share/texlive/texmf-dist/tex/latex/graphics/trig.sty)
(/usr/share/texlive/texmf-dist/tex/latex/graphics-cfg/graphics.cfg)
(/usr/share/texlive/texmf-dist/tex/latex/graphics-def/pdftex.def)))
(/usr/share/texlive/texmf-dist/tex/latex/base/fontenc.sty)
(/usr/share/texlive/texmf-dist/tex/latex/psnfss/times.sty)
(/usr/share/texlive/texmf-dist/tex/latex/textcase/textcase.sty)
(/usr/share/texlive/texmf-dist/tex/latex/psnfss/helvet.sty)
(/usr/share/texlive/texmf-dist/tex/latex/base/textcomp.sty)
(/usr/share/texlive/texmf-dist/tex/latex/psnfss/t1ptm.fd)
(/usr/share/texlive/texmf-dist/tex/latex/amsfonts/amssymb.sty
(/usr/share/texlive/texmf-dist/tex/latex/amsfonts/amsfonts.sty))
(/usr/share/texlive/texmf-dist/tex/latex/tools/bm.sty)
(/usr/share/texlive/texmf-dist/tex/latex/url/url.sty)
(/usr/share/texlive/texmf-dist/tex/latex/amsmath/amsmath.sty
For additional information on amsmath, use the `?' option.
(/usr/share/texlive/texmf-dist/tex/latex/amsmath/amstext.sty
(/usr/share/texlive/texmf-dist/tex/latex/amsmath/amsgen.sty))
(/usr/share/texlive/texmf-dist/tex/latex/amsmath/amsbsy.sty)
(/usr/share/texlive/texmf-dist/tex/latex/amsmath/amsopn.sty))
(/usr/share/texlive/texmf-dist/tex/latex/amscls/amsthm.sty)
(/usr/share/texlive/texmf-dist/tex/latex/natbib/natbib.sty))
(./revisions/2026-09-17-r9-participation-permissions/paper/preamble.tex
(/usr/share/texlive/texmf-dist/tex/latex/hyperref/hyperref.sty
(/usr/share/texlive/texmf-dist/tex/generic/iftex/iftex.sty)
(/usr/share/texlive/texmf-dist/tex/latex/kvsetkeys/kvsetkeys.sty)
(/usr/share/texlive/texmf-dist/tex/generic/kvdefinekeys/kvdefinekeys.sty)
(/usr/share/texlive/texmf-dist/tex/generic/pdfescape/pdfescape.sty
(/usr/share/texlive/texmf-dist/tex/generic/ltxcmds/ltxcmds.sty)
(/usr/share/texlive/texmf-dist/tex/generic/pdftexcmds/pdftexcmds.sty
(/usr/share/texlive/texmf-dist/tex/generic/infwarerr/infwarerr.sty)))
(/usr/share/texlive/texmf-dist/tex/latex/hycolor/hycolor.sty)
(/usr/share/texlive/texmf-dist/tex/latex/auxhook/auxhook.sty)
(/usr/share/texlive/texmf-dist/tex/latex/hyperref/nameref.sty
(/usr/share/texlive/texmf-dist/tex/latex/refcount/refcount.sty)
(/usr/share/texlive/texmf-dist/tex/generic/gettitlestring/gettitlestring.sty
(/usr/share/texlive/texmf-dist/tex/latex/kvoptions/kvoptions.sty)))
(/usr/share/texlive/texmf-dist/tex/latex/hyperref/pd1enc.def)
(/usr/share/texlive/texmf-dist/tex/generic/intcalc/intcalc.sty)
(/usr/share/texlive/texmf-dist/tex/latex/hyperref/puenc.def)
(/usr/share/texlive/texmf-dist/tex/generic/bitset/bitset.sty
(/usr/share/texlive/texmf-dist/tex/generic/bigintcalc/bigintcalc.sty))
(/usr/share/texlive/texmf-dist/tex/latex/base/atbegshi-ltx.sty))
(/usr/share/texlive/texmf-dist/tex/latex/hyperref/hpdftex.def
(/usr/share/texlive/texmf-dist/tex/latex/base/atveryend-ltx.sty)
(/usr/share/texlive/texmf-dist/tex/latex/rerunfilecheck/rerunfilecheck.sty
(/usr/share/texlive/texmf-dist/tex/generic/uniquecounter/uniquecounter.sty)))
(/usr/share/texlive/texmf-dist/tex/latex/booktabs/booktabs.sty)
(/usr/share/texlive/texmf-dist/tex/latex/tools/tabularx.sty
(/usr/share/texlive/texmf-dist/tex/latex/tools/array.sty))
(/usr/share/texlive/texmf-dist/tex/latex/enumitem/enumitem.sty)
(/usr/share/texlive/texmf-dist/tex/latex/psnfss/mathpazo.sty)
(/usr/share/texlive/texmf-dist/tex/latex/base/fontenc.sty
(/usr/share/texlive/texmf-dist/tex/latex/psnfss/t1ppl.fd))
(/usr/share/texlive/texmf-dist/tex/latex/microtype/microtype.sty
(/usr/share/texlive/texmf-dist/tex/latex/microtype/microtype-pdftex.def)
(/usr/share/texlive/texmf-dist/tex/latex/microtype/microtype.cfg)))
(./revisions/2026-09-17-r9-participation-permissions/paper/r9_numbers.tex)
(./revisions/2026-09-16-r6/paper/r5_numbers.tex)
(/usr/share/texlive/texmf-dist/tex/latex/tools/xr.sty)
(/usr/share/texlive/texmf-dist/tex/latex/hyperref/backref.sty)
(/usr/share/texlive/texmf-dist/tex/latex/l3backend/l3backend-pdftex.def)
(./SUPP_R12.aux)
(/usr/share/texlive/texmf-dist/tex/context/base/mkii/supp-pdf.mkii
[Loading MPS to PDF converter (version 2006.09.02).]
) (/usr/share/texlive/texmf-dist/tex/latex/epstopdf-pkg/epstopdf-base.sty
(/usr/share/texlive/texmf-dist/tex/latex/latexconfig/epstopdf-sys.cfg))
(/usr/share/texlive/texmf-dist/tex/latex/graphics/color.sty
(/usr/share/texlive/texmf-dist/tex/latex/graphics-cfg/color.cfg)
(/usr/share/texlive/texmf-dist/tex/latex/graphics/mathcolor.ltx))
(./SUPP_R12.out) (./SUPP_R12.out)
(/usr/share/texlive/texmf-dist/tex/latex/microtype/mt-ppl.cfg)
(/usr/share/texlive/texmf-dist/tex/latex/psnfss/ot1ppl.fd)
(/usr/share/texlive/texmf-dist/tex/latex/psnfss/omlzplm.fd)
(/usr/share/texlive/texmf-dist/tex/latex/psnfss/omszplm.fd)
(/usr/share/texlive/texmf-dist/tex/latex/psnfss/omxzplm.fd)
(/usr/share/texlive/texmf-dist/tex/latex/microtype/mt-msa.cfg)
(/usr/share/texlive/texmf-dist/tex/latex/microtype/mt-msb.cfg)
(/usr/share/texlive/texmf-dist/tex/latex/microtype/mt-cmr.cfg)
(/usr/share/texlive/texmf-dist/tex/latex/psnfss/ot1zplm.fd)

Package hyperref Warning: Ignoring empty anchor on input line 24.

(./revisions/2026-09-16-r6/paper/S1_proofs.tex [1
Non-PDF special ignored!
<special> papersize=487.8225pt,704.63249pt
{/var/lib/texmf/fonts/map/pdftex/updmap/pdftex.map}{/usr/share/texlive/texmf-di
st/fonts/enc/dvips/base/8r.enc}] [2]
(/usr/share/texlive/texmf-dist/tex/latex/psnfss/ufplmbb.fd) [3])
(./revisions/2026-09-16-r6/paper/S2_negative_controls.tex [4]
(./revisions/2026-09-16-r6/paper/table_trace.tex) [5])
(./revisions/2026-09-16-r6/paper/S3_stopped_preferences.tex [6] [7])
(./revisions/2026-09-16-r6/paper/S4_recursive.tex [8]
Underfull \hbox (badness 857) in paragraph at lines 14--16
\T1/ppl/m/n/10.5 (+20) At $\OT1/zplm/m/n/10.5 (\OML/zplm/m/it/10.5 ^^Z\OT1/ppl/
m/n/10.5 (+20) , \OML/zplm/m/it/10.5 ^^M\OT1/ppl/m/n/10.5 (+20) , \OML/zplm/m/i
t/10.5 ^^V\OT1/ppl/m/n/10.5 (+20) , \OML/zplm/m/it/10.5 r\OT1/ppl/m/n/10.5 (+20
) , \OML/zplm/m/it/10.5 ^^[\OT1/zplm/m/n/10.5 ) = (\OT1/ppl/m/n/10.5 (+20) 0.04
, 2, 0.08, 0.02, 0.2\OT1/zplm/m/n/10.5 )$ \T1/ppl/m/n/10.5 (+20) the tar-gets a
re $\OT1/zplm/m/n/10.5 (\OML/zplm/m/it/10.5 m[]\OT1/ppl/m/n/10.5 (+20) , \OML/z
plm/m/it/10.5 ^^Y[]\OT1/zplm/m/n/10.5 ) = (\OT1/ppl/m/n/10.5 (+20) 0.04125, 0.7
5\OT1/zplm/m/n/10.5 )$\T1/ppl/m/n/10.5 (+20) .
[9] (./revisions/2026-09-16-r6/paper/table_lqr.tex))
(./revisions/2026-09-16-r6/paper/S5_equilibria.tex [10] [11])
(./revisions/2026-09-16-r6/paper/S6_replication.tex [12]
(/usr/share/texlive/texmf-dist/tex/latex/psnfss/t1pcr.fd) [13]
(./revisions/2026-09-16-r6/paper/table_resource_all.tex) [14])
(./revisions/2026-09-16-r6/paper/S7_contract_proofs.tex [15] [16])
(./revisions/2026-09-16-r6/paper/S8_new_computation.tex
(./revisions/2026-09-16-r6/paper/table_r5_joint.tex) [17]
(./revisions/2026-09-16-r6/paper/table_r5_effort.tex)
(./revisions/2026-09-16-r6/paper/table_r5_actor_timing.tex) [18] [19])
(./revisions/2026-09-16-r6/paper/S9_transition_replication.tex [20] [21])
(./revisions/2026-09-16-r7/paper/S10_comparison_proofs.tex [22] [23] [24])
(./revisions/2026-09-16-r7/paper/S11_economic_proofs.tex [25]
(./revisions/2026-09-16-r7/paper/table_r7_primitive.tex) [26] [27])
(./revisions/2026-09-17-r8-full-response/paper/S12_full_response.tex [28]
[29] [30] [31])
(./revisions/2026-09-17-r9-participation-permissions/paper/S13_contract_proofs.
tex [32] [33]
(./revisions/2026-09-17-r9-participation-permissions/paper/table_r9_center_capa
city.tex) [34] [35] [36] [37])
(./revisions/2026-09-18-r11-dynamic-contract/paper/S14_integrated_proofs.tex
[38] [39] [40] [41])
(./revisions/2026-09-18-r12-procurement-witness/paper/S15_proofs.tex [42]
[43] [44] [45] [46])
(./revisions/2026-09-18-r12-procurement-witness/paper/references.tex
(./SUPP_R12.brf) [47]
Underfull \hbox (badness 945) in paragraph at lines 23--23
\T1/ppl/m/n/8.5 (+20) the Hamilton--Jacobi--Bellman Equa-tion with-out Ex-plici
t inf H in Stochas-tic Op-ti-mal Con-trols,''
) [48] (./SUPP_R12.aux) )
(see the transcript file for additional information)
pdfTeX warning (dest): name{equation.0.5.15} has been referenced but does not e
xist, replaced by a fixed one


pdfTeX warning (dest): name{equation.0.5.14} has been referenced but does not e
xist, replaced by a fixed one


pdfTeX warning (dest): name{theorem.4} has been referenced but does not exist, 
replaced by a fixed one


pdfTeX warning (dest): name{theorem.3} has been referenced but does not exist, 
replaced by a fixed one


pdfTeX warning (dest): name{theorem.2} has been referenced but does not exist, 
replaced by a fixed one


pdfTeX warning (dest): name{equation.0.3.7} has been referenced but does not ex
ist, replaced by a fixed one


pdfTeX warning (dest): name{theorem.1} has been referenced but does not exist, 
replaced by a fixed one

</usr/share/texlive/texmf-dist/fonts/type1/public/amsfonts/cm/cmex10.pfb></usr/
share/texlive/texmf-dist/fonts/type1/public/amsfonts/cm/cmmi10.pfb></usr/share/
texlive/texmf-dist/fonts/type1/public/amsfonts/cm/cmr10.pfb></usr/share/texlive
/texmf-dist/fonts/type1/public/amsfonts/cm/cmss8.pfb></usr/share/texlive/texmf-
dist/fonts/type1/public/amsfonts/cm/cmsy10.pfb></usr/share/texlive/texmf-dist/f
onts/type1/public/mathpazo/fplmbb.pfb></usr/share/texlive/texmf-dist/fonts/type
1/public/mathpazo/fplmr.pfb></usr/share/texlive/texmf-dist/fonts/type1/public/m
athpazo/fplmri.pfb></usr/share/texlive/texmf-dist/fonts/type1/urw/courier/ucrr8
a.pfb></usr/share/texlive/texmf-dist/fonts/type1/urw/palatino/uplb8a.pfb></usr/
share/texlive/texmf-dist/fonts/type1/urw/palatino/uplr8a.pfb></usr/share/texliv
e/texmf-dist/fonts/type1/urw/palatino/uplri8a.pfb>
Output written on SUPP_R12.pdf (48 pages, 349194 bytes).
Transcript written on SUPP_R12.log.
Latexmk: Getting log file 'SUPP_R12.log'
Latexmk: Examining 'SUPP_R12.fls'
Latexmk: Examining 'SUPP_R12.log'
Latexmk: Log file says output to 'SUPP_R12.pdf'
Latexmk: All targets (SUPP_R12.pdf) are up-to-date

