{
  "status": "passed",
  "documents": [
    {
      "document": "ECTA",
      "pages": 42,
      "sha256": "a776c19684cab43d4a454fc2c14e81deede67b843cbfe10810e2f1da13c6647f",
      "text_sha256": "46749c7cd8c55d3f8c149cadbb9366cafe7578e1bc9697826b1bb581d19ef015",
      "checks": {
        "undefined": [],
        "duplicate_labels": [],
        "missing_glyphs": [],
        "overfull": [],
        "fatal": []
      },
      "font_substitution_warnings": [
        "Font shape `T1/ppl/m/uc' undefined",
        "Font shape `T1/ppl/m/up' undefined"
      ]
    },
    {
      "document": "supp",
      "pages": 15,
      "sha256": "e0f6d497e256f7c535d01a6380bf382d59172b788cd8180398d2cdaaad3bed64",
      "text_sha256": "d97c92599637c53f922a3026134d8cbf8cfa86a6a0a5ea1ecf5ca1e654f8875b",
      "checks": {
        "undefined": [],
        "duplicate_labels": [],
        "missing_glyphs": [],
        "overfull": [],
        "fatal": []
      },
      "font_substitution_warnings": [
        "Font shape `T1/ppl/m/uc' undefined",
        "Font shape `T1/ppl/m/up' undefined"
      ]
    },
    {
      "document": "response",
      "pages": 8,
      "sha256": "4f35dfa48098fd36e3a280fd34b0a2b40520d4441e46f32f172384a7162c5e3d",
      "text_sha256": "6f6b092bcad26be547284f7b231280997461ad060ff623a6a1425e34acf9339e",
      "checks": {
        "undefined": [],
        "duplicate_labels": [],
        "missing_glyphs": [],
        "overfull": [],
        "fatal": []
      },
      "font_substitution_warnings": [
        "Font shape `T1/ppl/m/uc' undefined",
        "Font shape `T1/ppl/m/up' undefined"
      ]
    },
    {
      "document": "prior-ECTA65",
      "pages": 42,
      "sha256": "4045093bd122e1997fe5eff22cf7e8b933d379494569d2041a5addb664459e57",
      "text_sha256": "b1daaf6abd15f9cc88b2f153f70477bd3ecbc1dc4c0c4080ff77a43091162f06",
      "checks": {
        "undefined": [],
        "duplicate_labels": [],
        "missing_glyphs": [],
        "overfull": [],
        "fatal": []
      },
      "font_substitution_warnings": [
        "Font shape `T1/ppl/m/uc' undefined",
        "Font shape `T1/ppl/m/up' undefined"
      ]
    },
    {
      "document": "prior-supp65",
      "pages": 14,
      "sha256": "ef26cc80d690e41ff96b7d81ffd3d26cc39dd80d3b878a1ca196df3112627bb1",
      "text_sha256": "968fb29850ef32d0ba68be8e63496dbff278a4cd7e507580b3586c8c7f105835",
      "checks": {
        "undefined": [],
        "duplicate_labels": [],
        "missing_glyphs": [],
        "overfull": [],
        "fatal": []
      },
      "font_substitution_warnings": [
        "Font shape `T1/ppl/m/uc' undefined",
        "Font shape `T1/ppl/m/up' undefined"
      ]
    },
    {
      "document": "development62",
      "pages": 106,
      "sha256": "40e3434a03db4b952d6c36cd32564e49e155f5bce6ecd0c91901b470c0af6427",
      "text_sha256": "74a8a24b044d1f5b53ec787895067d2824762895f0633150b38c41ad4103eabf",
      "checks": {
        "undefined": [],
        "duplicate_labels": [],
        "missing_glyphs": [],
        "overfull": [],
        "fatal": []
      },
      "font_substitution_warnings": [
        "Font shape `T1/ppl/m/uc' undefined",
        "Font shape `T1/ppl/m/up' undefined"
      ]
    },
    {
      "document": "development-supp62",
      "pages": 69,
      "sha256": "07cc7d5e92c6908cbb6ae196e60a45d8eb7971ff88c192a99e99b3d901a6dedf",
      "text_sha256": "a566b89c13f3634b5b0913fa89043b46764d506d9e21eda3a6c83ec199b107d3",
      "checks": {
        "undefined": [],
        "duplicate_labels": [],
        "missing_glyphs": [],
        "overfull": [],
        "fatal": []
      },
      "font_substitution_warnings": [
        "Font shape `T1/ppl/m/uc' undefined",
        "Font shape `T1/ppl/m/up' undefined"
      ]
    },
    {
      "document": "complete62",
      "pages": 216,
      "sha256": "370489518543643b5a521529af196e0f9970704bcf123bb4e20454b459265a82",
      "text_sha256": "26845738cfbbd87085fe2132b1baf71a020f4d812b7bfda6b5b318e74039ed9d",
      "checks": {
        "undefined": [],
        "duplicate_labels": [],
        "missing_glyphs": [],
        "overfull": [],
        "fatal": []
      },
      "font_substitution_warnings": [
        "Font shape `T1/ppl/m/uc' undefined",
        "Font shape `T1/ppl/m/up' undefined",
        "Font shape `T1/ppl/m/scit' undefined",
        "Font shape `T1/ppl/m/scit' undefined",
        "Font shape `T1/ppl/m/scit' undefined",
        "Font shape `T1/ppl/m/scit' undefined",
        "Font shape `T1/ppl/m/scit' undefined",
        "Font shape `T1/ppl/m/scit' undefined",
        "Font shape `T1/ppl/m/scit' undefined",
        "Font shape `T1/ppl/m/scit' undefined",
        "Font shape `T1/ppl/m/scit' undefined",
        "Font shape `T1/ppl/m/scit' undefined",
        "Font shape `T1/ppl/m/scit' undefined",
        "Font shape `T1/ppl/m/scit' undefined",
        "Font shape `T1/ppl/m/scit' undefined",
        "Font shape `T1/ppl/m/scit' undefined",
        "Font shape `T1/ppl/m/scit' undefined",
        "Font shape `T1/ppl/m/scit' undefined",
        "Font shape `T1/ppl/m/scit' undefined",
        "Font shape `T1/ppl/m/scit' undefined",
        "Font shape `T1/ppl/m/scit' undefined",
        "Font shape `T1/ppl/m/scit' undefined",
        "Font shape `T1/ppl/m/scit' undefined",
        "Font shape `T1/ppl/m/scit' undefined",
        "Font shape `T1/ppl/m/scit' undefined",
        "Font shape `T1/ppl/m/scit' undefined",
        "Font shape `T1/ppl/m/scit' undefined",
        "Font shape `T1/ppl/m/scit' undefined",
        "Font shape `T1/ppl/m/scit' undefined",
        "Font shape `T1/ppl/m/scit' undefined",
        "Font shape `T1/ppl/m/scit' undefined",
        "Font shape `T1/ppl/m/scit' undefined",
        "Font shape `T1/ppl/m/scit' undefined",
        "Font shape `T1/ppl/m/scit' undefined",
        "Font shape `T1/ppl/m/scit' undefined",
        "Font shape `T1/ppl/m/scit' undefined",
        "Font shape `T1/ppl/m/scit' undefined",
        "Font shape `T1/ppl/m/scit' undefined",
        "Font shape `T1/ppl/m/scit' undefined",
        "Font shape `T1/ppl/m/scit' undefined",
        "Font shape `T1/ppl/m/scit' undefined",
        "Font shape `T1/ppl/m/scit' undefined",
        "Font shape `T1/ppl/m/scit' undefined",
        "Font shape `T1/ppl/m/scit' undefined",
        "Font shape `T1/ppl/m/scit' undefined",
        "Font shape `T1/ppl/m/scit' undefined",
        "Font shape `T1/ppl/m/scit' undefined",
        "Font shape `T1/ppl/m/scit' undefined",
        "Font shape `T1/ppl/m/scit' undefined",
        "Font shape `T1/ppl/m/scit' undefined",
        "Font shape `T1/ppl/m/scit' undefined",
        "Font shape `T1/ppl/m/scit' undefined",
        "Font shape `T1/ppl/m/scit' undefined",
        "Font shape `T1/ppl/m/scit' undefined",
        "Font shape `T1/ppl/m/scit' undefined",
        "Font shape `T1/ppl/m/scit' undefined",
        "Font shape `T1/ppl/m/scit' undefined",
        "Font shape `T1/ppl/m/scit' undefined",
        "Font shape `T1/ppl/m/scit' undefined",
        "Font shape `T1/ppl/m/scit' undefined",
        "Font shape `T1/ppl/m/scit' undefined",
        "Font shape `T1/ppl/m/scit' undefined",
        "Font shape `T1/ppl/m/scit' undefined",
        "Font shape `T1/ppl/m/scit' undefined",
        "Font shape `T1/ppl/m/scit' undefined",
        "Font shape `T1/ppl/m/scit' undefined",
        "Font shape `T1/ppl/m/scit' undefined",
        "Font shape `T1/ppl/m/scit' undefined",
        "Font shape `T1/ppl/m/scit' undefined",
        "Font shape `T1/ppl/m/scit' undefined",
        "Font shape `T1/ppl/m/scit' undefined",
        "Font shape `T1/ppl/m/scit' undefined",
        "Font shape `T1/ppl/m/scit' undefined",
        "Font shape `T1/ppl/m/scit' undefined",
        "Font shape `T1/ppl/m/scit' undefined",
        "Font shape `T1/ppl/m/scit' undefined",
        "Font shape `T1/ppl/m/scit' undefined",
        "Font shape `T1/ppl/m/scit' undefined",
        "Font shape `T1/ppl/m/scit' undefined",
        "Font shape `T1/ppl/m/scit' undefined",
        "Font shape `T1/ppl/m/scit' undefined"
      ]
    },
    {
      "document": "complete-supp62",
      "pages": 175,
      "sha256": "618b1cb093ef3c87ab5b91a7cbd8d600ae009b467912d649ca3540a0d2c4ec0d",
      "text_sha256": "7e29a1c56e9353f6feb29910ed5022b790821cfa628f6d9e33d3fa6ff9044ba0",
      "checks": {
        "undefined": [],
        "duplicate_labels": [],
        "missing_glyphs": [],
        "overfull": [],
        "fatal": []
      },
      "font_substitution_warnings": [
        "Font shape `T1/ppl/m/uc' undefined",
        "Font shape `T1/ppl/m/up' undefined"
      ]
    }
  ],
  "preservation": {
    "source_files": 400,
    "labels": 800,
    "inherited_statements": 12,
    "verbatim_proofs": 12
  },
  "tests": {
    "counts": {
      "63": 24,
      "64": 17,
      "65": 22,
      "66": 17,
      "67-mathematical": 24,
      "67-records": 12,
      "67-scientific": 19
    },
    "status": "passed",
    "total": 135
  },
  "corrected_record_audit_sha256": "826dfe693dce0b76532df78f260905a892895e6d464a420c59332c4063e51106",
  "seconds": 221.112170935,
  "new_scientific_services_in_builder": 0,
  "additional_independent_rows_in_builder": 0,
  "network_used_by_builder": false,
  "scope": "Ordinary source build; complete corrected-record and inherited replay when not documents-only. Visual inspection is separate from log checks. No formal proof-checker or external acceptance claim."
}
