{
  "status": "passed",
  "review_commit": "d548a97f461160296239ed6a973d4a91ef9d1fad",
  "reviewed_commit": "34a5ce17dc3ac4681b6d004eca00637f28104e28",
  "scientific_source_freeze_commit": "e60c552e5b1fc5bcdac05d90151b0b595ddd7560",
  "source_freeze_sha256": "34e901c9b6b71b568e4af005b22cfa41738f8e42021e704a734157a8abc84665",
  "catalogue_services": 212,
  "returned": 212,
  "failed": 0,
  "timed_out": 0,
  "complete_process_seconds": 2127.866963838,
  "path_archives_replayed": 770,
  "implemented_decisions_replayed": 285448,
  "independent_rational_midpoint_paths": 1780,
  "distinct_comparison_services_requeried": 90,
  "independent_continuous_law_rows": 16384,
  "new_independent_rows_in_this_replay": 0,
  "new_training_runs": 0,
  "replay_seconds": 102.93052148600003,
  "verification_scope": "Every frozen record and interval path; all 90 distinct comparison services re-queried from saved models; two fixed midpoint paths per archive/batch independently checked with rational primitives. Reuse and inference endpoint queries and the vector continuation trees are not independently reintegrated.",
  "statistical_scope": "16,384 distinct common-path IID-model rows across two tasks, not multiplied by methods or clock repeats. Fixed seeds give reproducibility, not a theorem of pseudorandom independence."
}
