This is pdfTeX, Version 3.141592653-2.6-1.40.25 (TeX Live 2023/Debian) (preloaded format=pdflatex)
 restricted \write18 enabled.
entering extended mode
(./ECTA.tex
LaTeX2e <2023-11-01> patch level 1
L3 programming layer <2024-01-22>
(./econsocart.cls
Document Class: econsocart 2022/11/21 v1.4.1, The Econometric Society Journals
(/usr/share/texlive/texmf-dist/tex/latex/etoolbox/etoolbox.sty)
(./econsocart.cfg) (/usr/share/texlive/texmf-dist/tex/latex/base/fix-cm.sty
(/usr/share/texlive/texmf-dist/tex/latex/base/ts1enc.def))
(/usr/share/texlive/texmf-dist/tex/latex/graphics/graphicx.sty
(/usr/share/texlive/texmf-dist/tex/latex/graphics/keyval.sty)
(/usr/share/texlive/texmf-dist/tex/latex/graphics/graphics.sty
(/usr/share/texlive/texmf-dist/tex/latex/graphics/trig.sty)
(/usr/share/texlive/texmf-dist/tex/latex/graphics-cfg/graphics.cfg)
(/usr/share/texlive/texmf-dist/tex/latex/graphics-def/pdftex.def)))
(/usr/share/texlive/texmf-dist/tex/latex/base/fontenc.sty)
(/usr/share/texlive/texmf-dist/tex/latex/psnfss/times.sty)
(/usr/share/texlive/texmf-dist/tex/latex/textcase/textcase.sty)
(/usr/share/texlive/texmf-dist/tex/latex/psnfss/helvet.sty)
(/usr/share/texlive/texmf-dist/tex/latex/base/textcomp.sty)
(/usr/share/texlive/texmf-dist/tex/latex/psnfss/t1ptm.fd)
(/usr/share/texlive/texmf-dist/tex/latex/amsfonts/amssymb.sty
(/usr/share/texlive/texmf-dist/tex/latex/amsfonts/amsfonts.sty))
(/usr/share/texlive/texmf-dist/tex/latex/tools/bm.sty)
(/usr/share/texlive/texmf-dist/tex/latex/url/url.sty)
(/usr/share/texlive/texmf-dist/tex/latex/amsmath/amsmath.sty
For additional information on amsmath, use the `?' option.
(/usr/share/texlive/texmf-dist/tex/latex/amsmath/amstext.sty
(/usr/share/texlive/texmf-dist/tex/latex/amsmath/amsgen.sty))
(/usr/share/texlive/texmf-dist/tex/latex/amsmath/amsbsy.sty)
(/usr/share/texlive/texmf-dist/tex/latex/amsmath/amsopn.sty))
(/usr/share/texlive/texmf-dist/tex/latex/amscls/amsthm.sty)
(/usr/share/texlive/texmf-dist/tex/latex/natbib/natbib.sty)) (./preamble.tex
(/usr/share/texlive/texmf-dist/tex/latex/booktabs/booktabs.sty)
(/usr/share/texlive/texmf-dist/tex/latex/tools/array.sty)
(/usr/share/texlive/texmf-dist/tex/latex/tools/longtable.sty)
(/usr/share/texlive/texmf-dist/tex/latex/base/fontenc.sty)
(/usr/share/texlive/texmf-dist/tex/latex/psnfss/mathpazo.sty)
(/usr/share/texlive/texmf-dist/tex/latex/microtype/microtype.sty
(/usr/share/texlive/texmf-dist/tex/latex/microtype/microtype-pdftex.def)
(/usr/share/texlive/texmf-dist/tex/latex/microtype/microtype.cfg))
(/usr/share/texlive/texmf-dist/tex/latex/needspace/needspace.sty)
(/usr/share/texlive/texmf-dist/tex/latex/xurl/xurl.sty)
(/usr/share/texlive/texmf-dist/tex/latex/hyperref/hyperref.sty
(/usr/share/texlive/texmf-dist/tex/generic/iftex/iftex.sty)
(/usr/share/texlive/texmf-dist/tex/latex/kvsetkeys/kvsetkeys.sty)
(/usr/share/texlive/texmf-dist/tex/generic/kvdefinekeys/kvdefinekeys.sty)
(/usr/share/texlive/texmf-dist/tex/generic/pdfescape/pdfescape.sty
(/usr/share/texlive/texmf-dist/tex/generic/ltxcmds/ltxcmds.sty)
(/usr/share/texlive/texmf-dist/tex/generic/pdftexcmds/pdftexcmds.sty
(/usr/share/texlive/texmf-dist/tex/generic/infwarerr/infwarerr.sty)))
(/usr/share/texlive/texmf-dist/tex/latex/hycolor/hycolor.sty)
(/usr/share/texlive/texmf-dist/tex/latex/auxhook/auxhook.sty)
(/usr/share/texlive/texmf-dist/tex/latex/hyperref/nameref.sty
(/usr/share/texlive/texmf-dist/tex/latex/refcount/refcount.sty)
(/usr/share/texlive/texmf-dist/tex/generic/gettitlestring/gettitlestring.sty
(/usr/share/texlive/texmf-dist/tex/latex/kvoptions/kvoptions.sty)))
(/usr/share/texlive/texmf-dist/tex/latex/hyperref/pd1enc.def)
(/usr/share/texlive/texmf-dist/tex/generic/intcalc/intcalc.sty)
(/usr/share/texlive/texmf-dist/tex/latex/hyperref/puenc.def)
(/usr/share/texlive/texmf-dist/tex/generic/bitset/bitset.sty
(/usr/share/texlive/texmf-dist/tex/generic/bigintcalc/bigintcalc.sty))
(/usr/share/texlive/texmf-dist/tex/latex/base/atbegshi-ltx.sty))
(/usr/share/texlive/texmf-dist/tex/latex/hyperref/hpdftex.def
(/usr/share/texlive/texmf-dist/tex/latex/base/atveryend-ltx.sty)
(/usr/share/texlive/texmf-dist/tex/latex/rerunfilecheck/rerunfilecheck.sty
(/usr/share/texlive/texmf-dist/tex/generic/uniquecounter/uniquecounter.sty))))
(/usr/share/texlive/texmf-dist/tex/latex/psnfss/t1pcr.fd)
(/usr/share/texlive/texmf-dist/tex/latex/hyperref/backref.sty)
(/usr/share/texlive/texmf-dist/tex/latex/psnfss/t1ppl.fd)
(/usr/share/texlive/texmf-dist/tex/latex/l3backend/l3backend-pdftex.def)

LaTeX Warning: Unused global option(s):
    [nameyear].

No file ECTA.aux.
(/usr/share/texlive/texmf-dist/tex/context/base/mkii/supp-pdf.mkii
[Loading MPS to PDF converter (version 2006.09.02).]
) (/usr/share/texlive/texmf-dist/tex/latex/epstopdf-pkg/epstopdf-base.sty
(/usr/share/texlive/texmf-dist/tex/latex/latexconfig/epstopdf-sys.cfg))
(/usr/share/texlive/texmf-dist/tex/latex/microtype/mt-ppl.cfg)
(/usr/share/texlive/texmf-dist/tex/latex/graphics/color.sty
(/usr/share/texlive/texmf-dist/tex/latex/graphics-cfg/color.cfg)
(/usr/share/texlive/texmf-dist/tex/latex/graphics/mathcolor.ltx)) [1
Non-PDF special ignored!
<special> papersize=614.295pt,794.96999pt
{/var/lib/texmf/fonts/map/pdftex/updmap/pdftex.map}{/usr/share/texlive/texmf-di
st/fonts/enc/dvips/base/8r.enc}]

LaTeX Warning: Reference `thm:query63' on page 2 undefined on input line 28.


LaTeX Warning: Reference `thm:gated64' on page 2 undefined on input line 28.


LaTeX Warning: Reference `prop:localization65' on page 2 undefined on input lin
e 28.


Underfull \vbox (badness 10000) has occurred while \output is active

LaTeX Font Warning: Font shape `T1/ppl/m/uc' undefined
(Font)              using `T1/ppl/m/n' instead on input line 31.


LaTeX Font Warning: Font shape `T1/ppl/m/up' undefined
(Font)              using `T1/ppl/m/n' instead on input line 31.

[2]

Package hyperref Warning: Difference (3) between bookmark levels is greater 
(hyperref)                than one, level fixed on input line 35.


Package natbib Warning: Citation `mcshane1934' on page 3 undefined on input lin
e 35.


Package natbib Warning: Citation `felzenszwalb2012' on page 3 undefined on inpu
t line 35.


Package natbib Warning: Citation `munos2003' on page 3 undefined on input line 
35.


Package natbib Warning: Citation `pirotta2013' on page 3 undefined on input lin
e 35.


Package natbib Warning: Citation `scherrer2015' on page 3 undefined on input li
ne 35.


Package natbib Warning: Citation `yang2020convex' on page 3 undefined on input 
line 35.


Package natbib Warning: Citation `sakaue2023warm' on page 3 undefined on input 
line 37.


Package natbib Warning: Citation `agrawal2020control' on page 3 undefined on in
put line 37.


Package hyperref Warning: Difference (2) between bookmark levels is greater 
(hyperref)                than one, level fixed on input line 40.


LaTeX Warning: Reference `sec:core49' on page 3 undefined on input line 40.


LaTeX Warning: Reference `sec:construction49' on page 3 undefined on input line
 40.


LaTeX Warning: Reference `sec:accuracy62' on page 3 undefined on input line 40.



LaTeX Warning: Reference `sec:query63' on page 3 undefined on input line 40.


LaTeX Warning: Reference `sec:gated64' on page 3 undefined on input line 40.


LaTeX Warning: Reference `sec:localization65' on page 3 undefined on input line
 40.


LaTeX Warning: Reference `sec:decisions49' on page 3 undefined on input line 40
.


LaTeX Warning: Reference `sec:study65' on page 3 undefined on input line 40.


Underfull \vbox (badness 1178) has occurred while \output is active [3]
(./sections/core49.tex
(/usr/share/texlive/texmf-dist/tex/latex/psnfss/ot1ppl.fd)
(/usr/share/texlive/texmf-dist/tex/latex/psnfss/omlzplm.fd)
(/usr/share/texlive/texmf-dist/tex/latex/psnfss/omszplm.fd)
(/usr/share/texlive/texmf-dist/tex/latex/psnfss/omxzplm.fd)
(/usr/share/texlive/texmf-dist/tex/latex/microtype/mt-msa.cfg)
(/usr/share/texlive/texmf-dist/tex/latex/microtype/mt-msb.cfg)
(/usr/share/texlive/texmf-dist/tex/latex/microtype/mt-cmr.cfg)
(/usr/share/texlive/texmf-dist/tex/latex/psnfss/ot1zplm.fd)
(/usr/share/texlive/texmf-dist/tex/latex/psnfss/ufplmbb.fd)

LaTeX Warning: Reference `sec:decisions49' on page 4 undefined on input line 9.



LaTeX Warning: Reference `eq:operator49' on page 4 undefined on input line 11.

[4] [5]

LaTeX Warning: Reference `eq:sandwich49' on page 6 undefined on input line 42.


LaTeX Warning: Reference `eq:sandwich49' on page 6 undefined on input line 45.

[6]

LaTeX Warning: Reference `eq:cone49' on page 7 undefined on input line 67.


LaTeX Warning: Reference `eq:repair49' on page 7 undefined on input line 81.


LaTeX Warning: Reference `eq:enclosures49' on page 7 undefined on input line 86
.


LaTeX Warning: Reference `prop:sandwich49' on page 7 undefined on input line 86
.


Package natbib Warning: Citation `mcshane1934' on page 7 undefined on input lin
e 89.


LaTeX Warning: Reference `thm:construct49' on page 7 undefined on input line 89
.

[7] [8]

Package natbib Warning: Citation `felzenszwalb2012' on page 9 undefined on inpu
t line 111.


LaTeX Warning: Reference `eq:fvisensor49' on page 9 undefined on input line 124
.

) (./sections/accuracy62-print.tex [9]

Package hyperref Warning: Difference (3) between bookmark levels is greater 
(hyperref)                than one, level fixed on input line 5.


Underfull \vbox (badness 2020) has occurred while \output is active [10]
[11] [12]

LaTeX Warning: Reference `eq:interpolation62' on page 13 undefined on input lin
e 71.


LaTeX Warning: Reference `eq:interpolation62' on page 13 undefined on input lin
e 77.


Underfull \vbox (badness 2460) has occurred while \output is active [13]

LaTeX Warning: Reference `eq:interpolation62' on page 14 undefined on input lin
e 105.


LaTeX Warning: Reference `eq:action-cover62' on page 14 undefined on input line
 105.

[14] [15]) (./sections/query63.tex [16]

LaTeX Warning: Reference `sec:accuracy62' on page 17 undefined on input line 7.



LaTeX Warning: Reference `thm:regularity62' on page 17 undefined on input line 
7.

[17] [18]

LaTeX Warning: Reference `eq:querywidth63' on page 19 undefined on input line 3
9.

[19]

LaTeX Warning: Reference `eq:querycap63' on page 20 undefined on input line 66.



LaTeX Warning: Reference `eq:querypolicy63' on page 20 undefined on input line 
68.


Underfull \vbox (badness 1178) has occurred while \output is active [20]
[21]

LaTeX Warning: Reference `eq:cubic63' on page 22 undefined on input line 90.


Package natbib Warning: Citation `sakaue2023warm' on page 22 undefined on input
 line 101.


Package natbib Warning: Citation `agrawal2020control' on page 22 undefined on i
nput line 101.

[22]) (./sections/gated64.tex

LaTeX Warning: Reference `lem:parabolic63' on page 23 undefined on input line 4
.


LaTeX Warning: Reference `thm:query63' on page 23 undefined on input line 7.

[23]

LaTeX Warning: Reference `thm:query63' on page 24 undefined on input line 14.


Underfull \vbox (badness 4467) has occurred while \output is active [24]
[25]) (./sections/localization65.tex [26] [27]

LaTeX Warning: Reference `eq:localization65' on page 28 undefined on input line
 21.


LaTeX Warning: Reference `eq:certificate-progress65' on page 28 undefined on in
put line 21.

[28]) (./sections/decisions49.tex [29]

Package natbib Warning: Citation `maurer2009' on page 30 undefined on input lin
e 24.

[30]

LaTeX Warning: Reference `eq:absolute49' on page 31 undefined on input line 40.


[31]

LaTeX Warning: Reference `eq:netregret49' on page 32 undefined on input line 67
.

[32]

LaTeX Warning: Reference `eq:fvisensor49' on page 33 undefined on input line 73
.

) (./sections/study65.tex
Underfull \vbox (badness 10000) has occurred while \output is active [33]
Underfull \vbox (badness 10000) has occurred while \output is active [34]

LaTeX Warning: Reference `tab:clocks65' on page 35 undefined on input line 16.

(./tables/clocks65.tex) (./tables/queries65.tex)

LaTeX Warning: Reference `tab:queries65' on page 35 undefined on input line 21.


[35] (./tables/matched65.tex)

LaTeX Warning: Reference `prop:localization65' on page 36 undefined on input li
ne 27.


Underfull \vbox (badness 10000) has occurred while \output is active [36]
(./tables/reliability65.tex) [37]
Underfull \vbox (badness 4569) has occurred while \output is active [38]

LaTeX Warning: Reference `sec:purchase64' on page 39 undefined on input line 41
.


LaTeX Warning: Reference `sec:purchase64' on page 39 undefined on input line 45
.

[39])
No file ECTA.bbl.
[40]

Package natbib Warning: There were undefined citations.

[41] (build/ECTA.aux)

LaTeX Font Warning: Some font shapes were not available, defaults substituted.


LaTeX Warning: There were undefined references.


LaTeX Warning: Label(s) may have changed. Rerun to get cross-references right.


Package rerunfilecheck Warning: File `ECTA.out' has changed.
(rerunfilecheck)                Rerun to get outlines right
(rerunfilecheck)                or use package `bookmark'.

 )
(see the transcript file for additional information)</usr/share/texlive/texmf-d
ist/fonts/type1/public/amsfonts/cm/cmex10.pfb></usr/share/texlive/texmf-dist/fo
nts/type1/public/amsfonts/cm/cmmi10.pfb></usr/share/texlive/texmf-dist/fonts/ty
pe1/public/amsfonts/cm/cmr10.pfb></usr/share/texlive/texmf-dist/fonts/type1/pub
lic/amsfonts/cm/cmsy10.pfb></usr/share/texlive/texmf-dist/fonts/type1/public/ma
thpazo/fplmbb.pfb></usr/share/texlive/texmf-dist/fonts/type1/public/mathpazo/fp
lmr.pfb></usr/share/texlive/texmf-dist/fonts/type1/public/mathpazo/fplmri.pfb><
/usr/share/texlive/texmf-dist/fonts/type1/urw/courier/ucrr8a.pfb></usr/share/te
xlive/texmf-dist/fonts/type1/urw/palatino/uplb8a.pfb></usr/share/texlive/texmf-
dist/fonts/type1/urw/palatino/uplr8a.pfb></usr/share/texlive/texmf-dist/fonts/t
ype1/urw/palatino/uplri8a.pfb>
Output written on build/ECTA.pdf (41 pages, 249136 bytes).
Transcript written on build/ECTA.log.
