{
  "revision": "R48",
  "services": 44,
  "rungs": 204,
  "reconstructed_date_components": 510,
  "core_attainment_out_of_12": {
    "compiled-witness": {
      "4": 12,
      "2": 12,
      "1": 12,
      "1/2": 0,
      "1/4": 0
    },
    "tensor-fvi": {
      "4": 12,
      "2": 12,
      "1": 6,
      "1/2": 0,
      "1/4": 0
    },
    "adaptive-fvi": {
      "4": 12,
      "2": 12,
      "1": 6,
      "1/2": 0,
      "1/4": 0
    }
  },
  "cells": [
    {
      "dimension": 2,
      "T": 2,
      "p": 1,
      "method": "adaptive-fvi",
      "N": 64,
      "bound": 0.718895514763211,
      "median_seconds": 36.688977146999946,
      "min_seconds": 36.68483837500003,
      "max_seconds": 36.696153931,
      "repetitions": 3,
      "prefix_counts": {
        "bellman_queries": 638858,
        "corner_terms": 0,
        "exact_selector_fallbacks": 0,
        "innovation_midpoints": 37899848,
        "maximum_coefficient_bits": 42,
        "multilinear_cells": 38002610,
        "nearest_cell_vertices": 102762,
        "original_witness_indices": 0,
        "pilot_bellman_queries": 6200,
        "point_values": 38002610,
        "stage_cost_evaluations": 638858,
        "stored_actor_scalars": 11418,
        "stored_critic_labels": 17127,
        "terminal_cost_evaluations": 5809,
        "transform_relaxations": 0
      },
      "peak_rss_kib": 76352
    },
    {
      "dimension": 2,
      "T": 2,
      "p": 1,
      "method": "compiled-witness",
      "N": 64,
      "bound": 0.5786969065684437,
      "median_seconds": 48.00132433900012,
      "min_seconds": 47.980894301000035,
      "max_seconds": 49.480681953,
      "repetitions": 3,
      "prefix_counts": {
        "bellman_queries": 632658,
        "corner_terms": 150487392,
        "exact_selector_fallbacks": 0,
        "innovation_midpoints": 37621848,
        "maximum_coefficient_bits": 42,
        "multilinear_cells": 0,
        "nearest_cell_vertices": 0,
        "original_witness_indices": 17127,
        "pilot_bellman_queries": 0,
        "point_values": 37621848,
        "stage_cost_evaluations": 632658,
        "stored_actor_scalars": 11418,
        "stored_critic_labels": 17127,
        "terminal_cost_evaluations": 5709,
        "transform_relaxations": 66960
      },
      "peak_rss_kib": 94208
    },
    {
      "dimension": 2,
      "T": 2,
      "p": 1,
      "method": "tensor-fvi",
      "N": 64,
      "bound": 0.718895514763211,
      "median_seconds": 36.308053505999965,
      "min_seconds": 36.28020596499999,
      "max_seconds": 36.425505509000004,
      "repetitions": 3,
      "prefix_counts": {
        "bellman_queries": 632658,
        "corner_terms": 0,
        "exact_selector_fallbacks": 0,
        "innovation_midpoints": 37621848,
        "maximum_coefficient_bits": 42,
        "multilinear_cells": 37724610,
        "nearest_cell_vertices": 102762,
        "original_witness_indices": 0,
        "pilot_bellman_queries": 0,
        "point_values": 37724610,
        "stage_cost_evaluations": 632658,
        "stored_actor_scalars": 11418,
        "stored_critic_labels": 17127,
        "terminal_cost_evaluations": 5709,
        "transform_relaxations": 0
      },
      "peak_rss_kib": 76284
    },
    {
      "dimension": 2,
      "T": 2,
      "p": 4,
      "method": "adaptive-fvi",
      "N": 64,
      "bound": 0.7271393140814912,
      "median_seconds": 37.02465474900009,
      "min_seconds": 36.66914701400003,
      "max_seconds": 37.110411408000004,
      "repetitions": 3,
      "prefix_counts": {
        "bellman_queries": 638858,
        "corner_terms": 0,
        "exact_selector_fallbacks": 0,
        "innovation_midpoints": 37899848,
        "maximum_coefficient_bits": 42,
        "multilinear_cells": 38002610,
        "nearest_cell_vertices": 102762,
        "original_witness_indices": 0,
        "pilot_bellman_queries": 6200,
        "point_values": 38002610,
        "stage_cost_evaluations": 638858,
        "stored_actor_scalars": 11418,
        "stored_critic_labels": 17127,
        "terminal_cost_evaluations": 5809,
        "transform_relaxations": 0
      },
      "peak_rss_kib": 75452
    },
    {
      "dimension": 2,
      "T": 2,
      "p": 4,
      "method": "compiled-witness",
      "N": 64,
      "bound": 0.5922810435313335,
      "median_seconds": 48.077227592999975,
      "min_seconds": 47.79011936699999,
      "max_seconds": 48.60008195900002,
      "repetitions": 3,
      "prefix_counts": {
        "bellman_queries": 632658,
        "corner_terms": 150487392,
        "exact_selector_fallbacks": 0,
        "innovation_midpoints": 37621848,
        "maximum_coefficient_bits": 42,
        "multilinear_cells": 0,
        "nearest_cell_vertices": 0,
        "original_witness_indices": 17127,
        "pilot_bellman_queries": 0,
        "point_values": 37621848,
        "stage_cost_evaluations": 632658,
        "stored_actor_scalars": 11418,
        "stored_critic_labels": 17127,
        "terminal_cost_evaluations": 5709,
        "transform_relaxations": 66960
      },
      "peak_rss_kib": 93480
    },
    {
      "dimension": 2,
      "T": 2,
      "p": 4,
      "method": "tensor-fvi",
      "N": 64,
      "bound": 0.7271393140814912,
      "median_seconds": 36.391273145000014,
      "min_seconds": 36.38850107300004,
      "max_seconds": 37.256507881999994,
      "repetitions": 3,
      "prefix_counts": {
        "bellman_queries": 632658,
        "corner_terms": 0,
        "exact_selector_fallbacks": 0,
        "innovation_midpoints": 37621848,
        "maximum_coefficient_bits": 42,
        "multilinear_cells": 37724610,
        "nearest_cell_vertices": 102762,
        "original_witness_indices": 0,
        "pilot_bellman_queries": 0,
        "point_values": 37724610,
        "stage_cost_evaluations": 632658,
        "stored_actor_scalars": 11418,
        "stored_critic_labels": 17127,
        "terminal_cost_evaluations": 5709,
        "transform_relaxations": 0
      },
      "peak_rss_kib": 75216
    },
    {
      "dimension": 2,
      "T": 3,
      "p": 1,
      "method": "adaptive-fvi",
      "N": 64,
      "bound": 1.0027815636942954,
      "median_seconds": 55.676888894,
      "min_seconds": 55.256211226000005,
      "max_seconds": 57.88578398899995,
      "repetitions": 3,
      "prefix_counts": {
        "bellman_queries": 958287,
        "corner_terms": 0,
        "exact_selector_fallbacks": 0,
        "innovation_midpoints": 56849772,
        "maximum_coefficient_bits": 42,
        "multilinear_cells": 57003915,
        "nearest_cell_vertices": 154143,
        "original_witness_indices": 0,
        "pilot_bellman_queries": 9300,
        "point_values": 57003915,
        "stage_cost_evaluations": 958287,
        "stored_actor_scalars": 17127,
        "stored_critic_labels": 22836,
        "terminal_cost_evaluations": 5809,
        "transform_relaxations": 0
      },
      "peak_rss_kib": 77268
    },
    {
      "dimension": 2,
      "T": 3,
      "p": 1,
      "method": "compiled-witness",
      "N": 64,
      "bound": 0.8303018768228113,
      "median_seconds": 71.93294822500002,
      "min_seconds": 71.5494164370001,
      "max_seconds": 72.4639644639999,
      "repetitions": 3,
      "prefix_counts": {
        "bellman_queries": 948987,
        "corner_terms": 225731088,
        "exact_selector_fallbacks": 0,
        "innovation_midpoints": 56432772,
        "maximum_coefficient_bits": 42,
        "multilinear_cells": 0,
        "nearest_cell_vertices": 0,
        "original_witness_indices": 22836,
        "pilot_bellman_queries": 0,
        "point_values": 56432772,
        "stage_cost_evaluations": 948987,
        "stored_actor_scalars": 17127,
        "stored_critic_labels": 22836,
        "terminal_cost_evaluations": 5709,
        "transform_relaxations": 89280
      },
      "peak_rss_kib": 95356
    },
    {
      "dimension": 2,
      "T": 3,
      "p": 1,
      "method": "tensor-fvi",
      "N": 64,
      "bound": 1.0027815636942954,
      "median_seconds": 54.64929067100002,
      "min_seconds": 54.14644470899998,
      "max_seconds": 54.65005045600003,
      "repetitions": 3,
      "prefix_counts": {
        "bellman_queries": 948987,
        "corner_terms": 0,
        "exact_selector_fallbacks": 0,
        "innovation_midpoints": 56432772,
        "maximum_coefficient_bits": 42,
        "multilinear_cells": 56586915,
        "nearest_cell_vertices": 154143,
        "original_witness_indices": 0,
        "pilot_bellman_queries": 0,
        "point_values": 56586915,
        "stage_cost_evaluations": 948987,
        "stored_actor_scalars": 17127,
        "stored_critic_labels": 22836,
        "terminal_cost_evaluations": 5709,
        "transform_relaxations": 0
      },
      "peak_rss_kib": 76548
    },
    {
      "dimension": 2,
      "T": 3,
      "p": 4,
      "method": "adaptive-fvi",
      "N": 64,
      "bound": 1.0130715271705535,
      "median_seconds": 55.02594637699997,
      "min_seconds": 54.93036172300003,
      "max_seconds": 55.11015595599997,
      "repetitions": 3,
      "prefix_counts": {
        "bellman_queries": 958287,
        "corner_terms": 0,
        "exact_selector_fallbacks": 0,
        "innovation_midpoints": 56849772,
        "maximum_coefficient_bits": 42,
        "multilinear_cells": 57003915,
        "nearest_cell_vertices": 154143,
        "original_witness_indices": 0,
        "pilot_bellman_queries": 9300,
        "point_values": 57003915,
        "stage_cost_evaluations": 958287,
        "stored_actor_scalars": 17127,
        "stored_critic_labels": 22836,
        "terminal_cost_evaluations": 5809,
        "transform_relaxations": 0
      },
      "peak_rss_kib": 77112
    },
    {
      "dimension": 2,
      "T": 3,
      "p": 4,
      "method": "compiled-witness",
      "N": 64,
      "bound": 0.8526643809772587,
      "median_seconds": 71.96334966400002,
      "min_seconds": 71.79798304099995,
      "max_seconds": 72.08179665300008,
      "repetitions": 3,
      "prefix_counts": {
        "bellman_queries": 948987,
        "corner_terms": 225731088,
        "exact_selector_fallbacks": 0,
        "innovation_midpoints": 56432772,
        "maximum_coefficient_bits": 42,
        "multilinear_cells": 0,
        "nearest_cell_vertices": 0,
        "original_witness_indices": 22836,
        "pilot_bellman_queries": 0,
        "point_values": 56432772,
        "stage_cost_evaluations": 948987,
        "stored_actor_scalars": 17127,
        "stored_critic_labels": 22836,
        "terminal_cost_evaluations": 5709,
        "transform_relaxations": 89280
      },
      "peak_rss_kib": 95716
    },
    {
      "dimension": 2,
      "T": 3,
      "p": 4,
      "method": "tensor-fvi",
      "N": 64,
      "bound": 1.0130715271705535,
      "median_seconds": 54.15134526400004,
      "min_seconds": 53.82191720500009,
      "max_seconds": 54.81182672,
      "repetitions": 3,
      "prefix_counts": {
        "bellman_queries": 948987,
        "corner_terms": 0,
        "exact_selector_fallbacks": 0,
        "innovation_midpoints": 56432772,
        "maximum_coefficient_bits": 42,
        "multilinear_cells": 56586915,
        "nearest_cell_vertices": 154143,
        "original_witness_indices": 0,
        "pilot_bellman_queries": 0,
        "point_values": 56586915,
        "stage_cost_evaluations": 948987,
        "stored_actor_scalars": 17127,
        "stored_critic_labels": 22836,
        "terminal_cost_evaluations": 5709,
        "transform_relaxations": 0
      },
      "peak_rss_kib": 76720
    },
    {
      "dimension": 3,
      "T": 2,
      "p": 1,
      "method": "compiled-witness",
      "N": 16,
      "bound": 2.3298628330255924,
      "median_seconds": 9.504549198000177,
      "min_seconds": 9.504549198000177,
      "max_seconds": 9.504549198000177,
      "repetitions": 1,
      "prefix_counts": {
        "bellman_queries": 181414,
        "corner_terms": 22261184,
        "exact_selector_fallbacks": 0,
        "innovation_midpoints": 2782648,
        "maximum_coefficient_bits": 42,
        "multilinear_cells": 0,
        "nearest_cell_vertices": 0,
        "original_witness_indices": 17301,
        "pilot_bellman_queries": 0,
        "point_values": 2782648,
        "stage_cost_evaluations": 181414,
        "stored_actor_scalars": 11534,
        "stored_critic_labels": 17301,
        "terminal_cost_evaluations": 5767,
        "transform_relaxations": 96696
      },
      "peak_rss_kib": 66480
    },
    {
      "dimension": 3,
      "T": 2,
      "p": 1,
      "method": "tensor-fvi",
      "N": 16,
      "bound": 2.8138321242560838,
      "median_seconds": 6.677250859999958,
      "min_seconds": 6.677250859999958,
      "max_seconds": 6.677250859999958,
      "repetitions": 1,
      "prefix_counts": {
        "bellman_queries": 181414,
        "corner_terms": 0,
        "exact_selector_fallbacks": 0,
        "innovation_midpoints": 2782648,
        "maximum_coefficient_bits": 42,
        "multilinear_cells": 3094066,
        "nearest_cell_vertices": 311418,
        "original_witness_indices": 0,
        "pilot_bellman_queries": 0,
        "point_values": 3094066,
        "stage_cost_evaluations": 181414,
        "stored_actor_scalars": 11534,
        "stored_critic_labels": 17301,
        "terminal_cost_evaluations": 5767,
        "transform_relaxations": 0
      },
      "peak_rss_kib": 53552
    },
    {
      "dimension": 3,
      "T": 3,
      "p": 1,
      "method": "compiled-witness",
      "N": 16,
      "bound": 3.3492200127835874,
      "median_seconds": 13.906085215000076,
      "min_seconds": 13.906085215000076,
      "max_seconds": 13.906085215000076,
      "repetitions": 1,
      "prefix_counts": {
        "bellman_queries": 272121,
        "corner_terms": 33391776,
        "exact_selector_fallbacks": 0,
        "innovation_midpoints": 4173972,
        "maximum_coefficient_bits": 42,
        "multilinear_cells": 0,
        "nearest_cell_vertices": 0,
        "original_witness_indices": 23068,
        "pilot_bellman_queries": 0,
        "point_values": 4173972,
        "stage_cost_evaluations": 272121,
        "stored_actor_scalars": 17301,
        "stored_critic_labels": 23068,
        "terminal_cost_evaluations": 5767,
        "transform_relaxations": 128928
      },
      "peak_rss_kib": 68124
    },
    {
      "dimension": 3,
      "T": 3,
      "p": 1,
      "method": "tensor-fvi",
      "N": 16,
      "bound": 3.914786337789216,
      "median_seconds": 9.90483313599998,
      "min_seconds": 9.90483313599998,
      "max_seconds": 9.90483313599998,
      "repetitions": 1,
      "prefix_counts": {
        "bellman_queries": 272121,
        "corner_terms": 0,
        "exact_selector_fallbacks": 0,
        "innovation_midpoints": 4173972,
        "maximum_coefficient_bits": 42,
        "multilinear_cells": 4641099,
        "nearest_cell_vertices": 467127,
        "original_witness_indices": 0,
        "pilot_bellman_queries": 0,
        "point_values": 4641099,
        "stage_cost_evaluations": 272121,
        "stored_actor_scalars": 17301,
        "stored_critic_labels": 23068,
        "terminal_cost_evaluations": 5767,
        "transform_relaxations": 0
      },
      "peak_rss_kib": 53900
    },
    {
      "dimension": 4,
      "T": 2,
      "p": 1,
      "method": "compiled-witness",
      "N": 8,
      "bound": 4.629575252534341,
      "median_seconds": 7.73332117200016,
      "min_seconds": 7.73332117200016,
      "max_seconds": 7.73332117200016,
      "repetitions": 1,
      "prefix_counts": {
        "bellman_queries": 124834,
        "corner_terms": 15532096,
        "exact_selector_fallbacks": 0,
        "innovation_midpoints": 970756,
        "maximum_coefficient_bits": 42,
        "multilinear_cells": 0,
        "nearest_cell_vertices": 0,
        "original_witness_indices": 21801,
        "pilot_bellman_queries": 0,
        "point_values": 970756,
        "stage_cost_evaluations": 124834,
        "stored_actor_scalars": 14534,
        "stored_critic_labels": 21801,
        "terminal_cost_evaluations": 7267,
        "transform_relaxations": 153264
      },
      "peak_rss_kib": 71372
    },
    {
      "dimension": 4,
      "T": 2,
      "p": 1,
      "method": "tensor-fvi",
      "N": 8,
      "bound": 5.455767730374249,
      "median_seconds": 7.367553935999922,
      "min_seconds": 7.367553935999922,
      "max_seconds": 7.367553935999922,
      "repetitions": 1,
      "prefix_counts": {
        "bellman_queries": 124834,
        "corner_terms": 0,
        "exact_selector_fallbacks": 0,
        "innovation_midpoints": 970756,
        "maximum_coefficient_bits": 42,
        "multilinear_cells": 2148010,
        "nearest_cell_vertices": 1177254,
        "original_witness_indices": 0,
        "pilot_bellman_queries": 0,
        "point_values": 2148010,
        "stage_cost_evaluations": 124834,
        "stored_actor_scalars": 14534,
        "stored_critic_labels": 21801,
        "terminal_cost_evaluations": 7267,
        "transform_relaxations": 0
      },
      "peak_rss_kib": 51488
    },
    {
      "dimension": 4,
      "T": 3,
      "p": 1,
      "method": "compiled-witness",
      "N": 8,
      "bound": 6.6424150145635,
      "median_seconds": 11.549543569999969,
      "min_seconds": 11.549543569999969,
      "max_seconds": 11.549543569999969,
      "repetitions": 1,
      "prefix_counts": {
        "bellman_queries": 187251,
        "corner_terms": 23298144,
        "exact_selector_fallbacks": 0,
        "innovation_midpoints": 1456134,
        "maximum_coefficient_bits": 42,
        "multilinear_cells": 0,
        "nearest_cell_vertices": 0,
        "original_witness_indices": 29068,
        "pilot_bellman_queries": 0,
        "point_values": 1456134,
        "stage_cost_evaluations": 187251,
        "stored_actor_scalars": 21801,
        "stored_critic_labels": 29068,
        "terminal_cost_evaluations": 7267,
        "transform_relaxations": 204352
      },
      "peak_rss_kib": 72932
    },
    {
      "dimension": 4,
      "T": 3,
      "p": 1,
      "method": "tensor-fvi",
      "N": 8,
      "bound": 7.588532242355457,
      "median_seconds": 10.981615354999803,
      "min_seconds": 10.981615354999803,
      "max_seconds": 10.981615354999803,
      "repetitions": 1,
      "prefix_counts": {
        "bellman_queries": 187251,
        "corner_terms": 0,
        "exact_selector_fallbacks": 0,
        "innovation_midpoints": 1456134,
        "maximum_coefficient_bits": 42,
        "multilinear_cells": 3222015,
        "nearest_cell_vertices": 1765881,
        "original_witness_indices": 0,
        "pilot_bellman_queries": 0,
        "point_values": 3222015,
        "stage_cost_evaluations": 187251,
        "stored_actor_scalars": 21801,
        "stored_critic_labels": 29068,
        "terminal_cost_evaluations": 7267,
        "transform_relaxations": 0
      },
      "peak_rss_kib": 52432
    }
  ],
  "direct": {
    "groups": 48,
    "total_paths": 12582912,
    "signs": {
      "unresolved": 42,
      "witness-higher": 6
    },
    "fee_not_recouped_both_directions": 48,
    "max_absolute_endpoint": 0.00271698097750196,
    "max_width": 0.002492314820658599,
    "total_joint_pair_seconds": 155.1109871910014,
    "actor_queries": 62914560,
    "ambiguous_actor_queries": 0
  },
  "compiler": {
    "frozen_checkpoints": 12,
    "repetitions": 36,
    "median_dense_over_compiled_including_setup": 2.916350354874872,
    "min_ratio": 1.872945216430997,
    "max_ratio": 4.522563949369564,
    "attribution": "exact compiler of same envelope, not neural-exclusive speedup"
  },
  "sensor_choices": {
    "16": 12,
    "14": 9,
    "12": 9,
    "15": 3,
    "13": 3
  },
  "historical_results_modified": false,
  "scientific_source_commit": "53e4eff391bd4b6e035981c7fbb96df1aeff0e54",
  "workflow_run": "37712096165"
}
