{
  "compilation": [
    {
      "document": "ECTA",
      "pages": 67,
      "pdf_sha256": "cc8a41f7dbdf37470897e47159afc6157e9dc74c6969887403fd1484e4ab5a09",
      "undefined_references": 0,
      "duplicate_labels": 0,
      "missing_characters": 0,
      "overfull_boxes": 0
    },
    {
      "document": "supp",
      "pages": 61,
      "pdf_sha256": "f3d4f0e2841d5a01e6c11e5cd5eb45a0fca587dcb01fdf45033bd2df087973f3",
      "undefined_references": 0,
      "duplicate_labels": 0,
      "missing_characters": 0,
      "overfull_boxes": 0
    },
    {
      "document": "response",
      "pages": 13,
      "pdf_sha256": "bf5b626e2aec3aeceae9d3da2372f3419a9d5f06860ca3f179bea03701b61493",
      "undefined_references": 0,
      "duplicate_labels": 0,
      "missing_characters": 0,
      "overfull_boxes": 0
    }
  ],
  "tests": 96,
  "verified_files": 1430
}
