{"method": "compiled-witness", "d": 2, "T": 2, "p": 1, "repeat": 0, "final_bound": 0.5786969065684437, "seconds": 49.48129483699999}
{"method": "tensor-fvi", "d": 2, "T": 2, "p": 1, "repeat": 0, "final_bound": 0.718895514763211, "seconds": 36.28069488700001}
{"method": "adaptive-fvi", "d": 2, "T": 2, "p": 1, "repeat": 0, "final_bound": 0.718895514763211, "seconds": 36.69677648300001}
{"method": "tensor-fvi", "d": 2, "T": 2, "p": 4, "repeat": 0, "final_bound": 0.7271393140814912, "seconds": 37.25708608000002}
{"method": "adaptive-fvi", "d": 2, "T": 2, "p": 4, "repeat": 0, "final_bound": 0.7271393140814912, "seconds": 37.11091147100001}
{"method": "compiled-witness", "d": 2, "T": 2, "p": 4, "repeat": 0, "final_bound": 0.5922810435313335, "seconds": 48.60066020900001}
{"method": "adaptive-fvi", "d": 2, "T": 3, "p": 1, "repeat": 0, "final_bound": 1.0027815636942954, "seconds": 55.67748179}
{"method": "compiled-witness", "d": 2, "T": 3, "p": 1, "repeat": 0, "final_bound": 0.8303018768228113, "seconds": 71.93349459399997}
{"method": "tensor-fvi", "d": 2, "T": 3, "p": 1, "repeat": 0, "final_bound": 1.0027815636942954, "seconds": 54.65056236099997}
{"method": "compiled-witness", "d": 2, "T": 3, "p": 4, "repeat": 0, "final_bound": 0.8526643809772587, "seconds": 71.96383789499998}
{"method": "tensor-fvi", "d": 2, "T": 3, "p": 4, "repeat": 0, "final_bound": 1.0130715271705535, "seconds": 54.15186237900002}
{"method": "adaptive-fvi", "d": 2, "T": 3, "p": 4, "repeat": 0, "final_bound": 1.0130715271705535, "seconds": 55.026480153999955}
{"method": "tensor-fvi", "d": 2, "T": 2, "p": 1, "repeat": 1, "final_bound": 0.718895514763211, "seconds": 36.30873753399999}
{"method": "adaptive-fvi", "d": 2, "T": 2, "p": 1, "repeat": 1, "final_bound": 0.718895514763211, "seconds": 36.6896133649999}
{"method": "compiled-witness", "d": 2, "T": 2, "p": 1, "repeat": 1, "final_bound": 0.5786969065684437, "seconds": 47.98142292800003}
{"method": "adaptive-fvi", "d": 2, "T": 2, "p": 4, "repeat": 1, "final_bound": 0.7271393140814912, "seconds": 36.66977460600003}
{"method": "compiled-witness", "d": 2, "T": 2, "p": 4, "repeat": 1, "final_bound": 0.5922810435313335, "seconds": 48.07775990699997}
{"method": "tensor-fvi", "d": 2, "T": 2, "p": 4, "repeat": 1, "final_bound": 0.7271393140814912, "seconds": 36.39191844000004}
{"method": "compiled-witness", "d": 2, "T": 3, "p": 1, "repeat": 1, "final_bound": 0.8303018768228113, "seconds": 71.55000102800011}
{"method": "tensor-fvi", "d": 2, "T": 3, "p": 1, "repeat": 1, "final_bound": 1.0027815636942954, "seconds": 54.1469592599999}
{"method": "adaptive-fvi", "d": 2, "T": 3, "p": 1, "repeat": 1, "final_bound": 1.0027815636942954, "seconds": 55.25672068699987}
{"method": "tensor-fvi", "d": 2, "T": 3, "p": 4, "repeat": 1, "final_bound": 1.0130715271705535, "seconds": 53.822537854000075}
{"method": "adaptive-fvi", "d": 2, "T": 3, "p": 4, "repeat": 1, "final_bound": 1.0130715271705535, "seconds": 54.93259870799989}
{"method": "compiled-witness", "d": 2, "T": 3, "p": 4, "repeat": 1, "final_bound": 0.8526643809772587, "seconds": 72.08236865000003}
{"method": "adaptive-fvi", "d": 2, "T": 2, "p": 1, "repeat": 2, "final_bound": 0.718895514763211, "seconds": 36.68532051400007}
{"method": "compiled-witness", "d": 2, "T": 2, "p": 1, "repeat": 2, "final_bound": 0.5786969065684437, "seconds": 48.001824152000154}
{"method": "tensor-fvi", "d": 2, "T": 2, "p": 1, "repeat": 2, "final_bound": 0.718895514763211, "seconds": 36.426131796999925}
{"method": "compiled-witness", "d": 2, "T": 2, "p": 4, "repeat": 2, "final_bound": 0.5922810435313335, "seconds": 47.790595093999855}
{"method": "tensor-fvi", "d": 2, "T": 2, "p": 4, "repeat": 2, "final_bound": 0.7271393140814912, "seconds": 36.3889761800001}
{"method": "adaptive-fvi", "d": 2, "T": 2, "p": 4, "repeat": 2, "final_bound": 0.7271393140814912, "seconds": 37.02512087900004}
{"method": "tensor-fvi", "d": 2, "T": 3, "p": 1, "repeat": 2, "final_bound": 1.0027815636942954, "seconds": 54.64977853100004}
{"method": "adaptive-fvi", "d": 2, "T": 3, "p": 1, "repeat": 2, "final_bound": 1.0027815636942954, "seconds": 57.88628242899995}
{"method": "compiled-witness", "d": 2, "T": 3, "p": 1, "repeat": 2, "final_bound": 0.8303018768228113, "seconds": 72.464440663}
{"method": "adaptive-fvi", "d": 2, "T": 3, "p": 4, "repeat": 2, "final_bound": 1.0130715271705535, "seconds": 55.11074379399997}
{"method": "compiled-witness", "d": 2, "T": 3, "p": 4, "repeat": 2, "final_bound": 0.8526643809772587, "seconds": 71.79843474400013}
{"method": "tensor-fvi", "d": 2, "T": 3, "p": 4, "repeat": 2, "final_bound": 1.0130715271705535, "seconds": 54.81229984300012}
{"method": "compiled-witness", "d": 3, "T": 2, "p": 1, "repeat": 0, "final_bound": 2.3298628330255924, "seconds": 9.505106017000116}
{"method": "tensor-fvi", "d": 3, "T": 2, "p": 1, "repeat": 0, "final_bound": 2.8138321242560838, "seconds": 6.677764749999824}
{"method": "compiled-witness", "d": 3, "T": 3, "p": 1, "repeat": 0, "final_bound": 3.3492200127835874, "seconds": 13.906706315000065}
{"method": "tensor-fvi", "d": 3, "T": 3, "p": 1, "repeat": 0, "final_bound": 3.914786337789216, "seconds": 9.9053601600001}
{"method": "compiled-witness", "d": 4, "T": 2, "p": 1, "repeat": 0, "final_bound": 4.629575252534341, "seconds": 7.7338364640002055}
{"method": "tensor-fvi", "d": 4, "T": 2, "p": 1, "repeat": 0, "final_bound": 5.455767730374249, "seconds": 7.367981824000026}
{"method": "compiled-witness", "d": 4, "T": 3, "p": 1, "repeat": 0, "final_bound": 6.6424150145635, "seconds": 11.550122641000144}
{"method": "tensor-fvi", "d": 4, "T": 3, "p": 1, "repeat": 0, "final_bound": 7.588532242355457, "seconds": 10.98205816199993}
{"key": "T2-p1-lawuniform-bitsNone", "interval": [-0.0008204498121761393, 0.0010277352354362368], "seconds": 2.7728023790000407}
{"key": "T2-p1-lawuniform-bits6", "interval": [-0.0007376140961979535, 0.00110727528822897], "seconds": 2.7122973499999716}
{"key": "T2-p1-lawuniform-bits10", "interval": [-0.0008052305476664728, 0.0010424096160556626], "seconds": 2.7223005539999576}
{"key": "T2-p1-law1_8-bitsNone", "interval": [-0.001246319486346694, 0.0005956391571847164], "seconds": 2.644471916999919}
{"key": "T2-p1-law1_8-bits6", "interval": [-0.0011129504488652205, 0.000725900572387333], "seconds": 2.6135545619999903}
{"key": "T2-p1-law1_8-bits10", "interval": [-0.001219996626990104, 0.0006213370921616131], "seconds": 2.6211259850001625}
{"key": "T2-p1-law1_2-bitsNone", "interval": [-0.000934362015100856, 0.0009004818425381606], "seconds": 2.6181476810002096}
{"key": "T2-p1-law1_2-bits6", "interval": [-0.0009171582663259699, 0.0009171582663259699], "seconds": 2.588420428000063}
{"key": "T2-p1-law1_2-bits10", "interval": [-0.0009323569399468772, 0.0009024153718804102], "seconds": 2.617474465999976}
{"key": "T2-p1-law7_8-bitsNone", "interval": [0.0008691910288301628, 0.0027166998485356757], "seconds": 2.6448595310000655}
{"key": "T2-p1-law7_8-bits6", "interval": [0.0008680507765326926, 0.002715573995287207], "seconds": 2.6194739430000027}
{"key": "T2-p1-law7_8-bits10", "interval": [0.0008694585627261816, 0.00271698097750196], "seconds": 2.636865415999864}
{"key": "T2-p4-lawuniform-bitsNone", "interval": [-0.0006931337922294416, 0.001279628317449661], "seconds": 2.7559420249999675}
{"key": "T2-p4-lawuniform-bits6", "interval": [-0.000686277316590304, 0.0012863115084292057], "seconds": 2.728117314999963}
{"key": "T2-p4-lawuniform-bits10", "interval": [-0.0006934414659524436, 0.0012792806896149943], "seconds": 2.728608434999842}
{"key": "T2-p4-law1_8-bitsNone", "interval": [-0.0011414108387501635, 0.0008296709643098659], "seconds": 2.62445266099985}
{"key": "T2-p4-law1_8-bits6", "interval": [-0.0010134622436098692, 0.0009587427461040225], "seconds": 2.6322531629998593}
{"key": "T2-p4-law1_8-bits10", "interval": [-0.0011504852097021514, 0.0008204814250410708], "seconds": 2.6239302180001687}
{"key": "T2-p4-law1_2-bitsNone", "interval": [-0.00013591083992627414, 0.0018391195822059707], "seconds": 2.628951724000217}
{"key": "T2-p4-law1_2-bits6", "interval": [-0.00037303125593479025, 0.001601570386734601], "seconds": 2.645958298000096}
{"key": "T2-p4-law1_2-bits10", "interval": [-0.00014402114672727734, 0.001831006179005556], "seconds": 2.6060140939998746}
{"key": "T2-p4-law7_8-bitsNone", "interval": [-0.0009815122857457829, 0.0009824067588213436], "seconds": 2.615631479000058}
{"key": "T2-p4-law7_8-bits6", "interval": [-0.0009818466816702794, 0.0009818466816702794], "seconds": 2.6210126959999798}
{"key": "T2-p4-law7_8-bits10", "interval": [-0.000981236065819424, 0.0009827279494493831], "seconds": 2.6365927819997523}
{"key": "T3-p1-lawuniform-bitsNone", "interval": [-0.0010278758878731107, 0.0012808406294568515], "seconds": 3.951402949000112}
{"key": "T3-p1-lawuniform-bits6", "interval": [-0.0009110837280733084, 0.001393213549728588], "seconds": 3.8692823740002495}
{"key": "T3-p1-lawuniform-bits10", "interval": [-0.001006657338605427, 0.0013014516641797714], "seconds": 3.8839571490002527}
{"key": "T3-p1-law1_8-bitsNone", "interval": [-0.001500430662013579, 0.0008003796888810716], "seconds": 3.7868783480003003}
{"key": "T3-p1-law1_8-bits6", "interval": [-0.0013630847639283707, 0.00093478808199956], "seconds": 3.7631048999996892}
{"key": "T3-p1-law1_8-bits10", "interval": [-0.001454902940107074, 0.0008451281462764221], "seconds": 3.7261300870000014}
{"key": "T3-p1-law1_2-bitsNone", "interval": [-0.0012162771257495594, 0.001078623037934849], "seconds": 3.768754455000362}
{"key": "T3-p1-law1_2-bits6", "interval": [-0.0011464125108422063, 0.0011464125108422063], "seconds": 3.765038327000184}
{"key": "T3-p1-law1_2-bits10", "interval": [-0.0012157840661199228, 0.0010790343694735828], "seconds": 3.7611338100000467}
{"key": "T3-p1-law7_8-bitsNone", "interval": [0.0003221549979619348, 0.0026264450002776766], "seconds": 3.7839953430002424}
{"key": "T3-p1-law7_8-bits6", "interval": [0.00022375084956511606, 0.0025271149073732746], "seconds": 3.7806040360001134}
{"key": "T3-p1-law7_8-bits10", "interval": [0.00033412979004370766, 0.0026385695066270505], "seconds": 3.7940103569999337}
{"key": "T3-p4-lawuniform-bitsNone", "interval": [-0.0006871197292548885, 0.0018051912651718288], "seconds": 3.9224131800001487}
{"key": "T3-p4-lawuniform-bits6", "interval": [-0.0007085482532294892, 0.0017826821689785404], "seconds": 3.9026916220000203}
{"key": "T3-p4-lawuniform-bits10", "interval": [-0.00068485808839542, 0.001807456732263179], "seconds": 3.9050871939998615}
{"key": "T3-p4-law1_8-bitsNone", "interval": [-0.0013557070656659005, 0.001134755979101786], "seconds": 3.777620152000054}
{"key": "T3-p4-law1_8-bits6", "interval": [-0.0013419782340323514, 0.001148604890269806], "seconds": 3.785394340000039}
{"key": "T3-p4-law1_8-bits10", "interval": [-0.0013644959651194456, 0.0011259109360529905], "seconds": 3.774695737000002}
{"key": "T3-p4-law1_2-bitsNone", "interval": [-0.0011134958285736406, 0.0013724483373693452], "seconds": 3.800131446999785}
{"key": "T3-p4-law1_2-bits6", "interval": [-0.0010475486686154162, 0.0014396354139237291], "seconds": 3.784943194999869}
{"key": "T3-p4-law1_2-bits10", "interval": [-0.0011101747755629541, 0.0013758181169389325], "seconds": 3.7688768389998586}
{"key": "T3-p4-law7_8-bitsNone", "interval": [-0.0009153779877680961, 0.001569404347027361], "seconds": 3.8279928830002063}
{"key": "T3-p4-law7_8-bits6", "interval": [-0.0009177330609609266, 0.0015674805018054145], "seconds": 3.801999813999828}
{"key": "T3-p4-law7_8-bits10", "interval": [-0.0009159546481309306, 0.0015688455631203654], "seconds": 3.7935372910001206}
{
  "revision": "R48",
  "services": 44,
  "rungs": 204,
  "reconstructed_date_components": 510,
  "core_attainment_out_of_12": {
    "compiled-witness": {
      "4": 12,
      "2": 12,
      "1": 12,
      "1/2": 0,
      "1/4": 0
    },
    "tensor-fvi": {
      "4": 12,
      "2": 12,
      "1": 6,
      "1/2": 0,
      "1/4": 0
    },
    "adaptive-fvi": {
      "4": 12,
      "2": 12,
      "1": 6,
      "1/2": 0,
      "1/4": 0
    }
  },
  "cells": [
    {
      "dimension": 2,
      "T": 2,
      "p": 1,
      "method": "adaptive-fvi",
      "N": 64,
      "bound": 0.718895514763211,
      "median_seconds": 36.688977146999946,
      "min_seconds": 36.68483837500003,
      "max_seconds": 36.696153931,
      "repetitions": 3,
      "prefix_counts": {
        "bellman_queries": 638858,
        "corner_terms": 0,
        "exact_selector_fallbacks": 0,
        "innovation_midpoints": 37899848,
        "maximum_coefficient_bits": 42,
        "multilinear_cells": 38002610,
        "nearest_cell_vertices": 102762,
        "original_witness_indices": 0,
        "pilot_bellman_queries": 6200,
        "point_values": 38002610,
        "stage_cost_evaluations": 638858,
        "stored_actor_scalars": 11418,
        "stored_critic_labels": 17127,
        "terminal_cost_evaluations": 5809,
        "transform_relaxations": 0
      },
      "peak_rss_kib": 76352
    },
    {
      "dimension": 2,
      "T": 2,
      "p": 1,
      "method": "compiled-witness",
      "N": 64,
      "bound": 0.5786969065684437,
      "median_seconds": 48.00132433900012,
      "min_seconds": 47.980894301000035,
      "max_seconds": 49.480681953,
      "repetitions": 3,
      "prefix_counts": {
        "bellman_queries": 632658,
        "corner_terms": 150487392,
        "exact_selector_fallbacks": 0,
        "innovation_midpoints": 37621848,
        "maximum_coefficient_bits": 42,
        "multilinear_cells": 0,
        "nearest_cell_vertices": 0,
        "original_witness_indices": 17127,
        "pilot_bellman_queries": 0,
        "point_values": 37621848,
        "stage_cost_evaluations": 632658,
        "stored_actor_scalars": 11418,
        "stored_critic_labels": 17127,
        "terminal_cost_evaluations": 5709,
        "transform_relaxations": 66960
      },
      "peak_rss_kib": 94208
    },
    {
      "dimension": 2,
      "T": 2,
      "p": 1,
      "method": "tensor-fvi",
      "N": 64,
      "bound": 0.718895514763211,
      "median_seconds": 36.308053505999965,
      "min_seconds": 36.28020596499999,
      "max_seconds": 36.425505509000004,
      "repetitions": 3,
      "prefix_counts": {
        "bellman_queries": 632658,
        "corner_terms": 0,
        "exact_selector_fallbacks": 0,
        "innovation_midpoints": 37621848,
        "maximum_coefficient_bits": 42,
        "multilinear_cells": 37724610,
        "nearest_cell_vertices": 102762,
        "original_witness_indices": 0,
        "pilot_bellman_queries": 0,
        "point_values": 37724610,
        "stage_cost_evaluations": 632658,
        "stored_actor_scalars": 11418,
        "stored_critic_labels": 17127,
        "terminal_cost_evaluations": 5709,
        "transform_relaxations": 0
      },
      "peak_rss_kib": 76284
    },
    {
      "dimension": 2,
      "T": 2,
      "p": 4,
      "method": "adaptive-fvi",
      "N": 64,
      "bound": 0.7271393140814912,
      "median_seconds": 37.02465474900009,
      "min_seconds": 36.66914701400003,
      "max_seconds": 37.110411408000004,
      "repetitions": 3,
      "prefix_counts": {
        "bellman_queries": 638858,
        "corner_terms": 0,
        "exact_selector_fallbacks": 0,
        "innovation_midpoints": 37899848,
        "maximum_coefficient_bits": 42,
        "multilinear_cells": 38002610,
        "nearest_cell_vertices": 102762,
        "original_witness_indices": 0,
        "pilot_bellman_queries": 6200,
        "point_values": 38002610,
        "stage_cost_evaluations": 638858,
        "stored_actor_scalars": 11418,
        "stored_critic_labels": 17127,
        "terminal_cost_evaluations": 5809,
        "transform_relaxations": 0
      },
      "peak_rss_kib": 75452
    },
    {
      "dimension": 2,
      "T": 2,
      "p": 4,
      "method": "compiled-witness",
      "N": 64,
      "bound": 0.5922810435313335,
      "median_seconds": 48.077227592999975,
      "min_seconds": 47.79011936699999,
      "max_seconds": 48.60008195900002,
      "repetitions": 3,
      "prefix_counts": {
        "bellman_queries": 632658,
        "corner_terms": 150487392,
        "exact_selector_fallbacks": 0,
        "innovation_midpoints": 37621848,
        "maximum_coefficient_bits": 42,
        "multilinear_cells": 0,
        "nearest_cell_vertices": 0,
        "original_witness_indices": 17127,
        "pilot_bellman_queries": 0,
        "point_values": 37621848,
        "stage_cost_evaluations": 632658,
        "stored_actor_scalars": 11418,
        "stored_critic_labels": 17127,
        "terminal_cost_evaluations": 5709,
        "transform_relaxations": 66960
      },
      "peak_rss_kib": 93480
    },
    {
      "dimension": 2,
      "T": 2,
      "p": 4,
      "method": "tensor-fvi",
      "N": 64,
      "bound": 0.7271393140814912,
      "median_seconds": 36.391273145000014,
      "min_seconds": 36.38850107300004,
      "max_seconds": 37.256507881999994,
      "repetitions": 3,
      "prefix_counts": {
        "bellman_queries": 632658,
        "corner_terms": 0,
        "exact_selector_fallbacks": 0,
        "innovation_midpoints": 37621848,
        "maximum_coefficient_bits": 42,
        "multilinear_cells": 37724610,
        "nearest_cell_vertices": 102762,
        "original_witness_indices": 0,
        "pilot_bellman_queries": 0,
        "point_values": 37724610,
        "stage_cost_evaluations": 632658,
        "stored_actor_scalars": 11418,
        "stored_critic_labels": 17127,
        "terminal_cost_evaluations": 5709,
        "transform_relaxations": 0
      },
      "peak_rss_kib": 75216
    },
    {
      "dimension": 2,
      "T": 3,
      "p": 1,
      "method": "adaptive-fvi",
      "N": 64,
      "bound": 1.0027815636942954,
      "median_seconds": 55.676888894,
      "min_seconds": 55.256211226000005,
      "max_seconds": 57.88578398899995,
      "repetitions": 3,
      "prefix_counts": {
        "bellman_queries": 958287,
        "corner_terms": 0,
        "exact_selector_fallbacks": 0,
        "innovation_midpoints": 56849772,
        "maximum_coefficient_bits": 42,
        "multilinear_cells": 57003915,
        "nearest_cell_vertices": 154143,
        "original_witness_indices": 0,
        "pilot_bellman_queries": 9300,
        "point_values": 57003915,
        "stage_cost_evaluations": 958287,
        "stored_actor_scalars": 17127,
        "stored_critic_labels": 22836,
        "terminal_cost_evaluations": 5809,
        "transform_relaxations": 0
      },
      "peak_rss_kib": 77268
    },
    {
      "dimension": 2,
      "T": 3,
      "p": 1,
      "method": "compiled-witness",
      "N": 64,
      "bound": 0.8303018768228113,
      "median_seconds": 71.93294822500002,
      "min_seconds": 71.5494164370001,
      "max_seconds": 72.4639644639999,
      "repetitions": 3,
      "prefix_counts": {
        "bellman_queries": 948987,
        "corner_terms": 225731088,
        "exact_selector_fallbacks": 0,
        "innovation_midpoints": 56432772,
        "maximum_coefficient_bits": 42,
        "multilinear_cells": 0,
        "nearest_cell_vertices": 0,
        "original_witness_indices": 22836,
        "pilot_bellman_queries": 0,
        "point_values": 56432772,
        "stage_cost_evaluations": 948987,
        "stored_actor_scalars": 17127,
        "stored_critic_labels": 22836,
        "terminal_cost_evaluations": 5709,
        "transform_relaxations": 89280
      },
      "peak_rss_kib": 95356
    },
    {
      "dimension": 2,
      "T": 3,
      "p": 1,
      "method": "tensor-fvi",
      "N": 64,
      "bound": 1.0027815636942954,
      "median_seconds": 54.64929067100002,
      "min_seconds": 54.14644470899998,
      "max_seconds": 54.65005045600003,
      "repetitions": 3,
      "prefix_counts": {
        "bellman_queries": 948987,
        "corner_terms": 0,
        "exact_selector_fallbacks": 0,
        "innovation_midpoints": 56432772,
        "maximum_coefficient_bits": 42,
        "multilinear_cells": 56586915,
        "nearest_cell_vertices": 154143,
        "original_witness_indices": 0,
        "pilot_bellman_queries": 0,
        "point_values": 56586915,
        "stage_cost_evaluations": 948987,
        "stored_actor_scalars": 17127,
        "stored_critic_labels": 22836,
        "terminal_cost_evaluations": 5709,
        "transform_relaxations": 0
      },
      "peak_rss_kib": 76548
    },
    {
      "dimension": 2,
      "T": 3,
      "p": 4,
      "method": "adaptive-fvi",
      "N": 64,
      "bound": 1.0130715271705535,
      "median_seconds": 55.02594637699997,
      "min_seconds": 54.93036172300003,
      "max_seconds": 55.11015595599997,
      "repetitions": 3,
      "prefix_counts": {
        "bellman_queries": 958287,
        "corner_terms": 0,
        "exact_selector_fallbacks": 0,
        "innovation_midpoints": 56849772,
        "maximum_coefficient_bits": 42,
        "multilinear_cells": 57003915,
        "nearest_cell_vertices": 154143,
        "original_witness_indices": 0,
        "pilot_bellman_queries": 9300,
        "point_values": 57003915,
        "stage_cost_evaluations": 958287,
        "stored_actor_scalars": 17127,
        "stored_critic_labels": 22836,
        "terminal_cost_evaluations": 5809,
        "transform_relaxations": 0
      },
      "peak_rss_kib": 77112
    },
    {
      "dimension": 2,
      "T": 3,
      "p": 4,
      "method": "compiled-witness",
      "N": 64,
      "bound": 0.8526643809772587,
      "median_seconds": 71.96334966400002,
      "min_seconds": 71.79798304099995,
      "max_seconds": 72.08179665300008,
      "repetitions": 3,
      "prefix_counts": {
        "bellman_queries": 948987,
        "corner_terms": 225731088,
        "exact_selector_fallbacks": 0,
        "innovation_midpoints": 56432772,
        "maximum_coefficient_bits": 42,
        "multilinear_cells": 0,
        "nearest_cell_vertices": 0,
        "original_witness_indices": 22836,
        "pilot_bellman_queries": 0,
        "point_values": 56432772,
        "stage_cost_evaluations": 948987,
        "stored_actor_scalars": 17127,
        "stored_critic_labels": 22836,
        "terminal_cost_evaluations": 5709,
        "transform_relaxations": 89280
      },
      "peak_rss_kib": 95716
    },
    {
      "dimension": 2,
      "T": 3,
      "p": 4,
      "method": "tensor-fvi",
      "N": 64,
      "bound": 1.0130715271705535,
      "median_seconds": 54.15134526400004,
      "min_seconds": 53.82191720500009,
      "max_seconds": 54.81182672,
      "repetitions": 3,
      "prefix_counts": {
        "bellman_queries": 948987,
        "corner_terms": 0,
        "exact_selector_fallbacks": 0,
        "innovation_midpoints": 56432772,
        "maximum_coefficient_bits": 42,
        "multilinear_cells": 56586915,
        "nearest_cell_vertices": 154143,
        "original_witness_indices": 0,
        "pilot_bellman_queries": 0,
        "point_values": 56586915,
        "stage_cost_evaluations": 948987,
        "stored_actor_scalars": 17127,
        "stored_critic_labels": 22836,
        "terminal_cost_evaluations": 5709,
        "transform_relaxations": 0
      },
      "peak_rss_kib": 76720
    },
    {
      "dimension": 3,
      "T": 2,
      "p": 1,
      "method": "compiled-witness",
      "N": 16,
      "bound": 2.3298628330255924,
      "median_seconds": 9.504549198000177,
      "min_seconds": 9.504549198000177,
      "max_seconds": 9.504549198000177,
      "repetitions": 1,
      "prefix_counts": {
        "bellman_queries": 181414,
        "corner_terms": 22261184,
        "exact_selector_fallbacks": 0,
        "innovation_midpoints": 2782648,
        "maximum_coefficient_bits": 42,
        "multilinear_cells": 0,
        "nearest_cell_vertices": 0,
        "original_witness_indices": 17301,
        "pilot_bellman_queries": 0,
        "point_values": 2782648,
        "stage_cost_evaluations": 181414,
        "stored_actor_scalars": 11534,
        "stored_critic_labels": 17301,
        "terminal_cost_evaluations": 5767,
        "transform_relaxations": 96696
      },
      "peak_rss_kib": 66480
    },
    {
      "dimension": 3,
      "T": 2,
      "p": 1,
      "method": "tensor-fvi",
      "N": 16,
      "bound": 2.8138321242560838,
      "median_seconds": 6.677250859999958,
      "min_seconds": 6.677250859999958,
      "max_seconds": 6.677250859999958,
      "repetitions": 1,
      "prefix_counts": {
        "bellman_queries": 181414,
        "corner_terms": 0,
        "exact_selector_fallbacks": 0,
        "innovation_midpoints": 2782648,
        "maximum_coefficient_bits": 42,
        "multilinear_cells": 3094066,
        "nearest_cell_vertices": 311418,
        "original_witness_indices": 0,
        "pilot_bellman_queries": 0,
        "point_values": 3094066,
        "stage_cost_evaluations": 181414,
        "stored_actor_scalars": 11534,
        "stored_critic_labels": 17301,
        "terminal_cost_evaluations": 5767,
        "transform_relaxations": 0
      },
      "peak_rss_kib": 53552
    },
    {
      "dimension": 3,
      "T": 3,
      "p": 1,
      "method": "compiled-witness",
      "N": 16,
      "bound": 3.3492200127835874,
      "median_seconds": 13.906085215000076,
      "min_seconds": 13.906085215000076,
      "max_seconds": 13.906085215000076,
      "repetitions": 1,
      "prefix_counts": {
        "bellman_queries": 272121,
        "corner_terms": 33391776,
        "exact_selector_fallbacks": 0,
        "innovation_midpoints": 4173972,
        "maximum_coefficient_bits": 42,
        "multilinear_cells": 0,
        "nearest_cell_vertices": 0,
        "original_witness_indices": 23068,
        "pilot_bellman_queries": 0,
        "point_values": 4173972,
        "stage_cost_evaluations": 272121,
        "stored_actor_scalars": 17301,
        "stored_critic_labels": 23068,
        "terminal_cost_evaluations": 5767,
        "transform_relaxations": 128928
      },
      "peak_rss_kib": 68124
    },
    {
      "dimension": 3,
      "T": 3,
      "p": 1,
      "method": "tensor-fvi",
      "N": 16,
      "bound": 3.914786337789216,
      "median_seconds": 9.90483313599998,
      "min_seconds": 9.90483313599998,
      "max_seconds": 9.90483313599998,
      "repetitions": 1,
      "prefix_counts": {
        "bellman_queries": 272121,
        "corner_terms": 0,
        "exact_selector_fallbacks": 0,
        "innovation_midpoints": 4173972,
        "maximum_coefficient_bits": 42,
        "multilinear_cells": 4641099,
        "nearest_cell_vertices": 467127,
        "original_witness_indices": 0,
        "pilot_bellman_queries": 0,
        "point_values": 4641099,
        "stage_cost_evaluations": 272121,
        "stored_actor_scalars": 17301,
        "stored_critic_labels": 23068,
        "terminal_cost_evaluations": 5767,
        "transform_relaxations": 0
      },
      "peak_rss_kib": 53900
    },
    {
      "dimension": 4,
      "T": 2,
      "p": 1,
      "method": "compiled-witness",
      "N": 8,
      "bound": 4.629575252534341,
      "median_seconds": 7.73332117200016,
      "min_seconds": 7.73332117200016,
      "max_seconds": 7.73332117200016,
      "repetitions": 1,
      "prefix_counts": {
        "bellman_queries": 124834,
        "corner_terms": 15532096,
        "exact_selector_fallbacks": 0,
        "innovation_midpoints": 970756,
        "maximum_coefficient_bits": 42,
        "multilinear_cells": 0,
        "nearest_cell_vertices": 0,
        "original_witness_indices": 21801,
        "pilot_bellman_queries": 0,
        "point_values": 970756,
        "stage_cost_evaluations": 124834,
        "stored_actor_scalars": 14534,
        "stored_critic_labels": 21801,
        "terminal_cost_evaluations": 7267,
        "transform_relaxations": 153264
      },
      "peak_rss_kib": 71372
    },
    {
      "dimension": 4,
      "T": 2,
      "p": 1,
      "method": "tensor-fvi",
      "N": 8,
      "bound": 5.455767730374249,
      "median_seconds": 7.367553935999922,
      "min_seconds": 7.367553935999922,
      "max_seconds": 7.367553935999922,
      "repetitions": 1,
      "prefix_counts": {
        "bellman_queries": 124834,
        "corner_terms": 0,
        "exact_selector_fallbacks": 0,
        "innovation_midpoints": 970756,
        "maximum_coefficient_bits": 42,
        "multilinear_cells": 2148010,
        "nearest_cell_vertices": 1177254,
        "original_witness_indices": 0,
        "pilot_bellman_queries": 0,
        "point_values": 2148010,
        "stage_cost_evaluations": 124834,
        "stored_actor_scalars": 14534,
        "stored_critic_labels": 21801,
        "terminal_cost_evaluations": 7267,
        "transform_relaxations": 0
      },
      "peak_rss_kib": 51488
    },
    {
      "dimension": 4,
      "T": 3,
      "p": 1,
      "method": "compiled-witness",
      "N": 8,
      "bound": 6.6424150145635,
      "median_seconds": 11.549543569999969,
      "min_seconds": 11.549543569999969,
      "max_seconds": 11.549543569999969,
      "repetitions": 1,
      "prefix_counts": {
        "bellman_queries": 187251,
        "corner_terms": 23298144,
        "exact_selector_fallbacks": 0,
        "innovation_midpoints": 1456134,
        "maximum_coefficient_bits": 42,
        "multilinear_cells": 0,
        "nearest_cell_vertices": 0,
        "original_witness_indices": 29068,
        "pilot_bellman_queries": 0,
        "point_values": 1456134,
        "stage_cost_evaluations": 187251,
        "stored_actor_scalars": 21801,
        "stored_critic_labels": 29068,
        "terminal_cost_evaluations": 7267,
        "transform_relaxations": 204352
      },
      "peak_rss_kib": 72932
    },
    {
      "dimension": 4,
      "T": 3,
      "p": 1,
      "method": "tensor-fvi",
      "N": 8,
      "bound": 7.588532242355457,
      "median_seconds": 10.981615354999803,
      "min_seconds": 10.981615354999803,
      "max_seconds": 10.981615354999803,
      "repetitions": 1,
      "prefix_counts": {
        "bellman_queries": 187251,
        "corner_terms": 0,
        "exact_selector_fallbacks": 0,
        "innovation_midpoints": 1456134,
        "maximum_coefficient_bits": 42,
        "multilinear_cells": 3222015,
        "nearest_cell_vertices": 1765881,
        "original_witness_indices": 0,
        "pilot_bellman_queries": 0,
        "point_values": 3222015,
        "stage_cost_evaluations": 187251,
        "stored_actor_scalars": 21801,
        "stored_critic_labels": 29068,
        "terminal_cost_evaluations": 7267,
        "transform_relaxations": 0
      },
      "peak_rss_kib": 52432
    }
  ],
  "direct": {
    "groups": 48,
    "total_paths": 12582912,
    "signs": {
      "unresolved": 42,
      "witness-higher": 6
    },
    "fee_not_recouped_both_directions": 48,
    "max_absolute_endpoint": 0.00271698097750196,
    "max_width": 0.002492314820658599,
    "total_joint_pair_seconds": 155.1109871910014,
    "actor_queries": 62914560,
    "ambiguous_actor_queries": 0
  },
  "compiler": {
    "frozen_checkpoints": 12,
    "repetitions": 36,
    "median_dense_over_compiled_including_setup": 2.916350354874872,
    "min_ratio": 1.872945216430997,
    "max_ratio": 4.522563949369564,
    "attribution": "exact compiler of same envelope, not neural-exclusive speedup"
  },
  "sensor_choices": {
    "16": 12,
    "14": 9,
    "12": 9,
    "15": 3,
    "13": 3
  },
  "historical_results_modified": false,
  "scientific_source_commit": "53e4eff391bd4b6e035981c7fbb96df1aeff0e54",
  "workflow_run": "37712096165"
}
