{
  "common_target_prefix_times": {
    "tensor-fvi": {
      "common": 30,
      "compiled_faster": 3,
      "compiled_slower": 27,
      "equal": 0
    },
    "adaptive-fvi": {
      "common": 30,
      "compiled_faster": 15,
      "compiled_slower": 15,
      "equal": 0
    }
  },
  "historical_scalar_clock_intervals": [
    {
      "T": 2,
      "p": 1,
      "neither": 1,
      "witness_only": 1,
      "spline_faster": 12,
      "witness_faster": 5
    },
    {
      "T": 2,
      "p": 4,
      "neither": 1,
      "witness_only": 1,
      "spline_faster": 12,
      "witness_faster": 5
    },
    {
      "T": 4,
      "p": 1,
      "neither": 1,
      "witness_only": 1,
      "spline_faster": 13,
      "witness_faster": 4
    },
    {
      "T": 4,
      "p": 4,
      "neither": 1,
      "witness_only": 1,
      "spline_faster": 12,
      "witness_faster": 5
    }
  ],
  "adaptive_realization": {
    "checkpoints": 60,
    "date_models": 210,
    "nonuniform_date_models": 0,
    "same_models_and_actors_as_uniform": 60
  },
  "prospective_target_example": {
    "T": 3,
    "p": 4,
    "target": "2",
    "compiled_N": 32,
    "uniform_N": 64,
    "compiled_median_prefix_seconds": 5.497720928000035,
    "uniform_median_prefix_seconds": 54.14615877599999
  },
  "display_rules": "direct endpoints rounded outward; exact attainment and interval boundaries in JSON; counts not probabilities"
}
