This is pdfTeX, Version 3.141592653-2.6-1.40.25 (TeX Live 2023/Debian) (preloaded format=pdflatex)
 restricted \write18 enabled.
entering extended mode
(/home/runner/work/NBO/NBO/revisions/2026-10-08-r48/ECTA.tex
LaTeX2e <2023-11-01> patch level 1
L3 programming layer <2024-01-22>
(/home/runner/work/NBO/NBO/revisions/2026-10-08-r48/econsocart.cls
Document Class: econsocart 2022/11/21 v1.4.1, The Econometric Society Journals
(/usr/share/texlive/texmf-dist/tex/latex/etoolbox/etoolbox.sty)
(/home/runner/work/NBO/NBO/revisions/2026-10-08-r48/econsocart.cfg)
(/usr/share/texlive/texmf-dist/tex/latex/base/fix-cm.sty
(/usr/share/texlive/texmf-dist/tex/latex/base/ts1enc.def))
(/usr/share/texlive/texmf-dist/tex/latex/graphics/graphicx.sty
(/usr/share/texlive/texmf-dist/tex/latex/graphics/keyval.sty)
(/usr/share/texlive/texmf-dist/tex/latex/graphics/graphics.sty
(/usr/share/texlive/texmf-dist/tex/latex/graphics/trig.sty)
(/usr/share/texlive/texmf-dist/tex/latex/graphics-cfg/graphics.cfg)
(/usr/share/texlive/texmf-dist/tex/latex/graphics-def/pdftex.def)))
(/usr/share/texlive/texmf-dist/tex/latex/base/fontenc.sty)
(/usr/share/texlive/texmf-dist/tex/latex/psnfss/times.sty)
(/usr/share/texlive/texmf-dist/tex/latex/textcase/textcase.sty)
(/usr/share/texlive/texmf-dist/tex/latex/psnfss/helvet.sty)
(/usr/share/texlive/texmf-dist/tex/latex/base/textcomp.sty)
(/usr/share/texlive/texmf-dist/tex/latex/psnfss/t1ptm.fd)
(/usr/share/texlive/texmf-dist/tex/latex/amsfonts/amssymb.sty
(/usr/share/texlive/texmf-dist/tex/latex/amsfonts/amsfonts.sty))
(/usr/share/texlive/texmf-dist/tex/latex/tools/bm.sty)
(/usr/share/texlive/texmf-dist/tex/latex/url/url.sty)
(/usr/share/texlive/texmf-dist/tex/latex/amsmath/amsmath.sty
For additional information on amsmath, use the `?' option.
(/usr/share/texlive/texmf-dist/tex/latex/amsmath/amstext.sty
(/usr/share/texlive/texmf-dist/tex/latex/amsmath/amsgen.sty))
(/usr/share/texlive/texmf-dist/tex/latex/amsmath/amsbsy.sty)
(/usr/share/texlive/texmf-dist/tex/latex/amsmath/amsopn.sty))
(/usr/share/texlive/texmf-dist/tex/latex/amscls/amsthm.sty)
(/usr/share/texlive/texmf-dist/tex/latex/natbib/natbib.sty))
(/home/runner/work/NBO/NBO/revisions/2026-10-08-r48/preamble.tex
(/usr/share/texlive/texmf-dist/tex/latex/booktabs/booktabs.sty)
(/usr/share/texlive/texmf-dist/tex/latex/tools/array.sty)
(/usr/share/texlive/texmf-dist/tex/latex/tools/longtable.sty)
(/usr/share/texlive/texmf-dist/tex/latex/base/fontenc.sty)
(/usr/share/texlive/texmf-dist/tex/latex/psnfss/mathpazo.sty)
(/usr/share/texlive/texmf-dist/tex/latex/microtype/microtype.sty
(/usr/share/texlive/texmf-dist/tex/latex/microtype/microtype-pdftex.def)
(/usr/share/texlive/texmf-dist/tex/latex/microtype/microtype.cfg))
(/usr/share/texlive/texmf-dist/tex/latex/needspace/needspace.sty)
(/usr/share/texlive/texmf-dist/tex/latex/xurl/xurl.sty)
(/usr/share/texlive/texmf-dist/tex/latex/hyperref/hyperref.sty
(/usr/share/texlive/texmf-dist/tex/generic/iftex/iftex.sty)
(/usr/share/texlive/texmf-dist/tex/latex/kvsetkeys/kvsetkeys.sty)
(/usr/share/texlive/texmf-dist/tex/generic/kvdefinekeys/kvdefinekeys.sty)
(/usr/share/texlive/texmf-dist/tex/generic/pdfescape/pdfescape.sty
(/usr/share/texlive/texmf-dist/tex/generic/ltxcmds/ltxcmds.sty)
(/usr/share/texlive/texmf-dist/tex/generic/pdftexcmds/pdftexcmds.sty
(/usr/share/texlive/texmf-dist/tex/generic/infwarerr/infwarerr.sty)))
(/usr/share/texlive/texmf-dist/tex/latex/hycolor/hycolor.sty)
(/usr/share/texlive/texmf-dist/tex/latex/auxhook/auxhook.sty)
(/usr/share/texlive/texmf-dist/tex/latex/hyperref/nameref.sty
(/usr/share/texlive/texmf-dist/tex/latex/refcount/refcount.sty)
(/usr/share/texlive/texmf-dist/tex/generic/gettitlestring/gettitlestring.sty
(/usr/share/texlive/texmf-dist/tex/latex/kvoptions/kvoptions.sty)))
(/usr/share/texlive/texmf-dist/tex/latex/hyperref/pd1enc.def)
(/usr/share/texlive/texmf-dist/tex/generic/intcalc/intcalc.sty)
(/usr/share/texlive/texmf-dist/tex/latex/hyperref/puenc.def)
(/usr/share/texlive/texmf-dist/tex/generic/bitset/bitset.sty
(/usr/share/texlive/texmf-dist/tex/generic/bigintcalc/bigintcalc.sty))
(/usr/share/texlive/texmf-dist/tex/latex/base/atbegshi-ltx.sty))
(/usr/share/texlive/texmf-dist/tex/latex/hyperref/hpdftex.def
(/usr/share/texlive/texmf-dist/tex/latex/base/atveryend-ltx.sty)
(/usr/share/texlive/texmf-dist/tex/latex/rerunfilecheck/rerunfilecheck.sty
(/usr/share/texlive/texmf-dist/tex/generic/uniquecounter/uniquecounter.sty))))
(/usr/share/texlive/texmf-dist/tex/latex/psnfss/t1pcr.fd)
(/usr/share/texlive/texmf-dist/tex/latex/hyperref/backref.sty)
(/usr/share/texlive/texmf-dist/tex/latex/psnfss/t1ppl.fd)
(/usr/share/texlive/texmf-dist/tex/latex/l3backend/l3backend-pdftex.def)

LaTeX Warning: Unused global option(s):
    [nameyear].

(/home/runner/work/NBO/NBO/revisions/2026-10-08-r48/build/ECTA.aux)
(/usr/share/texlive/texmf-dist/tex/context/base/mkii/supp-pdf.mkii
[Loading MPS to PDF converter (version 2006.09.02).]
) (/usr/share/texlive/texmf-dist/tex/latex/epstopdf-pkg/epstopdf-base.sty
(/usr/share/texlive/texmf-dist/tex/latex/latexconfig/epstopdf-sys.cfg))
(/usr/share/texlive/texmf-dist/tex/latex/microtype/mt-ppl.cfg)
(/usr/share/texlive/texmf-dist/tex/latex/graphics/color.sty
(/usr/share/texlive/texmf-dist/tex/latex/graphics-cfg/color.cfg)
(/usr/share/texlive/texmf-dist/tex/latex/graphics/mathcolor.ltx))
(/home/runner/work/NBO/NBO/revisions/2026-10-08-r48/build/ECTA.out)
(/home/runner/work/NBO/NBO/revisions/2026-10-08-r48/build/ECTA.out)
(/usr/share/texlive/texmf-dist/tex/latex/psnfss/ot1ppl.fd)
(/usr/share/texlive/texmf-dist/tex/latex/psnfss/omlzplm.fd)
(/usr/share/texlive/texmf-dist/tex/latex/psnfss/omszplm.fd)
(/usr/share/texlive/texmf-dist/tex/latex/psnfss/omxzplm.fd)
(/usr/share/texlive/texmf-dist/tex/latex/microtype/mt-msa.cfg)
(/usr/share/texlive/texmf-dist/tex/latex/microtype/mt-msb.cfg)
(/usr/share/texlive/texmf-dist/tex/latex/microtype/mt-cmr.cfg)
(/usr/share/texlive/texmf-dist/tex/latex/psnfss/ot1zplm.fd)

Package hyperref Warning: Ignoring empty anchor on input line 10.


Underfull \vbox (badness 3701) has occurred while \output is active [1
Non-PDF special ignored!
<special> papersize=614.295pt,794.96999pt
{/var/lib/texmf/fonts/map/pdftex/updmap/pdftex.map}{/usr/share/texlive/texmf-di
st/fonts/enc/dvips/base/8r.enc}]
Underfull \vbox (badness 10000) has occurred while \output is active

LaTeX Font Warning: Font shape `T1/ppl/m/uc' undefined
(Font)              using `T1/ppl/m/n' instead on input line 30.


LaTeX Font Warning: Font shape `T1/ppl/m/up' undefined
(Font)              using `T1/ppl/m/n' instead on input line 30.

[2]
Underfull \vbox (badness 10000) has occurred while \output is active [3]
Underfull \vbox (badness 10000) has occurred while \output is active [4]
Underfull \vbox (badness 10000) has occurred while \output is active [5]

Package natbib Warning: Citation `judd1998' on page 6 undefined on input line 5
4.


Package natbib Warning: Citation `powell2011' on page 6 undefined on input line
 54.


Package natbib Warning: Citation `longstaff2001' on page 6 undefined on input l
ine 54.


Package natbib Warning: Citation `ernst2005' on page 6 undefined on input line 
54.


Package natbib Warning: Citation `konda1999' on page 6 undefined on input line 
54.


Package natbib Warning: Citation `scherrer2015' on page 6 undefined on input li
ne 54.


Package natbib Warning: Citation `kakade2002' on page 6 undefined on input line
 54.


Package natbib Warning: Citation `pirotta2013' on page 6 undefined on input lin
e 54.


Package natbib Warning: Citation `sirignano2018' on page 6 undefined on input l
ine 56.


Package natbib Warning: Citation `han2018' on page 6 undefined on input line 56
.


Package natbib Warning: Citation `hornik1990' on page 6 undefined on input line
 56.


Package natbib Warning: Citation `epsteinzin1989' on page 6 undefined on input 
line 58.


Package natbib Warning: Citation `duffieepstein1992' on page 6 undefined on inp
ut line 58.


Package natbib Warning: Citation `maurer2009' on page 6 undefined on input line
 58.


Underfull \vbox (badness 10000) has occurred while \output is active [6]
[7] [8] [9] [10] [11] [12]
(/usr/share/texlive/texmf-dist/tex/latex/psnfss/ufplmbb.fd) [13] [14]
Underfull \hbox (badness 10000) in paragraph at lines 249--250
[][] \T1/ppl/m/up/12 (+20) Con-di-tional ex-pec-ta-tion gives $\U/fplmbb/m/n/12
 E\OML/zplm/m/it/12 Q[]\OT1/zplm/m/n/12 (\OML/zplm/m/it/12 f[]\OT1/ppl/m/n/12 (
+20) ; \OML/zplm/m/it/12 X[]\OT1/ppl/m/n/12 (+20) , \OML/zplm/m/it/12 ^^Y[]\OT1
/zplm/m/n/12 ) = \U/fplmbb/m/n/12 E\OML/zplm/m/it/12 c[] \OT1/zplm/m/n/12 +

Underfull \hbox (badness 4108) in paragraph at lines 249--250
\OML/zplm/m/it/12 ^^L[]\U/fplmbb/m/n/12 E\OML/zplm/m/it/12 f[]\OT1/zplm/m/n/12 
(\OML/zplm/m/it/12 X[]\OT1/zplm/m/n/12 )$\T1/ppl/m/up/12 (+20) . Sum-ming tele-
scopes all con-tin-u-a-tion terms. The selected-
[15] [16]
Underfull \hbox (badness 10000) in paragraph at lines 287--288
[]\T1/ppl/m/up/12 (+20) For both cou-pled meth-ods the fi-nal all-state ver-i-f
i-ca-tion lad-der is

Underfull \hbox (badness 1648) in paragraph at lines 287--288
\OML/zplm/m/it/12 N \OT1/zplm/m/n/12 = \OT1/ppl/m/n/12 (+20) 16, 32, 64, 128$\T
1/ppl/m/up/12 (+20) . The ac-tion ob-jec-tive has strong-convexity lower bound
[17] (/home/runner/work/NBO/NBO/revisions/2026-10-08-r48/tables/attainment.tex)
 [18]
(/home/runner/work/NBO/NBO/revisions/2026-10-08-r48/tables/recertification.tex)
[19]
(/home/runner/work/NBO/NBO/revisions/2026-10-08-r48/tables/paired_summary.tex)
[20] (/home/runner/work/NBO/NBO/revisions/2026-10-08-r48/tables/precision.tex)
[21]
(/home/runner/work/NBO/NBO/revisions/2026-10-08-r48/sections/constructive.tex
[22]

Package natbib Warning: Citation `mcshane1934' on page 23 undefined on input li
ne 29.


Underfull \vbox (badness 1092) has occurred while \output is active [23]
[24]
Underfull \vbox (badness 10000) has occurred while \output is active [25]
[26]
(/home/runner/work/NBO/NBO/revisions/2026-10-08-r48/tables/constructive45.tex)
(/home/runner/work/NBO/NBO/revisions/2026-10-08-r48/tables/work45.tex)
(/home/runner/work/NBO/NBO/revisions/2026-10-08-r48/tables/outcome45.tex))
[27] [28]
(/home/runner/work/NBO/NBO/revisions/2026-10-08-r48/sections/witness.tex
[29] [30]
Underfull \vbox (badness 2884) has occurred while \output is active [31]
[32]
(/home/runner/work/NBO/NBO/revisions/2026-10-08-r48/tables/witness-summary.tex)

(/home/runner/work/NBO/NBO/revisions/2026-10-08-r48/tables/witness-outcomes.tex
))
(/home/runner/work/NBO/NBO/revisions/2026-10-08-r48/sections/feasible-witness.t
ex [33] [34] [35]

Package hyperref Warning: Difference (3) between bookmark levels is greater 
(hyperref)                than one, level fixed on input line 49.

)
(/home/runner/work/NBO/NBO/revisions/2026-10-08-r48/sections/acquisition47.tex
[36] [37] [38]

Package natbib Warning: Citation `mcshane1934' on page 39 undefined on input li
ne 70.

) (/home/runner/work/NBO/NBO/revisions/2026-10-08-r48/sections/compiler48.tex
[39] [40]

Package natbib Warning: Citation `felzenszwalb2012' on page 41 undefined on inp
ut line 32.

[41] [42])
(/home/runner/work/NBO/NBO/revisions/2026-10-08-r48/sections/constrained47.tex
[43] [44]
Underfull \vbox (badness 4556) has occurred while \output is active [45]
[46]
(/home/runner/work/NBO/NBO/revisions/2026-10-08-r48/tables/constrained47.tex)
Underfull \vbox (badness 10000) has occurred while \output is active [47]
(/home/runner/work/NBO/NBO/revisions/2026-10-08-r48/tables/acquisition47.tex))
(/home/runner/work/NBO/NBO/revisions/2026-10-08-r48/sections/direct47.tex
[48] [49]

Package natbib Warning: Citation `maurer2009' on page 50 undefined on input lin
e 30.

[50] (/home/runner/work/NBO/NBO/revisions/2026-10-08-r48/tables/direct47.tex)
[51] (/home/runner/work/NBO/NBO/revisions/2026-10-08-r48/tables/frontier47.tex)
(/home/runner/work/NBO/NBO/revisions/2026-10-08-r48/tables/discussion47.tex
[52]))
(/home/runner/work/NBO/NBO/revisions/2026-10-08-r48/sections/economic48.tex
Underfull \vbox (badness 1694) has occurred while \output is active [53]
[54] [55]

Package natbib Warning: Citation `maurer2009' on page 56 undefined on input lin
e 67.

[56]) (/home/runner/work/NBO/NBO/revisions/2026-10-08-r48/sections/study48.tex
[57] (/home/runner/work/NBO/NBO/revisions/2026-10-08-r48/tables/core48.tex)
(/home/runner/work/NBO/NBO/revisions/2026-10-08-r48/tables/attainment48.tex)
(/home/runner/work/NBO/NBO/revisions/2026-10-08-r48/tables/interpretation48.tex
) [58]
(/home/runner/work/NBO/NBO/revisions/2026-10-08-r48/tables/compiler48.tex)
[59] (/home/runner/work/NBO/NBO/revisions/2026-10-08-r48/tables/dimension48.tex
)
(/home/runner/work/NBO/NBO/revisions/2026-10-08-r48/tables/direct-summary48.tex
)
Underfull \vbox (badness 10000) has occurred while \output is active [60]
(/home/runner/work/NBO/NBO/revisions/2026-10-08-r48/tables/sensors48.tex)
[61]) [62] [63]
Underfull \vbox (badness 10000) has occurred while \output is active [64]
Underfull \vbox (badness 3930) has occurred while \output is active [65]
(/home/runner/work/NBO/NBO/revisions/2026-10-08-r48/build/ECTA.bbl
No file ECTA.brf.

Underfull \vbox (badness 2073) has occurred while \output is active [66]
Underfull \hbox (badness 1460) in paragraph at lines 90--90
[]\T1/ppl/m/sc/9.6 (+20) Scherrer, Bruno, Mo-ham-mad Ghavamzadeh, Vic-tor Gabil
-lon, Boris Lesner, and
)

Package natbib Warning: There were undefined citations.

[67] (/home/runner/work/NBO/NBO/revisions/2026-10-08-r48/build/ECTA.aux

Package natbib Warning: Citation(s) may have changed.
(natbib)                Rerun to get citations correct.

)

LaTeX Font Warning: Some font shapes were not available, defaults substituted.


LaTeX Warning: Label(s) may have changed. Rerun to get cross-references right.


Package rerunfilecheck Warning: File `ECTA.out' has changed.
(rerunfilecheck)                Rerun to get outlines right
(rerunfilecheck)                or use package `bookmark'.


Package rerunfilecheck Warning: File `ECTA.brf' has changed.
(rerunfilecheck)                Rerun to get bibliographical references right.

 )
(see the transcript file for additional information)</usr/share/texlive/texmf-d
ist/fonts/type1/public/amsfonts/cm/cmex10.pfb></usr/share/texlive/texmf-dist/fo
nts/type1/public/amsfonts/cm/cmmi10.pfb></usr/share/texlive/texmf-dist/fonts/ty
pe1/public/amsfonts/cm/cmr10.pfb></usr/share/texlive/texmf-dist/fonts/type1/pub
lic/amsfonts/cm/cmss12.pfb></usr/share/texlive/texmf-dist/fonts/type1/public/am
sfonts/cm/cmsy10.pfb></usr/share/texlive/texmf-dist/fonts/type1/public/mathpazo
/fplmbb.pfb></usr/share/texlive/texmf-dist/fonts/type1/public/mathpazo/fplmr.pf
b></usr/share/texlive/texmf-dist/fonts/type1/public/mathpazo/fplmri.pfb></usr/s
hare/texlive/texmf-dist/fonts/type1/urw/courier/ucrr8a.pfb></usr/share/texlive/
texmf-dist/fonts/type1/urw/palatino/uplb8a.pfb></usr/share/texlive/texmf-dist/f
onts/type1/urw/palatino/uplr8a.pfb></usr/share/texlive/texmf-dist/fonts/type1/u
rw/palatino/uplri8a.pfb>
Output written on /home/runner/work/NBO/NBO/revisions/2026-10-08-r48/build/ECTA
.pdf (67 pages, 351037 bytes).
Transcript written on /home/runner/work/NBO/NBO/revisions/2026-10-08-r48/build/
ECTA.log.
