/tmp/nbo-r54-clean-_fhpozmb/revisions/2026-10-08-r54/code/assemble54.py:27: SyntaxWarning: invalid escape sequence '\e'
  ('munos2003','Munos(2003)',r'\textsc{Munos, R.} (2003): ``Error Bounds for Approximate Policy Iteration,'' in \emph{Proceedings of the Twentieth International Conference on Machine Learning}, 560--567.','Remi Munos','Error Bounds for Approximate Policy Iteration','Proceedings of the Twentieth International Conference on Machine Learning','2003','560--567'),
/tmp/nbo-r54-clean-_fhpozmb/revisions/2026-10-08-r54/code/assemble54.py:28: SyntaxWarning: invalid escape sequence '\e'
  ('kakade2002','Kakade and Langford(2002)',r'\textsc{Kakade, S., and J. Langford} (2002): ``Approximately Optimal Approximate Reinforcement Learning,'' in \emph{Proceedings of the Nineteenth International Conference on Machine Learning}, 267--274.','Sham Kakade and John Langford','Approximately Optimal Approximate Reinforcement Learning','Proceedings of the Nineteenth International Conference on Machine Learning','2002','267--274'),
/tmp/nbo-r54-clean-_fhpozmb/revisions/2026-10-08-r54/code/assemble54.py:29: SyntaxWarning: invalid escape sequence '\e'
  ('ferns2004','Ferns, Panangaden, and Precup(2004)',r'\textsc{Ferns, N., P. Panangaden, and D. Precup} (2004): ``Metrics for Finite Markov Decision Processes,'' in \emph{Proceedings of the Twentieth Conference on Uncertainty in Artificial Intelligence}, 162--169.','Norman Ferns and Prakash Panangaden and Doina Precup','Metrics for Finite Markov Decision Processes','Proceedings of the Twentieth Conference on Uncertainty in Artificial Intelligence','2004','162--169'),
/tmp/nbo-r54-clean-_fhpozmb/revisions/2026-10-08-r54/code/assemble54.py:30: SyntaxWarning: invalid escape sequence '\e'
  ('ng1999','Ng, Harada, and Russell(1999)',r'\textsc{Ng, A. Y., D. Harada, and S. Russell} (1999): ``Policy Invariance under Reward Transformations: Theory and Application to Reward Shaping,'' in \emph{Proceedings of the Sixteenth International Conference on Machine Learning}, 278--287.','Andrew Y. Ng and Daishi Harada and Stuart Russell','Policy Invariance under Reward Transformations: Theory and Application to Reward Shaping','Proceedings of the Sixteenth International Conference on Machine Learning','1999','278--287'),
/tmp/nbo-r54-clean-_fhpozmb/revisions/2026-10-08-r54/code/assemble54.py:31: SyntaxWarning: invalid escape sequence '\e'
  ('grimm2020','Grimm, Barreto, Singh, and Silver(2020)',r'\textsc{Grimm, C., A. Barreto, S. Singh, and D. Silver} (2020): ``The Value Equivalence Principle for Model-Based Reinforcement Learning,'' in \emph{Advances in Neural Information Processing Systems}, 33.','Christopher Grimm and Andre Barreto and Satinder Singh and David Silver','The Value Equivalence Principle for Model-Based Reinforcement Learning','Advances in Neural Information Processing Systems','2020',''),
/tmp/nbo-r54-clean-_fhpozmb/revisions/2026-10-08-r54/code/assemble54.py:32: SyntaxWarning: invalid escape sequence '\e'
  ('pirottasafe2013','Pirotta, Restelli, Pecorino, and Calandriello(2013)',r'\textsc{Pirotta, M., M. Restelli, A. Pecorino, and D. Calandriello} (2013): ``Safe Policy Iteration,'' in \emph{Proceedings of the Thirtieth International Conference on Machine Learning}, 28, 307--315.','Matteo Pirotta and Marcello Restelli and Alessio Pecorino and Daniele Calandriello','Safe Policy Iteration','Proceedings of the Thirtieth International Conference on Machine Learning','2013','307--315')]
fatal: not a git repository (or any of the parent directories): .git
{
  "status": "passed",
  "tests": 80,
  "documents": [
    {
      "document": "ECTA",
      "pages": 67,
      "sha256": "01cbf832ae431fd9e52a5bc25fb893e6dfda708f3a65042d6e5eb5288ad63225",
      "undefined_references": [],
      "duplicate_labels": [],
      "overfull_boxes": [],
      "missing_characters": [],
      "fatal_errors": [],
      "font_substitution_warnings": [
        "Font shape `T1/ppl/m/uc' undefined",
        "Font shape `T1/ppl/m/up' undefined"
      ],
      "bibliography_engine": "audited retained author-year entries; full BibTeX source preserved",
      "extracted_text_sha256": "764e299bff2afb3cc6e337efd296885c5dd99c9eb9c5519cac6d7160f8f3cd0b"
    },
    {
      "document": "supp",
      "pages": 45,
      "sha256": "71c6acdea296a3d3c276ec4a56f0b44455454511c603932d62c1564b101c0e83",
      "undefined_references": [],
      "duplicate_labels": [],
      "overfull_boxes": [],
      "missing_characters": [],
      "fatal_errors": [],
      "font_substitution_warnings": [
        "Font shape `T1/ppl/m/uc' undefined",
        "Font shape `T1/ppl/m/up' undefined"
      ],
      "bibliography_engine": "audited retained author-year entries; full BibTeX source preserved",
      "extracted_text_sha256": "7b63c9dcf041db5eb45ce81afb5d035e9397e11c34c6e826b95c950157a7f777"
    },
    {
      "document": "complete",
      "pages": 130,
      "sha256": "42f9d115eff7fe07f8c3c8c2985c58e99807db04063d26f7b202a81da43f8745",
      "undefined_references": [],
      "duplicate_labels": [],
      "overfull_boxes": [],
      "missing_characters": [],
      "fatal_errors": [],
      "font_substitution_warnings": [
        "Font shape `T1/ppl/m/uc' undefined",
        "Font shape `T1/ppl/m/up' undefined",
        "Font shape `T1/ppl/m/scit' undefined",
        "Font shape `T1/ppl/m/scit' undefined",
        "Font shape `T1/ppl/m/scit' undefined",
        "Font shape `T1/ppl/m/scit' undefined",
        "Font shape `T1/ppl/m/scit' undefined",
        "Font shape `T1/ppl/m/scit' undefined",
        "Font shape `T1/ppl/m/scit' undefined",
        "Font shape `T1/ppl/m/scit' undefined",
        "Font shape `T1/ppl/m/scit' undefined",
        "Font shape `T1/ppl/m/scit' undefined",
        "Font shape `T1/ppl/m/scit' undefined",
        "Font shape `T1/ppl/m/scit' undefined",
        "Font shape `T1/ppl/m/scit' undefined",
        "Font shape `T1/ppl/m/scit' undefined",
        "Font shape `T1/ppl/m/scit' undefined",
        "Font shape `T1/ppl/m/scit' undefined",
        "Font shape `T1/ppl/m/scit' undefined",
        "Font shape `T1/ppl/m/scit' undefined",
        "Font shape `T1/ppl/m/scit' undefined",
        "Font shape `T1/ppl/m/scit' undefined",
        "Font shape `T1/ppl/m/scit' undefined",
        "Font shape `T1/ppl/m/scit' undefined",
        "Font shape `T1/ppl/m/scit' undefined",
        "Font shape `T1/ppl/m/scit' undefined",
        "Font shape `T1/ppl/m/scit' undefined",
        "Font shape `T1/ppl/m/scit' undefined",
        "Font shape `T1/ppl/m/scit' undefined",
        "Font shape `T1/ppl/m/scit' undefined",
        "Font shape `T1/ppl/m/scit' undefined",
        "Font shape `T1/ppl/m/scit' undefined",
        "Font shape `T1/ppl/m/scit' undefined",
        "Font shape `T1/ppl/m/scit' undefined"
      ],
      "bibliography_engine": "audited retained author-year entries; full BibTeX source preserved",
      "extracted_text_sha256": "040437a929b2cd5656bba8f06c3269713b501d0bbc3d37cc1dc36f697483ea10"
    },
    {
      "document": "complete-supp",
      "pages": 107,
      "sha256": "0fd830169d371a4cdc0578afd28b83bc66272232ed5b1383a5f82b2a90583504",
      "undefined_references": [],
      "duplicate_labels": [],
      "overfull_boxes": [],
      "missing_characters": [],
      "fatal_errors": [],
      "font_substitution_warnings": [
        "Font shape `T1/ppl/m/uc' undefined",
        "Font shape `T1/ppl/m/up' undefined"
      ],
      "bibliography_engine": "audited retained author-year entries; full BibTeX source preserved",
      "extracted_text_sha256": "04e3de6212253974e60645cc5ebc158a24f50c3dc6ef5607c4c14fee3e0cc5e7"
    },
    {
      "document": "response",
      "pages": 9,
      "sha256": "421924974255256285cffe922b7655aed8ffe1d978123525fe611e57e4858fc3",
      "undefined_references": [],
      "duplicate_labels": [],
      "overfull_boxes": [],
      "missing_characters": [],
      "fatal_errors": [],
      "font_substitution_warnings": [
        "Font shape `T1/ppl/m/uc' undefined",
        "Font shape `T1/ppl/m/up' undefined"
      ],
      "bibliography_engine": "audited retained author-year entries; full BibTeX source preserved",
      "extracted_text_sha256": "14d3b50ec7744fe2273646b0651c3b321b5778b8d1c6dfb10e9bc5f132b87916"
    }
  ],
  "record_cells": 38912,
  "perturbation_cells": 393216,
  "seconds": 92.80003456000003
}
