This is pdfTeX, Version 3.141592653-2.6-1.40.25 (TeX Live 2023/Debian) (preloaded format=pdflatex)
 restricted \write18 enabled.
entering extended mode
(./ECTA.tex
LaTeX2e <2023-11-01> patch level 1
L3 programming layer <2024-01-22>
(./econsocart.cls
Document Class: econsocart 2022/11/21 v1.4.1, The Econometric Society Journals
(/usr/share/texlive/texmf-dist/tex/latex/etoolbox/etoolbox.sty)
(./econsocart.cfg) (/usr/share/texlive/texmf-dist/tex/latex/base/fix-cm.sty
(/usr/share/texlive/texmf-dist/tex/latex/base/ts1enc.def))
(/usr/share/texlive/texmf-dist/tex/latex/graphics/graphicx.sty
(/usr/share/texlive/texmf-dist/tex/latex/graphics/keyval.sty)
(/usr/share/texlive/texmf-dist/tex/latex/graphics/graphics.sty
(/usr/share/texlive/texmf-dist/tex/latex/graphics/trig.sty)
(/usr/share/texlive/texmf-dist/tex/latex/graphics-cfg/graphics.cfg)
(/usr/share/texlive/texmf-dist/tex/latex/graphics-def/pdftex.def)))
(/usr/share/texlive/texmf-dist/tex/latex/base/fontenc.sty)
(/usr/share/texlive/texmf-dist/tex/latex/psnfss/times.sty)
(/usr/share/texlive/texmf-dist/tex/latex/textcase/textcase.sty)
(/usr/share/texlive/texmf-dist/tex/latex/psnfss/helvet.sty)
(/usr/share/texlive/texmf-dist/tex/latex/base/textcomp.sty)
(/usr/share/texlive/texmf-dist/tex/latex/psnfss/t1ptm.fd)
(/usr/share/texlive/texmf-dist/tex/latex/amsfonts/amssymb.sty
(/usr/share/texlive/texmf-dist/tex/latex/amsfonts/amsfonts.sty))
(/usr/share/texlive/texmf-dist/tex/latex/tools/bm.sty)
(/usr/share/texlive/texmf-dist/tex/latex/url/url.sty)
(/usr/share/texlive/texmf-dist/tex/latex/amsmath/amsmath.sty
For additional information on amsmath, use the `?' option.
(/usr/share/texlive/texmf-dist/tex/latex/amsmath/amstext.sty
(/usr/share/texlive/texmf-dist/tex/latex/amsmath/amsgen.sty))
(/usr/share/texlive/texmf-dist/tex/latex/amsmath/amsbsy.sty)
(/usr/share/texlive/texmf-dist/tex/latex/amsmath/amsopn.sty))
(/usr/share/texlive/texmf-dist/tex/latex/amscls/amsthm.sty)
(/usr/share/texlive/texmf-dist/tex/latex/natbib/natbib.sty)) (./preamble.tex
(/usr/share/texlive/texmf-dist/tex/latex/booktabs/booktabs.sty)
(/usr/share/texlive/texmf-dist/tex/latex/tools/array.sty)
(/usr/share/texlive/texmf-dist/tex/latex/tools/longtable.sty)
(/usr/share/texlive/texmf-dist/tex/latex/base/fontenc.sty)
(/usr/share/texlive/texmf-dist/tex/latex/psnfss/mathpazo.sty)
(/usr/share/texlive/texmf-dist/tex/latex/microtype/microtype.sty
(/usr/share/texlive/texmf-dist/tex/latex/microtype/microtype-pdftex.def)
(/usr/share/texlive/texmf-dist/tex/latex/microtype/microtype.cfg))
(/usr/share/texlive/texmf-dist/tex/latex/needspace/needspace.sty)
(/usr/share/texlive/texmf-dist/tex/latex/xurl/xurl.sty)
(/usr/share/texlive/texmf-dist/tex/latex/hyperref/hyperref.sty
(/usr/share/texlive/texmf-dist/tex/generic/iftex/iftex.sty)
(/usr/share/texlive/texmf-dist/tex/latex/kvsetkeys/kvsetkeys.sty)
(/usr/share/texlive/texmf-dist/tex/generic/kvdefinekeys/kvdefinekeys.sty)
(/usr/share/texlive/texmf-dist/tex/generic/pdfescape/pdfescape.sty
(/usr/share/texlive/texmf-dist/tex/generic/ltxcmds/ltxcmds.sty)
(/usr/share/texlive/texmf-dist/tex/generic/pdftexcmds/pdftexcmds.sty
(/usr/share/texlive/texmf-dist/tex/generic/infwarerr/infwarerr.sty)))
(/usr/share/texlive/texmf-dist/tex/latex/hycolor/hycolor.sty)
(/usr/share/texlive/texmf-dist/tex/latex/auxhook/auxhook.sty)
(/usr/share/texlive/texmf-dist/tex/latex/hyperref/nameref.sty
(/usr/share/texlive/texmf-dist/tex/latex/refcount/refcount.sty)
(/usr/share/texlive/texmf-dist/tex/generic/gettitlestring/gettitlestring.sty
(/usr/share/texlive/texmf-dist/tex/latex/kvoptions/kvoptions.sty)))
(/usr/share/texlive/texmf-dist/tex/latex/hyperref/pd1enc.def)
(/usr/share/texlive/texmf-dist/tex/generic/intcalc/intcalc.sty)
(/usr/share/texlive/texmf-dist/tex/latex/hyperref/puenc.def)
(/usr/share/texlive/texmf-dist/tex/generic/bitset/bitset.sty
(/usr/share/texlive/texmf-dist/tex/generic/bigintcalc/bigintcalc.sty))
(/usr/share/texlive/texmf-dist/tex/latex/base/atbegshi-ltx.sty))
(/usr/share/texlive/texmf-dist/tex/latex/hyperref/hpdftex.def
(/usr/share/texlive/texmf-dist/tex/latex/base/atveryend-ltx.sty)
(/usr/share/texlive/texmf-dist/tex/latex/rerunfilecheck/rerunfilecheck.sty
(/usr/share/texlive/texmf-dist/tex/generic/uniquecounter/uniquecounter.sty))))
(./tables/facts61.tex) (/usr/share/texlive/texmf-dist/tex/latex/psnfss/t1pcr.fd
) (/usr/share/texlive/texmf-dist/tex/latex/hyperref/backref.sty)
(/usr/share/texlive/texmf-dist/tex/latex/psnfss/t1ppl.fd)
(/usr/share/texlive/texmf-dist/tex/latex/l3backend/l3backend-pdftex.def)

LaTeX Warning: Unused global option(s):
    [nameyear].

No file ECTA.aux.
(/usr/share/texlive/texmf-dist/tex/context/base/mkii/supp-pdf.mkii
[Loading MPS to PDF converter (version 2006.09.02).]
) (/usr/share/texlive/texmf-dist/tex/latex/epstopdf-pkg/epstopdf-base.sty
(/usr/share/texlive/texmf-dist/tex/latex/latexconfig/epstopdf-sys.cfg))
(/usr/share/texlive/texmf-dist/tex/latex/microtype/mt-ppl.cfg)
(/usr/share/texlive/texmf-dist/tex/latex/graphics/color.sty
(/usr/share/texlive/texmf-dist/tex/latex/graphics-cfg/color.cfg)
(/usr/share/texlive/texmf-dist/tex/latex/graphics/mathcolor.ltx))
(./sections/intro61.tex

LaTeX Warning: Reference `thm:construct49' on page 1 undefined on input line 4.



LaTeX Warning: Reference `thm:compile49' on page 1 undefined on input line 4.

[1
Non-PDF special ignored!
<special> papersize=614.295pt,794.96999pt
{/var/lib/texmf/fonts/map/pdftex/updmap/pdftex.map}{/usr/share/texlive/texmf-di
st/fonts/enc/dvips/base/8r.enc}]

LaTeX Warning: Reference `sec:search60' on page 2 undefined on input line 8.


Underfull \vbox (badness 10000) has occurred while \output is active

LaTeX Font Warning: Font shape `T1/ppl/m/uc' undefined
(Font)              using `T1/ppl/m/n' instead on input line 12.


LaTeX Font Warning: Font shape `T1/ppl/m/up' undefined
(Font)              using `T1/ppl/m/n' instead on input line 12.

[2]
Underfull \vbox (badness 10000) has occurred while \output is active [3]

Package hyperref Warning: Difference (3) between bookmark levels is greater 
(hyperref)                than one, level fixed on input line 21.


Package natbib Warning: Citation `munos2003' on page 4 undefined on input line 
21.


Package natbib Warning: Citation `munos2008' on page 4 undefined on input line 
21.


Package natbib Warning: Citation `scherrer2015' on page 4 undefined on input li
ne 21.


Package natbib Warning: Citation `kakade2002' on page 4 undefined on input line
 21.


Package natbib Warning: Citation `pirotta2013' on page 4 undefined on input lin
e 21.


Package natbib Warning: Citation `metelli2021' on page 4 undefined on input lin
e 21.


Package natbib Warning: Citation `ernst2005' on page 4 undefined on input line 
21.


Package natbib Warning: Citation `ferns2004' on page 4 undefined on input line 
21.


Package natbib Warning: Citation `ng1999' on page 4 undefined on input line 21.



Package natbib Warning: Citation `grimm2020' on page 4 undefined on input line 
21.


Package natbib Warning: Citation `moore2009' on page 4 undefined on input line 
23.


Package natbib Warning: Citation `murota2003' on page 4 undefined on input line
 23.

) (./sections/core49.tex
Underfull \vbox (badness 1178) has occurred while \output is active [4]
(/usr/share/texlive/texmf-dist/tex/latex/psnfss/ot1ppl.fd)
(/usr/share/texlive/texmf-dist/tex/latex/psnfss/omlzplm.fd)
(/usr/share/texlive/texmf-dist/tex/latex/psnfss/omszplm.fd)
(/usr/share/texlive/texmf-dist/tex/latex/psnfss/omxzplm.fd)
(/usr/share/texlive/texmf-dist/tex/latex/microtype/mt-msa.cfg)
(/usr/share/texlive/texmf-dist/tex/latex/microtype/mt-msb.cfg)
(/usr/share/texlive/texmf-dist/tex/latex/microtype/mt-cmr.cfg)
(/usr/share/texlive/texmf-dist/tex/latex/psnfss/ot1zplm.fd)
(/usr/share/texlive/texmf-dist/tex/latex/psnfss/ufplmbb.fd)

LaTeX Warning: Reference `sec:decisions49' on page 5 undefined on input line 9.



LaTeX Warning: Reference `eq:operator49' on page 5 undefined on input line 11.


Underfull \vbox (badness 10000) has occurred while \output is active [5]

LaTeX Warning: Reference `eq:sandwich49' on page 6 undefined on input line 42.


LaTeX Warning: Reference `eq:sandwich49' on page 6 undefined on input line 45.

[6]

LaTeX Warning: Reference `eq:cone49' on page 7 undefined on input line 67.

[7]

LaTeX Warning: Reference `eq:repair49' on page 8 undefined on input line 81.


LaTeX Warning: Reference `eq:enclosures49' on page 8 undefined on input line 86
.


LaTeX Warning: Reference `prop:sandwich49' on page 8 undefined on input line 86
.


Package natbib Warning: Citation `mcshane1934' on page 8 undefined on input lin
e 89.


LaTeX Warning: Reference `thm:construct49' on page 8 undefined on input line 89
.


Underfull \vbox (badness 6842) has occurred while \output is active [8]

Package natbib Warning: Citation `felzenszwalb2012' on page 9 undefined on inpu
t line 111.

[9]

LaTeX Warning: Reference `eq:fvisensor49' on page 10 undefined on input line 12
4.

) (./sections/resources56.tex [10]

LaTeX Warning: Reference `sec:legacy56' on page 11 undefined on input line 5.

[11]

LaTeX Warning: Reference `eq:query49' on page 12 undefined on input line 32.


LaTeX Warning: Reference `eq:coefficients49' on page 12 undefined on input line
 32.


LaTeX Warning: Reference `eq:separated49' on page 12 undefined on input line 38
.


Underfull \vbox (badness 4048) has occurred while \output is active [12]

LaTeX Warning: Reference `eq:clipped49' on page 13 undefined on input line 57.


LaTeX Warning: Reference `eq:shares49' on page 13 undefined on input line 57.

[13]

LaTeX Warning: Reference `eq:frontier49' on page 14 undefined on input line 70.


) (./sections/primitives56.tex [14]) (./sections/learned57.tex

LaTeX Warning: Reference `thm:construct49' on page 15 undefined on input line 2
.

[15]

LaTeX Warning: Reference `eq:integrated56' on page 16 undefined on input line 3
2.

[16]

Package natbib Warning: Citation `munos2008' on page 17 undefined on input line
 37.


Package natbib Warning: Citation `ernst2005' on page 17 undefined on input line
 37.


LaTeX Warning: Reference `eq:trained56' on page 17 undefined on input line 45.


Underfull \vbox (badness 10000) has occurred while \output is active [17]

LaTeX Warning: Reference `lem:integrated56' on page 18 undefined on input line 
52.


Underfull \vbox (badness 1783) has occurred while \output is active [18]

LaTeX Warning: Reference `sec:study57' on page 19 undefined on input line 61.

) (./sections/certificates56.tex [19]

LaTeX Warning: Reference `eq:safety56' on page 20 undefined on input line 32.


LaTeX Warning: Reference `eq:recursion56' on page 20 undefined on input line 37
.


LaTeX Warning: Reference `thm:directed56' on page 20 undefined on input line 40
.

[20] (/usr/share/texlive/texmf-dist/tex/latex/microtype/mt-euf.cfg)

LaTeX Warning: Reference `eq:cache56' on page 21 undefined on input line 65.

[21]

LaTeX Warning: Reference `sec:economy56' on page 22 undefined on input line 71.


[22]

LaTeX Warning: Reference `prop:cache56' on page 23 undefined on input line 84.


LaTeX Warning: Reference `eq:tube56' on page 23 undefined on input line 87.


LaTeX Warning: Reference `eq:advantage-tube56' on page 23 undefined on input li
ne 92.

[23]

LaTeX Warning: Reference `eq:stability56' on page 24 undefined on input line 11
6.


Underfull \vbox (badness 2042) has occurred while \output is active [24]

LaTeX Warning: Reference `eq:decompose56' on page 25 undefined on input line 13
5.

) (./sections/action_transfer57.tex [25]

LaTeX Warning: Reference `thm:algebraic56' on page 26 undefined on input line 1
3.


LaTeX Warning: Reference `thm:directed56' on page 26 undefined on input line 29
.


LaTeX Warning: Reference `eq:optimization-loss57' on page 26 undefined on input
 line 32.


LaTeX Warning: Reference `eq:robust-cover57' on page 26 undefined on input line
 32.

[26]

LaTeX Warning: Reference `eq:optimization-loss57' on page 27 undefined on input
 line 46.


LaTeX Warning: Reference `eq:evaluation-contrast57' on page 27 undefined on inp
ut line 46.


LaTeX Warning: Reference `eq:robust-cover57' on page 27 undefined on input line
 51.


LaTeX Warning: Reference `eq:transfer-safety57' on page 27 undefined on input l
ine 57.


LaTeX Warning: Reference `thm:directed56' on page 27 undefined on input line 57
.


LaTeX Warning: Reference `eq:spatial-contrast57' on page 27 undefined on input 
line 62.


LaTeX Warning: Reference `eq:evaluation-contrast57' on page 27 undefined on inp
ut line 62.

[27]

LaTeX Warning: Reference `eq:lattice-cover57' on page 28 undefined on input lin
e 79.


LaTeX Warning: Reference `prop:work56' on page 28 undefined on input line 79.


LaTeX Warning: Reference `eq:primitive-action-lipschitz57' on page 28 undefined
 on input line 79.

[28]

LaTeX Warning: Reference `thm:directed56' on page 29 undefined on input line 95
.

[29]) (./sections/moduli57.tex

LaTeX Warning: Reference `lem:integrated56' on page 30 undefined on input line 
6.


LaTeX Warning: Reference `eq:spatial-contrast57' on page 30 undefined on input 
line 23.

[30]

LaTeX Warning: Reference `eq:neural-eta57' on page 31 undefined on input line 3
5.


LaTeX Warning: Reference `eq:neural-chi57' on page 31 undefined on input line 3
7.

) (./sections/lossless59.tex [31] [32]

LaTeX Warning: Reference `eq:screen59' on page 33 undefined on input line 36.

[33]

LaTeX Warning: Reference `eq:survivor-gap59' on page 34 undefined on input line
 65.

[34] [35]

LaTeX Warning: Reference `thm:lossless59' on page 36 undefined on input line 90
.


Underfull \vbox (badness 1348) has occurred while \output is active [36])
(./sections/search60.tex [37]

LaTeX Warning: Reference `eq:second-difference60' on page 38 undefined on input
 line 27.


LaTeX Warning: Reference `eq:objective60' on page 38 undefined on input line 31
.


LaTeX Warning: Reference `lem:piece60' on page 38 undefined on input line 31.

[38]

LaTeX Warning: Reference `eq:operations60' on page 39 undefined on input line 3
7.


Package natbib Warning: Citation `murota2003' on page 39 undefined on input lin
e 48.


Package natbib Warning: Citation `moore2009' on page 39 undefined on input line
 48.


Underfull \vbox (badness 2261) has occurred while \output is active [39]

LaTeX Warning: Reference `eq:box-shock60' on page 40 undefined on input line 65
.

[40] [41] [42]

LaTeX Warning: Reference `eq:bellman-bracket60' on page 43 undefined on input l
ine 108.

[43]) (./sections/centered60.tex [44]

LaTeX Warning: Reference `thm:bellman-bracket60' on page 45 undefined on input 
line 19.


LaTeX Warning: Reference `thm:bellman-bracket60' on page 45 undefined on input 
line 29.

[45]) (./sections/stability61.tex
Underfull \vbox (badness 10000) has occurred while \output is active [46]
! Undefined control sequence.
<recently read> \mathscr 
                         
l.8 Every such exact endpoint map $\mathscr
                                            E_t$ is order preserving and sat...
!  ==> Fatal error occurred, no output PDF file produced!
Transcript written on build/ECTA.log.
