This is pdfTeX, Version 3.141592653-2.6-1.40.25 (TeX Live 2023/Debian) (preloaded format=pdflatex)
 restricted \write18 enabled.
entering extended mode
(./supp.tex
LaTeX2e <2023-11-01> patch level 1
L3 programming layer <2024-01-22>
(./econsocart.cls
Document Class: econsocart 2022/11/21 v1.4.1, The Econometric Society Journals
(/usr/share/texlive/texmf-dist/tex/latex/etoolbox/etoolbox.sty)
(./econsocart.cfg) (/usr/share/texlive/texmf-dist/tex/latex/base/fix-cm.sty
(/usr/share/texlive/texmf-dist/tex/latex/base/ts1enc.def))
(/usr/share/texlive/texmf-dist/tex/latex/graphics/graphicx.sty
(/usr/share/texlive/texmf-dist/tex/latex/graphics/keyval.sty)
(/usr/share/texlive/texmf-dist/tex/latex/graphics/graphics.sty
(/usr/share/texlive/texmf-dist/tex/latex/graphics/trig.sty)
(/usr/share/texlive/texmf-dist/tex/latex/graphics-cfg/graphics.cfg)
(/usr/share/texlive/texmf-dist/tex/latex/graphics-def/pdftex.def)))
(/usr/share/texlive/texmf-dist/tex/latex/base/fontenc.sty)
(/usr/share/texlive/texmf-dist/tex/latex/psnfss/times.sty)
(/usr/share/texlive/texmf-dist/tex/latex/textcase/textcase.sty)
(/usr/share/texlive/texmf-dist/tex/latex/psnfss/helvet.sty)
(/usr/share/texlive/texmf-dist/tex/latex/base/textcomp.sty)
(/usr/share/texlive/texmf-dist/tex/latex/psnfss/t1ptm.fd)
(/usr/share/texlive/texmf-dist/tex/latex/amsfonts/amssymb.sty
(/usr/share/texlive/texmf-dist/tex/latex/amsfonts/amsfonts.sty))
(/usr/share/texlive/texmf-dist/tex/latex/tools/bm.sty)
(/usr/share/texlive/texmf-dist/tex/latex/url/url.sty)
(/usr/share/texlive/texmf-dist/tex/latex/amsmath/amsmath.sty
For additional information on amsmath, use the `?' option.
(/usr/share/texlive/texmf-dist/tex/latex/amsmath/amstext.sty
(/usr/share/texlive/texmf-dist/tex/latex/amsmath/amsgen.sty))
(/usr/share/texlive/texmf-dist/tex/latex/amsmath/amsbsy.sty)
(/usr/share/texlive/texmf-dist/tex/latex/amsmath/amsopn.sty))
(/usr/share/texlive/texmf-dist/tex/latex/amscls/amsthm.sty)
(/usr/share/texlive/texmf-dist/tex/latex/natbib/natbib.sty)) (./preamble.tex
(/usr/share/texlive/texmf-dist/tex/latex/booktabs/booktabs.sty)
(/usr/share/texlive/texmf-dist/tex/latex/tools/array.sty)
(/usr/share/texlive/texmf-dist/tex/latex/tools/longtable.sty)
(/usr/share/texlive/texmf-dist/tex/latex/base/fontenc.sty)
(/usr/share/texlive/texmf-dist/tex/latex/psnfss/mathpazo.sty)
(/usr/share/texlive/texmf-dist/tex/latex/microtype/microtype.sty
(/usr/share/texlive/texmf-dist/tex/latex/microtype/microtype-pdftex.def)
(/usr/share/texlive/texmf-dist/tex/latex/microtype/microtype.cfg))
(/usr/share/texlive/texmf-dist/tex/latex/needspace/needspace.sty)
(/usr/share/texlive/texmf-dist/tex/latex/xurl/xurl.sty)
(/usr/share/texlive/texmf-dist/tex/latex/hyperref/hyperref.sty
(/usr/share/texlive/texmf-dist/tex/generic/iftex/iftex.sty)
(/usr/share/texlive/texmf-dist/tex/latex/kvsetkeys/kvsetkeys.sty)
(/usr/share/texlive/texmf-dist/tex/generic/kvdefinekeys/kvdefinekeys.sty)
(/usr/share/texlive/texmf-dist/tex/generic/pdfescape/pdfescape.sty
(/usr/share/texlive/texmf-dist/tex/generic/ltxcmds/ltxcmds.sty)
(/usr/share/texlive/texmf-dist/tex/generic/pdftexcmds/pdftexcmds.sty
(/usr/share/texlive/texmf-dist/tex/generic/infwarerr/infwarerr.sty)))
(/usr/share/texlive/texmf-dist/tex/latex/hycolor/hycolor.sty)
(/usr/share/texlive/texmf-dist/tex/latex/auxhook/auxhook.sty)
(/usr/share/texlive/texmf-dist/tex/latex/hyperref/nameref.sty
(/usr/share/texlive/texmf-dist/tex/latex/refcount/refcount.sty)
(/usr/share/texlive/texmf-dist/tex/generic/gettitlestring/gettitlestring.sty
(/usr/share/texlive/texmf-dist/tex/latex/kvoptions/kvoptions.sty)))
(/usr/share/texlive/texmf-dist/tex/latex/hyperref/pd1enc.def)
(/usr/share/texlive/texmf-dist/tex/generic/intcalc/intcalc.sty)
(/usr/share/texlive/texmf-dist/tex/latex/hyperref/puenc.def)
(/usr/share/texlive/texmf-dist/tex/generic/bitset/bitset.sty
(/usr/share/texlive/texmf-dist/tex/generic/bigintcalc/bigintcalc.sty))
(/usr/share/texlive/texmf-dist/tex/latex/base/atbegshi-ltx.sty))
(/usr/share/texlive/texmf-dist/tex/latex/hyperref/hpdftex.def
(/usr/share/texlive/texmf-dist/tex/latex/base/atveryend-ltx.sty)
(/usr/share/texlive/texmf-dist/tex/latex/rerunfilecheck/rerunfilecheck.sty
(/usr/share/texlive/texmf-dist/tex/generic/uniquecounter/uniquecounter.sty))))
(./tables/facts61.tex)
(/usr/share/texlive/texmf-dist/tex/latex/hyperref/xr-hyper.sty)
(/usr/share/texlive/texmf-dist/tex/latex/psnfss/t1pcr.fd)
(/usr/share/texlive/texmf-dist/tex/latex/hyperref/backref.sty)
(/usr/share/texlive/texmf-dist/tex/latex/psnfss/t1ppl.fd)
(/usr/share/texlive/texmf-dist/tex/latex/l3backend/l3backend-pdftex.def)

LaTeX Warning: Unused global option(s):
    [nameyear].

No file supp.aux.
(/usr/share/texlive/texmf-dist/tex/context/base/mkii/supp-pdf.mkii
[Loading MPS to PDF converter (version 2006.09.02).]
) (/usr/share/texlive/texmf-dist/tex/latex/epstopdf-pkg/epstopdf-base.sty
(/usr/share/texlive/texmf-dist/tex/latex/latexconfig/epstopdf-sys.cfg))
(/usr/share/texlive/texmf-dist/tex/latex/microtype/mt-ppl.cfg)
(/usr/share/texlive/texmf-dist/tex/latex/graphics/color.sty
(/usr/share/texlive/texmf-dist/tex/latex/graphics-cfg/color.cfg)
(/usr/share/texlive/texmf-dist/tex/latex/graphics/mathcolor.ltx))
(./sections/supp56.tex
(/usr/share/texlive/texmf-dist/tex/latex/psnfss/ot1ppl.fd)
(/usr/share/texlive/texmf-dist/tex/latex/psnfss/omlzplm.fd)
(/usr/share/texlive/texmf-dist/tex/latex/psnfss/omszplm.fd)
(/usr/share/texlive/texmf-dist/tex/latex/psnfss/omxzplm.fd)
(/usr/share/texlive/texmf-dist/tex/latex/microtype/mt-msa.cfg)
(/usr/share/texlive/texmf-dist/tex/latex/microtype/mt-msb.cfg)
(/usr/share/texlive/texmf-dist/tex/latex/microtype/mt-cmr.cfg)
(/usr/share/texlive/texmf-dist/tex/latex/psnfss/ot1zplm.fd) [1
Non-PDF special ignored!
<special> papersize=614.295pt,794.96999pt
{/var/lib/texmf/fonts/map/pdftex/updmap/pdftex.map}{/usr/share/texlive/texmf-di
st/fonts/enc/dvips/base/8r.enc}]

LaTeX Font Warning: Font shape `T1/ppl/m/uc' undefined
(Font)              using `T1/ppl/m/n' instead on input line 18.


LaTeX Font Warning: Font shape `T1/ppl/m/up' undefined
(Font)              using `T1/ppl/m/n' instead on input line 18.

[2] (./tables/services56.tex

Package longtable Warning: Column widths have changed
(longtable)                in table I on input line 143.

[3] [4] [5] [6]) [7] (./tables/all-costs56.tex

Package longtable Warning: Column widths have changed
(longtable)                in table II on input line 55.

[8]) (./tables/all-gaps56.tex [9] [10] [11] [12] [13] [14]

Package longtable Warning: Column widths have changed
(longtable)                in table III on input line 241.

[15])
Underfull \vbox (badness 10000) has occurred while \output is active [16])
(./sections/supp57.tex [17] (./tables/target10-57.tex) (./tables/registry57.tex

Package longtable Warning: Column widths have changed
(longtable)                in table V on input line 105.

[18] [19] [20]) (./tables/cost-registry57.tex

Package longtable Warning: Column widths have changed
(longtable)                in table VI on input line 105.

[21] [22] [23])
Underfull \vbox (badness 10000) has occurred while \output is active [24]
(./tables/paired-registry57.tex

Package longtable Warning: Column widths have changed
(longtable)                in table VII on input line 87.

[25] [26] [27]) (./tables/components57.tex
Underfull \vbox (badness 1019) has occurred while \output is active [28]

Package longtable Warning: Column widths have changed
(longtable)                in table VIII on input line 30.

) [29] (./tables/date-ledger57.tex

Package longtable Warning: Column widths have changed
(longtable)                in table IX on input line 135.

[30] [31] [32] [33])) (./sections/supp59.tex
Underfull \vbox (badness 1163) has occurred while \output is active [34]
(./tables/reduction59.tex)
Underfull \vbox (badness 10000) has occurred while \output is active [35]
(./tables/repetitions59.tex) (./tables/components59.tex [36])
(./tables/services59.tex [37])
Underfull \vbox (badness 10000) has occurred while \output is active [38]
(./tables/datewise59.tex

Package longtable Warning: Column widths have changed
(longtable)                in table XIV on input line 47.

[39])
Underfull \vbox (badness 10000) has occurred while \output is active [40]
Underfull \vbox (badness 10000) has occurred while \output is active [41])
(./sections/supp61.tex [42] (./tables/service-registry61.tex

Package longtable Warning: Column widths have changed
(longtable)                in table XV on input line 107.

[43] [44] [45])
Underfull \vbox (badness 10000) has occurred while \output is active [46]
(./tables/native-repeats61.tex) (./tables/batch61.tex) [47] [48]
(./tables/stress61.tex

Package longtable Warning: Column widths have changed
(longtable)                in table XVIII on input line 91.

[49] [50]
Underfull \vbox (badness 10000) has occurred while \output is active [51])
(./tables/guards61.tex

Package longtable Warning: Column widths have changed
(longtable)                in table XIX on input line 59.

[52])
Underfull \vbox (badness 10000) has occurred while \output is active [53]
(./tables/multi-registry61.tex

Package longtable Warning: Column widths have changed
(longtable)                in table XX on input line 43.

[54]) [55]
Overfull \hbox (42.40439pt too wide) in paragraph at lines 46--47
[]\T1/ppl/m/up/12 (-20) The re-fine-ment grids are $\OT1/zplm/m/n/12 (\OML/zplm
/m/it/12 N\OT1/ppl/m/n/12 (-20) , \OML/zplm/m/it/12 A\OT1/ppl/m/n/12 (-20) , \O
ML/zplm/m/it/12 q\OT1/zplm/m/n/12 ) = (\OT1/ppl/m/n/12 (-20) 8, 8, 4\OT1/zplm/m
/n/12 )\OT1/ppl/m/n/12 (-20) , \OT1/zplm/m/n/12 (\OT1/ppl/m/n/12 (-20) 16, 16, 
8\OT1/zplm/m/n/12 )\OT1/ppl/m/n/12 (-20) , \OT1/zplm/m/n/12 (\OT1/ppl/m/n/12 (-
20) 32, 32, 16\OT1/zplm/m/n/12 )\OT1/ppl/m/n/12 (-20) , \OT1/zplm/m/n/12 (\OT1/
ppl/m/n/12 (-20) 64, 64, 32\OT1/zplm/m/n/12 )\OT1/ppl/m/n/12 (-20) , \OT1/zplm/
m/n/12 (\OT1/ppl/m/n/12 (-20) 128, 64, 32\OT1/zplm/m/n/12 )$\T1/ppl/m/up/12 (-2
0) .

Underfull \vbox (badness 5832) has occurred while \output is active [56])
No file supp.bbl.

Underfull \vbox (badness 10000) has occurred while \output is active [57]

Package longtable Warning: Table widths have changed. Rerun LaTeX.

[58] (build/supp.aux)

LaTeX Font Warning: Some font shapes were not available, defaults substituted.


LaTeX Warning: Label(s) may have changed. Rerun to get cross-references right.


Package rerunfilecheck Warning: File `supp.out' has changed.
(rerunfilecheck)                Rerun to get outlines right
(rerunfilecheck)                or use package `bookmark'.

 )
(see the transcript file for additional information)</usr/share/texlive/texmf-d
ist/fonts/type1/public/amsfonts/cm/cmr10.pfb></usr/share/texlive/texmf-dist/fon
ts/type1/public/amsfonts/cm/cmsy10.pfb></usr/share/texlive/texmf-dist/fonts/typ
e1/public/mathpazo/fplmri.pfb></usr/share/texlive/texmf-dist/fonts/type1/urw/co
urier/ucrr8a.pfb></usr/share/texlive/texmf-dist/fonts/type1/urw/palatino/uplr8a
.pfb></usr/share/texlive/texmf-dist/fonts/type1/urw/palatino/uplri8a.pfb>
Output written on build/supp.pdf (58 pages, 172064 bytes).
Transcript written on build/supp.log.
