KERNEL 0.0 2 0.04645933264572211
KERNEL 0.0 3 0.020790950027655075
KERNEL 0.0 4 0.014281968788647958
KERNEL 0.0 5 0.007313449817227258
KERNEL 0.0 6 0.0064451746869560456
KERNEL 0.0 7 0.0049632816517208855
KERNEL 0.0 8 0.004824497555377505
KERNEL 0.0 9 0.0034324849099227617
KERNEL 0.0 10 0.002908682472980484
KERNEL 0.0 11 0.0017433493244214393
KERNEL 0.0 12 0.0016976806682380552
KERNEL 0.0 13 0.001689979222169402
KERNEL 0.0 14 0.0016500358083584299
KERNEL 0.0 15 0.0014656190028436988
KERNEL 0.0 16 0.0011630299975011749
KERNEL 0.0 17 0.0010425213778268994
KERNEL 0.0 18 0.0010033927450583402
KERNEL 0.0 19 0.0009045733003105738
KERNEL 0.5 2 0.03786211759200686
KERNEL 0.5 3 0.016376272607365294
KERNEL 0.5 4 0.014237367460421702
KERNEL 0.5 5 0.006381087846542566
KERNEL 0.5 6 0.005775179904807137
KERNEL 0.5 7 0.005215009334104903
KERNEL 0.5 8 0.0031165428226610503
KERNEL 0.5 9 0.0026419406384110555
KERNEL 0.5 10 0.001832212153142665
KERNEL 0.5 11 0.001541486154003402
KERNEL 0.5 12 0.001534440092194389
KERNEL 0.5 13 0.0014121171452652348
KERNEL 0.5 14 0.001322673447388123
KERNEL 0.5 15 0.0011783425320643914
KERNEL 0.5 16 0.0011575784782371645
KERNEL 0.5 17 0.0010429914809720886
KERNEL 0.5 18 0.0008998289604379428
KERNEL 1.0 2 0.03986005059295883
KERNEL 1.0 3 0.010166310997226868
KERNEL 1.0 4 0.008526396492033017
KERNEL 1.0 5 0.006227068217562359
KERNEL 1.0 6 0.006035525206216974
KERNEL 1.0 7 0.002993345402603431
KERNEL 1.0 8 0.0029594992879500293
KERNEL 1.0 9 0.0022248710382235526
KERNEL 1.0 10 0.002176462250303768
KERNEL 1.0 11 0.0014577137023501496
KERNEL 1.0 12 0.0014202794060016455
KERNEL 1.0 13 0.0012739012501185032
KERNEL 1.0 14 0.001265899862293196
KERNEL 1.0 15 0.0011870448516738685
KERNEL 1.0 16 0.0010169790514336086
KERNEL 1.0 17 0.0009414120278261606
