\BOOKMARK [1][-]{section.0.1}{\376\377\000O\000r\000g\000a\000n\000i\000z\000a\000t\000i\000o\000n\000\040\000o\000f\000\040\000t\000h\000e\000\040\000R\000e\000v\000i\000s\000e\000d\000\040\000S\000u\000p\000p\000l\000e\000m\000e\000n\000t}{}% 1
\BOOKMARK [1][-]{section.0.2}{\376\377\000P\000r\000o\000o\000f\000s\000\040\000f\000o\000r\000\040\000P\000o\000l\000i\000c\000y\000-\000S\000p\000e\000c\000i\000f\000i\000c\000\040\000V\000e\000r\000i\000f\000i\000c\000a\000t\000i\000o\000n}{}% 2
\BOOKMARK [2][-]{subsection.0.2.1}{\376\377\000G\000e\000n\000e\000r\000a\000t\000o\000r\000\040\000a\000n\000d\000\040\000s\000t\000o\000c\000h\000a\000s\000t\000i\000c\000\040\000l\000o\000c\000a\000l\000-\000e\000r\000r\000o\000r\000\040\000b\000o\000u\000n\000d\000s}{section.0.2}% 3
\BOOKMARK [2][-]{subsection.0.2.2}{\376\377\000C\000l\000i\000p\000p\000e\000d\000\040\000i\000n\000n\000o\000v\000a\000t\000i\000o\000n\000s\000\040\000a\000n\000d\000\040\000n\000u\000m\000e\000r\000i\000c\000a\000l\000\040\000i\000n\000t\000e\000g\000r\000a\000t\000i\000o\000n}{section.0.2}% 4
\BOOKMARK [2][-]{subsection.0.2.3}{\376\377\000A\000r\000i\000t\000h\000m\000e\000t\000i\000c\000\040\000c\000o\000n\000t\000r\000a\000c\000t\000\040\000a\000n\000d\000\040\000f\000o\000r\000w\000a\000r\000d\000-\000e\000r\000r\000o\000r\000\040\000b\000u\000d\000g\000e\000t}{section.0.2}% 5
\BOOKMARK [2][-]{subsection.0.2.4}{\376\377\000A\000\040\000g\000l\000o\000b\000a\000l\000\040\000c\000l\000i\000p\000p\000i\000n\000g\000\040\000e\000n\000v\000e\000l\000o\000p\000e}{section.0.2}% 6
\BOOKMARK [2][-]{subsection.0.2.5}{\376\377\000F\000i\000n\000i\000t\000e\000\040\000f\000a\000m\000i\000l\000i\000e\000s\000,\000\040\000s\000e\000l\000e\000c\000t\000i\000o\000n\000,\000\040\000a\000n\000d\000\040\000i\000n\000t\000e\000r\000p\000r\000e\000t\000a\000t\000i\000o\000n}{section.0.2}% 7
\BOOKMARK [1][-]{section.0.3}{\376\377\000R\000e\000l\000a\000t\000i\000o\000n\000\040\000t\000o\000\040\000t\000h\000e\000\040\000M\000a\000i\000n\000\040\000T\000e\000x\000t}{}% 8
\BOOKMARK [1][-]{section.0.4}{\376\377\000P\000o\000l\000i\000c\000y\000\040\000E\000v\000a\000l\000u\000a\000t\000i\000o\000n\000\040\000a\000n\000d\000\040\000t\000h\000e\000\040\000R\000e\000c\000u\000r\000s\000i\000v\000e\000\040\000P\000o\000l\000i\000c\000y\000\040\000G\000r\000a\000d\000i\000e\000n\000t}{}% 9
\BOOKMARK [1][-]{section.0.5}{\376\377\000R\000e\000p\000r\000e\000s\000e\000n\000t\000a\000t\000i\000o\000n\000,\000\040\000B\000o\000u\000n\000d\000a\000r\000y\000\040\000C\000o\000n\000d\000i\000t\000i\000o\000n\000s\000,\000\040\000a\000n\000d\000\040\000E\000r\000r\000o\000r\000\040\000M\000e\000a\000s\000u\000r\000e\000m\000e\000n\000t}{}% 10
\BOOKMARK [2][-]{subsection.0.5.1}{\376\377\000S\000m\000o\000o\000t\000h\000\040\000a\000p\000p\000r\000o\000x\000i\000m\000a\000t\000i\000o\000n\000\040\000a\000n\000d\000\040\000w\000h\000a\000t\000\040\000i\000t\000\040\000e\000s\000t\000a\000b\000l\000i\000s\000h\000e\000s}{section.0.5}% 11
\BOOKMARK [2][-]{subsection.0.5.2}{\376\377\000F\000r\000o\000m\000\040\000r\000e\000s\000i\000d\000u\000a\000l\000\040\000s\000a\000m\000p\000l\000e\000s\000\040\000t\000o\000\040\000a\000\040\000u\000n\000i\000f\000o\000r\000m\000\040\000b\000o\000u\000n\000d}{section.0.5}% 12
\BOOKMARK [1][-]{section.0.6}{\376\377\000B\000e\000n\000c\000h\000m\000a\000r\000k\000\040\000D\000e\000r\000i\000v\000a\000t\000i\000o\000n\000s}{}% 13
\BOOKMARK [2][-]{subsection.0.6.1}{\376\377\000M\000e\000r\000t\000o\000n\000\040\000c\000o\000n\000s\000u\000m\000p\000t\000i\000o\000n\000\040\000a\000n\000d\000\040\000t\000r\000a\000n\000s\000v\000e\000r\000s\000a\000l\000i\000t\000y}{section.0.6}% 14
\BOOKMARK [2][-]{subsection.0.6.2}{\376\377\000R\000e\000c\000u\000r\000s\000i\000v\000e\000\040\000c\000o\000e\000f\000f\000i\000c\000i\000e\000n\000t\000\040\000a\000n\000d\000\040\000t\000h\000e\000\040\000u\000t\000i\000l\000i\000t\000y\000\040\000i\000n\000t\000e\000r\000v\000a\000l}{section.0.6}% 15
\BOOKMARK [1][-]{section.0.7}{\376\377\000E\000n\000d\000o\000g\000e\000n\000o\000u\000s\000-\000P\000r\000e\000f\000e\000r\000e\000n\000c\000e\000\040\000D\000e\000t\000a\000i\000l\000s}{}% 16
\BOOKMARK [2][-]{subsection.0.7.1}{\376\377\000S\000t\000a\000t\000e\000\040\000r\000e\000s\000t\000r\000i\000c\000t\000i\000o\000n\000s\000\040\000a\000n\000d\000\040\000t\000h\000e\000\040\000r\000e\000f\000e\000r\000e\000n\000c\000e\000\040\000e\000x\000p\000e\000r\000i\000m\000e\000n\000t}{section.0.7}% 17
\BOOKMARK [2][-]{subsection.0.7.2}{\376\377\000P\000o\000l\000i\000c\000y\000\040\000c\000o\000n\000d\000i\000t\000i\000o\000n\000s\000\040\000a\000n\000d\000\040\000c\000o\000m\000p\000a\000r\000a\000t\000i\000v\000e\000\040\000s\000t\000a\000t\000i\000c\000s}{section.0.7}% 18
\BOOKMARK [1][-]{section.0.8}{\376\377\000T\000e\000m\000p\000o\000r\000a\000l\000-\000S\000e\000l\000f\000\040\000D\000e\000v\000i\000a\000t\000i\000o\000n\000s}{}% 19
\BOOKMARK [1][-]{section.0.9}{\376\377\000G\000a\000m\000e\000s\000\040\000a\000n\000d\000\040\000I\000n\000d\000e\000p\000e\000n\000d\000e\000n\000t\000\040\000B\000e\000s\000t\000\040\000R\000e\000s\000p\000o\000n\000s\000e\000s}{}% 20
\BOOKMARK [1][-]{section.0.10}{\376\377\000S\000t\000o\000c\000h\000a\000s\000t\000i\000c\000\040\000H\000e\000s\000s\000i\000a\000n\000\040\000O\000b\000j\000e\000c\000t\000i\000v\000e\000s\000\040\000a\000n\000d\000\040\000C\000o\000m\000p\000l\000e\000x\000i\000t\000y}{}% 21
\BOOKMARK [1][-]{section.0.11}{\376\377\000R\000e\000p\000r\000o\000d\000u\000c\000t\000i\000o\000n\000\040\000a\000n\000d\000\040\000F\000u\000r\000t\000h\000e\000r\000\040\000C\000o\000m\000p\000a\000r\000i\000s\000o\000n\000s}{}% 22
\BOOKMARK [1][-]{section.0.12}{\376\377\000I\000m\000p\000l\000e\000m\000e\000n\000t\000e\000d\000\040\000E\000r\000r\000o\000r\000\040\000A\000c\000c\000o\000u\000n\000t\000s\000\040\000a\000n\000d\000\040\000A\000r\000i\000t\000h\000m\000e\000t\000i\000c}{}% 23
\BOOKMARK [2][-]{subsection.0.12.1}{\376\377\000F\000u\000l\000l\000-\000d\000o\000m\000a\000i\000n\000\040\000i\000n\000t\000e\000r\000v\000a\000l\000\040\000i\000m\000p\000l\000e\000m\000e\000n\000t\000a\000t\000i\000o\000n}{section.0.12}% 24
\BOOKMARK [2][-]{subsection.0.12.2}{\376\377\000A\000p\000p\000l\000i\000c\000a\000t\000i\000o\000n\000-\000s\000p\000e\000c\000i\000f\000i\000c\000\040\000h\000y\000p\000o\000t\000h\000e\000s\000e\000s}{section.0.12}% 25
\BOOKMARK [1][-]{section.0.13}{\376\377\000D\000e\000s\000i\000g\000n\000,\000\040\000B\000u\000d\000g\000e\000t\000s\000,\000\040\000a\000n\000d\000\040\000R\000e\000p\000r\000o\000d\000u\000c\000i\000b\000i\000l\000i\000t\000y}{}% 26
\BOOKMARK [1][-]{section.0.14}{\376\377\000R\000u\000n\000-\000L\000e\000v\000e\000l\000\040\000N\000u\000m\000e\000r\000i\000c\000a\000l\000\040\000A\000c\000c\000o\000u\000n\000t\000s}{}% 27
\BOOKMARK [2][-]{subsection.0.14.1}{\376\377\000C\000o\000n\000s\000u\000m\000p\000t\000i\000o\000n\000\040\000f\000i\000t\000t\000i\000n\000g\000\040\000a\000n\000d\000\040\000v\000e\000r\000i\000f\000i\000c\000a\000t\000i\000o\000n}{section.0.14}% 28
\BOOKMARK [2][-]{subsection.0.14.2}{\376\377\000A\000c\000t\000i\000o\000n\000\040\000b\000o\000u\000n\000d\000s\000\040\000a\000n\000d\000\040\000n\000u\000m\000e\000r\000i\000c\000a\000l\000\040\000d\000o\000m\000a\000i\000n\000s}{section.0.14}% 29
\BOOKMARK [2][-]{subsection.0.14.3}{\376\377\000D\000e\000n\000s\000e\000\040\000n\000e\000u\000r\000a\000l\000\040\000r\000u\000n\000s\000,\000\040\000t\000r\000a\000c\000e\000\040\000e\000s\000t\000i\000m\000a\000t\000o\000r\000s\000,\000\040\000a\000n\000d\000\040\000c\000o\000v\000e\000r\000a\000g\000e}{section.0.14}% 30
\BOOKMARK [2][-]{subsection.0.14.4}{\376\377\000P\000o\000l\000i\000c\000y\000-\000p\000a\000y\000o\000f\000f\000\040\000d\000i\000a\000g\000n\000o\000s\000t\000i\000c\000s}{section.0.14}% 31
\BOOKMARK [1][-]{section.0.15}{\376\377\000P\000r\000o\000o\000f\000\040\000a\000n\000d\000\040\000I\000m\000p\000l\000e\000m\000e\000n\000t\000a\000t\000i\000o\000n\000\040\000o\000f\000\040\000t\000h\000e\000\040\000C\000o\000n\000t\000i\000n\000u\000o\000u\000s\000-\000A\000c\000t\000i\000o\000n\000\040\000E\000n\000v\000e\000l\000o\000p\000e}{}% 32
\BOOKMARK [2][-]{subsection.0.15.1}{\376\377\000C\000o\000m\000p\000l\000e\000t\000e\000-\000c\000o\000v\000e\000r\000\040\000i\000n\000v\000a\000r\000i\000a\000n\000t\000\040\000a\000n\000d\000\040\000b\000a\000c\000k\000w\000a\000r\000d\000\040\000p\000r\000o\000o\000f}{section.0.15}% 33
\BOOKMARK [2][-]{subsection.0.15.2}{\376\377\000I\000n\000t\000e\000r\000p\000o\000l\000a\000t\000i\000o\000n\000,\000\040\000r\000e\000f\000l\000e\000c\000t\000i\000o\000n\000,\000\040\000s\000t\000o\000p\000p\000i\000n\000g\000,\000\040\000a\000n\000d\000\040\000a\000r\000i\000t\000h\000m\000e\000t\000i\000c}{section.0.15}% 34
\BOOKMARK [2][-]{subsection.0.15.3}{\376\377\000A\000\040\000c\000o\000m\000m\000o\000n\000\040\000u\000p\000p\000e\000r\000\040\000e\000n\000v\000e\000l\000o\000p\000e\000\040\000f\000o\000r\000\040\000m\000u\000l\000t\000i\000p\000l\000e\000\040\000p\000o\000l\000i\000c\000i\000e\000s}{section.0.15}% 35
\BOOKMARK [1][-]{section.0.16}{\376\377\000S\000e\000p\000a\000r\000a\000t\000i\000n\000g\000\040\000N\000u\000m\000e\000r\000i\000c\000a\000l\000\040\000a\000n\000d\000\040\000C\000o\000n\000t\000i\000n\000u\000o\000u\000s\000-\000E\000c\000o\000n\000o\000m\000y\000\040\000E\000r\000r\000o\000r}{}% 36
\BOOKMARK [1][-]{section.0.17}{\376\377\000S\000t\000r\000a\000t\000e\000g\000i\000c\000\040\000D\000e\000v\000i\000a\000t\000i\000o\000n\000s\000\040\000a\000n\000d\000\040\000M\000i\000s\000s\000i\000n\000g\000\040\000P\000u\000r\000e\000\040\000S\000t\000a\000g\000e\000s}{}% 37
\BOOKMARK [1][-]{section.0.18}{\376\377\000P\000a\000i\000r\000e\000d\000\040\000P\000a\000y\000o\000f\000f\000s\000,\000\040\000C\000o\000s\000t\000s\000,\000\040\000a\000n\000d\000\040\000E\000c\000o\000n\000o\000m\000i\000c\000\040\000S\000c\000a\000l\000i\000n\000g}{}% 38
\BOOKMARK [1][-]{section.0.19}{\376\377\000H\000i\000s\000t\000o\000r\000i\000c\000a\000l\000\040\000N\000u\000m\000e\000r\000i\000c\000a\000l\000\040\000R\000e\000c\000o\000r\000d\000\040\000a\000n\000d\000\040\000S\000o\000u\000r\000c\000e\000\040\000P\000r\000e\000s\000e\000r\000v\000a\000t\000i\000o\000n}{}% 39
\BOOKMARK [2][-]{subsection.0.19.1}{\376\377\000R\0006\000\040\000p\000r\000e\000f\000e\000r\000e\000n\000c\000e\000-\000p\000o\000l\000i\000c\000y\000\040\000d\000i\000s\000c\000u\000s\000s\000i\000o\000n\000\040\000\050\000h\000i\000s\000t\000o\000r\000i\000c\000a\000l\000\051}{section.0.19}% 40
\BOOKMARK [2][-]{subsection.0.19.2}{\376\377\000N\000e\000u\000r\000a\000l\000\040\000s\000o\000l\000u\000t\000i\000o\000n\000\040\000a\000n\000d\000\040\000a\000c\000t\000i\000o\000n\000-\000d\000o\000m\000a\000i\000n\000\040\000s\000e\000n\000s\000i\000t\000i\000v\000i\000t\000y}{section.0.19}% 41
\BOOKMARK [2][-]{subsection.0.19.3}{\376\377\000R\0006\000\040\000d\000y\000n\000a\000m\000i\000c\000-\000g\000a\000m\000e\000\040\000d\000i\000s\000c\000u\000s\000s\000i\000o\000n\000\040\000\050\000h\000i\000s\000t\000o\000r\000i\000c\000a\000l\000\051}{section.0.19}% 42
\BOOKMARK [2][-]{subsection.0.19.4}{\376\377\000A\000\040\000d\000y\000n\000a\000m\000i\000c\000\040\000c\000a\000p\000i\000t\000a\000l\000-\000g\000a\000m\000e\000\040\000c\000o\000m\000p\000u\000t\000a\000t\000i\000o\000n}{section.0.19}% 43
\BOOKMARK [1][-]{section.0.20}{\376\377\000C\000o\000m\000p\000l\000e\000t\000e\000\040\000R\0009\000\040\000R\000e\000f\000i\000n\000e\000m\000e\000n\000t\000\040\000a\000n\000d\000\040\000V\000e\000r\000i\000f\000i\000c\000a\000t\000i\000o\000n\000\040\000A\000c\000c\000o\000u\000n\000t\000s}{}% 44
\BOOKMARK [1][-]{section.0.21}{\376\377\000F\000r\000e\000s\000h\000\040\000T\000r\000a\000i\000n\000i\000n\000g\000,\000\040\000C\000o\000r\000r\000e\000c\000t\000i\000o\000n\000\040\000S\000t\000o\000r\000a\000g\000e\000,\000\040\000a\000n\000d\000\040\000T\000o\000t\000a\000l\000\040\000C\000o\000s\000t}{}% 45
\BOOKMARK [1][-]{section.0.22}{\376\377\000A\000n\000\040\000A\000b\000s\000o\000l\000u\000t\000e\000\040\000B\000e\000n\000c\000h\000m\000a\000r\000k\000\040\000a\000n\000d\000\040\000P\000a\000i\000r\000e\000d\000\040\000C\000a\000p\000i\000t\000a\000l\000\040\000P\000a\000y\000o\000f\000f\000s}{}% 46
\BOOKMARK [1][-]{section.0.23}{\376\377\000C\000o\000n\000t\000i\000n\000u\000o\000u\000s\000-\000C\000a\000p\000i\000t\000a\000l\000\040\000R\000e\000p\000l\000i\000c\000a\000t\000i\000o\000n\000\040\000D\000e\000t\000a\000i\000l\000s}{}% 47
\BOOKMARK [2][-]{subsection.0.23.1}{\376\377\000C\000o\000m\000p\000l\000e\000t\000e\000\040\000f\000i\000t\000t\000e\000d\000-\000p\000o\000l\000i\000c\000y\000\040\000r\000e\000c\000o\000r\000d}{section.0.23}% 48
\BOOKMARK [2][-]{subsection.0.23.2}{\376\377\000A\000l\000l\000\040\000c\000e\000r\000t\000i\000f\000i\000c\000a\000t\000e\000\040\000s\000e\000t\000t\000i\000n\000g\000s}{section.0.23}% 49
\BOOKMARK [2][-]{subsection.0.23.3}{\376\377\000D\000e\000p\000l\000o\000y\000m\000e\000n\000t\000\040\000a\000n\000d\000\040\000a\000r\000i\000t\000h\000m\000e\000t\000i\000c\000\040\000c\000o\000n\000t\000r\000a\000c\000t}{section.0.23}% 50
\BOOKMARK [2][-]{subsection.0.23.4}{\376\377\000P\000a\000i\000r\000e\000d\000\040\000p\000a\000t\000h\000\040\000a\000r\000c\000h\000i\000v\000e\000\040\000a\000n\000d\000\040\000i\000n\000t\000e\000r\000p\000r\000e\000t\000a\000t\000i\000o\000n}{section.0.23}% 51
\BOOKMARK [1][-]{section.0.24}{\376\377\000A\000n\000a\000l\000y\000t\000i\000c\000a\000l\000\040\000a\000n\000d\000\040\000N\000o\000n\000s\000m\000o\000o\000t\000h\000\040\000B\000e\000n\000c\000h\000m\000a\000r\000k\000s}{}% 52
\BOOKMARK [2][-]{subsection.0.24.1}{\376\377\000E\000x\000e\000c\000u\000t\000e\000d\000\040\000c\000a\000l\000i\000b\000r\000a\000t\000i\000o\000n\000\040\000a\000n\000d\000\040\000i\000n\000t\000e\000r\000p\000r\000e\000t\000a\000t\000i\000o\000n}{section.0.24}% 53
\BOOKMARK [1][-]{section.0.25}{\376\377\000R\000e\000c\000u\000r\000s\000i\000v\000e\000\040\000U\000t\000i\000l\000i\000t\000y}{}% 54
\BOOKMARK [2][-]{subsection.0.25.1}{\376\377\000A\000\040\000w\000e\000l\000l\000-\000d\000e\000f\000i\000n\000e\000d\000\040\000v\000a\000l\000i\000d\000a\000t\000i\000o\000n\000\040\000p\000r\000o\000b\000l\000e\000m\000\040\000a\000t\000\040\000t\000h\000e\000\040\000r\000e\000t\000a\000i\000n\000e\000d\000\040\000p\000a\000r\000a\000m\000e\000t\000e\000r\000s}{section.0.25}% 55
\BOOKMARK [2][-]{subsection.0.25.2}{\376\377\000S\000t\000a\000b\000i\000l\000i\000t\000y\000\040\000a\000n\000d\000\040\000b\000a\000s\000e\000l\000i\000n\000e\000\040\000d\000e\000s\000i\000g\000n}{section.0.25}% 56
\BOOKMARK [1][-]{section.0.26}{\376\377\000E\000n\000d\000o\000g\000e\000n\000o\000u\000s\000\040\000P\000r\000e\000f\000e\000r\000e\000n\000c\000e\000s\000\040\000a\000n\000d\000\040\000P\000o\000r\000t\000f\000o\000l\000i\000o\000\040\000C\000h\000o\000i\000c\000e}{}% 57
\BOOKMARK [2][-]{subsection.0.26.1}{\376\377\000C\000a\000r\000d\000i\000n\000a\000l\000\040\000u\000t\000i\000l\000i\000t\000y\000\040\000a\000n\000d\000\040\000t\000h\000e\000\040\000o\000b\000j\000e\000c\000t\000i\000v\000e}{section.0.26}% 58
\BOOKMARK [2][-]{subsection.0.26.2}{\376\377\000H\000a\000m\000i\000l\000t\000o\000n\000i\000a\000n\000,\000\040\000c\000o\000n\000s\000t\000r\000a\000i\000n\000e\000d\000\040\000p\000o\000l\000i\000c\000i\000e\000s\000,\000\040\000a\000n\000d\000\040\000e\000c\000o\000n\000o\000m\000i\000c\000\040\000i\000m\000p\000l\000i\000c\000a\000t\000i\000o\000n\000s}{section.0.26}% 59
\BOOKMARK [2][-]{subsection.0.26.3}{\376\377\000I\000n\000d\000e\000p\000e\000n\000d\000e\000n\000t\000\040\000t\000w\000o\000-\000s\000t\000a\000t\000e\000\040\000r\000e\000f\000e\000r\000e\000n\000c\000e\000\040\000a\000n\000d\000\040\000i\000d\000e\000n\000t\000i\000f\000i\000c\000a\000t\000i\000o\000n}{section.0.26}% 60
\BOOKMARK [2][-]{subsection.0.26.4}{\376\377\000N\000e\000u\000r\000a\000l\000\040\000p\000r\000e\000f\000e\000r\000e\000n\000c\000e\000\040\000p\000o\000l\000i\000c\000i\000e\000s\000\040\000a\000n\000d\000\040\000t\000h\000e\000\040\000r\000o\000l\000e\000\040\000o\000f\000\040\000t\000h\000e\000\040\000a\000c\000t\000i\000o\000n\000\040\000o\000r\000a\000c\000l\000e}{section.0.26}% 61
\BOOKMARK [1][-]{section.0.27}{\376\377\000S\000o\000p\000h\000i\000s\000t\000i\000c\000a\000t\000e\000d\000\040\000T\000e\000m\000p\000o\000r\000a\000l\000\040\000S\000e\000l\000v\000e\000s}{}% 62
\BOOKMARK [2][-]{subsection.0.27.1}{\376\377\000A\000n\000\040\000e\000q\000u\000i\000l\000i\000b\000r\000i\000u\000m\000\040\000c\000a\000l\000c\000u\000l\000a\000t\000i\000o\000n\000\040\000w\000i\000t\000h\000\040\000e\000n\000d\000o\000g\000e\000n\000o\000u\000s\000\040\000c\000o\000n\000t\000i\000n\000u\000a\000t\000i\000o\000n\000\040\000v\000a\000l\000u\000e\000s}{section.0.27}% 63
\BOOKMARK [1][-]{section.0.28}{\376\377\000D\000y\000n\000a\000m\000i\000c\000\040\000G\000a\000m\000e\000s}{}% 64
\BOOKMARK [2][-]{subsection.0.28.1}{\376\377\000P\000l\000a\000y\000e\000r\000-\000s\000p\000e\000c\000i\000f\000i\000c\000\040\000d\000i\000f\000f\000e\000r\000e\000n\000t\000i\000a\000t\000i\000o\000n\000\040\000a\000n\000d\000\040\000d\000e\000v\000i\000a\000t\000i\000o\000n\000\040\000b\000o\000u\000n\000d\000s}{section.0.28}% 65
\BOOKMARK [2][-]{subsection.0.28.2}{\376\377\000S\000y\000m\000m\000e\000t\000r\000y\000\040\000a\000n\000d\000\040\000m\000a\000r\000k\000e\000t\000\040\000s\000c\000a\000l\000i\000n\000g}{section.0.28}% 66
\BOOKMARK [2][-]{subsection.0.28.3}{\376\377\000N\000e\000u\000r\000a\000l\000\040\000d\000y\000n\000a\000m\000i\000c\000\040\000c\000a\000p\000i\000t\000a\000l\000\040\000p\000o\000l\000i\000c\000i\000e\000s\000\040\000a\000n\000d\000\040\000f\000u\000l\000l\000\040\000u\000n\000i\000l\000a\000t\000e\000r\000a\000l\000\040\000d\000e\000v\000i\000a\000t\000i\000o\000n\000s}{section.0.28}% 67
\BOOKMARK [1][-]{section.0.29}{\376\377\000S\000c\000a\000l\000a\000b\000i\000l\000i\000t\000y\000\040\000a\000n\000d\000\040\000t\000h\000e\000\040\000D\000i\000f\000f\000u\000s\000i\000o\000n\000\040\000T\000r\000a\000c\000e}{}% 68
\BOOKMARK [2][-]{subsection.0.29.1}{\376\377\000T\000r\000a\000i\000n\000e\000d\000,\000\040\000c\000o\000u\000p\000l\000e\000d\000\040\000n\000o\000n\000q\000u\000a\000d\000r\000a\000t\000i\000c\000\040\000c\000a\000p\000i\000t\000a\000l\000\040\000e\000c\000o\000n\000o\000m\000i\000e\000s}{section.0.29}% 69
\BOOKMARK [2][-]{subsection.0.29.2}{\376\377\000M\000e\000t\000h\000o\000d\000-\000p\000a\000i\000r\000e\000d\000\040\000p\000a\000y\000o\000f\000f\000\040\000e\000v\000i\000d\000e\000n\000c\000e\000\040\000a\000n\000d\000\040\000a\000r\000i\000t\000h\000m\000e\000t\000i\000c\000\040\000r\000e\000p\000l\000a\000y}{section.0.29}% 70
\BOOKMARK [2][-]{subsection.0.29.3}{\376\377\000E\000x\000a\000c\000t\000\040\000a\000n\000d\000\040\000s\000t\000o\000c\000h\000a\000s\000t\000i\000c\000\040\000t\000r\000a\000c\000e\000\040\000c\000o\000m\000p\000u\000t\000a\000t\000i\000o\000n}{section.0.29}% 71
\BOOKMARK [1][-]{section.0.30}{\376\377\000V\000a\000l\000i\000d\000a\000t\000e\000d\000\040\000E\000v\000a\000l\000u\000a\000t\000i\000o\000n\000\040\000a\000n\000d\000\040\000A\000c\000t\000i\000o\000n\000\040\000I\000m\000p\000r\000o\000v\000e\000m\000e\000n\000t}{}% 72
\BOOKMARK [2][-]{subsection.0.30.1}{\376\377\000A\000n\000\040\000e\000v\000a\000l\000u\000a\000t\000i\000o\000n\000\040\000r\000u\000l\000e\000\040\000w\000i\000t\000h\000\040\000a\000\040\000p\000r\000e\000s\000c\000r\000i\000b\000e\000d\000\040\000n\000o\000d\000a\000l\000\040\000e\000r\000r\000o\000r}{section.0.30}% 73
\BOOKMARK [2][-]{subsection.0.30.2}{\376\377\000S\000i\000g\000n\000e\000d\000\040\000e\000n\000c\000l\000o\000s\000u\000r\000e\000s\000\040\000f\000o\000r\000\040\000c\000o\000n\000t\000i\000n\000u\000o\000u\000s\000\040\000a\000c\000t\000i\000o\000n\000s}{section.0.30}% 74
\BOOKMARK [1][-]{section.0.31}{\376\377\000C\000o\000s\000t\000,\000\040\000R\000e\000f\000i\000n\000e\000m\000e\000n\000t\000,\000\040\000a\000n\000d\000\040\000E\000c\000o\000n\000o\000m\000i\000c\000\040\000A\000c\000c\000u\000r\000a\000c\000y}{}% 75
\BOOKMARK [2][-]{subsection.0.31.1}{\376\377\000A\000\040\000t\000i\000g\000h\000t\000e\000r\000\040\000c\000e\000r\000t\000i\000f\000i\000c\000a\000t\000e\000\040\000f\000o\000r\000\040\000i\000d\000e\000n\000t\000i\000c\000a\000l\000\040\000f\000r\000o\000z\000e\000n\000\040\000p\000o\000l\000i\000c\000i\000e\000s}{section.0.31}% 76
\BOOKMARK [2][-]{subsection.0.31.2}{\376\377\000T\000h\000e\000\040\000w\000h\000o\000l\000e\000-\000d\000o\000m\000a\000i\000n\000\040\000r\000e\000f\000i\000n\000e\000m\000e\000n\000t\000\040\000f\000a\000i\000l\000u\000r\000e\000\040\000a\000n\000d\000\040\000i\000t\000s\000\040\000r\000e\000p\000a\000i\000r}{section.0.31}% 77
\BOOKMARK [2][-]{subsection.0.31.3}{\376\377\000A\000\040\000m\000o\000d\000e\000l\000-\000s\000p\000e\000c\000i\000f\000i\000c\000\040\000w\000e\000l\000f\000a\000r\000e\000\040\000a\000c\000c\000o\000u\000n\000t}{section.0.31}% 78
\BOOKMARK [2][-]{subsection.0.31.4}{\376\377\000A\000\040\000g\000l\000o\000b\000a\000l\000\040\000b\000e\000n\000c\000h\000m\000a\000r\000k\000\040\000f\000o\000r\000\040\000t\000h\000e\000\040\000c\000o\000u\000p\000l\000e\000d\000\040\000c\000a\000p\000i\000t\000a\000l\000\040\000e\000c\000o\000n\000o\000m\000y}{section.0.31}% 79
\BOOKMARK [1][-]{section.0.32}{\376\377\000T\000r\000a\000i\000n\000i\000n\000g\000,\000\040\000D\000e\000p\000l\000o\000y\000m\000e\000n\000t\000,\000\040\000a\000n\000d\000\040\000C\000e\000r\000t\000i\000f\000i\000e\000d\000\040\000C\000a\000p\000i\000t\000a\000l\000\040\000A\000c\000c\000u\000r\000a\000c\000y}{}% 80
\BOOKMARK [2][-]{subsection.0.32.1}{\376\377\000A\000\040\000f\000i\000x\000e\000d\000\040\000p\000r\000o\000t\000o\000c\000o\000l\000\040\000w\000i\000t\000h\000\040\000s\000t\000r\000o\000n\000g\000\040\000c\000o\000m\000p\000a\000r\000a\000t\000o\000r\000s}{section.0.32}% 81
\BOOKMARK [2][-]{subsection.0.32.2}{\376\377\000C\000o\000n\000t\000i\000n\000u\000o\000u\000s\000-\000t\000i\000m\000e\000\040\000a\000c\000c\000u\000r\000a\000c\000y\000\040\000a\000n\000d\000\040\000i\000t\000s\000\040\000e\000c\000o\000n\000o\000m\000i\000c\000\040\000s\000c\000a\000l\000e}{section.0.32}% 82
\BOOKMARK [2][-]{subsection.0.32.3}{\376\377\000W\000h\000a\000t\000\040\000i\000s\000\040\000l\000e\000a\000r\000n\000e\000d\000,\000\040\000a\000n\000d\000\040\000w\000h\000a\000t\000\040\000i\000s\000\040\000g\000u\000a\000r\000a\000n\000t\000e\000e\000d}{section.0.32}% 83
\BOOKMARK [1][-]{section.0.33}{\376\377\000P\000r\000i\000o\000r\000\040\000C\000o\000n\000c\000l\000u\000d\000i\000n\000g\000\040\000D\000i\000s\000c\000u\000s\000s\000i\000o\000n\000\040\000\050\000R\0001\0000\000\051}{}% 84
\BOOKMARK [1][-]{appendix.A}{\376\377\000A\000p\000p\000e\000n\000d\000i\000x\000\040\000A\000:\000\040\000P\000r\000o\000o\000f\000s}{}% 85
\BOOKMARK [2][-]{subsection.A.1}{\376\377\000P\000r\000o\000o\000f\000\040\000o\000f\000\040\000T\000h\000e\000o\000r\000e\000m\000\040\0002}{appendix.A}% 86
\BOOKMARK [2][-]{subsection.A.2}{\376\377\000E\000x\000a\000c\000t\000\040\000p\000o\000l\000i\000c\000y\000\040\000i\000m\000p\000r\000o\000v\000e\000m\000e\000n\000t}{appendix.A}% 87
\BOOKMARK [2][-]{subsection.A.3}{\376\377\000P\000r\000o\000o\000f\000\040\000o\000f\000\040\000T\000h\000e\000o\000r\000e\000m\000\040\0003}{appendix.A}% 88
\BOOKMARK [2][-]{subsection.A.4}{\376\377\000P\000r\000o\000o\000f\000\040\000o\000f\000\040\000T\000h\000e\000o\000r\000e\000m\000\040\0004}{appendix.A}% 89
\BOOKMARK [2][-]{subsection.A.5}{\376\377\000F\000i\000n\000i\000t\000e\000-\000h\000o\000r\000i\000z\000o\000n\000\040\000B\000e\000l\000l\000m\000a\000n\000\040\000e\000r\000r\000o\000r\000\040\000a\000c\000c\000u\000m\000u\000l\000a\000t\000i\000o\000n}{appendix.A}% 90
\BOOKMARK [2][-]{subsection.A.6}{\376\377\000D\000e\000r\000i\000v\000a\000t\000i\000o\000n\000\040\000o\000f\000\040\000t\000h\000e\000\040\000t\000e\000m\000p\000o\000r\000a\000l\000-\000s\000e\000l\000f\000\040\000c\000o\000n\000d\000i\000t\000i\000o\000n}{appendix.A}% 91
\BOOKMARK [1][-]{appendix.B}{\376\377\000A\000p\000p\000e\000n\000d\000i\000x\000\040\000B\000:\000\040\000P\000r\000o\000o\000f\000s\000\040\000f\000o\000r\000\040\000t\000h\000e\000\040\000G\000u\000a\000r\000d\000e\000d\000\040\000a\000n\000d\000\040\000S\000i\000g\000n\000e\000d\000\040\000M\000a\000p}{}% 92
\BOOKMARK [2][-]{subsection.B.1}{\376\377\000P\000r\000o\000o\000f\000\040\000o\000f\000\040\000P\000r\000o\000p\000o\000s\000i\000t\000i\000o\000n\000\040\0002}{appendix.B}% 93
\BOOKMARK [2][-]{subsection.B.2}{\376\377\000P\000r\000o\000o\000f\000\040\000o\000f\000\040\000T\000h\000e\000o\000r\000e\000m\000\040\0003}{appendix.B}% 94
\BOOKMARK [2][-]{subsection.B.3}{\376\377\000D\000e\000r\000i\000v\000a\000t\000i\000v\000e\000\040\000h\000u\000l\000l\000s\000\040\000f\000o\000r\000\040\000t\000h\000e\000\040\000p\000r\000e\000f\000e\000r\000e\000n\000c\000e\000\040\000e\000c\000o\000n\000o\000m\000y}{appendix.B}% 95
\BOOKMARK [2][-]{subsection.B.4}{\376\377\000P\000r\000o\000o\000f\000\040\000o\000f\000\040\000P\000r\000o\000p\000o\000s\000i\000t\000i\000o\000n\000\040\0004}{appendix.B}% 96
\BOOKMARK [2][-]{subsection.B.5}{\376\377\000C\000o\000m\000p\000e\000n\000s\000a\000t\000i\000o\000n\000\040\000a\000n\000d\000\040\000a\000r\000i\000t\000h\000m\000e\000t\000i\000c\000\040\000s\000c\000o\000p\000e}{appendix.B}% 97
\BOOKMARK [1][-]{appendix.C}{\376\377\000A\000p\000p\000e\000n\000d\000i\000x\000\040\000C\000:\000\040\000P\000r\000o\000o\000f\000\040\000o\000f\000\040\000t\000h\000e\000\040\000C\000o\000n\000t\000i\000n\000u\000o\000u\000s\000-\000C\000a\000p\000i\000t\000a\000l\000\040\000G\000u\000a\000r\000a\000n\000t\000e\000e}{}% 98
\BOOKMARK [2][-]{subsection.C.1}{\376\377\000L\000o\000g\000a\000r\000i\000t\000h\000m\000i\000c\000\040\000t\000a\000n\000g\000e\000n\000t\000\040\000r\000e\000m\000a\000i\000n\000d\000e\000r}{appendix.C}% 99
\BOOKMARK [2][-]{subsection.C.2}{\376\377\000S\000y\000n\000c\000h\000r\000o\000n\000o\000u\000s\000\040\000c\000o\000m\000p\000a\000r\000i\000s\000o\000n\000\040\000a\000n\000d\000\040\000b\000a\000s\000e\000l\000i\000n\000e\000\040\000m\000o\000m\000e\000n\000t\000s}{appendix.C}% 100
\BOOKMARK [2][-]{subsection.C.3}{\376\377\000A\000n\000\040\000e\000x\000a\000c\000t\000\040\000p\000a\000y\000o\000f\000f\000-\000d\000i\000f\000f\000e\000r\000e\000n\000c\000e\000\040\000i\000d\000e\000n\000t\000i\000t\000y}{appendix.C}% 101
\BOOKMARK [2][-]{subsection.C.4}{\376\377\000I\000n\000t\000e\000r\000v\000a\000l\000\040\000s\000p\000e\000c\000t\000r\000a\000l\000\040\000a\000n\000d\000\040\000d\000e\000p\000l\000o\000y\000m\000e\000n\000t\000\040\000c\000h\000e\000c\000k\000s}{appendix.C}% 102
\BOOKMARK [1][-]{appendix.D}{\376\377\000A\000p\000p\000e\000n\000d\000i\000x\000\040\000D\000:\000\040\000R\000e\000p\000l\000i\000c\000a\000t\000i\000o\000n\000\040\000a\000n\000d\000\040\000S\000c\000o\000p\000e\000\040\000o\000f\000\040\000N\000u\000m\000e\000r\000i\000c\000a\000l\000\040\000E\000v\000i\000d\000e\000n\000c\000e}{}% 103
\BOOKMARK [2][-]{paragraph.D.0.0.1}{\376\377\000R\0009\000\040\000r\000e\000v\000i\000s\000i\000o\000n\000\040\000r\000e\000c\000o\000r\000d\000.}{appendix.D}% 104
\BOOKMARK [3][-]{paragraph.D.0.0.2}{\376\377\000R\0001\0000\000\040\000r\000e\000v\000i\000s\000i\000o\000n\000\040\000r\000e\000c\000o\000r\000d\000.}{paragraph.D.0.0.1}% 105
\BOOKMARK [1][-]{appendix.E}{\376\377\000R\0001\0001\000\040\000C\000o\000m\000p\000l\000e\000t\000e\000\040\000N\000u\000m\000e\000r\000i\000c\000a\000l\000\040\000R\000e\000c\000o\000r\000d}{}% 106
\BOOKMARK [1][-]{bibliography-section.1}{\376\377\000R\000e\000f\000e\000r\000e\000n\000c\000e\000s}{}% 107
