This is pdfTeX, Version 3.141592653-2.6-1.40.25 (TeX Live 2023/Debian) (preloaded format=pdflatex)
entering extended mode
(./supp.tex
LaTeX2e <2023-11-01> patch level 1
L3 programming layer <2024-01-22>
(./econsocart.cls
Document Class: econsocart 2022/11/21 v1.4.1, The Econometric Society Journals
(/usr/share/texlive/texmf-dist/tex/latex/etoolbox/etoolbox.sty)
(./econsocart.cfg) (/usr/share/texlive/texmf-dist/tex/latex/base/fix-cm.sty
(/usr/share/texlive/texmf-dist/tex/latex/base/ts1enc.def))
(/usr/share/texlive/texmf-dist/tex/latex/graphics/graphicx.sty
(/usr/share/texlive/texmf-dist/tex/latex/graphics/keyval.sty)
(/usr/share/texlive/texmf-dist/tex/latex/graphics/graphics.sty
(/usr/share/texlive/texmf-dist/tex/latex/graphics/trig.sty)
(/usr/share/texlive/texmf-dist/tex/latex/graphics-cfg/graphics.cfg)
(/usr/share/texlive/texmf-dist/tex/latex/graphics-def/pdftex.def)))
(/usr/share/texlive/texmf-dist/tex/latex/base/fontenc.sty)
(/usr/share/texlive/texmf-dist/tex/latex/psnfss/times.sty)
(/usr/share/texlive/texmf-dist/tex/latex/textcase/textcase.sty)
(/usr/share/texlive/texmf-dist/tex/latex/psnfss/helvet.sty)
(/usr/share/texlive/texmf-dist/tex/latex/base/textcomp.sty)
(/usr/share/texlive/texmf-dist/tex/latex/psnfss/t1ptm.fd)
(/usr/share/texlive/texmf-dist/tex/latex/amsfonts/amssymb.sty
(/usr/share/texlive/texmf-dist/tex/latex/amsfonts/amsfonts.sty))
(/usr/share/texlive/texmf-dist/tex/latex/tools/bm.sty)
(/usr/share/texlive/texmf-dist/tex/latex/url/url.sty)
(/usr/share/texlive/texmf-dist/tex/latex/amsmath/amsmath.sty
For additional information on amsmath, use the `?' option.
(/usr/share/texlive/texmf-dist/tex/latex/amsmath/amstext.sty
(/usr/share/texlive/texmf-dist/tex/latex/amsmath/amsgen.sty))
(/usr/share/texlive/texmf-dist/tex/latex/amsmath/amsbsy.sty)
(/usr/share/texlive/texmf-dist/tex/latex/amsmath/amsopn.sty))
(/usr/share/texlive/texmf-dist/tex/latex/amscls/amsthm.sty)
(/usr/share/texlive/texmf-dist/tex/latex/natbib/natbib.sty))
(/usr/share/texlive/texmf-dist/tex/latex/hyperref/hyperref.sty
(/usr/share/texlive/texmf-dist/tex/generic/iftex/iftex.sty)
(/usr/share/texlive/texmf-dist/tex/latex/kvsetkeys/kvsetkeys.sty)
(/usr/share/texlive/texmf-dist/tex/generic/kvdefinekeys/kvdefinekeys.sty)
(/usr/share/texlive/texmf-dist/tex/generic/pdfescape/pdfescape.sty
(/usr/share/texlive/texmf-dist/tex/generic/ltxcmds/ltxcmds.sty)
(/usr/share/texlive/texmf-dist/tex/generic/pdftexcmds/pdftexcmds.sty
(/usr/share/texlive/texmf-dist/tex/generic/infwarerr/infwarerr.sty)))
(/usr/share/texlive/texmf-dist/tex/latex/hycolor/hycolor.sty)
(/usr/share/texlive/texmf-dist/tex/latex/auxhook/auxhook.sty)
(/usr/share/texlive/texmf-dist/tex/latex/hyperref/nameref.sty
(/usr/share/texlive/texmf-dist/tex/latex/refcount/refcount.sty)
(/usr/share/texlive/texmf-dist/tex/generic/gettitlestring/gettitlestring.sty
(/usr/share/texlive/texmf-dist/tex/latex/kvoptions/kvoptions.sty)))
(/usr/share/texlive/texmf-dist/tex/latex/hyperref/pd1enc.def)
(/usr/share/texlive/texmf-dist/tex/generic/intcalc/intcalc.sty)
(/usr/share/texlive/texmf-dist/tex/latex/hyperref/puenc.def)
(/usr/share/texlive/texmf-dist/tex/generic/bitset/bitset.sty
(/usr/share/texlive/texmf-dist/tex/generic/bigintcalc/bigintcalc.sty))
(/usr/share/texlive/texmf-dist/tex/latex/base/atbegshi-ltx.sty))
(/usr/share/texlive/texmf-dist/tex/latex/hyperref/hpdftex.def
(/usr/share/texlive/texmf-dist/tex/latex/base/atveryend-ltx.sty)
(/usr/share/texlive/texmf-dist/tex/latex/rerunfilecheck/rerunfilecheck.sty
(/usr/share/texlive/texmf-dist/tex/generic/uniquecounter/uniquecounter.sty)))
(/usr/share/texlive/texmf-dist/tex/latex/booktabs/booktabs.sty)
(/usr/share/texlive/texmf-dist/tex/latex/tools/array.sty)
(/usr/share/texlive/texmf-dist/tex/latex/tools/longtable.sty)
(/usr/share/texlive/texmf-dist/tex/latex/algorithms/algorithm.sty
(/usr/share/texlive/texmf-dist/tex/latex/float/float.sty)
(/usr/share/texlive/texmf-dist/tex/latex/base/ifthen.sty))
(/usr/share/texlive/texmf-dist/tex/latex/algorithmicx/algpseudocode.sty
(/usr/share/texlive/texmf-dist/tex/latex/algorithmicx/algorithmicx.sty
Document Style algorithmicx 1.2 - a greatly improved `algorithmic' style
)
Document Style - pseudocode environments for use with the `algorithmicx' style
) (/usr/share/texlive/texmf-dist/tex/latex/enumitem/enumitem.sty)
(/usr/share/texlive/texmf-dist/tex/latex/base/fontenc.sty)
(/usr/share/texlive/texmf-dist/tex/latex/psnfss/mathpazo.sty)
(/usr/share/texlive/texmf-dist/tex/latex/microtype/microtype.sty
(/usr/share/texlive/texmf-dist/tex/latex/microtype/microtype-pdftex.def)
(/usr/share/texlive/texmf-dist/tex/latex/microtype/microtype.cfg))
(/usr/share/texlive/texmf-dist/tex/latex/tools/xr.sty)
(/usr/share/texlive/texmf-dist/tex/latex/psnfss/t1pcr.fd)
(/usr/share/texlive/texmf-dist/tex/latex/hyperref/backref.sty)
(/usr/share/texlive/texmf-dist/tex/latex/psnfss/t1ppl.fd)
(/usr/share/texlive/texmf-dist/tex/latex/l3backend/l3backend-pdftex.def)
(revisions/2026-10-04-r11/build/supp.aux)
(/usr/share/texlive/texmf-dist/tex/context/base/mkii/supp-pdf.mkii
[Loading MPS to PDF converter (version 2006.09.02).]
) (/usr/share/texlive/texmf-dist/tex/latex/graphics/color.sty
(/usr/share/texlive/texmf-dist/tex/latex/graphics-cfg/color.cfg)
(/usr/share/texlive/texmf-dist/tex/latex/graphics/mathcolor.ltx))
(revisions/2026-10-04-r11/build/supp.out)
(revisions/2026-10-04-r11/build/supp.out)
(/usr/share/texlive/texmf-dist/tex/latex/microtype/mt-ppl.cfg)
(./revisions/2026-10-04-r11/manuscript/proofs.tex
(/usr/share/texlive/texmf-dist/tex/latex/psnfss/ot1ppl.fd)
(/usr/share/texlive/texmf-dist/tex/latex/psnfss/omlzplm.fd)
(/usr/share/texlive/texmf-dist/tex/latex/psnfss/omszplm.fd)
(/usr/share/texlive/texmf-dist/tex/latex/psnfss/omxzplm.fd)
(/usr/share/texlive/texmf-dist/tex/latex/microtype/mt-msa.cfg)
(/usr/share/texlive/texmf-dist/tex/latex/microtype/mt-msb.cfg)
(/usr/share/texlive/texmf-dist/tex/latex/microtype/mt-cmr.cfg)
(/usr/share/texlive/texmf-dist/tex/latex/psnfss/ot1zplm.fd)
Underfull \vbox (badness 1132) has occurred while \output is active [1
Non-PDF special ignored!
<special> papersize=614.295pt,794.96999pt
{/var/lib/texmf/fonts/map/pdftex/updmap/pdftex.map}{/usr/share/texlive/texmf-di
st/fonts/enc/dvips/base/8r.enc}]
(/usr/share/texlive/texmf-dist/tex/latex/psnfss/ufplmbb.fd)

LaTeX Font Warning: Font shape `T1/ppl/m/uc' undefined
(Font)              using `T1/ppl/m/n' instead on input line 49.


LaTeX Font Warning: Font shape `T1/ppl/m/up' undefined
(Font)              using `T1/ppl/m/n' instead on input line 49.

[2] [3] [4]
Underfull \hbox (badness 922) in paragraph at lines 98--99
[]\T1/ppl/m/up/12 (+20) The sam-pling con-tract is ideal in-de-pen-dent standar
d-normal in-no-va-tions

Underfull \vbox (badness 2781) has occurred while \output is active [5]

Package natbib Warning: Citation `maurer2009' on page 6 undefined on input line
 136.

[6]) [7] [8]
Underfull \vbox (badness 2310) has occurred while \output is active [9]
[10]
Underfull \vbox (badness 2478) has occurred while \output is active [11]
[12] [13] [14] [15]
(./revisions/2026-09-29-r6/manuscript/supplement_details.tex [16] [17]
Underfull \vbox (badness 2772) has occurred while \output is active [18]
[19]) (./revisions/2026-09-29-r6/manuscript/tables_supplement.tex [20] [21]
[22] [23]) (./revisions/2026-10-04-r11/manuscript/r8_supplement_layout.tex
[24] [25]
Underfull \vbox (badness 10000) has occurred while \output is active [26]
(./revisions/2026-10-03-r8/manuscript/table_refinement.tex [27])
Underfull \vbox (badness 10000) has occurred while \output is active [28]
(./revisions/2026-10-03-r8/manuscript/table_missing_pure.tex) [29
pdfTeX warning (ext4): destination with the same identifier (name{table.0.6}) h
as been already used, duplicate ignored
<argument> ...shipout:D \box_use:N \l_shipout_box 
                                                  \__shipout_drop_firstpage_...
l.59 \section
             {Paired Payoffs, Costs, and Economic Scaling}\label{supp:r8-pai...
] (./revisions/2026-10-03-r8/manuscript/table_paired_all.tex [30])
(./revisions/2026-10-03-r8/manuscript/table_additional_comparisons.tex)
Underfull \vbox (badness 10000) has occurred while \output is active [31]
(./revisions/2026-10-03-r8/manuscript/table_failures.tex) [32
pdfTeX warning (ext4): destination with the same identifier (name{table.0.8}) h
as been already used, duplicate ignored
<argument> ...shipout:D \box_use:N \l_shipout_box 
                                                  \__shipout_drop_firstpage_...
l.71 \subsection
                {R6 preference-policy discussion (historical)}]
(./revisions/2026-10-04-r11/manuscript/history_ndu_layout.tex [33
pdfTeX warning (ext4): destination with the same identifier (name{table.0.9}) h
as been already used, duplicate ignored
<argument> ...shipout:D \box_use:N \l_shipout_box 
                                                  \__shipout_drop_firstpage_...
l.6 F
     or the principal comparison, $(n_u,n_x,N_t)=(17,25,20)$ and $k=1$. The ...
] (./revisions/2026-09-29-r6/manuscript/table_ndu.tex))
Underfull \vbox (badness 2846) has occurred while \output is active [34
pdfTeX warning (ext4): destination with the same identifier (name{table.0.10}) 
has been already used, duplicate ignored
<argument> ...shipout:D \box_use:N \l_shipout_box 
                                                  \__shipout_drop_firstpage_...
l.73 \subsection
                {R6 dynamic-game discussion (historical)}]
(./revisions/2026-10-04-r11/manuscript/history_games_layout.tex
(./revisions/2026-09-29-r6/manuscript/table_game.tex)))
(./revisions/2026-10-03-r9/manuscript/supplement.tex [35]
(./revisions/2026-10-03-r9/manuscript/table_full_domain.tex)
(./revisions/2026-10-03-r9/manuscript/table_boundary.tex)
(./revisions/2026-10-03-r9/manuscript/table_saturation.tex) [36
pdfTeX warning (ext4): destination with the same identifier (name{table.0.11}) 
has been already used, duplicate ignored
<argument> ...shipout:D \box_use:N \l_shipout_box 
                                                  \__shipout_drop_firstpage_...
l.6 \clearpage
              ] [37
pdfTeX warning (ext4): destination with the same identifier (name{table.0.12}) 
has been already used, duplicate ignored
<argument> ...shipout:D \box_use:N \l_shipout_box 
                                                  \__shipout_drop_firstpage_...
l.6 \clearpage
              ] [38
pdfTeX warning (ext4): destination with the same identifier (name{table.0.13}) 
has been already used, duplicate ignored
<argument> ...shipout:D \box_use:N \l_shipout_box 
                                                  \__shipout_drop_firstpage_...
l.6 \clearpage
              ] [39
pdfTeX warning (ext4): destination with the same identifier (name{table.0.14}) 
has been already used, duplicate ignored
<argument> ...shipout:D \box_use:N \l_shipout_box 
                                                  \__shipout_drop_firstpage_...
l.6 \clearpage
              ] (./revisions/2026-10-03-r9/manuscript/table_nested_all.tex)
(./revisions/2026-10-03-r9/manuscript/table_nested_cert.tex)
(./revisions/2026-10-03-r9/manuscript/table_cost.tex) [40
pdfTeX warning (ext4): destination with the same identifier (name{table.0.15}) 
has been already used, duplicate ignored
<argument> ...shipout:D \box_use:N \l_shipout_box 
                                                  \__shipout_drop_firstpage_...
l.12 \clearpage
               ] [41
pdfTeX warning (ext4): destination with the same identifier (name{table.0.16}) 
has been already used, duplicate ignored
<argument> ...shipout:D \box_use:N \l_shipout_box 
                                                  \__shipout_drop_firstpage_...
l.12 \clearpage
               ] [42
pdfTeX warning (ext4): destination with the same identifier (name{table.0.17}) 
has been already used, duplicate ignored
<argument> ...shipout:D \box_use:N \l_shipout_box 
                                                  \__shipout_drop_firstpage_...
l.12 \clearpage
               ] (./revisions/2026-10-03-r9/manuscript/table_schedule.tex)
(./revisions/2026-10-03-r9/manuscript/table_schedule_pairs.tex))
(./revisions/2026-10-04-r11/manuscript/r10_supplement_layout.tex
(./revisions/2026-10-04-r11/manuscript/r10_layout_table_all_fits.tex [43
pdfTeX warning (ext4): destination with the same identifier (name{table.0.18}) 
has been already used, duplicate ignored
<argument> ...shipout:D \box_use:N \l_shipout_box 
                                                  \__shipout_drop_firstpage_...
l.1 \begin{longtable}
                     {rlrrrrrr}]
Underfull \vbox (badness 7888) has occurred while \output is active [44
pdfTeX warning (ext4): destination with the same identifier (name{table.0.19}) 
has been already used, duplicate ignored
<argument> ...shipout:D \box_use:N \l_shipout_box 
                                                  \__shipout_drop_firstpage_...
l.37 \end{longtable}
                    ] [45])
(./revisions/2026-10-04-r11/manuscript/r10_layout_table_all_bounds.tex [46]
[47]) [48]) (./revisions/2026-10-04-r11/manuscript/retained_applications.tex
Underfull \vbox (badness 10000) has occurred while \output is active [49]
[50]

Package natbib Warning: Citation `herdegen2021' on page 51 undefined on input l
ine 49.

[51
pdfTeX warning (ext4): destination with the same identifier (name{table.0.22}) 
has been already used, duplicate ignored
<argument> ...shipout:D \box_use:N \l_shipout_box 
                                                  \__shipout_drop_firstpage_...
l.55 \end{equation}
                   ]

Package natbib Warning: Citation `herdegen2021' on page 52 undefined on input l
ine 69.

[52]
Underfull \vbox (badness 3396) has occurred while \output is active [53]
[54] [55] (./revisions/2026-10-03-r8/manuscript/ndu.tex [56]
(./revisions/2026-10-03-r8/manuscript/table_r7_ndu.tex)
Underfull \vbox (badness 10000) has occurred while \output is active [57]
(./revisions/2026-10-03-r8/manuscript/table_continuous.tex)
(./revisions/2026-10-03-r8/manuscript/table_action_bounds.tex) [58
pdfTeX warning (ext4): destination with the same identifier (name{table.0.23}) 
has been already used, duplicate ignored
<argument> ...shipout:D \box_use:N \l_shipout_box 
                                                  \__shipout_drop_firstpage_...
l.23 
     ]

Package natbib Warning: Citation `sirignano2018' on page 59 undefined on input 
line 25.

[59
pdfTeX warning (ext4): destination with the same identifier (name{table.0.24}) 
has been already used, duplicate ignored
<argument> ...shipout:D \box_use:N \l_shipout_box 
                                                  \__shipout_drop_firstpage_...
l.26 
     ]) [60
pdfTeX warning (ext4): destination with the same identifier (name{table.0.25}) 
has been already used, duplicate ignored
<argument> ...shipout:D \box_use:N \l_shipout_box 
                                                  \__shipout_drop_firstpage_...
l.144 
      ] [61]
Underfull \vbox (badness 6995) has occurred while \output is active [62]
[63] (./revisions/2026-10-03-r8/manuscript/games.tex [64]
(./revisions/2026-10-03-r8/manuscript/table_r7_games.tex) [65
pdfTeX warning (ext4): destination with the same identifier (name{table.0.26}) 
has been already used, duplicate ignored
<argument> ...shipout:D \box_use:N \l_shipout_box 
                                                  \__shipout_drop_firstpage_...
l.9 
    ] (./revisions/2026-10-03-r8/manuscript/table_game_comparisons.tex))
[66
pdfTeX warning (ext4): destination with the same identifier (name{table.0.27}) 
has been already used, duplicate ignored
<argument> ...shipout:D \box_use:N \l_shipout_box 
                                                  \__shipout_drop_firstpage_...
l.217 
      ] [67] (./revisions/2026-09-29-r6/manuscript/coupled.tex
(./revisions/2026-09-29-r6/manuscript/table_coupled.tex))
(./revisions/2026-10-03-r8/manuscript/coverage.tex [68]
(./revisions/2026-10-03-r8/manuscript/table_paired_summary.tex)
Underfull \vbox (badness 10000) has occurred while \output is active [69
pdfTeX warning (ext4): destination with the same identifier (name{table.0.28}) 
has been already used, duplicate ignored
<argument> ...shipout:D \box_use:N \l_shipout_box 
                                                  \__shipout_drop_firstpage_...
l.5 
    ] [70
pdfTeX warning (ext4): destination with the same identifier (name{table.0.29}) 
has been already used, duplicate ignored
<argument> ...shipout:D \box_use:N \l_shipout_box 
                                                  \__shipout_drop_firstpage_...
l.5 
    ]) [71] (./revisions/2026-09-29-r6/manuscript/trace.tex)
(./revisions/2026-10-03-r9/manuscript/method.tex
Underfull \vbox (badness 10000) has occurred while \output is active [72]
[73] [74]) (./revisions/2026-10-03-r9/manuscript/results.tex
Underfull \vbox (badness 2951) has occurred while \output is active [75]
(./revisions/2026-10-03-r9/manuscript/table_common.tex) [76
pdfTeX warning (ext4): destination with the same identifier (name{table.0.30}) 
has been already used, duplicate ignored
<argument> ...shipout:D \box_use:N \l_shipout_box 
                                                  \__shipout_drop_firstpage_...
l.10 
     ] (./revisions/2026-10-03-r9/manuscript/table_matched.tex) [77
pdfTeX warning (ext4): destination with the same identifier (name{table.0.31}) 
has been already used, duplicate ignored
<argument> ...shipout:D \box_use:N \l_shipout_box 
                                                  \__shipout_drop_firstpage_...
l.16 
     ] (./revisions/2026-10-03-r9/manuscript/table_nested.tex) [78
pdfTeX warning (ext4): destination with the same identifier (name{table.0.32}) 
has been already used, duplicate ignored
<argument> ...shipout:D \box_use:N \l_shipout_box 
                                                  \__shipout_drop_firstpage_...
l.22 
     ] (./revisions/2026-10-03-r9/manuscript/table_welfare.tex)
(./revisions/2026-10-03-r9/manuscript/capital.tex
Underfull \vbox (badness 3907) has occurred while \output is active [79]
[80
pdfTeX warning (ext4): destination with the same identifier (name{table.0.33}) 
has been already used, duplicate ignored
<argument> ...shipout:D \box_use:N \l_shipout_box 
                                                  \__shipout_drop_firstpage_...
l.20 \]
       ] (./revisions/2026-10-03-r9/manuscript/table_capital.tex))))
(./revisions/2026-10-04-r10/manuscript/study.tex [81
pdfTeX warning (ext4): destination with the same identifier (name{table.0.34}) 
has been already used, duplicate ignored
<argument> ...shipout:D \box_use:N \l_shipout_box 
                                                  \__shipout_drop_firstpage_...
l.1 \section
            {Training, Deployment, and Certified Capital Accuracy}\label{sec...
] (./revisions/2026-10-04-r10/manuscript/table_bounds.tex) [82] [83
pdfTeX warning (ext4): destination with the same identifier (name{table.0.35}) 
has been already used, duplicate ignored
<argument> ...shipout:D \box_use:N \l_shipout_box 
                                                  \__shipout_drop_firstpage_...
l.18 \[
       ] (./revisions/2026-10-04-r10/manuscript/table_cost.tex)
(./revisions/2026-10-04-r10/manuscript/table_paired.tex))
(./revisions/2026-10-04-r11/manuscript/retained_conclusion.tex [84] [85
pdfTeX warning (ext4): destination with the same identifier (name{table.0.36}) 
has been already used, duplicate ignored
<argument> ...shipout:D \box_use:N \l_shipout_box 
                                                  \__shipout_drop_firstpage_...
l.5 
    ]) (./revisions/2026-10-04-r11/manuscript/retained_proofs.tex

LaTeX Font Warning: Font shape `T1/ppl/m/scit' undefined
(Font)              using `T1/ppl/m/sc' instead on input line 3.

[86
pdfTeX warning (ext4): destination with the same identifier (name{table.0.37}) 
has been already used, duplicate ignored
<argument> ...shipout:D \box_use:N \l_shipout_box 
                                                  \__shipout_drop_firstpage_...
l.5 \[
      ]

LaTeX Font Warning: Font shape `T1/ppl/m/scit' undefined
(Font)              using `T1/ppl/m/sc' instead on input line 13.


LaTeX Font Warning: Font shape `T1/ppl/m/scit' undefined
(Font)              using `T1/ppl/m/sc' instead on input line 16.


Underfull \vbox (badness 3098) has occurred while \output is active [87]

LaTeX Font Warning: Font shape `T1/ppl/m/scit' undefined
(Font)              using `T1/ppl/m/sc' instead on input line 26.


Package natbib Warning: Citation `barles1991' on page 88 undefined on input lin
e 32.


Package natbib Warning: Citation `crandall1992' on page 88 undefined on input l
ine 32.

[88]

LaTeX Font Warning: Font shape `T1/ppl/m/scit' undefined
(Font)              using `T1/ppl/m/sc' instead on input line 34.


LaTeX Font Warning: Font shape `T1/ppl/m/scit' undefined
(Font)              using `T1/ppl/m/sc' instead on input line 42.

(./revisions/2026-10-03-r9/manuscript/proofs.tex

LaTeX Font Warning: Font shape `T1/ppl/m/scit' undefined
(Font)              using `T1/ppl/m/sc' instead on input line 2.

[89]

LaTeX Font Warning: Font shape `T1/ppl/m/scit' undefined
(Font)              using `T1/ppl/m/sc' instead on input line 5.

[90]

LaTeX Font Warning: Font shape `T1/ppl/m/scit' undefined
(Font)              using `T1/ppl/m/sc' instead on input line 16.


LaTeX Font Warning: Font shape `T1/ppl/m/scit' undefined
(Font)              using `T1/ppl/m/sc' instead on input line 33.

[91]

LaTeX Font Warning: Font shape `T1/ppl/m/scit' undefined
(Font)              using `T1/ppl/m/sc' instead on input line 43.

[92]) (./revisions/2026-10-04-r10/manuscript/proofs.tex

LaTeX Font Warning: Font shape `T1/ppl/m/scit' undefined
(Font)              using `T1/ppl/m/sc' instead on input line 4.

[93]

LaTeX Font Warning: Font shape `T1/ppl/m/scit' undefined
(Font)              using `T1/ppl/m/sc' instead on input line 24.


LaTeX Font Warning: Font shape `T1/ppl/m/scit' undefined
(Font)              using `T1/ppl/m/sc' instead on input line 45.

[94]

LaTeX Font Warning: Font shape `T1/ppl/m/scit' undefined
(Font)              using `T1/ppl/m/sc' instead on input line 81.

) [95] [96]

Package hyperref Warning: Difference (3) between bookmark levels is greater 
(hyperref)                than one, level fixed on input line 74.


Package hyperref Warning: Difference (2) between bookmark levels is greater 
(hyperref)                than one, level fixed on input line 77.

) [97] (./revisions/2026-10-04-r11/manuscript/table_all_seeds.tex [98] [99]
[100]) (./revisions/2026-10-04-r11/manuscript/table_all_frontiers.tex [101])
(./revisions/2026-10-04-r11/manuscript/table_all_sensitivity.tex [102])
(./revisions/2026-10-04-r11/manuscript/table_greedy.tex)
(revisions/2026-10-04-r11/build/supp.bbl
No file supp.brf.
[103
pdfTeX warning (ext4): destination with the same identifier (name{table.E.4}) h
as been already used, duplicate ignored
<argument> ...shipout:D \box_use:N \l_shipout_box 
                                                  \__shipout_drop_firstpage_...
l.17 
     ])

Package natbib Warning: There were undefined citations.

[104] (revisions/2026-10-04-r11/build/supp.aux

Package natbib Warning: Citation(s) may have changed.
(natbib)                Rerun to get citations correct.

)

LaTeX Font Warning: Some font shapes were not available, defaults substituted.


LaTeX Warning: Label(s) may have changed. Rerun to get cross-references right.


Package rerunfilecheck Warning: File `supp.out' has changed.
(rerunfilecheck)                Rerun to get outlines right
(rerunfilecheck)                or use package `bookmark'.


Package rerunfilecheck Warning: File `supp.brf' has changed.
(rerunfilecheck)                Rerun to get bibliographical references right.

 )
(see the transcript file for additional information)
pdfTeX warning (dest): name{equation.0.6.37} has been referenced but does not e
xist, replaced by a fixed one


pdfTeX warning (dest): name{equation.0.6.34} has been referenced but does not e
xist, replaced by a fixed one


pdfTeX warning (dest): name{equation.0.6.33} has been referenced but does not e
xist, replaced by a fixed one


pdfTeX warning (dest): name{equation.0.4.18} has been referenced but does not e
xist, replaced by a fixed one


pdfTeX warning (dest): name{equation.0.4.17} has been referenced but does not e
xist, replaced by a fixed one


pdfTeX warning (dest): name{equation.0.4.16} has been referenced but does not e
xist, replaced by a fixed one


pdfTeX warning (dest): name{equation.0.4.14} has been referenced but does not e
xist, replaced by a fixed one


pdfTeX warning (dest): name{equation.0.4.15} has been referenced but does not e
xist, replaced by a fixed one


pdfTeX warning (dest): name{theorem.7} has been referenced but does not exist, 
replaced by a fixed one


pdfTeX warning (dest): name{theorem.8} has been referenced but does not exist, 
replaced by a fixed one


pdfTeX warning (dest): name{equation.0.7.42} has been referenced but does not e
xist, replaced by a fixed one


pdfTeX warning (dest): name{equation.0.7.41} has been referenced but does not e
xist, replaced by a fixed one

</usr/share/texlive/texmf-dist/fonts/type1/public/amsfonts/cm/cmbx12.pfb></usr/
share/texlive/texmf-dist/fonts/type1/public/amsfonts/cm/cmex10.pfb></usr/share/
texlive/texmf-dist/fonts/type1/public/amsfonts/cm/cmmi10.pfb></usr/share/texliv
e/texmf-dist/fonts/type1/public/amsfonts/cm/cmr10.pfb></usr/share/texlive/texmf
-dist/fonts/type1/public/amsfonts/cm/cmsy10.pfb></usr/share/texlive/texmf-dist/
fonts/type1/public/mathpazo/fplmbb.pfb></usr/share/texlive/texmf-dist/fonts/typ
e1/public/mathpazo/fplmr.pfb></usr/share/texlive/texmf-dist/fonts/type1/public/
mathpazo/fplmri.pfb></usr/share/texlive/texmf-dist/fonts/type1/public/amsfonts/
symbols/msam10.pfb></usr/share/texlive/texmf-dist/fonts/type1/urw/courier/ucrr8
a.pfb></usr/share/texlive/texmf-dist/fonts/type1/urw/palatino/uplb8a.pfb></usr/
share/texlive/texmf-dist/fonts/type1/urw/palatino/uplr8a.pfb></usr/share/texliv
e/texmf-dist/fonts/type1/urw/palatino/uplri8a.pfb>
Output written on revisions/2026-10-04-r11/build/supp.pdf (104 pages, 448012 by
tes).
Transcript written on revisions/2026-10-04-r11/build/supp.log.
