This is pdfTeX, Version 3.141592653-2.6-1.40.25 (TeX Live 2023/Debian) (preloaded format=pdflatex)
 restricted \write18 enabled.
entering extended mode
(/home/runner/work/NBO/NBO/work/revisions/2026-10-07-r41/ECTA.tex
LaTeX2e <2023-11-01> patch level 1
L3 programming layer <2024-01-22>
(/home/runner/work/NBO/NBO/work/revisions/2026-10-07-r41/econsocart.cls
Document Class: econsocart 2022/11/21 v1.4.1, The Econometric Society Journals
(/usr/share/texlive/texmf-dist/tex/latex/etoolbox/etoolbox.sty)
(/home/runner/work/NBO/NBO/work/revisions/2026-10-07-r41/econsocart.cfg)
(/usr/share/texlive/texmf-dist/tex/latex/base/fix-cm.sty
(/usr/share/texlive/texmf-dist/tex/latex/base/ts1enc.def))
(/usr/share/texlive/texmf-dist/tex/latex/graphics/graphicx.sty
(/usr/share/texlive/texmf-dist/tex/latex/graphics/keyval.sty)
(/usr/share/texlive/texmf-dist/tex/latex/graphics/graphics.sty
(/usr/share/texlive/texmf-dist/tex/latex/graphics/trig.sty)
(/usr/share/texlive/texmf-dist/tex/latex/graphics-cfg/graphics.cfg)
(/usr/share/texlive/texmf-dist/tex/latex/graphics-def/pdftex.def)))
(/usr/share/texlive/texmf-dist/tex/latex/base/fontenc.sty)
(/usr/share/texlive/texmf-dist/tex/latex/psnfss/times.sty)
(/usr/share/texlive/texmf-dist/tex/latex/textcase/textcase.sty)
(/usr/share/texlive/texmf-dist/tex/latex/psnfss/helvet.sty)
(/usr/share/texlive/texmf-dist/tex/latex/base/textcomp.sty)
(/usr/share/texlive/texmf-dist/tex/latex/psnfss/t1ptm.fd)
(/usr/share/texlive/texmf-dist/tex/latex/amsfonts/amssymb.sty
(/usr/share/texlive/texmf-dist/tex/latex/amsfonts/amsfonts.sty))
(/usr/share/texlive/texmf-dist/tex/latex/tools/bm.sty)
(/usr/share/texlive/texmf-dist/tex/latex/url/url.sty)
(/usr/share/texlive/texmf-dist/tex/latex/amsmath/amsmath.sty
For additional information on amsmath, use the `?' option.
(/usr/share/texlive/texmf-dist/tex/latex/amsmath/amstext.sty
(/usr/share/texlive/texmf-dist/tex/latex/amsmath/amsgen.sty))
(/usr/share/texlive/texmf-dist/tex/latex/amsmath/amsbsy.sty)
(/usr/share/texlive/texmf-dist/tex/latex/amsmath/amsopn.sty))
(/usr/share/texlive/texmf-dist/tex/latex/amscls/amsthm.sty)
(/usr/share/texlive/texmf-dist/tex/latex/natbib/natbib.sty))
(/usr/share/texlive/texmf-dist/tex/latex/hyperref/xr-hyper.sty)
(/usr/share/texlive/texmf-dist/tex/latex/booktabs/booktabs.sty)
(/usr/share/texlive/texmf-dist/tex/latex/tools/array.sty)
(/usr/share/texlive/texmf-dist/tex/latex/tools/longtable.sty)
(/usr/share/texlive/texmf-dist/tex/latex/algorithms/algorithm.sty
(/usr/share/texlive/texmf-dist/tex/latex/float/float.sty)
(/usr/share/texlive/texmf-dist/tex/latex/base/ifthen.sty))
(/usr/share/texlive/texmf-dist/tex/latex/algorithmicx/algpseudocode.sty
(/usr/share/texlive/texmf-dist/tex/latex/algorithmicx/algorithmicx.sty
Document Style algorithmicx 1.2 - a greatly improved `algorithmic' style
)
Document Style - pseudocode environments for use with the `algorithmicx' style
) (/usr/share/texlive/texmf-dist/tex/latex/enumitem/enumitem.sty)
(/usr/share/texlive/texmf-dist/tex/latex/base/fontenc.sty)
(/usr/share/texlive/texmf-dist/tex/latex/psnfss/mathpazo.sty)
(/usr/share/texlive/texmf-dist/tex/latex/microtype/microtype.sty
(/usr/share/texlive/texmf-dist/tex/latex/microtype/microtype-pdftex.def)
(/usr/share/texlive/texmf-dist/tex/latex/microtype/microtype.cfg))
(/usr/share/texlive/texmf-dist/tex/latex/needspace/needspace.sty)
(/usr/share/texlive/texmf-dist/tex/latex/hyperref/hyperref.sty
(/usr/share/texlive/texmf-dist/tex/generic/iftex/iftex.sty)
(/usr/share/texlive/texmf-dist/tex/latex/kvsetkeys/kvsetkeys.sty)
(/usr/share/texlive/texmf-dist/tex/generic/kvdefinekeys/kvdefinekeys.sty)
(/usr/share/texlive/texmf-dist/tex/generic/pdfescape/pdfescape.sty
(/usr/share/texlive/texmf-dist/tex/generic/ltxcmds/ltxcmds.sty)
(/usr/share/texlive/texmf-dist/tex/generic/pdftexcmds/pdftexcmds.sty
(/usr/share/texlive/texmf-dist/tex/generic/infwarerr/infwarerr.sty)))
(/usr/share/texlive/texmf-dist/tex/latex/hycolor/hycolor.sty)
(/usr/share/texlive/texmf-dist/tex/latex/auxhook/auxhook.sty)
(/usr/share/texlive/texmf-dist/tex/latex/hyperref/nameref.sty
(/usr/share/texlive/texmf-dist/tex/latex/refcount/refcount.sty)
(/usr/share/texlive/texmf-dist/tex/generic/gettitlestring/gettitlestring.sty
(/usr/share/texlive/texmf-dist/tex/latex/kvoptions/kvoptions.sty)))
(/usr/share/texlive/texmf-dist/tex/latex/hyperref/pd1enc.def)
(/usr/share/texlive/texmf-dist/tex/generic/intcalc/intcalc.sty)
(/usr/share/texlive/texmf-dist/tex/latex/hyperref/puenc.def)
(/usr/share/texlive/texmf-dist/tex/generic/bitset/bitset.sty
(/usr/share/texlive/texmf-dist/tex/generic/bigintcalc/bigintcalc.sty))
(/usr/share/texlive/texmf-dist/tex/latex/base/atbegshi-ltx.sty))
(/usr/share/texlive/texmf-dist/tex/latex/hyperref/hpdftex.def
(/usr/share/texlive/texmf-dist/tex/latex/base/atveryend-ltx.sty)
(/usr/share/texlive/texmf-dist/tex/latex/rerunfilecheck/rerunfilecheck.sty
(/usr/share/texlive/texmf-dist/tex/generic/uniquecounter/uniquecounter.sty)))
(/usr/share/texlive/texmf-dist/tex/latex/psnfss/t1pcr.fd)
(/usr/share/texlive/texmf-dist/tex/latex/hyperref/backref.sty)
(/usr/share/texlive/texmf-dist/tex/latex/psnfss/t1ppl.fd)
(/usr/share/texlive/texmf-dist/tex/latex/l3backend/l3backend-pdftex.def)

LaTeX Warning: Unused global option(s):
    [nameyear].

(/home/runner/work/NBO/NBO/work/revisions/2026-10-07-r41/build/ECTA.aux)
(/usr/share/texlive/texmf-dist/tex/context/base/mkii/supp-pdf.mkii
[Loading MPS to PDF converter (version 2006.09.02).]
) (/usr/share/texlive/texmf-dist/tex/latex/epstopdf-pkg/epstopdf-base.sty
(/usr/share/texlive/texmf-dist/tex/latex/latexconfig/epstopdf-sys.cfg))
(/usr/share/texlive/texmf-dist/tex/latex/microtype/mt-ppl.cfg)
(/usr/share/texlive/texmf-dist/tex/latex/graphics/color.sty
(/usr/share/texlive/texmf-dist/tex/latex/graphics-cfg/color.cfg)
(/usr/share/texlive/texmf-dist/tex/latex/graphics/mathcolor.ltx))
(/usr/share/texlive/texmf-dist/tex/latex/psnfss/ot1ppl.fd)
(/usr/share/texlive/texmf-dist/tex/latex/psnfss/omlzplm.fd)
(/usr/share/texlive/texmf-dist/tex/latex/psnfss/omszplm.fd)
(/usr/share/texlive/texmf-dist/tex/latex/psnfss/omxzplm.fd)
(/usr/share/texlive/texmf-dist/tex/latex/microtype/mt-msa.cfg)
(/usr/share/texlive/texmf-dist/tex/latex/microtype/mt-msb.cfg)
(/usr/share/texlive/texmf-dist/tex/latex/microtype/mt-cmr.cfg)
(/usr/share/texlive/texmf-dist/tex/latex/psnfss/ot1zplm.fd)

Package hyperref Warning: Ignoring empty anchor on input line 54.


Underfull \vbox (badness 2547) has occurred while \output is active [1
Non-PDF special ignored!
<special> papersize=614.295pt,794.96999pt
{/var/lib/texmf/fonts/map/pdftex/updmap/pdftex.map}{/usr/share/texlive/texmf-di
st/fonts/enc/dvips/base/8r.enc}]

Package hyperref Warning: Difference (3) between bookmark levels is greater 
(hyperref)                than one, level fixed on input line 84.


LaTeX Warning: Reference `sec:r41direct' on page 2 undefined on input line 84.


LaTeX Warning: Reference `sec:r41evidence' on page 2 undefined on input line 86
.


LaTeX Warning: Reference `thm:r41dimension' on page 2 undefined on input line 8
9.


Package hyperref Warning: Difference (2) between bookmark levels is greater 
(hyperref)                than one, level fixed on input line 95.


Underfull \vbox (badness 1163) has occurred while \output is active

LaTeX Font Warning: Font shape `T1/ppl/m/uc' undefined
(Font)              using `T1/ppl/m/n' instead on input line 98.


LaTeX Font Warning: Font shape `T1/ppl/m/up' undefined
(Font)              using `T1/ppl/m/n' instead on input line 98.

[2]
Underfull \vbox (badness 10000) has occurred while \output is active [3]
Underfull \vbox (badness 10000) has occurred while \output is active [4]
Underfull \vbox (badness 10000) has occurred while \output is active [5]
Underfull \vbox (badness 3930) has occurred while \output is active [6]
[7]
Underfull \hbox (badness 816) in paragraph at lines 259--261
\T1/ppl/m/up/12 (+20) Adjustment costs are in-cluded in $\OML/zplm/m/it/12 f$\T
1/ppl/m/up/12 (+20) . For ex-am-ple, time-additive util-ity has

Underfull \vbox (badness 1688) has occurred while \output is active [8]
(/usr/share/texlive/texmf-dist/tex/latex/psnfss/ufplmbb.fd) [9] [10] [11]
[12]
Underfull \hbox (badness 10000) in paragraph at lines 398--398
[]|\T1/ppl/m/n/10.8 (+20) Best of six-teen his-tor-i-cal
[13]
Underfull \vbox (badness 10000) has occurred while \output is active [14]
[15] [16] [17] [18] [19] [20] [21] [22] [23] [24] [25] [26] [27] [28] [29]
[30] [31] [32] [33] [34] [35] [36] [37] [38] [39] [40] [41] [42] [43]

LaTeX Warning: Reference `eq:r41query' on page 44 undefined on input line 1703.



LaTeX Warning: Reference `eq:r41E' on page 44 undefined on input line 1713.


LaTeX Warning: Reference `eq:r41query' on page 44 undefined on input line 1713.



LaTeX Warning: Reference `app:r41arithmetic' on page 44 undefined on input line
 1724.


Underfull \vbox (badness 1163) has occurred while \output is active [44]

LaTeX Warning: Reference `prop:r41direct' on page 45 undefined on input line 17
61.


LaTeX Warning: Reference `eq:r41execution' on page 45 undefined on input line 1
777.


LaTeX Warning: Reference `prop:r41direct' on page 45 undefined on input line 17
81.


LaTeX Warning: Reference `eq:r41actor_execution' on page 45 undefined on input 
line 1783.

[45]

LaTeX Warning: Reference `eq:r41execution' on page 46 undefined on input line 1
793.

[46] [47] [48] [49]
Underfull \hbox (badness 2495) in paragraph at lines 1959--1967
[]\T1/ppl/m/up/12 (+20) Every can-di-date pol-icy is checked ini-tially and af-
ter an ac-tor change;

Underfull \hbox (badness 7851) in paragraph at lines 1959--1967
\T1/ppl/m/up/12 (+20) the ser-vice stops at its first suc-cess-ful eco-nomic ce
r-tifi-cate. The tar-

Underfull \hbox (badness 5592) in paragraph at lines 1959--1967
\T1/ppl/m/up/12 (+20) get grid is $\OT1/ppl/m/n/12 (+20) 10[], 10[], 10[], 10[]
, 10[]$\T1/ppl/m/up/12 (+20) . Fur-ther ob-jects vary $\OT1/zplm/m/n/12 (\OML/z
plm/m/it/12 d\OT1/ppl/m/n/12 (+20) , \OML/zplm/m/it/12 T\OT1/zplm/m/n/12 )$ \T1
/ppl/m/up/12 (+20) over

Underfull \hbox (badness 1616) in paragraph at lines 1959--1967
\OT1/zplm/m/n/12 (\OT1/ppl/m/n/12 (+20) 8, 4\OT1/zplm/m/n/12 )\OT1/ppl/m/n/12 (
+20) , \OT1/zplm/m/n/12 (\OT1/ppl/m/n/12 (+20) 16, 8\OT1/zplm/m/n/12 )\OT1/ppl/
m/n/12 (+20) , \OT1/zplm/m/n/12 (\OT1/ppl/m/n/12 (+20) 32, 4\OT1/zplm/m/n/12 )\
OT1/ppl/m/n/12 (+20) , \OT1/zplm/m/n/12 (\OT1/ppl/m/n/12 (+20) 4, 12\OT1/zplm/m
/n/12 )$ \T1/ppl/m/up/12 (+20) with con-di-tion pa-ram-e-ters $\OT1/ppl/m/n/12 
(+20) 8, 16, 16, 4$\T1/ppl/m/up/12 (+20) , change the

Underfull \vbox (badness 10000) has occurred while \output is active [50]
Underfull \vbox (badness 2573) has occurred while \output is active [51]
[52] [53]

Package hyperref Warning: Difference (2) between bookmark levels is greater 
(hyperref)                than one, level fixed on input line 2140.

[54] [55]
Underfull \vbox (badness 3930) has occurred while \output is active [56]

LaTeX Warning: Reference `thm:r41dimension' on page 57 undefined on input line 
2261.

[57] [58]
Underfull \hbox (badness 7362) in paragraph at lines 2327--2334
\T1/ppl/m/up/12 (+20) The an-chor state cost is $\OML/zplm/m/it/12 Q \OT1/zplm/
m/n/12 = \OML/zplm/m/it/12 I$\T1/ppl/m/up/12 (+20) ; the changed-valuation stat
e cost is

Underfull \vbox (badness 10000) has occurred while \output is active [59]
Underfull \vbox (badness 10000) has occurred while \output is active [60]
[61] [62]
Underfull \vbox (badness 10000) has occurred while \output is active [63]
[64] [65]
No file ECTA.bbl.
[66] (/home/runner/work/NBO/NBO/work/revisions/2026-10-07-r41/build/ECTA.aux)

LaTeX Font Warning: Some font shapes were not available, defaults substituted.


LaTeX Warning: There were undefined references.


LaTeX Warning: Label(s) may have changed. Rerun to get cross-references right.


Package rerunfilecheck Warning: File `ECTA.out' has changed.
(rerunfilecheck)                Rerun to get outlines right
(rerunfilecheck)                or use package `bookmark'.

 )
(see the transcript file for additional information)
pdfTeX warning (dest): name{cite.Rump2010R39} has been referenced but does not 
exist, replaced by a fixed one


pdfTeX warning (dest): name{cite.CarsonHigham2018R39} has been referenced but d
oes not exist, replaced by a fixed one


pdfTeX warning (dest): name{cite.r37higham2008} has been referenced but does no
t exist, replaced by a fixed one


pdfTeX warning (dest): name{cite.r27cui2023} has been referenced but does not e
xist, replaced by a fixed one


pdfTeX warning (dest): name{cite.r27jacobson1973} has been referenced but does 
not exist, replaced by a fixed one


pdfTeX warning (dest): name{cite.howard2021} has been referenced but does not e
xist, replaced by a fixed one


pdfTeX warning (dest): name{cite.konda1999} has been referenced but does not ex
ist, replaced by a fixed one


pdfTeX warning (dest): name{cite.scherrer2015} has been referenced but does not
 exist, replaced by a fixed one


pdfTeX warning (dest): name{cite.ernst2005} has been referenced but does not ex
ist, replaced by a fixed one


pdfTeX warning (dest): name{cite.longstaff2001} has been referenced but does no
t exist, replaced by a fixed one


pdfTeX warning (dest): name{cite.powell2011} has been referenced but does not e
xist, replaced by a fixed one


pdfTeX warning (dest): name{cite.borkar2024} has been referenced but does not e
xist, replaced by a fixed one


pdfTeX warning (dest): name{cite.bjork2016} has been referenced but does not ex
ist, replaced by a fixed one


pdfTeX warning (dest): name{cite.herdegen2021} has been referenced but does not
 exist, replaced by a fixed one


pdfTeX warning (dest): name{cite.duffieepstein1992} has been referenced but doe
s not exist, replaced by a fixed one


pdfTeX warning (dest): name{cite.epsteinzin1989} has been referenced but does n
ot exist, replaced by a fixed one


pdfTeX warning (dest): name{cite.han2018} has been referenced but does not exis
t, replaced by a fixed one


pdfTeX warning (dest): name{cite.sirignano2018} has been referenced but does no
t exist, replaced by a fixed one


pdfTeX warning (dest): name{cite.hornik1990} has been referenced but does not e
xist, replaced by a fixed one


pdfTeX warning (dest): name{cite.judd1998} has been referenced but does not exi
st, replaced by a fixed one

</usr/share/texlive/texmf-dist/fonts/type1/public/amsfonts/cm/cmex10.pfb></usr/
share/texlive/texmf-dist/fonts/type1/public/amsfonts/cm/cmmi10.pfb></usr/share/
texlive/texmf-dist/fonts/type1/public/amsfonts/cm/cmr10.pfb></usr/share/texlive
/texmf-dist/fonts/type1/public/amsfonts/cm/cmss9.pfb></usr/share/texlive/texmf-
dist/fonts/type1/public/amsfonts/cm/cmsy10.pfb></usr/share/texlive/texmf-dist/f
onts/type1/public/mathpazo/fplmbb.pfb></usr/share/texlive/texmf-dist/fonts/type
1/public/mathpazo/fplmr.pfb></usr/share/texlive/texmf-dist/fonts/type1/public/m
athpazo/fplmri.pfb></usr/share/texlive/texmf-dist/fonts/type1/urw/courier/ucrr8
a.pfb></usr/share/texlive/texmf-dist/fonts/type1/urw/palatino/uplb8a.pfb></usr/
share/texlive/texmf-dist/fonts/type1/urw/palatino/uplr8a.pfb></usr/share/texliv
e/texmf-dist/fonts/type1/urw/palatino/uplri8a.pfb>
Output written on /home/runner/work/NBO/NBO/work/revisions/2026-10-07-r41/build
/ECTA.pdf (66 pages, 363034 bytes).
Transcript written on /home/runner/work/NBO/NBO/work/revisions/2026-10-07-r41/b
uild/ECTA.log.
