{
  "status": "PASS",
  "last_bellman": [
    [
      "tracking",
      [
        0.0010062493655297114,
        0.0010062493655297118
      ]
    ],
    [
      "mean_reverting",
      [
        0.0005208774122175108,
        0.000520877412217511
      ]
    ],
    [
      "ill_conditioned",
      [
        0.001728505486670407,
        0.0017285054866704075
      ]
    ]
  ],
  "last_adam": [
    [
      "tracking",
      [
        0.004099838691610623,
        0.004099838691610624
      ]
    ],
    [
      "mean_reverting",
      [
        0.0021110095528717016,
        0.0021110095528717025
      ]
    ],
    [
      "ill_conditioned",
      [
        0.006996427391247056,
        0.006996427391247058
      ]
    ]
  ]
}
