1/1 feasible solution given by solution candidate storage, new primal bound 1.096626e+01

presolving:
(round 1, fast)       4 del vars, 3541 del conss, 0 add conss, 54 chg bounds, 0 chg sides, 0 chg coeffs, 0 upgd conss, 0 impls, 0 clqs, 0 implints
(round 2, exhaustive) 4 del vars, 4098 del conss, 0 add conss, 54 chg bounds, 557 chg sides, 0 chg coeffs, 0 upgd conss, 0 impls, 0 clqs, 0 implints
   (0.1s) symmetry computation started: requiring (bin +, int +, cont +), (fixed: bin -, int -, cont -)
   (0.1s) no symmetry present (symcode time: 0.00)
presolving (3 rounds: 3 fast, 2 medium, 2 exhaustive):
 4 deleted vars, 4098 deleted constraints, 0 added constraints, 54 tightened bounds, 0 added holes, 557 changed sides, 0 changed coefficients
 0 implications, 0 cliques, 0 implied integral variables (0 bin, 0 int, 0 cont)
presolved problem has 636 variables (0 bin, 0 int, 636 cont) and 1022 constraints
    782 constraints of type <linear>
    240 constraints of type <nonlinear>
Presolving Time: 0.13
transformed 1/1 original solutions to the transformed problem space

 time | node  | left  |LP iter|LP it/n|mem/heur|mdpt |vars |cons |rows |cuts |sepa|confs|strbr|  dualbound   | primalbound  |  gap   | compl. 
  0.4s|     1 |     0 |  3654 |     - |    31M |   0 |3396 |1022 |4769 |   0 |  0 |   0 |   0 | 1.035838e+01 | 1.096626e+01 |   5.87%| unknown
L 1.2s|     1 |     0 |  3654 |     - |  subnlp|   0 |3396 |1022 |4769 |   0 |  0 |   0 |   0 | 1.035838e+01 | 1.063043e+01 |   2.63%| unknown
  1.3s|     1 |     0 |  4684 |     - |    36M |   0 |3396 |1022 |5754 | 985 |  1 |   0 |   0 | 1.055442e+01 | 1.063043e+01 |   0.72%| unknown
  1.3s|     1 |     0 |  4907 |     - |    36M |   0 |3396 |1022 |5966 |1197 |  2 |   0 |   0 | 1.061406e+01 | 1.063043e+01 |   0.15%| unknown
  1.3s|     1 |     0 |  4926 |     - |    36M |   0 |3396 |1022 |5979 |1210 |  3 |   0 |   0 | 1.061912e+01 | 1.063043e+01 |   0.11%| unknown
  1.3s|     1 |     0 |  4935 |     - |    36M |   0 |3396 |1022 |5985 |1216 |  4 |   0 |   0 | 1.061980e+01 | 1.063043e+01 |   0.10%| unknown
 12.1s|     1 |     0 | 93884 |     - |    49M |   0 |3396 | 454 |5985 |1216 |  5 |   0 |   0 | 1.061980e+01 | 1.063043e+01 |   0.10%| unknown
 12.1s|     1 |     0 | 93994 |     - |    50M |   0 |3396 | 454 |6067 |1298 |  6 |   0 |   0 | 1.062553e+01 | 1.063043e+01 |   0.05%| unknown
 12.1s|     1 |     0 | 94054 |     - |    50M |   0 |3396 | 454 |6118 |1349 |  7 |   0 |   0 | 1.062782e+01 | 1.063043e+01 |   0.02%| unknown
 12.1s|     1 |     0 | 94107 |     - |    50M |   0 |3396 | 454 |6166 |1397 |  8 |   0 |   0 | 1.062943e+01 | 1.063043e+01 |   0.01%| unknown
 12.1s|     1 |     0 | 94147 |     - |    50M |   0 |3396 | 454 |6198 |1429 |  9 |   0 |   0 | 1.062960e+01 | 1.063043e+01 |   0.01%| unknown

SCIP Status        : solving was interrupted [gap limit reached]
Solving Time (sec) : 12.14
Solving Nodes      : 1
Primal Bound       : +1.06304335674981e+01 (2 solutions)
Dual Bound         : +1.06295987811905e+01
Gap                : 0.01 %
