{
  "status": "passed",
  "source_freeze_sha256": "2de477078b1f73f2d237444e55c4597924be2f0370160f29ae67e4ec8f8d3bbd",
  "workers": 2,
  "distinct_rational_instances": 90,
  "checked_exact_answers": 3160,
  "repeated_subset": [
    {
      "worker": 0,
      "regime": "mixed",
      "methods": {
        "UE": {
          "median_seconds": 0.004528364999998757,
          "minimum_seconds": 0.004450890000001095,
          "maximum_seconds": 0.0047519530000101895,
          "repetitions": 7
        },
        "RE": {
          "median_seconds": 0.003326768999997398,
          "minimum_seconds": 0.0032779769999962127,
          "maximum_seconds": 0.003421727000002761,
          "repetitions": 7
        },
        "UP": {
          "median_seconds": 0.003269352000003778,
          "minimum_seconds": 0.0032165030000044226,
          "maximum_seconds": 0.0034751259999978856,
          "repetitions": 7
        },
        "RP": {
          "median_seconds": 0.002782430999999974,
          "minimum_seconds": 0.0027546989999933658,
          "maximum_seconds": 0.0028618300000005092,
          "repetitions": 7
        }
      }
    },
    {
      "worker": 0,
      "regime": "crossing",
      "methods": {
        "UE": {
          "median_seconds": 0.004484112000000096,
          "minimum_seconds": 0.004413459999994984,
          "maximum_seconds": 0.004518876999995314,
          "repetitions": 7
        },
        "RE": {
          "median_seconds": 0.004696820000006596,
          "minimum_seconds": 0.004613113999994312,
          "maximum_seconds": 0.004756851999999867,
          "repetitions": 7
        },
        "UP": {
          "median_seconds": 0.004035684000001538,
          "minimum_seconds": 0.003991149999990284,
          "maximum_seconds": 0.0040748769999936485,
          "repetitions": 7
        },
        "RP": {
          "median_seconds": 0.004201735000009421,
          "minimum_seconds": 0.004132054999999468,
          "maximum_seconds": 0.0042526499999979706,
          "repetitions": 7
        }
      }
    },
    {
      "worker": 0,
      "regime": "cancellation",
      "methods": {
        "UE": {
          "median_seconds": 0.004279579000012745,
          "minimum_seconds": 0.0042364290000023175,
          "maximum_seconds": 0.007240034000005835,
          "repetitions": 7
        },
        "RE": {
          "median_seconds": 0.004431264000004376,
          "minimum_seconds": 0.004402699999999982,
          "maximum_seconds": 0.004524798000005603,
          "repetitions": 7
        },
        "UP": {
          "median_seconds": 0.0029598630000009507,
          "minimum_seconds": 0.002904018999998925,
          "maximum_seconds": 0.003203638000002229,
          "repetitions": 7
        },
        "RP": {
          "median_seconds": 0.0030690059999898267,
          "minimum_seconds": 0.00305155400000956,
          "maximum_seconds": 0.003901752999993846,
          "repetitions": 7
        }
      }
    },
    {
      "worker": 0,
      "regime": "near-tie",
      "methods": {
        "UE": {
          "median_seconds": 0.004444428000013545,
          "minimum_seconds": 0.004368765999998914,
          "maximum_seconds": 0.004513627999997993,
          "repetitions": 7
        },
        "RE": {
          "median_seconds": 0.004597864999993817,
          "minimum_seconds": 0.0045218729999874085,
          "maximum_seconds": 0.004836521000001426,
          "repetitions": 7
        },
        "UP": {
          "median_seconds": 0.0030197650000047815,
          "minimum_seconds": 0.0029939270000056695,
          "maximum_seconds": 0.0030538990000081867,
          "repetitions": 7
        },
        "RP": {
          "median_seconds": 0.0031749139999988074,
          "minimum_seconds": 0.003155497999998147,
          "maximum_seconds": 0.0033081139999922016,
          "repetitions": 7
        }
      }
    },
    {
      "worker": 0,
      "regime": "flat",
      "methods": {
        "UE": {
          "median_seconds": 0.0042894890000013675,
          "minimum_seconds": 0.00423865299998738,
          "maximum_seconds": 0.0045543539999926,
          "repetitions": 7
        },
        "RE": {
          "median_seconds": 0.004430442000000312,
          "minimum_seconds": 0.00436492999999416,
          "maximum_seconds": 0.004524649000003933,
          "repetitions": 7
        },
        "UP": {
          "median_seconds": 0.0029798409999983733,
          "minimum_seconds": 0.0029160999999930937,
          "maximum_seconds": 0.003283848999998895,
          "repetitions": 7
        },
        "RP": {
          "median_seconds": 0.0031418230000070935,
          "minimum_seconds": 0.0030694480000050817,
          "maximum_seconds": 0.0032576090000020486,
          "repetitions": 7
        }
      }
    },
    {
      "worker": 1,
      "regime": "mixed",
      "methods": {
        "UE": {
          "median_seconds": 0.004400089999990087,
          "minimum_seconds": 0.004354680000005828,
          "maximum_seconds": 0.004479803000009497,
          "repetitions": 7
        },
        "RE": {
          "median_seconds": 0.0031048580000003767,
          "minimum_seconds": 0.0030858229999921605,
          "maximum_seconds": 0.003346620999991501,
          "repetitions": 7
        },
        "UP": {
          "median_seconds": 0.0031317340000072136,
          "minimum_seconds": 0.003065421999991713,
          "maximum_seconds": 0.0031633370000037075,
          "repetitions": 7
        },
        "RP": {
          "median_seconds": 0.0025557459999987486,
          "minimum_seconds": 0.002503680000003783,
          "maximum_seconds": 0.002577600999998708,
          "repetitions": 7
        }
      }
    },
    {
      "worker": 1,
      "regime": "crossing",
      "methods": {
        "UE": {
          "median_seconds": 0.004463775000004944,
          "minimum_seconds": 0.004364089000006288,
          "maximum_seconds": 0.004501361999999176,
          "repetitions": 7
        },
        "RE": {
          "median_seconds": 0.004485801999990713,
          "minimum_seconds": 0.0044569140000021434,
          "maximum_seconds": 0.004534101000004398,
          "repetitions": 7
        },
        "UP": {
          "median_seconds": 0.0038726430000082246,
          "minimum_seconds": 0.0038424610000049597,
          "maximum_seconds": 0.0039593520000096305,
          "repetitions": 7
        },
        "RP": {
          "median_seconds": 0.004013756999995621,
          "minimum_seconds": 0.00396876300000315,
          "maximum_seconds": 0.004072329999999624,
          "repetitions": 7
        }
      }
    },
    {
      "worker": 1,
      "regime": "cancellation",
      "methods": {
        "UE": {
          "median_seconds": 0.004235008999998513,
          "minimum_seconds": 0.004153703000000064,
          "maximum_seconds": 0.004248714999988579,
          "repetitions": 7
        },
        "RE": {
          "median_seconds": 0.004326000999995472,
          "minimum_seconds": 0.004264772999988509,
          "maximum_seconds": 0.004429935000004548,
          "repetitions": 7
        },
        "UP": {
          "median_seconds": 0.0027886040000026924,
          "minimum_seconds": 0.002748955000001274,
          "maximum_seconds": 0.0028655680000042594,
          "repetitions": 7
        },
        "RP": {
          "median_seconds": 0.0028854429999967124,
          "minimum_seconds": 0.0028552899999993997,
          "maximum_seconds": 0.0029558049999991454,
          "repetitions": 7
        }
      }
    },
    {
      "worker": 1,
      "regime": "near-tie",
      "methods": {
        "UE": {
          "median_seconds": 0.004358371999998667,
          "minimum_seconds": 0.004276834999998869,
          "maximum_seconds": 0.004441025999994963,
          "repetitions": 7
        },
        "RE": {
          "median_seconds": 0.00452935299999524,
          "minimum_seconds": 0.0044230940000034025,
          "maximum_seconds": 0.004559416999995847,
          "repetitions": 7
        },
        "UP": {
          "median_seconds": 0.002848200000002521,
          "minimum_seconds": 0.002789405000001466,
          "maximum_seconds": 0.00289828200000386,
          "repetitions": 7
        },
        "RP": {
          "median_seconds": 0.0029650320000058628,
          "minimum_seconds": 0.0029232739999969226,
          "maximum_seconds": 0.002998712000007231,
          "repetitions": 7
        }
      }
    },
    {
      "worker": 1,
      "regime": "flat",
      "methods": {
        "UE": {
          "median_seconds": 0.004150890000005347,
          "minimum_seconds": 0.004106488000005015,
          "maximum_seconds": 0.0041797780000081275,
          "repetitions": 7
        },
        "RE": {
          "median_seconds": 0.004289966999991179,
          "minimum_seconds": 0.004262483999994515,
          "maximum_seconds": 0.004422203999993712,
          "repetitions": 7
        },
        "UP": {
          "median_seconds": 0.0027413249999881373,
          "minimum_seconds": 0.0027156649999966476,
          "maximum_seconds": 0.002803495000009093,
          "repetitions": 7
        },
        "RP": {
          "median_seconds": 0.0028821049999976367,
          "minimum_seconds": 0.0028565169999978934,
          "maximum_seconds": 0.0029454879999946115,
          "repetitions": 7
        }
      }
    }
  ],
  "reduced_representation_search_contrasts": [
    {
      "worker": 0,
      "width": 8,
      "size": 33,
      "instances": 15,
      "reduced_piecewise_faster": 13,
      "median_fraction_saved": 0.02513617080203939,
      "minimum_fraction_saved": -0.04962106891216799,
      "maximum_fraction_saved": 0.10005323202879814
    },
    {
      "worker": 0,
      "width": 8,
      "size": 129,
      "instances": 15,
      "reduced_piecewise_faster": 15,
      "median_fraction_saved": 0.23050816215647618,
      "minimum_fraction_saved": 0.10382272477896427,
      "maximum_fraction_saved": 0.28018885738718186
    },
    {
      "worker": 0,
      "width": 8,
      "size": 513,
      "instances": 15,
      "reduced_piecewise_faster": 15,
      "median_fraction_saved": 0.6051199466308085,
      "minimum_fraction_saved": 0.3951984420487238,
      "maximum_fraction_saved": 0.6490592522451728
    },
    {
      "worker": 0,
      "width": 32,
      "size": 33,
      "instances": 15,
      "reduced_piecewise_faster": 1,
      "median_fraction_saved": -0.17788144514163937,
      "minimum_fraction_saved": -0.3928713473146837,
      "maximum_fraction_saved": 0.19442506725157274
    },
    {
      "worker": 0,
      "width": 32,
      "size": 129,
      "instances": 15,
      "reduced_piecewise_faster": 15,
      "median_fraction_saved": 0.26774011601872244,
      "minimum_fraction_saved": 0.07025890100614933,
      "maximum_fraction_saved": 0.3159306002142816
    },
    {
      "worker": 0,
      "width": 32,
      "size": 513,
      "instances": 15,
      "reduced_piecewise_faster": 15,
      "median_fraction_saved": 0.7042961788213462,
      "minimum_fraction_saved": 0.6370149704988717,
      "maximum_fraction_saved": 0.7267465806120942
    },
    {
      "worker": 1,
      "width": 8,
      "size": 33,
      "instances": 15,
      "reduced_piecewise_faster": 8,
      "median_fraction_saved": 0.0040061062079510545,
      "minimum_fraction_saved": -0.06694629646025439,
      "maximum_fraction_saved": 0.20303889424957042
    },
    {
      "worker": 1,
      "width": 8,
      "size": 129,
      "instances": 15,
      "reduced_piecewise_faster": 15,
      "median_fraction_saved": 0.2519843975954291,
      "minimum_fraction_saved": 0.17745463420817142,
      "maximum_fraction_saved": 0.31944365827006976
    },
    {
      "worker": 1,
      "width": 8,
      "size": 513,
      "instances": 15,
      "reduced_piecewise_faster": 15,
      "median_fraction_saved": 0.6507194618296105,
      "minimum_fraction_saved": 0.5480042038373248,
      "maximum_fraction_saved": 0.6841435146628391
    },
    {
      "worker": 1,
      "width": 32,
      "size": 33,
      "instances": 15,
      "reduced_piecewise_faster": 0,
      "median_fraction_saved": -0.18927324009138669,
      "minimum_fraction_saved": -0.4145921052861386,
      "maximum_fraction_saved": -0.11297617406133968
    },
    {
      "worker": 1,
      "width": 32,
      "size": 129,
      "instances": 15,
      "reduced_piecewise_faster": 15,
      "median_fraction_saved": 0.3068596025468863,
      "minimum_fraction_saved": 0.07854521083691501,
      "maximum_fraction_saved": 0.4614964011906337
    },
    {
      "worker": 1,
      "width": 32,
      "size": 513,
      "instances": 15,
      "reduced_piecewise_faster": 15,
      "median_fraction_saved": 0.7255893783809605,
      "minimum_fraction_saved": 0.6713184701194277,
      "maximum_fraction_saved": 0.7587195761763719
    }
  ],
  "batches": [
    {
      "worker": 0,
      "batch_size": 1,
      "difference_queries": 0,
      "exact_evaluations": 20250,
      "method": "RE",
      "native_process_seconds": 0.38306104299998367,
      "native_request_bytes": 37007,
      "native_response_bytes": 3055,
      "order": [
        "RE",
        "RP",
        "UP",
        "UE"
      ],
      "query_count": 90,
      "seconds": 0.40844740100000365,
      "subprocesses": 90
    },
    {
      "worker": 0,
      "batch_size": 1,
      "difference_queries": 7800,
      "exact_evaluations": 2164,
      "method": "RP",
      "native_process_seconds": 0.19921427600003483,
      "native_request_bytes": 37007,
      "native_response_bytes": 3086,
      "order": [
        "RE",
        "RP",
        "UP",
        "UE"
      ],
      "query_count": 90,
      "seconds": 0.22430643100000225,
      "subprocesses": 90
    },
    {
      "worker": 0,
      "batch_size": 1,
      "difference_queries": 7800,
      "exact_evaluations": 2164,
      "method": "UP",
      "native_process_seconds": 0.20457362599992734,
      "native_request_bytes": 40020,
      "native_response_bytes": 3088,
      "order": [
        "RE",
        "RP",
        "UP",
        "UE"
      ],
      "query_count": 90,
      "seconds": 0.22163032999999643,
      "subprocesses": 90
    },
    {
      "worker": 0,
      "batch_size": 1,
      "difference_queries": 0,
      "exact_evaluations": 20250,
      "method": "UE",
      "native_process_seconds": 0.41683774400006257,
      "native_request_bytes": 40020,
      "native_response_bytes": 3057,
      "order": [
        "RE",
        "RP",
        "UP",
        "UE"
      ],
      "query_count": 90,
      "seconds": 0.43386497400000223,
      "subprocesses": 90
    },
    {
      "worker": 0,
      "batch_size": 8,
      "difference_queries": 7800,
      "exact_evaluations": 2164,
      "method": "UP",
      "native_process_seconds": 0.10120356099997707,
      "native_request_bytes": 39864,
      "native_response_bytes": 3088,
      "order": [
        "UP",
        "UE",
        "RE",
        "RP"
      ],
      "query_count": 90,
      "seconds": 0.11520938300000694,
      "subprocesses": 12
    },
    {
      "worker": 0,
      "batch_size": 8,
      "difference_queries": 0,
      "exact_evaluations": 20250,
      "method": "UE",
      "native_process_seconds": 0.29938785399997414,
      "native_request_bytes": 39864,
      "native_response_bytes": 3057,
      "order": [
        "UP",
        "UE",
        "RE",
        "RP"
      ],
      "query_count": 90,
      "seconds": 0.3133588190000012,
      "subprocesses": 12
    },
    {
      "worker": 0,
      "batch_size": 8,
      "difference_queries": 0,
      "exact_evaluations": 20250,
      "method": "RE",
      "native_process_seconds": 0.2771495129999977,
      "native_request_bytes": 36851,
      "native_response_bytes": 3055,
      "order": [
        "UP",
        "UE",
        "RE",
        "RP"
      ],
      "query_count": 90,
      "seconds": 0.2992568580000068,
      "subprocesses": 12
    },
    {
      "worker": 0,
      "batch_size": 8,
      "difference_queries": 7800,
      "exact_evaluations": 2164,
      "method": "RP",
      "native_process_seconds": 0.09547540600000559,
      "native_request_bytes": 36851,
      "native_response_bytes": 3086,
      "order": [
        "UP",
        "UE",
        "RE",
        "RP"
      ],
      "query_count": 90,
      "seconds": 0.11727842099999464,
      "subprocesses": 12
    },
    {
      "worker": 0,
      "batch_size": 32,
      "difference_queries": 7800,
      "exact_evaluations": 2164,
      "method": "UP",
      "native_process_seconds": 0.08862771399999758,
      "native_request_bytes": 39849,
      "native_response_bytes": 3088,
      "order": [
        "UP",
        "RP",
        "UE",
        "RE"
      ],
      "query_count": 90,
      "seconds": 0.10196979399999861,
      "subprocesses": 3
    },
    {
      "worker": 0,
      "batch_size": 32,
      "difference_queries": 7800,
      "exact_evaluations": 2164,
      "method": "RP",
      "native_process_seconds": 0.08277719800000227,
      "native_request_bytes": 36836,
      "native_response_bytes": 3086,
      "order": [
        "UP",
        "RP",
        "UE",
        "RE"
      ],
      "query_count": 90,
      "seconds": 0.10418191000000832,
      "subprocesses": 3
    },
    {
      "worker": 0,
      "batch_size": 32,
      "difference_queries": 0,
      "exact_evaluations": 20250,
      "method": "UE",
      "native_process_seconds": 0.28726093500000616,
      "native_request_bytes": 39849,
      "native_response_bytes": 3057,
      "order": [
        "UP",
        "RP",
        "UE",
        "RE"
      ],
      "query_count": 90,
      "seconds": 0.3006154280000004,
      "subprocesses": 3
    },
    {
      "worker": 0,
      "batch_size": 32,
      "difference_queries": 0,
      "exact_evaluations": 20250,
      "method": "RE",
      "native_process_seconds": 0.26685693199998184,
      "native_request_bytes": 36836,
      "native_response_bytes": 3055,
      "order": [
        "UP",
        "RP",
        "UE",
        "RE"
      ],
      "query_count": 90,
      "seconds": 0.28883366299999125,
      "subprocesses": 3
    },
    {
      "worker": 1,
      "batch_size": 1,
      "difference_queries": 7800,
      "exact_evaluations": 2164,
      "method": "RP",
      "native_process_seconds": 0.187730681999966,
      "native_request_bytes": 37007,
      "native_response_bytes": 3086,
      "order": [
        "RP",
        "UP",
        "UE",
        "RE"
      ],
      "query_count": 90,
      "seconds": 0.20927572299999042,
      "subprocesses": 90
    },
    {
      "worker": 1,
      "batch_size": 1,
      "difference_queries": 7800,
      "exact_evaluations": 2164,
      "method": "UP",
      "native_process_seconds": 0.1934715770000679,
      "native_request_bytes": 40020,
      "native_response_bytes": 3088,
      "order": [
        "RP",
        "UP",
        "UE",
        "RE"
      ],
      "query_count": 90,
      "seconds": 0.2085169359999952,
      "subprocesses": 90
    },
    {
      "worker": 1,
      "batch_size": 1,
      "difference_queries": 0,
      "exact_evaluations": 20250,
      "method": "UE",
      "native_process_seconds": 0.4026533290000174,
      "native_request_bytes": 40020,
      "native_response_bytes": 3057,
      "order": [
        "RP",
        "UP",
        "UE",
        "RE"
      ],
      "query_count": 90,
      "seconds": 0.4174867280000001,
      "subprocesses": 90
    },
    {
      "worker": 1,
      "batch_size": 1,
      "difference_queries": 0,
      "exact_evaluations": 20250,
      "method": "RE",
      "native_process_seconds": 0.37883564999994235,
      "native_request_bytes": 37007,
      "native_response_bytes": 3055,
      "order": [
        "RP",
        "UP",
        "UE",
        "RE"
      ],
      "query_count": 90,
      "seconds": 0.3998314090000008,
      "subprocesses": 90
    },
    {
      "worker": 1,
      "batch_size": 8,
      "difference_queries": 7800,
      "exact_evaluations": 2164,
      "method": "RP",
      "native_process_seconds": 0.09672942200000989,
      "native_request_bytes": 36851,
      "native_response_bytes": 3086,
      "order": [
        "RP",
        "RE",
        "UE",
        "UP"
      ],
      "query_count": 90,
      "seconds": 0.11457151599999804,
      "subprocesses": 12
    },
    {
      "worker": 1,
      "batch_size": 8,
      "difference_queries": 0,
      "exact_evaluations": 20250,
      "method": "RE",
      "native_process_seconds": 0.2893120320000122,
      "native_request_bytes": 36851,
      "native_response_bytes": 3055,
      "order": [
        "RP",
        "RE",
        "UE",
        "UP"
      ],
      "query_count": 90,
      "seconds": 0.307143900000014,
      "subprocesses": 12
    },
    {
      "worker": 1,
      "batch_size": 8,
      "difference_queries": 0,
      "exact_evaluations": 20250,
      "method": "UE",
      "native_process_seconds": 0.31187925899990887,
      "native_request_bytes": 39864,
      "native_response_bytes": 3057,
      "order": [
        "RP",
        "RE",
        "UE",
        "UP"
      ],
      "query_count": 90,
      "seconds": 0.3233370089999994,
      "subprocesses": 12
    },
    {
      "worker": 1,
      "batch_size": 8,
      "difference_queries": 7800,
      "exact_evaluations": 2164,
      "method": "UP",
      "native_process_seconds": 0.10368156700002373,
      "native_request_bytes": 39864,
      "native_response_bytes": 3088,
      "order": [
        "RP",
        "RE",
        "UE",
        "UP"
      ],
      "query_count": 90,
      "seconds": 0.1160634709999897,
      "subprocesses": 12
    },
    {
      "worker": 1,
      "batch_size": 32,
      "difference_queries": 0,
      "exact_evaluations": 20250,
      "method": "RE",
      "native_process_seconds": 0.27851300199998263,
      "native_request_bytes": 36836,
      "native_response_bytes": 3055,
      "order": [
        "RE",
        "RP",
        "UP",
        "UE"
      ],
      "query_count": 90,
      "seconds": 0.29571522500000924,
      "subprocesses": 3
    },
    {
      "worker": 1,
      "batch_size": 32,
      "difference_queries": 7800,
      "exact_evaluations": 2164,
      "method": "RP",
      "native_process_seconds": 0.08626376200001573,
      "native_request_bytes": 36836,
      "native_response_bytes": 3086,
      "order": [
        "RE",
        "RP",
        "UP",
        "UE"
      ],
      "query_count": 90,
      "seconds": 0.10304123700001355,
      "subprocesses": 3
    },
    {
      "worker": 1,
      "batch_size": 32,
      "difference_queries": 7800,
      "exact_evaluations": 2164,
      "method": "UP",
      "native_process_seconds": 0.0907151689999921,
      "native_request_bytes": 39849,
      "native_response_bytes": 3088,
      "order": [
        "RE",
        "RP",
        "UP",
        "UE"
      ],
      "query_count": 90,
      "seconds": 0.10132162600001493,
      "subprocesses": 3
    },
    {
      "worker": 1,
      "batch_size": 32,
      "difference_queries": 0,
      "exact_evaluations": 20250,
      "method": "UE",
      "native_process_seconds": 0.2992803219999871,
      "native_request_bytes": 39849,
      "native_response_bytes": 3057,
      "order": [
        "RE",
        "RP",
        "UP",
        "UE"
      ],
      "query_count": 90,
      "seconds": 0.309973575000015,
      "subprocesses": 3
    }
  ],
  "worker_records": [
    {
      "worker": 0,
      "summary_sha256": "56ef1d9f729e242926a484734b6d297ac56ea252eafb3d6d930fe50c6167770b",
      "environment": {
        "affinity": 0,
        "frequency_controlled": false,
        "governor": null,
        "hostname": "runnervmmprz5",
        "numpy": "1.26.4",
        "performance_counters": {
          "available": true,
          "counter_values": null,
          "diagnostic": "Error:\nAccess to performance monitoring and observability operations is limited.\nConsider adjusting /proc/sys/kernel/perf_event_paranoid setting to open\naccess to performance monitoring and observability operations for processes\nwithout CAP_PERFMON, CAP_SYS_PTRACE or CAP_SYS_ADMIN Linux capability.\nMore information can be found at 'Perf events and tool security' document:\nhttps://www.kernel.org/doc/html/latest/admin-guide/perf-security.html\nperf_event_paranoid setting is 4:\n  -1: Allow use of (almost) all events by all users\n      Ignore mlock limit after perf_event_mlock_kb without CAP_IPC_LOCK\n>= 0: Disallow raw and ftrace function tracepoint access\n>= 1: Disallow CPU event access\n>= 2: Disallow kernel profiling\nTo make the adjusted perf_event_paranoid setting permanent preserve it\nin /etc/sysctl.conf (e.g. kernel.perf_event_paranoid = <setting>)\n",
          "returncode": 255
        },
        "processor": "AMD EPYC 7763 64-Core Processor",
        "python": "3.12.3",
        "system": "Linux-6.17.0-1022-azure-x86_64-with-glibc2.39"
      },
      "compiler": {
        "binary_sha256": "72538eb8cc896a5b485ee1a5ffccf85645361da8001d1514fef1ea4520aad77b",
        "command": [
          "g++",
          "-O3",
          "-std=c++17",
          "/home/runner/work/NBO/NBO/revisions/2026-10-09-r61/code/search60.cpp",
          "-o",
          "/home/runner/work/NBO/NBO/revisions/2026-10-09-r61/build/native60"
        ],
        "compiler": "g++ (Ubuntu 13.3.0-6ubuntu2~24.04.1) 13.3.0",
        "seconds": 4.724737333000007,
        "source_sha256": "dff613c613ac821447c33a597ea0f9a5a1fd09d9483ceeaae04daea93d06d752"
      }
    },
    {
      "worker": 1,
      "summary_sha256": "17af7aab8e908f67b19ea673615ab5b70f28cccd31af857e150dd9a949b6df9e",
      "environment": {
        "affinity": 0,
        "frequency_controlled": false,
        "governor": "performance",
        "hostname": "runnervmmprz5",
        "numpy": "1.26.4",
        "performance_counters": {
          "available": true,
          "counter_values": null,
          "diagnostic": "Error:\nAccess to performance monitoring and observability operations is limited.\nConsider adjusting /proc/sys/kernel/perf_event_paranoid setting to open\naccess to performance monitoring and observability operations for processes\nwithout CAP_PERFMON, CAP_SYS_PTRACE or CAP_SYS_ADMIN Linux capability.\nMore information can be found at 'Perf events and tool security' document:\nhttps://www.kernel.org/doc/html/latest/admin-guide/perf-security.html\nperf_event_paranoid setting is 4:\n  -1: Allow use of (almost) all events by all users\n      Ignore mlock limit after perf_event_mlock_kb without CAP_IPC_LOCK\n>= 0: Disallow raw and ftrace function tracepoint access\n>= 1: Disallow CPU event access\n>= 2: Disallow kernel profiling\nTo make the adjusted perf_event_paranoid setting permanent preserve it\nin /etc/sysctl.conf (e.g. kernel.perf_event_paranoid = <setting>)\n",
          "returncode": 255
        },
        "processor": "INTEL(R) XEON(R) PLATINUM 8573C",
        "python": "3.12.3",
        "system": "Linux-6.17.0-1022-azure-x86_64-with-glibc2.39"
      },
      "compiler": {
        "binary_sha256": "72538eb8cc896a5b485ee1a5ffccf85645361da8001d1514fef1ea4520aad77b",
        "command": [
          "g++",
          "-O3",
          "-std=c++17",
          "/home/runner/work/NBO/NBO/revisions/2026-10-09-r61/code/search60.cpp",
          "-o",
          "/home/runner/work/NBO/NBO/revisions/2026-10-09-r61/build/native60"
        ],
        "compiler": "g++ (Ubuntu 13.3.0-6ubuntu2~24.04.1) 13.3.0",
        "seconds": 4.456315797000002,
        "source_sha256": "dff613c613ac821447c33a597ea0f9a5a1fd09d9483ceeaae04daea93d06d752"
      }
    }
  ],
  "seconds": 2.1216108590000005,
  "new_training_services": 0,
  "new_independent_policy_cost_samples": 0,
  "scope": "Independent Fraction exhaustive validation of every original exact answer, all native factorial cells and batch outputs. Descriptive timing contrasts keep hosts and mathematical instances explicit; no clock is spliced into R60 prospective service work."
}
