10 1 200501 NBO-reuse False 1.3735538860000531
10 1 200501 NBO-adaptive True 1.0366566550000016
10 1 200501 NBO-refit True 0.6780318869999746
10 1 200501 quadratic-adaptive True 0.38064288299997884
10 1 200501 rbf-adaptive True 0.43246111300004486
10 1 200501 SAA True 0.3335197229999949
10 1 200501 enumerated True 0.3356706610000231
10 1 200502 NBO-reuse False 0.34967286099998773
10 1 200502 NBO-adaptive True 1.041479073999966
10 1 200502 NBO-refit True 0.6805046579999612
10 1 200502 quadratic-adaptive True 0.3818186729999411
10 1 200502 rbf-adaptive True 0.39469612999991455
10 1 200502 SAA True 0.3335274109999773
10 1 200502 enumerated True 0.3358999230000279
10 1 200503 NBO-reuse False 0.3506269689999897
10 1 200503 NBO-adaptive True 1.0347626410000714
10 1 200503 NBO-refit True 0.6791924480000091
10 1 200503 quadratic-adaptive True 0.37450853800004325
10 1 200503 rbf-adaptive True 0.38892878300001144
10 1 200503 SAA True 0.33374427699993703
10 1 200503 enumerated True 0.33498897799998417
10 16 200501 NBO-reuse False 0.46162168999993014
10 16 200501 NBO-adaptive True 1.1890553730000022
10 16 200501 NBO-refit True 0.7897532979999653
10 16 200501 quadratic-adaptive True 0.5347561810000627
10 16 200501 rbf-adaptive True 0.5468207490000054
10 16 200501 SAA True 0.4492453700000283
10 16 200501 enumerated True 0.4628266439999891
10 16 200502 NBO-reuse False 0.46770249000002195
10 16 200502 NBO-adaptive True 1.1899589600000127
10 16 200502 NBO-refit True 0.7875391639999805
10 16 200502 quadratic-adaptive True 0.5302959289999478
10 16 200502 rbf-adaptive True 0.5479391969999767
10 16 200502 SAA True 0.4467191480000281
10 16 200502 enumerated True 0.4633619209999722
10 16 200503 NBO-reuse False 0.4622938260000353
10 16 200503 NBO-adaptive True 1.192781545999992
10 16 200503 NBO-refit True 0.7857355669999606
10 16 200503 quadratic-adaptive True 0.532637555999969
10 16 200503 rbf-adaptive True 0.5461187540000481
10 16 200503 SAA True 0.45204578699997455
10 16 200503 enumerated True 0.4621091260000014
10 256 200501 NBO-reuse False 2.393426720999969
10 256 200501 NBO-adaptive True 3.6373160139999925
10 256 200501 NBO-refit True 2.543963369000039
10 256 200501 quadratic-adaptive True 2.944896696000029
10 256 200501 rbf-adaptive True 2.973100231999979
10 256 200501 SAA True 2.214989564000035
10 256 200501 enumerated True 2.7577568809999775
10 256 200502 NBO-reuse False 2.192018494000024
10 256 200502 NBO-adaptive True 3.6060153699999944
10 256 200502 NBO-refit True 2.5344154640000056
10 256 200502 quadratic-adaptive True 2.9122609780000346
10 256 200502 rbf-adaptive True 2.959442134000028
10 256 200502 SAA True 2.225563340999969
10 256 200502 enumerated True 2.724824003000009
10 256 200503 NBO-reuse False 2.1742889099998877
10 256 200503 NBO-adaptive True 3.623215307999999
10 256 200503 NBO-refit True 2.5151051919999645
10 256 200503 quadratic-adaptive True 2.9082050539999784
10 256 200503 rbf-adaptive True 2.875874269000036
10 256 200503 SAA True 2.152287873000006
10 256 200503 enumerated True 2.602101617000045
10 1024 200501 NBO-reuse False 8.235037333999998
10 1024 200501 NBO-adaptive True 11.987065080000065
10 1024 200501 NBO-refit True 8.422536409000031
10 1024 200501 quadratic-adaptive True 10.997285618000063
10 1024 200501 rbf-adaptive True 12.494924228000002
10 1024 200501 SAA True 8.243901419999986
10 1024 200501 enumerated True 10.422862273999954
10 1024 200502 NBO-reuse False 8.301972780000085
10 1024 200502 NBO-adaptive True 11.835485720999998
10 1024 200502 NBO-refit True 8.372267593000004
10 1024 200502 quadratic-adaptive True 10.91699320600003
10 1024 200502 rbf-adaptive True 12.223210890999951
10 1024 200502 SAA True 8.104143932
10 1024 200502 enumerated True 10.223865784000054
10 1024 200503 NBO-reuse False 8.141140946999997
10 1024 200503 NBO-adaptive True 11.813641953999934
10 1024 200503 NBO-refit True 8.434310961999984
10 1024 200503 quadratic-adaptive True 11.063681206999888
10 1024 200503 rbf-adaptive True 12.295196509000107
10 1024 200503 SAA True 8.204819495000152
10 1024 200503 enumerated True 10.066776094000033
50 1 200501 NBO-reuse False 0.40605152900002395
50 1 200501 NBO-adaptive True 1.2068432659999644
50 1 200501 NBO-refit True 0.7557633360001432
50 1 200501 quadratic-adaptive True 0.48735952700019425
50 1 200501 rbf-adaptive True 0.49170241000001624
50 1 200501 SAA True 0.38975927700005286
50 1 200501 enumerated True 0.38912422099997457
50 1 200502 NBO-reuse False 0.4050099930000215
50 1 200502 NBO-adaptive True 1.1981337180000082
50 1 200502 NBO-refit True 0.7545010159999492
50 1 200502 quadratic-adaptive True 0.47956209999989596
50 1 200502 rbf-adaptive True 0.4879934989999697
50 1 200502 SAA True 0.38537397099992177
50 1 200502 enumerated True 0.3885300300000267
50 1 200503 NBO-reuse False 0.4040189730000634
50 1 200503 NBO-adaptive True 1.2044646160000525
50 1 200503 NBO-refit True 0.759891247999974
50 1 200503 quadratic-adaptive True 0.4881441110000537
50 1 200503 rbf-adaptive True 0.49809082600006604
50 1 200503 SAA True 0.3901027630000158
50 1 200503 enumerated True 0.3919160239999542
50 16 200501 NBO-reuse False 0.9062648889999991
50 16 200501 NBO-adaptive True 1.9159337429998118
50 16 200501 NBO-refit True 1.2522441739998271
50 16 200501 quadratic-adaptive True 1.1652060630000278
50 16 200501 rbf-adaptive True 1.1839293099999395
50 16 200501 SAA True 0.8903824609999447
50 16 200501 enumerated True 0.9585464929999148
50 16 200502 NBO-reuse False 0.9136281410000606
50 16 200502 NBO-adaptive True 1.901843399000029
50 16 200502 NBO-refit True 1.2569360269999947
50 16 200502 quadratic-adaptive True 1.1557239469999558
50 16 200502 rbf-adaptive True 1.1819762200000241
50 16 200502 SAA True 0.8912187579999795
50 16 200502 enumerated True 0.9584862250000015
50 16 200503 NBO-reuse False 0.8966636919998905
50 16 200503 NBO-adaptive True 1.8906666089998225
50 16 200503 NBO-refit True 1.2474363560000938
50 16 200503 quadratic-adaptive True 1.1591896950000091
50 16 200503 rbf-adaptive True 1.1821829950000051
50 16 200503 SAA True 0.8891398199999685
50 16 200503 enumerated True 0.9549686299999962
50 256 200501 NBO-reuse False 9.053298058000053
50 256 200501 NBO-adaptive True 13.464637475000245
50 256 200501 NBO-refit True 9.509540405999815
50 256 200501 quadratic-adaptive True 12.394237720999854
50 256 200501 rbf-adaptive True 12.963045928000156
50 256 200501 SAA True 9.428771691999714
50 256 200501 enumerated True 11.483730600000058
50 256 200502 NBO-reuse False 9.211954321999997
50 256 200502 NBO-adaptive True 13.363595999999802
50 256 200502 NBO-refit True 9.339727985999957
50 256 200502 quadratic-adaptive True 12.38418125699991
50 256 200502 rbf-adaptive True 12.745610399000043
50 256 200502 SAA True 9.475363206000111
50 256 200502 enumerated True 11.757516818000227
50 256 200503 NBO-reuse False 9.160740494000038
50 256 200503 NBO-adaptive True 13.339265617999786
50 256 200503 NBO-refit True 9.519529361000195
50 256 200503 quadratic-adaptive True 12.73327696000024
50 256 200503 rbf-adaptive True 12.817198990999827
50 256 200503 SAA True 9.425435460000244
50 256 200503 enumerated True 11.66258864300005
50 1024 200501 NBO-reuse False 41.59028379899996
50 1024 200501 NBO-adaptive True 60.74391687000002
50 1024 200501 NBO-refit True 42.63262205199999
50 1024 200501 quadratic-adaptive True 56.90623159099994
50 1024 200501 rbf-adaptive True 60.71846563699978
50 1024 200501 SAA True 44.27876967600014
50 1024 200501 enumerated True 51.98056451100024
50 1024 200502 NBO-reuse False 42.00626211000008
50 1024 200502 NBO-adaptive True 58.31821174399988
50 1024 200502 NBO-refit True 41.53340257100035
50 1024 200502 quadratic-adaptive True 58.12669329399955
50 1024 200502 rbf-adaptive True 63.04323217499973
50 1024 200502 SAA True 41.93275107299996
50 1024 200502 enumerated True 48.72028453000007
50 1024 200503 NBO-reuse False 41.2304916359999
50 1024 200503 NBO-adaptive True 58.549634693999906
50 1024 200503 NBO-refit True 43.814834449000045
50 1024 200503 quadratic-adaptive True 58.70511149999993
50 1024 200503 rbf-adaptive True 61.95680567599993
50 1024 200503 SAA True 41.510097953999775
50 1024 200503 enumerated True 49.672605885000166
COMPLETE 168 FAILURES 0
