[
  {
    "base_seed": 22000,
    "representation": "neural",
    "optimizer": "adam",
    "K_regret_upper": 0.0030046320483700937,
    "K_gain_from_initial_lower": 0.01586176240595643,
    "strict_uniform_improvement_certified": true,
    "accepted_corners": 4,
    "generation_seconds": 6.075164811000008,
    "gradient_evaluations": 1600,
    "function_evaluations": 1600,
    "line_search_evaluations": 0,
    "checker_seconds": 16.622692657000016,
    "true_regret_ratio_upper": 0.15925841345276548
  },
  {
    "base_seed": 22000,
    "representation": "neural",
    "optimizer": "lbfgsb",
    "K_regret_upper": 0.03770373325970679,
    "K_gain_from_initial_lower": -0.014330263307882174,
    "strict_uniform_improvement_certified": false,
    "accepted_corners": 3,
    "generation_seconds": 4.051872733999971,
    "gradient_evaluations": 1272,
    "function_evaluations": 1272,
    "line_search_evaluations": 222,
    "checker_seconds": 14.992087719999972
  },
  {
    "base_seed": 22000,
    "representation": "direct",
    "optimizer": "adam",
    "K_regret_upper": 0.012034169559735911,
    "K_gain_from_initial_lower": 0.008327440420380524,
    "strict_uniform_improvement_certified": true,
    "accepted_corners": 4,
    "generation_seconds": 4.695477143000005,
    "gradient_evaluations": 1600,
    "function_evaluations": 1600,
    "line_search_evaluations": 0,
    "checker_seconds": 16.58623844099995,
    "true_regret_ratio_upper": 0.5910224963294922
  },
  {
    "base_seed": 22000,
    "representation": "direct",
    "optimizer": "lbfgsb",
    "K_regret_upper": 0.002838708193338758,
    "K_gain_from_initial_lower": 0.016018713390273102,
    "strict_uniform_improvement_certified": true,
    "accepted_corners": 4,
    "generation_seconds": 1.2612427290000028,
    "gradient_evaluations": 430,
    "function_evaluations": 430,
    "line_search_evaluations": 31,
    "checker_seconds": 16.641742682,
    "true_regret_ratio_upper": 0.15053533065229624
  },
  {
    "base_seed": 22100,
    "representation": "neural",
    "optimizer": "adam",
    "K_regret_upper": 0.0030035490314441757,
    "K_gain_from_initial_lower": 0.0129368874328906,
    "strict_uniform_improvement_certified": true,
    "accepted_corners": 4,
    "generation_seconds": 5.194566753000004,
    "gradient_evaluations": 1600,
    "function_evaluations": 1600,
    "line_search_evaluations": 0,
    "checker_seconds": 16.40039779300008,
    "true_regret_ratio_upper": 0.18842326169451729
  },
  {
    "base_seed": 22100,
    "representation": "neural",
    "optimizer": "lbfgsb",
    "K_regret_upper": 0.007008422876570776,
    "K_gain_from_initial_lower": 0.01304253662802516,
    "strict_uniform_improvement_certified": true,
    "accepted_corners": 4,
    "generation_seconds": 3.585077252000019,
    "gradient_evaluations": 1126,
    "function_evaluations": 1126,
    "line_search_evaluations": 211,
    "checker_seconds": 16.398320083999977,
    "true_regret_ratio_upper": 0.3495305486485253
  },
  {
    "base_seed": 22100,
    "representation": "direct",
    "optimizer": "adam",
    "K_regret_upper": 0.012098611331393231,
    "K_gain_from_initial_lower": 0.005320710386888009,
    "strict_uniform_improvement_certified": true,
    "accepted_corners": 4,
    "generation_seconds": 4.69078443300009,
    "gradient_evaluations": 1600,
    "function_evaluations": 1600,
    "line_search_evaluations": 0,
    "checker_seconds": 16.3227196040001,
    "true_regret_ratio_upper": 0.694551230355656
  },
  {
    "base_seed": 22100,
    "representation": "direct",
    "optimizer": "lbfgsb",
    "K_regret_upper": 0.0028387081755048013,
    "K_gain_from_initial_lower": 0.013042588606453832,
    "strict_uniform_improvement_certified": true,
    "accepted_corners": 4,
    "generation_seconds": 1.2774525799999878,
    "gradient_evaluations": 434,
    "function_evaluations": 434,
    "line_search_evaluations": 35,
    "checker_seconds": 16.3826239280001,
    "true_regret_ratio_upper": 0.17874536408951275
  },
  {
    "base_seed": 22200,
    "representation": "neural",
    "optimizer": "adam",
    "K_regret_upper": 0.003012922985979883,
    "K_gain_from_initial_lower": 0.0152160197537113,
    "strict_uniform_improvement_certified": true,
    "accepted_corners": 4,
    "generation_seconds": 5.163107117999971,
    "gradient_evaluations": 1600,
    "function_evaluations": 1600,
    "line_search_evaluations": 0,
    "checker_seconds": 16.318143869999858,
    "true_regret_ratio_upper": 0.165282376987209
  },
  {
    "base_seed": 22200,
    "representation": "neural",
    "optimizer": "lbfgsb",
    "K_regret_upper": 0.0028390985228399232,
    "K_gain_from_initial_lower": 0.015322585885351474,
    "strict_uniform_improvement_certified": true,
    "accepted_corners": 4,
    "generation_seconds": 4.719023302999972,
    "gradient_evaluations": 1492,
    "function_evaluations": 1492,
    "line_search_evaluations": 259,
    "checker_seconds": 16.35644475099997,
    "true_regret_ratio_upper": 0.156323524791534
  },
  {
    "base_seed": 22200,
    "representation": "direct",
    "optimizer": "adam",
    "K_regret_upper": 0.01192985708265493,
    "K_gain_from_initial_lower": 0.007520634414560929,
    "strict_uniform_improvement_certified": true,
    "accepted_corners": 4,
    "generation_seconds": 4.65107423500001,
    "gradient_evaluations": 1600,
    "function_evaluations": 1600,
    "line_search_evaluations": 0,
    "checker_seconds": 16.31692387199996,
    "true_regret_ratio_upper": 0.6133447622319762
  },
  {
    "base_seed": 22200,
    "representation": "direct",
    "optimizer": "lbfgsb",
    "K_regret_upper": 0.0028387081791640964,
    "K_gain_from_initial_lower": 0.015322626505475183,
    "strict_uniform_improvement_certified": true,
    "accepted_corners": 4,
    "generation_seconds": 1.2597346830000333,
    "gradient_evaluations": 433,
    "function_evaluations": 433,
    "line_search_evaluations": 29,
    "checker_seconds": 16.34898990699992,
    "true_regret_ratio_upper": 0.15630504191770972
  }
]
