22000 0 neural adam 400 True 0.0027026379863168697
22000 0 neural lbfgsb 400 True 0.002587184057004866
22000 0 direct adam 400 True 0.011468879846428416
22000 0 direct lbfgsb 130 True 0.002587136906923471
22000 1 neural adam 400 True 0.0030046320483700932
22000 1 neural lbfgsb 72 False 0.03770373325970678
22000 1 direct adam 400 True 0.01203416955973591
22000 1 direct lbfgsb 122 True 0.0028387081933387574
22000 2 neural adam 400 True 0.0027737915221255354
22000 2 neural lbfgsb 400 True 0.002664750604916
22000 2 direct adam 400 True 0.010253265117120549
22000 2 direct lbfgsb 84 True 0.0026646455457977063
22000 3 neural adam 400 True 0.0027113714150901473
22000 3 neural lbfgsb 400 True 0.002554446301393121
22000 3 direct adam 400 True 0.010245693400666058
22000 3 direct lbfgsb 94 True 0.0025544204307734746
22100 0 neural adam 400 True 0.0027170183953626474
22100 0 neural lbfgsb 400 True 0.002587154299957817
22100 0 direct adam 400 True 0.011645561652922522
22100 0 direct lbfgsb 85 True 0.002587136999842477
22100 1 neural adam 400 True 0.0030035490314441753
22100 1 neural lbfgsb 29 True 0.007008422876570775
22100 1 direct adam 400 True 0.01209861133139323
22100 1 direct lbfgsb 121 True 0.002838708175504801
22100 2 neural adam 400 True 0.0027703466689887883
22100 2 neural lbfgsb 400 True 0.0026646974738542277
22100 2 direct adam 400 True 0.01026789181130794
22100 2 direct lbfgsb 91 True 0.0026646454954255554
22100 3 neural adam 400 True 0.00271331977417888
22100 3 neural lbfgsb 297 True 0.002554661022809102
22100 3 direct adam 400 True 0.01046756895118506
22100 3 direct lbfgsb 137 True 0.0025544185022152725
22200 0 neural adam 400 True 0.0027014158330700426
22200 0 neural lbfgsb 400 True 0.0025871769953014216
22200 0 direct adam 400 True 0.011668463515611462
22200 0 direct lbfgsb 103 True 0.00258713693394852
22200 1 neural adam 400 True 0.0030129229859798827
22200 1 neural lbfgsb 292 True 0.002839098522839923
22200 1 direct adam 400 True 0.011929857082654928
22200 1 direct lbfgsb 113 True 0.002838708179164096
22200 2 neural adam 400 True 0.0027712522067055993
22200 2 neural lbfgsb 400 True 0.002664686075065426
22200 2 direct adam 400 True 0.010258191886780345
22200 2 direct lbfgsb 61 True 0.002664645454941717
22200 3 neural adam 400 True 0.0026992081883225887
22200 3 neural lbfgsb 400 True 0.0025544652568578745
22200 3 direct adam 400 True 0.010434658966756773
22200 3 direct lbfgsb 156 True 0.002554418898613964
stress 1 True
stress 2 True
stress 3 True
stress 4 True
stress 5 False
stress 6 False
stress 7 False
stress 8 False
