{"seed": 17107, "step": 400, "grid": [4, 16, 16], "t0_regret_upper": 7.27831906346675, "wall_seconds": 10.130277419000038}
full-state evaluation 20 32.73242211343865
full-state evaluation 40 7.788420057204352
full-state evaluation 60 7.788384693586936
full-state evaluation 80 7.7882736073371355
full-state evaluation 100 7.787387700405514
full-state evaluation 120 7.786405288362338
full-state evaluation 140 7.785776365984341
full-state evaluation 160 7.785205941354823
full-state evaluation 180 7.78490229627903
full-state evaluation 200 7.784735405108874
full-state evaluation 220 7.784673499937908
full-state evaluation 240 7.7846290147052795
full-state evaluation 260 7.784582717732867
full-state evaluation 280 7.78456419291517
full-state evaluation 300 7.7845619671868675
full-state evaluation 320 7.784561347557572
full-state evaluation 340 7.784560131377195
full-state evaluation 360 7.784558311067231
full-state evaluation 380 7.784557762974908
full-state evaluation 400 7.7845576761977
{"seed": 17107, "step": 400, "grid": [4, 16, 16], "t0_regret_upper": 7.241462443133421, "wall_seconds": 9.846272824999971}
