This is pdfTeX, Version 3.141592653-2.6-1.40.25 (TeX Live 2023/Debian) (preloaded format=pdflatex)
 restricted \write18 enabled.
entering extended mode
(./SUPP_R22.tex
LaTeX2e <2023-11-01> patch level 1
L3 programming layer <2024-01-22>
(./econsocart.cls
Document Class: econsocart 2022/11/21 v1.4.1, The Econometric Society Journals
(/usr/share/texlive/texmf-dist/tex/latex/etoolbox/etoolbox.sty)
(./econsocart.cfg) (/usr/share/texlive/texmf-dist/tex/latex/base/fix-cm.sty
(/usr/share/texlive/texmf-dist/tex/latex/base/ts1enc.def))
(/usr/share/texlive/texmf-dist/tex/latex/graphics/graphicx.sty
(/usr/share/texlive/texmf-dist/tex/latex/graphics/keyval.sty)
(/usr/share/texlive/texmf-dist/tex/latex/graphics/graphics.sty
(/usr/share/texlive/texmf-dist/tex/latex/graphics/trig.sty)
(/usr/share/texlive/texmf-dist/tex/latex/graphics-cfg/graphics.cfg)
(/usr/share/texlive/texmf-dist/tex/latex/graphics-def/pdftex.def)))
(/usr/share/texlive/texmf-dist/tex/latex/base/fontenc.sty)
(/usr/share/texlive/texmf-dist/tex/latex/psnfss/times.sty)
(/usr/share/texlive/texmf-dist/tex/latex/textcase/textcase.sty)
(/usr/share/texlive/texmf-dist/tex/latex/psnfss/helvet.sty)
(/usr/share/texlive/texmf-dist/tex/latex/base/textcomp.sty)
(/usr/share/texlive/texmf-dist/tex/latex/psnfss/t1ptm.fd)
(/usr/share/texlive/texmf-dist/tex/latex/amsfonts/amssymb.sty
(/usr/share/texlive/texmf-dist/tex/latex/amsfonts/amsfonts.sty))
(/usr/share/texlive/texmf-dist/tex/latex/tools/bm.sty)
(/usr/share/texlive/texmf-dist/tex/latex/url/url.sty)
(/usr/share/texlive/texmf-dist/tex/latex/amsmath/amsmath.sty
For additional information on amsmath, use the `?' option.
(/usr/share/texlive/texmf-dist/tex/latex/amsmath/amstext.sty
(/usr/share/texlive/texmf-dist/tex/latex/amsmath/amsgen.sty))
(/usr/share/texlive/texmf-dist/tex/latex/amsmath/amsbsy.sty)
(/usr/share/texlive/texmf-dist/tex/latex/amsmath/amsopn.sty))
(/usr/share/texlive/texmf-dist/tex/latex/amscls/amsthm.sty)
(/usr/share/texlive/texmf-dist/tex/latex/natbib/natbib.sty))
(/usr/share/texlive/texmf-dist/tex/latex/booktabs/booktabs.sty)
(/usr/share/texlive/texmf-dist/tex/latex/tools/tabularx.sty
(/usr/share/texlive/texmf-dist/tex/latex/tools/array.sty))
(/usr/share/texlive/texmf-dist/tex/latex/microtype/microtype.sty
(/usr/share/texlive/texmf-dist/tex/latex/microtype/microtype-pdftex.def)
(/usr/share/texlive/texmf-dist/tex/latex/microtype/microtype.cfg))
(/usr/share/texlive/texmf-dist/tex/latex/hyperref/hyperref.sty
(/usr/share/texlive/texmf-dist/tex/generic/iftex/iftex.sty)
(/usr/share/texlive/texmf-dist/tex/latex/kvsetkeys/kvsetkeys.sty)
(/usr/share/texlive/texmf-dist/tex/generic/kvdefinekeys/kvdefinekeys.sty)
(/usr/share/texlive/texmf-dist/tex/generic/pdfescape/pdfescape.sty
(/usr/share/texlive/texmf-dist/tex/generic/ltxcmds/ltxcmds.sty)
(/usr/share/texlive/texmf-dist/tex/generic/pdftexcmds/pdftexcmds.sty
(/usr/share/texlive/texmf-dist/tex/generic/infwarerr/infwarerr.sty)))
(/usr/share/texlive/texmf-dist/tex/latex/hycolor/hycolor.sty)
(/usr/share/texlive/texmf-dist/tex/latex/auxhook/auxhook.sty)
(/usr/share/texlive/texmf-dist/tex/latex/hyperref/nameref.sty
(/usr/share/texlive/texmf-dist/tex/latex/refcount/refcount.sty)
(/usr/share/texlive/texmf-dist/tex/generic/gettitlestring/gettitlestring.sty
(/usr/share/texlive/texmf-dist/tex/latex/kvoptions/kvoptions.sty)))
(/usr/share/texlive/texmf-dist/tex/latex/hyperref/pd1enc.def)
(/usr/share/texlive/texmf-dist/tex/generic/intcalc/intcalc.sty)
(/usr/share/texlive/texmf-dist/tex/latex/hyperref/puenc.def)
(/usr/share/texlive/texmf-dist/tex/generic/bitset/bitset.sty
(/usr/share/texlive/texmf-dist/tex/generic/bigintcalc/bigintcalc.sty))
(/usr/share/texlive/texmf-dist/tex/latex/base/atbegshi-ltx.sty))
(/usr/share/texlive/texmf-dist/tex/latex/hyperref/hpdftex.def
(/usr/share/texlive/texmf-dist/tex/latex/base/atveryend-ltx.sty)
(/usr/share/texlive/texmf-dist/tex/latex/rerunfilecheck/rerunfilecheck.sty
(/usr/share/texlive/texmf-dist/tex/generic/uniquecounter/uniquecounter.sty)))
(/usr/share/texlive/texmf-dist/tex/latex/xurl/xurl.sty)
(/usr/share/texlive/texmf-dist/tex/latex/tools/longtable.sty)
(/usr/share/texlive/texmf-dist/tex/latex/tools/xr.sty)
(./revisions/2026-09-22-r14/paper/result_macros.tex)
(./revisions/2026-09-23-r18/paper/result_macros.tex)
(./revisions/2026-09-23-r18/paper/new_macros.tex)
(./revisions/2026-09-23-r19/paper/result_macros.tex)
(./revisions/2026-09-23-r21/paper/result_macros.tex)
(./revisions/2026-09-23-r22/paper/result_macros.tex)
(/usr/share/texlive/texmf-dist/tex/latex/hyperref/backref.sty)
(/usr/share/texlive/texmf-dist/tex/latex/l3backend/l3backend-pdftex.def)
(./SUPP_R22.aux

LaTeX Warning: Label `sec:introduction' multiply defined.


LaTeX Warning: Label `sec:conclusion' multiply defined.

) (/usr/share/texlive/texmf-dist/tex/context/base/mkii/supp-pdf.mkii
[Loading MPS to PDF converter (version 2006.09.02).]
) (/usr/share/texlive/texmf-dist/tex/latex/epstopdf-pkg/epstopdf-base.sty
(/usr/share/texlive/texmf-dist/tex/latex/latexconfig/epstopdf-sys.cfg))
(/usr/share/texlive/texmf-dist/tex/latex/microtype/mt-ptm.cfg) (./SUPP_R22.out)
 (./SUPP_R22.out) (/usr/share/texlive/texmf-dist/tex/latex/microtype/mt-cmr.cfg
) (/usr/share/texlive/texmf-dist/tex/latex/amsfonts/umsa.fd)
(/usr/share/texlive/texmf-dist/tex/latex/microtype/mt-msa.cfg)
(/usr/share/texlive/texmf-dist/tex/latex/amsfonts/umsb.fd)
(/usr/share/texlive/texmf-dist/tex/latex/microtype/mt-msb.cfg)

Package hyperref Warning: Ignoring empty anchor on input line 42.

(./revisions/2026-09-23-r22/paper/supplement.tex
(/usr/share/texlive/texmf-dist/tex/latex/psnfss/t1pcr.fd)
Underfull \hbox (badness 10000) in paragraph at lines 21--21
[]|\T1/ptm/m/n/9.5 (+20) Unequal-

Underfull \hbox (badness 10000) in paragraph at lines 21--21
\T1/ptm/m/n/9.5 (+20) initialization

Underfull \hbox (badness 10000) in paragraph at lines 21--21
[]|\T1/ptm/m/n/9.5 (+20) Complex quadra-

Underfull \hbox (badness 10000) in paragraph at lines 21--21
[]|\T1/ptm/m/n/9.5 (+20) Full-state global

Underfull \hbox (badness 1072) in paragraph at lines 21--21
[]|\T1/ptm/m/n/9.5 (+20) Accessible-face trace the-o-rem and

Underfull \hbox (badness 1354) in paragraph at lines 21--21
[]|\T1/ptm/m/n/9.5 (+20) Matched ini-tial-iza-

Underfull \hbox (badness 2245) in paragraph at lines 21--21
[]|$\T1/pcr/m/n/9.5 c r o s s e d . py$\T1/ptm/m/n/9.5 (+20) ; ex-act delivered
-

Underfull \hbox (badness 832) in paragraph at lines 21--21
[]|\T1/ptm/m/n/9.5 (+20) Actor deriva-tives at four spec-i-fied
(./revisions/2026-09-23-r22/paper/full_ledger.tex [1
Non-PDF special ignored!
<special> papersize=487.8225pt,704.63249pt
{/var/lib/texmf/fonts/map/pdftex/updmap/pdftex.map}{/usr/share/texlive/texmf-di
st/fonts/enc/dvips/base/8r.enc}])
(./revisions/2026-09-23-r22/paper/repair_table.tex)
(./revisions/2026-09-23-r22/paper/runtime_table.tex) [2] [3])
(./revisions/2026-09-23-r21/paper/supplement.tex
(./revisions/2026-09-23-r21/paper/table_cost.tex)
(./revisions/2026-09-23-r21/paper/table_price.tex) [4] [5])
(./revisions/2026-09-23-r19/paper/supplement.tex
(./revisions/2026-09-23-r19/paper/tables/traces0.tex)
(./revisions/2026-09-23-r19/paper/tables/traces1.tex) [6]
(./revisions/2026-09-23-r19/paper/tables/classical_signed.tex) [7]
(./revisions/2026-09-23-r19/paper/tables/warm_details_8.tex)
(./revisions/2026-09-23-r19/paper/tables/warm_details_32.tex)
(./revisions/2026-09-23-r19/paper/tables/warm_details_128.tex)) [8]
(./revisions/2026-09-23-r18/paper/aligned_supplement.tex
Underfull \hbox (badness 2042) in paragraph at lines 2--3
[]\T1/ptm/m/n/10.5 (+20) The cur-rent manuscript is \T1/pcr/m/n/10.5 ECTA_R18.t
ex \T1/ptm/m/n/10.5 (+20) with its com-piled PDF. This sup-ple-

Underfull \hbox (badness 3396) in paragraph at lines 2--3
\T1/ptm/m/n/10.5 (+20) ment is \T1/pcr/m/n/10.5 SUPP_R18.tex\T1/ptm/m/n/10.5 (+
20) . The point-by-point re-sponse is sup-plied in both Mark-

Underfull \hbox (badness 4660) in paragraph at lines 2--3
\T1/pcr/m/n/10.5 reviews/2026-09-23-econometrica-r16/\T1/ptm/m/n/10.5 (+20) . I
ts im-mutable re-view com-mit is
[9] [10] [11] [12] [13] [14] [15] [16])
(./revisions/2026-09-23-r18/paper/supplement.tex [17]
(./revisions/2026-09-23-r18/paper/neural_refinement_table.tex) [18]
(./revisions/2026-09-23-r18/paper/mpfr_nodes_table.tex) [19]
(./revisions/2026-09-23-r18/paper/inventory_refinement_table.tex)
(./revisions/2026-09-23-r18/paper/inventory_dimension_table.tex)
(./revisions/2026-09-23-r18/paper/resource_table.tex) [20] [21])
(./revisions/2026-09-22-r14/paper/supplement.tex [22] [23] [24] [25] [26]
[27] [28] [29] (./revisions/2026-09-22-r14/paper/tables/policy_regions.tex)
[30]
Underfull \hbox (badness 10000) in paragraph at lines 311--311
[]|\T1/ptm/m/n/9.5 (+20) Recursive util-ity, so-phis-ti-cated

Underfull \hbox (badness 10000) in paragraph at lines 311--311
\T1/ptm/m/n/9.5 (+20) selves, games, stochas-tic trace
) [31] (./revisions/2026-09-23-r18/paper/introduction.tex [32])
(./revisions/2026-09-23-r18/paper/conclusion.tex [33]) [34]
(./revisions/2026-09-23-r19/paper/introduction.tex [35])
(./revisions/2026-09-23-r19/paper/conclusion.tex [36]) [37]
(./revisions/2026-09-23-r21/paper/introduction.tex)
(./revisions/2026-09-23-r21/paper/conclusion.tex [38]) [39]
(./revisions/2026-09-23-r18/paper/references.tex (./SUPP_R22.brf)) [40]
(./SUPP_R22.aux)

LaTeX Warning: There were multiply-defined labels.


Package rerunfilecheck Warning: File `SUPP_R22.brf' has changed.
(rerunfilecheck)                Rerun to get bibliographical references right.

 )
(see the transcript file for additional information)
pdfTeX warning (dest): name{proposition.11} has been referenced but does not ex
ist, replaced by a fixed one


pdfTeX warning (dest): name{theorem.9} has been referenced but does not exist, 
replaced by a fixed one


pdfTeX warning (dest): name{proposition.3} has been referenced but does not exi
st, replaced by a fixed one


pdfTeX warning (dest): name{equation.0.5.27} has been referenced but does not e
xist, replaced by a fixed one


pdfTeX warning (dest): name{subsection.A.2} has been referenced but does not ex
ist, replaced by a fixed one


pdfTeX warning (dest): name{appendix.A} has been referenced but does not exist,
 replaced by a fixed one


pdfTeX warning (dest): name{theorem.5} has been referenced but does not exist, 
replaced by a fixed one

</usr/share/texlive/texmf-dist/fonts/type1/public/amsfonts/cm/cmex10.pfb></usr/
share/texlive/texmf-dist/fonts/type1/public/amsfonts/cm/cmmi10.pfb></usr/share/
texlive/texmf-dist/fonts/type1/public/amsfonts/cm/cmmi5.pfb></usr/share/texlive
/texmf-dist/fonts/type1/public/amsfonts/cm/cmmi6.pfb></usr/share/texlive/texmf-
dist/fonts/type1/public/amsfonts/cm/cmmi8.pfb></usr/share/texlive/texmf-dist/fo
nts/type1/public/amsfonts/cm/cmmi9.pfb></usr/share/texlive/texmf-dist/fonts/typ
e1/public/amsfonts/cm/cmr10.pfb></usr/share/texlive/texmf-dist/fonts/type1/publ
ic/amsfonts/cm/cmr5.pfb></usr/share/texlive/texmf-dist/fonts/type1/public/amsfo
nts/cm/cmr6.pfb></usr/share/texlive/texmf-dist/fonts/type1/public/amsfonts/cm/c
mr8.pfb></usr/share/texlive/texmf-dist/fonts/type1/public/amsfonts/cm/cmr9.pfb>
</usr/share/texlive/texmf-dist/fonts/type1/public/amsfonts/cm/cmsy10.pfb></usr/
share/texlive/texmf-dist/fonts/type1/public/amsfonts/cm/cmsy5.pfb></usr/share/t
exlive/texmf-dist/fonts/type1/public/amsfonts/cm/cmsy6.pfb></usr/share/texlive/
texmf-dist/fonts/type1/public/amsfonts/cm/cmsy8.pfb></usr/share/texlive/texmf-d
ist/fonts/type1/public/amsfonts/cm/cmsy9.pfb></usr/share/texlive/texmf-dist/fon
ts/type1/public/amsfonts/symbols/msbm10.pfb></usr/share/texlive/texmf-dist/font
s/type1/urw/courier/ucrr8a.pfb></usr/share/texlive/texmf-dist/fonts/type1/urw/t
imes/utmr8a.pfb></usr/share/texlive/texmf-dist/fonts/type1/urw/times/utmri8a.pf
b>
Output written on SUPP_R22.pdf (40 pages, 369797 bytes).
Transcript written on SUPP_R22.log.
