This is pdfTeX, Version 3.141592653-2.6-1.40.25 (TeX Live 2023/Debian) (preloaded format=pdflatex)
 restricted \write18 enabled.
entering extended mode
(./complete.tex
LaTeX2e <2023-11-01> patch level 1
L3 programming layer <2024-01-22>
(./econsocart.cls
Document Class: econsocart 2022/11/21 v1.4.1, The Econometric Society Journals
(/usr/share/texlive/texmf-dist/tex/latex/etoolbox/etoolbox.sty)
(./econsocart.cfg) (/usr/share/texlive/texmf-dist/tex/latex/base/fix-cm.sty
(/usr/share/texlive/texmf-dist/tex/latex/base/ts1enc.def))
(/usr/share/texlive/texmf-dist/tex/latex/graphics/graphicx.sty
(/usr/share/texlive/texmf-dist/tex/latex/graphics/keyval.sty)
(/usr/share/texlive/texmf-dist/tex/latex/graphics/graphics.sty
(/usr/share/texlive/texmf-dist/tex/latex/graphics/trig.sty)
(/usr/share/texlive/texmf-dist/tex/latex/graphics-cfg/graphics.cfg)
(/usr/share/texlive/texmf-dist/tex/latex/graphics-def/pdftex.def)))
(/usr/share/texlive/texmf-dist/tex/latex/base/fontenc.sty)
(/usr/share/texlive/texmf-dist/tex/latex/psnfss/times.sty)
(/usr/share/texlive/texmf-dist/tex/latex/textcase/textcase.sty)
(/usr/share/texlive/texmf-dist/tex/latex/psnfss/helvet.sty)
(/usr/share/texlive/texmf-dist/tex/latex/base/textcomp.sty)
(/usr/share/texlive/texmf-dist/tex/latex/psnfss/t1ptm.fd)
(/usr/share/texlive/texmf-dist/tex/latex/amsfonts/amssymb.sty
(/usr/share/texlive/texmf-dist/tex/latex/amsfonts/amsfonts.sty))
(/usr/share/texlive/texmf-dist/tex/latex/tools/bm.sty)
(/usr/share/texlive/texmf-dist/tex/latex/url/url.sty)
(/usr/share/texlive/texmf-dist/tex/latex/amsmath/amsmath.sty
For additional information on amsmath, use the `?' option.
(/usr/share/texlive/texmf-dist/tex/latex/amsmath/amstext.sty
(/usr/share/texlive/texmf-dist/tex/latex/amsmath/amsgen.sty))
(/usr/share/texlive/texmf-dist/tex/latex/amsmath/amsbsy.sty)
(/usr/share/texlive/texmf-dist/tex/latex/amsmath/amsopn.sty))
(/usr/share/texlive/texmf-dist/tex/latex/amscls/amsthm.sty)
(/usr/share/texlive/texmf-dist/tex/latex/natbib/natbib.sty)) (./preamble.tex
(/usr/share/texlive/texmf-dist/tex/latex/booktabs/booktabs.sty)
(/usr/share/texlive/texmf-dist/tex/latex/tools/array.sty)
(/usr/share/texlive/texmf-dist/tex/latex/tools/longtable.sty)
(/usr/share/texlive/texmf-dist/tex/latex/base/fontenc.sty)
(/usr/share/texlive/texmf-dist/tex/latex/psnfss/mathpazo.sty)
(/usr/share/texlive/texmf-dist/tex/latex/microtype/microtype.sty
(/usr/share/texlive/texmf-dist/tex/latex/microtype/microtype-pdftex.def)
(/usr/share/texlive/texmf-dist/tex/latex/microtype/microtype.cfg))
(/usr/share/texlive/texmf-dist/tex/latex/needspace/needspace.sty)
(/usr/share/texlive/texmf-dist/tex/latex/xurl/xurl.sty)
(/usr/share/texlive/texmf-dist/tex/latex/hyperref/hyperref.sty
(/usr/share/texlive/texmf-dist/tex/generic/iftex/iftex.sty)
(/usr/share/texlive/texmf-dist/tex/latex/kvsetkeys/kvsetkeys.sty)
(/usr/share/texlive/texmf-dist/tex/generic/kvdefinekeys/kvdefinekeys.sty)
(/usr/share/texlive/texmf-dist/tex/generic/pdfescape/pdfescape.sty
(/usr/share/texlive/texmf-dist/tex/generic/ltxcmds/ltxcmds.sty)
(/usr/share/texlive/texmf-dist/tex/generic/pdftexcmds/pdftexcmds.sty
(/usr/share/texlive/texmf-dist/tex/generic/infwarerr/infwarerr.sty)))
(/usr/share/texlive/texmf-dist/tex/latex/hycolor/hycolor.sty)
(/usr/share/texlive/texmf-dist/tex/latex/auxhook/auxhook.sty)
(/usr/share/texlive/texmf-dist/tex/latex/hyperref/nameref.sty
(/usr/share/texlive/texmf-dist/tex/latex/refcount/refcount.sty)
(/usr/share/texlive/texmf-dist/tex/generic/gettitlestring/gettitlestring.sty
(/usr/share/texlive/texmf-dist/tex/latex/kvoptions/kvoptions.sty)))
(/usr/share/texlive/texmf-dist/tex/latex/hyperref/pd1enc.def)
(/usr/share/texlive/texmf-dist/tex/generic/intcalc/intcalc.sty)
(/usr/share/texlive/texmf-dist/tex/latex/hyperref/puenc.def)
(/usr/share/texlive/texmf-dist/tex/generic/bitset/bitset.sty
(/usr/share/texlive/texmf-dist/tex/generic/bigintcalc/bigintcalc.sty))
(/usr/share/texlive/texmf-dist/tex/latex/base/atbegshi-ltx.sty))
(/usr/share/texlive/texmf-dist/tex/latex/hyperref/hpdftex.def
(/usr/share/texlive/texmf-dist/tex/latex/base/atveryend-ltx.sty)
(/usr/share/texlive/texmf-dist/tex/latex/rerunfilecheck/rerunfilecheck.sty
(/usr/share/texlive/texmf-dist/tex/generic/uniquecounter/uniquecounter.sty))))
(/usr/share/texlive/texmf-dist/tex/latex/psnfss/t1pcr.fd)
(/usr/share/texlive/texmf-dist/tex/latex/hyperref/backref.sty)
(/usr/share/texlive/texmf-dist/tex/latex/psnfss/t1ppl.fd)
(/usr/share/texlive/texmf-dist/tex/latex/l3backend/l3backend-pdftex.def)

LaTeX Warning: Unused global option(s):
    [nameyear].

No file complete.aux.
(/usr/share/texlive/texmf-dist/tex/context/base/mkii/supp-pdf.mkii
[Loading MPS to PDF converter (version 2006.09.02).]
) (/usr/share/texlive/texmf-dist/tex/latex/epstopdf-pkg/epstopdf-base.sty
(/usr/share/texlive/texmf-dist/tex/latex/latexconfig/epstopdf-sys.cfg))
(/usr/share/texlive/texmf-dist/tex/latex/microtype/mt-ppl.cfg)
(/usr/share/texlive/texmf-dist/tex/latex/graphics/color.sty
(/usr/share/texlive/texmf-dist/tex/latex/graphics-cfg/color.cfg)
(/usr/share/texlive/texmf-dist/tex/latex/graphics/mathcolor.ltx)) [1
Non-PDF special ignored!
<special> papersize=614.295pt,794.96999pt
{/var/lib/texmf/fonts/map/pdftex/updmap/pdftex.map}{/usr/share/texlive/texmf-di
st/fonts/enc/dvips/base/8r.enc}]
Underfull \vbox (badness 10000) has occurred while \output is active

LaTeX Font Warning: Font shape `T1/ppl/m/uc' undefined
(Font)              using `T1/ppl/m/n' instead on input line 34.


LaTeX Font Warning: Font shape `T1/ppl/m/up' undefined
(Font)              using `T1/ppl/m/n' instead on input line 34.

[2]
Underfull \vbox (badness 10000) has occurred while \output is active [3]
(/usr/share/texlive/texmf-dist/tex/latex/psnfss/ot1ppl.fd)
(/usr/share/texlive/texmf-dist/tex/latex/psnfss/omlzplm.fd)
(/usr/share/texlive/texmf-dist/tex/latex/psnfss/omszplm.fd)
(/usr/share/texlive/texmf-dist/tex/latex/psnfss/omxzplm.fd)
(/usr/share/texlive/texmf-dist/tex/latex/microtype/mt-msa.cfg)
(/usr/share/texlive/texmf-dist/tex/latex/microtype/mt-msb.cfg)
(/usr/share/texlive/texmf-dist/tex/latex/microtype/mt-cmr.cfg)
(/usr/share/texlive/texmf-dist/tex/latex/psnfss/ot1zplm.fd)
Underfull \vbox (badness 10000) has occurred while \output is active [4]
Underfull \vbox (badness 10000) has occurred while \output is active [5]

Package natbib Warning: Citation `judd1998' on page 6 undefined on input line 5
9.


Package natbib Warning: Citation `powell2011' on page 6 undefined on input line
 59.


Package natbib Warning: Citation `longstaff2001' on page 6 undefined on input l
ine 59.


Package natbib Warning: Citation `ernst2005' on page 6 undefined on input line 
59.


Package natbib Warning: Citation `konda1999' on page 6 undefined on input line 
59.


Package natbib Warning: Citation `scherrer2015' on page 6 undefined on input li
ne 59.


Package natbib Warning: Citation `kakade2002' on page 6 undefined on input line
 59.


Package natbib Warning: Citation `pirotta2013' on page 6 undefined on input lin
e 59.


Package natbib Warning: Citation `sirignano2018' on page 6 undefined on input l
ine 61.


Package natbib Warning: Citation `han2018' on page 6 undefined on input line 61
.


Package natbib Warning: Citation `hornik1990' on page 6 undefined on input line
 61.


Package natbib Warning: Citation `epsteinzin1989' on page 6 undefined on input 
line 63.


Package natbib Warning: Citation `duffieepstein1992' on page 6 undefined on inp
ut line 63.


Package natbib Warning: Citation `maurer2009' on page 6 undefined on input line
 63.


Underfull \vbox (badness 3930) has occurred while \output is active [6]
[7]
Underfull \vbox (badness 4940) has occurred while \output is active [8]

LaTeX Warning: Reference `eq:estimand' on page 9 undefined on input line 108.

[9]

LaTeX Warning: Reference `eq:transport' on page 10 undefined on input line 134.



LaTeX Warning: Reference `sec:economy' on page 10 undefined on input line 146.


LaTeX Warning: Reference `eq:residual' on page 10 undefined on input line 146.


LaTeX Warning: Reference `eq:brackets' on page 10 undefined on input line 161.

[10] [11] [12] (/usr/share/texlive/texmf-dist/tex/latex/psnfss/ufplmbb.fd)
Underfull \vbox (badness 2080) has occurred while \output is active [13]

LaTeX Warning: Reference `eq:gap' on page 14 undefined on input line 226.

[14]

LaTeX Warning: Reference `eq:bellman' on page 15 undefined on input line 231.


LaTeX Warning: Reference `eq:residual' on page 15 undefined on input line 243.


LaTeX Warning: Reference `eq:score' on page 15 undefined on input line 254.


Underfull \hbox (badness 10000) in paragraph at lines 254--255
[][] \T1/ppl/m/up/12 (+20) Con-di-tional ex-pec-ta-tion gives $\U/fplmbb/m/n/12
 E\OML/zplm/m/it/12 Q[]\OT1/zplm/m/n/12 (\OML/zplm/m/it/12 f[]\OT1/ppl/m/n/12 (
+20) ; \OML/zplm/m/it/12 X[]\OT1/ppl/m/n/12 (+20) , \OML/zplm/m/it/12 ^^Y[]\OT1
/zplm/m/n/12 ) = \U/fplmbb/m/n/12 E\OML/zplm/m/it/12 c[] \OT1/zplm/m/n/12 +

Underfull \hbox (badness 4108) in paragraph at lines 254--255
\OML/zplm/m/it/12 ^^L[]\U/fplmbb/m/n/12 E\OML/zplm/m/it/12 f[]\OT1/zplm/m/n/12 
(\OML/zplm/m/it/12 X[]\OT1/zplm/m/n/12 )$\T1/ppl/m/up/12 (+20) . Sum-ming tele-
scopes all con-tin-u-a-tion terms. The selected-
[15] [16] [17]
Underfull \hbox (badness 10000) in paragraph at lines 292--293
[]\T1/ppl/m/up/12 (+20) For both cou-pled meth-ods the fi-nal all-state ver-i-f
i-ca-tion lad-der is

Underfull \hbox (badness 1648) in paragraph at lines 292--293
\OML/zplm/m/it/12 N \OT1/zplm/m/n/12 = \OT1/ppl/m/n/12 (+20) 16, 32, 64, 128$\T
1/ppl/m/up/12 (+20) . The ac-tion ob-jec-tive has strong-convexity lower bound
(./preserved/R48/tables/attainment.tex)

LaTeX Warning: Reference `tab:attainment' on page 18 undefined on input line 29
6.

[18] (./preserved/R48/tables/recertification.tex)

LaTeX Warning: Reference `eq:retained' on page 19 undefined on input line 302.


LaTeX Warning: Reference `tab:recertification' on page 19 undefined on input li
ne 304.

[19] (./preserved/R48/tables/paired_summary.tex)

LaTeX Warning: Reference `eq:score' on page 20 undefined on input line 312.


LaTeX Warning: Reference `tab:attainment' on page 20 undefined on input line 31
4.


LaTeX Warning: Reference `thm:policy' on page 20 undefined on input line 314.

[20] (./preserved/R48/tables/precision.tex) [21]

LaTeX Warning: Reference `sec:study48' on page 22 undefined on input line 325.


LaTeX Warning: Reference `sec:catalogue45' on page 22 undefined on input line 3
25.

(./preserved/R48/sections/constructive.tex

LaTeX Warning: Reference `sec:economy' on page 22 undefined on input line 5.

[22] [23]

LaTeX Warning: Reference `eq:network45' on page 24 undefined on input line 29.


Package natbib Warning: Citation `mcshane1934' on page 24 undefined on input li
ne 29.


LaTeX Warning: Reference `eq:network45' on page 24 undefined on input line 32.


LaTeX Warning: Reference `eq:network45' on page 24 undefined on input line 49.


LaTeX Warning: Reference `thm:policy' on page 24 undefined on input line 49.


LaTeX Warning: Reference `eq:gap45' on page 24 undefined on input line 49.

[24]

LaTeX Warning: Reference `eq:gap45' on page 25 undefined on input line 59.


LaTeX Warning: Reference `eq:network45' on page 25 undefined on input line 61.

[25] [26]

LaTeX Warning: Reference `eq:network45' on page 27 undefined on input line 82.

(./tables/constructive45.tex) (./tables/work45.tex) (./tables/outcome45.tex))
[27] [28] (./preserved/R48/sections/witness.tex

LaTeX Warning: Reference `sec:economy' on page 29 undefined on input line 14.


LaTeX Warning: Reference `eq:onesided46' on page 29 undefined on input line 14.


[29]

LaTeX Warning: Reference `eq:gap' on page 30 undefined on input line 24.


LaTeX Warning: Reference `sec:constructive45' on page 30 undefined on input lin
e 27.


LaTeX Warning: Reference `thm:constructive45' on page 30 undefined on input lin
e 35.


LaTeX Warning: Reference `eq:witnessactor46' on page 30 undefined on input line
 35.


LaTeX Warning: Reference `eq:gap45' on page 30 undefined on input line 45.


LaTeX Warning: Reference `prop:onesided46' on page 30 undefined on input line 4
8.

[30]

LaTeX Warning: Reference `eq:witnessres46' on page 31 undefined on input line 5
0.


LaTeX Warning: Reference `cor:termination45' on page 31 undefined on input line
 57.


LaTeX Warning: Reference `eq:witnessres46' on page 31 undefined on input line 5
9.


LaTeX Warning: Reference `eq:witnessgap46' on page 31 undefined on input line 6
3.


Underfull \vbox (badness 2884) has occurred while \output is active [31]

LaTeX Warning: Reference `sec:direct47' on page 32 undefined on input line 77.


LaTeX Warning: Reference `sec:constrained47' on page 32 undefined on input line
 77.


LaTeX Warning: Reference `eq:economy45' on page 32 undefined on input line 77.

[32] (./tables/witness-summary.tex) (./tables/witness-outcomes.tex))
(./preserved/R48/sections/feasible-witness.tex [33]

LaTeX Warning: Reference `sec:constructive45' on page 34 undefined on input lin
e 4.


LaTeX Warning: Reference `eq:primitive45' on page 34 undefined on input line 8.


[34]

LaTeX Warning: Reference `sec:economy' on page 35 undefined on input line 24.


LaTeX Warning: Reference `eq:repair46' on page 35 undefined on input line 38.


LaTeX Warning: Reference `prop:onesided46' on page 35 undefined on input line 4
3.


LaTeX Warning: Reference `cor:witness46' on page 35 undefined on input line 46.


[35]

Package hyperref Warning: Difference (3) between bookmark levels is greater 
(hyperref)                than one, level fixed on input line 49.


LaTeX Warning: Reference `eq:repair46' on page 36 undefined on input line 49.

) (./preserved/R48/sections/acquisition47.tex

LaTeX Warning: Reference `sec:feasible46' on page 36 undefined on input line 4.


[36]

LaTeX Warning: Reference `thm:feasible46' on page 37 undefined on input line 16
.


LaTeX Warning: Reference `eq:index47' on page 37 undefined on input line 35.


LaTeX Warning: Reference `eq:acquiredres47' on page 37 undefined on input line 
35.


LaTeX Warning: Reference `eq:acquiredgap47' on page 37 undefined on input line 
35.

[37]

LaTeX Warning: Reference `eq:robustrepair47' on page 38 undefined on input line
 51.


LaTeX Warning: Reference `sec:constrained47' on page 38 undefined on input line
 60.


LaTeX Warning: Reference `eq:index47' on page 38 undefined on input line 65.


LaTeX Warning: Reference `eq:leaf47' on page 38 undefined on input line 67.

[38]

Package natbib Warning: Citation `mcshane1934' on page 39 undefined on input li
ne 70.

) (./preserved/R48/sections/compiler48.tex

LaTeX Warning: Reference `thm:feasible46' on page 39 undefined on input line 2.


[39]

LaTeX Warning: Reference `thm:feasible46' on page 40 undefined on input line 26
.


LaTeX Warning: Reference `thm:acquired47' on page 40 undefined on input line 26
.

[40]

LaTeX Warning: Reference `eq:corner48' on page 41 undefined on input line 29.


LaTeX Warning: Reference `eq:owner48' on page 41 undefined on input line 29.


Package natbib Warning: Citation `felzenszwalb2012' on page 41 undefined on inp
ut line 32.


LaTeX Warning: Reference `eq:corner48' on page 41 undefined on input line 32.


LaTeX Warning: Reference `eq:owner48' on page 41 undefined on input line 32.


LaTeX Warning: Reference `prop:representation47' on page 41 undefined on input 
line 32.

[41]

LaTeX Warning: Reference `eq:work48' on page 42 undefined on input line 40.


LaTeX Warning: Reference `sec:constrained47' on page 42 undefined on input line
 46.


LaTeX Warning: Reference `eq:explicitcap47' on page 42 undefined on input line 
46.


LaTeX Warning: Reference `eq:priced48' on page 42 undefined on input line 51.

[42]

LaTeX Warning: Reference `eq:explicitcap47' on page 43 undefined on input line 
60.


LaTeX Warning: Reference `eq:priced48' on page 43 undefined on input line 60.


LaTeX Warning: Reference `eq:index47' on page 43 undefined on input line 68.

) (./preserved/R48/sections/constrained47.tex [43]

LaTeX Warning: Reference `sec:study48' on page 44 undefined on input line 3.


LaTeX Warning: Reference `eq:economy47' on page 44 undefined on input line 18.

[44]

LaTeX Warning: Reference `eq:moduli47' on page 45 undefined on input line 26.


Underfull \vbox (badness 4556) has occurred while \output is active [45]

LaTeX Warning: Reference `thm:feasible46' on page 46 undefined on input line 56
.


LaTeX Warning: Reference `eq:acquiredgap47' on page 46 undefined on input line 
62.

[46]

LaTeX Warning: Reference `prop:representation47' on page 47 undefined on input 
line 66.

(./tables/constrained47.tex)
Underfull \vbox (badness 10000) has occurred while \output is active [47]

LaTeX Warning: Reference `eq:leaf47' on page 48 undefined on input line 73.

(./tables/acquisition47.tex)) (./preserved/R48/sections/direct47.tex

LaTeX Warning: Reference `sec:economic48' on page 48 undefined on input line 3.


[48]

LaTeX Warning: Reference `eq:onesided46' on page 49 undefined on input line 8.


LaTeX Warning: Reference `thm:paired' on page 49 undefined on input line 15.

[49]

LaTeX Warning: Reference `eq:bernstein' on page 50 undefined on input line 17.


LaTeX Warning: Reference `eq:directsupport47' on page 50 undefined on input lin
e 20.


LaTeX Warning: Reference `eq:bernstein' on page 50 undefined on input line 20.


Package natbib Warning: Citation `maurer2009' on page 50 undefined on input lin
e 30.


LaTeX Warning: Reference `eq:adoption47' on page 50 undefined on input line 30.


[50] (./tables/direct47.tex) [51] (./tables/frontier47.tex)
(./tables/discussion47.tex [52])) (./preserved/R48/sections/economic48.tex

LaTeX Warning: Reference `cor:capacity47' on page 53 undefined on input line 9.



Underfull \vbox (badness 1694) has occurred while \output is active [53]

LaTeX Warning: Reference `eq:priced48' on page 54 undefined on input line 21.


LaTeX Warning: Reference `eq:priced48' on page 54 undefined on input line 29.


LaTeX Warning: Reference `eq:sensor-radius48' on page 54 undefined on input lin
e 29.


LaTeX Warning: Reference `eq:acquiredgap47' on page 54 undefined on input line 
29.

[54] [55]

Package natbib Warning: Citation `maurer2009' on page 56 undefined on input lin
e 67.

[56]) (./preserved/R48/sections/study48.tex

LaTeX Warning: Reference `sec:constrained47' on page 57 undefined on input line
 5.

[57] (./tables/core48.tex) (./tables/attainment48.tex)
(./tables/interpretation48.tex) [58] (./tables/compiler48.tex) [59]
(./tables/dimension48.tex)

LaTeX Warning: Reference `sec:economic48' on page 60 undefined on input line 24
.

(./tables/direct-summary48.tex)

LaTeX Warning: Reference `tab:direct48' on page 60 undefined on input line 26.


Underfull \vbox (badness 10000) has occurred while \output is active [60]

LaTeX Warning: Reference `tab:sensors48' on page 61 undefined on input line 28.


(./tables/sensors48.tex) [61]) [62] [63]

LaTeX Warning: Reference `thm:constructive45' on page 64 undefined on input lin
e 350.


LaTeX Warning: Reference `cor:termination45' on page 64 undefined on input line
 350.


Underfull \vbox (badness 10000) has occurred while \output is active [64]
Underfull \vbox (badness 3930) has occurred while \output is active [65]
[66]
Underfull \vbox (badness 3977) has occurred while \output is active [67]

LaTeX Font Warning: Font shape `T1/ppl/m/scit' undefined
(Font)              using `T1/ppl/m/sc' instead on input line 376.


Package hyperref Warning: Difference (3) between bookmark levels is greater 
(hyperref)                than one, level fixed on input line 376.


Package natbib Warning: Citation `mcshane1934' on page 68 undefined on input li
ne 376.


Package natbib Warning: Citation `felzenszwalb2012' on page 68 undefined on inp
ut line 376.


Package natbib Warning: Citation `lakshminarayanan2014' on page 68 undefined on
 input line 376.


Package natbib Warning: Citation `wang2015' on page 68 undefined on input line 
376.


Package natbib Warning: Citation `maurer2009' on page 68 undefined on input lin
e 376.


Underfull \vbox (badness 1178) has occurred while \output is active [68]
(./sections/core49.tex

LaTeX Warning: Reference `sec:decisions49' on page 69 undefined on input line 9
.

[69]

LaTeX Warning: Reference `eq:operator49' on page 70 undefined on input line 11.



LaTeX Font Warning: Font shape `T1/ppl/m/scit' undefined
(Font)              using `T1/ppl/m/sc' instead on input line 13.

[70]

LaTeX Warning: Reference `eq:sandwich49' on page 71 undefined on input line 42.



LaTeX Warning: Reference `eq:sandwich49' on page 71 undefined on input line 45.


[71]

LaTeX Warning: Reference `eq:cone49' on page 72 undefined on input line 67.


LaTeX Warning: Reference `eq:repair49' on page 72 undefined on input line 81.

[72]

LaTeX Warning: Reference `eq:enclosures49' on page 73 undefined on input line 8
6.


LaTeX Warning: Reference `prop:sandwich49' on page 73 undefined on input line 8
6.


Package natbib Warning: Citation `mcshane1934' on page 73 undefined on input li
ne 89.


LaTeX Warning: Reference `thm:construct49' on page 73 undefined on input line 8
9.


LaTeX Font Warning: Font shape `T1/ppl/m/scit' undefined
(Font)              using `T1/ppl/m/sc' instead on input line 91.

[73]

Package natbib Warning: Citation `felzenszwalb2012' on page 74 undefined on inp
ut line 111.


LaTeX Font Warning: Font shape `T1/ppl/m/scit' undefined
(Font)              using `T1/ppl/m/sc' instead on input line 113.

[74]

LaTeX Warning: Reference `eq:fvisensor49' on page 75 undefined on input line 12
4.

) (./sections/improvement50.tex

LaTeX Warning: Reference `sec:core49' on page 75 undefined on input line 4.

[75]

LaTeX Warning: Reference `eq:evalbands50' on page 76 undefined on input line 17
.


LaTeX Warning: Reference `eq:gate50' on page 76 undefined on input line 38.

[76]

LaTeX Warning: Reference `prop:advantage50' on page 77 undefined on input line 
48.


Package natbib Warning: Citation `metelli2021' on page 77 undefined on input li
ne 50.


LaTeX Font Warning: Font shape `T1/ppl/m/scit' undefined
(Font)              using `T1/ppl/m/sc' instead on input line 52.


LaTeX Warning: Reference `sec:study49' on page 77 undefined on input line 53.

[77]) (./sections/finite_sweeps51.tex [78]
Underfull \hbox (badness 4341) in paragraph at lines 33--38
\T1/ppl/m/up/12 (+20) For its cen-tered com-par-i-son with the ex-act in-cum-be
nt, de-fine $\OML/zplm/m/it/12 d[]\OT1/zplm/m/n/12 (\OML/zplm/m/it/12 x\OT1/zpl
m/m/n/12 ) =

Underfull \hbox (badness 3189) in paragraph at lines 33--38
\OML/zplm/m/it/12 Q[]\OT1/zplm/m/n/12 (\OML/zplm/m/it/12 h[]\OT1/ppl/m/n/12 (+2
0) ; \OML/zplm/m/it/12 x\OT1/ppl/m/n/12 (+20) , \OML/zplm/m/it/12 v[]\OT1/zplm/
m/n/12 (\OML/zplm/m/it/12 x\OT1/zplm/m/n/12 )) \OMS/zplm/m/n/12 ^^@ \OML/zplm/m
/it/12 Q[]\OT1/zplm/m/n/12 (\OML/zplm/m/it/12 h[]\OT1/ppl/m/n/12 (+20) ; \OML/z
plm/m/it/12 x\OT1/ppl/m/n/12 (+20) , \OML/zplm/m/it/12 ^^Y[]\OT1/zplm/m/n/12 (\
OML/zplm/m/it/12 x\OT1/zplm/m/n/12 ))$\T1/ppl/m/up/12 (+20) . A quan-ti-ta-tive
 up-per en-clo-sure sat-is-
[79]

LaTeX Warning: Reference `eq:sweep-greedy51' on page 80 undefined on input line
 47.


LaTeX Warning: Reference `eq:sweep-enclosure51' on page 80 undefined on input l
ine 47.


LaTeX Warning: Reference `eq:sweep-bands51' on page 80 undefined on input line 
52.


LaTeX Warning: Reference `eq:sweep-enclosure51' on page 80 undefined on input l
ine 52.

[80]

LaTeX Warning: Reference `eq:sweep-greedy51' on page 81 undefined on input line
 98.


LaTeX Warning: Reference `eq:sweep-recursion51' on page 81 undefined on input l
ine 111.

) (./sections/action_contrast52.tex [81]

LaTeX Warning: Reference `thm:finite-sweeps51' on page 82 undefined on input li
ne 12.


LaTeX Warning: Reference `eq:sweep-greedy51' on page 82 undefined on input line
 12.


LaTeX Warning: Reference `eq:sweep-enclosure51' on page 82 undefined on input l
ine 12.


LaTeX Warning: Reference `eq:contrast-certificate52' on page 82 undefined on in
put line 12.


LaTeX Warning: Reference `thm:finite-sweeps51' on page 82 undefined on input li
ne 21.


LaTeX Warning: Reference `eq:contrast-certificate52' on page 82 undefined on in
put line 24.

[82]

LaTeX Warning: Reference `eq:coupled-action52' on page 83 undefined on input li
ne 41.


LaTeX Font Warning: Font shape `T1/ppl/m/scit' undefined
(Font)              using `T1/ppl/m/sc' instead on input line 43.


Underfull \vbox (badness 1895) has occurred while \output is active [83]

LaTeX Warning: Reference `eq:investment49' on page 84 undefined on input line 5
8.


LaTeX Warning: Reference `cor:terminal50' on page 84 undefined on input line 62
.

) (./sections/directed54.tex [84]

LaTeX Font Warning: Font shape `T1/ppl/m/scit' undefined
(Font)              using `T1/ppl/m/sc' instead on input line 4.

[85]

LaTeX Warning: Reference `thm:contrast52' on page 86 undefined on input line 23
.


LaTeX Warning: Reference `eq:directed-recursion54' on page 86 undefined on inpu
t line 46.

[86]

LaTeX Warning: Reference `thm:contrast52' on page 87 undefined on input line 49
.


LaTeX Warning: Reference `eq:directed-selection54' on page 87 undefined on inpu
t line 49.


LaTeX Font Warning: Font shape `T1/ppl/m/scit' undefined
(Font)              using `T1/ppl/m/sc' instead on input line 51.


LaTeX Warning: Reference `eq:signed-residual54' on page 87 undefined on input l
ine 74.


LaTeX Warning: Reference `eq:directed-advantage54' on page 87 undefined on inpu
t line 74.

[87]

LaTeX Font Warning: Font shape `T1/ppl/m/scit' undefined
(Font)              using `T1/ppl/m/sc' instead on input line 79.

[88]

LaTeX Warning: Reference `eq:pair-work54' on page 89 undefined on input line 11
0.


Underfull \vbox (badness 2932) has occurred while \output is active [89]

LaTeX Warning: Reference `eq:pair-work54' on page 90 undefined on input line 11
3.


LaTeX Font Warning: Font shape `T1/ppl/m/scit' undefined
(Font)              using `T1/ppl/m/sc' instead on input line 115.

) (./sections/resources49.tex [90]

LaTeX Font Warning: Font shape `T1/ppl/m/scit' undefined
(Font)              using `T1/ppl/m/sc' instead on input line 4.


LaTeX Warning: Reference `sec:study49' on page 91 undefined on input line 5.

[91]

LaTeX Warning: Reference `eq:query49' on page 92 undefined on input line 32.


LaTeX Warning: Reference `eq:coefficients49' on page 92 undefined on input line
 32.

[92]

LaTeX Font Warning: Font shape `T1/ppl/m/scit' undefined
(Font)              using `T1/ppl/m/sc' instead on input line 37.


LaTeX Warning: Reference `eq:separated49' on page 93 undefined on input line 38
.


LaTeX Warning: Reference `eq:clipped49' on page 93 undefined on input line 57.


LaTeX Warning: Reference `eq:shares49' on page 93 undefined on input line 57.

[93]

LaTeX Font Warning: Font shape `T1/ppl/m/scit' undefined
(Font)              using `T1/ppl/m/sc' instead on input line 62.


LaTeX Warning: Reference `eq:frontier49' on page 94 undefined on input line 70.


) (./sections/decisions49.tex
Underfull \vbox (badness 10000) has occurred while \output is active [94]

LaTeX Font Warning: Font shape `T1/ppl/m/scit' undefined
(Font)              using `T1/ppl/m/sc' instead on input line 4.

[95]

Package natbib Warning: Citation `maurer2009' on page 96 undefined on input lin
e 24.


LaTeX Font Warning: Font shape `T1/ppl/m/scit' undefined
(Font)              using `T1/ppl/m/sc' instead on input line 29.

[96]

LaTeX Warning: Reference `eq:absolute49' on page 97 undefined on input line 40.



LaTeX Font Warning: Font shape `T1/ppl/m/scit' undefined
(Font)              using `T1/ppl/m/sc' instead on input line 45.

[97]

LaTeX Warning: Reference `eq:netregret49' on page 98 undefined on input line 67
.


LaTeX Warning: Reference `eq:fvisensor49' on page 98 undefined on input line 73
.

) (./sections/frontier50.tex [98] [99]

LaTeX Warning: Reference `cor:terminal50' on page 100 undefined on input line 2
4.


LaTeX Font Warning: Font shape `T1/ppl/m/scit' undefined
(Font)              using `T1/ppl/m/sc' instead on input line 26.


LaTeX Warning: Reference `thm:net49' on page 100 undefined on input line 33.


LaTeX Warning: Reference `prop:joint50' on page 100 undefined on input line 33.



LaTeX Warning: Reference `eq:technology50' on page 100 undefined on input line 
33.

) (./sections/study49.tex [100]

LaTeX Font Warning: Font shape `T1/ppl/m/scit' undefined
(Font)              using `T1/ppl/m/sc' instead on input line 2.

[101]

LaTeX Font Warning: Font shape `T1/ppl/m/scit' undefined
(Font)              using `T1/ppl/m/sc' instead on input line 27.

[102] (./tables/attainment49.tex

Package longtable Warning: Column widths have changed
(longtable)                in table L.I on input line 18.

) (./tables/frontier49.tex

Package longtable Warning: Column widths have changed
(longtable)                in table L.II on input line 67.

[103] [104]) (./tables/dimension49.tex

Package longtable Warning: Column widths have changed
(longtable)                in table L.III on input line 21.

) (./results-discussion49.tex
Underfull \vbox (badness 3312) has occurred while \output is active [105]

LaTeX Warning: Reference `tab:frontier49' on page 106 undefined on input line 1
.

)

LaTeX Font Warning: Font shape `T1/ppl/m/scit' undefined
(Font)              using `T1/ppl/m/sc' instead on input line 43.

[106] (./tables/direct49.tex

Package longtable Warning: Column widths have changed
(longtable)                in table L.IV on input line 23.

) [107]

LaTeX Font Warning: Font shape `T1/ppl/m/scit' undefined
(Font)              using `T1/ppl/m/sc' instead on input line 51.


LaTeX Warning: Reference `thm:net49' on page 108 undefined on input line 52.

(./tables/sensor49.tex

Package longtable Warning: Column widths have changed
(longtable)                in table L.V on input line 23.

) [108]

LaTeX Font Warning: Font shape `T1/ppl/m/scit' undefined
(Font)              using `T1/ppl/m/sc' instead on input line 57.

) (./sections/study51.tex

LaTeX Warning: Reference `sec:study49' on page 109 undefined on input line 2.


Underfull \vbox (badness 10000) has occurred while \output is active [109]

LaTeX Font Warning: Font shape `T1/ppl/m/scit' undefined
(Font)              using `T1/ppl/m/sc' instead on input line 4.


Underfull \vbox (badness 10000) has occurred while \output is active [110]
(./tables/services50.tex

Package longtable Warning: Column widths have changed
(longtable)                in table M.I on input line 32.

[111]) (./tables/primary-discussion50.tex)

LaTeX Font Warning: Font shape `T1/ppl/m/scit' undefined
(Font)              using `T1/ppl/m/sc' instead on input line 16.

(./tables/common50.tex [112]

Package longtable Warning: Column widths have changed
(longtable)                in table M.II on input line 21.

)

LaTeX Font Warning: Font shape `T1/ppl/m/scit' undefined
(Font)              using `T1/ppl/m/sc' instead on input line 22.

[113] (./tables/policy50.tex

Package longtable Warning: Column widths have changed
(longtable)                in table M.III on input line 43.

[114]) (./tables/policy-discussion50.tex)
Underfull \vbox (badness 10000) has occurred while \output is active [115]

LaTeX Font Warning: Font shape `T1/ppl/m/scit' undefined
(Font)              using `T1/ppl/m/sc' instead on input line 36.

(./tables/joint50.tex

Package longtable Warning: Column widths have changed
(longtable)                in table M.IV on input line 39.

[116]

LaTeX Warning: Reference `prop:joint50' on page 117 undefined on input line 41.


)

LaTeX Warning: Reference `eq:technology50' on page 117 undefined on input line 
42.

[117]

LaTeX Font Warning: Font shape `T1/ppl/m/scit' undefined
(Font)              using `T1/ppl/m/sc' instead on input line 44.


LaTeX Warning: Reference `tab:direct49' on page 118 undefined on input line 45.


) (./sections/study52.tex

LaTeX Warning: Reference `prop:investment-null52' on page 118 undefined on inpu
t line 4.

[118] (./tables/robustness52.tex)
Underfull \vbox (badness 1062) has occurred while \output is active [119])
(./sections/study54.tex

LaTeX Font Warning: Font shape `T1/ppl/m/scit' undefined
(Font)              using `T1/ppl/m/sc' instead on input line 4.

[120]

LaTeX Warning: Reference `sec:directed54' on page 121 undefined on input line 7
.

(./tables/primary-cost54.tex) (./tables/cross-method54.tex)
Underfull \vbox (badness 10000) has occurred while \output is active [121]
[122]

LaTeX Font Warning: Font shape `T1/ppl/m/scit' undefined
(Font)              using `T1/ppl/m/sc' instead on input line 18.


LaTeX Warning: Reference `tab:sweeps54' on page 123 undefined on input line 19.


(./tables/sweeps54.tex)
Underfull \vbox (badness 10000) has occurred while \output is active [123]

LaTeX Font Warning: Font shape `T1/ppl/m/scit' undefined
(Font)              using `T1/ppl/m/sc' instead on input line 27.

(./tables/adaptive54.tex)

LaTeX Font Warning: Font shape `T1/ppl/m/scit' undefined
(Font)              using `T1/ppl/m/sc' instead on input line 34.


Underfull \vbox (badness 10000) has occurred while \output is active [124]
(./tables/catalogue54.tex) [125]

LaTeX Warning: Reference `prop:complexity54' on page 126 undefined on input lin
e 41.


LaTeX Font Warning: Font shape `T1/ppl/m/scit' undefined
(Font)              using `T1/ppl/m/sc' instead on input line 43.

(./tables/misspecification54.tex [126])) [127]
Underfull \vbox (badness 3930) has occurred while \output is active [128]
No file complete.bbl.

Package natbib Warning: There were undefined citations.


Package longtable Warning: Table widths have changed. Rerun LaTeX.

[129] (build/complete.aux)

LaTeX Font Warning: Some font shapes were not available, defaults substituted.


LaTeX Warning: There were undefined references.


LaTeX Warning: Label(s) may have changed. Rerun to get cross-references right.


Package rerunfilecheck Warning: File `complete.out' has changed.
(rerunfilecheck)                Rerun to get outlines right
(rerunfilecheck)                or use package `bookmark'.

 )
(see the transcript file for additional information)</usr/share/texlive/texmf-d
ist/fonts/type1/public/amsfonts/cm/cmex10.pfb></usr/share/texlive/texmf-dist/fo
nts/type1/public/amsfonts/cm/cmmi10.pfb></usr/share/texlive/texmf-dist/fonts/ty
pe1/public/amsfonts/cm/cmr10.pfb></usr/share/texlive/texmf-dist/fonts/type1/pub
lic/amsfonts/cm/cmss12.pfb></usr/share/texlive/texmf-dist/fonts/type1/public/am
sfonts/cm/cmsy10.pfb></usr/share/texlive/texmf-dist/fonts/type1/public/mathpazo
/fplmbb.pfb></usr/share/texlive/texmf-dist/fonts/type1/public/mathpazo/fplmr.pf
b></usr/share/texlive/texmf-dist/fonts/type1/public/mathpazo/fplmri.pfb></usr/s
hare/texlive/texmf-dist/fonts/type1/urw/courier/ucrr8a.pfb></usr/share/texlive/
texmf-dist/fonts/type1/urw/palatino/uplb8a.pfb></usr/share/texlive/texmf-dist/f
onts/type1/urw/palatino/uplr8a.pfb></usr/share/texlive/texmf-dist/fonts/type1/u
rw/palatino/uplri8a.pfb>
Output written on build/complete.pdf (129 pages, 529923 bytes).
Transcript written on build/complete.log.
