{
  "status": "passed",
  "services": 8,
  "all_cells_replayed": 524288,
  "amplitude_gate_decisions": 4194304,
  "all_feasible": true,
  "all_accepted_upper_bounds_nonpositive": true,
  "contrast_policies_identical_to_inherited": true,
  "new_independent_cost_estimands": 0,
  "summary": [
    {
      "key": "compiled-witness-d2-T2-p1-r0",
      "T": 2,
      "price": 1,
      "scalar_changes": [
        48872,
        0,
        0,
        0
      ],
      "contrast_changes": 48872,
      "blocked": 1235,
      "seconds": 3.7252111599999864,
      "peak_rss_mib": 50.62890625,
      "maximum_accepted_upper": -1.245052771493317e-08
    },
    {
      "key": "compiled-witness-d2-T2-p4-r0",
      "T": 2,
      "price": 4,
      "scalar_changes": [
        60574,
        0,
        0,
        0
      ],
      "contrast_changes": 60574,
      "blocked": 1358,
      "seconds": 3.7176649639999937,
      "peak_rss_mib": 50.60546875,
      "maximum_accepted_upper": -4.3702641315925337e-10
    },
    {
      "key": "compiled-witness-d2-T3-p1-r0",
      "T": 3,
      "price": 1,
      "scalar_changes": [
        48634,
        0,
        0,
        0
      ],
      "contrast_changes": 48634,
      "blocked": 1449,
      "seconds": 4.368535659000003,
      "peak_rss_mib": 56.484375,
      "maximum_accepted_upper": -1.023501283188956e-08
    },
    {
      "key": "compiled-witness-d2-T3-p4-r0",
      "T": 3,
      "price": 4,
      "scalar_changes": [
        60114,
        0,
        0,
        0
      ],
      "contrast_changes": 60114,
      "blocked": 2186,
      "seconds": 4.323804166999992,
      "peak_rss_mib": 56.52734375,
      "maximum_accepted_upper": -1.2000640458578388e-09
    },
    {
      "key": "tensor-fvi-d2-T2-p1-r0",
      "T": 2,
      "price": 1,
      "scalar_changes": [
        42198,
        0,
        0,
        0
      ],
      "contrast_changes": 42198,
      "blocked": 4535,
      "seconds": 3.627085323999978,
      "peak_rss_mib": 50.7109375,
      "maximum_accepted_upper": -1.245052771493317e-08
    },
    {
      "key": "tensor-fvi-d2-T2-p4-r0",
      "T": 2,
      "price": 4,
      "scalar_changes": [
        54249,
        0,
        0,
        0
      ],
      "contrast_changes": 54249,
      "blocked": 6693,
      "seconds": 3.7602276709999956,
      "peak_rss_mib": 51.0234375,
      "maximum_accepted_upper": -5.200035925944853e-10
    },
    {
      "key": "tensor-fvi-d2-T3-p1-r0",
      "T": 3,
      "price": 1,
      "scalar_changes": [
        37574,
        0,
        0,
        0
      ],
      "contrast_changes": 37574,
      "blocked": 7016,
      "seconds": 3.9090863340000226,
      "peak_rss_mib": 52.48046875,
      "maximum_accepted_upper": -8.917595502094463e-10
    },
    {
      "key": "tensor-fvi-d2-T3-p4-r0",
      "T": 3,
      "price": 4,
      "scalar_changes": [
        54249,
        0,
        0,
        0
      ],
      "contrast_changes": 54249,
      "blocked": 6693,
      "seconds": 3.8561121900000046,
      "peak_rss_mib": 52.33203125,
      "maximum_accepted_upper": -5.200035925944853e-10
    }
  ],
  "execution_sha256": "b14f486a2a0021b46f8d125d22484443740ea069e8ea5fdd985eb1c6a30cd03e"
}
