{
  "valid": true,
  "counts": {
    "diffuse": 200,
    "finite-budget": 24,
    "finite-price": 24,
    "price-audit": 8
  },
  "seconds": 110.14693523100001,
  "frozen_hashes_match": true
}
{
  "passed": 10,
  "tests": [
    "constant-affine-T1-known-optimum-and-optimal-face",
    "constant-affine-T2-known-optimum-and-optimal-face",
    "constant-affine-T4-known-optimum-and-optimal-face",
    "constant-affine-T8-known-optimum-and-optimal-face",
    "inflated-lower",
    "negative-price",
    "policy-normalization",
    "cumulative-regret-recursion",
    "altered-model",
    "whole-cell-infeasibility"
  ]
}
{
  "valid": true,
  "files": 534,
  "pdfs": [
    "ECTA_R50",
    "SUPP_R50",
    "RESPONSE_R50",
    "R48_RECONSTRUCTED_R50"
  ]
}
R50 arithmetic replay and all four PDF builds completed.
