{
  "diffuse_cases": 39,
  "diffuse_runs": 78,
  "diffuse_target_hits": 78,
  "diffuse_all_in_seconds": 188.142021059,
  "diffuse_max_all_in_seconds": 9.899785506,
  "diffuse_width_min": 0.00025794753188174233,
  "diffuse_width_max": 0.000971135407077745,
  "diffuse_max_variables": 24608,
  "diffuse_max_proof_bytes": 28871,
  "diffuse_max_peak_mib": 129.6015625,
  "diffuse_proofs": 200,
  "finite_runs": 48,
  "finite_hits": {
    "price-2s": 4,
    "price-8s": 4,
    "budget-2s": 2,
    "budget-8s": 2
  },
  "price_audits": 8,
  "price_resolved_1e8": 6,
  "cross_language": 13
}
