1/1 feasible solution given by solution candidate storage, new primal bound 7.760338e+00

presolving:
(round 1, fast)       4 del vars, 3437 del conss, 0 add conss, 12 chg bounds, 0 chg sides, 0 chg coeffs, 0 upgd conss, 0 impls, 0 clqs, 0 implints
(round 2, exhaustive) 4 del vars, 4175 del conss, 0 add conss, 12 chg bounds, 736 chg sides, 0 chg coeffs, 0 upgd conss, 0 impls, 0 clqs, 0 implints
   (0.1s) symmetry computation started: requiring (bin +, int +, cont +), (fixed: bin -, int -, cont -)
   (0.1s) no symmetry present (symcode time: 0.00)
presolving (3 rounds: 3 fast, 2 medium, 2 exhaustive):
 4 deleted vars, 4175 deleted constraints, 0 added constraints, 12 tightened bounds, 0 added holes, 736 changed sides, 0 changed coefficients
 0 implications, 0 cliques, 0 implied integral variables (0 bin, 0 int, 0 cont)
presolved problem has 636 variables (0 bin, 0 int, 636 cont) and 945 constraints
    735 constraints of type <linear>
    210 constraints of type <nonlinear>
Presolving Time: 0.11
transformed 1/1 original solutions to the transformed problem space

 time | node  | left  |LP iter|LP it/n|mem/heur|mdpt |vars |cons |rows |cuts |sepa|confs|strbr|  dualbound   | primalbound  |  gap   | compl. 
  0.2s|     1 |     0 |  1364 |     - |    31M |   0 |3366 | 945 |4677 |   0 |  0 |   0 |   0 | 7.525014e+00 | 7.760338e+00 |   3.13%| unknown
L 1.0s|     1 |     0 |  1364 |     - |undercov|   0 |3366 | 945 |4677 |   0 |  0 |   0 |   0 | 7.525014e+00 | 7.694201e+00 |   2.25%| unknown
L 1.1s|     1 |     0 |  1364 |     - |undercov|   0 |3366 | 945 |4677 |   0 |  0 |   0 |   0 | 7.525014e+00 | 7.592014e+00 |   0.89%| unknown
L 1.2s|     1 |     0 |  1364 |     - |  subnlp|   0 |3366 | 945 |4677 |   0 |  0 |   0 |   0 | 7.525014e+00 | 7.592014e+00 |   0.89%| unknown
  1.2s|     1 |     0 |  2558 |     - |    38M |   0 |3366 | 945 |5862 |1185 |  1 |   0 |   0 | 7.589170e+00 | 7.592014e+00 |   0.04%| unknown
  1.2s|     1 |     0 |  2583 |     - |    38M |   0 |3366 | 945 |5885 |1208 |  2 |   0 |   0 | 7.589844e+00 | 7.592014e+00 |   0.03%| unknown
  1.2s|     1 |     0 |  2585 |     - |    38M |   0 |3366 | 945 |5887 |1210 |  3 |   0 |   0 | 7.589844e+00 | 7.592014e+00 |   0.03%| unknown
  4.5s|     1 |     0 | 37277 |     - |    44M |   0 |3366 | 491 |5887 |1210 |  4 |   0 |   0 | 7.589844e+00 | 7.592014e+00 |   0.03%| unknown
  4.5s|     1 |     0 | 37449 |     - |    44M |   0 |3366 | 491 |5994 |1317 |  5 |   0 |   0 | 7.591988e+00 | 7.592014e+00 |   0.00%| unknown

SCIP Status        : solving was interrupted [gap limit reached]
Solving Time (sec) : 4.47
Solving Nodes      : 1
Primal Bound       : +7.59201441208418e+00 (4 solutions)
Dual Bound         : +7.59198771216286e+00
Gap                : 0.00 %
  [linear] <c4917>: <S_15_2>[C] (+7.73235106e-10) -560<D_15_2>[C] (-2.48052783e-12) <= 0;
;
violation: right hand side is violated by 2.16233069180954e-09
best solution is not feasible in original problem
