dpo_d10_s45061 20.028870746999985 637 None
linear_d10_s45061 20.02113592500001 860 None
nbo_d10_s45061 20.05210202400002 360 None
dpo_d10_s45061_origin_n1024 0.0011091029872217285 0.0027046776344146297
linear_d10_s45061_origin_n1024 0.0010660001343044104 0.0026597462157059207
nbo_d10_s45061_origin_n1024 0.0011827682460608475 0.0027780032687895204
nbo_d10_s45061_origin_n1024__minus__dpo_d10_s45061_origin_n1024 -0.0011287824405261167 0.0012757733337401267
nbo_d10_s45061_origin_n1024__minus__linear_d10_s45061_origin_n1024 -0.0010853193148599853 0.0013203444797000223
dpo_d10_s45061_population_n1024 0.0005470814395492578 0.002225240259268191
linear_d10_s45061_population_n1024 0.0005164423757814916 0.00219421196266291
nbo_d10_s45061_population_n1024 0.0006303264167802157 0.0023080758939255214
nbo_d10_s45061_population_n1024__minus__dpo_d10_s45061_population_n1024 -0.0011694295999138805 0.0013355102118021685
nbo_d10_s45061_population_n1024__minus__linear_d10_s45061_population_n1024 -0.001138978089344087 0.0013667260616054221
dpo_d20_s45061 20.041294197999946 564 None
linear_d20_s45061 20.044677696000008 719 None
nbo_d20_s45061 20.059135232000017 360 None
dpo_d20_s45061_origin_n1024 0.0006016010056757289 0.002370884986211443
linear_d20_s45061_origin_n1024 0.0005603812322654348 0.002328252420410836
nbo_d20_s45061_origin_n1024 0.00069978072845043 0.0024688246493297103
nbo_d20_s45061_origin_n1024__minus__dpo_d20_s45061_origin_n1024 -0.00121319659726135 0.0014093159831543175
nbo_d20_s45061_origin_n1024__minus__linear_d20_s45061_origin_n1024 -0.001171654298556939 0.0014516260236608078
dpo_d20_s45061_population_n1024 0.00032759767003894365 0.002167525706205284
linear_d20_s45061_population_n1024 0.0003028571959225466 0.0021412945397960444
nbo_d20_s45061_population_n1024 0.00042494911456284536 0.002264659397774296
nbo_d20_s45061_population_n1024__minus__dpo_d20_s45061_population_n1024 -0.0012657562529312218 0.0014602413890241364
nbo_d20_s45061_population_n1024__minus__linear_d20_s45061_population_n1024 -0.0012408527018852751 0.0014863094785038265
dpo_d50_s45061 20.054351553000004 442 None
linear_d50_s45061 20.06669356399999 540 None
nbo_d50_s45061 20.04488764900003 331 None
dpo_d50_s45061_origin_n1024 0.000747968808357834 0.0025583733512753236
linear_d50_s45061_origin_n1024 0.0005864424757775838 0.002394535868390649
nbo_d50_s45061_origin_n1024 0.0008495782332146716 0.002660042430640081
nbo_d50_s45061_origin_n1024__minus__dpo_d50_s45061_origin_n1024 -0.0012330514386831909 0.0014363299429047856
nbo_d50_s45061_origin_n1024__minus__linear_d50_s45061_origin_n1024 -0.0010713943263821676 0.0016000366460686873
dpo_d50_s45061_population_n1024 0.0005758838332808152 0.0024642283851105786
linear_d50_s45061_population_n1024 0.0004829191226678954 0.0023686106032526923
nbo_d50_s45061_population_n1024 0.0006663829415215241 0.0025541737482953153
nbo_d50_s45061_population_n1024__minus__dpo_d50_s45061_population_n1024 -0.00129692335125926 0.0014773678226847058
nbo_d50_s45061_population_n1024__minus__linear_d50_s45061_population_n1024 -0.0012041881895468465 0.0015732151534430983
