{"seed": 17100, "step": 400, "grid": [4, 16, 16], "t0_regret_upper": 23.718685694842687, "wall_seconds": 3.3274570159999826}
{"seed": 17100, "step": 400, "grid": [4, 16, 16], "t0_regret_upper": 7.339624178645005, "wall_seconds": 3.2547868369999833}
{"seed": 17100, "step": 400, "grid": [4, 16, 16], "t0_regret_upper": 22.760234759455443, "wall_seconds": 3.322438317000035}
{"seed": 17101, "step": 400, "grid": [4, 16, 16], "t0_regret_upper": 24.195286896050156, "wall_seconds": 9.681072000000029}
{"seed": 17101, "step": 400, "grid": [4, 16, 16], "t0_regret_upper": 7.281385072792772, "wall_seconds": 9.659584265000035}
{"seed": 17101, "step": 400, "grid": [4, 16, 16], "t0_regret_upper": 23.143802439581705, "wall_seconds": 9.684092683000017}
{"seed": 17102, "step": 400, "grid": [4, 16, 16], "t0_regret_upper": 23.626228708827778, "wall_seconds": 3.270915727999977}
{"seed": 17102, "step": 400, "grid": [4, 16, 16], "t0_regret_upper": 7.343311745366288, "wall_seconds": 3.258269874000007}
{"seed": 17102, "step": 400, "grid": [4, 16, 16], "t0_regret_upper": 22.668316092325497, "wall_seconds": 3.2605907789999833}
{"seed": 17103, "step": 400, "grid": [4, 16, 16], "t0_regret_upper": 24.396418632306723, "wall_seconds": 9.70231566000001}
{"seed": 17103, "step": 400, "grid": [4, 16, 16], "t0_regret_upper": 7.280302566720271, "wall_seconds": 9.586863310000012}
{"seed": 17103, "step": 400, "grid": [4, 16, 16], "t0_regret_upper": 23.358513344620786, "wall_seconds": 9.581013767000059}
{"seed": 17104, "step": 400, "grid": [4, 16, 16], "t0_regret_upper": 23.701299032534568, "wall_seconds": 3.2091979509999646}
{"seed": 17104, "step": 400, "grid": [4, 16, 16], "t0_regret_upper": 7.336433237822504, "wall_seconds": 3.188380614000039}
{"seed": 17104, "step": 400, "grid": [4, 16, 16], "t0_regret_upper": 22.753944952544803, "wall_seconds": 3.2431038940000008}
{"seed": 17105, "step": 400, "grid": [4, 16, 16], "t0_regret_upper": 24.30743582078654, "wall_seconds": 9.663694528000065}
{"seed": 17105, "step": 400, "grid": [4, 16, 16], "t0_regret_upper": 7.280017906160774, "wall_seconds": 9.601123434999977}
{"seed": 17106, "step": 400, "grid": [4, 16, 16], "t0_regret_upper": 23.639650704884954, "wall_seconds": 3.261497316000032}
{"seed": 17106, "step": 400, "grid": [4, 16, 16], "t0_regret_upper": 7.343665026665505, "wall_seconds": 3.2033205220000127}
{"seed": 17107, "step": 400, "grid": [4, 16, 16], "t0_regret_upper": 24.502207594538625, "wall_seconds": 9.676745861999962}
{"seed": 17107, "step": 400, "grid": [4, 16, 16], "t0_regret_upper": 7.27831906346675, "wall_seconds": 9.64138268399995}
{"seed": 17108, "step": 400, "grid": [4, 16, 16], "t0_regret_upper": 23.75723863430515, "wall_seconds": 3.2450683690000233}
{"seed": 17108, "step": 400, "grid": [4, 16, 16], "t0_regret_upper": 7.338341327546175, "wall_seconds": 3.248663781999994}
{"seed": 17109, "step": 400, "grid": [4, 16, 16], "t0_regret_upper": 24.463131906758214, "wall_seconds": 9.732156607000093}
{"seed": 17109, "step": 400, "grid": [4, 16, 16], "t0_regret_upper": 7.279139866974318, "wall_seconds": 9.616668520000076}
