[
  {
    "seed": 19100,
    "initial_wealth_increment_interval": [
      0.0092,
      0.009200000000000002
    ],
    "consumption_increment_interval": [
      0.009292306664622213,
      0.009292306664622276
    ],
    "compensated_consumption_range": [
      0.7629246061474078,
      0.7890263311454864
    ],
    "uniform_certified_welfare_gain_lower": 0.011905800815090205,
    "uniform_K_neural_regret_upper": 0.011805599354530294,
    "compensation_sufficient": true,
    "reference_wealth_percentage": 0.736,
    "scope": "Budget-financed sufficient compensation for the R19 neural-generated state-indexed time policy on K, k=2. Not exact compensating variation and not a normalization of the old 7-unit full-domain certificate.",
    "proof": "Initial wealth plus delta; add delta/Q_r to each consumption slab; terminal wealth unchanged, intermediate wealth weakly higher, same preference-exit time, positive settlement difference, marginal utility lower bound."
  },
  {
    "seed": 19101,
    "initial_wealth_increment_interval": [
      0.0092,
      0.009200000000000002
    ],
    "consumption_increment_interval": [
      0.009292306664622213,
      0.009292306664622276
    ],
    "compensated_consumption_range": [
      0.7629658596724371,
      0.788995484104108
    ],
    "uniform_certified_welfare_gain_lower": 0.011905800815090205,
    "uniform_K_neural_regret_upper": 0.011807101103148865,
    "compensation_sufficient": true,
    "reference_wealth_percentage": 0.736,
    "scope": "Budget-financed sufficient compensation for the R19 neural-generated state-indexed time policy on K, k=2. Not exact compensating variation and not a normalization of the old 7-unit full-domain certificate.",
    "proof": "Initial wealth plus delta; add delta/Q_r to each consumption slab; terminal wealth unchanged, intermediate wealth weakly higher, same preference-exit time, positive settlement difference, marginal utility lower bound."
  },
  {
    "seed": 19102,
    "initial_wealth_increment_interval": [
      0.0092,
      0.009200000000000002
    ],
    "consumption_increment_interval": [
      0.009292306664622213,
      0.009292306664622276
    ],
    "compensated_consumption_range": [
      0.7627153420437905,
      0.7890598528559692
    ],
    "uniform_certified_welfare_gain_lower": 0.011905800815090205,
    "uniform_K_neural_regret_upper": 0.011816624233645934,
    "compensation_sufficient": true,
    "reference_wealth_percentage": 0.736,
    "scope": "Budget-financed sufficient compensation for the R19 neural-generated state-indexed time policy on K, k=2. Not exact compensating variation and not a normalization of the old 7-unit full-domain certificate.",
    "proof": "Initial wealth plus delta; add delta/Q_r to each consumption slab; terminal wealth unchanged, intermediate wealth weakly higher, same preference-exit time, positive settlement difference, marginal utility lower bound."
  },
  {
    "seed": 19103,
    "initial_wealth_increment_interval": [
      0.0092,
      0.009200000000000002
    ],
    "consumption_increment_interval": [
      0.009292306664622213,
      0.009292306664622276
    ],
    "compensated_consumption_range": [
      0.7628181637371435,
      0.7890359347682788
    ],
    "uniform_certified_welfare_gain_lower": 0.011905800815090205,
    "uniform_K_neural_regret_upper": 0.011798582569646054,
    "compensation_sufficient": true,
    "reference_wealth_percentage": 0.736,
    "scope": "Budget-financed sufficient compensation for the R19 neural-generated state-indexed time policy on K, k=2. Not exact compensating variation and not a normalization of the old 7-unit full-domain certificate.",
    "proof": "Initial wealth plus delta; add delta/Q_r to each consumption slab; terminal wealth unchanged, intermediate wealth weakly higher, same preference-exit time, positive settlement difference, marginal utility lower bound."
  },
  {
    "seed": 19104,
    "initial_wealth_increment_interval": [
      0.0092,
      0.009200000000000002
    ],
    "consumption_increment_interval": [
      0.009292306664622213,
      0.009292306664622276
    ],
    "compensated_consumption_range": [
      0.7628502929200216,
      0.7890241624764867
    ],
    "uniform_certified_welfare_gain_lower": 0.011905800815090205,
    "uniform_K_neural_regret_upper": 0.011806899063329324,
    "compensation_sufficient": true,
    "reference_wealth_percentage": 0.736,
    "scope": "Budget-financed sufficient compensation for the R19 neural-generated state-indexed time policy on K, k=2. Not exact compensating variation and not a normalization of the old 7-unit full-domain certificate.",
    "proof": "Initial wealth plus delta; add delta/Q_r to each consumption slab; terminal wealth unchanged, intermediate wealth weakly higher, same preference-exit time, positive settlement difference, marginal utility lower bound."
  }
]
