GENERATED 19100 0 -1.3247327743037303
GENERATED 19100 50 -1.2965635496342227
GENERATED 19100 200 -1.2952613196254008
GENERATED 19100 800 -1.2950600629018219
GENERATED 19101 0 -1.3248828852180048
GENERATED 19101 50 -1.2967489592340278
GENERATED 19101 200 -1.2952923058427372
GENERATED 19101 800 -1.2950614861189953
GENERATED 19102 0 -1.325050752401124
GENERATED 19102 50 -1.2994396149280476
GENERATED 19102 200 -1.2953141117786409
GENERATED 19102 800 -1.2950704725282556
GENERATED 19103 0 -1.3244855561029272
GENERATED 19103 50 -1.2977710418361514
GENERATED 19103 200 -1.2953077183416999
GENERATED 19103 800 -1.2950529886447868
GENERATED 19104 0 -1.3247978672193903
GENERATED 19104 50 -1.297654366121971
GENERATED 19104 200 -1.295268909298943
GENERATED 19104 800 -1.2950612468187213
VERIFIED 19100 0 0.039436362607601305 None
VERIFIED 19100 50 0.011267137938074434 [0.02816922465971783, 0.02816922465971783]
VERIFIED 19100 200 0.009964907929251421 [0.0013022299990523845, 0.0013022299990523845]
VERIFIED 19100 800 0.009763651205672463 [0.00020125671381054921, 0.00020125671381054921]
VERIFIED 19101 0 0.03958647352187561 None
VERIFIED 19101 50 0.011452547537879054 [0.028133925974187735, 0.028133925974187735]
VERIFIED 19101 200 0.009995894146587858 [0.0014566533815214555, 0.0014566533815214555]
VERIFIED 19101 800 0.009765074422845688 [0.00023081971397331813, 0.00023081971397331813]
VERIFIED 19102 0 0.03975434070499473 None
VERIFIED 19102 50 0.01414320323189866 [0.025611137463286582, 0.025611137463286582]
VERIFIED 19102 200 0.010017700082491476 [0.004125503139637665, 0.004125503139637665]
VERIFIED 19102 800 0.00977406083210619 [0.00024363924061687747, 0.00024363924061687747]
VERIFIED 19103 0 0.03918914440679777 None
VERIFIED 19103 50 0.012474630140002496 [0.026714514256986677, 0.026714514256986677]
VERIFIED 19103 200 0.0100113066455505 [0.002463323484682478, 0.002463323484682478]
VERIFIED 19103 800 0.009756576948637852 [0.0002547296871442395, 0.0002547296871442395]
VERIFIED 19104 0 0.03950145552326134 None
VERIFIED 19104 50 0.012357954425822548 [0.02714350108762975, 0.02714350108762975]
VERIFIED 19104 200 0.009972497602793506 [0.002385456813259079, 0.002385456813259079]
VERIFIED 19104 800 0.009764835122571647 [0.00020766247045300723, 0.00020766247045300723]
CLASSICAL 16 0.009721598195923775
CLASSICAL 32 0.00970308896495653
CLASSICAL 64 0.00969861408606576
