WARM 8 zero None 8
WARM 8 zero None 16
WARM 8 zero None 24
WARM 8 zero None 32
WARM 8 accelerated None 8
WARM 8 accelerated None 16
WARM 8 accelerated None 24
WARM 8 accelerated None 32
WARM 8 neural 17400 8
WARM 8 neural 17400 16
WARM 8 neural 17400 24
WARM 8 neural 17400 32
WARM 8 neural 17401 8
WARM 8 neural 17401 16
WARM 8 neural 17401 24
WARM 8 neural 17401 32
WARM 8 neural 17402 8
WARM 8 neural 17402 16
WARM 8 neural 17402 24
WARM 8 neural 17402 32
WARM 32 zero None 8
WARM 32 zero None 16
WARM 32 zero None 24
WARM 32 zero None 32
WARM 32 accelerated None 8
WARM 32 accelerated None 16
WARM 32 accelerated None 24
WARM 32 accelerated None 32
WARM 32 neural 17400 8
WARM 32 neural 17400 16
WARM 32 neural 17400 24
WARM 32 neural 17400 32
WARM 32 neural 17401 8
WARM 32 neural 17401 16
WARM 32 neural 17401 24
WARM 32 neural 17401 32
WARM 32 neural 17402 8
WARM 32 neural 17402 16
WARM 32 neural 17402 24
WARM 32 neural 17402 32
WARM 128 zero None 8
WARM 128 zero None 16
WARM 128 zero None 24
WARM 128 zero None 32
WARM 128 accelerated None 8
WARM 128 accelerated None 16
WARM 128 accelerated None 24
WARM 128 accelerated None 32
WARM 128 neural 17400 8
WARM 128 neural 17400 16
WARM 128 neural 17400 24
WARM 128 neural 17400 32
WARM 128 neural 17401 8
WARM 128 neural 17401 16
WARM 128 neural 17401 24
WARM 128 neural 17401 32
WARM 128 neural 17402 8
WARM 128 neural 17402 16
WARM 128 neural 17402 24
WARM 128 neural 17402 32
