{
  "services": 51,
  "distinct_primary_services": 17,
  "primary_checkpoint_identity": true,
  "primary_attainment": {
    "success": 39,
    "failure": 12
  },
  "primary_attainment_by_method": {
    "compiled-witness": {
      "success": 24
    },
    "tensor-fvi": {
      "failure": 12,
      "success": 12
    },
    "surplus-fvi": {
      "success": 3
    }
  },
  "common_services": 18,
  "common_attempts": 21,
  "common_attainments": 18,
  "common_repeated_identity": true,
  "direct_groups": 28,
  "direct_estimands": 280,
  "primary_direct_estimands": 250,
  "amendment_direct_estimands": 30,
  "paths_per_group": 131072,
  "total_paths": 3670016,
  "direct_signs_by_block": {
    "commonaccuracy": {
      "left-minus-right": {
        "higher": 3
      },
      "left-repaired-minus-right-repaired": {
        "higher": 3
      },
      "left-minus-left-repaired": {
        "higher": 3
      },
      "right-minus-right-repaired": {
        "higher": 2,
        "unresolved": 1
      }
    },
    "isotropic": {
      "left-minus-right": {
        "higher": 1
      },
      "left-repaired-minus-right-repaired": {
        "higher": 1
      },
      "left-minus-left-repaired": {
        "higher": 1
      },
      "right-minus-right-repaired": {
        "unresolved": 1
      }
    },
    "legacy": {
      "left-minus-right": {
        "higher": 16
      },
      "left-repaired-minus-right-repaired": {
        "unresolved": 1,
        "higher": 15
      },
      "left-minus-left-repaired": {
        "higher": 16
      },
      "right-minus-right-repaired": {
        "unresolved": 16
      }
    },
    "planned": {
      "left-minus-right": {
        "higher": 7
      },
      "left-repaired-minus-right-repaired": {
        "higher": 7
      },
      "left-minus-left-repaired": {
        "higher": 7
      },
      "right-minus-right-repaired": {
        "unresolved": 5,
        "higher": 2
      }
    },
    "surplus": {
      "left-minus-right": {
        "unresolved": 1
      },
      "left-repaired-minus-right-repaired": {
        "unresolved": 1
      },
      "left-minus-left-repaired": {
        "higher": 1
      },
      "right-minus-right-repaired": {
        "higher": 1
      }
    }
  },
  "gate_queries": {
    "0": 3670016,
    "1": 3670016
  },
  "accepted_changes": {
    "0": 2927282,
    "1": 2520278
  },
  "uncertainty": {
    "ambiguous_acquisitions": 0,
    "conservative_hull_fallbacks": 0
  },
  "direct_seconds": 127.95230396599982,
  "evidence_sha256": {
    "R49-main.zip": "d367b908c754dfa66efd5b6ed40fd6ce46a6e6606cde959811afb850b4b3c601",
    "R49-graded.zip": "280f32e6cc66344e31c5e04487cd813bdaf21908f6860d1449b2c297f4268517",
    "R48-publication.zip": "b82272add8e7ea630ef1ab45455b079514fd848311e2d23db84d2b11ab9cd5df"
  },
  "primary_execution_seconds": 156.836354165,
  "common_execution_seconds": 121.19730451500004
}
