1/1 feasible solution given by solution candidate storage, new primal bound 1.931057e+00

presolving:
(round 1, fast)       2 del vars, 445 del conss, 0 add conss, 4 chg bounds, 0 chg sides, 0 chg coeffs, 0 upgd conss, 0 impls, 0 clqs, 0 implints
(round 2, fast)       2 del vars, 446 del conss, 0 add conss, 4 chg bounds, 0 chg sides, 0 chg coeffs, 0 upgd conss, 0 impls, 0 clqs, 0 implints
(round 3, exhaustive) 2 del vars, 553 del conss, 0 add conss, 4 chg bounds, 107 chg sides, 0 chg coeffs, 0 upgd conss, 0 impls, 0 clqs, 0 implints
   (0.0s) symmetry computation started: requiring (bin +, int +, cont +), (fixed: bin -, int -, cont -)
   (0.0s) no symmetry present (symcode time: 0.00)
presolving (4 rounds: 4 fast, 2 medium, 2 exhaustive):
 2 deleted vars, 553 deleted constraints, 0 added constraints, 4 tightened bounds, 0 added holes, 107 changed sides, 0 changed coefficients
 0 implications, 0 cliques, 0 implied integral variables (0 bin, 0 int, 0 cont)
presolved problem has 62 variables (0 bin, 0 int, 62 cont) and 87 constraints
     63 constraints of type <linear>
     24 constraints of type <nonlinear>
Presolving Time: 0.01
transformed 1/1 original solutions to the transformed problem space

 time | node  | left  |LP iter|LP it/n|mem/heur|mdpt |vars |cons |rows |cuts |sepa|confs|strbr|  dualbound   | primalbound  |  gap   | compl. 
  0.0s|     1 |     0 |   158 |     - |  3809k |   0 | 230 |  87 | 293 |   0 |  0 |   0 |   0 | 1.207418e+00 | 1.931057e+00 |  59.93%| unknown
L 0.0s|     1 |     0 |   158 |     - |undercov|   0 | 230 |  87 | 293 |   0 |  0 |   0 |   0 | 1.207418e+00 | 1.336099e+00 |  10.66%| unknown
L 0.0s|     1 |     0 |   158 |     - |undercov|   0 | 230 |  87 | 293 |   0 |  0 |   0 |   0 | 1.207418e+00 | 1.249148e+00 |   3.46%| unknown
  0.1s|     1 |     0 |   206 |     - |  4163k |   0 | 230 |  87 | 343 |  50 |  1 |   0 |   0 | 1.247756e+00 | 1.249148e+00 |   0.11%| unknown
  0.1s|     1 |     0 |   206 |     - |  4163k |   0 | 230 |  87 | 337 |  50 |  1 |   0 |   0 | 1.247756e+00 | 1.249148e+00 |   0.11%| unknown
  0.1s|     1 |     0 |   208 |     - |  4163k |   0 | 230 |  87 | 339 |  52 |  2 |   0 |   0 | 1.248650e+00 | 1.249148e+00 |   0.04%| unknown

SCIP Status        : solving was interrupted [gap limit reached]
Solving Time (sec) : 0.06
Solving Nodes      : 1
Primal Bound       : +1.24914782795831e+00 (3 solutions)
Dual Bound         : +1.24865041996759e+00
Gap                : 0.04 %
