linear_d10_s15401 20.010078566000004 1400 None
nbo_d10_s15401 20.014314279000004 360 None
dpo_d10_s15401 20.020357483000012 960 None
linear_d10_s15401_origin_n1024 0.0010819046057336263 0.0026762663802570607
nbo_d10_s15401_origin_n1024 0.0011822218274323802 0.002777447731489462
dpo_d10_s15401_origin_n1024 0.0011121351992559514 0.0027079737655504956
nbo_d10_s15401_origin_n1024__minus__dpo_d10_s15401_origin_n1024 -0.001132500891752373 0.0012720614858677687
nbo_d10_s15401_origin_n1024__minus__linear_d10_s15401_origin_n1024 -0.0011018297445139333 0.001303328317445089
linear_d10_s15401_population_n1024 0.0005166025114555886 0.0021957266008337554
nbo_d10_s15401_population_n1024 0.0006301737114405764 0.0023080117082802795
dpo_d10_s15401_population_n1024 0.0005497695434619939 0.0022281929612128345
nbo_d10_s15401_population_n1024__minus__dpo_d10_s15401_population_n1024 -0.0011722272045856116 0.0013324501196316386
nbo_d10_s15401_population_n1024__minus__linear_d10_s15401_population_n1024 -0.0011401386084874462 0.0013659949159189578
linear_d20_s15401 20.018340655000003 1360 None
nbo_d20_s15401 20.030837109000004 820 None
dpo_d20_s15401 20.01698356700004 1020 None
linear_d20_s15401_origin_n1024 0.0005916908369580887 0.002360279470502109
nbo_d20_s15401_origin_n1024 0.0007036014464227042 0.0024726980576443448
dpo_d20_s15401_origin_n1024 0.0006196219249060056 0.0023892689596594443
nbo_d20_s15401_origin_n1024__minus__dpo_d20_s15401_origin_n1024 -0.00122742987558752 0.001394838495089119
nbo_d20_s15401_origin_n1024__minus__linear_d20_s15401_origin_n1024 -0.0011992801697500515 0.001423609366356903
linear_d20_s15401_population_n1024 0.00031445090743729384 0.0021540949012102723
nbo_d20_s15401_population_n1024 0.0004287637975892255 0.0022684174578095164
dpo_d20_s15401_population_n1024 0.0003366726028852819 0.0021771044314924802
nbo_d20_s15401_population_n1024__minus__dpo_d20_s15401_population_n1024 -0.0012713229221139814 0.001454727143134961
nbo_d20_s15401_population_n1024__minus__linear_d20_s15401_population_n1024 -0.0012492324815094884 0.0014778679282606642
linear_d50_s15401 20.028291807000016 1020 None
nbo_d50_s15401 20.044849622999948 340 None
dpo_d50_s15401 20.03180445800001 720 None
linear_d50_s15401_origin_n1024 0.0006919088458988467 0.0025007329925742384
nbo_d50_s15401_origin_n1024 0.0008493681274680461 0.00265983643175086
dpo_d50_s15401_origin_n1024 0.0007518083302672066 0.0025624911607022003
nbo_d50_s15401_origin_n1024__minus__dpo_d50_s15401_origin_n1024 -0.0012374547410073239 0.0014323598092568232
nbo_d50_s15401_origin_n1024__minus__linear_d50_s15401_origin_n1024 -0.0011770716054382664 0.0014936343261840873
linear_d50_s15401_population_n1024 0.000538297439660953 0.002423765359690751
nbo_d50_s15401_population_n1024 0.000666539347419786 0.0025542851061563536
dpo_d50_s15401_population_n1024 0.0005753635301157498 0.0024633228849365594
nbo_d50_s15401_population_n1024__minus__dpo_d50_s15401_population_n1024 -0.001296065603216449 0.0014782036417402798
nbo_d50_s15401_population_n1024__minus__linear_d50_s15401_population_n1024 -0.001258679175602569 0.0015174408298270045
