FROZEN 2 4 neural_w16_h1_s27301 0.0
FROZEN 2 4 neural_w16_h1_s27302 0.0
FROZEN 2 4 neural_w16_h2_s27301 0.0
FROZEN 2 4 neural_w16_h2_s27302 0.0
FROZEN 2 4 neural_w32_h1_s27301 0.0
FROZEN 2 4 neural_w32_h1_s27302 0.0
FROZEN 2 4 neural_w32_h2_s27301 0.0
FROZEN 2 4 neural_w32_h2_s27302 0.0
FROZEN 2 4 polynomial_p2 0.00020882373437500004
FROZEN 2 4 polynomial_p3 0.0
MODEL COMPLETE 2 4 seconds 13.90074179700001
FROZEN 3 4 neural_w16_h1_s27301 0.0
FROZEN 3 4 neural_w16_h1_s27302 0.0
FROZEN 3 4 neural_w16_h2_s27301 0.0
FROZEN 3 4 neural_w16_h2_s27302 0.0
FROZEN 3 4 neural_w32_h1_s27301 0.0
FROZEN 3 4 neural_w32_h1_s27302 0.0
FROZEN 3 4 neural_w32_h2_s27301 0.0
FROZEN 3 4 neural_w32_h2_s27302 0.0
FROZEN 3 4 polynomial_p2 0.0
FROZEN 3 4 polynomial_p3 0.0
MODEL COMPLETE 3 4 seconds 14.823896210000001
FROZEN 4 4 neural_w16_h1_s27301 0.0
FROZEN 4 4 neural_w16_h1_s27302 0.0
FROZEN 4 4 neural_w16_h2_s27301 0.0
FROZEN 4 4 neural_w16_h2_s27302 0.0
FROZEN 4 4 neural_w32_h1_s27301 0.0
FROZEN 4 4 neural_w32_h1_s27302 0.0
FROZEN 4 4 neural_w32_h2_s27301 0.0
FROZEN 4 4 neural_w32_h2_s27302 0.0
FROZEN 4 4 polynomial_p2 0.0
FROZEN 4 4 polynomial_p3 0.0
MODEL COMPLETE 4 4 seconds 18.693387085000012
FROZEN 4 5 neural_w32_h2_s27301 0.0003961070901879688
FROZEN 4 5 neural_w32_h2_s27302 0.0003961070901879688
FROZEN 4 5 polynomial_p2 0.0003961070901879688
FROZEN 4 5 polynomial_p3 0.0003961070901879688
MODEL COMPLETE 4 5 seconds 9.679811040999994
