Scalar contrasts 30 within margin 30
d2-T2-p0.25-witness-r0 0.524
d2-T2-p0.25-multilinear-fvi-r0 0.555
d2-T2-p1-multilinear-fvi-r0 0.532
d2-T2-p1-witness-r0 0.522
d2-T4-p0.25-witness-r0 0.993
d2-T4-p0.25-multilinear-fvi-r0 1.002
d2-T4-p1-multilinear-fvi-r0 1.001
d2-T4-p1-witness-r0 1.01
d3-T2-p0.25-witness-r0 0.677
d3-T2-p0.25-multilinear-fvi-r0 0.656
d3-T2-p1-multilinear-fvi-r0 0.655
d3-T2-p1-witness-r0 0.668
d3-T4-p0.25-witness-r0 1.369
d3-T4-p0.25-multilinear-fvi-r0 1.34
d3-T4-p1-multilinear-fvi-r0 1.349
d3-T4-p1-witness-r0 1.375
d2-T2-p0.25-multilinear-fvi-r1 0.518
d2-T2-p0.25-witness-r1 0.523
d2-T2-p1-witness-r1 0.533
d2-T2-p1-multilinear-fvi-r1 0.518
d2-T4-p0.25-multilinear-fvi-r1 0.995
d2-T4-p0.25-witness-r1 0.997
d2-T4-p1-witness-r1 0.995
d2-T4-p1-multilinear-fvi-r1 1.0
d3-T2-p0.25-multilinear-fvi-r1 0.66
d3-T2-p0.25-witness-r1 0.668
d3-T2-p1-witness-r1 0.669
d3-T2-p1-multilinear-fvi-r1 0.663
d3-T4-p0.25-multilinear-fvi-r1 1.344
d3-T4-p0.25-witness-r1 1.373
d3-T4-p1-witness-r1 1.369
d3-T4-p1-multilinear-fvi-r1 1.353
d2-T2-p0.25-witness-r2 0.533
d2-T2-p0.25-multilinear-fvi-r2 0.517
d2-T2-p1-multilinear-fvi-r2 0.515
d2-T2-p1-witness-r2 0.522
d2-T4-p0.25-witness-r2 1.0
d2-T4-p0.25-multilinear-fvi-r2 0.993
d2-T4-p1-multilinear-fvi-r2 0.997
d2-T4-p1-witness-r2 0.993
d3-T2-p0.25-witness-r2 0.673
d3-T2-p0.25-multilinear-fvi-r2 0.662
d3-T2-p1-multilinear-fvi-r2 0.659
d3-T2-p1-witness-r2 0.669
d3-T4-p0.25-witness-r2 1.373
d3-T4-p0.25-multilinear-fvi-r2 1.34
d3-T4-p1-multilinear-fvi-r2 1.34
d3-T4-p1-witness-r2 1.373
