\BOOKMARK [1][-]{section.0.1}{\376\377\000I\000n\000t\000r\000o\000d\000u\000c\000t\000i\000o\000n}{}% 1
\BOOKMARK [2][-]{subsection.0.1.1}{\376\377\000R\000e\000l\000a\000t\000i\000o\000n\000\040\000t\000o\000\040\000t\000h\000e\000\040\000l\000i\000t\000e\000r\000a\000t\000u\000r\000e}{section.0.1}% 2
\BOOKMARK [1][-]{section.0.2}{\376\377\000T\000h\000e\000\040\000c\000o\000n\000t\000r\000o\000l\000l\000e\000d\000\040\000e\000c\000o\000n\000o\000m\000y\000\040\000a\000n\000d\000\040\000t\000h\000e\000\040\000o\000p\000e\000r\000a\000t\000o\000r}{}% 3
\BOOKMARK [2][-]{subsection.0.2.1}{\376\377\000P\000o\000l\000i\000c\000y\000-\000s\000p\000e\000c\000i\000f\000i\000c\000\040\000c\000o\000n\000t\000i\000n\000u\000a\000t\000i\000o\000n}{section.0.2}% 4
\BOOKMARK [2][-]{subsection.0.2.2}{\376\377\000A\000n\000\040\000e\000x\000e\000c\000u\000t\000a\000b\000l\000e\000\040\000N\000B\000O\000\040\000s\000e\000r\000v\000i\000c\000e}{section.0.2}% 5
\BOOKMARK [1][-]{section.0.3}{\376\377\000C\000o\000n\000t\000i\000n\000u\000a\000t\000i\000o\000n\000\040\000a\000c\000c\000u\000r\000a\000c\000y\000,\000\040\000t\000r\000a\000n\000s\000p\000o\000r\000t\000,\000\040\000a\000n\000d\000\040\000p\000o\000l\000i\000c\000y\000\040\000l\000o\000s\000s}{}% 6
\BOOKMARK [2][-]{subsection.0.3.1}{\376\377\000C\000e\000n\000t\000e\000r\000e\000d\000\040\000e\000r\000r\000o\000r\000s\000\040\000a\000n\000d\000\040\000e\000c\000o\000n\000o\000m\000i\000c\000\040\000r\000e\000u\000s\000e}{section.0.3}% 7
\BOOKMARK [2][-]{subsection.0.3.2}{\376\377\000A\000\040\000d\000i\000r\000e\000c\000t\000\040\000a\000l\000l\000-\000s\000t\000a\000t\000e\000\040\000p\000o\000l\000i\000c\000y\000\040\000t\000h\000e\000o\000r\000e\000m}{section.0.3}% 8
\BOOKMARK [2][-]{subsection.0.3.3}{\376\377\000C\000o\000n\000s\000t\000r\000u\000c\000t\000i\000o\000n\000\040\000b\000e\000y\000o\000n\000d\000\040\000p\000o\000s\000t\000-\000t\000r\000a\000i\000n\000i\000n\000g\000\040\000v\000e\000r\000i\000f\000i\000c\000a\000t\000i\000o\000n}{section.0.3}% 9
\BOOKMARK [1][-]{section.0.4}{\376\377\000F\000r\000o\000m\000\040\000e\000c\000o\000n\000o\000m\000i\000c\000\040\000p\000r\000i\000m\000i\000t\000i\000v\000e\000s\000\040\000t\000o\000\040\000n\000o\000n\000l\000i\000n\000e\000a\000r\000\040\000c\000e\000r\000t\000i\000f\000i\000c\000a\000t\000e\000s}{}% 10
\BOOKMARK [2][-]{subsection.0.4.1}{\376\377\000B\000a\000c\000k\000w\000a\000r\000d\000\040\000f\000i\000t\000t\000i\000n\000g\000\040\000a\000n\000d\000\040\000s\000e\000l\000e\000c\000t\000e\000d\000\040\000p\000o\000l\000i\000c\000i\000e\000s}{section.0.4}% 11
\BOOKMARK [2][-]{subsection.0.4.2}{\376\377\000A\000l\000l\000-\000s\000t\000a\000t\000e\000\040\000a\000n\000d\000\040\000c\000o\000n\000t\000i\000n\000u\000o\000u\000s\000-\000a\000c\000t\000i\000o\000n\000\040\000v\000e\000r\000i\000f\000i\000c\000a\000t\000i\000o\000n}{section.0.4}% 12
\BOOKMARK [2][-]{subsection.0.4.3}{\376\377\000W\000o\000r\000k\000,\000\040\000d\000i\000m\000e\000n\000s\000i\000o\000n\000,\000\040\000a\000n\000d\000\040\000e\000x\000e\000c\000u\000t\000i\000o\000n}{section.0.4}% 13
\BOOKMARK [1][-]{section.0.5}{\376\377\000D\000i\000r\000e\000c\000t\000\040\000c\000o\000m\000p\000a\000r\000i\000s\000o\000n\000s\000\040\000o\000f\000\040\000e\000c\000o\000n\000o\000m\000i\000c\000\040\000p\000o\000l\000i\000c\000y\000\040\000c\000o\000s\000t\000s}{}% 14
\BOOKMARK [1][-]{section.0.6}{\376\377\000I\000n\000v\000e\000s\000t\000m\000e\000n\000t\000\040\000e\000c\000o\000n\000o\000m\000i\000e\000s\000\040\000a\000n\000d\000\040\000t\000h\000e\000\040\000c\000o\000m\000p\000l\000e\000t\000e\000\040\000e\000v\000i\000d\000e\000n\000c\000e}{}% 15
\BOOKMARK [2][-]{subsection.0.6.1}{\376\377\000D\000e\000s\000i\000g\000n\000\040\000a\000n\000d\000\040\000p\000r\000o\000v\000e\000n\000a\000n\000c\000e}{section.0.6}% 16
\BOOKMARK [2][-]{subsection.0.6.2}{\376\377\000S\000c\000a\000l\000a\000r\000\040\000a\000n\000d\000\040\000c\000o\000u\000p\000l\000e\000d\000\040\000p\000r\000i\000m\000i\000t\000i\000v\000e\000s}{section.0.6}% 17
\BOOKMARK [2][-]{subsection.0.6.3}{\376\377\000O\000r\000i\000g\000i\000n\000a\000l\000\040\000a\000t\000t\000a\000i\000n\000m\000e\000n\000t\000\040\000a\000n\000d\000\040\000c\000o\000m\000p\000a\000r\000a\000t\000i\000v\000e\000\040\000o\000u\000t\000c\000o\000m\000e\000s}{section.0.6}% 18
\BOOKMARK [2][-]{subsection.0.6.4}{\376\377\000D\000i\000a\000g\000n\000o\000s\000i\000n\000g\000\040\000t\000i\000g\000h\000t\000-\000t\000a\000r\000g\000e\000t\000\040\000f\000a\000i\000l\000u\000r\000e\000s\000\040\000w\000i\000t\000h\000o\000u\000t\000\040\000c\000h\000a\000n\000g\000i\000n\000g\000\040\000p\000o\000l\000i\000c\000i\000e\000s}{section.0.6}% 19
\BOOKMARK [2][-]{subsection.0.6.5}{\376\377\000D\000i\000r\000e\000c\000t\000\040\000c\000o\000u\000p\000l\000e\000d\000\040\000e\000c\000o\000n\000o\000m\000i\000c\000\040\000d\000i\000f\000f\000e\000r\000e\000n\000c\000e\000s}{section.0.6}% 20
\BOOKMARK [2][-]{subsection.0.6.6}{\376\377\000P\000r\000e\000c\000i\000s\000i\000o\000n\000\040\000a\000n\000d\000\040\000c\000o\000m\000p\000l\000e\000t\000e\000\040\000r\000e\000c\000o\000r\000d\000e\000d\000\040\000w\000o\000r\000k}{section.0.6}% 21
\BOOKMARK [2][-]{subsection.0.6.7}{\376\377\000W\000h\000a\000t\000\040\000t\000h\000e\000\040\000e\000v\000i\000d\000e\000n\000c\000e\000\040\000i\000d\000e\000n\000t\000i\000f\000i\000e\000s}{section.0.6}% 22
\BOOKMARK [1][-]{section.0.7}{\376\377\000A\000\040\000c\000o\000n\000s\000t\000r\000u\000c\000t\000i\000v\000e\000\040\000n\000e\000u\000r\000a\000l\000\040\000s\000e\000r\000v\000i\000c\000e\000\040\000w\000i\000t\000h\000\040\000a\000\040\000p\000r\000i\000m\000i\000t\000i\000v\000e\000\040\000e\000r\000r\000o\000r\000\040\000b\000u\000d\000g\000e\000t}{}% 23
\BOOKMARK [2][-]{subsection.0.7.1}{\376\377\000P\000r\000i\000m\000i\000t\000i\000v\000e\000\040\000c\000o\000n\000d\000i\000t\000i\000o\000n\000s\000\040\000a\000n\000d\000\040\000t\000h\000e\000\040\000n\000e\000u\000r\000a\000l\000\040\000a\000r\000c\000h\000i\000t\000e\000c\000t\000u\000r\000e}{section.0.7}% 24
\BOOKMARK [2][-]{subsection.0.7.2}{\376\377\000W\000h\000a\000t\000\040\000t\000h\000e\000\040\000c\000o\000n\000s\000t\000r\000u\000c\000t\000i\000o\000n\000\040\000c\000o\000s\000t\000s}{section.0.7}% 25
\BOOKMARK [2][-]{subsection.0.7.3}{\376\377\000A\000\040\000p\000r\000e\000d\000e\000c\000l\000a\000r\000e\000d\000\040\000m\000a\000t\000c\000h\000e\000d\000\040\000s\000e\000r\000v\000i\000c\000e\000\040\000c\000a\000t\000a\000l\000o\000g\000u\000e}{section.0.7}% 26
\BOOKMARK [1][-]{section.0.8}{\376\377\000N\000e\000u\000r\000a\000l\000\040\000c\000o\000n\000t\000i\000n\000u\000a\000t\000i\000o\000n\000\040\000w\000i\000t\000h\000\040\000a\000n\000\040\000a\000c\000t\000i\000o\000n\000\040\000w\000i\000t\000n\000e\000s\000s}{}% 27
\BOOKMARK [2][-]{subsection.0.8.1}{\376\377\000A\000\040\000o\000n\000e\000-\000s\000i\000d\000e\000d\000\040\000p\000o\000l\000i\000c\000y\000\040\000s\000a\000n\000d\000w\000i\000c\000h}{section.0.8}% 28
\BOOKMARK [2][-]{subsection.0.8.2}{\376\377\000R\000e\000t\000a\000i\000n\000i\000n\000g\000\040\000t\000h\000e\000\040\000m\000i\000n\000i\000m\000i\000z\000i\000n\000g\000\040\000c\000o\000n\000e\000'\000s\000\040\000a\000c\000t\000i\000o\000n}{section.0.8}% 29
\BOOKMARK [2][-]{subsection.0.8.3}{\376\377\000A\000\040\000s\000t\000r\000e\000n\000g\000t\000h\000e\000n\000e\000d\000\040\000c\000o\000n\000v\000e\000n\000t\000i\000o\000n\000a\000l\000\040\000c\000o\000m\000p\000a\000r\000i\000s\000o\000n}{section.0.8}% 30
\BOOKMARK [2][-]{subsection.0.8.4}{\376\377\000M\000a\000t\000c\000h\000e\000d\000\040\000c\000o\000n\000s\000t\000r\000u\000c\000t\000i\000o\000n\000,\000\040\000p\000o\000l\000i\000c\000y\000\040\000a\000n\000d\000\040\000c\000e\000r\000t\000i\000f\000i\000c\000a\000t\000e\000\040\000f\000r\000o\000n\000t\000i\000e\000r\000s}{section.0.8}% 31
\BOOKMARK [1][-]{section.0.9}{\376\377\000S\000t\000a\000t\000e\000-\000d\000e\000p\000e\000n\000d\000e\000n\000t\000\040\000c\000o\000n\000s\000t\000r\000a\000i\000n\000t\000s\000\040\000a\000n\000d\000\040\000f\000e\000a\000s\000i\000b\000l\000e\000\040\000w\000i\000t\000n\000e\000s\000s\000e\000s}{}% 32
\BOOKMARK [2][-]{paragraph.0.9.0.0.1}{\376\377\000A\000\040\000c\000a\000p\000a\000c\000i\000t\000y\000-\000c\000o\000n\000s\000t\000r\000a\000i\000n\000e\000d\000\040\000i\000n\000v\000e\000s\000t\000m\000e\000n\000t\000\040\000r\000u\000l\000e\000.}{section.0.9}% 33
\BOOKMARK [1][-]{section.0.10}{\376\377\000F\000r\000o\000m\000\040\000a\000c\000q\000u\000i\000r\000e\000d\000\040\000s\000t\000a\000t\000e\000s\000\040\000t\000o\000\040\000f\000e\000a\000s\000i\000b\000l\000e\000\040\000p\000o\000l\000i\000c\000i\000e\000s}{}% 34
\BOOKMARK [2][-]{subsection.0.10.1}{\376\377\000O\000r\000d\000i\000n\000a\000r\000y\000\040\000n\000u\000m\000e\000r\000i\000c\000a\000l\000\040\000c\000o\000m\000p\000a\000r\000i\000s\000o\000n\000s}{section.0.10}% 35
\BOOKMARK [2][-]{subsection.0.10.2}{\376\377\000T\000h\000e\000\040\000i\000d\000e\000n\000t\000i\000c\000a\000l\000\040\000n\000o\000n\000-\000n\000e\000u\000r\000a\000l\000\040\000e\000n\000v\000e\000l\000o\000p\000e}{section.0.10}% 36
\BOOKMARK [1][-]{section.0.11}{\376\377\000W\000i\000t\000n\000e\000s\000s\000-\000p\000r\000e\000s\000e\000r\000v\000i\000n\000g\000\040\000c\000o\000m\000p\000i\000l\000a\000t\000i\000o\000n\000\040\000o\000f\000\040\000t\000h\000e\000\040\000n\000e\000u\000r\000a\000l\000\040\000o\000p\000e\000r\000a\000t\000o\000r}{}% 37
\BOOKMARK [2][-]{subsection.0.11.1}{\376\377\000C\000o\000m\000p\000l\000e\000t\000e\000\040\000c\000o\000n\000s\000t\000r\000u\000c\000t\000i\000o\000n\000\040\000w\000o\000r\000k}{section.0.11}% 38
\BOOKMARK [2][-]{subsection.0.11.2}{\376\377\000C\000e\000r\000t\000i\000f\000i\000e\000d\000\040\000n\000u\000m\000e\000r\000i\000c\000a\000l\000\040\000q\000u\000e\000r\000i\000e\000s\000\040\000a\000n\000d\000\040\000s\000e\000l\000e\000c\000t\000o\000r\000\040\000a\000m\000b\000i\000g\000u\000i\000t\000y}{section.0.11}% 39
\BOOKMARK [1][-]{section.0.12}{\376\377\000A\000n\000\040\000o\000r\000a\000c\000l\000e\000-\000e\000x\000p\000l\000i\000c\000i\000t\000\040\000c\000o\000n\000s\000t\000r\000a\000i\000n\000e\000d\000\040\000i\000n\000v\000e\000s\000t\000m\000e\000n\000t\000\040\000e\000c\000o\000n\000o\000m\000y}{}% 40
\BOOKMARK [2][-]{subsection.0.12.1}{\376\377\000A\000\040\000c\000a\000p\000\040\000o\000b\000t\000a\000i\000n\000e\000d\000\040\000f\000r\000o\000m\000\040\000e\000c\000o\000n\000o\000m\000i\000c\000\040\000a\000c\000c\000u\000r\000a\000c\000y}{section.0.12}% 41
\BOOKMARK [2][-]{subsection.0.12.2}{\376\377\000E\000x\000e\000c\000u\000t\000i\000o\000n\000\040\000a\000n\000d\000\040\000a\000c\000q\000u\000i\000r\000e\000d\000\040\000d\000e\000p\000l\000o\000y\000m\000e\000n\000t}{section.0.12}% 42
\BOOKMARK [1][-]{section.0.13}{\376\377\000P\000o\000l\000i\000c\000y\000\040\000c\000o\000s\000t\000s\000\040\000a\000n\000d\000\040\000e\000c\000o\000n\000o\000m\000i\000c\000\040\000m\000e\000t\000h\000o\000d\000\040\000c\000h\000o\000i\000c\000e}{}% 43
\BOOKMARK [2][-]{subsection.0.13.1}{\376\377\000W\000o\000r\000k\000\040\000a\000s\000\040\000a\000\040\000f\000u\000n\000c\000t\000i\000o\000n\000\040\000o\000f\000\040\000t\000h\000e\000\040\000c\000e\000r\000t\000i\000f\000i\000e\000d\000\040\000b\000o\000u\000n\000d}{section.0.13}% 44
\BOOKMARK [2][-]{subsection.0.13.2}{\376\377\000E\000c\000o\000n\000o\000m\000i\000c\000\040\000i\000n\000t\000e\000r\000p\000r\000e\000t\000a\000t\000i\000o\000n\000\040\000a\000n\000d\000\040\000t\000h\000e\000\040\000N\000B\000O\000\040\000p\000r\000o\000g\000r\000a\000m}{section.0.13}% 45
\BOOKMARK [1][-]{section.0.14}{\376\377\000P\000r\000i\000c\000e\000d\000\040\000o\000b\000s\000e\000r\000v\000a\000t\000i\000o\000n\000\040\000a\000n\000d\000\040\000d\000i\000r\000e\000c\000t\000\040\000c\000o\000n\000s\000t\000r\000a\000i\000n\000e\000d\000-\000p\000o\000l\000i\000c\000y\000\040\000d\000e\000c\000i\000s\000i\000o\000n\000s}{}% 46
\BOOKMARK [2][-]{subsection.0.14.1}{\376\377\000C\000h\000o\000o\000s\000i\000n\000g\000\040\000t\000h\000e\000\040\000o\000b\000s\000e\000r\000v\000a\000t\000i\000o\000n\000\040\000p\000r\000e\000c\000i\000s\000i\000o\000n}{section.0.14}% 47
\BOOKMARK [2][-]{subsection.0.14.2}{\376\377\000T\000h\000e\000\040\000a\000c\000t\000u\000a\000l\000\040\000c\000o\000n\000s\000t\000r\000a\000i\000n\000e\000d\000-\000p\000o\000l\000i\000c\000y\000\040\000c\000o\000s\000t}{section.0.14}% 48
\BOOKMARK [1][-]{section.0.15}{\376\377\000C\000o\000m\000p\000l\000e\000t\000e\000\040\000c\000o\000m\000p\000i\000l\000e\000d\000-\000p\000o\000l\000i\000c\000y\000\040\000s\000e\000r\000v\000i\000c\000e\000s\000\040\000a\000n\000d\000\040\000e\000c\000o\000n\000o\000m\000i\000c\000\040\000c\000o\000m\000p\000a\000r\000i\000s\000o\000n\000s}{}% 49
\BOOKMARK [2][-]{subsection.0.15.1}{\376\377\000D\000e\000s\000i\000g\000n\000,\000\040\000s\000t\000o\000p\000p\000i\000n\000g\000\040\000r\000u\000l\000e\000s\000\040\000a\000n\000d\000\040\000c\000o\000n\000v\000e\000n\000t\000i\000o\000n\000a\000l\000\040\000b\000a\000s\000e\000l\000i\000n\000e\000s}{section.0.15}% 50
\BOOKMARK [2][-]{subsection.0.15.2}{\376\377\000R\000e\000p\000r\000e\000s\000e\000n\000t\000a\000t\000i\000o\000n\000\040\000i\000d\000e\000n\000t\000i\000t\000y\000\040\000a\000n\000d\000\040\000h\000i\000g\000h\000e\000r\000-\000d\000i\000m\000e\000n\000s\000i\000o\000n\000a\000l\000\040\000e\000x\000e\000c\000u\000t\000i\000o\000n}{section.0.15}% 51
\BOOKMARK [2][-]{subsection.0.15.3}{\376\377\000D\000i\000r\000e\000c\000t\000\040\000c\000o\000n\000s\000t\000r\000a\000i\000n\000e\000d\000-\000p\000o\000l\000i\000c\000y\000\040\000d\000e\000c\000i\000s\000i\000o\000n\000s\000\040\000a\000n\000d\000\040\000i\000n\000f\000o\000r\000m\000a\000t\000i\000o\000n\000\040\000p\000r\000i\000c\000e\000s}{section.0.15}% 52
\BOOKMARK [2][-]{subsection.0.15.4}{\376\377\000W\000h\000a\000t\000\040\000c\000h\000a\000n\000g\000e\000s\000\040\000i\000n\000\040\000t\000h\000e\000\040\000e\000v\000i\000d\000e\000n\000c\000e}{section.0.15}% 53
\BOOKMARK [1][-]{section.0.16}{\376\377\000E\000c\000o\000n\000o\000m\000i\000c\000\040\000a\000p\000p\000l\000i\000c\000a\000t\000i\000o\000n\000s\000\040\000a\000n\000d\000\040\000c\000o\000n\000c\000l\000u\000s\000i\000o\000n}{}% 54
\BOOKMARK [1][-]{appendix.A}{\376\377\000A\000p\000p\000e\000n\000d\000i\000x\000\040\000A\000:\000\040\000R\000e\000a\000d\000i\000n\000g\000\040\000a\000n\000d\000\040\000p\000r\000e\000s\000e\000r\000v\000a\000t\000i\000o\000n\000\040\000m\000a\000p}{}% 55
\BOOKMARK [1][-]{appendix.B}{\376\377\000A\000p\000p\000e\000n\000d\000i\000x\000\040\000B\000:\000\040\000I\000n\000t\000r\000o\000d\000u\000c\000t\000i\000o\000n}{}% 56
\BOOKMARK [2][-]{paragraph.B.0.0.1}{\376\377\000R\000e\000l\000a\000t\000e\000d\000\040\000m\000e\000t\000h\000o\000d\000s\000.}{appendix.B}% 57
\BOOKMARK [1][-]{appendix.C}{\376\377\000A\000p\000p\000e\000n\000d\000i\000x\000\040\000C\000:\000\040\000T\000h\000e\000\040\000e\000c\000o\000n\000o\000m\000i\000c\000\040\000o\000p\000e\000r\000a\000t\000o\000r\000\040\000a\000n\000d\000\040\000i\000t\000s\000\040\000p\000o\000l\000i\000c\000y\000\040\000a\000c\000c\000o\000u\000n\000t}{}% 58
\BOOKMARK [2][-]{subsection.C.1}{\376\377\000A\000c\000t\000i\000o\000n\000-\000d\000e\000p\000e\000n\000d\000e\000n\000t\000\040\000e\000r\000r\000o\000r\000s\000\040\000a\000n\000d\000\040\000c\000o\000m\000p\000l\000e\000t\000e\000-\000p\000o\000l\000i\000c\000y\000\040\000l\000o\000s\000s}{appendix.C}% 59
\BOOKMARK [1][-]{appendix.D}{\376\377\000A\000p\000p\000e\000n\000d\000i\000x\000\040\000D\000:\000\040\000C\000o\000n\000s\000t\000r\000u\000c\000t\000i\000n\000g\000\040\000a\000n\000d\000\040\000c\000o\000m\000p\000i\000l\000i\000n\000g\000\040\000a\000\040\000f\000e\000a\000s\000i\000b\000l\000e\000\040\000n\000e\000u\000r\000a\000l\000\040\000p\000o\000l\000i\000c\000y}{}% 60
\BOOKMARK [2][-]{subsection.D.1}{\376\377\000O\000r\000i\000g\000i\000n\000a\000l\000-\000o\000w\000n\000e\000r\000\040\000c\000o\000m\000p\000i\000l\000a\000t\000i\000o\000n\000\040\000o\000n\000\040\000a\000\040\000t\000e\000n\000s\000o\000r\000\040\000c\000o\000v\000e\000r}{appendix.D}% 61
\BOOKMARK [2][-]{subsection.D.2}{\376\377\000A\000c\000q\000u\000i\000r\000e\000d\000\040\000s\000t\000a\000t\000e\000s\000\040\000a\000n\000d\000\040\000c\000o\000n\000v\000e\000n\000t\000i\000o\000n\000a\000l\000\040\000a\000c\000t\000o\000r\000s}{appendix.D}% 62
\BOOKMARK [1][-]{appendix.E}{\376\377\000A\000p\000p\000e\000n\000d\000i\000x\000\040\000E\000:\000\040\000C\000o\000s\000t\000-\000d\000i\000r\000e\000c\000t\000e\000d\000\040\000f\000e\000a\000s\000i\000b\000l\000e\000\040\000i\000m\000p\000r\000o\000v\000e\000m\000e\000n\000t}{}% 63
\BOOKMARK [2][-]{subsection.E.1}{\376\377\000A\000\040\000f\000u\000l\000l\000y\000\040\000e\000x\000e\000c\000u\000t\000e\000d\000\040\000f\000i\000n\000a\000l\000-\000d\000a\000t\000e\000\040\000s\000p\000e\000c\000i\000a\000l\000i\000z\000a\000t\000i\000o\000n}{appendix.E}% 64
\BOOKMARK [1][-]{appendix.F}{\376\377\000A\000p\000p\000e\000n\000d\000i\000x\000\040\000F\000:\000\040\000F\000r\000o\000m\000\040\000S\000a\000f\000e\000\040\000I\000m\000p\000r\000o\000v\000e\000m\000e\000n\000t\000\040\000t\000o\000\040\000F\000i\000n\000i\000t\000e\000-\000S\000w\000e\000e\000p\000\040\000A\000c\000c\000u\000r\000a\000c\000y}{}% 65
\BOOKMARK [1][-]{appendix.G}{\376\377\000A\000p\000p\000e\000n\000d\000i\000x\000\040\000G\000:\000\040\000P\000o\000l\000i\000c\000y\000-\000r\000e\000l\000e\000v\000a\000n\000t\000\040\000c\000o\000n\000t\000i\000n\000u\000a\000t\000i\000o\000n\000\040\000e\000r\000r\000o\000r\000s}{}% 66
\BOOKMARK [2][-]{subsection.G.1}{\376\377\000A\000c\000t\000i\000o\000n\000-\000n\000u\000l\000l\000\040\000c\000o\000m\000p\000o\000n\000e\000n\000t\000s\000\040\000a\000n\000d\000\040\000n\000e\000u\000r\000a\000l\000\040\000r\000e\000a\000l\000i\000z\000a\000t\000i\000o\000n\000s}{appendix.G}% 67
\BOOKMARK [1][-]{appendix.H}{\376\377\000A\000p\000p\000e\000n\000d\000i\000x\000\040\000H\000:\000\040\000D\000i\000r\000e\000c\000t\000e\000d\000\040\000c\000e\000r\000t\000i\000f\000i\000c\000a\000t\000e\000s\000\040\000a\000n\000d\000\040\000c\000o\000m\000p\000l\000e\000t\000e\000\040\000p\000o\000l\000i\000c\000y\000\040\000i\000m\000p\000r\000o\000v\000e\000m\000e\000n\000t}{}% 68
\BOOKMARK [2][-]{subsection.H.1}{\376\377\000W\000h\000o\000l\000e\000-\000c\000e\000l\000l\000\040\000i\000m\000p\000r\000o\000v\000e\000m\000e\000n\000t\000\040\000a\000n\000d\000\040\000a\000c\000c\000u\000r\000a\000c\000y}{appendix.H}% 69
\BOOKMARK [2][-]{subsection.H.2}{\376\377\000S\000i\000g\000n\000e\000d\000\040\000r\000e\000s\000i\000d\000u\000a\000l\000\040\000t\000r\000a\000n\000s\000p\000o\000r\000t\000\040\000w\000i\000t\000h\000o\000u\000t\000\040\000a\000\040\000p\000o\000l\000i\000c\000y\000-\000v\000a\000l\000u\000e\000\040\000o\000r\000a\000c\000l\000e}{appendix.H}% 70
\BOOKMARK [2][-]{subsection.H.3}{\376\377\000A\000\040\000c\000o\000m\000p\000u\000t\000a\000b\000l\000e\000\040\000s\000p\000e\000c\000i\000a\000l\000i\000z\000a\000t\000i\000o\000n\000\040\000i\000n\000\040\000t\000h\000e\000\040\000o\000r\000i\000g\000i\000n\000a\000l\000\040\000i\000n\000v\000e\000s\000t\000m\000e\000n\000t\000\040\000e\000c\000o\000n\000o\000m\000y}{appendix.H}% 71
\BOOKMARK [2][-]{subsection.H.4}{\376\377\000A\000p\000p\000r\000o\000x\000i\000m\000a\000t\000e\000l\000y\000\040\000n\000u\000l\000l\000\040\000c\000o\000m\000p\000o\000n\000e\000n\000t\000s\000\040\000a\000n\000d\000\040\000m\000i\000s\000s\000p\000e\000c\000i\000f\000i\000c\000a\000t\000i\000o\000n}{appendix.H}% 72
\BOOKMARK [1][-]{appendix.I}{\376\377\000A\000p\000p\000e\000n\000d\000i\000x\000\040\000I\000:\000\040\000A\000l\000l\000o\000c\000a\000t\000i\000n\000g\000\040\000r\000e\000s\000o\000u\000r\000c\000e\000s\000\040\000t\000o\000\040\000a\000n\000\040\000e\000c\000o\000n\000o\000m\000i\000c\000\040\000t\000o\000l\000e\000r\000a\000n\000c\000e}{}% 73
\BOOKMARK [2][-]{subsection.I.1}{\376\377\000A\000\040\000s\000e\000p\000a\000r\000a\000t\000e\000d\000\040\000p\000r\000i\000m\000i\000t\000i\000v\000e\000\040\000b\000u\000d\000g\000e\000t}{appendix.I}% 74
\BOOKMARK [2][-]{subsection.I.2}{\376\377\000T\000h\000e\000\040\000o\000p\000t\000i\000m\000a\000l\000\040\000c\000o\000n\000t\000i\000n\000u\000o\000u\000s\000\040\000a\000l\000l\000o\000c\000a\000t\000i\000o\000n\000\040\000a\000n\000d\000\040\000i\000t\000s\000\040\000b\000o\000u\000n\000d\000a\000r\000y\000\040\000c\000a\000s\000e\000s}{appendix.I}% 75
\BOOKMARK [2][-]{subsection.I.3}{\376\377\000A\000\040\000c\000o\000m\000p\000l\000e\000t\000e\000\040\000t\000o\000l\000e\000r\000a\000n\000c\000e\000\040\000f\000r\000o\000n\000t\000i\000e\000r}{appendix.I}% 76
\BOOKMARK [1][-]{appendix.J}{\376\377\000A\000p\000p\000e\000n\000d\000i\000x\000\040\000J\000:\000\040\000F\000r\000o\000m\000\040\000r\000e\000t\000u\000r\000n\000e\000d\000\040\000p\000o\000l\000i\000c\000i\000e\000s\000\040\000t\000o\000\040\000e\000c\000o\000n\000o\000m\000i\000c\000\040\000r\000e\000s\000o\000u\000r\000c\000e\000\040\000d\000e\000c\000i\000s\000i\000o\000n\000s}{}% 77
\BOOKMARK [2][-]{subsection.J.1}{\376\377\000S\000i\000m\000u\000l\000t\000a\000n\000e\000o\000u\000s\000\040\000i\000n\000f\000e\000r\000e\000n\000c\000e\000\040\000a\000f\000t\000e\000r\000\040\000c\000o\000n\000s\000t\000r\000u\000c\000t\000i\000o\000n}{appendix.J}% 78
\BOOKMARK [2][-]{subsection.J.2}{\376\377\000R\000e\000p\000l\000a\000c\000e\000m\000e\000n\000t\000-\000f\000e\000e\000\040\000i\000d\000e\000n\000t\000i\000f\000i\000c\000a\000t\000i\000o\000n}{appendix.J}% 79
\BOOKMARK [2][-]{subsection.J.3}{\376\377\000O\000b\000s\000e\000r\000v\000a\000t\000i\000o\000n\000\040\000c\000o\000s\000t\000s\000\040\000o\000n\000\040\000t\000h\000e\000\040\000s\000a\000m\000e\000\040\000b\000i\000t\000\040\000g\000r\000i\000d}{appendix.J}% 80
\BOOKMARK [1][-]{appendix.K}{\376\377\000A\000p\000p\000e\000n\000d\000i\000x\000\040\000K\000:\000\040\000J\000o\000i\000n\000t\000\040\000p\000o\000l\000i\000c\000y\000-\000c\000o\000s\000t\000\040\000a\000n\000d\000\040\000r\000e\000s\000o\000u\000r\000c\000e\000\040\000d\000e\000c\000i\000s\000i\000o\000n\000s}{}% 81
\BOOKMARK [2][-]{subsection.K.1}{\376\377\000I\000n\000f\000o\000r\000m\000a\000t\000i\000o\000n\000\040\000t\000e\000c\000h\000n\000o\000l\000o\000g\000y\000\040\000a\000n\000d\000\040\000t\000h\000e\000\040\000p\000r\000i\000c\000e\000\040\000o\000f\000\040\000c\000o\000n\000s\000e\000r\000v\000a\000t\000i\000s\000m}{appendix.K}% 82
\BOOKMARK [1][-]{appendix.L}{\376\377\000A\000p\000p\000e\000n\000d\000i\000x\000\040\000L\000:\000\040\000C\000e\000r\000t\000i\000f\000i\000e\000d\000\040\000c\000o\000m\000p\000u\000t\000a\000t\000i\000o\000n\000\040\000a\000n\000d\000\040\000e\000c\000o\000n\000o\000m\000i\000c\000\040\000d\000e\000c\000i\000s\000i\000o\000n\000s}{}% 83
\BOOKMARK [2][-]{subsection.L.1}{\376\377\000T\000h\000e\000\040\000c\000o\000n\000t\000r\000o\000l\000l\000e\000d\000\040\000i\000n\000v\000e\000s\000t\000m\000e\000n\000t\000\040\000f\000a\000m\000i\000l\000y}{appendix.L}% 84
\BOOKMARK [2][-]{subsection.L.2}{\376\377\000M\000a\000t\000c\000h\000e\000d\000\040\000s\000e\000r\000v\000i\000c\000e\000s\000\040\000a\000n\000d\000\040\000r\000e\000a\000l\000i\000z\000e\000d\000\040\000a\000d\000a\000p\000t\000a\000t\000i\000o\000n}{appendix.L}% 85
\BOOKMARK [2][-]{subsection.L.3}{\376\377\000A\000c\000t\000u\000a\000l\000\040\000f\000i\000r\000s\000t\000-\000c\000r\000o\000s\000s\000i\000n\000g\000\040\000p\000o\000l\000i\000c\000i\000e\000s\000\040\000a\000n\000d\000\040\000r\000e\000p\000l\000a\000c\000e\000m\000e\000n\000t\000\040\000f\000e\000e\000s}{appendix.L}% 86
\BOOKMARK [2][-]{subsection.L.4}{\376\377\000P\000u\000r\000c\000h\000a\000s\000i\000n\000g\000\040\000i\000n\000f\000o\000r\000m\000a\000t\000i\000o\000n\000\040\000o\000n\000\040\000t\000h\000e\000\040\000e\000v\000a\000l\000u\000a\000t\000e\000d\000\040\000g\000r\000i\000d}{appendix.L}% 87
\BOOKMARK [2][-]{subsection.L.5}{\376\377\000T\000h\000e\000\040\000r\000e\000t\000a\000i\000n\000e\000d\000\040\000e\000v\000i\000d\000e\000n\000c\000e\000\040\000a\000n\000d\000\040\000i\000t\000s\000\040\000i\000n\000t\000e\000r\000p\000r\000e\000t\000a\000t\000i\000o\000n}{appendix.L}% 88
\BOOKMARK [1][-]{appendix.M}{\376\377\000A\000p\000p\000e\000n\000d\000i\000x\000\040\000M\000:\000\040\000C\000o\000s\000t\000-\000d\000i\000r\000e\000c\000t\000e\000d\000\040\000c\000o\000n\000s\000t\000r\000u\000c\000t\000i\000o\000n\000\040\000a\000n\000d\000\040\000i\000m\000p\000l\000e\000m\000e\000n\000t\000a\000t\000i\000o\000n\000\040\000e\000v\000i\000d\000e\000n\000c\000e}{}% 89
\BOOKMARK [2][-]{subsection.M.1}{\376\377\000P\000r\000o\000s\000p\000e\000c\000t\000i\000v\000e\000\040\000r\000e\000s\000o\000u\000r\000c\000e\000\040\000s\000e\000l\000e\000c\000t\000i\000o\000n\000\040\000a\000n\000d\000\040\000a\000\040\000r\000e\000s\000i\000d\000u\000a\000l\000-\000d\000r\000i\000v\000e\000n\000\040\000c\000o\000m\000p\000a\000r\000a\000t\000o\000r}{appendix.M}% 90
\BOOKMARK [2][-]{subsection.M.2}{\376\377\000A\000\040\000s\000e\000p\000a\000r\000a\000t\000e\000\040\000c\000o\000m\000m\000o\000n\000-\000a\000c\000c\000u\000r\000a\000c\000y\000\040\000c\000o\000m\000p\000l\000e\000t\000i\000o\000n}{appendix.M}% 91
\BOOKMARK [2][-]{subsection.M.3}{\376\377\000D\000i\000r\000e\000c\000t\000\040\000p\000o\000l\000i\000c\000y\000\040\000c\000o\000s\000t\000s\000\040\000a\000n\000d\000\040\000t\000h\000e\000\040\000s\000o\000u\000r\000c\000e\000\040\000o\000f\000\040\000r\000e\000m\000o\000v\000a\000b\000l\000e\000\040\000l\000o\000s\000s}{appendix.M}% 92
\BOOKMARK [2][-]{subsection.M.4}{\376\377\000A\000c\000t\000u\000a\000l\000-\000c\000o\000s\000t\000\040\000f\000r\000o\000n\000t\000i\000e\000r\000s\000\040\000a\000n\000d\000\040\000c\000o\000m\000p\000l\000e\000t\000e\000\040\000r\000e\000s\000o\000u\000r\000c\000e\000\040\000b\000o\000u\000n\000d\000a\000r\000i\000e\000s}{appendix.M}% 93
\BOOKMARK [2][-]{subsection.M.5}{\376\377\000H\000i\000s\000t\000o\000r\000i\000c\000a\000l\000\040\000f\000i\000n\000d\000i\000n\000g\000s\000\040\000t\000h\000a\000t\000\040\000t\000h\000e\000\040\000n\000e\000w\000\040\000e\000v\000i\000d\000e\000n\000c\000e\000\040\000d\000o\000e\000s\000\040\000n\000o\000t\000\040\000r\000e\000p\000l\000a\000c\000e}{appendix.M}% 94
\BOOKMARK [1][-]{appendix.N}{\376\377\000A\000p\000p\000e\000n\000d\000i\000x\000\040\000N\000:\000\040\000E\000x\000h\000a\000u\000s\000t\000i\000v\000e\000\040\000r\000o\000b\000u\000s\000t\000n\000e\000s\000s\000\040\000i\000n\000\040\000t\000h\000e\000\040\000o\000r\000i\000g\000i\000n\000a\000l\000\040\000i\000n\000v\000e\000s\000t\000m\000e\000n\000t\000\040\000e\000c\000o\000n\000o\000m\000y}{}% 95
\BOOKMARK [1][-]{appendix.O}{\376\377\000A\000p\000p\000e\000n\000d\000i\000x\000\040\000O\000:\000\040\000F\000u\000l\000l\000\040\000p\000o\000l\000i\000c\000y\000\040\000s\000w\000e\000e\000p\000s\000\040\000i\000n\000\040\000t\000h\000e\000\040\000n\000o\000n\000l\000i\000n\000e\000a\000r\000\040\000i\000n\000v\000e\000s\000t\000m\000e\000n\000t\000\040\000e\000c\000o\000n\000o\000m\000y}{}% 96
\BOOKMARK [2][-]{subsection.O.1}{\376\377\000D\000e\000s\000i\000g\000n\000\040\000a\000n\000d\000\040\000t\000h\000e\000\040\000e\000c\000o\000n\000o\000m\000i\000c\000\040\000e\000n\000d\000p\000o\000i\000n\000t}{appendix.O}% 97
\BOOKMARK [2][-]{subsection.O.2}{\376\377\000A\000l\000l\000-\000d\000a\000t\000e\000\040\000a\000c\000c\000e\000p\000t\000a\000n\000c\000e\000\040\000a\000n\000d\000\040\000t\000h\000e\000\040\000o\000r\000i\000g\000i\000n\000a\000l\000\040\000B\000e\000l\000l\000m\000a\000n\000\040\000g\000a\000p}{appendix.O}% 98
\BOOKMARK [2][-]{subsection.O.3}{\376\377\000A\000\040\000g\000e\000n\000u\000i\000n\000e\000l\000y\000\040\000n\000o\000n\000u\000n\000i\000f\000o\000r\000m\000\040\000c\000o\000n\000v\000e\000n\000t\000i\000o\000n\000a\000l\000\040\000c\000o\000m\000p\000a\000r\000i\000s\000o\000n}{appendix.O}% 99
\BOOKMARK [2][-]{subsection.O.4}{\376\377\000C\000o\000m\000p\000l\000e\000t\000e\000\040\000c\000a\000t\000a\000l\000o\000g\000u\000e\000\040\000w\000o\000r\000k\000\040\000a\000t\000\040\000c\000o\000m\000m\000o\000n\000\040\000a\000c\000t\000u\000a\000l\000-\000c\000o\000s\000t\000\040\000t\000a\000r\000g\000e\000t\000s}{appendix.O}% 100
\BOOKMARK [2][-]{subsection.O.5}{\376\377\000C\000o\000n\000t\000r\000o\000l\000l\000e\000d\000\040\000a\000p\000p\000r\000o\000x\000i\000m\000a\000t\000e\000-\000n\000u\000l\000l\000\040\000a\000n\000d\000\040\000f\000a\000l\000s\000e\000-\000n\000u\000l\000l\000\040\000t\000e\000s\000t\000s}{appendix.O}% 101
\BOOKMARK [1][-]{appendix.P}{\376\377\000A\000p\000p\000e\000n\000d\000i\000x\000\040\000P\000:\000\040\000E\000c\000o\000n\000o\000m\000i\000c\000\040\000s\000c\000o\000p\000e\000\040\000a\000n\000d\000\040\000c\000o\000n\000c\000l\000u\000s\000i\000o\000n}{}% 102
\BOOKMARK [1][-]{appendix.Q}{\376\377\000A\000p\000p\000e\000n\000d\000i\000x\000\040\000Q\000:\000\040\000S\000u\000b\000m\000i\000s\000s\000i\000o\000n\000\040\000a\000n\000d\000\040\000p\000r\000e\000s\000e\000r\000v\000a\000t\000i\000o\000n\000\040\000m\000a\000p}{}% 103
\BOOKMARK [1][-]{appendix.R}{\376\377\000A\000p\000p\000e\000n\000d\000i\000x\000\040\000R\000:\000\040\000T\000h\000e\000\040\000n\000o\000n\000l\000i\000n\000e\000a\000r\000\040\000i\000n\000v\000e\000s\000t\000m\000e\000n\000t\000\040\000f\000a\000m\000i\000l\000y}{}% 104
\BOOKMARK [1][-]{appendix.S}{\376\377\000A\000p\000p\000e\000n\000d\000i\000x\000\040\000S\000:\000\040\000T\000r\000a\000i\000n\000e\000d\000\040\000n\000e\000u\000r\000a\000l\000\040\000c\000o\000n\000t\000i\000n\000u\000a\000t\000i\000o\000n\000s\000\040\000a\000n\000d\000\040\000e\000x\000a\000c\000t\000\040\000i\000n\000n\000o\000v\000a\000t\000i\000o\000n\000\040\000i\000n\000t\000e\000g\000r\000a\000t\000i\000o\000n}{}% 105
\BOOKMARK [2][-]{subsection.S.1}{\376\377\000C\000e\000r\000t\000i\000f\000i\000e\000d\000\040\000a\000c\000t\000i\000o\000n\000\040\000s\000e\000a\000r\000c\000h\000\040\000f\000o\000r\000\040\000t\000h\000e\000\040\000f\000i\000t\000t\000e\000d\000\040\000n\000e\000u\000r\000a\000l\000\040\000c\000o\000n\000t\000i\000n\000u\000a\000t\000i\000o\000n}{appendix.S}% 106
\BOOKMARK [1][-]{appendix.T}{\376\377\000A\000p\000p\000e\000n\000d\000i\000x\000\040\000T\000:\000\040\000A\000\040\000c\000o\000m\000p\000l\000e\000t\000e\000-\000p\000o\000l\000i\000c\000y\000\040\000c\000e\000r\000t\000i\000f\000i\000c\000a\000t\000e\000\040\000o\000n\000\040\000n\000o\000n\000-\000t\000e\000n\000s\000o\000r\000\040\000a\000c\000q\000u\000i\000r\000e\000d\000\040\000s\000t\000a\000t\000e\000s}{}% 107
\BOOKMARK [2][-]{subsection.T.1}{\376\377\000A\000\040\000o\000n\000e\000-\000s\000t\000a\000t\000e\000\040\000r\000e\000s\000i\000d\000u\000a\000l\000\040\000a\000n\000d\000\040\000v\000a\000l\000u\000e\000\040\000c\000a\000c\000h\000e}{appendix.T}% 108
\BOOKMARK [2][-]{subsection.T.2}{\376\377\000S\000i\000g\000n\000e\000d\000\040\000s\000e\000n\000s\000i\000t\000i\000v\000i\000t\000y\000\040\000o\000f\000\040\000t\000h\000e\000\040\000i\000n\000s\000t\000a\000l\000l\000e\000d\000\040\000r\000e\000f\000e\000r\000e\000n\000c\000e}{appendix.T}% 109
\BOOKMARK [2][-]{subsection.T.3}{\376\377\000W\000h\000a\000t\000\040\000a\000\040\000t\000i\000g\000h\000t\000e\000r\000\040\000i\000n\000t\000e\000r\000v\000a\000l\000\040\000e\000s\000t\000a\000b\000l\000i\000s\000h\000e\000s}{appendix.T}% 110
\BOOKMARK [1][-]{appendix.U}{\376\377\000A\000p\000p\000e\000n\000d\000i\000x\000\040\000U\000:\000\040\000P\000r\000o\000s\000p\000e\000c\000t\000i\000v\000e\000\040\000e\000c\000o\000n\000o\000m\000i\000c\000\040\000s\000t\000o\000p\000p\000i\000n\000g\000\040\000a\000n\000d\000\040\000l\000e\000a\000r\000n\000e\000d\000\040\000s\000t\000r\000u\000c\000t\000u\000r\000e}{}% 111
\BOOKMARK [2][-]{subsection.U.1}{\376\377\000A\000\040\000f\000i\000r\000s\000t\000-\000a\000t\000t\000a\000i\000n\000m\000e\000n\000t\000\040\000s\000e\000r\000v\000i\000c\000e}{appendix.U}% 112
\BOOKMARK [2][-]{subsection.U.2}{\376\377\000L\000e\000a\000r\000n\000i\000n\000g\000\040\000a\000n\000\040\000a\000p\000p\000r\000o\000x\000i\000m\000a\000t\000e\000l\000y\000\040\000n\000u\000l\000l\000\040\000d\000i\000r\000e\000c\000t\000i\000o\000n}{appendix.U}% 113
\BOOKMARK [1][-]{appendix.V}{\376\377\000A\000p\000p\000e\000n\000d\000i\000x\000\040\000V\000:\000\040\000P\000r\000o\000s\000p\000e\000c\000t\000i\000v\000e\000\040\000r\000e\000t\000u\000r\000n\000s\000\040\000i\000n\000\040\000t\000h\000e\000\040\000n\000o\000n\000l\000i\000n\000e\000a\000r\000\040\000i\000n\000v\000e\000s\000t\000m\000e\000n\000t\000\040\000e\000c\000o\000n\000o\000m\000y}{}% 114
\BOOKMARK [2][-]{subsection.V.1}{\376\377\000D\000e\000s\000i\000g\000n}{appendix.V}% 115
\BOOKMARK [2][-]{subsection.V.2}{\376\377\000T\000h\000e\000\040\000r\000e\000f\000i\000n\000e\000m\000e\000n\000t\000\040\000a\000n\000d\000\040\000t\000h\000e\000\040\000c\000o\000m\000p\000l\000e\000t\000e\000\040\000r\000e\000t\000u\000r\000n\000e\000d\000\040\000p\000o\000l\000i\000c\000i\000e\000s}{appendix.V}% 116
\BOOKMARK [2][-]{subsection.V.3}{\376\377\000M\000e\000t\000h\000o\000d\000\040\000c\000o\000m\000p\000a\000r\000i\000s\000o\000n\000s\000\040\000a\000n\000d\000\040\000c\000o\000m\000p\000l\000e\000t\000e\000\040\000w\000o\000r\000k}{appendix.V}% 117
\BOOKMARK [2][-]{subsection.V.4}{\376\377\000N\000e\000u\000r\000a\000l\000\040\000a\000c\000t\000i\000o\000n\000\040\000w\000i\000t\000n\000e\000s\000s\000e\000s\000\040\000a\000n\000d\000\040\000l\000e\000a\000r\000n\000e\000d\000\040\000n\000u\000l\000l\000\040\000d\000i\000r\000e\000c\000t\000i\000o\000n\000s}{appendix.V}% 118
\BOOKMARK [2][-]{subsection.V.5}{\376\377\000R\000e\000l\000a\000t\000i\000o\000n\000\040\000t\000o\000\040\000t\000h\000e\000\040\000o\000r\000i\000g\000i\000n\000a\000l\000\040\000e\000v\000i\000d\000e\000n\000c\000e}{appendix.V}% 119
\BOOKMARK [1][-]{appendix.W}{\376\377\000A\000p\000p\000e\000n\000d\000i\000x\000\040\000W\000:\000\040\000F\000r\000o\000m\000\040\000f\000i\000t\000t\000e\000d\000\040\000a\000c\000t\000i\000o\000n\000\040\000w\000i\000t\000n\000e\000s\000s\000e\000s\000\040\000t\000o\000\040\000e\000c\000o\000n\000o\000m\000i\000c\000\040\000p\000o\000l\000i\000c\000y\000\040\000a\000c\000c\000u\000r\000a\000c\000y}{}% 120
\BOOKMARK [2][-]{subsection.W.1}{\376\377\000A\000\040\000p\000r\000i\000m\000i\000t\000i\000v\000e\000\040\000c\000o\000n\000t\000i\000n\000u\000o\000u\000s\000-\000a\000c\000t\000i\000o\000n\000\040\000a\000l\000l\000o\000w\000a\000n\000c\000e}{appendix.W}% 121
\BOOKMARK [2][-]{subsection.W.2}{\376\377\000N\000e\000s\000t\000e\000d\000\040\000p\000r\000o\000p\000o\000s\000a\000l\000s\000\040\000a\000n\000d\000\040\000i\000d\000e\000n\000t\000i\000f\000i\000a\000b\000l\000e\000\040\000v\000e\000r\000i\000f\000i\000c\000a\000t\000i\000o\000n\000\040\000g\000a\000i\000n\000s}{appendix.W}% 122
\BOOKMARK [2][-]{subsection.W.3}{\376\377\000A\000\040\000p\000a\000i\000d\000\040\000d\000e\000c\000i\000s\000i\000o\000n\000\040\000b\000e\000t\000w\000e\000e\000n\000\040\000r\000e\000t\000u\000r\000n\000e\000d\000\040\000p\000o\000l\000i\000c\000i\000e\000s}{appendix.W}% 123
\BOOKMARK [2][-]{subsection.W.4}{\376\377\000E\000x\000p\000l\000i\000c\000i\000t\000\040\000m\000o\000d\000u\000l\000i\000\040\000f\000o\000r\000\040\000t\000h\000e\000\040\000t\000r\000a\000i\000n\000e\000d\000\040\000n\000e\000u\000r\000a\000l\000\040\000r\000e\000p\000r\000e\000s\000e\000n\000t\000a\000t\000i\000o\000n}{appendix.W}% 124
\BOOKMARK [1][-]{appendix.X}{\376\377\000A\000p\000p\000e\000n\000d\000i\000x\000\040\000X\000:\000\040\000E\000x\000e\000c\000u\000t\000i\000n\000g\000\040\000f\000i\000t\000t\000e\000d\000\040\000n\000e\000u\000r\000a\000l\000\040\000a\000c\000t\000i\000o\000n\000\040\000w\000i\000t\000n\000e\000s\000s\000e\000s}{}% 125
\BOOKMARK [2][-]{subsection.X.1}{\376\377\000A\000\040\000c\000o\000n\000t\000r\000o\000l\000l\000e\000d\000\040\000a\000c\000t\000i\000o\000n\000-\000s\000e\000a\000r\000c\000h\000\040\000c\000o\000m\000p\000a\000r\000i\000s\000o\000n}{appendix.X}% 126
\BOOKMARK [2][-]{subsection.X.2}{\376\377\000P\000r\000o\000s\000p\000e\000c\000t\000i\000v\000e\000\040\000e\000c\000o\000n\000o\000m\000i\000c\000\040\000t\000a\000r\000g\000e\000t\000s}{appendix.X}% 127
\BOOKMARK [2][-]{subsection.X.3}{\376\377\000W\000h\000a\000t\000\040\000t\000h\000e\000\040\000n\000e\000u\000r\000a\000l\000\040\000a\000c\000t\000i\000o\000n\000\040\000c\000o\000m\000p\000u\000t\000a\000t\000i\000o\000n\000\040\000c\000h\000a\000n\000g\000e\000s}{appendix.X}% 128
\BOOKMARK [2][-]{subsection.X.4}{\376\377\000W\000o\000r\000k\000,\000\040\000u\000n\000i\000f\000o\000r\000m\000\040\000a\000c\000c\000u\000r\000a\000c\000y\000\040\000a\000n\000d\000\040\000a\000d\000o\000p\000t\000i\000o\000n}{appendix.X}% 129
\BOOKMARK [1][-]{appendix.Y}{\376\377\000A\000p\000p\000e\000n\000d\000i\000x\000\040\000Y\000:\000\040\000L\000o\000s\000s\000l\000e\000s\000s\000\040\000s\000e\000a\000r\000c\000h\000\040\000f\000o\000r\000\040\000t\000r\000a\000i\000n\000e\000d\000\040\000n\000e\000u\000r\000a\000l\000\040\000a\000c\000t\000i\000o\000n\000\040\000w\000i\000t\000n\000e\000s\000s\000e\000s}{}% 130
\BOOKMARK [2][-]{subsection.Y.1}{\376\377\000E\000x\000a\000c\000t\000\040\000r\000e\000d\000u\000c\000t\000i\000o\000n\000\040\000o\000f\000\040\000i\000n\000t\000e\000g\000r\000a\000t\000e\000d\000\040\000n\000e\000u\000r\000a\000l\000\040\000f\000e\000a\000t\000u\000r\000e\000s}{appendix.Y}% 131
\BOOKMARK [2][-]{subsection.Y.2}{\376\377\000A\000n\000\040\000i\000n\000t\000e\000r\000v\000a\000l\000\040\000s\000c\000r\000e\000e\000n\000\040\000w\000i\000t\000h\000\040\000a\000n\000\040\000e\000x\000a\000c\000t\000\040\000r\000e\000t\000u\000r\000n}{appendix.Y}% 132
\BOOKMARK [2][-]{subsection.Y.3}{\376\377\000P\000r\000e\000s\000e\000r\000v\000a\000t\000i\000o\000n\000\040\000o\000f\000\040\000a\000\040\000p\000r\000o\000s\000p\000e\000c\000t\000i\000v\000e\000\040\000e\000c\000o\000n\000o\000m\000i\000c\000\040\000r\000e\000t\000u\000r\000n}{appendix.Y}% 133
\BOOKMARK [1][-]{appendix.Z}{\376\377\000A\000p\000p\000e\000n\000d\000i\000x\000\040\000Z\000:\000\040\000E\000q\000u\000a\000l\000-\000p\000o\000l\000i\000c\000y\000\040\000w\000o\000r\000k\000\040\000a\000t\000\040\000p\000r\000o\000s\000p\000e\000c\000t\000i\000v\000e\000\040\000e\000c\000o\000n\000o\000m\000i\000c\000\040\000t\000a\000r\000g\000e\000t\000s}{}% 134
\BOOKMARK [2][-]{subsection.Z.1}{\376\377\000A\000\040\000m\000a\000t\000c\000h\000e\000d\000\040\000i\000n\000t\000e\000r\000v\000e\000n\000t\000i\000o\000n\000\040\000w\000i\000t\000h\000i\000n\000\040\000N\000e\000u\000r\000a\000l\000\040\000B\000e\000l\000l\000m\000a\000n\000\040\000O\000p\000e\000r\000a\000t\000o\000r\000s}{appendix.Z}% 135
\BOOKMARK [2][-]{subsection.Z.2}{\376\377\000F\000i\000r\000s\000t\000\040\000a\000t\000t\000a\000i\000n\000m\000e\000n\000t\000,\000\040\000i\000n\000c\000l\000u\000d\000i\000n\000g\000\040\000n\000o\000n\000a\000t\000t\000a\000i\000n\000m\000e\000n\000t}{appendix.Z}% 136
\BOOKMARK [2][-]{subsection.Z.3}{\376\377\000W\000h\000a\000t\000\040\000t\000h\000e\000\040\000c\000o\000m\000p\000u\000t\000a\000t\000i\000o\000n\000a\000l\000\040\000i\000n\000t\000e\000r\000v\000e\000n\000t\000i\000o\000n\000\040\000r\000e\000m\000o\000v\000e\000s}{appendix.Z}% 137
\BOOKMARK [2][-]{subsection.Z.4}{\376\377\000C\000o\000m\000p\000l\000e\000t\000e\000\040\000w\000o\000r\000k\000\040\000a\000n\000d\000\040\000t\000h\000e\000\040\000e\000c\000o\000n\000o\000m\000i\000c\000\040\000d\000e\000c\000i\000s\000i\000o\000n}{appendix.Z}% 138
\BOOKMARK [1][-]{bibliography-section.1}{\376\377\000R\000e\000f\000e\000r\000e\000n\000c\000e\000s}{}% 139
