Rc files read:
  /etc/LatexMk
Latexmk: This is Latexmk, John Collins, 31 Jan. 2024. Version 4.83.
No existing .aux file, so I'll make a simple one, and require run of *latex.
Latexmk: applying rule 'pdflatex'...
Rule 'pdflatex':  Reasons for rerun
Category 'other':
  Rerun of 'pdflatex' forced or previously required:
    Reason or flag: 'Initial setup'

------------
Run number 1 of rule 'pdflatex'
------------
------------
Running 'pdflatex  -interaction=nonstopmode -halt-on-error -recorder  "HISTORY_R45.tex"'
------------
This is pdfTeX, Version 3.141592653-2.6-1.40.25 (TeX Live 2023/Debian) (preloaded format=pdflatex)
 restricted \write18 enabled.
entering extended mode
(./HISTORY_R45.tex
LaTeX2e <2023-11-01> patch level 1
L3 programming layer <2024-01-22>
(./revisions/2026-09-25-r45/paper/preamble.tex (./econsocart.cls
Document Class: econsocart 2022/11/21 v1.4.1, The Econometric Society Journals
(/usr/share/texlive/texmf-dist/tex/latex/etoolbox/etoolbox.sty)
(./econsocart.cfg) (/usr/share/texlive/texmf-dist/tex/latex/base/fix-cm.sty
(/usr/share/texlive/texmf-dist/tex/latex/base/ts1enc.def))
(/usr/share/texlive/texmf-dist/tex/latex/graphics/graphicx.sty
(/usr/share/texlive/texmf-dist/tex/latex/graphics/keyval.sty)
(/usr/share/texlive/texmf-dist/tex/latex/graphics/graphics.sty
(/usr/share/texlive/texmf-dist/tex/latex/graphics/trig.sty)
(/usr/share/texlive/texmf-dist/tex/latex/graphics-cfg/graphics.cfg)
(/usr/share/texlive/texmf-dist/tex/latex/graphics-def/pdftex.def)))
(/usr/share/texlive/texmf-dist/tex/latex/base/fontenc.sty)
(/usr/share/texlive/texmf-dist/tex/latex/psnfss/times.sty)
(/usr/share/texlive/texmf-dist/tex/latex/textcase/textcase.sty)
(/usr/share/texlive/texmf-dist/tex/latex/psnfss/helvet.sty)
(/usr/share/texlive/texmf-dist/tex/latex/base/textcomp.sty)
(/usr/share/texlive/texmf-dist/tex/latex/psnfss/t1ptm.fd)
(/usr/share/texlive/texmf-dist/tex/latex/amsfonts/amssymb.sty
(/usr/share/texlive/texmf-dist/tex/latex/amsfonts/amsfonts.sty))
(/usr/share/texlive/texmf-dist/tex/latex/tools/bm.sty)
(/usr/share/texlive/texmf-dist/tex/latex/url/url.sty)
(/usr/share/texlive/texmf-dist/tex/latex/amsmath/amsmath.sty
For additional information on amsmath, use the `?' option.
(/usr/share/texlive/texmf-dist/tex/latex/amsmath/amstext.sty
(/usr/share/texlive/texmf-dist/tex/latex/amsmath/amsgen.sty))
(/usr/share/texlive/texmf-dist/tex/latex/amsmath/amsbsy.sty)
(/usr/share/texlive/texmf-dist/tex/latex/amsmath/amsopn.sty))
(/usr/share/texlive/texmf-dist/tex/latex/amscls/amsthm.sty)
(/usr/share/texlive/texmf-dist/tex/latex/natbib/natbib.sty))
(/usr/share/texlive/texmf-dist/tex/latex/booktabs/booktabs.sty)
(/usr/share/texlive/texmf-dist/tex/latex/tools/tabularx.sty
(/usr/share/texlive/texmf-dist/tex/latex/tools/array.sty))
(/usr/share/texlive/texmf-dist/tex/latex/microtype/microtype.sty
(/usr/share/texlive/texmf-dist/tex/latex/microtype/microtype-pdftex.def)
(/usr/share/texlive/texmf-dist/tex/latex/microtype/microtype.cfg))
(/usr/share/texlive/texmf-dist/tex/latex/tools/longtable.sty)
(/usr/share/texlive/texmf-dist/tex/latex/pdfpages/pdfpages.sty
(/usr/share/texlive/texmf-dist/tex/latex/base/ifthen.sty)
(/usr/share/texlive/texmf-dist/tex/latex/tools/calc.sty)
(/usr/share/texlive/texmf-dist/tex/latex/eso-pic/eso-pic.sty
(/usr/share/texlive/texmf-dist/tex/latex/xcolor/xcolor.sty
(/usr/share/texlive/texmf-dist/tex/latex/graphics-cfg/color.cfg)
(/usr/share/texlive/texmf-dist/tex/latex/graphics/mathcolor.ltx)))
(/usr/share/texlive/texmf-dist/tex/latex/pdfpages/pppdftex.def))
(/usr/share/texlive/texmf-dist/tex/latex/hyperref/hyperref.sty
(/usr/share/texlive/texmf-dist/tex/generic/iftex/iftex.sty)
(/usr/share/texlive/texmf-dist/tex/latex/kvsetkeys/kvsetkeys.sty)
(/usr/share/texlive/texmf-dist/tex/generic/kvdefinekeys/kvdefinekeys.sty)
(/usr/share/texlive/texmf-dist/tex/generic/pdfescape/pdfescape.sty
(/usr/share/texlive/texmf-dist/tex/generic/ltxcmds/ltxcmds.sty)
(/usr/share/texlive/texmf-dist/tex/generic/pdftexcmds/pdftexcmds.sty
(/usr/share/texlive/texmf-dist/tex/generic/infwarerr/infwarerr.sty)))
(/usr/share/texlive/texmf-dist/tex/latex/hycolor/hycolor.sty)
(/usr/share/texlive/texmf-dist/tex/latex/auxhook/auxhook.sty)
(/usr/share/texlive/texmf-dist/tex/latex/hyperref/nameref.sty
(/usr/share/texlive/texmf-dist/tex/latex/refcount/refcount.sty)
(/usr/share/texlive/texmf-dist/tex/generic/gettitlestring/gettitlestring.sty
(/usr/share/texlive/texmf-dist/tex/latex/kvoptions/kvoptions.sty)))
(/usr/share/texlive/texmf-dist/tex/latex/hyperref/pd1enc.def)
(/usr/share/texlive/texmf-dist/tex/generic/intcalc/intcalc.sty)
(/usr/share/texlive/texmf-dist/tex/latex/hyperref/puenc.def)
(/usr/share/texlive/texmf-dist/tex/generic/bitset/bitset.sty
(/usr/share/texlive/texmf-dist/tex/generic/bigintcalc/bigintcalc.sty))
(/usr/share/texlive/texmf-dist/tex/latex/base/atbegshi-ltx.sty))
(/usr/share/texlive/texmf-dist/tex/latex/hyperref/hpdftex.def
(/usr/share/texlive/texmf-dist/tex/latex/base/atveryend-ltx.sty)
(/usr/share/texlive/texmf-dist/tex/latex/rerunfilecheck/rerunfilecheck.sty
(/usr/share/texlive/texmf-dist/tex/generic/uniquecounter/uniquecounter.sty)))
(/usr/share/texlive/texmf-dist/tex/latex/xurl/xurl.sty))
(/usr/share/texlive/texmf-dist/tex/latex/hyperref/backref.sty)
(/usr/share/texlive/texmf-dist/tex/latex/l3backend/l3backend-pdftex.def)
(./HISTORY_R45.aux)
(/usr/share/texlive/texmf-dist/tex/context/base/mkii/supp-pdf.mkii
[Loading MPS to PDF converter (version 2006.09.02).]
) (/usr/share/texlive/texmf-dist/tex/latex/epstopdf-pkg/epstopdf-base.sty
(/usr/share/texlive/texmf-dist/tex/latex/latexconfig/epstopdf-sys.cfg))
(/usr/share/texlive/texmf-dist/tex/latex/microtype/mt-ptm.cfg)
(/usr/share/texlive/texmf-dist/tex/latex/pdflscape/pdflscape.sty
(/usr/share/texlive/texmf-dist/tex/latex/pdflscape/pdflscape-nometadata.sty
(/usr/share/texlive/texmf-dist/tex/latex/graphics/lscape.sty)))
(/usr/share/texlive/texmf-dist/tex/latex/psnfss/t1pcr.fd) [1
Non-PDF special ignored!
<special> papersize=487.8225pt,704.63249pt
{/var/lib/texmf/fonts/map/pdftex/updmap/pdftex.map}{/usr/share/texlive/texmf-di
st/fonts/enc/dvips/base/8r.enc}] [2 <./ECTA_R43.pdf>] [3 <./ECTA_R43.pdf>]
[4 <./ECTA_R43.pdf>] [5 <./ECTA_R43.pdf>] [6 <./ECTA_R43.pdf>] [7 <./ECTA_R43.p
df>] [8 <./ECTA_R43.pdf>] [9 <./ECTA_R43.pdf>] [10 <./ECTA_R43.pdf>] [11 <./ECT
A_R43.pdf>] [12 <./ECTA_R43.pdf>] [13 <./ECTA_R43.pdf>] [14 <./ECTA_R43.pdf>]
[15 <./ECTA_R43.pdf>] [16 <./ECTA_R43.pdf>] [17 <./ECTA_R43.pdf>] [18 <./ECTA_R
43.pdf>] [19 <./ECTA_R43.pdf>] [20 <./ECTA_R43.pdf>] [21 <./ECTA_R43.pdf>]
[22 <./ECTA_R43.pdf>] [23 <./ECTA_R43.pdf>] [24 <./ECTA_R43.pdf>] [25 <./ECTA_R
43.pdf>] [26 <./ECTA_R43.pdf>] [27 <./ECTA_R43.pdf>] [28 <./ECTA_R43.pdf>]
[29 <./ECTA_R43.pdf>] [30 <./ECTA_R43.pdf>] [31 <./ECTA_R43.pdf>] [32 <./SUPP_R
43.pdf>] [33 <./SUPP_R43.pdf>] [34 <./SUPP_R43.pdf>] [35 <./SUPP_R43.pdf>]
[36 <./SUPP_R43.pdf>] [37 <./SUPP_R43.pdf>] [38 <./SUPP_R43.pdf>] [39 <./SUPP_R
43.pdf>] [40 <./SUPP_R43.pdf>] [41 <./SUPP_R43.pdf>]

pdfTeX warning: pdflatex (file ./HISTORY_R42.pdf): PDF inclusion: found PDF ver
sion <1.7>, but at most version <1.5> allowed


pdfTeX warning: pdflatex (file ./HISTORY_R42.pdf): PDF inclusion: found PDF ver
sion <1.7>, but at most version <1.5> allowed


pdfTeX warning: pdflatex (file ./HISTORY_R42.pdf): PDF inclusion: found PDF ver
sion <1.7>, but at most version <1.5> allowed


pdfTeX warning: pdflatex (file ./HISTORY_R42.pdf): PDF inclusion: found PDF ver
sion <1.7>, but at most version <1.5> allowed
[42 <./HISTORY_R42.pdf>]

pdfTeX warning: pdflatex (file ./HISTORY_R42.pdf): PDF inclusion: found PDF ver
sion <1.7>, but at most version <1.5> allowed
[43 <./HISTORY_R42.pdf>]

pdfTeX warning: pdflatex (file ./HISTORY_R42.pdf): PDF inclusion: found PDF ver
sion <1.7>, but at most version <1.5> allowed
[44 <./HISTORY_R42.pdf>]

pdfTeX warning: pdflatex (file ./HISTORY_R42.pdf): PDF inclusion: found PDF ver
sion <1.7>, but at most version <1.5> allowed
[45 <./HISTORY_R42.pdf>]

pdfTeX warning: pdflatex (file ./HISTORY_R42.pdf): PDF inclusion: found PDF ver
sion <1.7>, but at most version <1.5> allowed
[46 <./HISTORY_R42.pdf>]

pdfTeX warning: pdflatex (file ./HISTORY_R42.pdf): PDF inclusion: found PDF ver
sion <1.7>, but at most version <1.5> allowed
[47 <./HISTORY_R42.pdf>]

pdfTeX warning: pdflatex (file ./HISTORY_R42.pdf): PDF inclusion: found PDF ver
sion <1.7>, but at most version <1.5> allowed
[48 <./HISTORY_R42.pdf>]

pdfTeX warning: pdflatex (file ./HISTORY_R42.pdf): PDF inclusion: found PDF ver
sion <1.7>, but at most version <1.5> allowed
[49 <./HISTORY_R42.pdf>]

pdfTeX warning: pdflatex (file ./HISTORY_R42.pdf): PDF inclusion: found PDF ver
sion <1.7>, but at most version <1.5> allowed
[50 <./HISTORY_R42.pdf>]

pdfTeX warning: pdflatex (file ./HISTORY_R42.pdf): PDF inclusion: found PDF ver
sion <1.7>, but at most version <1.5> allowed
[51 <./HISTORY_R42.pdf>]

pdfTeX warning: pdflatex (file ./HISTORY_R42.pdf): PDF inclusion: found PDF ver
sion <1.7>, but at most version <1.5> allowed
[52 <./HISTORY_R42.pdf>]

pdfTeX warning: pdflatex (file ./HISTORY_R42.pdf): PDF inclusion: found PDF ver
sion <1.7>, but at most version <1.5> allowed
[53 <./HISTORY_R42.pdf>]

pdfTeX warning: pdflatex (file ./HISTORY_R42.pdf): PDF inclusion: found PDF ver
sion <1.7>, but at most version <1.5> allowed
[54 <./HISTORY_R42.pdf>]

pdfTeX warning: pdflatex (file ./HISTORY_R42.pdf): PDF inclusion: found PDF ver
sion <1.7>, but at most version <1.5> allowed
[55 <./HISTORY_R42.pdf>]

pdfTeX warning: pdflatex (file ./HISTORY_R42.pdf): PDF inclusion: found PDF ver
sion <1.7>, but at most version <1.5> allowed
[56 <./HISTORY_R42.pdf>]

pdfTeX warning: pdflatex (file ./HISTORY_R42.pdf): PDF inclusion: found PDF ver
sion <1.7>, but at most version <1.5> allowed
[57 <./HISTORY_R42.pdf>]

pdfTeX warning: pdflatex (file ./HISTORY_R42.pdf): PDF inclusion: found PDF ver
sion <1.7>, but at most version <1.5> allowed
[58 <./HISTORY_R42.pdf>]

pdfTeX warning: pdflatex (file ./HISTORY_R42.pdf): PDF inclusion: found PDF ver
sion <1.7>, but at most version <1.5> allowed
[59 <./HISTORY_R42.pdf>]

pdfTeX warning: pdflatex (file ./HISTORY_R42.pdf): PDF inclusion: found PDF ver
sion <1.7>, but at most version <1.5> allowed
[60 <./HISTORY_R42.pdf>]

pdfTeX warning: pdflatex (file ./HISTORY_R42.pdf): PDF inclusion: found PDF ver
sion <1.7>, but at most version <1.5> allowed
[61 <./HISTORY_R42.pdf>]

pdfTeX warning: pdflatex (file ./HISTORY_R42.pdf): PDF inclusion: found PDF ver
sion <1.7>, but at most version <1.5> allowed
[62 <./HISTORY_R42.pdf>]

pdfTeX warning: pdflatex (file ./HISTORY_R42.pdf): PDF inclusion: found PDF ver
sion <1.7>, but at most version <1.5> allowed
[63 <./HISTORY_R42.pdf>]

pdfTeX warning: pdflatex (file ./HISTORY_R42.pdf): PDF inclusion: found PDF ver
sion <1.7>, but at most version <1.5> allowed
[64 <./HISTORY_R42.pdf>]

pdfTeX warning: pdflatex (file ./HISTORY_R42.pdf): PDF inclusion: found PDF ver
sion <1.7>, but at most version <1.5> allowed
[65 <./HISTORY_R42.pdf>]

pdfTeX warning: pdflatex (file ./HISTORY_R42.pdf): PDF inclusion: found PDF ver
sion <1.7>, but at most version <1.5> allowed
[66 <./HISTORY_R42.pdf>]

pdfTeX warning: pdflatex (file ./HISTORY_R42.pdf): PDF inclusion: found PDF ver
sion <1.7>, but at most version <1.5> allowed
[67 <./HISTORY_R42.pdf>]

pdfTeX warning: pdflatex (file ./HISTORY_R42.pdf): PDF inclusion: found PDF ver
sion <1.7>, but at most version <1.5> allowed
[68 <./HISTORY_R42.pdf>]

pdfTeX warning: pdflatex (file ./HISTORY_R42.pdf): PDF inclusion: found PDF ver
sion <1.7>, but at most version <1.5> allowed
[69 <./HISTORY_R42.pdf>]

pdfTeX warning: pdflatex (file ./HISTORY_R42.pdf): PDF inclusion: found PDF ver
sion <1.7>, but at most version <1.5> allowed
[70 <./HISTORY_R42.pdf>]

pdfTeX warning: pdflatex (file ./HISTORY_R42.pdf): PDF inclusion: found PDF ver
sion <1.7>, but at most version <1.5> allowed
[71 <./HISTORY_R42.pdf>]

pdfTeX warning: pdflatex (file ./HISTORY_R42.pdf): PDF inclusion: found PDF ver
sion <1.7>, but at most version <1.5> allowed
[72 <./HISTORY_R42.pdf>]

pdfTeX warning: pdflatex (file ./HISTORY_R42.pdf): PDF inclusion: found PDF ver
sion <1.7>, but at most version <1.5> allowed
[73 <./HISTORY_R42.pdf>]

pdfTeX warning: pdflatex (file ./HISTORY_R42.pdf): PDF inclusion: found PDF ver
sion <1.7>, but at most version <1.5> allowed
[74 <./HISTORY_R42.pdf>]

pdfTeX warning: pdflatex (file ./HISTORY_R42.pdf): PDF inclusion: found PDF ver
sion <1.7>, but at most version <1.5> allowed
[75 <./HISTORY_R42.pdf>]

pdfTeX warning: pdflatex (file ./HISTORY_R42.pdf): PDF inclusion: found PDF ver
sion <1.7>, but at most version <1.5> allowed
[76 <./HISTORY_R42.pdf>]

pdfTeX warning: pdflatex (file ./HISTORY_R42.pdf): PDF inclusion: found PDF ver
sion <1.7>, but at most version <1.5> allowed
[77 <./HISTORY_R42.pdf>]

pdfTeX warning: pdflatex (file ./HISTORY_R42.pdf): PDF inclusion: found PDF ver
sion <1.7>, but at most version <1.5> allowed
[78 <./HISTORY_R42.pdf>]

pdfTeX warning: pdflatex (file ./HISTORY_R42.pdf): PDF inclusion: found PDF ver
sion <1.7>, but at most version <1.5> allowed
[79 <./HISTORY_R42.pdf>]

pdfTeX warning: pdflatex (file ./HISTORY_R42.pdf): PDF inclusion: found PDF ver
sion <1.7>, but at most version <1.5> allowed
[80 <./HISTORY_R42.pdf>]

pdfTeX warning: pdflatex (file ./HISTORY_R42.pdf): PDF inclusion: found PDF ver
sion <1.7>, but at most version <1.5> allowed
[81 <./HISTORY_R42.pdf>]

pdfTeX warning: pdflatex (file ./HISTORY_R42.pdf): PDF inclusion: found PDF ver
sion <1.7>, but at most version <1.5> allowed
[82 <./HISTORY_R42.pdf>]

pdfTeX warning: pdflatex (file ./HISTORY_R42.pdf): PDF inclusion: found PDF ver
sion <1.7>, but at most version <1.5> allowed
[83 <./HISTORY_R42.pdf>]

pdfTeX warning: pdflatex (file ./HISTORY_R42.pdf): PDF inclusion: found PDF ver
sion <1.7>, but at most version <1.5> allowed
[84 <./HISTORY_R42.pdf>]

pdfTeX warning: pdflatex (file ./HISTORY_R42.pdf): PDF inclusion: found PDF ver
sion <1.7>, but at most version <1.5> allowed
[85 <./HISTORY_R42.pdf>]

pdfTeX warning: pdflatex (file ./HISTORY_R42.pdf): PDF inclusion: found PDF ver
sion <1.7>, but at most version <1.5> allowed
[86 <./HISTORY_R42.pdf>]

pdfTeX warning: pdflatex (file ./HISTORY_R42.pdf): PDF inclusion: found PDF ver
sion <1.7>, but at most version <1.5> allowed
[87 <./HISTORY_R42.pdf>]

pdfTeX warning: pdflatex (file ./HISTORY_R42.pdf): PDF inclusion: found PDF ver
sion <1.7>, but at most version <1.5> allowed
[88 <./HISTORY_R42.pdf>]

pdfTeX warning: pdflatex (file ./HISTORY_R42.pdf): PDF inclusion: found PDF ver
sion <1.7>, but at most version <1.5> allowed
[89 <./HISTORY_R42.pdf>]

pdfTeX warning: pdflatex (file ./HISTORY_R42.pdf): PDF inclusion: found PDF ver
sion <1.7>, but at most version <1.5> allowed
[90 <./HISTORY_R42.pdf>]

pdfTeX warning: pdflatex (file ./HISTORY_R42.pdf): PDF inclusion: found PDF ver
sion <1.7>, but at most version <1.5> allowed
[91 <./HISTORY_R42.pdf>]

pdfTeX warning: pdflatex (file ./HISTORY_R42.pdf): PDF inclusion: found PDF ver
sion <1.7>, but at most version <1.5> allowed
[92 <./HISTORY_R42.pdf>]

pdfTeX warning: pdflatex (file ./HISTORY_R42.pdf): PDF inclusion: found PDF ver
sion <1.7>, but at most version <1.5> allowed
[93 <./HISTORY_R42.pdf>]

pdfTeX warning: pdflatex (file ./HISTORY_R42.pdf): PDF inclusion: found PDF ver
sion <1.7>, but at most version <1.5> allowed
[94 <./HISTORY_R42.pdf>]

pdfTeX warning: pdflatex (file ./HISTORY_R42.pdf): PDF inclusion: found PDF ver
sion <1.7>, but at most version <1.5> allowed
[95 <./HISTORY_R42.pdf>]

pdfTeX warning: pdflatex (file ./HISTORY_R42.pdf): PDF inclusion: found PDF ver
sion <1.7>, but at most version <1.5> allowed
[96 <./HISTORY_R42.pdf>]

pdfTeX warning: pdflatex (file ./HISTORY_R42.pdf): PDF inclusion: found PDF ver
sion <1.7>, but at most version <1.5> allowed
[97 <./HISTORY_R42.pdf>]

pdfTeX warning: pdflatex (file ./HISTORY_R42.pdf): PDF inclusion: found PDF ver
sion <1.7>, but at most version <1.5> allowed
[98 <./HISTORY_R42.pdf>]

pdfTeX warning: pdflatex (file ./HISTORY_R42.pdf): PDF inclusion: found PDF ver
sion <1.7>, but at most version <1.5> allowed
[99 <./HISTORY_R42.pdf>]

pdfTeX warning: pdflatex (file ./HISTORY_R42.pdf): PDF inclusion: found PDF ver
sion <1.7>, but at most version <1.5> allowed
[100 <./HISTORY_R42.pdf>]

pdfTeX warning: pdflatex (file ./HISTORY_R42.pdf): PDF inclusion: found PDF ver
sion <1.7>, but at most version <1.5> allowed
[101 <./HISTORY_R42.pdf>]

pdfTeX warning: pdflatex (file ./HISTORY_R42.pdf): PDF inclusion: found PDF ver
sion <1.7>, but at most version <1.5> allowed
[102 <./HISTORY_R42.pdf>]

pdfTeX warning: pdflatex (file ./HISTORY_R42.pdf): PDF inclusion: found PDF ver
sion <1.7>, but at most version <1.5> allowed
[103 <./HISTORY_R42.pdf>]

pdfTeX warning: pdflatex (file ./HISTORY_R42.pdf): PDF inclusion: found PDF ver
sion <1.7>, but at most version <1.5> allowed
[104 <./HISTORY_R42.pdf>]

pdfTeX warning: pdflatex (file ./HISTORY_R42.pdf): PDF inclusion: found PDF ver
sion <1.7>, but at most version <1.5> allowed
[105 <./HISTORY_R42.pdf>]

pdfTeX warning: pdflatex (file ./HISTORY_R42.pdf): PDF inclusion: found PDF ver
sion <1.7>, but at most version <1.5> allowed
[106 <./HISTORY_R42.pdf>] (./HISTORY_R45.aux)

LaTeX Warning: Label(s) may have changed. Rerun to get cross-references right.


Package rerunfilecheck Warning: File `HISTORY_R45.out' has changed.
(rerunfilecheck)                Rerun to get outlines right
(rerunfilecheck)                or use package `bookmark'.

 )</usr/share/texlive/texmf-dist/fonts/type1/public/amsfonts/cm/cmbx10.pfb></us
r/share/texlive/texmf-dist/fonts/type1/public/amsfonts/cm/cmex10.pfb></usr/shar
e/texlive/texmf-dist/fonts/type1/public/amsfonts/cmextra/cmex7.pfb></usr/share/
texlive/texmf-dist/fonts/type1/public/amsfonts/cm/cmmi10.pfb></usr/share/texliv
e/texmf-dist/fonts/type1/public/amsfonts/cm/cmmi5.pfb></usr/share/texlive/texmf
-dist/fonts/type1/public/amsfonts/cm/cmmi6.pfb></usr/share/texlive/texmf-dist/f
onts/type1/public/amsfonts/cm/cmmi8.pfb></usr/share/texlive/texmf-dist/fonts/ty
pe1/public/amsfonts/cm/cmmi9.pfb></usr/share/texlive/texmf-dist/fonts/type1/pub
lic/amsfonts/cm/cmr10.pfb></usr/share/texlive/texmf-dist/fonts/type1/public/ams
fonts/cm/cmr5.pfb></usr/share/texlive/texmf-dist/fonts/type1/public/amsfonts/cm
/cmr6.pfb></usr/share/texlive/texmf-dist/fonts/type1/public/amsfonts/cm/cmr8.pf
b></usr/share/texlive/texmf-dist/fonts/type1/public/amsfonts/cm/cmr9.pfb></usr/
share/texlive/texmf-dist/fonts/type1/public/amsfonts/cm/cmsy10.pfb></usr/share/
texlive/texmf-dist/fonts/type1/public/amsfonts/cm/cmsy5.pfb></usr/share/texlive
/texmf-dist/fonts/type1/public/amsfonts/cm/cmsy6.pfb></usr/share/texlive/texmf-
dist/fonts/type1/public/amsfonts/cm/cmsy8.pfb></usr/share/texlive/texmf-dist/fo
nts/type1/public/amsfonts/cm/cmsy9.pfb></usr/share/texlive/texmf-dist/fonts/typ
e1/public/amsfonts/symbols/msbm10.pfb></usr/share/texlive/texmf-dist/fonts/type
1/urw/courier/ucrr8a.pfb></usr/share/texlive/texmf-dist/fonts/type1/urw/times/u
tmr8a.pfb></usr/share/texlive/texmf-dist/fonts/type1/urw/times/utmri8a.pfb>
Output written on HISTORY_R45.pdf (106 pages, 880922 bytes).
Transcript written on HISTORY_R45.log.
Latexmk: Getting log file 'HISTORY_R45.log'
Latexmk: Examining 'HISTORY_R45.fls'
Latexmk: Examining 'HISTORY_R45.log'
Latexmk: References changed.
Latexmk: References changed.
Latexmk: Log file says output to 'HISTORY_R45.pdf'
Latexmk: applying rule 'pdflatex'...
Rule 'pdflatex':  Reasons for rerun
Changed files or newly in use/created:
  HISTORY_R45.aux
  HISTORY_R45.out

------------
Run number 2 of rule 'pdflatex'
------------
------------
Running 'pdflatex  -interaction=nonstopmode -halt-on-error -recorder  "HISTORY_R45.tex"'
------------
This is pdfTeX, Version 3.141592653-2.6-1.40.25 (TeX Live 2023/Debian) (preloaded format=pdflatex)
 restricted \write18 enabled.
entering extended mode
(./HISTORY_R45.tex
LaTeX2e <2023-11-01> patch level 1
L3 programming layer <2024-01-22>
(./revisions/2026-09-25-r45/paper/preamble.tex (./econsocart.cls
Document Class: econsocart 2022/11/21 v1.4.1, The Econometric Society Journals
(/usr/share/texlive/texmf-dist/tex/latex/etoolbox/etoolbox.sty)
(./econsocart.cfg) (/usr/share/texlive/texmf-dist/tex/latex/base/fix-cm.sty
(/usr/share/texlive/texmf-dist/tex/latex/base/ts1enc.def))
(/usr/share/texlive/texmf-dist/tex/latex/graphics/graphicx.sty
(/usr/share/texlive/texmf-dist/tex/latex/graphics/keyval.sty)
(/usr/share/texlive/texmf-dist/tex/latex/graphics/graphics.sty
(/usr/share/texlive/texmf-dist/tex/latex/graphics/trig.sty)
(/usr/share/texlive/texmf-dist/tex/latex/graphics-cfg/graphics.cfg)
(/usr/share/texlive/texmf-dist/tex/latex/graphics-def/pdftex.def)))
(/usr/share/texlive/texmf-dist/tex/latex/base/fontenc.sty)
(/usr/share/texlive/texmf-dist/tex/latex/psnfss/times.sty)
(/usr/share/texlive/texmf-dist/tex/latex/textcase/textcase.sty)
(/usr/share/texlive/texmf-dist/tex/latex/psnfss/helvet.sty)
(/usr/share/texlive/texmf-dist/tex/latex/base/textcomp.sty)
(/usr/share/texlive/texmf-dist/tex/latex/psnfss/t1ptm.fd)
(/usr/share/texlive/texmf-dist/tex/latex/amsfonts/amssymb.sty
(/usr/share/texlive/texmf-dist/tex/latex/amsfonts/amsfonts.sty))
(/usr/share/texlive/texmf-dist/tex/latex/tools/bm.sty)
(/usr/share/texlive/texmf-dist/tex/latex/url/url.sty)
(/usr/share/texlive/texmf-dist/tex/latex/amsmath/amsmath.sty
For additional information on amsmath, use the `?' option.
(/usr/share/texlive/texmf-dist/tex/latex/amsmath/amstext.sty
(/usr/share/texlive/texmf-dist/tex/latex/amsmath/amsgen.sty))
(/usr/share/texlive/texmf-dist/tex/latex/amsmath/amsbsy.sty)
(/usr/share/texlive/texmf-dist/tex/latex/amsmath/amsopn.sty))
(/usr/share/texlive/texmf-dist/tex/latex/amscls/amsthm.sty)
(/usr/share/texlive/texmf-dist/tex/latex/natbib/natbib.sty))
(/usr/share/texlive/texmf-dist/tex/latex/booktabs/booktabs.sty)
(/usr/share/texlive/texmf-dist/tex/latex/tools/tabularx.sty
(/usr/share/texlive/texmf-dist/tex/latex/tools/array.sty))
(/usr/share/texlive/texmf-dist/tex/latex/microtype/microtype.sty
(/usr/share/texlive/texmf-dist/tex/latex/microtype/microtype-pdftex.def)
(/usr/share/texlive/texmf-dist/tex/latex/microtype/microtype.cfg))
(/usr/share/texlive/texmf-dist/tex/latex/tools/longtable.sty)
(/usr/share/texlive/texmf-dist/tex/latex/pdfpages/pdfpages.sty
(/usr/share/texlive/texmf-dist/tex/latex/base/ifthen.sty)
(/usr/share/texlive/texmf-dist/tex/latex/tools/calc.sty)
(/usr/share/texlive/texmf-dist/tex/latex/eso-pic/eso-pic.sty
(/usr/share/texlive/texmf-dist/tex/latex/xcolor/xcolor.sty
(/usr/share/texlive/texmf-dist/tex/latex/graphics-cfg/color.cfg)
(/usr/share/texlive/texmf-dist/tex/latex/graphics/mathcolor.ltx)))
(/usr/share/texlive/texmf-dist/tex/latex/pdfpages/pppdftex.def))
(/usr/share/texlive/texmf-dist/tex/latex/hyperref/hyperref.sty
(/usr/share/texlive/texmf-dist/tex/generic/iftex/iftex.sty)
(/usr/share/texlive/texmf-dist/tex/latex/kvsetkeys/kvsetkeys.sty)
(/usr/share/texlive/texmf-dist/tex/generic/kvdefinekeys/kvdefinekeys.sty)
(/usr/share/texlive/texmf-dist/tex/generic/pdfescape/pdfescape.sty
(/usr/share/texlive/texmf-dist/tex/generic/ltxcmds/ltxcmds.sty)
(/usr/share/texlive/texmf-dist/tex/generic/pdftexcmds/pdftexcmds.sty
(/usr/share/texlive/texmf-dist/tex/generic/infwarerr/infwarerr.sty)))
(/usr/share/texlive/texmf-dist/tex/latex/hycolor/hycolor.sty)
(/usr/share/texlive/texmf-dist/tex/latex/auxhook/auxhook.sty)
(/usr/share/texlive/texmf-dist/tex/latex/hyperref/nameref.sty
(/usr/share/texlive/texmf-dist/tex/latex/refcount/refcount.sty)
(/usr/share/texlive/texmf-dist/tex/generic/gettitlestring/gettitlestring.sty
(/usr/share/texlive/texmf-dist/tex/latex/kvoptions/kvoptions.sty)))
(/usr/share/texlive/texmf-dist/tex/latex/hyperref/pd1enc.def)
(/usr/share/texlive/texmf-dist/tex/generic/intcalc/intcalc.sty)
(/usr/share/texlive/texmf-dist/tex/latex/hyperref/puenc.def)
(/usr/share/texlive/texmf-dist/tex/generic/bitset/bitset.sty
(/usr/share/texlive/texmf-dist/tex/generic/bigintcalc/bigintcalc.sty))
(/usr/share/texlive/texmf-dist/tex/latex/base/atbegshi-ltx.sty))
(/usr/share/texlive/texmf-dist/tex/latex/hyperref/hpdftex.def
(/usr/share/texlive/texmf-dist/tex/latex/base/atveryend-ltx.sty)
(/usr/share/texlive/texmf-dist/tex/latex/rerunfilecheck/rerunfilecheck.sty
(/usr/share/texlive/texmf-dist/tex/generic/uniquecounter/uniquecounter.sty)))
(/usr/share/texlive/texmf-dist/tex/latex/xurl/xurl.sty))
(/usr/share/texlive/texmf-dist/tex/latex/hyperref/backref.sty)
(/usr/share/texlive/texmf-dist/tex/latex/l3backend/l3backend-pdftex.def)
(./HISTORY_R45.aux)
(/usr/share/texlive/texmf-dist/tex/context/base/mkii/supp-pdf.mkii
[Loading MPS to PDF converter (version 2006.09.02).]
) (/usr/share/texlive/texmf-dist/tex/latex/epstopdf-pkg/epstopdf-base.sty
(/usr/share/texlive/texmf-dist/tex/latex/latexconfig/epstopdf-sys.cfg))
(/usr/share/texlive/texmf-dist/tex/latex/microtype/mt-ptm.cfg)
(/usr/share/texlive/texmf-dist/tex/latex/pdflscape/pdflscape.sty
(/usr/share/texlive/texmf-dist/tex/latex/pdflscape/pdflscape-nometadata.sty
(/usr/share/texlive/texmf-dist/tex/latex/graphics/lscape.sty)))
(./HISTORY_R45.out) (./HISTORY_R45.out)
(/usr/share/texlive/texmf-dist/tex/latex/psnfss/t1pcr.fd) [1
Non-PDF special ignored!
<special> papersize=487.8225pt,704.63249pt
{/var/lib/texmf/fonts/map/pdftex/updmap/pdftex.map}{/usr/share/texlive/texmf-di
st/fonts/enc/dvips/base/8r.enc}] [2 <./ECTA_R43.pdf>] [3 <./ECTA_R43.pdf>]
[4 <./ECTA_R43.pdf>] [5 <./ECTA_R43.pdf>] [6 <./ECTA_R43.pdf>] [7 <./ECTA_R43.p
df>] [8 <./ECTA_R43.pdf>] [9 <./ECTA_R43.pdf>] [10 <./ECTA_R43.pdf>] [11 <./ECT
A_R43.pdf>] [12 <./ECTA_R43.pdf>] [13 <./ECTA_R43.pdf>] [14 <./ECTA_R43.pdf>]
[15 <./ECTA_R43.pdf>] [16 <./ECTA_R43.pdf>] [17 <./ECTA_R43.pdf>] [18 <./ECTA_R
43.pdf>] [19 <./ECTA_R43.pdf>] [20 <./ECTA_R43.pdf>] [21 <./ECTA_R43.pdf>]
[22 <./ECTA_R43.pdf>] [23 <./ECTA_R43.pdf>] [24 <./ECTA_R43.pdf>] [25 <./ECTA_R
43.pdf>] [26 <./ECTA_R43.pdf>] [27 <./ECTA_R43.pdf>] [28 <./ECTA_R43.pdf>]
[29 <./ECTA_R43.pdf>] [30 <./ECTA_R43.pdf>] [31 <./ECTA_R43.pdf>] [32 <./SUPP_R
43.pdf>] [33 <./SUPP_R43.pdf>] [34 <./SUPP_R43.pdf>] [35 <./SUPP_R43.pdf>]
[36 <./SUPP_R43.pdf>] [37 <./SUPP_R43.pdf>] [38 <./SUPP_R43.pdf>] [39 <./SUPP_R
43.pdf>] [40 <./SUPP_R43.pdf>] [41 <./SUPP_R43.pdf>]

pdfTeX warning: pdflatex (file ./HISTORY_R42.pdf): PDF inclusion: found PDF ver
sion <1.7>, but at most version <1.5> allowed


pdfTeX warning: pdflatex (file ./HISTORY_R42.pdf): PDF inclusion: found PDF ver
sion <1.7>, but at most version <1.5> allowed


pdfTeX warning: pdflatex (file ./HISTORY_R42.pdf): PDF inclusion: found PDF ver
sion <1.7>, but at most version <1.5> allowed


pdfTeX warning: pdflatex (file ./HISTORY_R42.pdf): PDF inclusion: found PDF ver
sion <1.7>, but at most version <1.5> allowed
[42 <./HISTORY_R42.pdf>]

pdfTeX warning: pdflatex (file ./HISTORY_R42.pdf): PDF inclusion: found PDF ver
sion <1.7>, but at most version <1.5> allowed
[43 <./HISTORY_R42.pdf>]

pdfTeX warning: pdflatex (file ./HISTORY_R42.pdf): PDF inclusion: found PDF ver
sion <1.7>, but at most version <1.5> allowed
[44 <./HISTORY_R42.pdf>]

pdfTeX warning: pdflatex (file ./HISTORY_R42.pdf): PDF inclusion: found PDF ver
sion <1.7>, but at most version <1.5> allowed
[45 <./HISTORY_R42.pdf>]

pdfTeX warning: pdflatex (file ./HISTORY_R42.pdf): PDF inclusion: found PDF ver
sion <1.7>, but at most version <1.5> allowed
[46 <./HISTORY_R42.pdf>]

pdfTeX warning: pdflatex (file ./HISTORY_R42.pdf): PDF inclusion: found PDF ver
sion <1.7>, but at most version <1.5> allowed
[47 <./HISTORY_R42.pdf>]

pdfTeX warning: pdflatex (file ./HISTORY_R42.pdf): PDF inclusion: found PDF ver
sion <1.7>, but at most version <1.5> allowed
[48 <./HISTORY_R42.pdf>]

pdfTeX warning: pdflatex (file ./HISTORY_R42.pdf): PDF inclusion: found PDF ver
sion <1.7>, but at most version <1.5> allowed
[49 <./HISTORY_R42.pdf>]

pdfTeX warning: pdflatex (file ./HISTORY_R42.pdf): PDF inclusion: found PDF ver
sion <1.7>, but at most version <1.5> allowed
[50 <./HISTORY_R42.pdf>]

pdfTeX warning: pdflatex (file ./HISTORY_R42.pdf): PDF inclusion: found PDF ver
sion <1.7>, but at most version <1.5> allowed
[51 <./HISTORY_R42.pdf>]

pdfTeX warning: pdflatex (file ./HISTORY_R42.pdf): PDF inclusion: found PDF ver
sion <1.7>, but at most version <1.5> allowed
[52 <./HISTORY_R42.pdf>]

pdfTeX warning: pdflatex (file ./HISTORY_R42.pdf): PDF inclusion: found PDF ver
sion <1.7>, but at most version <1.5> allowed
[53 <./HISTORY_R42.pdf>]

pdfTeX warning: pdflatex (file ./HISTORY_R42.pdf): PDF inclusion: found PDF ver
sion <1.7>, but at most version <1.5> allowed
[54 <./HISTORY_R42.pdf>]

pdfTeX warning: pdflatex (file ./HISTORY_R42.pdf): PDF inclusion: found PDF ver
sion <1.7>, but at most version <1.5> allowed
[55 <./HISTORY_R42.pdf>]

pdfTeX warning: pdflatex (file ./HISTORY_R42.pdf): PDF inclusion: found PDF ver
sion <1.7>, but at most version <1.5> allowed
[56 <./HISTORY_R42.pdf>]

pdfTeX warning: pdflatex (file ./HISTORY_R42.pdf): PDF inclusion: found PDF ver
sion <1.7>, but at most version <1.5> allowed
[57 <./HISTORY_R42.pdf>]

pdfTeX warning: pdflatex (file ./HISTORY_R42.pdf): PDF inclusion: found PDF ver
sion <1.7>, but at most version <1.5> allowed
[58 <./HISTORY_R42.pdf>]

pdfTeX warning: pdflatex (file ./HISTORY_R42.pdf): PDF inclusion: found PDF ver
sion <1.7>, but at most version <1.5> allowed
[59 <./HISTORY_R42.pdf>]

pdfTeX warning: pdflatex (file ./HISTORY_R42.pdf): PDF inclusion: found PDF ver
sion <1.7>, but at most version <1.5> allowed
[60 <./HISTORY_R42.pdf>]

pdfTeX warning: pdflatex (file ./HISTORY_R42.pdf): PDF inclusion: found PDF ver
sion <1.7>, but at most version <1.5> allowed
[61 <./HISTORY_R42.pdf>]

pdfTeX warning: pdflatex (file ./HISTORY_R42.pdf): PDF inclusion: found PDF ver
sion <1.7>, but at most version <1.5> allowed
[62 <./HISTORY_R42.pdf>]

pdfTeX warning: pdflatex (file ./HISTORY_R42.pdf): PDF inclusion: found PDF ver
sion <1.7>, but at most version <1.5> allowed
[63 <./HISTORY_R42.pdf>]

pdfTeX warning: pdflatex (file ./HISTORY_R42.pdf): PDF inclusion: found PDF ver
sion <1.7>, but at most version <1.5> allowed
[64 <./HISTORY_R42.pdf>]

pdfTeX warning: pdflatex (file ./HISTORY_R42.pdf): PDF inclusion: found PDF ver
sion <1.7>, but at most version <1.5> allowed
[65 <./HISTORY_R42.pdf>]

pdfTeX warning: pdflatex (file ./HISTORY_R42.pdf): PDF inclusion: found PDF ver
sion <1.7>, but at most version <1.5> allowed
[66 <./HISTORY_R42.pdf>]

pdfTeX warning: pdflatex (file ./HISTORY_R42.pdf): PDF inclusion: found PDF ver
sion <1.7>, but at most version <1.5> allowed
[67 <./HISTORY_R42.pdf>]

pdfTeX warning: pdflatex (file ./HISTORY_R42.pdf): PDF inclusion: found PDF ver
sion <1.7>, but at most version <1.5> allowed
[68 <./HISTORY_R42.pdf>]

pdfTeX warning: pdflatex (file ./HISTORY_R42.pdf): PDF inclusion: found PDF ver
sion <1.7>, but at most version <1.5> allowed
[69 <./HISTORY_R42.pdf>]

pdfTeX warning: pdflatex (file ./HISTORY_R42.pdf): PDF inclusion: found PDF ver
sion <1.7>, but at most version <1.5> allowed
[70 <./HISTORY_R42.pdf>]

pdfTeX warning: pdflatex (file ./HISTORY_R42.pdf): PDF inclusion: found PDF ver
sion <1.7>, but at most version <1.5> allowed
[71 <./HISTORY_R42.pdf>]

pdfTeX warning: pdflatex (file ./HISTORY_R42.pdf): PDF inclusion: found PDF ver
sion <1.7>, but at most version <1.5> allowed
[72 <./HISTORY_R42.pdf>]

pdfTeX warning: pdflatex (file ./HISTORY_R42.pdf): PDF inclusion: found PDF ver
sion <1.7>, but at most version <1.5> allowed
[73 <./HISTORY_R42.pdf>]

pdfTeX warning: pdflatex (file ./HISTORY_R42.pdf): PDF inclusion: found PDF ver
sion <1.7>, but at most version <1.5> allowed
[74 <./HISTORY_R42.pdf>]

pdfTeX warning: pdflatex (file ./HISTORY_R42.pdf): PDF inclusion: found PDF ver
sion <1.7>, but at most version <1.5> allowed
[75 <./HISTORY_R42.pdf>]

pdfTeX warning: pdflatex (file ./HISTORY_R42.pdf): PDF inclusion: found PDF ver
sion <1.7>, but at most version <1.5> allowed
[76 <./HISTORY_R42.pdf>]

pdfTeX warning: pdflatex (file ./HISTORY_R42.pdf): PDF inclusion: found PDF ver
sion <1.7>, but at most version <1.5> allowed
[77 <./HISTORY_R42.pdf>]

pdfTeX warning: pdflatex (file ./HISTORY_R42.pdf): PDF inclusion: found PDF ver
sion <1.7>, but at most version <1.5> allowed
[78 <./HISTORY_R42.pdf>]

pdfTeX warning: pdflatex (file ./HISTORY_R42.pdf): PDF inclusion: found PDF ver
sion <1.7>, but at most version <1.5> allowed
[79 <./HISTORY_R42.pdf>]

pdfTeX warning: pdflatex (file ./HISTORY_R42.pdf): PDF inclusion: found PDF ver
sion <1.7>, but at most version <1.5> allowed
[80 <./HISTORY_R42.pdf>]

pdfTeX warning: pdflatex (file ./HISTORY_R42.pdf): PDF inclusion: found PDF ver
sion <1.7>, but at most version <1.5> allowed
[81 <./HISTORY_R42.pdf>]

pdfTeX warning: pdflatex (file ./HISTORY_R42.pdf): PDF inclusion: found PDF ver
sion <1.7>, but at most version <1.5> allowed
[82 <./HISTORY_R42.pdf>]

pdfTeX warning: pdflatex (file ./HISTORY_R42.pdf): PDF inclusion: found PDF ver
sion <1.7>, but at most version <1.5> allowed
[83 <./HISTORY_R42.pdf>]

pdfTeX warning: pdflatex (file ./HISTORY_R42.pdf): PDF inclusion: found PDF ver
sion <1.7>, but at most version <1.5> allowed
[84 <./HISTORY_R42.pdf>]

pdfTeX warning: pdflatex (file ./HISTORY_R42.pdf): PDF inclusion: found PDF ver
sion <1.7>, but at most version <1.5> allowed
[85 <./HISTORY_R42.pdf>]

pdfTeX warning: pdflatex (file ./HISTORY_R42.pdf): PDF inclusion: found PDF ver
sion <1.7>, but at most version <1.5> allowed
[86 <./HISTORY_R42.pdf>]

pdfTeX warning: pdflatex (file ./HISTORY_R42.pdf): PDF inclusion: found PDF ver
sion <1.7>, but at most version <1.5> allowed
[87 <./HISTORY_R42.pdf>]

pdfTeX warning: pdflatex (file ./HISTORY_R42.pdf): PDF inclusion: found PDF ver
sion <1.7>, but at most version <1.5> allowed
[88 <./HISTORY_R42.pdf>]

pdfTeX warning: pdflatex (file ./HISTORY_R42.pdf): PDF inclusion: found PDF ver
sion <1.7>, but at most version <1.5> allowed
[89 <./HISTORY_R42.pdf>]

pdfTeX warning: pdflatex (file ./HISTORY_R42.pdf): PDF inclusion: found PDF ver
sion <1.7>, but at most version <1.5> allowed
[90 <./HISTORY_R42.pdf>]

pdfTeX warning: pdflatex (file ./HISTORY_R42.pdf): PDF inclusion: found PDF ver
sion <1.7>, but at most version <1.5> allowed
[91 <./HISTORY_R42.pdf>]

pdfTeX warning: pdflatex (file ./HISTORY_R42.pdf): PDF inclusion: found PDF ver
sion <1.7>, but at most version <1.5> allowed
[92 <./HISTORY_R42.pdf>]

pdfTeX warning: pdflatex (file ./HISTORY_R42.pdf): PDF inclusion: found PDF ver
sion <1.7>, but at most version <1.5> allowed
[93 <./HISTORY_R42.pdf>]

pdfTeX warning: pdflatex (file ./HISTORY_R42.pdf): PDF inclusion: found PDF ver
sion <1.7>, but at most version <1.5> allowed
[94 <./HISTORY_R42.pdf>]

pdfTeX warning: pdflatex (file ./HISTORY_R42.pdf): PDF inclusion: found PDF ver
sion <1.7>, but at most version <1.5> allowed
[95 <./HISTORY_R42.pdf>]

pdfTeX warning: pdflatex (file ./HISTORY_R42.pdf): PDF inclusion: found PDF ver
sion <1.7>, but at most version <1.5> allowed
[96 <./HISTORY_R42.pdf>]

pdfTeX warning: pdflatex (file ./HISTORY_R42.pdf): PDF inclusion: found PDF ver
sion <1.7>, but at most version <1.5> allowed
[97 <./HISTORY_R42.pdf>]

pdfTeX warning: pdflatex (file ./HISTORY_R42.pdf): PDF inclusion: found PDF ver
sion <1.7>, but at most version <1.5> allowed
[98 <./HISTORY_R42.pdf>]

pdfTeX warning: pdflatex (file ./HISTORY_R42.pdf): PDF inclusion: found PDF ver
sion <1.7>, but at most version <1.5> allowed
[99 <./HISTORY_R42.pdf>]

pdfTeX warning: pdflatex (file ./HISTORY_R42.pdf): PDF inclusion: found PDF ver
sion <1.7>, but at most version <1.5> allowed
[100 <./HISTORY_R42.pdf>]

pdfTeX warning: pdflatex (file ./HISTORY_R42.pdf): PDF inclusion: found PDF ver
sion <1.7>, but at most version <1.5> allowed
[101 <./HISTORY_R42.pdf>]

pdfTeX warning: pdflatex (file ./HISTORY_R42.pdf): PDF inclusion: found PDF ver
sion <1.7>, but at most version <1.5> allowed
[102 <./HISTORY_R42.pdf>]

pdfTeX warning: pdflatex (file ./HISTORY_R42.pdf): PDF inclusion: found PDF ver
sion <1.7>, but at most version <1.5> allowed
[103 <./HISTORY_R42.pdf>]

pdfTeX warning: pdflatex (file ./HISTORY_R42.pdf): PDF inclusion: found PDF ver
sion <1.7>, but at most version <1.5> allowed
[104 <./HISTORY_R42.pdf>]

pdfTeX warning: pdflatex (file ./HISTORY_R42.pdf): PDF inclusion: found PDF ver
sion <1.7>, but at most version <1.5> allowed
[105 <./HISTORY_R42.pdf>]

pdfTeX warning: pdflatex (file ./HISTORY_R42.pdf): PDF inclusion: found PDF ver
sion <1.7>, but at most version <1.5> allowed
[106 <./HISTORY_R42.pdf>] (./HISTORY_R45.aux) )</usr/share/texlive/texmf-dist/f
onts/type1/public/amsfonts/cm/cmbx10.pfb></usr/share/texlive/texmf-dist/fonts/t
ype1/public/amsfonts/cm/cmex10.pfb></usr/share/texlive/texmf-dist/fonts/type1/p
ublic/amsfonts/cmextra/cmex7.pfb></usr/share/texlive/texmf-dist/fonts/type1/pub
lic/amsfonts/cm/cmmi10.pfb></usr/share/texlive/texmf-dist/fonts/type1/public/am
sfonts/cm/cmmi5.pfb></usr/share/texlive/texmf-dist/fonts/type1/public/amsfonts/
cm/cmmi6.pfb></usr/share/texlive/texmf-dist/fonts/type1/public/amsfonts/cm/cmmi
8.pfb></usr/share/texlive/texmf-dist/fonts/type1/public/amsfonts/cm/cmmi9.pfb><
/usr/share/texlive/texmf-dist/fonts/type1/public/amsfonts/cm/cmr10.pfb></usr/sh
are/texlive/texmf-dist/fonts/type1/public/amsfonts/cm/cmr5.pfb></usr/share/texl
ive/texmf-dist/fonts/type1/public/amsfonts/cm/cmr6.pfb></usr/share/texlive/texm
f-dist/fonts/type1/public/amsfonts/cm/cmr8.pfb></usr/share/texlive/texmf-dist/f
onts/type1/public/amsfonts/cm/cmr9.pfb></usr/share/texlive/texmf-dist/fonts/typ
e1/public/amsfonts/cm/cmsy10.pfb></usr/share/texlive/texmf-dist/fonts/type1/pub
lic/amsfonts/cm/cmsy5.pfb></usr/share/texlive/texmf-dist/fonts/type1/public/ams
fonts/cm/cmsy6.pfb></usr/share/texlive/texmf-dist/fonts/type1/public/amsfonts/c
m/cmsy8.pfb></usr/share/texlive/texmf-dist/fonts/type1/public/amsfonts/cm/cmsy9
.pfb></usr/share/texlive/texmf-dist/fonts/type1/public/amsfonts/symbols/msbm10.
pfb></usr/share/texlive/texmf-dist/fonts/type1/urw/courier/ucrr8a.pfb></usr/sha
re/texlive/texmf-dist/fonts/type1/urw/times/utmr8a.pfb></usr/share/texlive/texm
f-dist/fonts/type1/urw/times/utmri8a.pfb>
Output written on HISTORY_R45.pdf (106 pages, 881263 bytes).
Transcript written on HISTORY_R45.log.
Latexmk: Getting log file 'HISTORY_R45.log'
Latexmk: Examining 'HISTORY_R45.fls'
Latexmk: Examining 'HISTORY_R45.log'
Latexmk: Log file says output to 'HISTORY_R45.pdf'
Latexmk: applying rule 'pdflatex'...
Rule 'pdflatex':  Reasons for rerun
Changed files or newly in use/created:
  HISTORY_R45.aux

------------
Run number 3 of rule 'pdflatex'
------------
------------
Running 'pdflatex  -interaction=nonstopmode -halt-on-error -recorder  "HISTORY_R45.tex"'
------------
This is pdfTeX, Version 3.141592653-2.6-1.40.25 (TeX Live 2023/Debian) (preloaded format=pdflatex)
 restricted \write18 enabled.
entering extended mode
(./HISTORY_R45.tex
LaTeX2e <2023-11-01> patch level 1
L3 programming layer <2024-01-22>
(./revisions/2026-09-25-r45/paper/preamble.tex (./econsocart.cls
Document Class: econsocart 2022/11/21 v1.4.1, The Econometric Society Journals
(/usr/share/texlive/texmf-dist/tex/latex/etoolbox/etoolbox.sty)
(./econsocart.cfg) (/usr/share/texlive/texmf-dist/tex/latex/base/fix-cm.sty
(/usr/share/texlive/texmf-dist/tex/latex/base/ts1enc.def))
(/usr/share/texlive/texmf-dist/tex/latex/graphics/graphicx.sty
(/usr/share/texlive/texmf-dist/tex/latex/graphics/keyval.sty)
(/usr/share/texlive/texmf-dist/tex/latex/graphics/graphics.sty
(/usr/share/texlive/texmf-dist/tex/latex/graphics/trig.sty)
(/usr/share/texlive/texmf-dist/tex/latex/graphics-cfg/graphics.cfg)
(/usr/share/texlive/texmf-dist/tex/latex/graphics-def/pdftex.def)))
(/usr/share/texlive/texmf-dist/tex/latex/base/fontenc.sty)
(/usr/share/texlive/texmf-dist/tex/latex/psnfss/times.sty)
(/usr/share/texlive/texmf-dist/tex/latex/textcase/textcase.sty)
(/usr/share/texlive/texmf-dist/tex/latex/psnfss/helvet.sty)
(/usr/share/texlive/texmf-dist/tex/latex/base/textcomp.sty)
(/usr/share/texlive/texmf-dist/tex/latex/psnfss/t1ptm.fd)
(/usr/share/texlive/texmf-dist/tex/latex/amsfonts/amssymb.sty
(/usr/share/texlive/texmf-dist/tex/latex/amsfonts/amsfonts.sty))
(/usr/share/texlive/texmf-dist/tex/latex/tools/bm.sty)
(/usr/share/texlive/texmf-dist/tex/latex/url/url.sty)
(/usr/share/texlive/texmf-dist/tex/latex/amsmath/amsmath.sty
For additional information on amsmath, use the `?' option.
(/usr/share/texlive/texmf-dist/tex/latex/amsmath/amstext.sty
(/usr/share/texlive/texmf-dist/tex/latex/amsmath/amsgen.sty))
(/usr/share/texlive/texmf-dist/tex/latex/amsmath/amsbsy.sty)
(/usr/share/texlive/texmf-dist/tex/latex/amsmath/amsopn.sty))
(/usr/share/texlive/texmf-dist/tex/latex/amscls/amsthm.sty)
(/usr/share/texlive/texmf-dist/tex/latex/natbib/natbib.sty))
(/usr/share/texlive/texmf-dist/tex/latex/booktabs/booktabs.sty)
(/usr/share/texlive/texmf-dist/tex/latex/tools/tabularx.sty
(/usr/share/texlive/texmf-dist/tex/latex/tools/array.sty))
(/usr/share/texlive/texmf-dist/tex/latex/microtype/microtype.sty
(/usr/share/texlive/texmf-dist/tex/latex/microtype/microtype-pdftex.def)
(/usr/share/texlive/texmf-dist/tex/latex/microtype/microtype.cfg))
(/usr/share/texlive/texmf-dist/tex/latex/tools/longtable.sty)
(/usr/share/texlive/texmf-dist/tex/latex/pdfpages/pdfpages.sty
(/usr/share/texlive/texmf-dist/tex/latex/base/ifthen.sty)
(/usr/share/texlive/texmf-dist/tex/latex/tools/calc.sty)
(/usr/share/texlive/texmf-dist/tex/latex/eso-pic/eso-pic.sty
(/usr/share/texlive/texmf-dist/tex/latex/xcolor/xcolor.sty
(/usr/share/texlive/texmf-dist/tex/latex/graphics-cfg/color.cfg)
(/usr/share/texlive/texmf-dist/tex/latex/graphics/mathcolor.ltx)))
(/usr/share/texlive/texmf-dist/tex/latex/pdfpages/pppdftex.def))
(/usr/share/texlive/texmf-dist/tex/latex/hyperref/hyperref.sty
(/usr/share/texlive/texmf-dist/tex/generic/iftex/iftex.sty)
(/usr/share/texlive/texmf-dist/tex/latex/kvsetkeys/kvsetkeys.sty)
(/usr/share/texlive/texmf-dist/tex/generic/kvdefinekeys/kvdefinekeys.sty)
(/usr/share/texlive/texmf-dist/tex/generic/pdfescape/pdfescape.sty
(/usr/share/texlive/texmf-dist/tex/generic/ltxcmds/ltxcmds.sty)
(/usr/share/texlive/texmf-dist/tex/generic/pdftexcmds/pdftexcmds.sty
(/usr/share/texlive/texmf-dist/tex/generic/infwarerr/infwarerr.sty)))
(/usr/share/texlive/texmf-dist/tex/latex/hycolor/hycolor.sty)
(/usr/share/texlive/texmf-dist/tex/latex/auxhook/auxhook.sty)
(/usr/share/texlive/texmf-dist/tex/latex/hyperref/nameref.sty
(/usr/share/texlive/texmf-dist/tex/latex/refcount/refcount.sty)
(/usr/share/texlive/texmf-dist/tex/generic/gettitlestring/gettitlestring.sty
(/usr/share/texlive/texmf-dist/tex/latex/kvoptions/kvoptions.sty)))
(/usr/share/texlive/texmf-dist/tex/latex/hyperref/pd1enc.def)
(/usr/share/texlive/texmf-dist/tex/generic/intcalc/intcalc.sty)
(/usr/share/texlive/texmf-dist/tex/latex/hyperref/puenc.def)
(/usr/share/texlive/texmf-dist/tex/generic/bitset/bitset.sty
(/usr/share/texlive/texmf-dist/tex/generic/bigintcalc/bigintcalc.sty))
(/usr/share/texlive/texmf-dist/tex/latex/base/atbegshi-ltx.sty))
(/usr/share/texlive/texmf-dist/tex/latex/hyperref/hpdftex.def
(/usr/share/texlive/texmf-dist/tex/latex/base/atveryend-ltx.sty)
(/usr/share/texlive/texmf-dist/tex/latex/rerunfilecheck/rerunfilecheck.sty
(/usr/share/texlive/texmf-dist/tex/generic/uniquecounter/uniquecounter.sty)))
(/usr/share/texlive/texmf-dist/tex/latex/xurl/xurl.sty))
(/usr/share/texlive/texmf-dist/tex/latex/hyperref/backref.sty)
(/usr/share/texlive/texmf-dist/tex/latex/l3backend/l3backend-pdftex.def)
(./HISTORY_R45.aux)
(/usr/share/texlive/texmf-dist/tex/context/base/mkii/supp-pdf.mkii
[Loading MPS to PDF converter (version 2006.09.02).]
) (/usr/share/texlive/texmf-dist/tex/latex/epstopdf-pkg/epstopdf-base.sty
(/usr/share/texlive/texmf-dist/tex/latex/latexconfig/epstopdf-sys.cfg))
(/usr/share/texlive/texmf-dist/tex/latex/microtype/mt-ptm.cfg)
(/usr/share/texlive/texmf-dist/tex/latex/pdflscape/pdflscape.sty
(/usr/share/texlive/texmf-dist/tex/latex/pdflscape/pdflscape-nometadata.sty
(/usr/share/texlive/texmf-dist/tex/latex/graphics/lscape.sty)))
(./HISTORY_R45.out) (./HISTORY_R45.out)
(/usr/share/texlive/texmf-dist/tex/latex/psnfss/t1pcr.fd) [1
Non-PDF special ignored!
<special> papersize=487.8225pt,704.63249pt
{/var/lib/texmf/fonts/map/pdftex/updmap/pdftex.map}{/usr/share/texlive/texmf-di
st/fonts/enc/dvips/base/8r.enc}] [2 <./ECTA_R43.pdf>] [3 <./ECTA_R43.pdf>]
[4 <./ECTA_R43.pdf>] [5 <./ECTA_R43.pdf>] [6 <./ECTA_R43.pdf>] [7 <./ECTA_R43.p
df>] [8 <./ECTA_R43.pdf>] [9 <./ECTA_R43.pdf>] [10 <./ECTA_R43.pdf>] [11 <./ECT
A_R43.pdf>] [12 <./ECTA_R43.pdf>] [13 <./ECTA_R43.pdf>] [14 <./ECTA_R43.pdf>]
[15 <./ECTA_R43.pdf>] [16 <./ECTA_R43.pdf>] [17 <./ECTA_R43.pdf>] [18 <./ECTA_R
43.pdf>] [19 <./ECTA_R43.pdf>] [20 <./ECTA_R43.pdf>] [21 <./ECTA_R43.pdf>]
[22 <./ECTA_R43.pdf>] [23 <./ECTA_R43.pdf>] [24 <./ECTA_R43.pdf>] [25 <./ECTA_R
43.pdf>] [26 <./ECTA_R43.pdf>] [27 <./ECTA_R43.pdf>] [28 <./ECTA_R43.pdf>]
[29 <./ECTA_R43.pdf>] [30 <./ECTA_R43.pdf>] [31 <./ECTA_R43.pdf>] [32 <./SUPP_R
43.pdf>] [33 <./SUPP_R43.pdf>] [34 <./SUPP_R43.pdf>] [35 <./SUPP_R43.pdf>]
[36 <./SUPP_R43.pdf>] [37 <./SUPP_R43.pdf>] [38 <./SUPP_R43.pdf>] [39 <./SUPP_R
43.pdf>] [40 <./SUPP_R43.pdf>] [41 <./SUPP_R43.pdf>]

pdfTeX warning: pdflatex (file ./HISTORY_R42.pdf): PDF inclusion: found PDF ver
sion <1.7>, but at most version <1.5> allowed


pdfTeX warning: pdflatex (file ./HISTORY_R42.pdf): PDF inclusion: found PDF ver
sion <1.7>, but at most version <1.5> allowed


pdfTeX warning: pdflatex (file ./HISTORY_R42.pdf): PDF inclusion: found PDF ver
sion <1.7>, but at most version <1.5> allowed


pdfTeX warning: pdflatex (file ./HISTORY_R42.pdf): PDF inclusion: found PDF ver
sion <1.7>, but at most version <1.5> allowed
[42 <./HISTORY_R42.pdf>]

pdfTeX warning: pdflatex (file ./HISTORY_R42.pdf): PDF inclusion: found PDF ver
sion <1.7>, but at most version <1.5> allowed
[43 <./HISTORY_R42.pdf>]

pdfTeX warning: pdflatex (file ./HISTORY_R42.pdf): PDF inclusion: found PDF ver
sion <1.7>, but at most version <1.5> allowed
[44 <./HISTORY_R42.pdf>]

pdfTeX warning: pdflatex (file ./HISTORY_R42.pdf): PDF inclusion: found PDF ver
sion <1.7>, but at most version <1.5> allowed
[45 <./HISTORY_R42.pdf>]

pdfTeX warning: pdflatex (file ./HISTORY_R42.pdf): PDF inclusion: found PDF ver
sion <1.7>, but at most version <1.5> allowed
[46 <./HISTORY_R42.pdf>]

pdfTeX warning: pdflatex (file ./HISTORY_R42.pdf): PDF inclusion: found PDF ver
sion <1.7>, but at most version <1.5> allowed
[47 <./HISTORY_R42.pdf>]

pdfTeX warning: pdflatex (file ./HISTORY_R42.pdf): PDF inclusion: found PDF ver
sion <1.7>, but at most version <1.5> allowed
[48 <./HISTORY_R42.pdf>]

pdfTeX warning: pdflatex (file ./HISTORY_R42.pdf): PDF inclusion: found PDF ver
sion <1.7>, but at most version <1.5> allowed
[49 <./HISTORY_R42.pdf>]

pdfTeX warning: pdflatex (file ./HISTORY_R42.pdf): PDF inclusion: found PDF ver
sion <1.7>, but at most version <1.5> allowed
[50 <./HISTORY_R42.pdf>]

pdfTeX warning: pdflatex (file ./HISTORY_R42.pdf): PDF inclusion: found PDF ver
sion <1.7>, but at most version <1.5> allowed
[51 <./HISTORY_R42.pdf>]

pdfTeX warning: pdflatex (file ./HISTORY_R42.pdf): PDF inclusion: found PDF ver
sion <1.7>, but at most version <1.5> allowed
[52 <./HISTORY_R42.pdf>]

pdfTeX warning: pdflatex (file ./HISTORY_R42.pdf): PDF inclusion: found PDF ver
sion <1.7>, but at most version <1.5> allowed
[53 <./HISTORY_R42.pdf>]

pdfTeX warning: pdflatex (file ./HISTORY_R42.pdf): PDF inclusion: found PDF ver
sion <1.7>, but at most version <1.5> allowed
[54 <./HISTORY_R42.pdf>]

pdfTeX warning: pdflatex (file ./HISTORY_R42.pdf): PDF inclusion: found PDF ver
sion <1.7>, but at most version <1.5> allowed
[55 <./HISTORY_R42.pdf>]

pdfTeX warning: pdflatex (file ./HISTORY_R42.pdf): PDF inclusion: found PDF ver
sion <1.7>, but at most version <1.5> allowed
[56 <./HISTORY_R42.pdf>]

pdfTeX warning: pdflatex (file ./HISTORY_R42.pdf): PDF inclusion: found PDF ver
sion <1.7>, but at most version <1.5> allowed
[57 <./HISTORY_R42.pdf>]

pdfTeX warning: pdflatex (file ./HISTORY_R42.pdf): PDF inclusion: found PDF ver
sion <1.7>, but at most version <1.5> allowed
[58 <./HISTORY_R42.pdf>]

pdfTeX warning: pdflatex (file ./HISTORY_R42.pdf): PDF inclusion: found PDF ver
sion <1.7>, but at most version <1.5> allowed
[59 <./HISTORY_R42.pdf>]

pdfTeX warning: pdflatex (file ./HISTORY_R42.pdf): PDF inclusion: found PDF ver
sion <1.7>, but at most version <1.5> allowed
[60 <./HISTORY_R42.pdf>]

pdfTeX warning: pdflatex (file ./HISTORY_R42.pdf): PDF inclusion: found PDF ver
sion <1.7>, but at most version <1.5> allowed
[61 <./HISTORY_R42.pdf>]

pdfTeX warning: pdflatex (file ./HISTORY_R42.pdf): PDF inclusion: found PDF ver
sion <1.7>, but at most version <1.5> allowed
[62 <./HISTORY_R42.pdf>]

pdfTeX warning: pdflatex (file ./HISTORY_R42.pdf): PDF inclusion: found PDF ver
sion <1.7>, but at most version <1.5> allowed
[63 <./HISTORY_R42.pdf>]

pdfTeX warning: pdflatex (file ./HISTORY_R42.pdf): PDF inclusion: found PDF ver
sion <1.7>, but at most version <1.5> allowed
[64 <./HISTORY_R42.pdf>]

pdfTeX warning: pdflatex (file ./HISTORY_R42.pdf): PDF inclusion: found PDF ver
sion <1.7>, but at most version <1.5> allowed
[65 <./HISTORY_R42.pdf>]

pdfTeX warning: pdflatex (file ./HISTORY_R42.pdf): PDF inclusion: found PDF ver
sion <1.7>, but at most version <1.5> allowed
[66 <./HISTORY_R42.pdf>]

pdfTeX warning: pdflatex (file ./HISTORY_R42.pdf): PDF inclusion: found PDF ver
sion <1.7>, but at most version <1.5> allowed
[67 <./HISTORY_R42.pdf>]

pdfTeX warning: pdflatex (file ./HISTORY_R42.pdf): PDF inclusion: found PDF ver
sion <1.7>, but at most version <1.5> allowed
[68 <./HISTORY_R42.pdf>]

pdfTeX warning: pdflatex (file ./HISTORY_R42.pdf): PDF inclusion: found PDF ver
sion <1.7>, but at most version <1.5> allowed
[69 <./HISTORY_R42.pdf>]

pdfTeX warning: pdflatex (file ./HISTORY_R42.pdf): PDF inclusion: found PDF ver
sion <1.7>, but at most version <1.5> allowed
[70 <./HISTORY_R42.pdf>]

pdfTeX warning: pdflatex (file ./HISTORY_R42.pdf): PDF inclusion: found PDF ver
sion <1.7>, but at most version <1.5> allowed
[71 <./HISTORY_R42.pdf>]

pdfTeX warning: pdflatex (file ./HISTORY_R42.pdf): PDF inclusion: found PDF ver
sion <1.7>, but at most version <1.5> allowed
[72 <./HISTORY_R42.pdf>]

pdfTeX warning: pdflatex (file ./HISTORY_R42.pdf): PDF inclusion: found PDF ver
sion <1.7>, but at most version <1.5> allowed
[73 <./HISTORY_R42.pdf>]

pdfTeX warning: pdflatex (file ./HISTORY_R42.pdf): PDF inclusion: found PDF ver
sion <1.7>, but at most version <1.5> allowed
[74 <./HISTORY_R42.pdf>]

pdfTeX warning: pdflatex (file ./HISTORY_R42.pdf): PDF inclusion: found PDF ver
sion <1.7>, but at most version <1.5> allowed
[75 <./HISTORY_R42.pdf>]

pdfTeX warning: pdflatex (file ./HISTORY_R42.pdf): PDF inclusion: found PDF ver
sion <1.7>, but at most version <1.5> allowed
[76 <./HISTORY_R42.pdf>]

pdfTeX warning: pdflatex (file ./HISTORY_R42.pdf): PDF inclusion: found PDF ver
sion <1.7>, but at most version <1.5> allowed
[77 <./HISTORY_R42.pdf>]

pdfTeX warning: pdflatex (file ./HISTORY_R42.pdf): PDF inclusion: found PDF ver
sion <1.7>, but at most version <1.5> allowed
[78 <./HISTORY_R42.pdf>]

pdfTeX warning: pdflatex (file ./HISTORY_R42.pdf): PDF inclusion: found PDF ver
sion <1.7>, but at most version <1.5> allowed
[79 <./HISTORY_R42.pdf>]

pdfTeX warning: pdflatex (file ./HISTORY_R42.pdf): PDF inclusion: found PDF ver
sion <1.7>, but at most version <1.5> allowed
[80 <./HISTORY_R42.pdf>]

pdfTeX warning: pdflatex (file ./HISTORY_R42.pdf): PDF inclusion: found PDF ver
sion <1.7>, but at most version <1.5> allowed
[81 <./HISTORY_R42.pdf>]

pdfTeX warning: pdflatex (file ./HISTORY_R42.pdf): PDF inclusion: found PDF ver
sion <1.7>, but at most version <1.5> allowed
[82 <./HISTORY_R42.pdf>]

pdfTeX warning: pdflatex (file ./HISTORY_R42.pdf): PDF inclusion: found PDF ver
sion <1.7>, but at most version <1.5> allowed
[83 <./HISTORY_R42.pdf>]

pdfTeX warning: pdflatex (file ./HISTORY_R42.pdf): PDF inclusion: found PDF ver
sion <1.7>, but at most version <1.5> allowed
[84 <./HISTORY_R42.pdf>]

pdfTeX warning: pdflatex (file ./HISTORY_R42.pdf): PDF inclusion: found PDF ver
sion <1.7>, but at most version <1.5> allowed
[85 <./HISTORY_R42.pdf>]

pdfTeX warning: pdflatex (file ./HISTORY_R42.pdf): PDF inclusion: found PDF ver
sion <1.7>, but at most version <1.5> allowed
[86 <./HISTORY_R42.pdf>]

pdfTeX warning: pdflatex (file ./HISTORY_R42.pdf): PDF inclusion: found PDF ver
sion <1.7>, but at most version <1.5> allowed
[87 <./HISTORY_R42.pdf>]

pdfTeX warning: pdflatex (file ./HISTORY_R42.pdf): PDF inclusion: found PDF ver
sion <1.7>, but at most version <1.5> allowed
[88 <./HISTORY_R42.pdf>]

pdfTeX warning: pdflatex (file ./HISTORY_R42.pdf): PDF inclusion: found PDF ver
sion <1.7>, but at most version <1.5> allowed
[89 <./HISTORY_R42.pdf>]

pdfTeX warning: pdflatex (file ./HISTORY_R42.pdf): PDF inclusion: found PDF ver
sion <1.7>, but at most version <1.5> allowed
[90 <./HISTORY_R42.pdf>]

pdfTeX warning: pdflatex (file ./HISTORY_R42.pdf): PDF inclusion: found PDF ver
sion <1.7>, but at most version <1.5> allowed
[91 <./HISTORY_R42.pdf>]

pdfTeX warning: pdflatex (file ./HISTORY_R42.pdf): PDF inclusion: found PDF ver
sion <1.7>, but at most version <1.5> allowed
[92 <./HISTORY_R42.pdf>]

pdfTeX warning: pdflatex (file ./HISTORY_R42.pdf): PDF inclusion: found PDF ver
sion <1.7>, but at most version <1.5> allowed
[93 <./HISTORY_R42.pdf>]

pdfTeX warning: pdflatex (file ./HISTORY_R42.pdf): PDF inclusion: found PDF ver
sion <1.7>, but at most version <1.5> allowed
[94 <./HISTORY_R42.pdf>]

pdfTeX warning: pdflatex (file ./HISTORY_R42.pdf): PDF inclusion: found PDF ver
sion <1.7>, but at most version <1.5> allowed
[95 <./HISTORY_R42.pdf>]

pdfTeX warning: pdflatex (file ./HISTORY_R42.pdf): PDF inclusion: found PDF ver
sion <1.7>, but at most version <1.5> allowed
[96 <./HISTORY_R42.pdf>]

pdfTeX warning: pdflatex (file ./HISTORY_R42.pdf): PDF inclusion: found PDF ver
sion <1.7>, but at most version <1.5> allowed
[97 <./HISTORY_R42.pdf>]

pdfTeX warning: pdflatex (file ./HISTORY_R42.pdf): PDF inclusion: found PDF ver
sion <1.7>, but at most version <1.5> allowed
[98 <./HISTORY_R42.pdf>]

pdfTeX warning: pdflatex (file ./HISTORY_R42.pdf): PDF inclusion: found PDF ver
sion <1.7>, but at most version <1.5> allowed
[99 <./HISTORY_R42.pdf>]

pdfTeX warning: pdflatex (file ./HISTORY_R42.pdf): PDF inclusion: found PDF ver
sion <1.7>, but at most version <1.5> allowed
[100 <./HISTORY_R42.pdf>]

pdfTeX warning: pdflatex (file ./HISTORY_R42.pdf): PDF inclusion: found PDF ver
sion <1.7>, but at most version <1.5> allowed
[101 <./HISTORY_R42.pdf>]

pdfTeX warning: pdflatex (file ./HISTORY_R42.pdf): PDF inclusion: found PDF ver
sion <1.7>, but at most version <1.5> allowed
[102 <./HISTORY_R42.pdf>]

pdfTeX warning: pdflatex (file ./HISTORY_R42.pdf): PDF inclusion: found PDF ver
sion <1.7>, but at most version <1.5> allowed
[103 <./HISTORY_R42.pdf>]

pdfTeX warning: pdflatex (file ./HISTORY_R42.pdf): PDF inclusion: found PDF ver
sion <1.7>, but at most version <1.5> allowed
[104 <./HISTORY_R42.pdf>]

pdfTeX warning: pdflatex (file ./HISTORY_R42.pdf): PDF inclusion: found PDF ver
sion <1.7>, but at most version <1.5> allowed
[105 <./HISTORY_R42.pdf>]

pdfTeX warning: pdflatex (file ./HISTORY_R42.pdf): PDF inclusion: found PDF ver
sion <1.7>, but at most version <1.5> allowed
[106 <./HISTORY_R42.pdf>] (./HISTORY_R45.aux) )</usr/share/texlive/texmf-dist/f
onts/type1/public/amsfonts/cm/cmbx10.pfb></usr/share/texlive/texmf-dist/fonts/t
ype1/public/amsfonts/cm/cmex10.pfb></usr/share/texlive/texmf-dist/fonts/type1/p
ublic/amsfonts/cmextra/cmex7.pfb></usr/share/texlive/texmf-dist/fonts/type1/pub
lic/amsfonts/cm/cmmi10.pfb></usr/share/texlive/texmf-dist/fonts/type1/public/am
sfonts/cm/cmmi5.pfb></usr/share/texlive/texmf-dist/fonts/type1/public/amsfonts/
cm/cmmi6.pfb></usr/share/texlive/texmf-dist/fonts/type1/public/amsfonts/cm/cmmi
8.pfb></usr/share/texlive/texmf-dist/fonts/type1/public/amsfonts/cm/cmmi9.pfb><
/usr/share/texlive/texmf-dist/fonts/type1/public/amsfonts/cm/cmr10.pfb></usr/sh
are/texlive/texmf-dist/fonts/type1/public/amsfonts/cm/cmr5.pfb></usr/share/texl
ive/texmf-dist/fonts/type1/public/amsfonts/cm/cmr6.pfb></usr/share/texlive/texm
f-dist/fonts/type1/public/amsfonts/cm/cmr8.pfb></usr/share/texlive/texmf-dist/f
onts/type1/public/amsfonts/cm/cmr9.pfb></usr/share/texlive/texmf-dist/fonts/typ
e1/public/amsfonts/cm/cmsy10.pfb></usr/share/texlive/texmf-dist/fonts/type1/pub
lic/amsfonts/cm/cmsy5.pfb></usr/share/texlive/texmf-dist/fonts/type1/public/ams
fonts/cm/cmsy6.pfb></usr/share/texlive/texmf-dist/fonts/type1/public/amsfonts/c
m/cmsy8.pfb></usr/share/texlive/texmf-dist/fonts/type1/public/amsfonts/cm/cmsy9
.pfb></usr/share/texlive/texmf-dist/fonts/type1/public/amsfonts/symbols/msbm10.
pfb></usr/share/texlive/texmf-dist/fonts/type1/urw/courier/ucrr8a.pfb></usr/sha
re/texlive/texmf-dist/fonts/type1/urw/times/utmr8a.pfb></usr/share/texlive/texm
f-dist/fonts/type1/urw/times/utmri8a.pfb>
Output written on HISTORY_R45.pdf (106 pages, 881263 bytes).
Transcript written on HISTORY_R45.log.
Latexmk: Getting log file 'HISTORY_R45.log'
Latexmk: Examining 'HISTORY_R45.fls'
Latexmk: Examining 'HISTORY_R45.log'
Latexmk: Log file says output to 'HISTORY_R45.pdf'
Latexmk: All targets (HISTORY_R45.pdf) are up-to-date

