Rc files read:
  /etc/LatexMk
Latexmk: This is Latexmk, John Collins, 31 Jan. 2024. Version 4.83.
No existing .aux file, so I'll make a simple one, and require run of *latex.
Latexmk: applying rule 'pdflatex'...
Rule 'pdflatex':  Reasons for rerun
Category 'other':
  Rerun of 'pdflatex' forced or previously required:
    Reason or flag: 'Initial setup'

------------
Run number 1 of rule 'pdflatex'
------------
------------
Running 'pdflatex  -interaction=nonstopmode -halt-on-error -recorder  "HISTORY_R47.tex"'
------------
This is pdfTeX, Version 3.141592653-2.6-1.40.25 (TeX Live 2023/Debian) (preloaded format=pdflatex)
 restricted \write18 enabled.
entering extended mode
(./HISTORY_R47.tex
LaTeX2e <2023-11-01> patch level 1
L3 programming layer <2024-01-22>
(./econsocart.cls
Document Class: econsocart 2022/11/21 v1.4.1, The Econometric Society Journals
(/usr/share/texlive/texmf-dist/tex/latex/etoolbox/etoolbox.sty)
(./econsocart.cfg) (/usr/share/texlive/texmf-dist/tex/latex/base/fix-cm.sty
(/usr/share/texlive/texmf-dist/tex/latex/base/ts1enc.def))
(/usr/share/texlive/texmf-dist/tex/latex/graphics/graphicx.sty
(/usr/share/texlive/texmf-dist/tex/latex/graphics/keyval.sty)
(/usr/share/texlive/texmf-dist/tex/latex/graphics/graphics.sty
(/usr/share/texlive/texmf-dist/tex/latex/graphics/trig.sty)
(/usr/share/texlive/texmf-dist/tex/latex/graphics-cfg/graphics.cfg)
(/usr/share/texlive/texmf-dist/tex/latex/graphics-def/pdftex.def)))
(/usr/share/texlive/texmf-dist/tex/latex/base/fontenc.sty)
(/usr/share/texlive/texmf-dist/tex/latex/psnfss/times.sty)
(/usr/share/texlive/texmf-dist/tex/latex/textcase/textcase.sty)
(/usr/share/texlive/texmf-dist/tex/latex/psnfss/helvet.sty)
(/usr/share/texlive/texmf-dist/tex/latex/base/textcomp.sty)
(/usr/share/texlive/texmf-dist/tex/latex/psnfss/t1ptm.fd)
(/usr/share/texlive/texmf-dist/tex/latex/amsfonts/amssymb.sty
(/usr/share/texlive/texmf-dist/tex/latex/amsfonts/amsfonts.sty))
(/usr/share/texlive/texmf-dist/tex/latex/tools/bm.sty)
(/usr/share/texlive/texmf-dist/tex/latex/url/url.sty)
(/usr/share/texlive/texmf-dist/tex/latex/amsmath/amsmath.sty
For additional information on amsmath, use the `?' option.
(/usr/share/texlive/texmf-dist/tex/latex/amsmath/amstext.sty
(/usr/share/texlive/texmf-dist/tex/latex/amsmath/amsgen.sty))
(/usr/share/texlive/texmf-dist/tex/latex/amsmath/amsbsy.sty)
(/usr/share/texlive/texmf-dist/tex/latex/amsmath/amsopn.sty))
(/usr/share/texlive/texmf-dist/tex/latex/amscls/amsthm.sty)
(/usr/share/texlive/texmf-dist/tex/latex/natbib/natbib.sty))
(/usr/share/texlive/texmf-dist/tex/latex/pdfpages/pdfpages.sty
(/usr/share/texlive/texmf-dist/tex/latex/base/ifthen.sty)
(/usr/share/texlive/texmf-dist/tex/latex/tools/calc.sty)
(/usr/share/texlive/texmf-dist/tex/latex/eso-pic/eso-pic.sty
(/usr/share/texlive/texmf-dist/tex/latex/xcolor/xcolor.sty
(/usr/share/texlive/texmf-dist/tex/latex/graphics-cfg/color.cfg)
(/usr/share/texlive/texmf-dist/tex/latex/graphics/mathcolor.ltx)))
(/usr/share/texlive/texmf-dist/tex/latex/pdfpages/pppdftex.def))
(/usr/share/texlive/texmf-dist/tex/latex/hyperref/hyperref.sty
(/usr/share/texlive/texmf-dist/tex/generic/iftex/iftex.sty)
(/usr/share/texlive/texmf-dist/tex/latex/kvsetkeys/kvsetkeys.sty)
(/usr/share/texlive/texmf-dist/tex/generic/kvdefinekeys/kvdefinekeys.sty)
(/usr/share/texlive/texmf-dist/tex/generic/pdfescape/pdfescape.sty
(/usr/share/texlive/texmf-dist/tex/generic/ltxcmds/ltxcmds.sty)
(/usr/share/texlive/texmf-dist/tex/generic/pdftexcmds/pdftexcmds.sty
(/usr/share/texlive/texmf-dist/tex/generic/infwarerr/infwarerr.sty)))
(/usr/share/texlive/texmf-dist/tex/latex/hycolor/hycolor.sty)
(/usr/share/texlive/texmf-dist/tex/latex/auxhook/auxhook.sty)
(/usr/share/texlive/texmf-dist/tex/latex/hyperref/nameref.sty
(/usr/share/texlive/texmf-dist/tex/latex/refcount/refcount.sty)
(/usr/share/texlive/texmf-dist/tex/generic/gettitlestring/gettitlestring.sty
(/usr/share/texlive/texmf-dist/tex/latex/kvoptions/kvoptions.sty)))
(/usr/share/texlive/texmf-dist/tex/latex/hyperref/pd1enc.def)
(/usr/share/texlive/texmf-dist/tex/generic/intcalc/intcalc.sty)
(/usr/share/texlive/texmf-dist/tex/latex/hyperref/puenc.def)
(/usr/share/texlive/texmf-dist/tex/generic/bitset/bitset.sty
(/usr/share/texlive/texmf-dist/tex/generic/bigintcalc/bigintcalc.sty))
(/usr/share/texlive/texmf-dist/tex/latex/base/atbegshi-ltx.sty))
(/usr/share/texlive/texmf-dist/tex/latex/hyperref/hpdftex.def
(/usr/share/texlive/texmf-dist/tex/latex/base/atveryend-ltx.sty)
(/usr/share/texlive/texmf-dist/tex/latex/rerunfilecheck/rerunfilecheck.sty
(/usr/share/texlive/texmf-dist/tex/generic/uniquecounter/uniquecounter.sty)))
(/usr/share/texlive/texmf-dist/tex/latex/hyperref/backref.sty)
(/usr/share/texlive/texmf-dist/tex/latex/l3backend/l3backend-pdftex.def)
(./HISTORY_R47.aux)
(/usr/share/texlive/texmf-dist/tex/context/base/mkii/supp-pdf.mkii
[Loading MPS to PDF converter (version 2006.09.02).]
) (/usr/share/texlive/texmf-dist/tex/latex/epstopdf-pkg/epstopdf-base.sty
(/usr/share/texlive/texmf-dist/tex/latex/latexconfig/epstopdf-sys.cfg))
(/usr/share/texlive/texmf-dist/tex/latex/pdflscape/pdflscape.sty
(/usr/share/texlive/texmf-dist/tex/latex/pdflscape/pdflscape-nometadata.sty
(/usr/share/texlive/texmf-dist/tex/latex/graphics/lscape.sty))) [1
Non-PDF special ignored!
<special> papersize=487.8225pt,704.63249pt
{/var/lib/texmf/fonts/map/pdftex/updmap/pdftex.map}{/usr/share/texlive/texmf-di
st/fonts/enc/dvips/base/8r.enc}] [2 <./ECTA_R45.pdf>] [3 <./ECTA_R45.pdf>]
[4 <./ECTA_R45.pdf>] [5 <./ECTA_R45.pdf>] [6 <./ECTA_R45.pdf>] [7 <./ECTA_R45.p
df>] [8 <./ECTA_R45.pdf>] [9 <./ECTA_R45.pdf>] [10 <./ECTA_R45.pdf>] [11 <./ECT
A_R45.pdf>] [12 <./ECTA_R45.pdf>] [13 <./ECTA_R45.pdf>] [14 <./ECTA_R45.pdf>]
[15 <./ECTA_R45.pdf>] [16 <./ECTA_R45.pdf>] [17 <./ECTA_R45.pdf>] [18 <./ECTA_R
45.pdf>] [19 <./ECTA_R45.pdf>] [20 <./ECTA_R45.pdf>] [21 <./ECTA_R45.pdf>]
[22 <./ECTA_R45.pdf>] [23 <./SUPP_R45.pdf>] [24 <./SUPP_R45.pdf>] [25 <./SUPP_R
45.pdf>] [26 <./SUPP_R45.pdf>] [27 <./SUPP_R45.pdf>] [28 <./SUPP_R45.pdf>]
[29 <./SUPP_R45.pdf>] [30 <./SUPP_R45.pdf>] [31 <./SUPP_R45.pdf>] [32 <./SUPP_R
45.pdf>] [33 <./SUPP_R45.pdf>] [34 <./SUPP_R45.pdf>] [35 <./SUPP_R45.pdf>]
[36 <./SUPP_R45.pdf>] [37 <./SUPP_R45.pdf>] [38 <./RESPONSE_R45.pdf>] [39 <./RE
SPONSE_R45.pdf>] [40 <./RESPONSE_R45.pdf>] [41 <./RESPONSE_R45.pdf>] [42 <./RES
PONSE_R45.pdf>] [43 <./RESPONSE_R45.pdf>] [44 <./RESPONSE_R45.pdf>] [45 <./RESP
ONSE_R45.pdf>] [46 <./RESPONSE_R45.pdf>] [47 <./RESPONSE_R45.pdf>] [48 <./RESPO
NSE_R45.pdf>] [49 <./HISTORY_R45.pdf>] [50 <./HISTORY_R45.pdf>] [51 <./HISTORY_
R45.pdf>] [52 <./HISTORY_R45.pdf>] [53 <./HISTORY_R45.pdf>] [54 <./HISTORY_R45.
pdf>] [55 <./HISTORY_R45.pdf>] [56 <./HISTORY_R45.pdf>] [57 <./HISTORY_R45.pdf>
] [58 <./HISTORY_R45.pdf>] [59 <./HISTORY_R45.pdf>] [60 <./HISTORY_R45.pdf>]
[61 <./HISTORY_R45.pdf>] [62 <./HISTORY_R45.pdf>] [63 <./HISTORY_R45.pdf>]
[64 <./HISTORY_R45.pdf>] [65 <./HISTORY_R45.pdf>] [66 <./HISTORY_R45.pdf>]
[67 <./HISTORY_R45.pdf>] [68 <./HISTORY_R45.pdf>] [69 <./HISTORY_R45.pdf>]
[70 <./HISTORY_R45.pdf>] [71 <./HISTORY_R45.pdf>] [72 <./HISTORY_R45.pdf>]
[73 <./HISTORY_R45.pdf>] [74 <./HISTORY_R45.pdf>] [75 <./HISTORY_R45.pdf>]
[76 <./HISTORY_R45.pdf>] [77 <./HISTORY_R45.pdf>] [78 <./HISTORY_R45.pdf>]
[79 <./HISTORY_R45.pdf>] [80 <./HISTORY_R45.pdf>] [81 <./HISTORY_R45.pdf>]
[82 <./HISTORY_R45.pdf>] [83 <./HISTORY_R45.pdf>] [84 <./HISTORY_R45.pdf>]
[85 <./HISTORY_R45.pdf>] [86 <./HISTORY_R45.pdf>] [87 <./HISTORY_R45.pdf>]
[88 <./HISTORY_R45.pdf>] [89 <./HISTORY_R45.pdf>] [90 <./HISTORY_R45.pdf>]
[91 <./HISTORY_R45.pdf>] [92 <./HISTORY_R45.pdf>] [93 <./HISTORY_R45.pdf>]
[94 <./HISTORY_R45.pdf>] [95 <./HISTORY_R45.pdf>] [96 <./HISTORY_R45.pdf>]
[97 <./HISTORY_R45.pdf>] [98 <./HISTORY_R45.pdf>] [99 <./HISTORY_R45.pdf>]
[100 <./HISTORY_R45.pdf>] [101 <./HISTORY_R45.pdf>] [102 <./HISTORY_R45.pdf>]
[103 <./HISTORY_R45.pdf>] [104 <./HISTORY_R45.pdf>] [105 <./HISTORY_R45.pdf>]
[106 <./HISTORY_R45.pdf>] [107 <./HISTORY_R45.pdf>] [108 <./HISTORY_R45.pdf>]
[109 <./HISTORY_R45.pdf>] [110 <./HISTORY_R45.pdf>] [111 <./HISTORY_R45.pdf>]
[112 <./HISTORY_R45.pdf>] [113 <./HISTORY_R45.pdf>] [114 <./HISTORY_R45.pdf>]
[115 <./HISTORY_R45.pdf>] [116 <./HISTORY_R45.pdf>] [117 <./HISTORY_R45.pdf>]
[118 <./HISTORY_R45.pdf>] [119 <./HISTORY_R45.pdf>] [120 <./HISTORY_R45.pdf>]
[121 <./HISTORY_R45.pdf>] [122 <./HISTORY_R45.pdf>] [123 <./HISTORY_R45.pdf>]
[124 <./HISTORY_R45.pdf>] [125 <./HISTORY_R45.pdf>] [126 <./HISTORY_R45.pdf>]
[127 <./HISTORY_R45.pdf>] [128 <./HISTORY_R45.pdf>] [129 <./HISTORY_R45.pdf>]
[130 <./HISTORY_R45.pdf>] [131 <./HISTORY_R45.pdf>] [132 <./HISTORY_R45.pdf>]
[133 <./HISTORY_R45.pdf>] [134 <./HISTORY_R45.pdf>] [135 <./HISTORY_R45.pdf>]
[136 <./HISTORY_R45.pdf>] [137 <./HISTORY_R45.pdf>] [138 <./HISTORY_R45.pdf>]
[139 <./HISTORY_R45.pdf>] [140 <./HISTORY_R45.pdf>] [141 <./HISTORY_R45.pdf>]
[142 <./HISTORY_R45.pdf>] [143 <./HISTORY_R45.pdf>] [144 <./HISTORY_R45.pdf>]
[145 <./HISTORY_R45.pdf>] [146 <./HISTORY_R45.pdf>] [147 <./HISTORY_R45.pdf>]
[148 <./HISTORY_R45.pdf>] [149 <./HISTORY_R45.pdf>] [150 <./HISTORY_R45.pdf>]
[151 <./HISTORY_R45.pdf>] [152 <./HISTORY_R45.pdf>] [153 <./HISTORY_R45.pdf>]
[154 <./HISTORY_R45.pdf>] (./HISTORY_R47.aux)

Package rerunfilecheck Warning: File `HISTORY_R47.out' has changed.
(rerunfilecheck)                Rerun to get outlines right
(rerunfilecheck)                or use package `bookmark'.

 )</usr/share/texlive/texmf-dist/fonts/type1/public/amsfonts/cm/cmbx10.pfb></us
r/share/texlive/texmf-dist/fonts/type1/public/amsfonts/cm/cmex10.pfb></usr/shar
e/texlive/texmf-dist/fonts/type1/public/amsfonts/cmextra/cmex7.pfb></usr/share/
texlive/texmf-dist/fonts/type1/public/amsfonts/cm/cmmi10.pfb></usr/share/texliv
e/texmf-dist/fonts/type1/public/amsfonts/cm/cmmi5.pfb></usr/share/texlive/texmf
-dist/fonts/type1/public/amsfonts/cm/cmmi6.pfb></usr/share/texlive/texmf-dist/f
onts/type1/public/amsfonts/cm/cmmi8.pfb></usr/share/texlive/texmf-dist/fonts/ty
pe1/public/amsfonts/cm/cmmi9.pfb></usr/share/texlive/texmf-dist/fonts/type1/pub
lic/amsfonts/cm/cmr10.pfb></usr/share/texlive/texmf-dist/fonts/type1/public/ams
fonts/cm/cmr5.pfb></usr/share/texlive/texmf-dist/fonts/type1/public/amsfonts/cm
/cmr6.pfb></usr/share/texlive/texmf-dist/fonts/type1/public/amsfonts/cm/cmr8.pf
b></usr/share/texlive/texmf-dist/fonts/type1/public/amsfonts/cm/cmr9.pfb></usr/
share/texlive/texmf-dist/fonts/type1/public/amsfonts/cm/cmss10.pfb></usr/share/
texlive/texmf-dist/fonts/type1/public/amsfonts/cm/cmsy10.pfb></usr/share/texliv
e/texmf-dist/fonts/type1/public/amsfonts/cm/cmsy5.pfb></usr/share/texlive/texmf
-dist/fonts/type1/public/amsfonts/cm/cmsy6.pfb></usr/share/texlive/texmf-dist/f
onts/type1/public/amsfonts/cm/cmsy8.pfb></usr/share/texlive/texmf-dist/fonts/ty
pe1/public/amsfonts/cm/cmsy9.pfb></usr/share/texlive/texmf-dist/fonts/type1/pub
lic/amsfonts/symbols/msbm10.pfb></usr/share/texlive/texmf-dist/fonts/type1/urw/
courier/ucrr8a.pfb></usr/share/texlive/texmf-dist/fonts/type1/urw/times/utmr8a.
pfb></usr/share/texlive/texmf-dist/fonts/type1/urw/times/utmri8a.pfb>
Output written on HISTORY_R47.pdf (154 pages, 1425864 bytes).
Transcript written on HISTORY_R47.log.
Latexmk: Getting log file 'HISTORY_R47.log'
Latexmk: Examining 'HISTORY_R47.fls'
Latexmk: Examining 'HISTORY_R47.log'
Latexmk: References changed.
Latexmk: Log file says output to 'HISTORY_R47.pdf'
Latexmk: applying rule 'pdflatex'...
Rule 'pdflatex':  Reasons for rerun
Changed files or newly in use/created:
  HISTORY_R47.aux
  HISTORY_R47.out

------------
Run number 2 of rule 'pdflatex'
------------
------------
Running 'pdflatex  -interaction=nonstopmode -halt-on-error -recorder  "HISTORY_R47.tex"'
------------
This is pdfTeX, Version 3.141592653-2.6-1.40.25 (TeX Live 2023/Debian) (preloaded format=pdflatex)
 restricted \write18 enabled.
entering extended mode
(./HISTORY_R47.tex
LaTeX2e <2023-11-01> patch level 1
L3 programming layer <2024-01-22>
(./econsocart.cls
Document Class: econsocart 2022/11/21 v1.4.1, The Econometric Society Journals
(/usr/share/texlive/texmf-dist/tex/latex/etoolbox/etoolbox.sty)
(./econsocart.cfg) (/usr/share/texlive/texmf-dist/tex/latex/base/fix-cm.sty
(/usr/share/texlive/texmf-dist/tex/latex/base/ts1enc.def))
(/usr/share/texlive/texmf-dist/tex/latex/graphics/graphicx.sty
(/usr/share/texlive/texmf-dist/tex/latex/graphics/keyval.sty)
(/usr/share/texlive/texmf-dist/tex/latex/graphics/graphics.sty
(/usr/share/texlive/texmf-dist/tex/latex/graphics/trig.sty)
(/usr/share/texlive/texmf-dist/tex/latex/graphics-cfg/graphics.cfg)
(/usr/share/texlive/texmf-dist/tex/latex/graphics-def/pdftex.def)))
(/usr/share/texlive/texmf-dist/tex/latex/base/fontenc.sty)
(/usr/share/texlive/texmf-dist/tex/latex/psnfss/times.sty)
(/usr/share/texlive/texmf-dist/tex/latex/textcase/textcase.sty)
(/usr/share/texlive/texmf-dist/tex/latex/psnfss/helvet.sty)
(/usr/share/texlive/texmf-dist/tex/latex/base/textcomp.sty)
(/usr/share/texlive/texmf-dist/tex/latex/psnfss/t1ptm.fd)
(/usr/share/texlive/texmf-dist/tex/latex/amsfonts/amssymb.sty
(/usr/share/texlive/texmf-dist/tex/latex/amsfonts/amsfonts.sty))
(/usr/share/texlive/texmf-dist/tex/latex/tools/bm.sty)
(/usr/share/texlive/texmf-dist/tex/latex/url/url.sty)
(/usr/share/texlive/texmf-dist/tex/latex/amsmath/amsmath.sty
For additional information on amsmath, use the `?' option.
(/usr/share/texlive/texmf-dist/tex/latex/amsmath/amstext.sty
(/usr/share/texlive/texmf-dist/tex/latex/amsmath/amsgen.sty))
(/usr/share/texlive/texmf-dist/tex/latex/amsmath/amsbsy.sty)
(/usr/share/texlive/texmf-dist/tex/latex/amsmath/amsopn.sty))
(/usr/share/texlive/texmf-dist/tex/latex/amscls/amsthm.sty)
(/usr/share/texlive/texmf-dist/tex/latex/natbib/natbib.sty))
(/usr/share/texlive/texmf-dist/tex/latex/pdfpages/pdfpages.sty
(/usr/share/texlive/texmf-dist/tex/latex/base/ifthen.sty)
(/usr/share/texlive/texmf-dist/tex/latex/tools/calc.sty)
(/usr/share/texlive/texmf-dist/tex/latex/eso-pic/eso-pic.sty
(/usr/share/texlive/texmf-dist/tex/latex/xcolor/xcolor.sty
(/usr/share/texlive/texmf-dist/tex/latex/graphics-cfg/color.cfg)
(/usr/share/texlive/texmf-dist/tex/latex/graphics/mathcolor.ltx)))
(/usr/share/texlive/texmf-dist/tex/latex/pdfpages/pppdftex.def))
(/usr/share/texlive/texmf-dist/tex/latex/hyperref/hyperref.sty
(/usr/share/texlive/texmf-dist/tex/generic/iftex/iftex.sty)
(/usr/share/texlive/texmf-dist/tex/latex/kvsetkeys/kvsetkeys.sty)
(/usr/share/texlive/texmf-dist/tex/generic/kvdefinekeys/kvdefinekeys.sty)
(/usr/share/texlive/texmf-dist/tex/generic/pdfescape/pdfescape.sty
(/usr/share/texlive/texmf-dist/tex/generic/ltxcmds/ltxcmds.sty)
(/usr/share/texlive/texmf-dist/tex/generic/pdftexcmds/pdftexcmds.sty
(/usr/share/texlive/texmf-dist/tex/generic/infwarerr/infwarerr.sty)))
(/usr/share/texlive/texmf-dist/tex/latex/hycolor/hycolor.sty)
(/usr/share/texlive/texmf-dist/tex/latex/auxhook/auxhook.sty)
(/usr/share/texlive/texmf-dist/tex/latex/hyperref/nameref.sty
(/usr/share/texlive/texmf-dist/tex/latex/refcount/refcount.sty)
(/usr/share/texlive/texmf-dist/tex/generic/gettitlestring/gettitlestring.sty
(/usr/share/texlive/texmf-dist/tex/latex/kvoptions/kvoptions.sty)))
(/usr/share/texlive/texmf-dist/tex/latex/hyperref/pd1enc.def)
(/usr/share/texlive/texmf-dist/tex/generic/intcalc/intcalc.sty)
(/usr/share/texlive/texmf-dist/tex/latex/hyperref/puenc.def)
(/usr/share/texlive/texmf-dist/tex/generic/bitset/bitset.sty
(/usr/share/texlive/texmf-dist/tex/generic/bigintcalc/bigintcalc.sty))
(/usr/share/texlive/texmf-dist/tex/latex/base/atbegshi-ltx.sty))
(/usr/share/texlive/texmf-dist/tex/latex/hyperref/hpdftex.def
(/usr/share/texlive/texmf-dist/tex/latex/base/atveryend-ltx.sty)
(/usr/share/texlive/texmf-dist/tex/latex/rerunfilecheck/rerunfilecheck.sty
(/usr/share/texlive/texmf-dist/tex/generic/uniquecounter/uniquecounter.sty)))
(/usr/share/texlive/texmf-dist/tex/latex/hyperref/backref.sty)
(/usr/share/texlive/texmf-dist/tex/latex/l3backend/l3backend-pdftex.def)
(./HISTORY_R47.aux)
(/usr/share/texlive/texmf-dist/tex/context/base/mkii/supp-pdf.mkii
[Loading MPS to PDF converter (version 2006.09.02).]
) (/usr/share/texlive/texmf-dist/tex/latex/epstopdf-pkg/epstopdf-base.sty
(/usr/share/texlive/texmf-dist/tex/latex/latexconfig/epstopdf-sys.cfg))
(/usr/share/texlive/texmf-dist/tex/latex/pdflscape/pdflscape.sty
(/usr/share/texlive/texmf-dist/tex/latex/pdflscape/pdflscape-nometadata.sty
(/usr/share/texlive/texmf-dist/tex/latex/graphics/lscape.sty)))
(./HISTORY_R47.out) (./HISTORY_R47.out) [1
Non-PDF special ignored!
<special> papersize=487.8225pt,704.63249pt
{/var/lib/texmf/fonts/map/pdftex/updmap/pdftex.map}{/usr/share/texlive/texmf-di
st/fonts/enc/dvips/base/8r.enc}] [2 <./ECTA_R45.pdf>] [3 <./ECTA_R45.pdf>]
[4 <./ECTA_R45.pdf>] [5 <./ECTA_R45.pdf>] [6 <./ECTA_R45.pdf>] [7 <./ECTA_R45.p
df>] [8 <./ECTA_R45.pdf>] [9 <./ECTA_R45.pdf>] [10 <./ECTA_R45.pdf>] [11 <./ECT
A_R45.pdf>] [12 <./ECTA_R45.pdf>] [13 <./ECTA_R45.pdf>] [14 <./ECTA_R45.pdf>]
[15 <./ECTA_R45.pdf>] [16 <./ECTA_R45.pdf>] [17 <./ECTA_R45.pdf>] [18 <./ECTA_R
45.pdf>] [19 <./ECTA_R45.pdf>] [20 <./ECTA_R45.pdf>] [21 <./ECTA_R45.pdf>]
[22 <./ECTA_R45.pdf>] [23 <./SUPP_R45.pdf>] [24 <./SUPP_R45.pdf>] [25 <./SUPP_R
45.pdf>] [26 <./SUPP_R45.pdf>] [27 <./SUPP_R45.pdf>] [28 <./SUPP_R45.pdf>]
[29 <./SUPP_R45.pdf>] [30 <./SUPP_R45.pdf>] [31 <./SUPP_R45.pdf>] [32 <./SUPP_R
45.pdf>] [33 <./SUPP_R45.pdf>] [34 <./SUPP_R45.pdf>] [35 <./SUPP_R45.pdf>]
[36 <./SUPP_R45.pdf>] [37 <./SUPP_R45.pdf>] [38 <./RESPONSE_R45.pdf>] [39 <./RE
SPONSE_R45.pdf>] [40 <./RESPONSE_R45.pdf>] [41 <./RESPONSE_R45.pdf>] [42 <./RES
PONSE_R45.pdf>] [43 <./RESPONSE_R45.pdf>] [44 <./RESPONSE_R45.pdf>] [45 <./RESP
ONSE_R45.pdf>] [46 <./RESPONSE_R45.pdf>] [47 <./RESPONSE_R45.pdf>] [48 <./RESPO
NSE_R45.pdf>] [49 <./HISTORY_R45.pdf>] [50 <./HISTORY_R45.pdf>] [51 <./HISTORY_
R45.pdf>] [52 <./HISTORY_R45.pdf>] [53 <./HISTORY_R45.pdf>] [54 <./HISTORY_R45.
pdf>] [55 <./HISTORY_R45.pdf>] [56 <./HISTORY_R45.pdf>] [57 <./HISTORY_R45.pdf>
] [58 <./HISTORY_R45.pdf>] [59 <./HISTORY_R45.pdf>] [60 <./HISTORY_R45.pdf>]
[61 <./HISTORY_R45.pdf>] [62 <./HISTORY_R45.pdf>] [63 <./HISTORY_R45.pdf>]
[64 <./HISTORY_R45.pdf>] [65 <./HISTORY_R45.pdf>] [66 <./HISTORY_R45.pdf>]
[67 <./HISTORY_R45.pdf>] [68 <./HISTORY_R45.pdf>] [69 <./HISTORY_R45.pdf>]
[70 <./HISTORY_R45.pdf>] [71 <./HISTORY_R45.pdf>] [72 <./HISTORY_R45.pdf>]
[73 <./HISTORY_R45.pdf>] [74 <./HISTORY_R45.pdf>] [75 <./HISTORY_R45.pdf>]
[76 <./HISTORY_R45.pdf>] [77 <./HISTORY_R45.pdf>] [78 <./HISTORY_R45.pdf>]
[79 <./HISTORY_R45.pdf>] [80 <./HISTORY_R45.pdf>] [81 <./HISTORY_R45.pdf>]
[82 <./HISTORY_R45.pdf>] [83 <./HISTORY_R45.pdf>] [84 <./HISTORY_R45.pdf>]
[85 <./HISTORY_R45.pdf>] [86 <./HISTORY_R45.pdf>] [87 <./HISTORY_R45.pdf>]
[88 <./HISTORY_R45.pdf>] [89 <./HISTORY_R45.pdf>] [90 <./HISTORY_R45.pdf>]
[91 <./HISTORY_R45.pdf>] [92 <./HISTORY_R45.pdf>] [93 <./HISTORY_R45.pdf>]
[94 <./HISTORY_R45.pdf>] [95 <./HISTORY_R45.pdf>] [96 <./HISTORY_R45.pdf>]
[97 <./HISTORY_R45.pdf>] [98 <./HISTORY_R45.pdf>] [99 <./HISTORY_R45.pdf>]
[100 <./HISTORY_R45.pdf>] [101 <./HISTORY_R45.pdf>] [102 <./HISTORY_R45.pdf>]
[103 <./HISTORY_R45.pdf>] [104 <./HISTORY_R45.pdf>] [105 <./HISTORY_R45.pdf>]
[106 <./HISTORY_R45.pdf>] [107 <./HISTORY_R45.pdf>] [108 <./HISTORY_R45.pdf>]
[109 <./HISTORY_R45.pdf>] [110 <./HISTORY_R45.pdf>] [111 <./HISTORY_R45.pdf>]
[112 <./HISTORY_R45.pdf>] [113 <./HISTORY_R45.pdf>] [114 <./HISTORY_R45.pdf>]
[115 <./HISTORY_R45.pdf>] [116 <./HISTORY_R45.pdf>] [117 <./HISTORY_R45.pdf>]
[118 <./HISTORY_R45.pdf>] [119 <./HISTORY_R45.pdf>] [120 <./HISTORY_R45.pdf>]
[121 <./HISTORY_R45.pdf>] [122 <./HISTORY_R45.pdf>] [123 <./HISTORY_R45.pdf>]
[124 <./HISTORY_R45.pdf>] [125 <./HISTORY_R45.pdf>] [126 <./HISTORY_R45.pdf>]
[127 <./HISTORY_R45.pdf>] [128 <./HISTORY_R45.pdf>] [129 <./HISTORY_R45.pdf>]
[130 <./HISTORY_R45.pdf>] [131 <./HISTORY_R45.pdf>] [132 <./HISTORY_R45.pdf>]
[133 <./HISTORY_R45.pdf>] [134 <./HISTORY_R45.pdf>] [135 <./HISTORY_R45.pdf>]
[136 <./HISTORY_R45.pdf>] [137 <./HISTORY_R45.pdf>] [138 <./HISTORY_R45.pdf>]
[139 <./HISTORY_R45.pdf>] [140 <./HISTORY_R45.pdf>] [141 <./HISTORY_R45.pdf>]
[142 <./HISTORY_R45.pdf>] [143 <./HISTORY_R45.pdf>] [144 <./HISTORY_R45.pdf>]
[145 <./HISTORY_R45.pdf>] [146 <./HISTORY_R45.pdf>] [147 <./HISTORY_R45.pdf>]
[148 <./HISTORY_R45.pdf>] [149 <./HISTORY_R45.pdf>] [150 <./HISTORY_R45.pdf>]
[151 <./HISTORY_R45.pdf>] [152 <./HISTORY_R45.pdf>] [153 <./HISTORY_R45.pdf>]
[154 <./HISTORY_R45.pdf>] (./HISTORY_R47.aux) )</usr/share/texlive/texmf-dist/f
onts/type1/public/amsfonts/cm/cmbx10.pfb></usr/share/texlive/texmf-dist/fonts/t
ype1/public/amsfonts/cm/cmex10.pfb></usr/share/texlive/texmf-dist/fonts/type1/p
ublic/amsfonts/cmextra/cmex7.pfb></usr/share/texlive/texmf-dist/fonts/type1/pub
lic/amsfonts/cm/cmmi10.pfb></usr/share/texlive/texmf-dist/fonts/type1/public/am
sfonts/cm/cmmi5.pfb></usr/share/texlive/texmf-dist/fonts/type1/public/amsfonts/
cm/cmmi6.pfb></usr/share/texlive/texmf-dist/fonts/type1/public/amsfonts/cm/cmmi
8.pfb></usr/share/texlive/texmf-dist/fonts/type1/public/amsfonts/cm/cmmi9.pfb><
/usr/share/texlive/texmf-dist/fonts/type1/public/amsfonts/cm/cmr10.pfb></usr/sh
are/texlive/texmf-dist/fonts/type1/public/amsfonts/cm/cmr5.pfb></usr/share/texl
ive/texmf-dist/fonts/type1/public/amsfonts/cm/cmr6.pfb></usr/share/texlive/texm
f-dist/fonts/type1/public/amsfonts/cm/cmr8.pfb></usr/share/texlive/texmf-dist/f
onts/type1/public/amsfonts/cm/cmr9.pfb></usr/share/texlive/texmf-dist/fonts/typ
e1/public/amsfonts/cm/cmss10.pfb></usr/share/texlive/texmf-dist/fonts/type1/pub
lic/amsfonts/cm/cmsy10.pfb></usr/share/texlive/texmf-dist/fonts/type1/public/am
sfonts/cm/cmsy5.pfb></usr/share/texlive/texmf-dist/fonts/type1/public/amsfonts/
cm/cmsy6.pfb></usr/share/texlive/texmf-dist/fonts/type1/public/amsfonts/cm/cmsy
8.pfb></usr/share/texlive/texmf-dist/fonts/type1/public/amsfonts/cm/cmsy9.pfb><
/usr/share/texlive/texmf-dist/fonts/type1/public/amsfonts/symbols/msbm10.pfb></
usr/share/texlive/texmf-dist/fonts/type1/urw/courier/ucrr8a.pfb></usr/share/tex
live/texmf-dist/fonts/type1/urw/times/utmr8a.pfb></usr/share/texlive/texmf-dist
/fonts/type1/urw/times/utmri8a.pfb>
Output written on HISTORY_R47.pdf (154 pages, 1425864 bytes).
Transcript written on HISTORY_R47.log.
Latexmk: Getting log file 'HISTORY_R47.log'
Latexmk: Examining 'HISTORY_R47.fls'
Latexmk: Examining 'HISTORY_R47.log'
Latexmk: Log file says output to 'HISTORY_R47.pdf'
Latexmk: All targets (HISTORY_R47.pdf) are up-to-date

