revisions/2026-09-25-r46/proofs/inventory0/constant.json.gz 0.0
revisions/2026-09-25-r46/proofs/inventory0/price_root.json.gz 0.03
revisions/2026-09-25-r46/proofs/inventory0/price_search.json.gz 0.03
revisions/2026-09-25-r46/proofs/inventory0/restart.json.gz 0.0
revisions/2026-09-25-r46/proofs/inventory1/constant.json.gz 0.03
revisions/2026-09-25-r46/proofs/inventory1/price_root.json.gz 0.2
revisions/2026-09-25-r46/proofs/inventory1/price_search.json.gz 89.51
revisions/2026-09-25-r46/proofs/inventory1/restart.json.gz 0.03
revisions/2026-09-25-r46/proofs/inventory2/constant.json.gz 0.08
revisions/2026-09-25-r46/proofs/inventory2/price_root.json.gz 0.55
revisions/2026-09-25-r46/proofs/inventory2/price_search.json.gz 74.66
revisions/2026-09-25-r46/proofs/inventory2/restart.json.gz 0.08
revisions/2026-09-25-r46/proofs/inventory3/constant.json.gz 0.63
revisions/2026-09-25-r46/proofs/inventory3/price_root.json.gz 3.28
revisions/2026-09-25-r46/proofs/inventory3/price_search.json.gz 3.29
revisions/2026-09-25-r46/proofs/inventory3/restart.json.gz 0.63
revisions/2026-09-25-r46/proofs/maintenance0/constant.json.gz 0.01
revisions/2026-09-25-r46/proofs/maintenance0/price_root.json.gz 0.04
revisions/2026-09-25-r46/proofs/maintenance0/price_search.json.gz 0.22
revisions/2026-09-25-r46/proofs/maintenance0/restart.json.gz 0.01
revisions/2026-09-25-r46/proofs/maintenance1/constant.json.gz 0.03
revisions/2026-09-25-r46/proofs/maintenance1/price_root.json.gz 0.21
revisions/2026-09-25-r46/proofs/maintenance1/price_search.json.gz 130.4
revisions/2026-09-25-r46/proofs/maintenance1/restart.json.gz 0.03
revisions/2026-09-25-r46/proofs/maintenance2/constant.json.gz 0.09
revisions/2026-09-25-r46/proofs/maintenance2/price_root.json.gz 0.62
revisions/2026-09-25-r46/proofs/maintenance2/price_search.json.gz 99.39
revisions/2026-09-25-r46/proofs/maintenance2/restart.json.gz 0.1
revisions/2026-09-25-r46/proofs/maintenance3/constant.json.gz 0.87
revisions/2026-09-25-r46/proofs/maintenance3/price_root.json.gz 4.36
revisions/2026-09-25-r46/proofs/maintenance3/price_search.json.gz 44.03
revisions/2026-09-25-r46/proofs/maintenance3/restart.json.gz 0.89
revisions/2026-09-25-r46/proofs/queue0/constant.json.gz 0.0
revisions/2026-09-25-r46/proofs/queue0/price_root.json.gz 0.03
revisions/2026-09-25-r46/proofs/queue0/price_search.json.gz 0.03
revisions/2026-09-25-r46/proofs/queue0/restart.json.gz 0.0
revisions/2026-09-25-r46/proofs/queue1/constant.json.gz 0.03
revisions/2026-09-25-r46/proofs/queue1/price_root.json.gz 0.19
revisions/2026-09-25-r46/proofs/queue1/price_search.json.gz 12.52
revisions/2026-09-25-r46/proofs/queue1/restart.json.gz 0.03
revisions/2026-09-25-r46/proofs/queue2/constant.json.gz 0.08
revisions/2026-09-25-r46/proofs/queue2/price_root.json.gz 0.51
revisions/2026-09-25-r46/proofs/queue2/price_search.json.gz 150.63
revisions/2026-09-25-r46/proofs/queue2/restart.json.gz 0.08
revisions/2026-09-25-r46/proofs/queue3/constant.json.gz 0.61
revisions/2026-09-25-r46/proofs/queue3/price_root.json.gz 3.18
revisions/2026-09-25-r46/proofs/queue3/price_search.json.gz 3.18
revisions/2026-09-25-r46/proofs/queue3/restart.json.gz 0.61
revisions/2026-09-25-r46/proofs/tie0/constant.json.gz 0.01
revisions/2026-09-25-r46/proofs/tie0/price_root.json.gz 0.07
revisions/2026-09-25-r46/proofs/tie0/price_search.json.gz 0.07
revisions/2026-09-25-r46/proofs/tie0/restart.json.gz 0.01
revisions/2026-09-25-r46/proofs/tie1/constant.json.gz 0.01
revisions/2026-09-25-r46/proofs/tie1/price_root.json.gz 0.07
revisions/2026-09-25-r46/proofs/tie1/price_search.json.gz 0.07
revisions/2026-09-25-r46/proofs/tie1/restart.json.gz 0.01
revisions/2026-09-25-r46/proofs/tie2/constant.json.gz 0.01
revisions/2026-09-25-r46/proofs/tie2/price_root.json.gz 0.07
revisions/2026-09-25-r46/proofs/tie2/price_search.json.gz 0.07
revisions/2026-09-25-r46/proofs/tie2/restart.json.gz 0.01
revisions/2026-09-25-r46/proofs/tie3/constant.json.gz 0.01
revisions/2026-09-25-r46/proofs/tie3/price_root.json.gz 0.07
revisions/2026-09-25-r46/proofs/tie3/price_search.json.gz 86.32
revisions/2026-09-25-r46/proofs/tie3/restart.json.gz 0.01
