defer 1/100 0 randomized 4.1499072588848795 deterministic 4.3652325
defer 1/100 1/4 randomized 4.447062704983346 deterministic 4.658160625
defer 1/100 1/2 randomized 4.743143315522778 deterministic 4.95108875
defer 1/100 3/4 randomized 5.032875268893648 deterministic 5.244016875
defer 1/100 1 randomized 5.422815947067544 deterministic 5.61593275
defer 1/20 0 randomized 3.2876355859486646 deterministic 4.3652325
defer 1/20 1/4 randomized 3.6008539888965165 deterministic 4.658160625
defer 1/20 1/2 randomized 3.909072142348705 deterministic 4.95108875
defer 1/20 3/4 randomized 4.188360087645191 deterministic 5.244016875
defer 1/20 1 randomized 4.647603997641068 deterministic 5.61593275
neural31001 1/100 0 randomized 0.0 deterministic 0.0
neural31001 1/100 1/4 randomized 0.0 deterministic 0.0
neural31001 1/100 1/2 randomized 0.0 deterministic 0.0
neural31001 1/100 3/4 randomized 1.4670670469875884 deterministic 1.75
neural31001 1/100 1 randomized 0.0 deterministic 0.0
neural31001 1/20 0 randomized 0.0 deterministic 0.0
neural31001 1/20 1/4 randomized 0.0 deterministic 0.0
neural31001 1/20 1/2 randomized 0.0 deterministic 0.0
neural31001 1/20 3/4 randomized 0.3353352349379415 deterministic 1.75
neural31001 1/20 1 randomized 0.0 deterministic 0.0
neural31002 1/100 0 randomized 0.0 deterministic 0.0
neural31002 1/100 1/4 randomized 0.0 deterministic 0.0
neural31002 1/100 1/2 randomized 0.0 deterministic 0.0
neural31002 1/100 3/4 randomized 1.4670670469875884 deterministic 1.75
neural31002 1/100 1 randomized 0.0 deterministic 0.0
neural31002 1/20 0 randomized 0.0 deterministic 0.0
neural31002 1/20 1/4 randomized 0.0 deterministic 0.0
neural31002 1/20 1/2 randomized 0.0 deterministic 0.0
neural31002 1/20 3/4 randomized 0.3353352349379415 deterministic 1.75
neural31002 1/20 1 randomized 0.0 deterministic 0.0
neural31003 1/100 0 randomized 0.0 deterministic 0.0
neural31003 1/100 1/4 randomized 0.0 deterministic 0.0
neural31003 1/100 1/2 randomized 0.0 deterministic 0.0
neural31003 1/100 3/4 randomized 1.4670670469875884 deterministic 1.75
neural31003 1/100 1 randomized 0.0 deterministic 0.0
neural31003 1/20 0 randomized 0.0 deterministic 0.0
neural31003 1/20 1/4 randomized 0.0 deterministic 0.0
neural31003 1/20 1/2 randomized 0.0 deterministic 0.0
neural31003 1/20 3/4 randomized 0.3353352349379415 deterministic 1.75
neural31003 1/20 1 randomized 0.0 deterministic 0.0
occupancy_stress 1/100 0 randomized 4.1499072588848795 deterministic 4.3652325
occupancy_stress 1/100 1/4 randomized 4.447062704983346 deterministic 4.658160625
occupancy_stress 1/100 1/2 randomized 3.774393257042705 deterministic 3.95400675
occupancy_stress 1/100 3/4 randomized 4.036576081777413 deterministic 4.234366375
occupancy_stress 1/100 1 randomized 0.0 deterministic 0.0
occupancy_stress 1/20 0 randomized 3.2876355859486646 deterministic 4.3652325
occupancy_stress 1/20 1/4 randomized 3.6008539888965165 deterministic 4.658160625
occupancy_stress 1/20 1/2 randomized 3.0510866216993335 deterministic 3.95400675
occupancy_stress 1/20 3/4 randomized 3.2526708223114382 deterministic 4.234366375
occupancy_stress 1/20 1 randomized 0.0 deterministic 0.0
spline129 1/100 0 randomized 0.0 deterministic 0.0
spline129 1/100 1/4 randomized 0.0 deterministic 0.0
spline129 1/100 1/2 randomized 0.0 deterministic 0.0
spline129 1/100 3/4 randomized 0.0 deterministic 0.0
spline129 1/100 1 randomized 0.0 deterministic 0.0
spline129 1/20 0 randomized 0.0 deterministic 0.0
spline129 1/20 1/4 randomized 0.0 deterministic 0.0
spline129 1/20 1/2 randomized 0.0 deterministic 0.0
spline129 1/20 3/4 randomized 0.0 deterministic 0.0
spline129 1/20 1 randomized 0.0 deterministic 0.0
spline33 1/100 0 randomized 0.0 deterministic 0.0
spline33 1/100 1/4 randomized 0.0 deterministic 0.0
spline33 1/100 1/2 randomized 0.0 deterministic 0.0
spline33 1/100 3/4 randomized 0.0 deterministic 0.0
spline33 1/100 1 randomized 0.0 deterministic 0.0
spline33 1/20 0 randomized 0.0 deterministic 0.0
spline33 1/20 1/4 randomized 0.0 deterministic 0.0
spline33 1/20 1/2 randomized 0.0 deterministic 0.0
spline33 1/20 3/4 randomized 0.0 deterministic 0.0
spline33 1/20 1 randomized 0.0 deterministic 0.0
