(12, 'defer') 1/100 price_gain 0.31597629578703096 witness_gain 8.072116098435408e-05
(12, 'defer') 1/20 price_gain 0.023068596213227745 witness_gain 2.0728581727285224e-05
(12, 'neural31001') 1/100 price_gain 0.02533336965793649 witness_gain 8.590696659172406e-05
(12, 'neural31001') 1/20 price_gain 0.011746098087605595 witness_gain 2.5065245492537666e-05
(12, 'neural31002') 1/100 price_gain 0.05810745927082474 witness_gain 7.993254347079264e-05
(12, 'neural31002') 1/20 price_gain 0.020649570193525982 witness_gain 2.0728581727285224e-05
(12, 'neural31003') 1/100 price_gain 0.007027352808621382 witness_gain 7.57607046169631e-05
(12, 'neural31003') 1/20 price_gain 4.1204129439546735e-05 witness_gain 1.1454426254633029e-06
(12, 'occupancy_stress') 1/100 price_gain 0.27731785058353875 witness_gain 8.29143269091409e-05
(12, 'occupancy_stress') 1/20 price_gain 0.1882347699952459 witness_gain 2.0728581727285224e-05
(12, 'spline129') 1/100 price_gain 0.0 witness_gain 0.0
(12, 'spline129') 1/20 price_gain 0.0 witness_gain 0.0
(12, 'spline33') 1/100 price_gain 0.0 witness_gain 0.0
(12, 'spline33') 1/20 price_gain 0.0 witness_gain 0.0
(4, 'defer') 1/100 price_gain 0.30447473589438867 witness_gain 1.5902683686918509e-06
(4, 'defer') 1/20 price_gain 0.0 witness_gain 7.48390725089999e-07
(4, 'neural31001') 1/100 price_gain 0.006941276149737613 witness_gain 1.4061527851149476e-07
(4, 'neural31001') 1/20 price_gain 0.00018935939982182634 witness_gain 3.514686923217458e-08
(4, 'neural31002') 1/100 price_gain 0.006941276149737613 witness_gain 1.5905005856539008e-07
(4, 'neural31002') 1/20 price_gain 0.00018935939982182634 witness_gain 5.358164928606989e-08
(4, 'neural31003') 1/100 price_gain 0.006941276149737613 witness_gain 1.4539115506774788e-07
(4, 'neural31003') 1/20 price_gain 0.00018935939982182634 witness_gain 3.992274578842769e-08
(4, 'occupancy_stress') 1/100 price_gain 0.2602683451412394 witness_gain 1.5161443450251222e-06
(4, 'occupancy_stress') 1/20 price_gain 3.719203292856286e-07 witness_gain 7.044391789429023e-07
(4, 'spline129') 1/100 price_gain 0.0 witness_gain 0.0
(4, 'spline129') 1/20 price_gain 0.0 witness_gain 0.0
(4, 'spline33') 1/100 price_gain 0.0 witness_gain 0.0
(4, 'spline33') 1/20 price_gain 0.0 witness_gain 0.0
(8, 'defer') 1/100 price_gain 0.2996361434035881 witness_gain 5.022391440518362e-06
(8, 'defer') 1/20 price_gain 0.003978299943713248 witness_gain 1.5978925589093268e-06
(8, 'neural31001') 1/100 price_gain 0.035045521352910315 witness_gain 7.815090220703877e-07
(8, 'neural31001') 1/20 price_gain 0.005152684295779733 witness_gain 1.0944833052207086e-07
(8, 'neural31002') 1/100 price_gain 0.0313119090242948 witness_gain 6.616136171576096e-07
(8, 'neural31002') 1/20 price_gain 0.0 witness_gain 7.721248815841781e-09
(8, 'neural31003') 1/100 price_gain 0.059790593806113235 witness_gain 2.963676968898689e-06
(8, 'neural31003') 1/20 price_gain 0.00047062396803813287 witness_gain 1.2411003134068433e-07
(8, 'occupancy_stress') 1/100 price_gain 0.28344536435091755 witness_gain 6.016655195173747e-06
(8, 'occupancy_stress') 1/20 price_gain 0.03093252718943582 witness_gain 1.5978925589093268e-06
(8, 'spline129') 1/100 price_gain 0.0 witness_gain 0.0
(8, 'spline129') 1/20 price_gain 0.0 witness_gain 0.0
(8, 'spline33') 1/100 price_gain 0.0 witness_gain 0.0
(8, 'spline33') 1/20 price_gain 0.0 witness_gain 0.0
