4 16 restart 0 regret 0.4977250002557412 pass True
4 16 restart 4 regret 0.4977250002557412 pass True
4 16 pilot_raw 0 regret 1.107358795707114 pass False
4 32 restart 0 regret 0.5157296599354595 pass False
4 32 restart 4 regret 0.4996411331812851 pass True
4 32 pilot_raw 0 regret 0.9009331449051388 pass False
4 64 restart 0 regret 0.4999520419514738 pass True
4 64 restart 4 regret 0.4996459519607015 pass True
4 64 pilot_raw 0 regret 0.8198637730674818 pass False
4 128 restart 0 regret 0.49998353159753606 pass True
4 128 restart 4 regret 0.49999862839467824 pass True
4 128 pilot_raw 0 regret 0.7748138780589215 pass False
4 256 restart 0 regret 0.4999963284935802 pass True
4 256 restart 4 regret 0.49997969943797216 pass True
8 16 restart 0 regret 0.7217314611189067 pass False
8 16 restart 4 regret 0.7207379989558831 pass False
8 16 pilot_raw 0 regret 1.9218006600858644 pass False
8 32 restart 0 regret 0.5306257629999891 pass False
8 32 restart 4 regret 0.4999308710102923 pass True
8 32 pilot_raw 0 regret 1.4938324723625556 pass False
8 64 restart 0 regret 0.499969563097693 pass True
8 64 restart 4 regret 0.4997589641716331 pass True
8 64 pilot_raw 0 regret 1.3585709860781208 pass False
8 128 restart 0 regret 0.49998807586962357 pass True
8 128 restart 4 regret 0.49999862839467824 pass True
8 128 pilot_raw 0 regret 1.2698828271823004 pass False
8 256 restart 0 regret 0.4999963284935802 pass True
8 256 restart 4 regret 0.49999941542046145 pass True
16 16 restart 0 regret 1.1505492993164808 pass False
16 16 restart 4 regret 1.1498902161838487 pass False
16 16 pilot_raw 0 regret 3.080636166036129 pass False
16 32 restart 0 regret 0.6609175882185809 pass False
16 32 restart 4 regret 0.6249591723899357 pass False
16 32 pilot_raw 0 regret 2.3353737415745854 pass False
16 64 restart 0 regret 0.499992350989487 pass True
16 64 restart 4 regret 0.49999684060458094 pass True
16 64 pilot_raw 0 regret 2.0827607319806702 pass False
16 128 restart 0 regret 0.49999963102163747 pass True
16 128 restart 4 regret 0.49999862839467824 pass True
16 128 pilot_raw 0 regret 1.9344607725506648 pass False
16 256 restart 0 regret 0.4999999513383955 pass True
16 256 restart 4 regret 0.49999941542046145 pass True
32 16 restart 0 regret 1.626357231871225 pass False
32 16 restart 4 regret 1.6260671518393792 pass False
32 16 pilot_raw 0 regret 4.352256114885677 pass False
32 32 restart 0 regret 0.8575277117779478 pass False
32 32 restart 4 regret 0.8417310927761719 pass False
32 32 pilot_raw 0 regret 3.2834037712891586 pass False
32 64 restart 0 regret 0.5055801147827879 pass False
32 64 restart 4 regret 0.5012800361728296 pass False
32 64 pilot_raw 0 regret 2.8959172522299923 pass False
32 128 restart 0 regret 0.4999998193234205 pass True
32 128 restart 4 regret 0.49999862839467824 pass True
32 128 pilot_raw 0 regret 2.681396365398541 pass False
32 256 restart 0 regret 0.4999999513383955 pass True
32 256 restart 4 regret 0.49999941542046145 pass True
