12 defer 1/100 exact False cost 15.614178262254255 gap 0.0013586663100351906
12 defer 1/20 exact False cost 15.537400329943209 gap 0.06610149253788578
12 neural31001 1/100 exact False cost 3.5080531717740233 gap 0.01411949326675306
12 neural31001 1/20 exact False cost 2.5803125060312215 gap 0.17773229809213303
12 neural31002 1/100 exact False cost 2.546364889477678 gap 0.009536736626640745
12 neural31002 1/20 exact False cost 1.8405778579235352 gap 0.07578701201289316
12 neural31003 1/100 exact False cost 1.2342558480978134 gap 0.006661287626612176
12 neural31003 1/20 exact False cost 0.3889549864541967 gap 0.2484718713232711
12 occupancy_stress 1/100 exact False cost 13.702694846056682 gap 0.0034431072423952522
12 occupancy_stress 1/20 exact False cost 13.302762360795224 gap 0.060220317067256314
12 spline129 1/100 exact True cost 0.0 gap 0.0
12 spline129 1/20 exact True cost 0.0 gap 0.0
12 spline33 1/100 exact True cost 0.0 gap 0.0
12 spline33 1/20 exact True cost 0.0 gap 0.0
4 defer 1/100 exact True cost 4.936688767020179 gap 0.0
4 defer 1/20 exact True cost 4.932067455541852 gap 0.0
4 neural31001 1/100 exact True cost 0.11117565817108072 gap 0.0
4 neural31001 1/20 exact True cost 0.0743318841347079 gap 0.0
4 neural31002 1/100 exact True cost 0.14945740572775867 gap 0.0
4 neural31002 1/20 exact True cost 0.11261363169138586 gap 0.0
4 neural31003 1/100 exact True cost 0.1211399308296536 gap 0.0
4 neural31003 1/20 exact True cost 0.0842961567932808 gap 0.0
4 occupancy_stress 1/100 exact True cost 4.206801773306737 gap 0.0
4 occupancy_stress 1/20 exact True cost 4.189475699404078 gap 0.0
4 spline129 1/100 exact True cost 0.0 gap 0.0
4 spline129 1/20 exact True cost 0.0 gap 0.0
4 spline33 1/100 exact True cost 0.0 gap 0.0
4 spline33 1/20 exact True cost 0.0 gap 0.0
8 defer 1/100 exact False cost 10.812347195808176 gap 0.0016218271432387244
8 defer 1/20 exact False cost 10.770159171905753 gap 0.019445353311240095
8 neural31001 1/100 exact False cost 0.4796313653093678 gap 0.010989135205235773
8 neural31001 1/20 exact False cost 0.22798625168587594 gap 0.10347327359958669
8 neural31002 1/100 exact False cost 0.3474057099031832 gap 0.010989135205235773
8 neural31002 1/20 exact False cost 0.1142482288975511 gap 0.06993534986801939
8 neural31003 1/100 exact False cost 0.8717385352663276 gap 0.006433786098365257
8 neural31003 1/20 exact True cost 0.3450151512550403 gap 0.0
8 occupancy_stress 1/100 exact True cost 9.490960640698443 gap 0.0
8 occupancy_stress 1/20 exact False cost 9.250944435250565 gap 0.0023804728949891824
8 spline129 1/100 exact True cost 0.0 gap 0.0
8 spline129 1/20 exact True cost 0.0 gap 0.0
8 spline33 1/100 exact True cost 0.0 gap 0.0
8 spline33 1/20 exact True cost 0.0 gap 0.0
{'schema': 'NBO-R38-primary-ledger-v1', 'failures': [], 'cases': 42, 'exact_integrated': 24, 'positive_cost_exact': 12, 'exact_pointwise': 23, 'seconds': 51.243703090999986, 'python': '3.13.15 (main, Aug  6 2026, 02:15:18) [GCC 13.3.0]', 'platform': 'Linux-6.17.0-1022-azure-x86_64-with-glibc2.39', 'peak_process_rss_kib': 43476, 'accounting': 'Exact V charged once per horizon. Frozen R34 proposals and prior bounds are inherited; no neural training is claimed. Candidate failures retained. Verifier separately timed.'}
