baseline 1/20 condition saving 0.0
baseline 1/20 preventive saving 0.001837762313119003
baseline 1/20 calendar saving 0.0
baseline 1/5 condition saving 0.0
baseline 1/5 preventive saving 0.010390295500245676
baseline 1/5 calendar saving 0.0
discount_090 1/20 condition saving 0.0
discount_090 1/20 preventive saving 0.0
discount_090 1/20 calendar saving 0.0
discount_090 1/5 condition saving 0.0
discount_090 1/5 preventive saving 0.001073603321292273
discount_090 1/5 calendar saving 0.0
discount_099 1/20 condition saving 0.0
discount_099 1/20 preventive saving 0.004885987943369642
discount_099 1/20 calendar saving 0.0
discount_099 1/5 condition saving 0.0
discount_099 1/5 preventive saving 0.017585382943238526
discount_099 1/5 calendar saving 0.012427635384442925
flat_revision_weight 1/20 condition saving 0.0
flat_revision_weight 1/20 preventive saving 0.004781551965659062
flat_revision_weight 1/20 calendar saving 0.0
flat_revision_weight 1/5 condition saving 0.0
flat_revision_weight 1/5 preventive saving 0.015739727866161162
flat_revision_weight 1/5 calendar saving 0.0
steep_revision_weight 1/20 condition saving 0.0
steep_revision_weight 1/20 preventive saving 0.0009159146055430383
steep_revision_weight 1/20 calendar saving 0.0
steep_revision_weight 1/5 condition saving 0.0
steep_revision_weight 1/5 preventive saving 0.006153528638194543
steep_revision_weight 1/5 calendar saving 0.0
high_condition_density 1/20 condition saving 0.0
high_condition_density 1/20 preventive saving 0.0014351123279928676
high_condition_density 1/20 calendar saving 0.0
high_condition_density 1/5 condition saving 0.0
high_condition_density 1/5 preventive saving 0.008942762008026782
high_condition_density 1/5 calendar saving 0.0
low_condition_density 1/20 condition saving 0.0
low_condition_density 1/20 preventive saving 0.002240412298245138
low_condition_density 1/20 calendar saving 0.0
low_condition_density 1/5 condition saving 0.0
low_condition_density 1/5 preventive saving 0.011837828992464567
low_condition_density 1/5 calendar saving 0.0
maintenance_010 1/20 condition saving 0.0
maintenance_010 1/20 preventive saving 0.0
maintenance_010 1/20 calendar saving 0.0
maintenance_010 1/5 condition saving 0.0
maintenance_010 1/5 preventive saving 0.0
maintenance_010 1/5 calendar saving 0.0
maintenance_020 1/20 condition saving 0.0
maintenance_020 1/20 preventive saving 0.0
maintenance_020 1/20 calendar saving 0.05002168350256575
maintenance_020 1/5 condition saving 0.013371789990605645
maintenance_020 1/5 preventive saving 0.0
maintenance_020 1/5 calendar saving 0.08701055571543205
defer_persistence_065 1/20 condition saving 0.0
defer_persistence_065 1/20 preventive saving 0.0009399851167022492
defer_persistence_065 1/20 calendar saving 0.0
defer_persistence_065 1/5 condition saving 0.0
defer_persistence_065 1/5 preventive saving 0.009290070297395994
defer_persistence_065 1/5 calendar saving 0.0
defer_persistence_085 1/20 condition saving 0.0
defer_persistence_085 1/20 preventive saving 0.0
defer_persistence_085 1/20 calendar saving 0.0
defer_persistence_085 1/5 condition saving 0.01575366921896522
defer_persistence_085 1/5 preventive saving 0.042212063139206946
defer_persistence_085 1/5 calendar saving 0.010813617331029809
