[
  {
    "tag": "n6_s10_w48_a600_c800_lr0.004",
    "target": 0.05,
    "threshold": 0.004236418455462661,
    "history": [
      {
        "sweep": 0,
        "localized_bound": 0.04280499726198939,
        "uniform_bound": 0.07641236014342215,
        "overridden_fraction": 0.0,
        "audit_seconds": 0.47151568099999963
      }
    ],
    "final_pass": true,
    "total_audit_seconds": 0.4715200310000114,
    "audits": 1,
    "state_action_value_evaluations": 590550,
    "state_action_envelope_evaluations": 585900,
    "shock_branches_per_action": 4,
    "grid_actions_per_state_date": 125,
    "historical_training_seconds": 17.84865399100002,
    "timing_caveat": "Historical training and current audit use different runs/environments; do not add as a measured common-machine total.",
    "certificate_scope": "R5 finite candidate economy only; no continuum precision inferred"
  },
  {
    "tag": "n6_s10_w48_a600_c800_lr0.004",
    "target": 0.01,
    "threshold": 0.0008472836910925323,
    "history": [
      {
        "sweep": 0,
        "localized_bound": 0.04280499726198939,
        "uniform_bound": 0.07641236014342215,
        "overridden_fraction": 0.0,
        "audit_seconds": 0.4267299800000046
      },
      {
        "sweep": 1,
        "localized_bound": 0.0032783787913132755,
        "uniform_bound": 0.006712265216291571,
        "overridden_fraction": 0.0879560219890055,
        "audit_seconds": 0.4226778659999866
      }
    ],
    "final_pass": true,
    "total_audit_seconds": 0.8494777349999936,
    "audits": 2,
    "state_action_value_evaluations": 1181100,
    "state_action_envelope_evaluations": 1171800,
    "shock_branches_per_action": 4,
    "grid_actions_per_state_date": 125,
    "historical_training_seconds": 17.84865399100002,
    "timing_caveat": "Historical training and current audit use different runs/environments; do not add as a measured common-machine total.",
    "certificate_scope": "R5 finite candidate economy only; no continuum precision inferred"
  },
  {
    "tag": "n12_s10_w48_a600_c800_lr0.004",
    "target": 0.05,
    "threshold": 0.002121739573175379,
    "history": [
      {
        "sweep": 0,
        "localized_bound": 0.09224203547236655,
        "uniform_bound": 0.12517814800598662,
        "overridden_fraction": 0.0,
        "audit_seconds": 0.8268935960000192
      },
      {
        "sweep": 1,
        "localized_bound": 0.006822793877474117,
        "uniform_bound": 0.018759723558454417,
        "overridden_fraction": 0.008745627186406797,
        "audit_seconds": 0.8141652609999994
      }
    ],
    "final_pass": true,
    "total_audit_seconds": 1.6411384970000142,
    "audits": 2,
    "state_action_value_evaluations": 2362200,
    "state_action_envelope_evaluations": 2343600,
    "shock_branches_per_action": 4,
    "grid_actions_per_state_date": 125,
    "historical_training_seconds": 32.65673209200003,
    "timing_caveat": "Historical training and current audit use different runs/environments; do not add as a measured common-machine total.",
    "certificate_scope": "R5 finite candidate economy only; no continuum precision inferred"
  },
  {
    "tag": "n12_s10_w48_a600_c800_lr0.004",
    "target": 0.01,
    "threshold": 0.0004243479146350758,
    "history": [
      {
        "sweep": 0,
        "localized_bound": 0.09224203547236655,
        "uniform_bound": 0.12517814800598662,
        "overridden_fraction": 0.0,
        "audit_seconds": 0.8286894400000051
      },
      {
        "sweep": 1,
        "localized_bound": 0.006760600176135944,
        "uniform_bound": 0.015454340943105695,
        "overridden_fraction": 0.04935032483758121,
        "audit_seconds": 0.8009797830000025
      }
    ],
    "final_pass": true,
    "total_audit_seconds": 1.6297560849999968,
    "audits": 2,
    "state_action_value_evaluations": 2362200,
    "state_action_envelope_evaluations": 2343600,
    "shock_branches_per_action": 4,
    "grid_actions_per_state_date": 125,
    "historical_training_seconds": 32.65673209200003,
    "timing_caveat": "Historical training and current audit use different runs/environments; do not add as a measured common-machine total.",
    "certificate_scope": "R5 finite candidate economy only; no continuum precision inferred"
  }
]
