1/1 feasible solution given by solution candidate storage, new primal bound 1.563464e+01

presolving:
(round 1, fast)       9 del vars, 13207 del conss, 0 add conss, 120 chg bounds, 0 chg sides, 0 chg coeffs, 0 upgd conss, 0 impls, 0 clqs, 0 implints
(round 2, fast)       9 del vars, 13207 del conss, 0 add conss, 170 chg bounds, 0 chg sides, 0 chg coeffs, 0 upgd conss, 0 impls, 0 clqs, 0 implints
(round 3, fast)       9 del vars, 13207 del conss, 0 add conss, 200 chg bounds, 0 chg sides, 0 chg coeffs, 0 upgd conss, 0 impls, 0 clqs, 0 implints
(round 4, exhaustive) 9 del vars, 16802 del conss, 0 add conss, 201 chg bounds, 3595 chg sides, 0 chg coeffs, 0 upgd conss, 0 impls, 0 clqs, 0 implints
   (0.4s) symmetry computation started: requiring (bin +, int +, cont +), (fixed: bin -, int -, cont -)
   (0.4s) symmetry computation finished: 160 generators found (max: 1500, log10 of symmetry group size: 59.43) (symcode time: 0.01)
dynamic symmetry handling statistics:
   orbitopal reduction:       no components
   orbital reduction:         no components
   lexicographic reduction:   no permutations
handled 96 out of 96 symmetry components
(round 5, exhaustive) 9 del vars, 16802 del conss, 160 add conss, 201 chg bounds, 3595 chg sides, 0 chg coeffs, 0 upgd conss, 0 impls, 0 clqs, 0 implints
presolving (6 rounds: 6 fast, 3 medium, 3 exhaustive):
 9 deleted vars, 16802 deleted constraints, 160 added constraints, 201 tightened bounds, 0 added holes, 3595 changed sides, 0 changed coefficients
 0 implications, 0 cliques, 0 implied integral variables (0 bin, 0 int, 0 cont)
presolved problem has 2551 variables (0 bin, 0 int, 2551 cont) and 2814 constraints
   1884 constraints of type <linear>
    930 constraints of type <nonlinear>
Presolving Time: 0.49
transformed 1/1 original solutions to the transformed problem space

 time | node  | left  |LP iter|LP it/n|mem/heur|mdpt |vars |cons |rows |cuts |sepa|confs|strbr|  dualbound   | primalbound  |  gap   | compl. 
  5.8s|     1 |     0 | 14328 |     - |   141M |   0 |  15k|2814 |  20k|   0 |  0 |   0 |   0 | 1.557837e+01 | 1.563464e+01 |   0.36%| unknown
L 9.1s|     1 |     0 | 14328 |     - |  subnlp|   0 |  15k|2814 |  20k|   0 |  0 |   0 |   0 | 1.557837e+01 | 1.559879e+01 |   0.13%| unknown
 10.3s|     1 |     0 | 17534 |     - |   165M |   0 |  15k|2814 |  22k|2000 |  1 |   0 |   0 | 1.558418e+01 | 1.559879e+01 |   0.09%| unknown
 10.3s|     1 |     0 | 17534 |     - |   165M |   0 |  15k|2814 |  22k|2000 |  1 |   0 |   0 | 1.558418e+01 | 1.559879e+01 |   0.09%| unknown
 11.2s|     1 |     0 | 20002 |     - |   165M |   0 |  15k|2814 |  24k|4000 |  2 |   0 |   0 | 1.559433e+01 | 1.559879e+01 |   0.03%| unknown
 11.8s|     1 |     0 | 22213 |     - |   165M |   0 |  15k|2814 |  26k|6000 |  3 |   0 |   0 | 1.559731e+01 | 1.559879e+01 |   0.01%| unknown
 11.9s|     1 |     0 | 22482 |     - |   165M |   0 |  15k|2814 |  27k|6114 |  4 |   0 |   0 | 1.559732e+01 | 1.559879e+01 |   0.01%| unknown
 11.9s|     1 |     0 | 22520 |     - |   165M |   0 |  15k|2814 |  27k|6146 |  5 |   0 |   0 | 1.559732e+01 | 1.559879e+01 |   0.01%| unknown

SCIP Status        : solving was interrupted [time limit reached]
Solving Time (sec) : 116.66
Solving Nodes      : 1
Primal Bound       : +1.55987915154937e+01 (2 solutions)
Dual Bound         : +1.55973218151876e+01
Gap                : 0.01 %
  [linear] <c18959>: <S_31_2>[C] (-5.05690827e-10) -4096<D_31_2>[C] (-6.79035178e-11) <= 0;
;
violation: right hand side is violated by 2.77627118110174e-07
best solution is not feasible in original problem
