{
  "services": 36,
  "rungs": 216,
  "nonuniform_date_models": 252,
  "graded_date_models": 252,
  "attainment": {
    "compiled-witness": {
      "4": 12,
      "2": 12,
      "1": 12,
      "1/2": 6
    },
    "tensor-fvi": {
      "4": 12,
      "2": 12,
      "1": 12,
      "1/2": 3
    },
    "graded-fvi": {
      "4": 12,
      "2": 12,
      "1": 12,
      "1/2": 0
    }
  },
  "timing": {
    "tensor-fvi": {
      "common": 39,
      "witness_faster": 12,
      "witness_slower": 27
    },
    "graded-fvi": {
      "common": 36,
      "witness_faster": 24,
      "witness_slower": 12
    }
  },
  "repetition_checkpoint_identity": true,
  "cross_block_policy_checkpoints": 144,
  "cross_block_identical_checkpoints": 144,
  "source_commit": "0163639a7fb011876af92fd43f7de06bfae9343c",
  "workflow_run": "37728825824",
  "complete_seconds": 412.82683984299996,
  "clocks_pooled_across_blocks": false,
  "source_files_verified": 10,
  "result_files_verified": 288
}
