{
  "status": "passed",
  "tests": 119,
  "documents": [
    {
      "name": "ECTA",
      "pages": 41
    },
    {
      "name": "supp",
      "pages": 17
    },
    {
      "name": "development",
      "pages": 67
    },
    {
      "name": "development-supp",
      "pages": 45
    },
    {
      "name": "complete",
      "pages": 152
    },
    {
      "name": "complete-supp",
      "pages": 124
    },
    {
      "name": "response",
      "pages": 8
    }
  ],
  "seconds": 52.49053509199996,
  "publication_only": true
}
