1/1 feasible solution given by solution candidate storage, new primal bound 7.879961e-01

presolving:
(round 1, fast)       1 del vars, 428 del conss, 0 add conss, 10 chg bounds, 0 chg sides, 0 chg coeffs, 0 upgd conss, 0 impls, 0 clqs, 0 implints
(round 2, fast)       1 del vars, 428 del conss, 0 add conss, 11 chg bounds, 0 chg sides, 0 chg coeffs, 0 upgd conss, 0 impls, 0 clqs, 0 implints
(round 3, exhaustive) 1 del vars, 506 del conss, 0 add conss, 11 chg bounds, 77 chg sides, 0 chg coeffs, 0 upgd conss, 0 impls, 0 clqs, 0 implints
   (0.0s) symmetry computation started: requiring (bin +, int +, cont +), (fixed: bin -, int -, cont -)
   (0.0s) no symmetry present (symcode time: 0.00)
presolving (4 rounds: 4 fast, 2 medium, 2 exhaustive):
 1 deleted vars, 506 deleted constraints, 0 added constraints, 11 tightened bounds, 0 added holes, 77 changed sides, 0 changed coefficients
 0 implications, 0 cliques, 0 implied integral variables (0 bin, 0 int, 0 cont)
presolved problem has 63 variables (0 bin, 0 int, 63 cont) and 134 constraints
    116 constraints of type <linear>
     18 constraints of type <nonlinear>
Presolving Time: 0.01
transformed 1/1 original solutions to the transformed problem space

 time | node  | left  |LP iter|LP it/n|mem/heur|mdpt |vars |cons |rows |cuts |sepa|confs|strbr|  dualbound   | primalbound  |  gap   | compl. 
  0.0s|     1 |     0 |    54 |     - |  3131k |   0 | 183 | 134 | 284 |   0 |  0 |   0 |   0 | 6.363004e-01 | 7.879961e-01 |  23.84%| unknown
L 0.0s|     1 |     0 |    54 |     - |  subnlp|   0 | 183 | 134 | 284 |   0 |  0 |   0 |   0 | 6.363004e-01 | 6.363004e-01 |   0.00%| unknown

SCIP Status        : solving was interrupted [gap limit reached]
Solving Time (sec) : 0.02
Solving Nodes      : 1
Primal Bound       : +6.36300395238208e-01 (2 solutions)
Dual Bound         : +6.36300388238116e-01
Gap                : 0.00 %
