{
  "services": 24,
  "economy_cells": 4,
  "timing_repetitions_per_cell": 3,
  "rungs": 144,
  "unique_method_cell_frontier_rows": 48,
  "all_checkpoint_hashes_equal_across_repetitions": true,
  "attainment": {
    "min-plus-ReLU": {
      "1/2": 12,
      "1/4": 12,
      "1/8": 9
    },
    "piecewise-linear-spline": {
      "1/2": 12,
      "1/4": 12,
      "1/8": 12
    }
  },
  "common_successful_paired_times": 33,
  "neural_slower_pairs": 33,
  "scope": "Deterministic backend, finite cap and local sequential runner timings. No original training success probabilities, direct cost contrast, frequency control, or full FLOP counts."
}
