{
  "ECTA": {
    "pages": 63,
    "pdf_sha256": "6a58f4159182201663ef55f5d5dec393c53703c352e77415b371ba8ef7656734",
    "undefined": false,
    "multiply_defined": false,
    "overfull_hbox_pt": []
  },
  "supp": {
    "pages": 144,
    "pdf_sha256": "dd75d3c1a4a4f4657d24bf1c10489964e16b0a813c5069dc4b7ee80503e494d7",
    "undefined": false,
    "multiply_defined": false,
    "overfull_hbox_pt": []
  },
  "response": {
    "pages": 10,
    "pdf_sha256": "0c727d7420f4724a82c2ff717d5eeb5acfa133bd2eac9f6853fa613003e8266f",
    "undefined": false,
    "multiply_defined": false,
    "overfull_hbox_pt": []
  }
}
