Audit extension cell ubuntu24_d10_s7919
Audit extension cell ubuntu24_d10_s15401
Audit extension cell ubuntu24_d20_s7919
Audit extension cell ubuntu24_d20_s15401
Audit extension cell ubuntu24_d50_s7919
Audit extension cell ubuntu24_d50_s15401
Audit extension cell ubuntu22_d10_s7919
{
  "primary_fixed_work_cells": 6,
  "second_environment_cells": 1,
  "source_fits": 28,
  "policy_evaluations": 56,
  "paired_comparisons": 42,
  "mechanism_panels": 7,
  "positive_nbo_policies": 12,
  "nbo_policy_count": 12,
  "pair_signs": {
    "dpo": {
      "positive": 0,
      "negative": 0,
      "inconclusive": 12
    },
    "linear": {
      "positive": 0,
      "negative": 0,
      "inconclusive": 12
    },
    "raw": {
      "positive": 0,
      "negative": 0,
      "inconclusive": 12
    }
  },
  "critic_mse_better_count": 0,
  "critic_hamiltonian_better_count": 0,
  "critic_to_raw_mse_ratio_range": [
    1.0588819696750504,
    1.9895602514749802
  ],
  "primary_targets": {
    "0": {
      "nbo": 6,
      "dpo": 6,
      "linear": 4,
      "raw": 6
    },
    "0.0005": {
      "nbo": 4,
      "dpo": 2,
      "linear": 0,
      "raw": 4
    },
    "0.001": {
      "nbo": 0,
      "dpo": 0,
      "linear": 0,
      "raw": 0
    }
  },
  "maximum_second_environment_gain_difference": 1.6696713456276768e-17,
  "second_environment_noise_hashes_match": false,
  "second_environment_verification_time_ratio_range": [
    0.7325691058169079,
    0.8188317860562909
  ]
}
