This is pdfTeX, Version 3.141592653-2.6-1.40.25 (TeX Live 2023/Debian) (preloaded format=pdflatex)
 restricted \write18 enabled.
entering extended mode
(./ECTA.tex
LaTeX2e <2023-11-01> patch level 1
L3 programming layer <2024-01-22>
(./econsocart.cls
Document Class: econsocart 2022/11/21 v1.4.1, The Econometric Society Journals
(/usr/share/texlive/texmf-dist/tex/latex/etoolbox/etoolbox.sty)
(./econsocart.cfg) (/usr/share/texlive/texmf-dist/tex/latex/base/fix-cm.sty
(/usr/share/texlive/texmf-dist/tex/latex/base/ts1enc.def))
(/usr/share/texlive/texmf-dist/tex/latex/graphics/graphicx.sty
(/usr/share/texlive/texmf-dist/tex/latex/graphics/keyval.sty)
(/usr/share/texlive/texmf-dist/tex/latex/graphics/graphics.sty
(/usr/share/texlive/texmf-dist/tex/latex/graphics/trig.sty)
(/usr/share/texlive/texmf-dist/tex/latex/graphics-cfg/graphics.cfg)
(/usr/share/texlive/texmf-dist/tex/latex/graphics-def/pdftex.def)))
(/usr/share/texlive/texmf-dist/tex/latex/base/fontenc.sty)
(/usr/share/texlive/texmf-dist/tex/latex/psnfss/times.sty)
(/usr/share/texlive/texmf-dist/tex/latex/textcase/textcase.sty)
(/usr/share/texlive/texmf-dist/tex/latex/psnfss/helvet.sty)
(/usr/share/texlive/texmf-dist/tex/latex/base/textcomp.sty)
(/usr/share/texlive/texmf-dist/tex/latex/psnfss/t1ptm.fd)
(/usr/share/texlive/texmf-dist/tex/latex/amsfonts/amssymb.sty
(/usr/share/texlive/texmf-dist/tex/latex/amsfonts/amsfonts.sty))
(/usr/share/texlive/texmf-dist/tex/latex/tools/bm.sty)
(/usr/share/texlive/texmf-dist/tex/latex/url/url.sty)
(/usr/share/texlive/texmf-dist/tex/latex/amsmath/amsmath.sty
For additional information on amsmath, use the `?' option.
(/usr/share/texlive/texmf-dist/tex/latex/amsmath/amstext.sty
(/usr/share/texlive/texmf-dist/tex/latex/amsmath/amsgen.sty))
(/usr/share/texlive/texmf-dist/tex/latex/amsmath/amsbsy.sty)
(/usr/share/texlive/texmf-dist/tex/latex/amsmath/amsopn.sty))
(/usr/share/texlive/texmf-dist/tex/latex/amscls/amsthm.sty)
(/usr/share/texlive/texmf-dist/tex/latex/natbib/natbib.sty)) (./preamble.tex
(/usr/share/texlive/texmf-dist/tex/latex/booktabs/booktabs.sty)
(/usr/share/texlive/texmf-dist/tex/latex/tools/array.sty)
(/usr/share/texlive/texmf-dist/tex/latex/tools/longtable.sty)
(/usr/share/texlive/texmf-dist/tex/latex/base/fontenc.sty)
(/usr/share/texlive/texmf-dist/tex/latex/psnfss/mathpazo.sty)
(/usr/share/texlive/texmf-dist/tex/latex/microtype/microtype.sty
(/usr/share/texlive/texmf-dist/tex/latex/microtype/microtype-pdftex.def)
(/usr/share/texlive/texmf-dist/tex/latex/microtype/microtype.cfg))
(/usr/share/texlive/texmf-dist/tex/latex/needspace/needspace.sty)
(/usr/share/texlive/texmf-dist/tex/latex/xurl/xurl.sty)
(/usr/share/texlive/texmf-dist/tex/latex/hyperref/xr-hyper.sty)
(/usr/share/texlive/texmf-dist/tex/latex/hyperref/hyperref.sty
(/usr/share/texlive/texmf-dist/tex/generic/iftex/iftex.sty)
(/usr/share/texlive/texmf-dist/tex/latex/kvsetkeys/kvsetkeys.sty)
(/usr/share/texlive/texmf-dist/tex/generic/kvdefinekeys/kvdefinekeys.sty)
(/usr/share/texlive/texmf-dist/tex/generic/pdfescape/pdfescape.sty
(/usr/share/texlive/texmf-dist/tex/generic/ltxcmds/ltxcmds.sty)
(/usr/share/texlive/texmf-dist/tex/generic/pdftexcmds/pdftexcmds.sty
(/usr/share/texlive/texmf-dist/tex/generic/infwarerr/infwarerr.sty)))
(/usr/share/texlive/texmf-dist/tex/latex/hycolor/hycolor.sty)
(/usr/share/texlive/texmf-dist/tex/latex/auxhook/auxhook.sty)
(/usr/share/texlive/texmf-dist/tex/latex/hyperref/nameref.sty
(/usr/share/texlive/texmf-dist/tex/latex/refcount/refcount.sty)
(/usr/share/texlive/texmf-dist/tex/generic/gettitlestring/gettitlestring.sty
(/usr/share/texlive/texmf-dist/tex/latex/kvoptions/kvoptions.sty)))
(/usr/share/texlive/texmf-dist/tex/latex/hyperref/pd1enc.def)
(/usr/share/texlive/texmf-dist/tex/generic/intcalc/intcalc.sty)
(/usr/share/texlive/texmf-dist/tex/latex/hyperref/puenc.def)
(/usr/share/texlive/texmf-dist/tex/generic/bitset/bitset.sty
(/usr/share/texlive/texmf-dist/tex/generic/bigintcalc/bigintcalc.sty))
(/usr/share/texlive/texmf-dist/tex/latex/base/atbegshi-ltx.sty))
(/usr/share/texlive/texmf-dist/tex/latex/hyperref/hpdftex.def
(/usr/share/texlive/texmf-dist/tex/latex/base/atveryend-ltx.sty)
(/usr/share/texlive/texmf-dist/tex/latex/rerunfilecheck/rerunfilecheck.sty
(/usr/share/texlive/texmf-dist/tex/generic/uniquecounter/uniquecounter.sty))))

Package xr Warning: 
No file build/supp.aux
LABELS NOT IMPORTED.
 on input line 3.

(/usr/share/texlive/texmf-dist/tex/latex/psnfss/t1pcr.fd)
(/usr/share/texlive/texmf-dist/tex/latex/hyperref/backref.sty)
(/usr/share/texlive/texmf-dist/tex/latex/psnfss/t1ppl.fd)
(/usr/share/texlive/texmf-dist/tex/latex/l3backend/l3backend-pdftex.def)

LaTeX Warning: Unused global option(s):
    [nameyear].

No file ECTA.aux.
(/usr/share/texlive/texmf-dist/tex/context/base/mkii/supp-pdf.mkii
[Loading MPS to PDF converter (version 2006.09.02).]
) (/usr/share/texlive/texmf-dist/tex/latex/epstopdf-pkg/epstopdf-base.sty
(/usr/share/texlive/texmf-dist/tex/latex/latexconfig/epstopdf-sys.cfg))
(/usr/share/texlive/texmf-dist/tex/latex/microtype/mt-ppl.cfg)
(/usr/share/texlive/texmf-dist/tex/latex/graphics/color.sty
(/usr/share/texlive/texmf-dist/tex/latex/graphics-cfg/color.cfg)
(/usr/share/texlive/texmf-dist/tex/latex/graphics/mathcolor.ltx))
Underfull \vbox (badness 3769) has occurred while \output is active [1
Non-PDF special ignored!
<special> papersize=614.295pt,794.96999pt
{/var/lib/texmf/fonts/map/pdftex/updmap/pdftex.map}{/usr/share/texlive/texmf-di
st/fonts/enc/dvips/base/8r.enc}]
Underfull \vbox (badness 10000) has occurred while \output is active

LaTeX Font Warning: Font shape `T1/ppl/m/uc' undefined
(Font)              using `T1/ppl/m/n' instead on input line 32.


LaTeX Font Warning: Font shape `T1/ppl/m/up' undefined
(Font)              using `T1/ppl/m/n' instead on input line 32.

[2]

Package hyperref Warning: Difference (3) between bookmark levels is greater 
(hyperref)                than one, level fixed on input line 38.


Package natbib Warning: Citation `mcshane1934' on page 3 undefined on input lin
e 38.


Package natbib Warning: Citation `felzenszwalb2012' on page 3 undefined on inpu
t line 38.


Package natbib Warning: Citation `munos2003' on page 3 undefined on input line 
38.


Package natbib Warning: Citation `pirotta2013' on page 3 undefined on input lin
e 38.


Package natbib Warning: Citation `scherrer2015' on page 3 undefined on input li
ne 38.


Package natbib Warning: Citation `yang2020convex' on page 3 undefined on input 
line 38.


Package natbib Warning: Citation `sakaue2023warm' on page 3 undefined on input 
line 38.


Package natbib Warning: Citation `sambharya2023' on page 3 undefined on input l
ine 38.


Package natbib Warning: Citation `agrawal2020control' on page 3 undefined on in
put line 38.


Package hyperref Warning: Difference (2) between bookmark levels is greater 
(hyperref)                than one, level fixed on input line 41.


LaTeX Warning: Reference `sec:core49' on page 3 undefined on input line 41.


LaTeX Warning: Reference `sec:accuracy62' on page 3 undefined on input line 41.



LaTeX Warning: Reference `sec:query63' on page 3 undefined on input line 41.


LaTeX Warning: Reference `sec:localization65' on page 3 undefined on input line
 41.


LaTeX Warning: Reference `sec:operational67' on page 3 undefined on input line 
41.


LaTeX Warning: Reference `sec:vector67' on page 3 undefined on input line 41.


LaTeX Warning: Reference `sec:decisions49' on page 3 undefined on input line 41
.


LaTeX Warning: Reference `sec:study67' on page 3 undefined on input line 41.

[3] (./sections/core49.tex
(/usr/share/texlive/texmf-dist/tex/latex/psnfss/ot1ppl.fd)
(/usr/share/texlive/texmf-dist/tex/latex/psnfss/omlzplm.fd)
(/usr/share/texlive/texmf-dist/tex/latex/psnfss/omszplm.fd)
(/usr/share/texlive/texmf-dist/tex/latex/psnfss/omxzplm.fd)
(/usr/share/texlive/texmf-dist/tex/latex/microtype/mt-msa.cfg)
(/usr/share/texlive/texmf-dist/tex/latex/microtype/mt-msb.cfg)
(/usr/share/texlive/texmf-dist/tex/latex/microtype/mt-cmr.cfg)
(/usr/share/texlive/texmf-dist/tex/latex/psnfss/ot1zplm.fd)
(/usr/share/texlive/texmf-dist/tex/latex/psnfss/ufplmbb.fd)

LaTeX Warning: Reference `sec:decisions49' on page 4 undefined on input line 9.



LaTeX Warning: Reference `eq:operator49' on page 4 undefined on input line 11.

[4]

LaTeX Warning: Reference `supp:proof-core49-1' on page 5 undefined on input lin
e 35.


LaTeX Warning: Reference `eq:sandwich49' on page 5 undefined on input line 38.

[5]

LaTeX Warning: Reference `eq:cone49' on page 6 undefined on input line 60.

[6]

LaTeX Warning: Reference `supp:proof-core49-2' on page 7 undefined on input lin
e 73.


Package natbib Warning: Citation `mcshane1934' on page 7 undefined on input lin
e 76.


LaTeX Warning: Reference `thm:construct49' on page 7 undefined on input line 76
.


LaTeX Warning: Reference `supp:proof-core49-3' on page 7 undefined on input lin
e 94.


Package natbib Warning: Citation `felzenszwalb2012' on page 7 undefined on inpu
t line 97.

[7]

LaTeX Warning: Reference `eq:fvisensor49' on page 8 undefined on input line 110
.

) (./sections/accuracy62-print.tex [8]

Package hyperref Warning: Difference (3) between bookmark levels is greater 
(hyperref)                than one, level fixed on input line 5.

[9] [10]

LaTeX Warning: Reference `supp:proof-accuracy62-print-1' on page 11 undefined o
n input line 56.


LaTeX Warning: Reference `eq:interpolation62' on page 11 undefined on input lin
e 62.

[11]

LaTeX Warning: Reference `eq:interpolation62' on page 12 undefined on input lin
e 90.


LaTeX Warning: Reference `eq:action-cover62' on page 12 undefined on input line
 90.

[12]

LaTeX Warning: Reference `supp:proof-accuracy62-print-2' on page 13 undefined o
n input line 112.

[13]) (./sections/query63.tex

LaTeX Warning: Reference `sec:accuracy62' on page 14 undefined on input line 7.



LaTeX Warning: Reference `thm:regularity62' on page 14 undefined on input line 
7.


Underfull \vbox (badness 10000) has occurred while \output is active [14]

LaTeX Warning: Reference `supp:proof-query63-1' on page 15 undefined on input l
ine 26.

[15]

LaTeX Warning: Reference `eq:querywidth63' on page 16 undefined on input line 3
8.

[16]

LaTeX Warning: Reference `supp:proof-query63-2' on page 17 undefined on input l
ine 61.


Underfull \vbox (badness 10000) has occurred while \output is active [17]

LaTeX Warning: Reference `eq:cubic63' on page 18 undefined on input line 83.

[18]

Package natbib Warning: Citation `sakaue2023warm' on page 19 undefined on input
 line 94.


Package natbib Warning: Citation `agrawal2020control' on page 19 undefined on i
nput line 94.

) (./sections/gated64.tex

LaTeX Warning: Reference `lem:parabolic63' on page 19 undefined on input line 4
.

[19]

LaTeX Warning: Reference `thm:query63' on page 20 undefined on input line 7.


LaTeX Warning: Reference `supp:proof-gated64-1' on page 20 undefined on input l
ine 13.


Underfull \vbox (badness 3250) has occurred while \output is active [20]
Underfull \vbox (badness 10000) has occurred while \output is active [21])
(./sections/localization65.tex [22]

LaTeX Warning: Reference `supp:proof-localization65-1' on page 23 undefined on 
input line 18.

[23]) (./sections/operational67.tex

LaTeX Warning: Reference `prop:localization65' on page 24 undefined on input li
ne 2.


Underfull \vbox (badness 10000) has occurred while \output is active [24]

LaTeX Warning: Reference `thm:gated64' on page 25 undefined on input line 17.


LaTeX Warning: Reference `thm:query63' on page 25 undefined on input line 17.


LaTeX Warning: Reference `eq:screen-stop67' on page 25 undefined on input line 
19.


LaTeX Warning: Reference `eq:screen67' on page 25 undefined on input line 22.


LaTeX Warning: Reference `eq:screen-stop67' on page 25 undefined on input line 
22.

[25] [26]

LaTeX Warning: Reference `eq:work-bound67' on page 27 undefined on input line 5
4.


Package natbib Warning: Citation `hoeffding1963' on page 27 undefined on input 
line 54.


LaTeX Warning: Reference `eq:work-validation67' on page 27 undefined on input l
ine 54.


LaTeX Warning: Reference `eq:work-validation67' on page 27 undefined on input l
ine 57.


LaTeX Warning: Reference `eq:work-bound67' on page 27 undefined on input line 5
7.


LaTeX Warning: Reference `eq:work-loss67' on page 27 undefined on input line 57
.

[27]

LaTeX Warning: Reference `eq:dual-gap67' on page 28 undefined on input line 85.



LaTeX Warning: Reference `eq:readout-loss67' on page 28 undefined on input line
 88.


Package natbib Warning: Citation `sakaue2023warm' on page 28 undefined on input
 line 88.


Package natbib Warning: Citation `sambharya2023' on page 28 undefined on input 
line 88.

) (./sections/vector67.tex [28]

LaTeX Warning: Reference `sec:accuracy62' on page 29 undefined on input line 2.



LaTeX Warning: Reference `eq:triangle67' on page 29 undefined on input line 17.



LaTeX Warning: Reference `thm:query63' on page 29 undefined on input line 17.

[29]

LaTeX Warning: Reference `eq:triangle67' on page 30 undefined on input line 30.



LaTeX Warning: Reference `eq:dual-triangle67' on page 30 undefined on input lin
e 30.


LaTeX Warning: Reference `eq:two-shock67' on page 30 undefined on input line 32
.


LaTeX Warning: Reference `eq:vector-work67' on page 30 undefined on input line 
32.

[30]) (./sections/decisions49.tex [31]

LaTeX Warning: Reference `supp:proof-decisions49-1' on page 32 undefined on inp
ut line 23.

[32]

LaTeX Warning: Reference `supp:proof-decisions49-2' on page 33 undefined on inp
ut line 38.

[33]

LaTeX Warning: Reference `supp:proof-decisions49-3' on page 34 undefined on inp
ut line 61.


LaTeX Warning: Reference `eq:netregret49' on page 34 undefined on input line 64
.


LaTeX Warning: Reference `eq:fvisensor49' on page 34 undefined on input line 70
.

) (./sections/study67.tex [34]

LaTeX Warning: Reference `supp:accounting67' on page 35 undefined on input line
 9.

(./tables/comparison67.tex
Underfull \vbox (badness 3930) has occurred while \output is active [35])
[36]

LaTeX Warning: Reference `thm:work-loss67' on page 37 undefined on input line 2
0.

(./tables/reuse67.tex) (./tables/cost67.tex
Underfull \vbox (badness 2932) has occurred while \output is active [37])

LaTeX Warning: Reference `tab:differences67' on page 38 undefined on input line
 34.


Underfull \vbox (badness 2073) has occurred while \output is active [38]
(./tables/vector67.tex) [39]) [40]
No file ECTA.bbl.

Package natbib Warning: There were undefined citations.

[41] (build/ECTA.aux)

LaTeX Font Warning: Some font shapes were not available, defaults substituted.


LaTeX Warning: There were undefined references.


LaTeX Warning: Label(s) may have changed. Rerun to get cross-references right.


Package rerunfilecheck Warning: File `ECTA.out' has changed.
(rerunfilecheck)                Rerun to get outlines right
(rerunfilecheck)                or use package `bookmark'.

 )
(see the transcript file for additional information)</usr/share/texlive/texmf-d
ist/fonts/type1/public/amsfonts/cm/cmex10.pfb></usr/share/texlive/texmf-dist/fo
nts/type1/public/amsfonts/cm/cmmi10.pfb></usr/share/texlive/texmf-dist/fonts/ty
pe1/public/amsfonts/cm/cmr10.pfb></usr/share/texlive/texmf-dist/fonts/type1/pub
lic/amsfonts/cm/cmsy10.pfb></usr/share/texlive/texmf-dist/fonts/type1/public/ma
thpazo/fplmbb.pfb></usr/share/texlive/texmf-dist/fonts/type1/public/mathpazo/fp
lmr.pfb></usr/share/texlive/texmf-dist/fonts/type1/public/mathpazo/fplmri.pfb><
/usr/share/texlive/texmf-dist/fonts/type1/urw/courier/ucrr8a.pfb></usr/share/te
xlive/texmf-dist/fonts/type1/urw/palatino/uplb8a.pfb></usr/share/texlive/texmf-
dist/fonts/type1/urw/palatino/uplr8a.pfb></usr/share/texlive/texmf-dist/fonts/t
ype1/urw/palatino/uplri8a.pfb>
Output written on build/ECTA.pdf (41 pages, 251380 bytes).
Transcript written on build/ECTA.log.
